=== RUN   TestHeaderVerification
--- PASS: TestHeaderVerification (0.42s)
=== RUN   TestHeaderConcurrentVerification2
--- PASS: TestHeaderConcurrentVerification2 (0.05s)
=== RUN   TestHeaderConcurrentVerification8
--- PASS: TestHeaderConcurrentVerification8 (0.05s)
=== RUN   TestHeaderConcurrentVerification32
--- PASS: TestHeaderConcurrentVerification32 (0.06s)
=== RUN   TestHeaderConcurrentAbortion2
--- PASS: TestHeaderConcurrentAbortion2 (0.17s)
=== RUN   TestHeaderConcurrentAbortion8
--- PASS: TestHeaderConcurrentAbortion8 (0.17s)
=== RUN   TestHeaderConcurrentAbortion32
--- PASS: TestHeaderConcurrentAbortion32 (0.18s)
=== RUN   TestCalcGasLimit
--- PASS: TestCalcGasLimit (0.00s)
=== RUN   TestShortRepair
--- PASS: TestShortRepair (0.05s)
=== RUN   TestShortRepairWithSnapshots
--- PASS: TestShortRepairWithSnapshots (0.04s)
=== RUN   TestShortSnapSyncedRepair
--- PASS: TestShortSnapSyncedRepair (0.04s)
=== RUN   TestShortSnapSyncedRepairWithSnapshots
--- PASS: TestShortSnapSyncedRepairWithSnapshots (0.05s)
=== RUN   TestShortSnapSyncingRepair
--- PASS: TestShortSnapSyncingRepair (0.04s)
=== RUN   TestShortSnapSyncingRepairWithSnapshots
--- PASS: TestShortSnapSyncingRepairWithSnapshots (0.04s)
=== RUN   TestShortOldForkedRepair
--- PASS: TestShortOldForkedRepair (0.04s)
=== RUN   TestShortOldForkedRepairWithSnapshots
--- PASS: TestShortOldForkedRepairWithSnapshots (0.04s)
=== RUN   TestShortOldForkedSnapSyncedRepair
--- PASS: TestShortOldForkedSnapSyncedRepair (0.04s)
=== RUN   TestShortOldForkedSnapSyncedRepairWithSnapshots
--- PASS: TestShortOldForkedSnapSyncedRepairWithSnapshots (0.04s)
=== RUN   TestShortOldForkedSnapSyncingRepair
--- PASS: TestShortOldForkedSnapSyncingRepair (0.04s)
=== RUN   TestShortOldForkedSnapSyncingRepairWithSnapshots
--- PASS: TestShortOldForkedSnapSyncingRepairWithSnapshots (0.04s)
=== RUN   TestShortNewlyForkedRepair
--- PASS: TestShortNewlyForkedRepair (0.04s)
=== RUN   TestShortNewlyForkedRepairWithSnapshots
--- PASS: TestShortNewlyForkedRepairWithSnapshots (0.04s)
=== RUN   TestShortNewlyForkedSnapSyncedRepair
--- PASS: TestShortNewlyForkedSnapSyncedRepair (0.04s)
=== RUN   TestShortNewlyForkedSnapSyncedRepairWithSnapshots
--- PASS: TestShortNewlyForkedSnapSyncedRepairWithSnapshots (0.04s)
=== RUN   TestShortNewlyForkedSnapSyncingRepair
--- PASS: TestShortNewlyForkedSnapSyncingRepair (0.04s)
=== RUN   TestShortNewlyForkedSnapSyncingRepairWithSnapshots
--- PASS: TestShortNewlyForkedSnapSyncingRepairWithSnapshots (0.04s)
=== RUN   TestShortReorgedRepair
--- PASS: TestShortReorgedRepair (0.04s)
=== RUN   TestShortReorgedRepairWithSnapshots
--- PASS: TestShortReorgedRepairWithSnapshots (0.04s)
=== RUN   TestShortReorgedSnapSyncedRepair
--- PASS: TestShortReorgedSnapSyncedRepair (0.04s)
=== RUN   TestShortReorgedSnapSyncedRepairWithSnapshots
--- PASS: TestShortReorgedSnapSyncedRepairWithSnapshots (0.04s)
=== RUN   TestShortReorgedSnapSyncingRepair
--- PASS: TestShortReorgedSnapSyncingRepair (0.04s)
=== RUN   TestShortReorgedSnapSyncingRepairWithSnapshots
--- PASS: TestShortReorgedSnapSyncingRepairWithSnapshots (0.05s)
=== RUN   TestLongShallowRepair
--- PASS: TestLongShallowRepair (0.05s)
=== RUN   TestLongShallowRepairWithSnapshots
--- PASS: TestLongShallowRepairWithSnapshots (0.05s)
=== RUN   TestLongDeepRepair
--- PASS: TestLongDeepRepair (0.06s)
=== RUN   TestLongDeepRepairWithSnapshots
--- PASS: TestLongDeepRepairWithSnapshots (0.06s)
=== RUN   TestLongSnapSyncedShallowRepair
--- PASS: TestLongSnapSyncedShallowRepair (0.06s)
=== RUN   TestLongSnapSyncedShallowRepairWithSnapshots
--- PASS: TestLongSnapSyncedShallowRepairWithSnapshots (0.06s)
=== RUN   TestLongSnapSyncedDeepRepair
--- PASS: TestLongSnapSyncedDeepRepair (0.06s)
=== RUN   TestLongSnapSyncedDeepRepairWithSnapshots
--- PASS: TestLongSnapSyncedDeepRepairWithSnapshots (0.06s)
=== RUN   TestLongSnapSyncingShallowRepair
--- PASS: TestLongSnapSyncingShallowRepair (0.05s)
=== RUN   TestLongSnapSyncingShallowRepairWithSnapshots
--- PASS: TestLongSnapSyncingShallowRepairWithSnapshots (0.06s)
=== RUN   TestLongSnapSyncingDeepRepair
--- PASS: TestLongSnapSyncingDeepRepair (0.05s)
=== RUN   TestLongSnapSyncingDeepRepairWithSnapshots
--- PASS: TestLongSnapSyncingDeepRepairWithSnapshots (0.05s)
=== RUN   TestLongOldForkedShallowRepair
--- PASS: TestLongOldForkedShallowRepair (0.05s)
=== RUN   TestLongOldForkedShallowRepairWithSnapshots
--- PASS: TestLongOldForkedShallowRepairWithSnapshots (0.05s)
=== RUN   TestLongOldForkedDeepRepair
--- PASS: TestLongOldForkedDeepRepair (0.06s)
=== RUN   TestLongOldForkedDeepRepairWithSnapshots
--- PASS: TestLongOldForkedDeepRepairWithSnapshots (0.06s)
=== RUN   TestLongOldForkedSnapSyncedShallowRepair
--- PASS: TestLongOldForkedSnapSyncedShallowRepair (0.05s)
=== RUN   TestLongOldForkedSnapSyncedShallowRepairWithSnapshots
--- PASS: TestLongOldForkedSnapSyncedShallowRepairWithSnapshots (0.06s)
=== RUN   TestLongOldForkedSnapSyncedDeepRepair
--- PASS: TestLongOldForkedSnapSyncedDeepRepair (0.05s)
=== RUN   TestLongOldForkedSnapSyncedDeepRepairWithSnapshots
--- PASS: TestLongOldForkedSnapSyncedDeepRepairWithSnapshots (0.06s)
=== RUN   TestLongOldForkedSnapSyncingShallowRepair
--- PASS: TestLongOldForkedSnapSyncingShallowRepair (0.06s)
=== RUN   TestLongOldForkedSnapSyncingShallowRepairWithSnapshots
--- PASS: TestLongOldForkedSnapSyncingShallowRepairWithSnapshots (0.05s)
=== RUN   TestLongOldForkedSnapSyncingDeepRepair
--- PASS: TestLongOldForkedSnapSyncingDeepRepair (0.06s)
=== RUN   TestLongOldForkedSnapSyncingDeepRepairWithSnapshots
--- PASS: TestLongOldForkedSnapSyncingDeepRepairWithSnapshots (0.06s)
=== RUN   TestLongNewerForkedShallowRepair
--- PASS: TestLongNewerForkedShallowRepair (0.05s)
=== RUN   TestLongNewerForkedShallowRepairWithSnapshots
--- PASS: TestLongNewerForkedShallowRepairWithSnapshots (0.06s)
=== RUN   TestLongNewerForkedDeepRepair
--- PASS: TestLongNewerForkedDeepRepair (0.06s)
=== RUN   TestLongNewerForkedDeepRepairWithSnapshots
--- PASS: TestLongNewerForkedDeepRepairWithSnapshots (0.06s)
=== RUN   TestLongNewerForkedSnapSyncedShallowRepair
--- PASS: TestLongNewerForkedSnapSyncedShallowRepair (0.06s)
=== RUN   TestLongNewerForkedSnapSyncedShallowRepairWithSnapshots
--- PASS: TestLongNewerForkedSnapSyncedShallowRepairWithSnapshots (0.06s)
=== RUN   TestLongNewerForkedSnapSyncedDeepRepair
--- PASS: TestLongNewerForkedSnapSyncedDeepRepair (0.06s)
=== RUN   TestLongNewerForkedSnapSyncedDeepRepairWithSnapshots
--- PASS: TestLongNewerForkedSnapSyncedDeepRepairWithSnapshots (0.06s)
=== RUN   TestLongNewerForkedSnapSyncingShallowRepair
--- PASS: TestLongNewerForkedSnapSyncingShallowRepair (0.06s)
=== RUN   TestLongNewerForkedSnapSyncingShallowRepairWithSnapshots
--- PASS: TestLongNewerForkedSnapSyncingShallowRepairWithSnapshots (0.06s)
=== RUN   TestLongNewerForkedSnapSyncingDeepRepair
--- PASS: TestLongNewerForkedSnapSyncingDeepRepair (0.06s)
=== RUN   TestLongNewerForkedSnapSyncingDeepRepairWithSnapshots
--- PASS: TestLongNewerForkedSnapSyncingDeepRepairWithSnapshots (0.06s)
=== RUN   TestLongReorgedShallowRepair
--- PASS: TestLongReorgedShallowRepair (0.06s)
=== RUN   TestLongReorgedShallowRepairWithSnapshots
--- PASS: TestLongReorgedShallowRepairWithSnapshots (0.06s)
=== RUN   TestLongReorgedDeepRepair
--- PASS: TestLongReorgedDeepRepair (0.06s)
=== RUN   TestLongReorgedDeepRepairWithSnapshots
--- PASS: TestLongReorgedDeepRepairWithSnapshots (0.07s)
=== RUN   TestLongReorgedSnapSyncedShallowRepair
--- PASS: TestLongReorgedSnapSyncedShallowRepair (0.06s)
=== RUN   TestLongReorgedSnapSyncedShallowRepairWithSnapshots
--- PASS: TestLongReorgedSnapSyncedShallowRepairWithSnapshots (0.06s)
=== RUN   TestLongReorgedSnapSyncedDeepRepair
--- PASS: TestLongReorgedSnapSyncedDeepRepair (0.06s)
=== RUN   TestLongReorgedSnapSyncedDeepRepairWithSnapshots
--- PASS: TestLongReorgedSnapSyncedDeepRepairWithSnapshots (0.06s)
=== RUN   TestLongReorgedSnapSyncingShallowRepair
--- PASS: TestLongReorgedSnapSyncingShallowRepair (0.06s)
=== RUN   TestLongReorgedSnapSyncingShallowRepairWithSnapshots
--- PASS: TestLongReorgedSnapSyncingShallowRepairWithSnapshots (0.06s)
=== RUN   TestLongReorgedSnapSyncingDeepRepair
--- PASS: TestLongReorgedSnapSyncingDeepRepair (0.07s)
=== RUN   TestLongReorgedSnapSyncingDeepRepairWithSnapshots
--- PASS: TestLongReorgedSnapSyncingDeepRepairWithSnapshots (0.06s)
=== RUN   TestIssue23496
--- PASS: TestIssue23496 (0.04s)
=== RUN   TestShortSetHead
--- PASS: TestShortSetHead (0.02s)
=== RUN   TestShortSetHeadWithSnapshots
--- PASS: TestShortSetHeadWithSnapshots (0.02s)
=== RUN   TestShortSnapSyncedSetHead
--- PASS: TestShortSnapSyncedSetHead (0.02s)
=== RUN   TestShortSnapSyncedSetHeadWithSnapshots
--- PASS: TestShortSnapSyncedSetHeadWithSnapshots (0.02s)
=== RUN   TestShortSnapSyncingSetHead
--- PASS: TestShortSnapSyncingSetHead (0.02s)
=== RUN   TestShortSnapSyncingSetHeadWithSnapshots
--- PASS: TestShortSnapSyncingSetHeadWithSnapshots (0.02s)
=== RUN   TestShortOldForkedSetHead
--- PASS: TestShortOldForkedSetHead (0.02s)
=== RUN   TestShortOldForkedSetHeadWithSnapshots
--- PASS: TestShortOldForkedSetHeadWithSnapshots (0.02s)
=== RUN   TestShortOldForkedSnapSyncedSetHead
--- PASS: TestShortOldForkedSnapSyncedSetHead (0.02s)
=== RUN   TestShortOldForkedSnapSyncedSetHeadWithSnapshots
--- PASS: TestShortOldForkedSnapSyncedSetHeadWithSnapshots (0.02s)
=== RUN   TestShortOldForkedSnapSyncingSetHead
--- PASS: TestShortOldForkedSnapSyncingSetHead (0.02s)
=== RUN   TestShortOldForkedSnapSyncingSetHeadWithSnapshots
--- PASS: TestShortOldForkedSnapSyncingSetHeadWithSnapshots (0.02s)
=== RUN   TestShortNewlyForkedSetHead
--- PASS: TestShortNewlyForkedSetHead (0.02s)
=== RUN   TestShortNewlyForkedSetHeadWithSnapshots
--- PASS: TestShortNewlyForkedSetHeadWithSnapshots (0.02s)
=== RUN   TestShortNewlyForkedSnapSyncedSetHead
--- PASS: TestShortNewlyForkedSnapSyncedSetHead (0.02s)
=== RUN   TestShortNewlyForkedSnapSyncedSetHeadWithSnapshots
--- PASS: TestShortNewlyForkedSnapSyncedSetHeadWithSnapshots (0.02s)
=== RUN   TestShortNewlyForkedSnapSyncingSetHead
--- PASS: TestShortNewlyForkedSnapSyncingSetHead (0.02s)
=== RUN   TestShortNewlyForkedSnapSyncingSetHeadWithSnapshots
--- PASS: TestShortNewlyForkedSnapSyncingSetHeadWithSnapshots (0.02s)
=== RUN   TestShortReorgedSetHead
--- PASS: TestShortReorgedSetHead (0.02s)
=== RUN   TestShortReorgedSetHeadWithSnapshots
--- PASS: TestShortReorgedSetHeadWithSnapshots (0.02s)
=== RUN   TestShortReorgedSnapSyncedSetHead
--- PASS: TestShortReorgedSnapSyncedSetHead (0.02s)
=== RUN   TestShortReorgedSnapSyncedSetHeadWithSnapshots
--- PASS: TestShortReorgedSnapSyncedSetHeadWithSnapshots (0.02s)
=== RUN   TestShortReorgedSnapSyncingSetHead
--- PASS: TestShortReorgedSnapSyncingSetHead (0.02s)
=== RUN   TestShortReorgedSnapSyncingSetHeadWithSnapshots
--- PASS: TestShortReorgedSnapSyncingSetHeadWithSnapshots (0.02s)
=== RUN   TestLongShallowSetHead
--- PASS: TestLongShallowSetHead (0.03s)
=== RUN   TestLongShallowSetHeadWithSnapshots
--- PASS: TestLongShallowSetHeadWithSnapshots (0.03s)
=== RUN   TestLongDeepSetHead
--- PASS: TestLongDeepSetHead (0.03s)
=== RUN   TestLongDeepSetHeadWithSnapshots
--- PASS: TestLongDeepSetHeadWithSnapshots (0.04s)
=== RUN   TestLongSnapSyncedShallowSetHead
--- PASS: TestLongSnapSyncedShallowSetHead (0.03s)
=== RUN   TestLongSnapSyncedShallowSetHeadWithSnapshots
--- PASS: TestLongSnapSyncedShallowSetHeadWithSnapshots (0.04s)
=== RUN   TestLongSnapSyncedDeepSetHead
--- PASS: TestLongSnapSyncedDeepSetHead (0.03s)
=== RUN   TestLongSnapSyncedDeepSetHeadWithSnapshots
--- PASS: TestLongSnapSyncedDeepSetHeadWithSnapshots (0.04s)
=== RUN   TestLongSnapSyncingShallowSetHead
--- PASS: TestLongSnapSyncingShallowSetHead (0.03s)
=== RUN   TestLongSnapSyncingShallowSetHeadWithSnapshots
--- PASS: TestLongSnapSyncingShallowSetHeadWithSnapshots (0.03s)
=== RUN   TestLongSnapSyncingDeepSetHead
--- PASS: TestLongSnapSyncingDeepSetHead (0.04s)
=== RUN   TestLongSnapSyncingDeepSetHeadWithSnapshots
--- PASS: TestLongSnapSyncingDeepSetHeadWithSnapshots (0.04s)
=== RUN   TestLongOldForkedShallowSetHead
--- PASS: TestLongOldForkedShallowSetHead (0.04s)
=== RUN   TestLongOldForkedShallowSetHeadWithSnapshots
--- PASS: TestLongOldForkedShallowSetHeadWithSnapshots (0.03s)
=== RUN   TestLongOldForkedDeepSetHead
--- PASS: TestLongOldForkedDeepSetHead (0.04s)
=== RUN   TestLongOldForkedDeepSetHeadWithSnapshots
--- PASS: TestLongOldForkedDeepSetHeadWithSnapshots (0.04s)
=== RUN   TestLongOldForkedSnapSyncedShallowSetHead
--- PASS: TestLongOldForkedSnapSyncedShallowSetHead (0.04s)
=== RUN   TestLongOldForkedSnapSyncedShallowSetHeadWithSnapshots
--- PASS: TestLongOldForkedSnapSyncedShallowSetHeadWithSnapshots (0.03s)
=== RUN   TestLongOldForkedSnapSyncedDeepSetHead
--- PASS: TestLongOldForkedSnapSyncedDeepSetHead (0.04s)
=== RUN   TestLongOldForkedSnapSyncedDeepSetHeadWithSnapshots
--- PASS: TestLongOldForkedSnapSyncedDeepSetHeadWithSnapshots (0.04s)
=== RUN   TestLongOldForkedSnapSyncingShallowSetHead
--- PASS: TestLongOldForkedSnapSyncingShallowSetHead (0.04s)
=== RUN   TestLongOldForkedSnapSyncingShallowSetHeadWithSnapshots
--- PASS: TestLongOldForkedSnapSyncingShallowSetHeadWithSnapshots (0.04s)
=== RUN   TestLongOldForkedSnapSyncingDeepSetHead
--- PASS: TestLongOldForkedSnapSyncingDeepSetHead (0.04s)
=== RUN   TestLongOldForkedSnapSyncingDeepSetHeadWithSnapshots
--- PASS: TestLongOldForkedSnapSyncingDeepSetHeadWithSnapshots (0.04s)
=== RUN   TestLongNewerForkedShallowSetHead
--- PASS: TestLongNewerForkedShallowSetHead (0.04s)
=== RUN   TestLongNewerForkedShallowSetHeadWithSnapshots
--- PASS: TestLongNewerForkedShallowSetHeadWithSnapshots (0.04s)
=== RUN   TestLongNewerForkedDeepSetHead
--- PASS: TestLongNewerForkedDeepSetHead (0.04s)
=== RUN   TestLongNewerForkedDeepSetHeadWithSnapshots
--- PASS: TestLongNewerForkedDeepSetHeadWithSnapshots (0.04s)
=== RUN   TestLongNewerForkedSnapSyncedShallowSetHead
--- PASS: TestLongNewerForkedSnapSyncedShallowSetHead (0.04s)
=== RUN   TestLongNewerForkedSnapSyncedShallowSetHeadWithSnapshots
--- PASS: TestLongNewerForkedSnapSyncedShallowSetHeadWithSnapshots (0.04s)
=== RUN   TestLongNewerForkedSnapSyncedDeepSetHead
--- PASS: TestLongNewerForkedSnapSyncedDeepSetHead (0.04s)
=== RUN   TestLongNewerForkedSnapSyncedDeepSetHeadWithSnapshots
--- PASS: TestLongNewerForkedSnapSyncedDeepSetHeadWithSnapshots (0.05s)
=== RUN   TestLongNewerForkedSnapSyncingShallowSetHead
--- PASS: TestLongNewerForkedSnapSyncingShallowSetHead (0.04s)
=== RUN   TestLongNewerForkedSnapSyncingShallowSetHeadWithSnapshots
--- PASS: TestLongNewerForkedSnapSyncingShallowSetHeadWithSnapshots (0.04s)
=== RUN   TestLongNewerForkedSnapSyncingDeepSetHead
--- PASS: TestLongNewerForkedSnapSyncingDeepSetHead (0.04s)
=== RUN   TestLongNewerForkedSnapSyncingDeepSetHeadWithSnapshots
--- PASS: TestLongNewerForkedSnapSyncingDeepSetHeadWithSnapshots (0.04s)
=== RUN   TestLongReorgedShallowSetHead
--- PASS: TestLongReorgedShallowSetHead (0.04s)
=== RUN   TestLongReorgedShallowSetHeadWithSnapshots
--- PASS: TestLongReorgedShallowSetHeadWithSnapshots (0.04s)
=== RUN   TestLongReorgedDeepSetHead
--- PASS: TestLongReorgedDeepSetHead (0.04s)
=== RUN   TestLongReorgedDeepSetHeadWithSnapshots
--- PASS: TestLongReorgedDeepSetHeadWithSnapshots (0.04s)
=== RUN   TestLongReorgedSnapSyncedShallowSetHead
--- PASS: TestLongReorgedSnapSyncedShallowSetHead (0.04s)
=== RUN   TestLongReorgedSnapSyncedShallowSetHeadWithSnapshots
--- PASS: TestLongReorgedSnapSyncedShallowSetHeadWithSnapshots (0.04s)
=== RUN   TestLongReorgedSnapSyncedDeepSetHead
--- PASS: TestLongReorgedSnapSyncedDeepSetHead (0.04s)
=== RUN   TestLongReorgedSnapSyncedDeepSetHeadWithSnapshots
--- PASS: TestLongReorgedSnapSyncedDeepSetHeadWithSnapshots (0.04s)
=== RUN   TestLongReorgedSnapSyncingShallowSetHead
--- PASS: TestLongReorgedSnapSyncingShallowSetHead (0.04s)
=== RUN   TestLongReorgedSnapSyncingShallowSetHeadWithSnapshots
--- PASS: TestLongReorgedSnapSyncingShallowSetHeadWithSnapshots (0.04s)
=== RUN   TestLongReorgedSnapSyncingDeepSetHead
--- PASS: TestLongReorgedSnapSyncingDeepSetHead (0.04s)
=== RUN   TestLongReorgedSnapSyncingDeepSetHeadWithSnapshots
--- PASS: TestLongReorgedSnapSyncingDeepSetHeadWithSnapshots (0.04s)
=== RUN   TestRestartWithNewSnapshot
--- PASS: TestRestartWithNewSnapshot (0.02s)
=== RUN   TestNoCommitCrashWithNewSnapshot
--- PASS: TestNoCommitCrashWithNewSnapshot (0.04s)
=== RUN   TestLowCommitCrashWithNewSnapshot
--- PASS: TestLowCommitCrashWithNewSnapshot (0.04s)
=== RUN   TestHighCommitCrashWithNewSnapshot
--- PASS: TestHighCommitCrashWithNewSnapshot (0.04s)
=== RUN   TestGappedNewSnapshot
--- PASS: TestGappedNewSnapshot (0.02s)
=== RUN   TestSetHeadWithNewSnapshot
--- PASS: TestSetHeadWithNewSnapshot (0.02s)
=== RUN   TestRecoverSnapshotFromWipingCrash
--- PASS: TestRecoverSnapshotFromWipingCrash (0.02s)
=== RUN   TestLastBlock
--- PASS: TestLastBlock (0.00s)
=== RUN   TestExtendCanonicalHeaders
--- PASS: TestExtendCanonicalHeaders (0.01s)
=== RUN   TestExtendCanonicalBlocks
--- PASS: TestExtendCanonicalBlocks (0.02s)
=== RUN   TestShorterForkHeaders
--- PASS: TestShorterForkHeaders (0.01s)
=== RUN   TestShorterForkBlocks
--- PASS: TestShorterForkBlocks (0.02s)
=== RUN   TestLongerForkHeaders
--- PASS: TestLongerForkHeaders (0.01s)
=== RUN   TestLongerForkBlocks
--- PASS: TestLongerForkBlocks (0.02s)
=== RUN   TestEqualForkHeaders
--- PASS: TestEqualForkHeaders (0.01s)
=== RUN   TestEqualForkBlocks
--- PASS: TestEqualForkBlocks (0.02s)
=== RUN   TestBrokenHeaderChain
--- PASS: TestBrokenHeaderChain (0.00s)
=== RUN   TestBrokenBlockChain
--- PASS: TestBrokenBlockChain (0.00s)
=== RUN   TestReorgLongHeaders
--- PASS: TestReorgLongHeaders (0.00s)
=== RUN   TestReorgLongBlocks
--- PASS: TestReorgLongBlocks (0.00s)
=== RUN   TestReorgShortHeaders
--- PASS: TestReorgShortHeaders (0.02s)
=== RUN   TestReorgShortBlocks
--- PASS: TestReorgShortBlocks (0.05s)
=== RUN   TestBadHeaderHashes
--- PASS: TestBadHeaderHashes (0.00s)
=== RUN   TestBadBlockHashes
--- PASS: TestBadBlockHashes (0.00s)
=== RUN   TestReorgBadHeaderHashes
--- PASS: TestReorgBadHeaderHashes (0.00s)
=== RUN   TestReorgBadBlockHashes
--- PASS: TestReorgBadBlockHashes (0.00s)
=== RUN   TestHeadersInsertNonceError
--- PASS: TestHeadersInsertNonceError (0.04s)
=== RUN   TestBlocksInsertNonceError
--- PASS: TestBlocksInsertNonceError (0.05s)
=== RUN   TestFastVsFullChains
--- PASS: TestFastVsFullChains (0.52s)
=== RUN   TestLightVsFastVsFullChainHeads
--- PASS: TestLightVsFastVsFullChainHeads (0.71s)
=== RUN   TestChainTxReorgs
--- PASS: TestChainTxReorgs (0.01s)
=== RUN   TestLogReorgs
--- PASS: TestLogReorgs (0.00s)
=== RUN   TestLogRebirth
--- PASS: TestLogRebirth (0.00s)
=== RUN   TestSideLogRebirth
--- PASS: TestSideLogRebirth (0.00s)
=== RUN   TestReorgSideEvent
--- PASS: TestReorgSideEvent (0.25s)
=== RUN   TestCanonicalBlockRetrieval
--- PASS: TestCanonicalBlockRetrieval (0.00s)
=== RUN   TestEIP155Transition
--- PASS: TestEIP155Transition (0.00s)
=== RUN   TestEIP161AccountRemoval
--- PASS: TestEIP161AccountRemoval (0.00s)
=== RUN   TestBlockchainHeaderchainReorgConsistency
--- PASS: TestBlockchainHeaderchainReorgConsistency (0.03s)
=== RUN   TestTrieForkGC
--- PASS: TestTrieForkGC (0.14s)
=== RUN   TestLargeReorgTrieGC
--- PASS: TestLargeReorgTrieGC (0.15s)
=== RUN   TestBlockchainRecovery
--- PASS: TestBlockchainRecovery (0.19s)
=== RUN   TestInsertReceiptChainRollback
    blockchain_test.go:1717: sidechain head: 80 0x1454e1f073b52d17d2a9f0fa3e937c8433d3ccbdfa092b688531dd19f7085974
    blockchain_test.go:1726: canon head: 79 0x98f60b137b113dcf8b8ab4573fdeadd1f750c3553a5ed16a420ddc53eb9565fa
--- PASS: TestInsertReceiptChainRollback (0.06s)
=== RUN   TestLowDiffLongChain
--- PASS: TestLowDiffLongChain (0.48s)
=== RUN   TestPrunedImportSide
--- PASS: TestPrunedImportSide (0.72s)
=== RUN   TestInsertKnownHeaders
--- PASS: TestInsertKnownHeaders (0.03s)
=== RUN   TestInsertKnownReceiptChain
--- PASS: TestInsertKnownReceiptChain (0.03s)
=== RUN   TestInsertKnownBlocks
--- PASS: TestInsertKnownBlocks (0.06s)
=== RUN   TestReorgToShorterRemovesCanonMapping
    blockchain_test.go:2124: expected block to be gone: 80
    blockchain_test.go:2127: expected header to be gone: 80
--- FAIL: TestReorgToShorterRemovesCanonMapping (0.03s)
=== RUN   TestReorgToShorterRemovesCanonMappingHeaderChain
--- PASS: TestReorgToShorterRemovesCanonMappingHeaderChain (0.01s)
=== RUN   TestTransactionIndices
    blockchain_test.go:2212: Oldest indexded block mismatch, want 67, have 0
--- FAIL: TestTransactionIndices (0.48s)
=== RUN   TestSkipStaleTxIndicesInSnapSync
--- PASS: TestSkipStaleTxIndicesInSnapSync (0.06s)
=== RUN   TestSideImportPrunedBlocks
--- PASS: TestSideImportPrunedBlocks (0.09s)
=== RUN   TestSelfDestructDisabled
--- PASS: TestSelfDestructDisabled (0.00s)
=== RUN   TestDeleteCreateRevert
--- PASS: TestDeleteCreateRevert (0.00s)
=== RUN   TestInitThenFailCreateContract
    blockchain_test.go:2737: Destination address: c3d5d58d72973a4e9b19467a8f0e664d76c40b23
--- PASS: TestInitThenFailCreateContract (0.00s)
=== RUN   TestEIP2718Transition
--- PASS: TestEIP2718Transition (0.00s)
=== RUN   TestEIP1559Transition
--- PASS: TestEIP1559Transition (0.00s)
=== RUN   TestPoseidonCodeHash
--- PASS: TestPoseidonCodeHash (0.00s)
=== RUN   TestFeeVault
--- PASS: TestFeeVault (0.00s)
=== RUN   TestTransactionCountLimit
--- PASS: TestTransactionCountLimit (0.00s)
=== RUN   TestEIP3651
--- PASS: TestEIP3651 (0.00s)
=== RUN   TestChainIndexerSingle
--- PASS: TestChainIndexerSingle (2.81s)
=== RUN   TestChainIndexerWithChildren
--- PASS: TestChainIndexerWithChildren (7.90s)
=== RUN   TestDAOForkRangeExtradata
--- PASS: TestDAOForkRangeExtradata (0.17s)
=== RUN   TestInvalidCliqueConfig
--- PASS: TestInvalidCliqueConfig (0.01s)
=== RUN   TestSetupGenesis
--- PASS: TestSetupGenesis (0.00s)
=== RUN   TestGenesisHashes
--- PASS: TestGenesisHashes (0.01s)
=== RUN   TestGenesis_Commit
--- PASS: TestGenesis_Commit (0.00s)
=== RUN   TestHeaderInsertion
t=2023-06-02T16:08:49+0800 lvl=info msg="Imported new block headers" count=64 elapsed="351.973µs" number=64 hash=0x4617104f05e4a8b573913f16d402d56a530da12e111bee119416e7d5fe6fc791 age=54y2mo1w
t=2023-06-02T16:08:49+0800 lvl=info msg="Imported new block headers" count=0  elapsed="7.484µs"   number=64 hash=0x4617104f05e4a8b573913f16d402d56a530da12e111bee119416e7d5fe6fc791 age=54y2mo1w ignored=64
t=2023-06-02T16:08:49+0800 lvl=info msg="Imported new block headers" count=32 elapsed="225.191µs" number=96 hash=0x02d6bfd3c5d40e86ae34ed6c72241704cb5988d418128e559f645c0206f0b4ef age=54y2mo1w ignored=32
t=2023-06-02T16:08:49+0800 lvl=info msg="Imported new block headers" count=32 elapsed="142.963µs" number=33 hash=0xce1bfe3675d324f140d6d48b80f6e97c63392a27f7efaac1c258281da8f20c17 age=54y2mo1w
t=2023-06-02T16:08:49+0800 lvl=info msg="Imported new block headers" count=0  elapsed=802ns       err="unknown ancestor"
t=2023-06-02T16:08:49+0800 lvl=info msg="Imported new block headers" count=65 elapsed="312.187µs" number=98 hash=0xafe4c8f446cafa24852f0b5998d354da3d51d8d88cf77f0938232344d5ed8717 age=54y2mo1w
t=2023-06-02T16:08:49+0800 lvl=info msg="Imported new block headers" count=4  elapsed="71.116µs"  number=100 hash=0x267780012608d01a4b9d551ae016ce8170d4f424cbc6efb26cd61599d17dab89 age=54y2mo1w ignored=6
t=2023-06-02T16:08:49+0800 lvl=info msg="Imported new block headers" count=10 elapsed="93.289µs"  number=108 hash=0xabe07434aad4c5a24b322294f1cdc3d9d8a4688b2aa8d11a1d896ab6601ac984 age=54y2mo1w
t=2023-06-02T16:08:49+0800 lvl=info msg="Imported new block headers" count=21 elapsed="127.884µs" number=129 hash=0x1e14415ceb459bcb381d18cd9b54f3c212f6ed29c229480aed6c5f1455322013 age=54y2mo1w
--- PASS: TestHeaderInsertion (0.03s)
=== RUN   TestRlpIterator
t=2023-06-02T16:08:49+0800 lvl=info msg="Persisted trie from memory database" nodes=1 size="181.00 B" time="2.305µs" gcnodes=0 gcsize="0.00 B" gctime=0s livenodes=1 livesize="0.00 B"
t=2023-06-02T16:08:49+0800 lvl=dbug msg="Persisted trie from memory database" nodes=3 size="475.00 B" time="5.822µs" gcnodes=0 gcsize="0.00 B" gctime=0s livenodes=1 livesize="0.00 B"
t=2023-06-02T16:08:49+0800 lvl=info msg="Persisted trie from memory database" nodes=1 size="181.00 B" time="1.894µs" gcnodes=0 gcsize="0.00 B" gctime=0s livenodes=1 livesize="0.00 B"
t=2023-06-02T16:08:49+0800 lvl=dbug msg="Persisted trie from memory database" nodes=3 size="475.00 B" time="6.022µs" gcnodes=0 gcsize="0.00 B" gctime=0s livenodes=1 livesize="0.00 B"
t=2023-06-02T16:08:49+0800 lvl=dbug msg="Persisted trie from memory database" nodes=2 size="295.00 B" time="3.937µs" gcnodes=0 gcsize="0.00 B" gctime=0s livenodes=1 livesize="0.00 B"
t=2023-06-02T16:08:49+0800 lvl=dbug msg="Persisted trie from memory database" nodes=2 size="295.00 B" time="3.718µs" gcnodes=0 gcsize="0.00 B" gctime=0s livenodes=1 livesize="0.00 B"
t=2023-06-02T16:08:49+0800 lvl=info msg="Persisted trie from memory database" nodes=1 size="181.00 B" time="1.663µs" gcnodes=0 gcsize="0.00 B" gctime=0s livenodes=1 livesize="0.00 B"
t=2023-06-02T16:08:49+0800 lvl=dbug msg="Adding L1 fee"                       l1_fee=0
t=2023-06-02T16:08:49+0800 lvl=dbug msg="Adding L1 fee"                       l1_fee=0
t=2023-06-02T16:08:49+0800 lvl=dbug msg="Adding L1 fee"                       l1_fee=0
t=2023-06-02T16:08:49+0800 lvl=dbug msg="Adding L1 fee"                       l1_fee=0
t=2023-06-02T16:08:49+0800 lvl=dbug msg="Adding L1 fee"                       l1_fee=0
t=2023-06-02T16:08:49+0800 lvl=dbug msg="Adding L1 fee"                       l1_fee=0
t=2023-06-02T16:08:49+0800 lvl=dbug msg="Adding L1 fee"                       l1_fee=0
t=2023-06-02T16:08:49+0800 lvl=dbug msg="Adding L1 fee"                       l1_fee=0
t=2023-06-02T16:08:49+0800 lvl=dbug msg="Adding L1 fee"                       l1_fee=0
t=2023-06-02T16:08:49+0800 lvl=dbug msg="Adding L1 fee"                       l1_fee=0
t=2023-06-02T16:08:49+0800 lvl=dbug msg="Persisted trie from memory database" nodes=3 size="475.00 B" time="6.332µs" gcnodes=0 gcsize="0.00 B" gctime=0s livenodes=1 livesize="0.00 B"
t=2023-06-02T16:08:49+0800 lvl=info msg="Persisted trie from memory database" nodes=1 size="181.00 B" time="1.844µs" gcnodes=0 gcsize="0.00 B" gctime=0s livenodes=1 livesize="0.00 B"
t=2023-06-02T16:08:49+0800 lvl=dbug msg="Persisted trie from memory database" nodes=3 size="475.00 B" time="8.467µs" gcnodes=0 gcsize="0.00 B" gctime=0s livenodes=1 livesize="0.00 B"
t=2023-06-02T16:08:49+0800 lvl=dbug msg="Persisted trie from memory database" nodes=2 size="295.00 B" time="3.717µs" gcnodes=0 gcsize="0.00 B" gctime=0s livenodes=1 livesize="0.00 B"
t=2023-06-02T16:08:49+0800 lvl=dbug msg="Adding L1 fee"                       l1_fee=0
t=2023-06-02T16:08:49+0800 lvl=dbug msg="Adding L1 fee"                       l1_fee=0
t=2023-06-02T16:08:49+0800 lvl=dbug msg="Adding L1 fee"                       l1_fee=0
t=2023-06-02T16:08:49+0800 lvl=dbug msg="Adding L1 fee"                       l1_fee=0
t=2023-06-02T16:08:49+0800 lvl=dbug msg="Adding L1 fee"                       l1_fee=0
t=2023-06-02T16:08:49+0800 lvl=dbug msg="Adding L1 fee"                       l1_fee=0
t=2023-06-02T16:08:49+0800 lvl=dbug msg="Adding L1 fee"                       l1_fee=0
t=2023-06-02T16:08:49+0800 lvl=dbug msg="Adding L1 fee"                       l1_fee=0
t=2023-06-02T16:08:49+0800 lvl=dbug msg="Adding L1 fee"                       l1_fee=0
t=2023-06-02T16:08:49+0800 lvl=dbug msg="Adding L1 fee"                       l1_fee=0
t=2023-06-02T16:08:49+0800 lvl=dbug msg="Persisted trie from memory database" nodes=3 size="475.00 B" time="4.138µs" gcnodes=0 gcsize="0.00 B" gctime=0s livenodes=1 livesize="0.00 B"
t=2023-06-02T16:08:49+0800 lvl=info msg="Persisted trie from memory database" nodes=1 size="181.00 B" time="2.034µs" gcnodes=0 gcsize="0.00 B" gctime=0s livenodes=1 livesize="0.00 B"
t=2023-06-02T16:08:49+0800 lvl=dbug msg="Persisted trie from memory database" nodes=3 size="475.00 B" time="5.921µs" gcnodes=0 gcsize="0.00 B" gctime=0s livenodes=1 livesize="0.00 B"
t=2023-06-02T16:08:49+0800 lvl=dbug msg="Persisted trie from memory database" nodes=2 size="295.00 B" time="3.436µs" gcnodes=0 gcsize="0.00 B" gctime=0s livenodes=1 livesize="0.00 B"
t=2023-06-02T16:08:49+0800 lvl=dbug msg="Adding L1 fee"                       l1_fee=0
t=2023-06-02T16:08:49+0800 lvl=dbug msg="Adding L1 fee"                       l1_fee=0
t=2023-06-02T16:08:49+0800 lvl=dbug msg="Adding L1 fee"                       l1_fee=0
t=2023-06-02T16:08:49+0800 lvl=dbug msg="Adding L1 fee"                       l1_fee=0
t=2023-06-02T16:08:49+0800 lvl=dbug msg="Adding L1 fee"                       l1_fee=0
t=2023-06-02T16:08:49+0800 lvl=dbug msg="Adding L1 fee"                       l1_fee=0
t=2023-06-02T16:08:49+0800 lvl=dbug msg="Adding L1 fee"                       l1_fee=0
t=2023-06-02T16:08:49+0800 lvl=dbug msg="Adding L1 fee"                       l1_fee=0
t=2023-06-02T16:08:49+0800 lvl=dbug msg="Adding L1 fee"                       l1_fee=0
t=2023-06-02T16:08:49+0800 lvl=dbug msg="Adding L1 fee"                       l1_fee=0
t=2023-06-02T16:08:49+0800 lvl=dbug msg="Persisted trie from memory database" nodes=3 size="475.00 B" time="4.278µs" gcnodes=0 gcsize="0.00 B" gctime=0s livenodes=1 livesize="0.00 B"
--- PASS: TestRlpIterator (0.01s)
=== RUN   TestStateProcessorErrors
t=2023-06-02T16:08:49+0800 lvl=info msg="Persisted trie from memory database" nodes=3 size="483.00 B" time="4.428µs" gcnodes=0 gcsize="0.00 B" gctime=0s livenodes=1 livesize="0.00 B"
t=2023-06-02T16:08:49+0800 lvl=info msg="Loaded most recent local header"     number=0   hash=0xf917ad34dd85afd2cea271fc0eb5ed3683df88972a6e300b036f82f291e6be5d td=131,072 age=54y2mo1w
t=2023-06-02T16:08:49+0800 lvl=info msg="Loaded most recent local full block" number=0   hash=0xf917ad34dd85afd2cea271fc0eb5ed3683df88972a6e300b036f82f291e6be5d td=131,072 age=54y2mo1w
t=2023-06-02T16:08:49+0800 lvl=info msg="Loaded most recent local fast block" number=0   hash=0xf917ad34dd85afd2cea271fc0eb5ed3683df88972a6e300b036f82f291e6be5d td=131,072 age=54y2mo1w
t=2023-06-02T16:08:49+0800 lvl=warn msg="Failed to load snapshot, regenerating" err="missing or corrupted snapshot"
t=2023-06-02T16:08:49+0800 lvl=info msg="Rebuilding state snapshot"
t=2023-06-02T16:08:49+0800 lvl=dbug msg="Journalled generator progress"         progress=empty
t=2023-06-02T16:08:49+0800 lvl=dbug msg="Start snapshot generation"             root=0x5365c76a640c193b9d14da116f1b34c276b219c24017bf20b471ee83a905cbe1
t=2023-06-02T16:08:49+0800 lvl=info msg="Resuming state snapshot generation"    root=0x5365c76a640c193b9d14da116f1b34c276b219c24017bf20b471ee83a905cbe1 accounts=0 slots=0 storage="0.00 B" elapsed="83.34µs"
t=2023-06-02T16:08:49+0800 lvl=trce msg="Detected outdated state range"         kind=account prefix=0x61 last=0x err="wrong root: have 0x56e81f171bcc55a6ff8345e692c0f86e5b48e01b996cadc001622fb5e363b421 want 0x5365c76a640c193b9d14da116f1b34c276b219c24017bf20b471ee83a905cbe1"
t=2023-06-02T16:08:49+0800 lvl=dbug msg="Regenerated state range"               kind=account prefix=0x61 root=0x5365c76a640c193b9d14da116f1b34c276b219c24017bf20b471ee83a905cbe1 last=0x count=2  created=2 updated=0 untouched=0 deleted=0
t=2023-06-02T16:08:49+0800 lvl=dbug msg="Journalled generator progress"         progress=done
t=2023-06-02T16:08:49+0800 lvl=info msg="Generated state snapshot"              accounts=2 slots=0 storage="104.00 B" elapsed="174.835µs"
t=2023-06-02T16:08:49+0800 lvl=warn msg="Failed to load old bad blocks"         error="not found"
t=2023-06-02T16:08:49+0800 lvl=eror msg="\n########## BAD BLOCK #########\nChain config: {ChainID: 1 Homestead: 0 DAO: <nil> DAOSupport: false EIP150: 0 EIP155: 0 EIP158: 0 Byzantium: 0 Constantinople: 0 Petersburg: 0 Istanbul: 0, Muir Glacier: 0, Berlin: 0, London: 0, Arrow Glacier: <nil>, Archimedes: <nil>, Shanghai: 0, Engine: ethash, Scroll config: {useZktrie: false, maxTxPerBlock: <nil>, MaxTxPayloadBytesPerBlock: <nil>, feeVaultAddress: <nil>, enableEIP2718:false, enableEIP1559:false}}\n\nNumber: 1\nHash: 0xa13aef0d50da506bc68919d28ba46cf5086dacceaa628e46ba2cfde9eff04b98\n\n\nError: could not apply tx 1 [0x0026256b3939ed97e2c4a6f3fce8ecf83bdcfa6d507c47838c308a1fb0436f62]: nonce too low: address 0x71562b71999873DB5b286dF957af199Ec94617F7, tx: 0 state: 1\n##############################\n"
t=2023-06-02T16:08:49+0800 lvl=eror msg="\n########## BAD BLOCK #########\nChain config: {ChainID: 1 Homestead: 0 DAO: <nil> DAOSupport: false EIP150: 0 EIP155: 0 EIP158: 0 Byzantium: 0 Constantinople: 0 Petersburg: 0 Istanbul: 0, Muir Glacier: 0, Berlin: 0, London: 0, Arrow Glacier: <nil>, Archimedes: <nil>, Shanghai: 0, Engine: ethash, Scroll config: {useZktrie: false, maxTxPerBlock: <nil>, MaxTxPayloadBytesPerBlock: <nil>, feeVaultAddress: <nil>, enableEIP2718:false, enableEIP1559:false}}\n\nNumber: 1\nHash: 0x43805dc16fad41d24a793cfa09476769a078e722403099bc93778c98d242f2c5\n\n\nError: could not apply tx 0 [0xdebad714ca7f363bd0d8121c4518ad48fa469ca81b0a081be3d10c17460f751b]: nonce too high: address 0x71562b71999873DB5b286dF957af199Ec94617F7, tx: 100 state: 0\n##############################\n"
t=2023-06-02T16:08:49+0800 lvl=eror msg="\n########## BAD BLOCK #########\nChain config: {ChainID: 1 Homestead: 0 DAO: <nil> DAOSupport: false EIP150: 0 EIP155: 0 EIP158: 0 Byzantium: 0 Constantinople: 0 Petersburg: 0 Istanbul: 0, Muir Glacier: 0, Berlin: 0, London: 0, Arrow Glacier: <nil>, Archimedes: <nil>, Shanghai: 0, Engine: ethash, Scroll config: {useZktrie: false, maxTxPerBlock: <nil>, MaxTxPayloadBytesPerBlock: <nil>, feeVaultAddress: <nil>, enableEIP2718:false, enableEIP1559:false}}\n\nNumber: 1\nHash: 0x2a5eff2d510c5624b8bd6db20f12a5fcda42bf3e062b1b44340a5438ef6ef362\n\n\nError: could not apply tx 0 [0x84ea18d60eb2bb3b040e3add0eb72f757727122cc257dd858c67cb6591a85986]: nonce has max value: address 0xfd0810DD14796680f72adf1a371963d0745BCc64, nonce: 18446744073709551615\n##############################\n"
t=2023-06-02T16:08:49+0800 lvl=eror msg="\n########## BAD BLOCK #########\nChain config: {ChainID: 1 Homestead: 0 DAO: <nil> DAOSupport: false EIP150: 0 EIP155: 0 EIP158: 0 Byzantium: 0 Constantinople: 0 Petersburg: 0 Istanbul: 0, Muir Glacier: 0, Berlin: 0, London: 0, Arrow Glacier: <nil>, Archimedes: <nil>, Shanghai: 0, Engine: ethash, Scroll config: {useZktrie: false, maxTxPerBlock: <nil>, MaxTxPayloadBytesPerBlock: <nil>, feeVaultAddress: <nil>, enableEIP2718:false, enableEIP1559:false}}\n\nNumber: 1\nHash: 0xde8d92d6ab29ce49fa7f6ec3d0f13dd9571907d9923c3bd3dc049e04a8254849\n\n\nError: could not apply tx 0 [0xbd49d8dadfd47fb846986695f7d4da3f7b2c48c8da82dbc211a26eb124883de9]: gas limit reached\n##############################\n"
t=2023-06-02T16:08:49+0800 lvl=eror msg="\n########## BAD BLOCK #########\nChain config: {ChainID: 1 Homestead: 0 DAO: <nil> DAOSupport: false EIP150: 0 EIP155: 0 EIP158: 0 Byzantium: 0 Constantinople: 0 Petersburg: 0 Istanbul: 0, Muir Glacier: 0, Berlin: 0, London: 0, Arrow Glacier: <nil>, Archimedes: <nil>, Shanghai: 0, Engine: ethash, Scroll config: {useZktrie: false, maxTxPerBlock: <nil>, MaxTxPayloadBytesPerBlock: <nil>, feeVaultAddress: <nil>, enableEIP2718:false, enableEIP1559:false}}\n\nNumber: 1\nHash: 0xefadc8f24c09356234309769279b4a612c52843dfd68661e74c918c1d2b4d4f0\n\n\nError: could not apply tx 0 [0x98c796b470f7fcab40aaef5c965a602b0238e1034cce6fb73823042dd0638d74]: insufficient funds for gas * price + value: address 0x71562b71999873DB5b286dF957af199Ec94617F7 have 1000000000000000000 want 1000018375000000000\n##############################\n"
t=2023-06-02T16:08:49+0800 lvl=eror msg="\n########## BAD BLOCK #########\nChain config: {ChainID: 1 Homestead: 0 DAO: <nil> DAOSupport: false EIP150: 0 EIP155: 0 EIP158: 0 Byzantium: 0 Constantinople: 0 Petersburg: 0 Istanbul: 0, Muir Glacier: 0, Berlin: 0, London: 0, Arrow Glacier: <nil>, Archimedes: <nil>, Shanghai: 0, Engine: ethash, Scroll config: {useZktrie: false, maxTxPerBlock: <nil>, MaxTxPayloadBytesPerBlock: <nil>, feeVaultAddress: <nil>, enableEIP2718:false, enableEIP1559:false}}\n\nNumber: 1\nHash: 0x11ec3fa80386a76ae6a7b84dc4a9e63862f9d131db0326ff6e79fde86582e8b0\n\n\nError: could not apply tx 0 [0x4a69690c4b0cd85e64d0d9ea06302455b01e10a83db964d60281739752003440]: insufficient funds for gas * price + value: address 0x71562b71999873DB5b286dF957af199Ec94617F7 have 1000000000000000000 want 18900000000000000000000\n##############################\n"
t=2023-06-02T16:08:49+0800 lvl=eror msg="\n########## BAD BLOCK #########\nChain config: {ChainID: 1 Homestead: 0 DAO: <nil> DAOSupport: false EIP150: 0 EIP155: 0 EIP158: 0 Byzantium: 0 Constantinople: 0 Petersburg: 0 Istanbul: 0, Muir Glacier: 0, Berlin: 0, London: 0, Arrow Glacier: <nil>, Archimedes: <nil>, Shanghai: 0, Engine: ethash, Scroll config: {useZktrie: false, maxTxPerBlock: <nil>, MaxTxPayloadBytesPerBlock: <nil>, feeVaultAddress: <nil>, enableEIP2718:false, enableEIP1559:false}}\n\nNumber: 1\nHash: 0x26adca619ae4adcbe62504b26df8f2ea87b4a696d4ee1b18a9909a1c48d5efa9\n\n\nError: could not apply tx 0 [0xcf3b049a0b516cb4f9274b3e2a264359e2ba53b2fb64b7bda2c634d5c9d01fca]: intrinsic gas too low: have 20000, want 21000\n##############################\n"
t=2023-06-02T16:08:49+0800 lvl=info msg="Skip duplicated bad block"             number=1   hash=0xde8d92d6ab29ce49fa7f6ec3d0f13dd9571907d9923c3bd3dc049e04a8254849
t=2023-06-02T16:08:49+0800 lvl=eror msg="\n########## BAD BLOCK #########\nChain config: {ChainID: 1 Homestead: 0 DAO: <nil> DAOSupport: false EIP150: 0 EIP155: 0 EIP158: 0 Byzantium: 0 Constantinople: 0 Petersburg: 0 Istanbul: 0, Muir Glacier: 0, Berlin: 0, London: 0, Arrow Glacier: <nil>, Archimedes: <nil>, Shanghai: 0, Engine: ethash, Scroll config: {useZktrie: false, maxTxPerBlock: <nil>, MaxTxPayloadBytesPerBlock: <nil>, feeVaultAddress: <nil>, enableEIP2718:false, enableEIP1559:false}}\n\nNumber: 1\nHash: 0xde8d92d6ab29ce49fa7f6ec3d0f13dd9571907d9923c3bd3dc049e04a8254849\n\n\nError: could not apply tx 0 [0xbd49d8dadfd47fb846986695f7d4da3f7b2c48c8da82dbc211a26eb124883de9]: gas limit reached\n##############################\n"
t=2023-06-02T16:08:49+0800 lvl=eror msg="\n########## BAD BLOCK #########\nChain config: {ChainID: 1 Homestead: 0 DAO: <nil> DAOSupport: false EIP150: 0 EIP155: 0 EIP158: 0 Byzantium: 0 Constantinople: 0 Petersburg: 0 Istanbul: 0, Muir Glacier: 0, Berlin: 0, London: 0, Arrow Glacier: <nil>, Archimedes: <nil>, Shanghai: 0, Engine: ethash, Scroll config: {useZktrie: false, maxTxPerBlock: <nil>, MaxTxPayloadBytesPerBlock: <nil>, feeVaultAddress: <nil>, enableEIP2718:false, enableEIP1559:false}}\n\nNumber: 1\nHash: 0x05d69c3c620a0a2e19b1d65652d10a87deb2d4c139a961a4c39fb4063700ceb4\n\n\nError: could not apply tx 0 [0x15b8391b9981f266b32f3ab7da564bbeb3d6c21628364ea9b32a21139f89f712]: max priority fee per gas higher than 2^256-1: address 0x71562b71999873DB5b286dF957af199Ec94617F7, maxPriorityFeePerGas bit length: 257\n##############################\n"
t=2023-06-02T16:08:49+0800 lvl=eror msg="\n########## BAD BLOCK #########\nChain config: {ChainID: 1 Homestead: 0 DAO: <nil> DAOSupport: false EIP150: 0 EIP155: 0 EIP158: 0 Byzantium: 0 Constantinople: 0 Petersburg: 0 Istanbul: 0, Muir Glacier: 0, Berlin: 0, London: 0, Arrow Glacier: <nil>, Archimedes: <nil>, Shanghai: 0, Engine: ethash, Scroll config: {useZktrie: false, maxTxPerBlock: <nil>, MaxTxPayloadBytesPerBlock: <nil>, feeVaultAddress: <nil>, enableEIP2718:false, enableEIP1559:false}}\n\nNumber: 1\nHash: 0x93c59087997a90746df9f76006f68b9530cab8bc90eea6baa3fcc9dc9e0b260e\n\n\nError: could not apply tx 0 [0x48bc299b83fdb345c57478f239e89814bb3063eb4e4b49f3b6057a69255c16bd]: max fee per gas higher than 2^256-1: address 0x71562b71999873DB5b286dF957af199Ec94617F7, maxFeePerGas bit length: 257\n##############################\n"
t=2023-06-02T16:08:49+0800 lvl=eror msg="\n########## BAD BLOCK #########\nChain config: {ChainID: 1 Homestead: 0 DAO: <nil> DAOSupport: false EIP150: 0 EIP155: 0 EIP158: 0 Byzantium: 0 Constantinople: 0 Petersburg: 0 Istanbul: 0, Muir Glacier: 0, Berlin: 0, London: 0, Arrow Glacier: <nil>, Archimedes: <nil>, Shanghai: 0, Engine: ethash, Scroll config: {useZktrie: false, maxTxPerBlock: <nil>, MaxTxPayloadBytesPerBlock: <nil>, feeVaultAddress: <nil>, enableEIP2718:false, enableEIP1559:false}}\n\nNumber: 1\nHash: 0xd496fd0357d88bd118e3dcbb47603895c1028ac5ceef4d7d78a3a1234ed97d20\n\n\nError: could not apply tx 0 [0xf987a31ff0c71895780a7612f965a0c8b056deb54e020bb44fa478092f14c9b4]: max priority fee per gas higher than max fee per gas: address 0x71562b71999873DB5b286dF957af199Ec94617F7, maxPriorityFeePerGas: 2, maxFeePerGas: 1\n##############################\n"
t=2023-06-02T16:08:49+0800 lvl=eror msg="\n########## BAD BLOCK #########\nChain config: {ChainID: 1 Homestead: 0 DAO: <nil> DAOSupport: false EIP150: 0 EIP155: 0 EIP158: 0 Byzantium: 0 Constantinople: 0 Petersburg: 0 Istanbul: 0, Muir Glacier: 0, Berlin: 0, London: 0, Arrow Glacier: <nil>, Archimedes: <nil>, Shanghai: 0, Engine: ethash, Scroll config: {useZktrie: false, maxTxPerBlock: <nil>, MaxTxPayloadBytesPerBlock: <nil>, feeVaultAddress: <nil>, enableEIP2718:false, enableEIP1559:false}}\n\nNumber: 1\nHash: 0x13ee43d90f54455b8fd31e09189075a8cec58405cbffeefcd08f24d71b0cac9f\n\n\nError: could not apply tx 0 [0x413603cd096a87f41b1660d3ed3e27d62e1da78eac138961c0a1314ed43bd129]: insufficient funds for gas * price + value: address 0x71562b71999873DB5b286dF957af199Ec94617F7 have 1000000000000000000 want 1050000000000000000\n##############################\n"
t=2023-06-02T16:08:49+0800 lvl=eror msg="\n########## BAD BLOCK #########\nChain config: {ChainID: 1 Homestead: 0 DAO: <nil> DAOSupport: false EIP150: 0 EIP155: 0 EIP158: 0 Byzantium: 0 Constantinople: 0 Petersburg: 0 Istanbul: 0, Muir Glacier: 0, Berlin: 0, London: 0, Arrow Glacier: <nil>, Archimedes: <nil>, Shanghai: 0, Engine: ethash, Scroll config: {useZktrie: false, maxTxPerBlock: <nil>, MaxTxPayloadBytesPerBlock: <nil>, feeVaultAddress: <nil>, enableEIP2718:false, enableEIP1559:false}}\n\nNumber: 1\nHash: 0x48ad3467d453a0539ce463989691c113675fa402b0adc1ddf60208f80457d7a0\n\n\nError: could not apply tx 0 [0xd82a0c2519acfeac9a948258c47e784acd20651d9d80f9a1c67b4137651c3a24]: insufficient funds for gas * price + value: address 0x71562b71999873DB5b286dF957af199Ec94617F7 have 1000000000000000000 want 2431633873983640103894990685182446064918669677978451844828609264166175722438635000\n##############################\n"
t=2023-06-02T16:08:49+0800 lvl=info msg="Persisted trie from memory database"   nodes=1 size="181.00 B" time="4.008µs" gcnodes=0 gcsize="0.00 B" gctime=0s livenodes=1 livesize="0.00 B"
t=2023-06-02T16:08:49+0800 lvl=info msg="Loaded most recent local header"       number=0   hash=0x6c478c51ff5bd6f5a66f19c2b97d4887455e146166336732792ec73784aa36a6 td=131,072 age=54y2mo1w
t=2023-06-02T16:08:49+0800 lvl=info msg="Loaded most recent local full block"   number=0   hash=0x6c478c51ff5bd6f5a66f19c2b97d4887455e146166336732792ec73784aa36a6 td=131,072 age=54y2mo1w
t=2023-06-02T16:08:49+0800 lvl=info msg="Loaded most recent local fast block"   number=0   hash=0x6c478c51ff5bd6f5a66f19c2b97d4887455e146166336732792ec73784aa36a6 td=131,072 age=54y2mo1w
t=2023-06-02T16:08:49+0800 lvl=warn msg="Failed to load snapshot, regenerating" err="missing or corrupted snapshot"
t=2023-06-02T16:08:49+0800 lvl=info msg="Rebuilding state snapshot"
t=2023-06-02T16:08:49+0800 lvl=dbug msg="Journalled generator progress"         progress=empty
t=2023-06-02T16:08:49+0800 lvl=dbug msg="Start snapshot generation"             root=0xa012af2a6c48c64a38f7dd05ae70b7b250248e4efd899f605007f1d19ee0ef36
t=2023-06-02T16:08:49+0800 lvl=info msg="Resuming state snapshot generation"    root=0xa012af2a6c48c64a38f7dd05ae70b7b250248e4efd899f605007f1d19ee0ef36 accounts=0 slots=0 storage="0.00 B"   elapsed="127.39µs"
t=2023-06-02T16:08:49+0800 lvl=trce msg="Detected outdated state range"         kind=account prefix=0x61 last=0x err="wrong root: have 0x56e81f171bcc55a6ff8345e692c0f86e5b48e01b996cadc001622fb5e363b421 want 0xa012af2a6c48c64a38f7dd05ae70b7b250248e4efd899f605007f1d19ee0ef36"
t=2023-06-02T16:08:49+0800 lvl=dbug msg="Regenerated state range"               kind=account prefix=0x61 root=0xa012af2a6c48c64a38f7dd05ae70b7b250248e4efd899f605007f1d19ee0ef36 last=0x count=1  created=1 updated=0 untouched=0 deleted=0
t=2023-06-02T16:08:49+0800 lvl=dbug msg="Journalled generator progress"         progress=done
t=2023-06-02T16:08:49+0800 lvl=info msg="Generated state snapshot"              accounts=1 slots=0 storage="48.00 B"  elapsed="240.616µs"
t=2023-06-02T16:08:49+0800 lvl=warn msg="Failed to load old bad blocks"         error="not found"
t=2023-06-02T16:08:49+0800 lvl=eror msg="\n########## BAD BLOCK #########\nChain config: {ChainID: 1 Homestead: 0 DAO: <nil> DAOSupport: false EIP150: 0 EIP155: 0 EIP158: 0 Byzantium: 0 Constantinople: 0 Petersburg: 0 Istanbul: 0, Muir Glacier: 0, Berlin: <nil>, London: <nil>, Arrow Glacier: <nil>, Archimedes: <nil>, Shanghai: <nil>, Engine: unknown, Scroll config: {useZktrie: false, maxTxPerBlock: <nil>, MaxTxPayloadBytesPerBlock: <nil>, feeVaultAddress: <nil>, enableEIP2718:false, enableEIP1559:false}}\n\nNumber: 1\nHash: 0xf1717b621d2bfeb65395aad922271dc2179c854b7e06d3f64b0d989e28399be1\n\n\nError: could not apply tx 0 [0x88626ac0d53cb65308f2416103c62bb1f18b805573d4f96a3640bbbfff13c14f]: transaction type not supported\n##############################\n"
t=2023-06-02T16:08:49+0800 lvl=info msg="Persisted trie from memory database"   nodes=1 size="181.00 B" time="3.617µs" gcnodes=0 gcsize="0.00 B" gctime=0s livenodes=1 livesize="0.00 B"
t=2023-06-02T16:08:49+0800 lvl=info msg="Loaded most recent local header"       number=0   hash=0x6ae6475b9ed717a84bdc1fd0417209b72186bc74ceff72f69710404045a93e57 td=131,072 age=54y2mo1w
t=2023-06-02T16:08:49+0800 lvl=info msg="Loaded most recent local full block"   number=0   hash=0x6ae6475b9ed717a84bdc1fd0417209b72186bc74ceff72f69710404045a93e57 td=131,072 age=54y2mo1w
t=2023-06-02T16:08:49+0800 lvl=info msg="Loaded most recent local fast block"   number=0   hash=0x6ae6475b9ed717a84bdc1fd0417209b72186bc74ceff72f69710404045a93e57 td=131,072 age=54y2mo1w
t=2023-06-02T16:08:49+0800 lvl=warn msg="Failed to load snapshot, regenerating" err="missing or corrupted snapshot"
t=2023-06-02T16:08:49+0800 lvl=info msg="Rebuilding state snapshot"
t=2023-06-02T16:08:49+0800 lvl=dbug msg="Journalled generator progress"         progress=empty
t=2023-06-02T16:08:49+0800 lvl=dbug msg="Start snapshot generation"             root=0x7ff21536d488f9ed7ff8d3ddd31ea3aa23fb693f5cfecc457e1d1c6d72c69c16
t=2023-06-02T16:08:49+0800 lvl=info msg="Resuming state snapshot generation"    root=0x7ff21536d488f9ed7ff8d3ddd31ea3aa23fb693f5cfecc457e1d1c6d72c69c16 accounts=0 slots=0 storage="0.00 B"   elapsed="89.806µs"
t=2023-06-02T16:08:49+0800 lvl=trce msg="Detected outdated state range"         kind=account prefix=0x61 last=0x err="wrong root: have 0x56e81f171bcc55a6ff8345e692c0f86e5b48e01b996cadc001622fb5e363b421 want 0x7ff21536d488f9ed7ff8d3ddd31ea3aa23fb693f5cfecc457e1d1c6d72c69c16"
t=2023-06-02T16:08:49+0800 lvl=dbug msg="Regenerated state range"               kind=account prefix=0x61 root=0x7ff21536d488f9ed7ff8d3ddd31ea3aa23fb693f5cfecc457e1d1c6d72c69c16 last=0x count=1  created=1 updated=0 untouched=0 deleted=0
t=2023-06-02T16:08:49+0800 lvl=dbug msg="Journalled generator progress"         progress=done
t=2023-06-02T16:08:49+0800 lvl=info msg="Generated state snapshot"              accounts=1 slots=0 storage="113.00 B" elapsed="164.639µs"
t=2023-06-02T16:08:49+0800 lvl=warn msg="Failed to load old bad blocks"         error="not found"
t=2023-06-02T16:08:49+0800 lvl=eror msg="\n########## BAD BLOCK #########\nChain config: {ChainID: 1 Homestead: 0 DAO: <nil> DAOSupport: false EIP150: 0 EIP155: 0 EIP158: 0 Byzantium: 0 Constantinople: 0 Petersburg: 0 Istanbul: 0, Muir Glacier: 0, Berlin: 0, London: 0, Arrow Glacier: <nil>, Archimedes: <nil>, Shanghai: 0, Engine: ethash, Scroll config: {useZktrie: false, maxTxPerBlock: <nil>, MaxTxPayloadBytesPerBlock: <nil>, feeVaultAddress: <nil>, enableEIP2718:false, enableEIP1559:false}}\n\nNumber: 1\nHash: 0x829cfdcfffb5dd4f17780704e1698bd2602d56bb3de09f910f506b789fdc6fd4\n\n\nError: could not apply tx 0 [0x88626ac0d53cb65308f2416103c62bb1f18b805573d4f96a3640bbbfff13c14f]: sender not an eoa: address 0x71562b71999873DB5b286dF957af199Ec94617F7, codehash: 0x9280914443471259d4570a8661015ae4a5b80186dbc619658fb494bebc3da3d1\n##############################\n"
t=2023-06-02T16:08:49+0800 lvl=info msg="Persisted trie from memory database"   nodes=1 size="181.00 B" time="3.457µs" gcnodes=0 gcsize="0.00 B" gctime=0s livenodes=1 livesize="0.00 B"
t=2023-06-02T16:08:49+0800 lvl=info msg="Loaded most recent local header"       number=0   hash=0x6c478c51ff5bd6f5a66f19c2b97d4887455e146166336732792ec73784aa36a6 td=131,072 age=54y2mo1w
t=2023-06-02T16:08:49+0800 lvl=info msg="Loaded most recent local full block"   number=0   hash=0x6c478c51ff5bd6f5a66f19c2b97d4887455e146166336732792ec73784aa36a6 td=131,072 age=54y2mo1w
t=2023-06-02T16:08:49+0800 lvl=info msg="Loaded most recent local fast block"   number=0   hash=0x6c478c51ff5bd6f5a66f19c2b97d4887455e146166336732792ec73784aa36a6 td=131,072 age=54y2mo1w
t=2023-06-02T16:08:49+0800 lvl=warn msg="Failed to load snapshot, regenerating" err="missing or corrupted snapshot"
t=2023-06-02T16:08:49+0800 lvl=info msg="Rebuilding state snapshot"
t=2023-06-02T16:08:49+0800 lvl=dbug msg="Journalled generator progress"         progress=empty
t=2023-06-02T16:08:49+0800 lvl=dbug msg="Start snapshot generation"             root=0xa012af2a6c48c64a38f7dd05ae70b7b250248e4efd899f605007f1d19ee0ef36
t=2023-06-02T16:08:49+0800 lvl=info msg="Resuming state snapshot generation"    root=0xa012af2a6c48c64a38f7dd05ae70b7b250248e4efd899f605007f1d19ee0ef36 accounts=0 slots=0 storage="0.00 B"   elapsed="88.9µs"
t=2023-06-02T16:08:49+0800 lvl=trce msg="Detected outdated state range"         kind=account prefix=0x61 last=0x err="wrong root: have 0x56e81f171bcc55a6ff8345e692c0f86e5b48e01b996cadc001622fb5e363b421 want 0xa012af2a6c48c64a38f7dd05ae70b7b250248e4efd899f605007f1d19ee0ef36"
t=2023-06-02T16:08:49+0800 lvl=dbug msg="Regenerated state range"               kind=account prefix=0x61 root=0xa012af2a6c48c64a38f7dd05ae70b7b250248e4efd899f605007f1d19ee0ef36 last=0x count=1  created=1 updated=0 untouched=0 deleted=0
t=2023-06-02T16:08:49+0800 lvl=dbug msg="Journalled generator progress"         progress=done
t=2023-06-02T16:08:49+0800 lvl=info msg="Generated state snapshot"              accounts=1 slots=0 storage="48.00 B"  elapsed="172.69µs"
t=2023-06-02T16:08:49+0800 lvl=warn msg="Failed to load old bad blocks"         error="not found"
t=2023-06-02T16:08:49+0800 lvl=eror msg="\n########## BAD BLOCK #########\nChain config: {ChainID: 1 Homestead: 0 DAO: <nil> DAOSupport: false EIP150: 0 EIP155: 0 EIP158: 0 Byzantium: 0 Constantinople: 0 Petersburg: 0 Istanbul: 0, Muir Glacier: 0, Berlin: 0, London: 0, Arrow Glacier: 0, Archimedes: 0, Shanghai: 0, Engine: unknown, Scroll config: {useZktrie: false, maxTxPerBlock: <nil>, MaxTxPayloadBytesPerBlock: <nil>, feeVaultAddress: <nil>, enableEIP2718:false, enableEIP1559:false}}\n\nNumber: 1\nHash: 0x86279fbb16fcd496bb5b6676c2e25173ddc6ddc99960e5efc4da25484ed34b26\n\n\nError: could not apply tx 0 [0x7b33776d375660694a23ef992c090265682f3687607e0099b14503fdb65d73e3]: max initcode size exceeded: code size 49153 limit 49152\n##############################\n"
t=2023-06-02T16:08:49+0800 lvl=eror msg="\n########## BAD BLOCK #########\nChain config: {ChainID: 1 Homestead: 0 DAO: <nil> DAOSupport: false EIP150: 0 EIP155: 0 EIP158: 0 Byzantium: 0 Constantinople: 0 Petersburg: 0 Istanbul: 0, Muir Glacier: 0, Berlin: 0, London: 0, Arrow Glacier: 0, Archimedes: 0, Shanghai: 0, Engine: unknown, Scroll config: {useZktrie: false, maxTxPerBlock: <nil>, MaxTxPayloadBytesPerBlock: <nil>, feeVaultAddress: <nil>, enableEIP2718:false, enableEIP1559:false}}\n\nNumber: 1\nHash: 0x7aeccd9cc7a912e34454ccf8bed438afcfd3bf2ad38af07f99ee168878d6ad9f\n\n\nError: could not apply tx 0 [0x98e54c5ecfa7986a66480d65ba32f2c6a2a6aedc3a67abb91b1e118b0717ed2d]: intrinsic gas too low: have 54299, want 54300\n##############################\n"
t=2023-06-02T16:08:49+0800 lvl=dbug msg="Journalled generator progress"         progress=done
t=2023-06-02T16:08:49+0800 lvl=dbug msg="Journalled disk layer"                 root=0xa012af2a6c48c64a38f7dd05ae70b7b250248e4efd899f605007f1d19ee0ef36
t=2023-06-02T16:08:49+0800 lvl=info msg="Writing snapshot state to disk"        root=0xa012af2a6c48c64a38f7dd05ae70b7b250248e4efd899f605007f1d19ee0ef36
t=2023-06-02T16:08:49+0800 lvl=info msg="Persisted trie from memory database"   nodes=0 size="0.00 B"   time="1.323µs" gcnodes=0 gcsize="0.00 B" gctime=0s livenodes=1 livesize="0.00 B"
t=2023-06-02T16:08:49+0800 lvl=info msg="Blockchain stopped"
t=2023-06-02T16:08:49+0800 lvl=dbug msg="Journalled generator progress"         progress=done
t=2023-06-02T16:08:49+0800 lvl=dbug msg="Journalled disk layer"                 root=0x7ff21536d488f9ed7ff8d3ddd31ea3aa23fb693f5cfecc457e1d1c6d72c69c16
t=2023-06-02T16:08:49+0800 lvl=info msg="Writing snapshot state to disk"        root=0x7ff21536d488f9ed7ff8d3ddd31ea3aa23fb693f5cfecc457e1d1c6d72c69c16
t=2023-06-02T16:08:49+0800 lvl=info msg="Persisted trie from memory database"   nodes=0 size="0.00 B"   time=812ns     gcnodes=0 gcsize="0.00 B" gctime=0s livenodes=1 livesize="0.00 B"
t=2023-06-02T16:08:49+0800 lvl=info msg="Blockchain stopped"
t=2023-06-02T16:08:49+0800 lvl=dbug msg="Journalled generator progress"         progress=done
t=2023-06-02T16:08:49+0800 lvl=dbug msg="Journalled disk layer"                 root=0xa012af2a6c48c64a38f7dd05ae70b7b250248e4efd899f605007f1d19ee0ef36
t=2023-06-02T16:08:49+0800 lvl=info msg="Writing snapshot state to disk"        root=0xa012af2a6c48c64a38f7dd05ae70b7b250248e4efd899f605007f1d19ee0ef36
t=2023-06-02T16:08:49+0800 lvl=info msg="Persisted trie from memory database"   nodes=0 size="0.00 B"   time=882ns     gcnodes=0 gcsize="0.00 B" gctime=0s livenodes=1 livesize="0.00 B"
t=2023-06-02T16:08:49+0800 lvl=info msg="Blockchain stopped"
t=2023-06-02T16:08:49+0800 lvl=dbug msg="Journalled generator progress"         progress=done
t=2023-06-02T16:08:49+0800 lvl=dbug msg="Journalled disk layer"                 root=0x5365c76a640c193b9d14da116f1b34c276b219c24017bf20b471ee83a905cbe1
t=2023-06-02T16:08:49+0800 lvl=info msg="Writing snapshot state to disk"        root=0x5365c76a640c193b9d14da116f1b34c276b219c24017bf20b471ee83a905cbe1
t=2023-06-02T16:08:49+0800 lvl=info msg="Persisted trie from memory database"   nodes=0 size="0.00 B"   time=952ns     gcnodes=0 gcsize="0.00 B" gctime=0s livenodes=1 livesize="0.00 B"
t=2023-06-02T16:08:49+0800 lvl=info msg="Blockchain stopped"
--- PASS: TestStateProcessorErrors (0.01s)
=== RUN   TestStrictTxListAdd
--- PASS: TestStrictTxListAdd (0.04s)
=== RUN   TestStateChangeDuringTransactionPoolReset
=== PAUSE TestStateChangeDuringTransactionPoolReset
=== RUN   TestInvalidTransactions
=== PAUSE TestInvalidTransactions
=== RUN   TestTransactionQueue
=== PAUSE TestTransactionQueue
=== RUN   TestTransactionQueue2
=== PAUSE TestTransactionQueue2
=== RUN   TestTransactionNegativeValue
=== PAUSE TestTransactionNegativeValue
=== RUN   TestTransactionTipAboveFeeCap
=== PAUSE TestTransactionTipAboveFeeCap
=== RUN   TestTransactionVeryHighValues
=== PAUSE TestTransactionVeryHighValues
=== RUN   TestTransactionChainFork
=== PAUSE TestTransactionChainFork
=== RUN   TestTransactionDoubleNonce
=== PAUSE TestTransactionDoubleNonce
=== RUN   TestTransactionMissingNonce
=== PAUSE TestTransactionMissingNonce
=== RUN   TestTransactionNonceRecovery
=== PAUSE TestTransactionNonceRecovery
=== RUN   TestTransactionDropping
=== PAUSE TestTransactionDropping
=== RUN   TestTransactionPostponing
=== PAUSE TestTransactionPostponing
=== RUN   TestTransactionGapFilling
=== PAUSE TestTransactionGapFilling
=== RUN   TestTransactionQueueAccountLimiting
=== PAUSE TestTransactionQueueAccountLimiting
=== RUN   TestTransactionQueueGlobalLimiting
=== PAUSE TestTransactionQueueGlobalLimiting
=== RUN   TestTransactionQueueGlobalLimitingNoLocals
=== PAUSE TestTransactionQueueGlobalLimitingNoLocals
=== RUN   TestTransactionQueueTimeLimiting
t=2023-06-02T16:08:49+0800 lvl=dbug msg="Reinjecting stale transactions"        count=0
t=2023-06-02T16:08:49+0800 lvl=info msg="Setting new local account"             address=0x2CeB522c5212a0a731F935BF341629250B65CD3F
t=2023-06-02T16:08:49+0800 lvl=trce msg="Pooled new future transaction"         hash=0x3cb5eb295e677d8016059848d5991318ccafe5faef111e26bfe09a670b170a4e from=0x2CeB522c5212a0a731F935BF341629250B65CD3F to=0x0000000000000000000000000000000000000000
t=2023-06-02T16:08:49+0800 lvl=trce msg="Removed old queued transactions"       count=0
t=2023-06-02T16:08:49+0800 lvl=trce msg="Removed unpayable queued transactions" count=0
t=2023-06-02T16:08:49+0800 lvl=trce msg="Promoted queued transactions"          count=0
t=2023-06-02T16:08:49+0800 lvl=trce msg="Pooled new future transaction"         hash=0xe000c74abd74a297911d01ad33ff57419da7acf7fd6f078009b339af6d8ec849 from=0xbDD4845967ca9c2d47ea63de247a174E31529C17 to=0x0000000000000000000000000000000000000000
t=2023-06-02T16:08:49+0800 lvl=trce msg="Removed old queued transactions"       count=0
t=2023-06-02T16:08:49+0800 lvl=trce msg="Removed unpayable queued transactions" count=0
t=2023-06-02T16:08:49+0800 lvl=trce msg="Promoted queued transactions"          count=0
t=2023-06-02T16:08:51+0800 lvl=dbug msg="Reinjecting stale transactions"        count=0
t=2023-06-02T16:08:51+0800 lvl=trce msg="Removed old queued transactions"       count=1
t=2023-06-02T16:08:51+0800 lvl=trce msg="Removed unpayable queued transactions" count=0
t=2023-06-02T16:08:51+0800 lvl=trce msg="Promoted queued transactions"          count=0
t=2023-06-02T16:08:51+0800 lvl=trce msg="Pooled new future transaction"         hash=0xc7dd2840ee11b69530479fd6a99f10f0f47308ece12016de7f680becd0f69cd6 from=0x2CeB522c5212a0a731F935BF341629250B65CD3F to=0x0000000000000000000000000000000000000000
t=2023-06-02T16:08:51+0800 lvl=trce msg="Removed old queued transactions"       count=0
t=2023-06-02T16:08:51+0800 lvl=trce msg="Removed unpayable queued transactions" count=0
t=2023-06-02T16:08:51+0800 lvl=trce msg="Promoted queued transactions"          count=0
t=2023-06-02T16:08:51+0800 lvl=trce msg="Pooled new future transaction"         hash=0x7bedfe28fcfcfef339cb4db9db26de803c1d28eee2b5df0295e30ee9d6b1a360 from=0xbDD4845967ca9c2d47ea63de247a174E31529C17 to=0x0000000000000000000000000000000000000000
t=2023-06-02T16:08:51+0800 lvl=trce msg="Removed old queued transactions"       count=0
t=2023-06-02T16:08:51+0800 lvl=trce msg="Removed unpayable queued transactions" count=0
t=2023-06-02T16:08:51+0800 lvl=trce msg="Promoted queued transactions"          count=0
t=2023-06-02T16:08:52+0800 lvl=trce msg="Pooled new future transaction"         hash=0xc3da46b2d783e9d257299dbbfcce6f4c26eee624325619f1577c57d953cf2f33 from=0x2CeB522c5212a0a731F935BF341629250B65CD3F to=0x0000000000000000000000000000000000000000
t=2023-06-02T16:08:52+0800 lvl=trce msg="Removed old queued transactions"       count=0
t=2023-06-02T16:08:52+0800 lvl=trce msg="Removed unpayable queued transactions" count=0
t=2023-06-02T16:08:52+0800 lvl=trce msg="Promoted queued transactions"          count=1
t=2023-06-02T16:08:52+0800 lvl=trce msg="Pooled new future transaction"         hash=0x07881b70ee7ba6f1581b607186ba68e741ac599307dfdad631a4709cf8d6c9a8 from=0xbDD4845967ca9c2d47ea63de247a174E31529C17 to=0x0000000000000000000000000000000000000000
t=2023-06-02T16:08:52+0800 lvl=trce msg="Removed old queued transactions"       count=0
t=2023-06-02T16:08:52+0800 lvl=trce msg="Removed unpayable queued transactions" count=0
t=2023-06-02T16:08:52+0800 lvl=trce msg="Promoted queued transactions"          count=1
t=2023-06-02T16:08:55+0800 lvl=info msg="Transaction pool stopped"
--- PASS: TestTransactionQueueTimeLimiting (5.31s)
=== RUN   TestTransactionQueueTimeLimitingNoLocals
t=2023-06-02T16:08:55+0800 lvl=dbug msg="Reinjecting stale transactions"        count=0
t=2023-06-02T16:08:55+0800 lvl=trce msg="Pooled new future transaction"         hash=0x32fceffd9270174d95746f5e51f5559cf6195de44a1ab8f89e7d7e9b987f09b0 from=0xB73AfEBA33A257c14c7705A62957124ab8869eB5 to=0x0000000000000000000000000000000000000000
t=2023-06-02T16:08:55+0800 lvl=trce msg="Removed old queued transactions"       count=0
t=2023-06-02T16:08:55+0800 lvl=trce msg="Removed unpayable queued transactions" count=0
t=2023-06-02T16:08:55+0800 lvl=trce msg="Promoted queued transactions"          count=0
t=2023-06-02T16:08:55+0800 lvl=trce msg="Pooled new future transaction"         hash=0x2f3d0ac2c3a7c2c7b55f48247b7cadd61eefcb8c1bc1ff9464a97f6f85caa904 from=0x9e478CcE9b2e6fFF988826e156B5Bb8D4412456e to=0x0000000000000000000000000000000000000000
t=2023-06-02T16:08:55+0800 lvl=trce msg="Removed old queued transactions"       count=0
t=2023-06-02T16:08:55+0800 lvl=trce msg="Removed unpayable queued transactions" count=0
t=2023-06-02T16:08:55+0800 lvl=trce msg="Promoted queued transactions"          count=0
t=2023-06-02T16:08:57+0800 lvl=dbug msg="Reinjecting stale transactions"        count=0
t=2023-06-02T16:08:57+0800 lvl=trce msg="Pooled new future transaction"         hash=0x74fc6260c73947ae5d183fac3b128914622da56c08b48d7eeeb0900b4dd7a36e from=0xB73AfEBA33A257c14c7705A62957124ab8869eB5 to=0x0000000000000000000000000000000000000000
t=2023-06-02T16:08:57+0800 lvl=trce msg="Removed old queued transactions"       count=0
t=2023-06-02T16:08:57+0800 lvl=trce msg="Removed unpayable queued transactions" count=0
t=2023-06-02T16:08:57+0800 lvl=trce msg="Promoted queued transactions"          count=0
t=2023-06-02T16:08:57+0800 lvl=trce msg="Pooled new future transaction"         hash=0xbe60e19c93947f8647400019fc6dff4662b59057da5962a2fc18e761fb00cb0d from=0x9e478CcE9b2e6fFF988826e156B5Bb8D4412456e to=0x0000000000000000000000000000000000000000
t=2023-06-02T16:08:57+0800 lvl=trce msg="Removed old queued transactions"       count=0
t=2023-06-02T16:08:57+0800 lvl=trce msg="Removed unpayable queued transactions" count=0
t=2023-06-02T16:08:57+0800 lvl=trce msg="Promoted queued transactions"          count=0
t=2023-06-02T16:08:57+0800 lvl=trce msg="Pooled new future transaction"         hash=0xba3e34ab44b36f7428eac30e0fb11b74c5ab5a19481670fdbe380ad775e889aa from=0xB73AfEBA33A257c14c7705A62957124ab8869eB5 to=0x0000000000000000000000000000000000000000
t=2023-06-02T16:08:57+0800 lvl=trce msg="Removed old queued transactions"       count=0
t=2023-06-02T16:08:57+0800 lvl=trce msg="Removed unpayable queued transactions" count=0
t=2023-06-02T16:08:57+0800 lvl=trce msg="Promoted queued transactions"          count=1
t=2023-06-02T16:08:57+0800 lvl=trce msg="Pooled new future transaction"         hash=0x26b7cd73d01494e62fb46d0ac1c36a5f05ca2850283aca314b1d643cd245bc4f from=0x9e478CcE9b2e6fFF988826e156B5Bb8D4412456e to=0x0000000000000000000000000000000000000000
t=2023-06-02T16:08:57+0800 lvl=trce msg="Removed old queued transactions"       count=0
t=2023-06-02T16:08:57+0800 lvl=trce msg="Removed unpayable queued transactions" count=0
t=2023-06-02T16:08:57+0800 lvl=trce msg="Promoted queued transactions"          count=1
t=2023-06-02T16:09:00+0800 lvl=info msg="Transaction pool stopped"
--- PASS: TestTransactionQueueTimeLimitingNoLocals (5.31s)
=== RUN   TestTransactionPendingLimiting
=== PAUSE TestTransactionPendingLimiting
=== RUN   TestTransactionPendingGlobalLimiting
=== PAUSE TestTransactionPendingGlobalLimiting
=== RUN   TestTransactionAllowedTxSize
=== PAUSE TestTransactionAllowedTxSize
=== RUN   TestTransactionCapClearsFromAll
=== PAUSE TestTransactionCapClearsFromAll
=== RUN   TestTransactionPendingMinimumAllowance
=== PAUSE TestTransactionPendingMinimumAllowance
=== RUN   TestTransactionPoolRepricing
=== PAUSE TestTransactionPoolRepricing
=== RUN   TestTransactionPoolRepricingDynamicFee
=== PAUSE TestTransactionPoolRepricingDynamicFee
=== RUN   TestTransactionPoolRepricingKeepsLocals
=== PAUSE TestTransactionPoolRepricingKeepsLocals
=== RUN   TestTransactionPoolUnderpricing
=== PAUSE TestTransactionPoolUnderpricing
=== RUN   TestTransactionPoolStableUnderpricing
=== PAUSE TestTransactionPoolStableUnderpricing
=== RUN   TestTransactionPoolUnderpricingDynamicFee
=== PAUSE TestTransactionPoolUnderpricingDynamicFee
=== RUN   TestDualHeapEviction
=== PAUSE TestDualHeapEviction
=== RUN   TestTransactionDeduplication
=== PAUSE TestTransactionDeduplication
=== RUN   TestTransactionReplacement
=== PAUSE TestTransactionReplacement
=== RUN   TestTransactionReplacementDynamicFee
=== PAUSE TestTransactionReplacementDynamicFee
=== RUN   TestTransactionJournaling
=== PAUSE TestTransactionJournaling
=== RUN   TestTransactionJournalingNoLocals
=== PAUSE TestTransactionJournalingNoLocals
=== RUN   TestTransactionStatusCheck
=== PAUSE TestTransactionStatusCheck
=== RUN   TestTransactionSlotCount
=== PAUSE TestTransactionSlotCount
=== CONT  TestStateChangeDuringTransactionPoolReset
=== CONT  TestTransactionPendingGlobalLimiting
=== CONT  TestTransactionPoolUnderpricingDynamicFee
=== CONT  TestTransactionJournaling
=== CONT  TestTransactionReplacement
t=2023-06-02T16:09:00+0800 lvl=dbug msg="Reinjecting stale transactions"        count=0
=== CONT  TestTransactionStatusCheck
=== CONT  TestTransactionDeduplication
t=2023-06-02T16:09:00+0800 lvl=dbug msg="Reinjecting stale transactions"        count=0
t=2023-06-02T16:09:00+0800 lvl=dbug msg="Reinjecting stale transactions"        count=0
t=2023-06-02T16:09:00+0800 lvl=dbug msg="Reinjecting stale transactions"        count=0
=== CONT  TestTransactionJournalingNoLocals
=== CONT  TestTransactionPendingLimiting
t=2023-06-02T16:09:00+0800 lvl=dbug msg="Reinjecting stale transactions"        count=0
=== CONT  TestDualHeapEviction
=== CONT  TestTransactionPoolRepricing
=== CONT  TestTransactionPendingMinimumAllowance
=== CONT  TestTransactionReplacementDynamicFee
t=2023-06-02T16:09:00+0800 lvl=info msg="Regenerated local transaction journal" transactions=0 accounts=0
=== CONT  TestTransactionPoolUnderpricing
t=2023-06-02T16:09:00+0800 lvl=dbug msg="Reinjecting stale transactions"        count=0
t=2023-06-02T16:09:00+0800 lvl=dbug msg="Reinjecting stale transactions"        count=0
=== CONT  TestTransactionCapClearsFromAll
t=2023-06-02T16:09:00+0800 lvl=trce msg="Pooled new future transaction"         hash=0x8a5a2e30f35a176e47db3756a6cb9eee55fa44888f731703f652d55689ee51f2 from=0x1b524b0a7543831a17E018274ea9D22c1E0007C4 to=0x0000000000000000000000000000000000000000
t=2023-06-02T16:09:00+0800 lvl=trce msg="Removed old queued transactions"       count=0
t=2023-06-02T16:09:00+0800 lvl=trce msg="Removed unpayable queued transactions" count=0
t=2023-06-02T16:09:00+0800 lvl=trce msg="Promoted queued transactions"          count=1
=== CONT  TestTransactionPoolStableUnderpricing
t=2023-06-02T16:09:00+0800 lvl=dbug msg="Reinjecting stale transactions"        count=0
t=2023-06-02T16:09:00+0800 lvl=dbug msg="Reinjecting stale transactions"        count=0
t=2023-06-02T16:09:00+0800 lvl=warn msg="Sanitizing invalid txpool global queue" provided=0 updated=1024
t=2023-06-02T16:09:00+0800 lvl=dbug msg="Reinjecting stale transactions"         count=0
t=2023-06-02T16:09:00+0800 lvl=dbug msg="Reinjecting stale transactions"         count=0
t=2023-06-02T16:09:00+0800 lvl=dbug msg="Reinjecting stale transactions"         count=0
t=2023-06-02T16:09:00+0800 lvl=trce msg="Pooled new future transaction"          hash=0xd78496f22f8543eed9cbf841af40376996a89c40514eccbbce7f39241fb09d57 from=0x2D374080cEe2099B579989A1A2ED604b372bA7F2 to=0x0000000000000000000000000000000000000000
t=2023-06-02T16:09:00+0800 lvl=trce msg="Pooled new future transaction"          hash=0x9bafed84cf9d7f4869f7f197818f3a138c3b0250e5fe7f51cffabf7354867002 from=0x2D374080cEe2099B579989A1A2ED604b372bA7F2 to=0x0000000000000000000000000000000000000000
t=2023-06-02T16:09:00+0800 lvl=trce msg="Pooled new future transaction"          hash=0x21e5c6a6f037c7628643702b4a4c4dab61bc44053e3161d7157c18d39de061ae from=0x4fA3b59428864463D61fcC4fBAeB92a22A68e10d to=0x0000000000000000000000000000000000000000
t=2023-06-02T16:09:00+0800 lvl=trce msg="Pooled new future transaction"          hash=0x36fc65186c415365fb63793ea9ec04f8e8dd12ef056d7576a74b896d920dbdab from=0x717b1e38d33C91e2d605767195165dEa33102C39 to=0x0000000000000000000000000000000000000000
t=2023-06-02T16:09:00+0800 lvl=trce msg="Removed old queued transactions"        count=0
t=2023-06-02T16:09:00+0800 lvl=info msg="Setting new local account"              address=0x7a7028e6fd2855416745DAa56e695ED499e5bd0a
t=2023-06-02T16:09:00+0800 lvl=trce msg="Removed unpayable queued transactions"  count=0
t=2023-06-02T16:09:00+0800 lvl=trce msg="Promoted queued transactions"           count=1
t=2023-06-02T16:09:00+0800 lvl=trce msg="Pooled new future transaction"          hash=0x24592337891342555b7e75b1f466143836948d73b369f4d39510e8535692a6d8 from=0x411957cc5aFd135199940a284C3F20D2e8437436 to=0x0000000000000000000000000000000000000000
t=2023-06-02T16:09:00+0800 lvl=trce msg="Pooled new future transaction"          hash=0x6f913ed5a8b6d367b964cecd476436d9c34cd2db1384ea5f21380b88152ad0b1 from=0x29c6B1a89F19922aC16b8561951D0a05680408E9 to=0x0000000000000000000000000000000000000000
t=2023-06-02T16:09:00+0800 lvl=trce msg="Pooled new future transaction"          hash=0x6ad404bb8f9e1bdf87da72e5182a48a3d5aa5c418eda8322422fe0f66aa7b93c from=0x29c6B1a89F19922aC16b8561951D0a05680408E9 to=0x0000000000000000000000000000000000000000
t=2023-06-02T16:09:00+0800 lvl=trce msg="Pooled new future transaction"          hash=0xbe721d72e6a16d59b538bf0eec64d7fbc4c64b7d824df0e75006574ee3099a7d from=0xB2922b95f6bF789d5da50e1e947951320E595E05 to=0x0000000000000000000000000000000000000000
t=2023-06-02T16:09:00+0800 lvl=trce msg="Removed old queued transactions"        count=0
t=2023-06-02T16:09:00+0800 lvl=trce msg="Removed unpayable queued transactions"  count=0
t=2023-06-02T16:09:00+0800 lvl=trce msg="Promoted queued transactions"           count=1
t=2023-06-02T16:09:00+0800 lvl=trce msg="Removed old queued transactions"        count=0
t=2023-06-02T16:09:00+0800 lvl=trce msg="Removed unpayable queued transactions"  count=0
t=2023-06-02T16:09:00+0800 lvl=trce msg="Promoted queued transactions"           count=2
t=2023-06-02T16:09:00+0800 lvl=trce msg="Removed old queued transactions"        count=0
t=2023-06-02T16:09:00+0800 lvl=trce msg="Removed unpayable queued transactions"  count=0
t=2023-06-02T16:09:00+0800 lvl=trce msg="Promoted queued transactions"           count=2
t=2023-06-02T16:09:00+0800 lvl=trce msg="Pooled new future transaction"          hash=0x4e6454735f2232113bfb3cb58f27744c7b8301d51a09a2b7eaa2564a13656254 from=0x7a7028e6fd2855416745DAa56e695ED499e5bd0a to=0x0000000000000000000000000000000000000000
t=2023-06-02T16:09:00+0800 lvl=trce msg="Removed old queued transactions"        count=0
t=2023-06-02T16:09:00+0800 lvl=trce msg="Removed unpayable queued transactions"  count=0
t=2023-06-02T16:09:00+0800 lvl=trce msg="Pooled new future transaction"          hash=0x50ffb54c1136fabc0c777425cdff3b0ad786f6b5819cfc8242b21bee3b33032b from=0x9f80A86175be5EaaFD363027310177e895B5AF23 to=0x0000000000000000000000000000000000000000
t=2023-06-02T16:09:00+0800 lvl=trce msg="Pooled new future transaction"          hash=0xbdd9d22bbc74e1701b8af87f5d6357b40cd656a2bef0d7dbadde4753c4a13e46 from=0x717b1e38d33C91e2d605767195165dEa33102C39 to=0x0000000000000000000000000000000000000000
t=2023-06-02T16:09:00+0800 lvl=trce msg="Pooled new future transaction"          hash=0xfbade0da4381bce0b204e370e3599c0571e8ae24c3d670275f0b9d389131b640 from=0xD8D3a403717F25387cE3F2B90604c531224E8880 to=0x0000000000000000000000000000000000000000
t=2023-06-02T16:09:00+0800 lvl=trce msg="Removed old queued transactions"        count=0
t=2023-06-02T16:09:00+0800 lvl=trce msg="Removed unpayable queued transactions"  count=0
t=2023-06-02T16:09:00+0800 lvl=trce msg="Promoted queued transactions"           count=0
t=2023-06-02T16:09:00+0800 lvl=trce msg="Removed old queued transactions"        count=0
t=2023-06-02T16:09:00+0800 lvl=trce msg="Removed unpayable queued transactions"  count=0
t=2023-06-02T16:09:00+0800 lvl=trce msg="Promoted queued transactions"           count=2
t=2023-06-02T16:09:00+0800 lvl=dbug msg="Reinjecting stale transactions"         count=0
t=2023-06-02T16:09:00+0800 lvl=dbug msg="Reinjecting stale transactions"         count=0
t=2023-06-02T16:09:00+0800 lvl=dbug msg="Reinjecting stale transactions"         count=0
t=2023-06-02T16:09:00+0800 lvl=trce msg="Pooled new future transaction"          hash=0xd92abb33c2b9a045c37b9f8ca76f507ce45212a949443ad4b4855b03d98bda7a from=0x52D7DdC1B94D310f24a4E67cE43388304D47A507 to=0x0000000000000000000000000000000000000000
t=2023-06-02T16:09:00+0800 lvl=trce msg="Removed old queued transactions"        count=0
t=2023-06-02T16:09:00+0800 lvl=trce msg="Removed unpayable queued transactions"  count=0
t=2023-06-02T16:09:00+0800 lvl=trce msg="Promoted queued transactions"           count=1
t=2023-06-02T16:09:00+0800 lvl=trce msg="Pooled new executable transaction"      hash=0xaf19ac0e41dd812784e4684eb4c3cb8c9273e0210c015a1d03180065665c6627 from=0x1b524b0a7543831a17E018274ea9D22c1E0007C4 to=0x0000000000000000000000000000000000000000
t=2023-06-02T16:09:00+0800 lvl=trce msg="Removed old queued transactions"        count=0
t=2023-06-02T16:09:00+0800 lvl=trce msg="Removed unpayable queued transactions"  count=0
t=2023-06-02T16:09:00+0800 lvl=trce msg="Pooled new future transaction"          hash=0xfe9f5c7ed2e43f9e46604c425071f76f9db2de53529a0fdcfffc5a5ddfbbb89b from=0xC9955F89D781c5d3B8551187e8A44954502aa7Cd to=0x0000000000000000000000000000000000000000
t=2023-06-02T16:09:00+0800 lvl=trce msg="Promoted queued transactions"           count=2
t=2023-06-02T16:09:00+0800 lvl=trce msg="Removed old queued transactions"        count=0
t=2023-06-02T16:09:00+0800 lvl=trce msg="Removed unpayable queued transactions"  count=0
t=2023-06-02T16:09:00+0800 lvl=trce msg="Pooled new future transaction"          hash=0x323dc122f0f502b82e37a674e63f539d30087e6c91a0b0ca56e54150abd15252 from=0x52D7DdC1B94D310f24a4E67cE43388304D47A507 to=0x0000000000000000000000000000000000000000
t=2023-06-02T16:09:00+0800 lvl=trce msg="Removed old queued transactions"        count=0
t=2023-06-02T16:09:00+0800 lvl=trce msg="Removed unpayable queued transactions"  count=0
t=2023-06-02T16:09:00+0800 lvl=trce msg="Promoted queued transactions"           count=1
t=2023-06-02T16:09:00+0800 lvl=trce msg="Promoted queued transactions"           count=1
t=2023-06-02T16:09:00+0800 lvl=trce msg="Promoted queued transactions"           count=1
t=2023-06-02T16:09:00+0800 lvl=dbug msg="Reinjecting stale transactions"         count=0
t=2023-06-02T16:09:00+0800 lvl=info msg="Transaction pool stopped"
--- PASS: TestTransactionStatusCheck (0.00s)
=== CONT  TestTransactionPoolRepricingKeepsLocals
t=2023-06-02T16:09:00+0800 lvl=info msg="Transaction pool stopped"
--- PASS: TestStateChangeDuringTransactionPoolReset (0.00s)
=== CONT  TestTransactionPoolRepricingDynamicFee
t=2023-06-02T16:09:00+0800 lvl=trce msg="Removed old queued transactions"        count=0
t=2023-06-02T16:09:00+0800 lvl=trce msg="Removed unpayable queued transactions"  count=0
t=2023-06-02T16:09:00+0800 lvl=trce msg="Promoted queued transactions"           count=1
t=2023-06-02T16:09:00+0800 lvl=trce msg="Pooled new future transaction"          hash=0x8bb47f8810f78a3769461f0c6cee5d0a05f362fd562bff3a7c08d1371118d094 from=0xF9420A6205cf22cAee671887E4E6bad591298cbF to=0x0000000000000000000000000000000000000000
t=2023-06-02T16:09:00+0800 lvl=trce msg="Pooled new future transaction"          hash=0xd8794a7031a1ddbca8f38ba75ccd4e8cc8ef6e2596ac636217417aa1ad6ef3a5 from=0x7a7028e6fd2855416745DAa56e695ED499e5bd0a to=0x0000000000000000000000000000000000000000
t=2023-06-02T16:09:00+0800 lvl=trce msg="Pooled new future transaction"          hash=0x8ee5f1c6209d625ac89ee03049ff59102af6b37d6b879169bd883520273a655d from=0xF9420A6205cf22cAee671887E4E6bad591298cbF to=0x0000000000000000000000000000000000000000
t=2023-06-02T16:09:00+0800 lvl=trce msg="Pooled new future transaction"          hash=0xc22e709b5abdce927e866822d7d98536f555890b8472e9c0732dc3c24695f4e5 from=0xF9420A6205cf22cAee671887E4E6bad591298cbF to=0x0000000000000000000000000000000000000000
t=2023-06-02T16:09:00+0800 lvl=trce msg="Pooled new future transaction"          hash=0x1cc0179c0457e5fda6639bff1a2a1842f10fd2266cbf078c1605638b6fd21c0b from=0xF9420A6205cf22cAee671887E4E6bad591298cbF to=0x0000000000000000000000000000000000000000
t=2023-06-02T16:09:00+0800 lvl=trce msg="Pooled new future transaction"          hash=0x877015a2e9f57bfffa246a1963890cd8f5ad1b1ec5195dead649a00db2a98b3a from=0xF9420A6205cf22cAee671887E4E6bad591298cbF to=0x0000000000000000000000000000000000000000
t=2023-06-02T16:09:00+0800 lvl=trce msg="Pooled new future transaction"          hash=0x19a53b08d9294c459285524dac05e6673fe54334f455ef712972656d5d766aaf from=0x9f80A86175be5EaaFD363027310177e895B5AF23 to=0x0000000000000000000000000000000000000000
t=2023-06-02T16:09:00+0800 lvl=trce msg="Pooled new future transaction"          hash=0xebd82f6ea2d29ed705d4f9e720a03ed5260363feff142028a39370bdd3d9e457 from=0xF9420A6205cf22cAee671887E4E6bad591298cbF to=0x0000000000000000000000000000000000000000
t=2023-06-02T16:09:00+0800 lvl=trce msg="Pooled new future transaction"          hash=0x077a9958b795c5567e4f46af2d7bf9129cc05c22dca4f2c2692c08429fb3b16f from=0xF9420A6205cf22cAee671887E4E6bad591298cbF to=0x0000000000000000000000000000000000000000
t=2023-06-02T16:09:00+0800 lvl=trce msg="Pooled new future transaction"          hash=0x27eb10ee8d3de16812e090831ee5c21714d551e68580518ce5dba7a20949c347 from=0xF9420A6205cf22cAee671887E4E6bad591298cbF to=0x0000000000000000000000000000000000000000
t=2023-06-02T16:09:00+0800 lvl=trce msg="Removed old queued transactions"        count=0
t=2023-06-02T16:09:00+0800 lvl=trce msg="Removed unpayable queued transactions"  count=0
t=2023-06-02T16:09:00+0800 lvl=trce msg="Promoted queued transactions"           count=1
t=2023-06-02T16:09:00+0800 lvl=trce msg="Removed old queued transactions"        count=0
t=2023-06-02T16:09:00+0800 lvl=trce msg="Removed unpayable queued transactions"  count=0
t=2023-06-02T16:09:00+0800 lvl=trce msg="Promoted queued transactions"           count=1
t=2023-06-02T16:09:00+0800 lvl=trce msg="Pooled new executable transaction"      hash=0x70b305f541ca8612ab64e062b006a59d0df888533e059fdb1d8caa90e687cf08 from=0xC9955F89D781c5d3B8551187e8A44954502aa7Cd to=0x0000000000000000000000000000000000000000
t=2023-06-02T16:09:00+0800 lvl=trce msg="Pooled new future transaction"          hash=0x8f3bbb49bebe68eaacb4179e456b1d80b17f3ef9d09526eb2b7560bf926a9acc from=0xcb2f5Be673CdD83Fe40c7a2a67cAbDBA56eC6905 to=0x0000000000000000000000000000000000000000
t=2023-06-02T16:09:00+0800 lvl=info msg="Setting new local account"              address=0x8b3Af9A10A949849c926A9E013dd28054dDE0852
t=2023-06-02T16:09:00+0800 lvl=trce msg="Removed old queued transactions"        count=0
t=2023-06-02T16:09:00+0800 lvl=trce msg="Removed unpayable queued transactions"  count=0
t=2023-06-02T16:09:00+0800 lvl=trce msg="Promoted queued transactions"           count=1
t=2023-06-02T16:09:00+0800 lvl=trce msg="Pooled new future transaction"          hash=0x5a76c30e9ed1076c3eec388befa8370cf4c949aa1d62faf1aff1e91cdcfce38c from=0x8b3Af9A10A949849c926A9E013dd28054dDE0852 to=0x0000000000000000000000000000000000000000
t=2023-06-02T16:09:00+0800 lvl=trce msg="Removed old queued transactions"        count=0
t=2023-06-02T16:09:00+0800 lvl=trce msg="Removed unpayable queued transactions"  count=0
t=2023-06-02T16:09:00+0800 lvl=trce msg="Promoted queued transactions"           count=1
t=2023-06-02T16:09:00+0800 lvl=dbug msg="Reinjecting stale transactions"         count=0
t=2023-06-02T16:09:00+0800 lvl=trce msg="Pooled new future transaction"          hash=0x16e534542e59570e0c86159c725ce49e031f0d0ac319e70fc7dc1003ebcf790b from=0x52D7DdC1B94D310f24a4E67cE43388304D47A507 to=0x0000000000000000000000000000000000000000
t=2023-06-02T16:09:00+0800 lvl=trce msg="Removed old queued transactions"        count=0
t=2023-06-02T16:09:00+0800 lvl=trce msg="Removed unpayable queued transactions"  count=0
t=2023-06-02T16:09:00+0800 lvl=trce msg="Promoted queued transactions"           count=1
t=2023-06-02T16:09:00+0800 lvl=dbug msg="Reinjecting stale transactions"         count=0
t=2023-06-02T16:09:00+0800 lvl=dbug msg="Reinjecting stale transactions"         count=0
t=2023-06-02T16:09:00+0800 lvl=trce msg="Pooled new future transaction"          hash=0xdde29a98d8d86d43e7ff57187ff2233cc964ba46f65a77eebaf2a6985eba2e08 from=0x90B56b923647651f821F0485ed882Bb572f1BcA4 to=0x0000000000000000000000000000000000000000
t=2023-06-02T16:09:00+0800 lvl=trce msg="Pooled new future transaction"          hash=0xf28b1b106561f26b5aab4eb242187bec8659f90193557e3a22c3139d5abb409c from=0x7a7028e6fd2855416745DAa56e695ED499e5bd0a to=0x0000000000000000000000000000000000000000
t=2023-06-02T16:09:00+0800 lvl=trce msg="Pooled new future transaction"          hash=0x481bb08d0bab1de26569978921213858c15fb835abd0efd97f823adebdfe6c49 from=0xF9420A6205cf22cAee671887E4E6bad591298cbF to=0x0000000000000000000000000000000000000000
t=2023-06-02T16:09:00+0800 lvl=trce msg="Pooled new future transaction"          hash=0xd809134c61a9c58571b6acc296abb6b864ab3c529f78685ea98eaabdd6b9a6bd from=0xF9420A6205cf22cAee671887E4E6bad591298cbF to=0x0000000000000000000000000000000000000000
t=2023-06-02T16:09:00+0800 lvl=trce msg="Pooled new future transaction"          hash=0xcb1127655d795ea3c1cb6a8688a6f401d18e5379bb74c79789cbc8384c880c97 from=0xF9420A6205cf22cAee671887E4E6bad591298cbF to=0x0000000000000000000000000000000000000000
t=2023-06-02T16:09:00+0800 lvl=trce msg="Removed old queued transactions"        count=0
t=2023-06-02T16:09:00+0800 lvl=trce msg="Pooled new future transaction"          hash=0x35d6bacfe4f80e83ca376be9f9083a6eeaa1a69ad9571a7f465fe455981cfa67 from=0xB9D96d6bB592A7e401c3dd42c6aFE094B9aAD73a to=0x0000000000000000000000000000000000000000
t=2023-06-02T16:09:00+0800 lvl=trce msg="Removed unpayable queued transactions"  count=0
t=2023-06-02T16:09:00+0800 lvl=trce msg="Promoted queued transactions"           count=1
t=2023-06-02T16:09:00+0800 lvl=info msg="Setting new local account"              address=0x7628e7c918DAaf4dfbF615023fDBcF72b8479bCe
t=2023-06-02T16:09:00+0800 lvl=trce msg="Pooled new future transaction"          hash=0xad034935e0b55090b5fdc94b7b934642aece3613add2c4d7b47f25be121ca39f from=0x7628e7c918DAaf4dfbF615023fDBcF72b8479bCe to=0x0000000000000000000000000000000000000000
t=2023-06-02T16:09:00+0800 lvl=trce msg="Removed old queued transactions"        count=0
t=2023-06-02T16:09:00+0800 lvl=trce msg="Removed unpayable queued transactions"  count=0
t=2023-06-02T16:09:00+0800 lvl=trce msg="Promoted queued transactions"           count=1
t=2023-06-02T16:09:00+0800 lvl=trce msg="Pooled new future transaction"          hash=0xefbec86b0c3da9ea9e630d6294c8afec706d1ba3f8e1c49bcc77fd85948a7e41 from=0xB9D96d6bB592A7e401c3dd42c6aFE094B9aAD73a to=0x0000000000000000000000000000000000000000
t=2023-06-02T16:09:00+0800 lvl=trce msg="Pooled new future transaction"          hash=0xa03619060b752fadf1e0ae19babf5661b4b00bfd833425aa7ace0bad025dbcf1 from=0xB9D96d6bB592A7e401c3dd42c6aFE094B9aAD73a to=0x0000000000000000000000000000000000000000
t=2023-06-02T16:09:00+0800 lvl=trce msg="Pooled new future transaction"          hash=0x3ca4385f0469c93c2d172224ea762d45729f4134883e1df61edc36ab5b5ffa3f from=0xaC9Fb91Eb611BdA690FE7CD38E915B013bF83E32 to=0x0000000000000000000000000000000000000000
t=2023-06-02T16:09:00+0800 lvl=trce msg="Removed old queued transactions"        count=0
t=2023-06-02T16:09:00+0800 lvl=trce msg="Pooled new future transaction"          hash=0x62f1e5ab81da6f23d0fe2321d7f22f132cb2c7c739312df79e9ae200d8f9dbda from=0x7628e7c918DAaf4dfbF615023fDBcF72b8479bCe to=0x0000000000000000000000000000000000000000
t=2023-06-02T16:09:00+0800 lvl=trce msg="Removed old queued transactions"        count=0
t=2023-06-02T16:09:00+0800 lvl=trce msg="Removed unpayable queued transactions"  count=0
t=2023-06-02T16:09:00+0800 lvl=trce msg="Promoted queued transactions"           count=0
t=2023-06-02T16:09:00+0800 lvl=trce msg="Pooled new future transaction"          hash=0x1229fe205e98dfd723c9bb51ee37bf72261f20e0d156f2fff235b0d37b7ebd9e from=0x0c68C7Bada9Feb94de8F3716Df48c52285489407 to=0x0000000000000000000000000000000000000000
t=2023-06-02T16:09:00+0800 lvl=trce msg="Pooled new future transaction"          hash=0x4817b763e36721345e63c9ba286bd77d30092dd2b4c410b25698a30f2a7cb89d from=0x0c68C7Bada9Feb94de8F3716Df48c52285489407 to=0x0000000000000000000000000000000000000000
t=2023-06-02T16:09:00+0800 lvl=trce msg="Pooled new future transaction"          hash=0x27ef21d70a284ed362b04e53b0435b6255a8b4daa268d74f89e81279dbca706d from=0x0c68C7Bada9Feb94de8F3716Df48c52285489407 to=0x0000000000000000000000000000000000000000
t=2023-06-02T16:09:00+0800 lvl=trce msg="Pooled new future transaction"          hash=0xbb9f8680a9d44881c76d984a788c47253319b20b9a8a17596c0aa4de293d4ed5 from=0x02110238aa1D6d8d087832dC6c7F10FfCaDE1ceE to=0x0000000000000000000000000000000000000000
t=2023-06-02T16:09:00+0800 lvl=trce msg="Pooled new future transaction"          hash=0xf9d586f08e2a262160d889f02db58bcab4e875975e9e1d6aee63de6dffa0ddb6 from=0x02110238aa1D6d8d087832dC6c7F10FfCaDE1ceE to=0x0000000000000000000000000000000000000000
t=2023-06-02T16:09:00+0800 lvl=trce msg="Pooled new future transaction"          hash=0x65cda9271593366ce193a8f78983f48e6a3b3399559e8751fbd874e22b07db87 from=0x02110238aa1D6d8d087832dC6c7F10FfCaDE1ceE to=0x0000000000000000000000000000000000000000
t=2023-06-02T16:09:00+0800 lvl=trce msg="Pooled new future transaction"          hash=0x54b92cd368de5e1e78397e9f1b42aff5194b749ebd5abd4bc5be9853616cc428 from=0x9f80A86175be5EaaFD363027310177e895B5AF23 to=0x0000000000000000000000000000000000000000
t=2023-06-02T16:09:00+0800 lvl=trce msg="Removed old queued transactions"        count=0
t=2023-06-02T16:09:00+0800 lvl=trce msg="Pooled new future transaction"          hash=0x59880e08334cb8c7429db704c33c473c76c214a6be4188ae66e6431800df18c0 from=0xe2B128d576f7bDC138D615E6609C9f2fa409e5cb to=0x0000000000000000000000000000000000000000
t=2023-06-02T16:09:00+0800 lvl=info msg="Setting new local account"              address=0x66e0851F1a162869024b4C9f6b1C4Fc5cb4832F1
t=2023-06-02T16:09:00+0800 lvl=trce msg="Pooled new future transaction"          hash=0x6be6a37d44fc8f61350c6fce4db6337fa3f3f884ae7be8b60080a6936b66a323 from=0x66e0851F1a162869024b4C9f6b1C4Fc5cb4832F1 to=0x0000000000000000000000000000000000000000
t=2023-06-02T16:09:00+0800 lvl=trce msg="Removed old queued transactions"        count=0
t=2023-06-02T16:09:00+0800 lvl=trce msg="Removed unpayable queued transactions"  count=0
t=2023-06-02T16:09:00+0800 lvl=trce msg="Promoted queued transactions"           count=1
t=2023-06-02T16:09:00+0800 lvl=trce msg="Pooled new future transaction"          hash=0xf2b6f25fd1c1a1e16d9b4de60b8f4cea592135b4e05fa4db49c5b9dc08c96562 from=0xF9420A6205cf22cAee671887E4E6bad591298cbF to=0x0000000000000000000000000000000000000000
t=2023-06-02T16:09:00+0800 lvl=trce msg="Pooled new future transaction"          hash=0x3c45105de9978667c6e65d3b8a092ab7bbf53e92718162b1ea674439f2d004dc from=0xF9420A6205cf22cAee671887E4E6bad591298cbF to=0x0000000000000000000000000000000000000000
t=2023-06-02T16:09:00+0800 lvl=trce msg="Pooled new future transaction"          hash=0xd0989efc49cfbfc8a84c9bdd5fd11ac190cb46ea59fe99b3419c3ae6a3ac83ff from=0xF9420A6205cf22cAee671887E4E6bad591298cbF to=0x0000000000000000000000000000000000000000
t=2023-06-02T16:09:00+0800 lvl=trce msg="Pooled new future transaction"          hash=0x2a2a21ca662dc34a61276a4715aaab4c6f1230846387a54b0dc8484386594609 from=0xF9420A6205cf22cAee671887E4E6bad591298cbF to=0x0000000000000000000000000000000000000000
t=2023-06-02T16:09:00+0800 lvl=trce msg="Pooled new future transaction"          hash=0x4e4e4591bfae43b84f744b23eaf941adaf6aa26b7f011cf882783f202851cba9 from=0xF9420A6205cf22cAee671887E4E6bad591298cbF to=0x0000000000000000000000000000000000000000
t=2023-06-02T16:09:00+0800 lvl=trce msg="Pooled new future transaction"          hash=0xfdc34a6521d756c95f39e25b236254983bb1f135ed20859274a4031c31628ebd from=0xe2B128d576f7bDC138D615E6609C9f2fa409e5cb to=0x0000000000000000000000000000000000000000
t=2023-06-02T16:09:00+0800 lvl=trce msg="Pooled new future transaction"          hash=0xd2ca1ed42e7df60688216906892108f041b7410f303c4f4e31afb5f8dda1c62b from=0xae7f5Fc892788f25255f8c1D33c1f7f4C056c888 to=0x0000000000000000000000000000000000000000
t=2023-06-02T16:09:00+0800 lvl=trce msg="Removed old queued transactions"        count=0
t=2023-06-02T16:09:00+0800 lvl=trce msg="Removed unpayable queued transactions"  count=0
t=2023-06-02T16:09:00+0800 lvl=trce msg="Promoted queued transactions"           count=2
t=2023-06-02T16:09:00+0800 lvl=trce msg="Removed old queued transactions"        count=0
t=2023-06-02T16:09:00+0800 lvl=trce msg="Removed unpayable queued transactions"  count=0
t=2023-06-02T16:09:00+0800 lvl=trce msg="Promoted queued transactions"           count=2
t=2023-06-02T16:09:00+0800 lvl=trce msg="Pooled new future transaction"          hash=0xbd68db873334d1d279cb024451a212f5c0fdef4776c7874fd1fed5d667e2c1b4 from=0x66e0851F1a162869024b4C9f6b1C4Fc5cb4832F1 to=0x0000000000000000000000000000000000000000
t=2023-06-02T16:09:00+0800 lvl=trce msg="Removed unpayable queued transactions"  count=0
t=2023-06-02T16:09:00+0800 lvl=trce msg="Pooled new future transaction"          hash=0xe1012b0cb61e739981a20d27f17fd041c8040bd4c1692652c5199f0bd9809ade from=0xAA93a5385D517bA45f8243125ea0d1703F54EDf6 to=0x0000000000000000000000000000000000000000
t=2023-06-02T16:09:00+0800 lvl=trce msg="Pooled new future transaction"          hash=0xe42bf51dd1801fa86572b1c8784d30a29bbb15032d0382eb0a1b0da80543b844 from=0xAA93a5385D517bA45f8243125ea0d1703F54EDf6 to=0x0000000000000000000000000000000000000000
t=2023-06-02T16:09:00+0800 lvl=trce msg="Pooled new future transaction"          hash=0xa2384d404e608528a56444199430788c50cfa7d81c9b4f74c94324000e3ed2ad from=0xAA93a5385D517bA45f8243125ea0d1703F54EDf6 to=0x0000000000000000000000000000000000000000
t=2023-06-02T16:09:00+0800 lvl=trce msg="Promoted queued transactions"           count=1
t=2023-06-02T16:09:00+0800 lvl=trce msg="Removed old queued transactions"        count=0
t=2023-06-02T16:09:00+0800 lvl=trce msg="Removed unpayable queued transactions"  count=0
t=2023-06-02T16:09:00+0800 lvl=trce msg="Promoted queued transactions"           count=1
t=2023-06-02T16:09:00+0800 lvl=trce msg="Removed unpayable queued transactions"  count=0
t=2023-06-02T16:09:00+0800 lvl=trce msg="Promoted queued transactions"           count=1
t=2023-06-02T16:09:00+0800 lvl=trce msg="Removed old queued transactions"        count=0
t=2023-06-02T16:09:00+0800 lvl=trce msg="Removed unpayable queued transactions"  count=0
t=2023-06-02T16:09:00+0800 lvl=trce msg="Promoted queued transactions"           count=3
t=2023-06-02T16:09:00+0800 lvl=trce msg="Removed old queued transactions"        count=0
t=2023-06-02T16:09:00+0800 lvl=trce msg="Removed unpayable queued transactions"  count=0
t=2023-06-02T16:09:00+0800 lvl=trce msg="Pooled new future transaction"          hash=0xa128fbacda6f6e0bd9f678b57f360081c5883db09cf78980607af83004d4c7c8 from=0x52D7DdC1B94D310f24a4E67cE43388304D47A507 to=0x0000000000000000000000000000000000000000
t=2023-06-02T16:09:00+0800 lvl=trce msg="Removed old queued transactions"        count=0
t=2023-06-02T16:09:00+0800 lvl=trce msg="Removed unpayable queued transactions"  count=0
t=2023-06-02T16:09:00+0800 lvl=trce msg="Promoted queued transactions"           count=1
t=2023-06-02T16:09:00+0800 lvl=trce msg="Pooled new future transaction"          hash=0xf9d2c25902077f7bc4ea87c711481bb85ee0cb67b890ff2e91bd233b7d98747e from=0xcDA5Bd496d6F9129447BFF8D31B3E1F7e37fB0e3 to=0x0000000000000000000000000000000000000000
t=2023-06-02T16:09:00+0800 lvl=trce msg="Removed old queued transactions"        count=0
t=2023-06-02T16:09:00+0800 lvl=trce msg="Removed unpayable queued transactions"  count=0
t=2023-06-02T16:09:00+0800 lvl=trce msg="Promoted queued transactions"           count=6
t=2023-06-02T16:09:00+0800 lvl=trce msg="Removed old queued transactions"        count=0
t=2023-06-02T16:09:00+0800 lvl=trce msg="Removed unpayable queued transactions"  count=0
t=2023-06-02T16:09:00+0800 lvl=trce msg="Promoted queued transactions"           count=6
t=2023-06-02T16:09:00+0800 lvl=trce msg="Removed old queued transactions"        count=0
t=2023-06-02T16:09:00+0800 lvl=trce msg="Removed unpayable queued transactions"  count=0
t=2023-06-02T16:09:00+0800 lvl=trce msg="Promoted queued transactions"           count=15
t=2023-06-02T16:09:00+0800 lvl=trce msg="Removed old queued transactions"        count=0
t=2023-06-02T16:09:00+0800 lvl=trce msg="Removed unpayable queued transactions"  count=0
t=2023-06-02T16:09:00+0800 lvl=trce msg="Promoted queued transactions"           count=0
t=2023-06-02T16:09:00+0800 lvl=trce msg="Removed old queued transactions"        count=0
t=2023-06-02T16:09:00+0800 lvl=trce msg="Removed unpayable queued transactions"  count=0
t=2023-06-02T16:09:00+0800 lvl=info msg="Transaction pool stopped"
t=2023-06-02T16:09:00+0800 lvl=trce msg="Promoted queued transactions"           count=1
--- PASS: TestTransactionDeduplication (0.01s)
=== CONT  TestTransactionSlotCount
t=2023-06-02T16:09:00+0800 lvl=info msg="Setting new local account"              address=0x72c6f14d58c101178f66c5CEBE51a29408f85Ebb
t=2023-06-02T16:09:00+0800 lvl=trce msg="Pooled new future transaction"          hash=0x25f972bfac458c0944f1f22e8ae6ced9b76dc43a465acf5735c8755ebacdf422 from=0x72c6f14d58c101178f66c5CEBE51a29408f85Ebb to=0x0000000000000000000000000000000000000000
t=2023-06-02T16:09:00+0800 lvl=trce msg="Removed old queued transactions"        count=0
t=2023-06-02T16:09:00+0800 lvl=trce msg="Removed unpayable queued transactions"  count=0
t=2023-06-02T16:09:00+0800 lvl=trce msg="Promoted queued transactions"           count=1
t=2023-06-02T16:09:00+0800 lvl=trce msg="Pooled new future transaction"          hash=0x52e54d786e2b8a45d403977528ea7e5b8ecfeceeff578109b6b5de03bfa12178 from=0xdBc5AEfc8c00c45A299BdA0a7966809CABB90A08 to=0x0000000000000000000000000000000000000000
t=2023-06-02T16:09:00+0800 lvl=trce msg="Pooled new future transaction"          hash=0x90edfb94b7ba58c5278a0456994683e6db67def87440652b2a41abbf9c2bd845 from=0xdBc5AEfc8c00c45A299BdA0a7966809CABB90A08 to=0x0000000000000000000000000000000000000000
t=2023-06-02T16:09:00+0800 lvl=trce msg="Pooled new future transaction"          hash=0xae1425ff5504fbeca642d687313ede522b6112811c9d75cc1731d44a65fb366b from=0xdBc5AEfc8c00c45A299BdA0a7966809CABB90A08 to=0x0000000000000000000000000000000000000000
t=2023-06-02T16:09:00+0800 lvl=trce msg="Pooled new future transaction"          hash=0xa983e590f48484671ea4a7325f0d2b8fe14c8d0054335e89062ebfb00544db4b from=0x6B7ec6dFE80546599a081aE1175287e038c44451 to=0x0000000000000000000000000000000000000000
t=2023-06-02T16:09:00+0800 lvl=trce msg="Pooled new future transaction"          hash=0xe0ee30ef8327695065440516faa9337fb069ed757f9d548c02cb2e511d014037 from=0x61E3965aC2b40D47713eF818e600a5eac5536323 to=0x0000000000000000000000000000000000000000
t=2023-06-02T16:09:00+0800 lvl=trce msg="Pooled new future transaction"          hash=0xaf7b1ac79ab42350c9dce8701dcbe8d2d4e29eb2c2be40e35a2fb333280e3951 from=0x61E3965aC2b40D47713eF818e600a5eac5536323 to=0x0000000000000000000000000000000000000000
t=2023-06-02T16:09:00+0800 lvl=trce msg="Pooled new future transaction"          hash=0xd71d6d471c87b4e2f350c728a2521e0424ac0798ef51089419b9b040aa7bba9a from=0x61E3965aC2b40D47713eF818e600a5eac5536323 to=0x0000000000000000000000000000000000000000
t=2023-06-02T16:09:00+0800 lvl=trce msg="Removed old queued transactions"        count=0
t=2023-06-02T16:09:00+0800 lvl=trce msg="Removed unpayable queued transactions"  count=0
t=2023-06-02T16:09:00+0800 lvl=trce msg="Pooled new future transaction"          hash=0x6cf564fb74819522b5256e1d4fbc42934024e211f773288dc3638d8286d4c36b from=0x7628e7c918DAaf4dfbF615023fDBcF72b8479bCe to=0x0000000000000000000000000000000000000000
t=2023-06-02T16:09:00+0800 lvl=trce msg="Removed old queued transactions"        count=0
t=2023-06-02T16:09:00+0800 lvl=trce msg="Removed unpayable queued transactions"  count=0
t=2023-06-02T16:09:00+0800 lvl=trce msg="Promoted queued transactions"           count=1
t=2023-06-02T16:09:00+0800 lvl=trce msg="Removed old queued transactions"        count=0
t=2023-06-02T16:09:00+0800 lvl=trce msg="Removed unpayable queued transactions"  count=0
t=2023-06-02T16:09:00+0800 lvl=trce msg="Promoted queued transactions"           count=1
t=2023-06-02T16:09:00+0800 lvl=trce msg="Pooled new future transaction"          hash=0xc91bc2533964ae47401a8414b4190da1ee451f04049a53cbb8d214ad0473e891 from=0xa4e66809C4a6864EF38987BaB6Bc5BC8bFe68FAD to=0x0000000000000000000000000000000000000000
t=2023-06-02T16:09:00+0800 lvl=trce msg="Pooled new future transaction"          hash=0x8371d19d5fa8cba06acd40b0e1eae2da2e0af137b149f017107399a7ccfffe49 from=0xa4e66809C4a6864EF38987BaB6Bc5BC8bFe68FAD to=0x0000000000000000000000000000000000000000
t=2023-06-02T16:09:00+0800 lvl=trce msg="Pooled new future transaction"          hash=0x1ad1c2eaf155453eca00d04adf24eae2ec0db13e3ecd54c513f5d81b5fbce3b9 from=0xa4e66809C4a6864EF38987BaB6Bc5BC8bFe68FAD to=0x0000000000000000000000000000000000000000
t=2023-06-02T16:09:00+0800 lvl=trce msg="Pooled new future transaction"          hash=0x46933597d11d5d9fe0adf652eaf755842f0e2f57c4fec89c7ca9e011025ff831 from=0xa4e66809C4a6864EF38987BaB6Bc5BC8bFe68FAD to=0x0000000000000000000000000000000000000000
t=2023-06-02T16:09:00+0800 lvl=trce msg="Pooled new future transaction"          hash=0x9393dd2a6f96be8299e16ed8b9c8070a4771c62b2b5e3c4104fa9cdc8bc31893 from=0x7628e7c918DAaf4dfbF615023fDBcF72b8479bCe to=0x0000000000000000000000000000000000000000
t=2023-06-02T16:09:00+0800 lvl=trce msg="Pooled new future transaction"          hash=0xb487fa00c14ad393face10d6833bdc1eac856456af38e88189e113c9006b37d2 from=0xa4e66809C4a6864EF38987BaB6Bc5BC8bFe68FAD to=0x0000000000000000000000000000000000000000
t=2023-06-02T16:09:00+0800 lvl=trce msg="Removed old queued transactions"        count=0
t=2023-06-02T16:09:00+0800 lvl=trce msg="Removed unpayable queued transactions"  count=0
t=2023-06-02T16:09:00+0800 lvl=trce msg="Pooled new future transaction"          hash=0x9008098b4b0d2a880aaf661de6d5a8a126599c9fd2eaa104a52986ffd30179fe from=0xa4e66809C4a6864EF38987BaB6Bc5BC8bFe68FAD to=0x0000000000000000000000000000000000000000
t=2023-06-02T16:09:00+0800 lvl=trce msg="Pooled new future transaction"          hash=0x97114bb3073f26d9a49017b9c97abbea97dc177e9686c4843d0518394662152a from=0xa4e66809C4a6864EF38987BaB6Bc5BC8bFe68FAD to=0x0000000000000000000000000000000000000000
t=2023-06-02T16:09:00+0800 lvl=trce msg="Pooled new future transaction"          hash=0x604749223a2ee4f4a4b70e7977d1a86209e06af604616aab38e7be6d5d61d715 from=0xa4e66809C4a6864EF38987BaB6Bc5BC8bFe68FAD to=0x0000000000000000000000000000000000000000
t=2023-06-02T16:09:00+0800 lvl=trce msg="Pooled new future transaction"          hash=0xad792baaed8508b55e52dfc430316383b641825e2a8af2412383d65ec0c6d901 from=0xa4e66809C4a6864EF38987BaB6Bc5BC8bFe68FAD to=0x0000000000000000000000000000000000000000
t=2023-06-02T16:09:00+0800 lvl=trce msg="Pooled new future transaction"          hash=0x7113302e9e9be04029aaf729a25011505034c8b8c5aa6c044ec97142413409ef from=0x6C0C7c40E6E9Df1a3A73B076DE3e83d39BcF00F3 to=0x0000000000000000000000000000000000000000
t=2023-06-02T16:09:00+0800 lvl=trce msg="Removed old queued transactions"        count=0
t=2023-06-02T16:09:00+0800 lvl=trce msg="Removed unpayable queued transactions"  count=0
t=2023-06-02T16:09:00+0800 lvl=trce msg="Promoted queued transactions"           count=0
t=2023-06-02T16:09:00+0800 lvl=trce msg="Pooled new future transaction"          hash=0xc987923616ca20e9870136a051bebe77c7f16ebf288902c4a6347c1aadbb2f15 from=0x52D7DdC1B94D310f24a4E67cE43388304D47A507 to=0x0000000000000000000000000000000000000000
t=2023-06-02T16:09:00+0800 lvl=trce msg="Removed old queued transactions"        count=0
t=2023-06-02T16:09:00+0800 lvl=trce msg="Removed unpayable queued transactions"  count=0
t=2023-06-02T16:09:00+0800 lvl=info msg="Setting new local account"              address=0xf6c3E1476365CfCAeE1CB29D371032054D8D4DA3
t=2023-06-02T16:09:00+0800 lvl=trce msg="Pooled new future transaction"          hash=0xbec616d21d00ff673898a36cee8ca662d832d46e0f3e5e3e43445f604c48eca4 from=0xf6c3E1476365CfCAeE1CB29D371032054D8D4DA3 to=0x0000000000000000000000000000000000000000
t=2023-06-02T16:09:00+0800 lvl=trce msg="Removed old queued transactions"        count=0
t=2023-06-02T16:09:00+0800 lvl=trce msg="Removed unpayable queued transactions"  count=0
t=2023-06-02T16:09:00+0800 lvl=trce msg="Promoted queued transactions"           count=1
t=2023-06-02T16:09:00+0800 lvl=trce msg="Pooled new future transaction"          hash=0xe32288bef636dcbb491ed62166d0f2b1e9710e32706612a53593b308cf5dd330 from=0x66e0851F1a162869024b4C9f6b1C4Fc5cb4832F1 to=0x0000000000000000000000000000000000000000
t=2023-06-02T16:09:00+0800 lvl=trce msg="Promoted queued transactions"           count=3
t=2023-06-02T16:09:00+0800 lvl=trce msg="Removed old queued transactions"        count=0
t=2023-06-02T16:09:00+0800 lvl=trce msg="Removed unpayable queued transactions"  count=0
t=2023-06-02T16:09:00+0800 lvl=trce msg="Promoted queued transactions"           count=6
t=2023-06-02T16:09:00+0800 lvl=trce msg="Removed old queued transactions"        count=0
t=2023-06-02T16:09:00+0800 lvl=trce msg="Removed unpayable queued transactions"  count=0
t=2023-06-02T16:09:00+0800 lvl=trce msg="Promoted queued transactions"           count=6
t=2023-06-02T16:09:00+0800 lvl=info msg="Transaction pool stopped"
t=2023-06-02T16:09:00+0800 lvl=dbug msg="Reinjecting stale transactions"         count=0
t=2023-06-02T16:09:00+0800 lvl=trce msg="Promoted queued transactions"           count=1
t=2023-06-02T16:09:00+0800 lvl=trce msg="Pooled new future transaction"          hash=0xf0b38713d11205a1c02e3b25b800442cb5a5ea0345d65fe3d64482f5bf19dcd5 from=0xa4e66809C4a6864EF38987BaB6Bc5BC8bFe68FAD to=0x0000000000000000000000000000000000000000
t=2023-06-02T16:09:00+0800 lvl=info msg="Transaction pool stopped"
t=2023-06-02T16:09:00+0800 lvl=trce msg="Pooled new future transaction"          hash=0x44859061a244cd83197b023e39255b4da66645d94e0b68d26aaf7c3ec94d389b from=0xa4e66809C4a6864EF38987BaB6Bc5BC8bFe68FAD to=0x0000000000000000000000000000000000000000
t=2023-06-02T16:09:00+0800 lvl=dbug msg="Reinjecting stale transactions"         count=0
t=2023-06-02T16:09:00+0800 lvl=trce msg="Promoted queued transactions"           count=1
t=2023-06-02T16:09:00+0800 lvl=dbug msg="Reinjecting stale transactions"         count=0
t=2023-06-02T16:09:00+0800 lvl=trce msg="Removed old queued transactions"        count=0
t=2023-06-02T16:09:00+0800 lvl=trce msg="Removed unpayable queued transactions"  count=0
t=2023-06-02T16:09:00+0800 lvl=trce msg="Promoted queued transactions"           count=1
t=2023-06-02T16:09:00+0800 lvl=info msg="Setting new local account"              address=0xbC61b861F111563C4088756243F5D02225dFa088
t=2023-06-02T16:09:00+0800 lvl=trce msg="Pooled new future transaction"          hash=0xce24f0507aac4c3ba2dbaf5caf3f1b14bce268e3c718ee517503a933629116ed from=0xbC61b861F111563C4088756243F5D02225dFa088 to=0x0000000000000000000000000000000000000000
t=2023-06-02T16:09:00+0800 lvl=trce msg="Pooled new future transaction"          hash=0x38b6d7a0a6d06f87f866633f6433a3c33183a94484a0a02c24ca3f3eaee15775 from=0xa4e66809C4a6864EF38987BaB6Bc5BC8bFe68FAD to=0x0000000000000000000000000000000000000000
t=2023-06-02T16:09:00+0800 lvl=trce msg="Discarding invalid transaction"         hash=0x4e6454735f2232113bfb3cb58f27744c7b8301d51a09a2b7eaa2564a13656254 err="nonce too low"
t=2023-06-02T16:09:00+0800 lvl=info msg="Setting new local account"              address=0x7a7028e6fd2855416745DAa56e695ED499e5bd0a
t=2023-06-02T16:09:00+0800 lvl=trce msg="Pooled new future transaction"          hash=0xd8794a7031a1ddbca8f38ba75ccd4e8cc8ef6e2596ac636217417aa1ad6ef3a5 from=0x7a7028e6fd2855416745DAa56e695ED499e5bd0a to=0x0000000000000000000000000000000000000000
t=2023-06-02T16:09:00+0800 lvl=trce msg="Pooled new future transaction"          hash=0xf28b1b106561f26b5aab4eb242187bec8659f90193557e3a22c3139d5abb409c from=0x7a7028e6fd2855416745DAa56e695ED499e5bd0a to=0x0000000000000000000000000000000000000000
--- PASS: TestTransactionSlotCount (0.00s)
=== CONT  TestTransactionMissingNonce
t=2023-06-02T16:09:00+0800 lvl=trce msg="Removed old queued transactions"        count=0
t=2023-06-02T16:09:00+0800 lvl=trce msg="Removed unpayable queued transactions"  count=0
t=2023-06-02T16:09:00+0800 lvl=trce msg="Promoted queued transactions"           count=2
t=2023-06-02T16:09:00+0800 lvl=trce msg="Pooled new future transaction"          hash=0xaaa1590ddafff0fe3171c21d414cf48e26b511b93ae478b7d1d47da19aa9013b from=0xa4e66809C4a6864EF38987BaB6Bc5BC8bFe68FAD to=0x0000000000000000000000000000000000000000
t=2023-06-02T16:09:00+0800 lvl=trce msg="Pooled new future transaction"          hash=0x56d2330df731e0f6aa05957805f8b71142d711dc73f6737d2310e165a03601df from=0xa4e66809C4a6864EF38987BaB6Bc5BC8bFe68FAD to=0x0000000000000000000000000000000000000000
t=2023-06-02T16:09:00+0800 lvl=dbug msg="Reinjecting stale transactions"         count=0
t=2023-06-02T16:09:00+0800 lvl=dbug msg="Failed to add journaled transaction"    err="nonce too low"
t=2023-06-02T16:09:00+0800 lvl=trce msg="Pooled new future transaction"          hash=0x2a6e2cdc55cd5eb1e78c501636f0940f61478b965bdd24d1e434a8bdf0783db7 from=0xa4e66809C4a6864EF38987BaB6Bc5BC8bFe68FAD to=0x0000000000000000000000000000000000000000
t=2023-06-02T16:09:00+0800 lvl=trce msg="Pooled new future transaction"          hash=0x999d7b9c3b485d42464b02390d0561b2d5cf14e3f06d8279217a5d54dacb4d62 from=0x52D7DdC1B94D310f24a4E67cE43388304D47A507 to=0x0000000000000000000000000000000000000000
t=2023-06-02T16:09:00+0800 lvl=trce msg="Removed old queued transactions"        count=0
t=2023-06-02T16:09:00+0800 lvl=trce msg="Removed unpayable queued transactions"  count=0
t=2023-06-02T16:09:00+0800 lvl=trce msg="Promoted queued transactions"           count=1
t=2023-06-02T16:09:00+0800 lvl=info msg="Loaded local transaction journal"       transactions=3 dropped=1
t=2023-06-02T16:09:00+0800 lvl=trce msg="Promoted queued transactions"           count=1
t=2023-06-02T16:09:00+0800 lvl=trce msg="Pooled new future transaction"          hash=0x2e95ac941912bdec0912aaa06302ba6b0bcc03c511e7b7cf11a6d7bc343c4c80 from=0x6452B0249523807C68f81FaEab24Bf445dC36e63 to=0x0000000000000000000000000000000000000000
t=2023-06-02T16:09:00+0800 lvl=info msg="Transaction pool stopped"
--- PASS: TestTransactionMissingNonce (0.00s)
=== CONT  TestTransactionQueueGlobalLimitingNoLocals
t=2023-06-02T16:09:00+0800 lvl=trce msg="Pooled new future transaction"          hash=0x6e8a52021e5c2223db955e52603cfa98270d11cb8ba2de5cd831f3c810fb5af2 from=0x66e0851F1a162869024b4C9f6b1C4Fc5cb4832F1 to=0x0000000000000000000000000000000000000000
t=2023-06-02T16:09:00+0800 lvl=trce msg="Removed old queued transactions"        count=0
t=2023-06-02T16:09:00+0800 lvl=trce msg="Removed unpayable queued transactions"  count=0
t=2023-06-02T16:09:00+0800 lvl=trce msg="Promoted queued transactions"           count=0
t=2023-06-02T16:09:00+0800 lvl=trce msg="Removed old queued transactions"        count=0
t=2023-06-02T16:09:00+0800 lvl=trce msg="Removed unpayable queued transactions"  count=0
t=2023-06-02T16:09:00+0800 lvl=trce msg="Promoted queued transactions"           count=1
t=2023-06-02T16:09:00+0800 lvl=trce msg="Pooled new future transaction"          hash=0x1d21016d238b9fc8e3c7984f2465ed258e0518c969ecf25a2178856734283c8b from=0xa4e66809C4a6864EF38987BaB6Bc5BC8bFe68FAD to=0x0000000000000000000000000000000000000000
t=2023-06-02T16:09:00+0800 lvl=trce msg="Removed old queued transactions"        count=0
t=2023-06-02T16:09:00+0800 lvl=trce msg="Removed unpayable queued transactions"  count=0
t=2023-06-02T16:09:00+0800 lvl=dbug msg="Reinjecting stale transactions"         count=0
t=2023-06-02T16:09:00+0800 lvl=info msg="Regenerated local transaction journal"  transactions=2 accounts=1
t=2023-06-02T16:09:00+0800 lvl=dbug msg="Reinjecting stale transactions"         count=0
t=2023-06-02T16:09:00+0800 lvl=trce msg="Removed old pending transaction"        hash=0xd8794a7031a1ddbca8f38ba75ccd4e8cc8ef6e2596ac636217417aa1ad6ef3a5
t=2023-06-02T16:09:00+0800 lvl=trce msg="Pooled new future transaction"          hash=0x757e9ac6e8b85e548b88243c584e36ab19a5d59391fb2c58abcc62bb659ac61a from=0x52D7DdC1B94D310f24a4E67cE43388304D47A507 to=0x0000000000000000000000000000000000000000
t=2023-06-02T16:09:00+0800 lvl=trce msg="Pooled new future transaction"          hash=0xb1a530ad45fe2894491f1527fd7238705bd5087f420a7a8c6fbe0e3457340714 from=0x7628e7c918DAaf4dfbF615023fDBcF72b8479bCe to=0x0000000000000000000000000000000000000000
t=2023-06-02T16:09:00+0800 lvl=trce msg="Removed old queued transactions"        count=0
t=2023-06-02T16:09:00+0800 lvl=trce msg="Removed unpayable queued transactions"  count=0
t=2023-06-02T16:09:00+0800 lvl=trce msg="Promoted queued transactions"           count=1
t=2023-06-02T16:09:00+0800 lvl=trce msg="Removed old queued transactions"        count=0
t=2023-06-02T16:09:00+0800 lvl=trce msg="Removed unpayable queued transactions"  count=0
t=2023-06-02T16:09:00+0800 lvl=trce msg="Promoted queued transactions"           count=1
t=2023-06-02T16:09:00+0800 lvl=trce msg="Pooled new future transaction"          hash=0x1e369f5742b4fad61d67b1bcfbe6356c3f8f3fe1170536269e06f5ff0057c27f from=0x44eb8399Db8FFe55C5632D61535dBf4eE8FCa6BD to=0x0000000000000000000000000000000000000000
t=2023-06-02T16:09:00+0800 lvl=trce msg="Removed old queued transactions"        count=0
t=2023-06-02T16:09:00+0800 lvl=trce msg="Removed unpayable queued transactions"  count=0
t=2023-06-02T16:09:00+0800 lvl=trce msg="Promoted queued transactions"           count=1
t=2023-06-02T16:09:00+0800 lvl=trce msg="Promoted queued transactions"           count=16
t=2023-06-02T16:09:00+0800 lvl=trce msg="Pooled new future transaction"          hash=0x11ef2c9339bc6094b14d126d1073471f7403656275bf1aaf6a6bac07b56e6943 from=0x7628e7c918DAaf4dfbF615023fDBcF72b8479bCe to=0x0000000000000000000000000000000000000000
t=2023-06-02T16:09:00+0800 lvl=trce msg="Removed fairness-exceeding pending transaction" hash=0x1d21016d238b9fc8e3c7984f2465ed258e0518c969ecf25a2178856734283c8b
t=2023-06-02T16:09:00+0800 lvl=trce msg="Pooled new future transaction"          hash=0xbeef90211abde9dc08cb496798eeda5a138345f949dba1aadb1f9695205089e6 from=0x52D7DdC1B94D310f24a4E67cE43388304D47A507 to=0x0000000000000000000000000000000000000000
t=2023-06-02T16:09:00+0800 lvl=trce msg="Removed old queued transactions"        count=0
t=2023-06-02T16:09:00+0800 lvl=trce msg="Removed unpayable queued transactions"  count=0
t=2023-06-02T16:09:00+0800 lvl=trce msg="Promoted queued transactions"           count=1
t=2023-06-02T16:09:00+0800 lvl=trce msg="Removed fairness-exceeding pending transaction" hash=0x2a6e2cdc55cd5eb1e78c501636f0940f61478b965bdd24d1e434a8bdf0783db7
t=2023-06-02T16:09:00+0800 lvl=trce msg="Removed fairness-exceeding pending transaction" hash=0x56d2330df731e0f6aa05957805f8b71142d711dc73f6737d2310e165a03601df
t=2023-06-02T16:09:00+0800 lvl=trce msg="Removed fairness-exceeding pending transaction" hash=0xaaa1590ddafff0fe3171c21d414cf48e26b511b93ae478b7d1d47da19aa9013b
t=2023-06-02T16:09:00+0800 lvl=trce msg="Removed fairness-exceeding pending transaction" hash=0x38b6d7a0a6d06f87f866633f6433a3c33183a94484a0a02c24ca3f3eaee15775
t=2023-06-02T16:09:00+0800 lvl=trce msg="Removed fairness-exceeding pending transaction" hash=0x44859061a244cd83197b023e39255b4da66645d94e0b68d26aaf7c3ec94d389b
t=2023-06-02T16:09:00+0800 lvl=trce msg="Removed fairness-exceeding pending transaction" hash=0xf0b38713d11205a1c02e3b25b800442cb5a5ea0345d65fe3d64482f5bf19dcd5
t=2023-06-02T16:09:00+0800 lvl=trce msg="Removed fairness-exceeding pending transaction" hash=0xad792baaed8508b55e52dfc430316383b641825e2a8af2412383d65ec0c6d901
t=2023-06-02T16:09:00+0800 lvl=trce msg="Removed old queued transactions"        count=0
t=2023-06-02T16:09:00+0800 lvl=trce msg="Removed unpayable queued transactions"  count=0
t=2023-06-02T16:09:00+0800 lvl=trce msg="Promoted queued transactions"           count=0
t=2023-06-02T16:09:00+0800 lvl=info msg="Transaction pool stopped"
--- PASS: TestTransactionCapClearsFromAll (0.01s)
=== CONT  TestTransactionQueueGlobalLimiting
t=2023-06-02T16:09:00+0800 lvl=trce msg="Pooled new future transaction"          hash=0x0a55c86bd1bc607191cc7155e277b5fc8c69976968e711aae7574216264c11a0 from=0x52D7DdC1B94D310f24a4E67cE43388304D47A507 to=0x0000000000000000000000000000000000000000
t=2023-06-02T16:09:00+0800 lvl=dbug msg="Reinjecting stale transactions"         count=0
t=2023-06-02T16:09:00+0800 lvl=trce msg="Removed old queued transactions"        count=0
t=2023-06-02T16:09:00+0800 lvl=trce msg="Removed unpayable queued transactions"  count=0
t=2023-06-02T16:09:00+0800 lvl=trce msg="Promoted queued transactions"           count=1
t=2023-06-02T16:09:00+0800 lvl=trce msg="Pooled new future transaction"          hash=0xc299b35e1e466e78dcbaa6e8e3292dfc36a975ba8cf4e1f32b99483fa44de884 from=0x628E95cfE4fc67d7b8a818e3acFDA85Ae1bD9bb5 to=0x0000000000000000000000000000000000000000
t=2023-06-02T16:09:00+0800 lvl=trce msg="Removed old queued transactions"        count=0
t=2023-06-02T16:09:00+0800 lvl=trce msg="Removed unpayable queued transactions"  count=0
t=2023-06-02T16:09:00+0800 lvl=trce msg="Promoted queued transactions"           count=1
t=2023-06-02T16:09:00+0800 lvl=trce msg="Pooled new future transaction"          hash=0x0a527e105ca5b485b94c95f09da1701b410f990336bc394015b23dd147dcd911 from=0x66e0851F1a162869024b4C9f6b1C4Fc5cb4832F1 to=0x0000000000000000000000000000000000000000
t=2023-06-02T16:09:00+0800 lvl=trce msg="Removed old queued transactions"        count=0
t=2023-06-02T16:09:00+0800 lvl=trce msg="Removed unpayable queued transactions"  count=0
t=2023-06-02T16:09:00+0800 lvl=trce msg="Promoted queued transactions"           count=1
t=2023-06-02T16:09:00+0800 lvl=trce msg="Pooled new future transaction"          hash=0xa45c15e1237273f8b83b57c77fdcf9f2a3ab54df4281a19ddc95642c296839e3 from=0x52D7DdC1B94D310f24a4E67cE43388304D47A507 to=0x0000000000000000000000000000000000000000
t=2023-06-02T16:09:00+0800 lvl=trce msg="Pooled new future transaction"          hash=0x7cfdf10ce938ac74b8b84b1c00807034781d546be3249352f27e8cbbaf778a30 from=0x3D4A84831556C1653cD465be588bf285B6Db88ba to=0x0000000000000000000000000000000000000000
t=2023-06-02T16:09:00+0800 lvl=trce msg="Removed old queued transactions"        count=0
t=2023-06-02T16:09:00+0800 lvl=trce msg="Removed unpayable queued transactions"  count=0
t=2023-06-02T16:09:00+0800 lvl=trce msg="Promoted queued transactions"           count=1
t=2023-06-02T16:09:00+0800 lvl=trce msg="Pooled new future transaction"          hash=0x70c31ebfd851b636ff90de1875379a2c42f5be7bc32af83454aed13d630f8087 from=0x66e0851F1a162869024b4C9f6b1C4Fc5cb4832F1 to=0x0000000000000000000000000000000000000000
t=2023-06-02T16:09:00+0800 lvl=trce msg="Removed old queued transactions"        count=0
t=2023-06-02T16:09:00+0800 lvl=trce msg="Removed unpayable queued transactions"  count=0
t=2023-06-02T16:09:00+0800 lvl=trce msg="Promoted queued transactions"           count=0
t=2023-06-02T16:09:00+0800 lvl=trce msg="Removed old queued transactions"        count=0
t=2023-06-02T16:09:00+0800 lvl=trce msg="Removed unpayable queued transactions"  count=0
t=2023-06-02T16:09:00+0800 lvl=trce msg="Promoted queued transactions"           count=1
t=2023-06-02T16:09:00+0800 lvl=trce msg="Pooled new future transaction"          hash=0xdd5155d44ee9f54a04cff063654b8b99efc744eef5494c05fb5a9472836a22f1 from=0x52D7DdC1B94D310f24a4E67cE43388304D47A507 to=0x0000000000000000000000000000000000000000
t=2023-06-02T16:09:00+0800 lvl=trce msg="Removed old queued transactions"        count=0
t=2023-06-02T16:09:00+0800 lvl=trce msg="Removed unpayable queued transactions"  count=0
t=2023-06-02T16:09:00+0800 lvl=trce msg="Promoted queued transactions"           count=1
t=2023-06-02T16:09:00+0800 lvl=trce msg="Pooled new future transaction"          hash=0x9c0d51a1c64d8c68b6a59a4260b8e12077d5f9b73946ff925c7a2903f7f5071b from=0x7628e7c918DAaf4dfbF615023fDBcF72b8479bCe to=0x0000000000000000000000000000000000000000
t=2023-06-02T16:09:00+0800 lvl=trce msg="Removed old queued transactions"        count=0
t=2023-06-02T16:09:00+0800 lvl=trce msg="Removed unpayable queued transactions"  count=0
t=2023-06-02T16:09:00+0800 lvl=trce msg="Promoted queued transactions"           count=1
t=2023-06-02T16:09:00+0800 lvl=trce msg="Pooled new future transaction"          hash=0xde5821e36bfc18e618559d9cf9dfbc6933fd7b819a442ada3a01aafc9d9f6a84 from=0x8f37a204a42ce60F6db339317d5444420854ec76 to=0x0000000000000000000000000000000000000000
t=2023-06-02T16:09:00+0800 lvl=trce msg="Removed old queued transactions"        count=0
t=2023-06-02T16:09:00+0800 lvl=trce msg="Pooled new future transaction"          hash=0x8cab61899a2a2fb903104824b80a132721ba3a8610ca7ec5ff3f61f545f7f4ed from=0x52D7DdC1B94D310f24a4E67cE43388304D47A507 to=0x0000000000000000000000000000000000000000
t=2023-06-02T16:09:00+0800 lvl=trce msg="Pooled new future transaction"          hash=0xfdf17f0041df0496d18d0e625790df4eddbedbdd7d057a185670fe615e5e0a2f from=0x7628e7c918DAaf4dfbF615023fDBcF72b8479bCe to=0x0000000000000000000000000000000000000000
t=2023-06-02T16:09:00+0800 lvl=trce msg="Removed old queued transactions"        count=0
t=2023-06-02T16:09:00+0800 lvl=trce msg="Removed unpayable queued transactions"  count=0
t=2023-06-02T16:09:00+0800 lvl=trce msg="Promoted queued transactions"           count=1
t=2023-06-02T16:09:00+0800 lvl=trce msg="Removed old queued transactions"        count=0
t=2023-06-02T16:09:00+0800 lvl=trce msg="Removed unpayable queued transactions"  count=0
t=2023-06-02T16:09:00+0800 lvl=trce msg="Promoted queued transactions"           count=0
t=2023-06-02T16:09:00+0800 lvl=trce msg="Removed unpayable queued transactions"  count=0
t=2023-06-02T16:09:00+0800 lvl=trce msg="Promoted queued transactions"           count=1
t=2023-06-02T16:09:00+0800 lvl=trce msg="Pooled new future transaction"          hash=0x445ffaacfd11006b5332f9c520093fa3bf7c9bfdc6133c8b74bc4eeca6347253 from=0x52D7DdC1B94D310f24a4E67cE43388304D47A507 to=0x0000000000000000000000000000000000000000
t=2023-06-02T16:09:00+0800 lvl=trce msg="Removed old queued transactions"        count=0
t=2023-06-02T16:09:00+0800 lvl=trce msg="Removed unpayable queued transactions"  count=0
t=2023-06-02T16:09:00+0800 lvl=trce msg="Promoted queued transactions"           count=1
t=2023-06-02T16:09:00+0800 lvl=trce msg="Pooled new future transaction"          hash=0x1a0ec56300bd6e70a27d1f5a4b7e5a5620f835ce3c7b12a30485465c4b9fcd50 from=0x66e0851F1a162869024b4C9f6b1C4Fc5cb4832F1 to=0x0000000000000000000000000000000000000000
t=2023-06-02T16:09:00+0800 lvl=trce msg="Removed old queued transactions"        count=0
t=2023-06-02T16:09:00+0800 lvl=trce msg="Removed unpayable queued transactions"  count=0
t=2023-06-02T16:09:00+0800 lvl=trce msg="Promoted queued transactions"           count=1
t=2023-06-02T16:09:00+0800 lvl=trce msg="Pooled new future transaction"          hash=0x5d2c29104bb7af216081e1d52f42c84e3a661ec8251627700b62219eed3d044b from=0xf5e03ee48bbB3Ac03708b1203B45f6697c81Fd6b to=0x0000000000000000000000000000000000000000
t=2023-06-02T16:09:00+0800 lvl=trce msg="Removed old queued transactions"        count=0
t=2023-06-02T16:09:00+0800 lvl=trce msg="Removed unpayable queued transactions"  count=0
t=2023-06-02T16:09:00+0800 lvl=trce msg="Promoted queued transactions"           count=1
t=2023-06-02T16:09:00+0800 lvl=trce msg="Pooled new future transaction"          hash=0x8784867dc0424e26df7bdfb8a343e46ce46db2d1b37fc0b72ef3b454c1a85e87 from=0x52D7DdC1B94D310f24a4E67cE43388304D47A507 to=0x0000000000000000000000000000000000000000
t=2023-06-02T16:09:00+0800 lvl=trce msg="Pooled new future transaction"          hash=0x09ad4d4358e38960d922b83948077b8b483ee95794dc0de2e50f6cb41e493067 from=0x66e0851F1a162869024b4C9f6b1C4Fc5cb4832F1 to=0x0000000000000000000000000000000000000000
t=2023-06-02T16:09:00+0800 lvl=trce msg="Pooled new future transaction"          hash=0xb4b0c5f41b0d50acb73bbbb0b2f28e82bc8709fe8f2d379863a00516dc4266f6 from=0x66defe5CA0c142D8A3A5235b0a1aE0C1d1Aa212C to=0x0000000000000000000000000000000000000000
t=2023-06-02T16:09:00+0800 lvl=trce msg="Removed old queued transactions"        count=0
t=2023-06-02T16:09:00+0800 lvl=trce msg="Removed unpayable queued transactions"  count=0
t=2023-06-02T16:09:00+0800 lvl=trce msg="Promoted queued transactions"           count=1
t=2023-06-02T16:09:00+0800 lvl=trce msg="Removed old queued transactions"        count=0
t=2023-06-02T16:09:00+0800 lvl=trce msg="Removed unpayable queued transactions"  count=0
t=2023-06-02T16:09:00+0800 lvl=trce msg="Promoted queued transactions"           count=0
t=2023-06-02T16:09:00+0800 lvl=trce msg="Removed old queued transactions"        count=0
t=2023-06-02T16:09:00+0800 lvl=trce msg="Removed unpayable queued transactions"  count=0
t=2023-06-02T16:09:00+0800 lvl=trce msg="Promoted queued transactions"           count=1
t=2023-06-02T16:09:00+0800 lvl=trce msg="Pooled new future transaction"          hash=0x8bd45ef5158e9d5f8f78affc2f2e851598de78686db8c57cfa6e5b43354113a5 from=0xC39ae0F623e6769564678273098F4Fa86AeCA655 to=0x0000000000000000000000000000000000000000
t=2023-06-02T16:09:00+0800 lvl=trce msg="Removed old queued transactions"        count=0
t=2023-06-02T16:09:00+0800 lvl=trce msg="Pooled new future transaction"          hash=0x166395121d6e41c7942d198cd039e88f9d9631486ab8807f799b5a0afddf396e from=0x52D7DdC1B94D310f24a4E67cE43388304D47A507 to=0x0000000000000000000000000000000000000000
t=2023-06-02T16:09:00+0800 lvl=trce msg="Removed old queued transactions"        count=0
t=2023-06-02T16:09:00+0800 lvl=trce msg="Removed unpayable queued transactions"  count=0
t=2023-06-02T16:09:00+0800 lvl=trce msg="Promoted queued transactions"           count=1
t=2023-06-02T16:09:00+0800 lvl=trce msg="Removed unpayable queued transactions"  count=0
t=2023-06-02T16:09:00+0800 lvl=trce msg="Promoted queued transactions"           count=1
t=2023-06-02T16:09:00+0800 lvl=trce msg="Pooled new future transaction"          hash=0x39c64ecc9d6fdfb682c46182faa835c334e43152cbcffa58764fdbe5cb06d03b from=0x7628e7c918DAaf4dfbF615023fDBcF72b8479bCe to=0x0000000000000000000000000000000000000000
t=2023-06-02T16:09:00+0800 lvl=trce msg="Removed old queued transactions"        count=0
t=2023-06-02T16:09:00+0800 lvl=trce msg="Removed unpayable queued transactions"  count=0
t=2023-06-02T16:09:00+0800 lvl=trce msg="Promoted queued transactions"           count=1
t=2023-06-02T16:09:00+0800 lvl=trce msg="Pooled new future transaction"          hash=0x16bda3eeeab485b7a51bcc947b5ed6cf3f309aa612e8c61682459f215042d24d from=0x52D7DdC1B94D310f24a4E67cE43388304D47A507 to=0x0000000000000000000000000000000000000000
t=2023-06-02T16:09:00+0800 lvl=trce msg="Removed old queued transactions"        count=0
t=2023-06-02T16:09:00+0800 lvl=trce msg="Removed unpayable queued transactions"  count=0
t=2023-06-02T16:09:00+0800 lvl=trce msg="Promoted queued transactions"           count=1
t=2023-06-02T16:09:00+0800 lvl=trce msg="Pooled new future transaction"          hash=0x45c50d1b5cc04504153db64b5b6a2b93f7151144176a580ececf8a5ba4bf6cb5 from=0x7628e7c918DAaf4dfbF615023fDBcF72b8479bCe to=0x0000000000000000000000000000000000000000
t=2023-06-02T16:09:00+0800 lvl=trce msg="Removed old queued transactions"        count=0
t=2023-06-02T16:09:00+0800 lvl=trce msg="Pooled new future transaction"          hash=0x8d486d41cfa41cc845ca8810457644adfb647481edd7bfea9f328cf65830d30d from=0x0C53B75bf8F28452f266618Eea05d362d781bAD5 to=0x0000000000000000000000000000000000000000
t=2023-06-02T16:09:00+0800 lvl=trce msg="Removed old queued transactions"        count=0
t=2023-06-02T16:09:00+0800 lvl=trce msg="Removed unpayable queued transactions"  count=0
t=2023-06-02T16:09:00+0800 lvl=trce msg="Promoted queued transactions"           count=1
t=2023-06-02T16:09:00+0800 lvl=trce msg="Removed unpayable queued transactions"  count=0
t=2023-06-02T16:09:00+0800 lvl=trce msg="Promoted queued transactions"           count=0
t=2023-06-02T16:09:00+0800 lvl=trce msg="Pooled new future transaction"          hash=0xc37148dda1ff3aa1dd5f7d06b5f33a09c38890c768f793affd57afc62126f57e from=0x52D7DdC1B94D310f24a4E67cE43388304D47A507 to=0x0000000000000000000000000000000000000000
t=2023-06-02T16:09:00+0800 lvl=trce msg="Removed old queued transactions"        count=0
t=2023-06-02T16:09:00+0800 lvl=trce msg="Removed unpayable queued transactions"  count=0
t=2023-06-02T16:09:00+0800 lvl=trce msg="Promoted queued transactions"           count=1
t=2023-06-02T16:09:00+0800 lvl=trce msg="Pooled new future transaction"          hash=0xb1dc3b978cec509dbe771a315d0d4b32facdc1028fe002ffc4b350f8aa5a7882 from=0x01eDff96a2e066EbF63AEeF026a0269A513a90dc to=0x0000000000000000000000000000000000000000
t=2023-06-02T16:09:00+0800 lvl=trce msg="Pooled new future transaction"          hash=0x932ddeb9af7ced4fc9e1d77510bad23ebd39812a0bcafd9282f2b621d5f8eba2 from=0x66e0851F1a162869024b4C9f6b1C4Fc5cb4832F1 to=0x0000000000000000000000000000000000000000
t=2023-06-02T16:09:00+0800 lvl=trce msg="Removed old queued transactions"        count=0
t=2023-06-02T16:09:00+0800 lvl=trce msg="Removed unpayable queued transactions"  count=0
t=2023-06-02T16:09:00+0800 lvl=trce msg="Promoted queued transactions"           count=1
t=2023-06-02T16:09:00+0800 lvl=trce msg="Removed old queued transactions"        count=0
t=2023-06-02T16:09:00+0800 lvl=trce msg="Removed unpayable queued transactions"  count=0
t=2023-06-02T16:09:00+0800 lvl=trce msg="Promoted queued transactions"           count=1
t=2023-06-02T16:09:00+0800 lvl=trce msg="Pooled new future transaction"          hash=0xf4aa6c82fabdda233116c132dbcb8de4ceaa0b4e4820d612fac9bd0062eaa651 from=0x52D7DdC1B94D310f24a4E67cE43388304D47A507 to=0x0000000000000000000000000000000000000000
t=2023-06-02T16:09:00+0800 lvl=trce msg="Removed old queued transactions"        count=0
t=2023-06-02T16:09:00+0800 lvl=trce msg="Removed unpayable queued transactions"  count=0
t=2023-06-02T16:09:00+0800 lvl=trce msg="Promoted queued transactions"           count=1
t=2023-06-02T16:09:00+0800 lvl=trce msg="Pooled new future transaction"          hash=0x614f90598b328d78c51f94e252e227b284a0f379eabce6404319482766bcbf9e from=0xf71299e9Ac550A46DDB845da0F33F3D93fBADcB9 to=0x0000000000000000000000000000000000000000
t=2023-06-02T16:09:00+0800 lvl=trce msg="Removed old queued transactions"        count=0
t=2023-06-02T16:09:00+0800 lvl=trce msg="Removed unpayable queued transactions"  count=0
t=2023-06-02T16:09:00+0800 lvl=trce msg="Pooled new future transaction"          hash=0x0c4d6f7d2bb90ad0e0bf78586d24f0290f50faee4fa24a6b36055ef3ed77724b from=0x66e0851F1a162869024b4C9f6b1C4Fc5cb4832F1 to=0x0000000000000000000000000000000000000000
t=2023-06-02T16:09:00+0800 lvl=trce msg="Promoted queued transactions"           count=1
t=2023-06-02T16:09:00+0800 lvl=trce msg="Removed old queued transactions"        count=0
t=2023-06-02T16:09:00+0800 lvl=trce msg="Removed unpayable queued transactions"  count=0
t=2023-06-02T16:09:00+0800 lvl=trce msg="Promoted queued transactions"           count=0
t=2023-06-02T16:09:00+0800 lvl=trce msg="Pooled new future transaction"          hash=0x942e3f3bad19f8b716dd39a585c135edc518817a760d94cbdbbbcc8e39ae9c0e from=0x52D7DdC1B94D310f24a4E67cE43388304D47A507 to=0x0000000000000000000000000000000000000000
t=2023-06-02T16:09:00+0800 lvl=trce msg="Removed old queued transactions"        count=0
t=2023-06-02T16:09:00+0800 lvl=trce msg="Removed unpayable queued transactions"  count=0
t=2023-06-02T16:09:00+0800 lvl=trce msg="Promoted queued transactions"           count=1
t=2023-06-02T16:09:00+0800 lvl=trce msg="Pooled new future transaction"          hash=0x3ef6ca0087cb0c6cbad6fe6c6b5d6ea9d2b54940c10f349df3d57c32c3a84ec9 from=0x8fA733FfdE4F8A869f5ADDff493c0f61BDf4c159 to=0x0000000000000000000000000000000000000000
t=2023-06-02T16:09:00+0800 lvl=trce msg="Removed old queued transactions"        count=0
t=2023-06-02T16:09:00+0800 lvl=trce msg="Pooled new future transaction"          hash=0x21763cebffe9f4de3b55035678a47fbd7a2a569866e21ef6b4f3aca4ae129c28 from=0x7628e7c918DAaf4dfbF615023fDBcF72b8479bCe to=0x0000000000000000000000000000000000000000
t=2023-06-02T16:09:00+0800 lvl=trce msg="Removed old queued transactions"        count=0
t=2023-06-02T16:09:00+0800 lvl=trce msg="Removed unpayable queued transactions"  count=0
t=2023-06-02T16:09:00+0800 lvl=trce msg="Promoted queued transactions"           count=1
t=2023-06-02T16:09:00+0800 lvl=trce msg="Removed unpayable queued transactions"  count=0
t=2023-06-02T16:09:00+0800 lvl=trce msg="Promoted queued transactions"           count=1
t=2023-06-02T16:09:00+0800 lvl=trce msg="Pooled new future transaction"          hash=0xe69d118a56ca2432a55020a53f1f0d838ce466a26e5f69460d90b68465007356 from=0x52D7DdC1B94D310f24a4E67cE43388304D47A507 to=0x0000000000000000000000000000000000000000
t=2023-06-02T16:09:00+0800 lvl=trce msg="Removed old queued transactions"        count=0
t=2023-06-02T16:09:00+0800 lvl=trce msg="Removed unpayable queued transactions"  count=0
t=2023-06-02T16:09:00+0800 lvl=trce msg="Promoted queued transactions"           count=1
t=2023-06-02T16:09:00+0800 lvl=trce msg="Pooled new future transaction"          hash=0x4086699bb037938ef1a771d13e9962655b9c639c491456dd1170d6afed0fee86 from=0x7628e7c918DAaf4dfbF615023fDBcF72b8479bCe to=0x0000000000000000000000000000000000000000
t=2023-06-02T16:09:00+0800 lvl=trce msg="Removed old queued transactions"        count=0
t=2023-06-02T16:09:00+0800 lvl=trce msg="Removed unpayable queued transactions"  count=0
t=2023-06-02T16:09:00+0800 lvl=trce msg="Promoted queued transactions"           count=0
t=2023-06-02T16:09:00+0800 lvl=trce msg="Pooled new future transaction"          hash=0x763da4095e5e1ce27ca046f2680bb2f76ce7fc686808df391c4f0b6eb80e6880 from=0x52D7DdC1B94D310f24a4E67cE43388304D47A507 to=0x0000000000000000000000000000000000000000
t=2023-06-02T16:09:00+0800 lvl=trce msg="Removed old queued transactions"        count=0
t=2023-06-02T16:09:00+0800 lvl=trce msg="Removed unpayable queued transactions"  count=0
t=2023-06-02T16:09:00+0800 lvl=trce msg="Promoted queued transactions"           count=1
t=2023-06-02T16:09:00+0800 lvl=trce msg="Pooled new future transaction"          hash=0xcc397bef69b4ff38effeb174255dc1c9be15c6fdc295eba50fcdd567fce17cb0 from=0x66e0851F1a162869024b4C9f6b1C4Fc5cb4832F1 to=0x0000000000000000000000000000000000000000
t=2023-06-02T16:09:00+0800 lvl=trce msg="Pooled new future transaction"          hash=0xf339080cb638b63a2f5640b9498a5b68b7adef3a37e600c96603fb80ccf1996b from=0x212Bb1eBaAd996b9e35B58c4683eb6c6E011E0C9 to=0x0000000000000000000000000000000000000000
t=2023-06-02T16:09:00+0800 lvl=trce msg="Removed old queued transactions"        count=0
t=2023-06-02T16:09:00+0800 lvl=trce msg="Removed unpayable queued transactions"  count=0
t=2023-06-02T16:09:00+0800 lvl=trce msg="Promoted queued transactions"           count=1
t=2023-06-02T16:09:00+0800 lvl=trce msg="Removed old queued transactions"        count=0
t=2023-06-02T16:09:00+0800 lvl=trce msg="Removed unpayable queued transactions"  count=0
t=2023-06-02T16:09:00+0800 lvl=trce msg="Promoted queued transactions"           count=1
t=2023-06-02T16:09:00+0800 lvl=trce msg="Pooled new future transaction"          hash=0xf531067c0dc3404d103c3cf9f2fb4811272b76a372a72b950dc9692597e3d738 from=0x52D7DdC1B94D310f24a4E67cE43388304D47A507 to=0x0000000000000000000000000000000000000000
t=2023-06-02T16:09:00+0800 lvl=trce msg="Removed old queued transactions"        count=0
t=2023-06-02T16:09:00+0800 lvl=trce msg="Removed unpayable queued transactions"  count=0
t=2023-06-02T16:09:00+0800 lvl=trce msg="Promoted queued transactions"           count=1
t=2023-06-02T16:09:00+0800 lvl=trce msg="Pooled new future transaction"          hash=0xc478e93dbc154e607644b2b46fe576d81053f169c4594e47e55fd5d162a9816d from=0x66e0851F1a162869024b4C9f6b1C4Fc5cb4832F1 to=0x0000000000000000000000000000000000000000
t=2023-06-02T16:09:00+0800 lvl=trce msg="Removed old queued transactions"        count=0
t=2023-06-02T16:09:00+0800 lvl=trce msg="Removed unpayable queued transactions"  count=0
t=2023-06-02T16:09:00+0800 lvl=trce msg="Promoted queued transactions"           count=0
t=2023-06-02T16:09:00+0800 lvl=trce msg="Pooled new future transaction"          hash=0xe3a5c44b9b9283474d9162a8f1eaac6e54e9cf0c7bcd1c52dc2695ff9cbf7536 from=0x0cdeaefeecb3ad2E45bdf3796dAeB1D879Ada4Ce to=0x0000000000000000000000000000000000000000
t=2023-06-02T16:09:00+0800 lvl=trce msg="Removed old queued transactions"        count=0
t=2023-06-02T16:09:00+0800 lvl=trce msg="Removed unpayable queued transactions"  count=0
t=2023-06-02T16:09:00+0800 lvl=trce msg="Promoted queued transactions"           count=1
t=2023-06-02T16:09:00+0800 lvl=trce msg="Pooled new future transaction"          hash=0x4dcb8b7ccdd5e65b3a0b32a16102b30437218f404f8ddba93db4d9d6fe30554d from=0x52D7DdC1B94D310f24a4E67cE43388304D47A507 to=0x0000000000000000000000000000000000000000
t=2023-06-02T16:09:00+0800 lvl=trce msg="Removed old queued transactions"        count=0
t=2023-06-02T16:09:00+0800 lvl=trce msg="Removed unpayable queued transactions"  count=0
t=2023-06-02T16:09:00+0800 lvl=trce msg="Promoted queued transactions"           count=1
t=2023-06-02T16:09:00+0800 lvl=trce msg="Pooled new future transaction"          hash=0x7d2c92f509391d279454013ba890e129237cbf1e06a200d9b90fbc93f379482e from=0x7628e7c918DAaf4dfbF615023fDBcF72b8479bCe to=0x0000000000000000000000000000000000000000
t=2023-06-02T16:09:00+0800 lvl=trce msg="Removed old queued transactions"        count=0
t=2023-06-02T16:09:00+0800 lvl=trce msg="Removed unpayable queued transactions"  count=0
t=2023-06-02T16:09:00+0800 lvl=trce msg="Promoted queued transactions"           count=1
t=2023-06-02T16:09:00+0800 lvl=trce msg="Pooled new future transaction"          hash=0xf47d6b0134c738a962ed31a19a29157d6f6adea76644d07c8d83eb1f6d538ec5 from=0x07F7B412040652100C4E3D35094DAD056261381c to=0x0000000000000000000000000000000000000000
t=2023-06-02T16:09:00+0800 lvl=trce msg="Removed old queued transactions"        count=0
t=2023-06-02T16:09:00+0800 lvl=trce msg="Removed unpayable queued transactions"  count=0
t=2023-06-02T16:09:00+0800 lvl=trce msg="Pooled new future transaction"          hash=0xba226a593d2767f1e8908b7844e3c4143cb6863f8c01e550acb1c618b3339eba from=0x52D7DdC1B94D310f24a4E67cE43388304D47A507 to=0x0000000000000000000000000000000000000000
t=2023-06-02T16:09:00+0800 lvl=trce msg="Removed old queued transactions"        count=0
t=2023-06-02T16:09:00+0800 lvl=trce msg="Removed unpayable queued transactions"  count=0
t=2023-06-02T16:09:00+0800 lvl=trce msg="Promoted queued transactions"           count=1
t=2023-06-02T16:09:00+0800 lvl=trce msg="Promoted queued transactions"           count=1
t=2023-06-02T16:09:00+0800 lvl=trce msg="Pooled new future transaction"          hash=0xd2ed8bfa1ad2a3b08e84d2cd44439f862b08387f979f043e66dedde4b0c20d39 from=0x7628e7c918DAaf4dfbF615023fDBcF72b8479bCe to=0x0000000000000000000000000000000000000000
t=2023-06-02T16:09:00+0800 lvl=trce msg="Removed old queued transactions"        count=0
t=2023-06-02T16:09:00+0800 lvl=trce msg="Removed unpayable queued transactions"  count=0
t=2023-06-02T16:09:00+0800 lvl=trce msg="Promoted queued transactions"           count=0
t=2023-06-02T16:09:00+0800 lvl=trce msg="Pooled new future transaction"          hash=0x9fd5e0df8c158a8a029e68e544142a3c494b2b179480dddeeb00d5c19efe8171 from=0xA677c354284BF9BF5361bE1f7253185059fA77f4 to=0x0000000000000000000000000000000000000000
t=2023-06-02T16:09:00+0800 lvl=trce msg="Pooled new future transaction"          hash=0x0d5bf54a00b7c5c1c0a088160fcaa477bcd986f45309830d8c8a336d76dcd562 from=0x52D7DdC1B94D310f24a4E67cE43388304D47A507 to=0x0000000000000000000000000000000000000000
t=2023-06-02T16:09:00+0800 lvl=trce msg="Removed old queued transactions"        count=0
t=2023-06-02T16:09:00+0800 lvl=trce msg="Removed unpayable queued transactions"  count=0
t=2023-06-02T16:09:00+0800 lvl=trce msg="Pooled new future transaction"          hash=0xdfbea90f113aa089d9903028b1b60f575d73f6891219513039a2c8312570df0c from=0x66e0851F1a162869024b4C9f6b1C4Fc5cb4832F1 to=0x0000000000000000000000000000000000000000
t=2023-06-02T16:09:00+0800 lvl=trce msg="Promoted queued transactions"           count=1
t=2023-06-02T16:09:00+0800 lvl=trce msg="Removed old queued transactions"        count=0
t=2023-06-02T16:09:00+0800 lvl=trce msg="Removed unpayable queued transactions"  count=0
t=2023-06-02T16:09:00+0800 lvl=trce msg="Promoted queued transactions"           count=1
t=2023-06-02T16:09:00+0800 lvl=trce msg="Removed old queued transactions"        count=0
t=2023-06-02T16:09:00+0800 lvl=trce msg="Removed unpayable queued transactions"  count=0
t=2023-06-02T16:09:00+0800 lvl=trce msg="Promoted queued transactions"           count=1
t=2023-06-02T16:09:00+0800 lvl=trce msg="Pooled new future transaction"          hash=0xe8da4b69550406a6b895da522306575a5886b4305a06ddb0c3d11e89eb2c223f from=0x52D7DdC1B94D310f24a4E67cE43388304D47A507 to=0x0000000000000000000000000000000000000000
t=2023-06-02T16:09:00+0800 lvl=trce msg="Discarding underpriced transaction"     hash=0x1cb3105fcc766c26208fa70bd62eb5126645cc62112f4f78ce54a0f23b89acfe gasTipCap=1 gasFeeCap=1
t=2023-06-02T16:09:00+0800 lvl=trce msg="Removed old queued transactions"        count=0
t=2023-06-02T16:09:00+0800 lvl=trce msg="Removed unpayable queued transactions"  count=0
t=2023-06-02T16:09:00+0800 lvl=trce msg="Pooled new future transaction"          hash=0x5e5fff336731f4b9133e08b5839a58263e9ba589dab18c79431bee16c0c839ab from=0x66e0851F1a162869024b4C9f6b1C4Fc5cb4832F1 to=0x0000000000000000000000000000000000000000
t=2023-06-02T16:09:00+0800 lvl=trce msg="Removed old queued transactions"        count=0
t=2023-06-02T16:09:00+0800 lvl=trce msg="Removed unpayable queued transactions"  count=0
t=2023-06-02T16:09:00+0800 lvl=trce msg="Promoted queued transactions"           count=0
t=2023-06-02T16:09:00+0800 lvl=trce msg="Promoted queued transactions"           count=1
t=2023-06-02T16:09:00+0800 lvl=trce msg="Discarding freshly underpriced transaction" hash=0x21e5c6a6f037c7628643702b4a4c4dab61bc44053e3161d7157c18d39de061ae gasTipCap=1 gasFeeCap=200
t=2023-06-02T16:09:00+0800 lvl=trce msg="Pooled new future transaction"          hash=0x2e17640559df3860d57459d1239991eceb742aa2e57275340f559b4a8e0dfe3b from=0x52D7DdC1B94D310f24a4E67cE43388304D47A507 to=0x0000000000000000000000000000000000000000
t=2023-06-02T16:09:00+0800 lvl=trce msg="Pooled new future transaction"          hash=0x0603bab4eb4e3ce19a01d120cd76db1f02d9743a6b0c714472a92eb7e3e85205 from=0x9134f570ffDA811F2141F32Fc99462ec922062DD to=0x0000000000000000000000000000000000000000
t=2023-06-02T16:09:00+0800 lvl=trce msg="Pooled new future transaction"          hash=0x625fd7a274133367bd507f429335311a6427edf6300da8fc6d878ee6c44893ad from=0x7628e7c918DAaf4dfbF615023fDBcF72b8479bCe to=0x0000000000000000000000000000000000000000
t=2023-06-02T16:09:00+0800 lvl=trce msg="Removed old queued transactions"        count=0
t=2023-06-02T16:09:00+0800 lvl=trce msg="Removed unpayable queued transactions"  count=0
t=2023-06-02T16:09:00+0800 lvl=trce msg="Promoted queued transactions"           count=1
t=2023-06-02T16:09:00+0800 lvl=trce msg="Removed old queued transactions"        count=0
t=2023-06-02T16:09:00+0800 lvl=trce msg="Removed unpayable queued transactions"  count=0
t=2023-06-02T16:09:00+0800 lvl=trce msg="Promoted queued transactions"           count=1
t=2023-06-02T16:09:00+0800 lvl=trce msg="Removed old queued transactions"        count=0
t=2023-06-02T16:09:00+0800 lvl=trce msg="Removed unpayable queued transactions"  count=0
t=2023-06-02T16:09:00+0800 lvl=trce msg="Promoted queued transactions"           count=1
t=2023-06-02T16:09:00+0800 lvl=trce msg="Pooled new future transaction"          hash=0xce9fb08cc019b7ead91a3aead7990fd89948a92cdba77b5416a1e42f22b4670f from=0x7628e7c918DAaf4dfbF615023fDBcF72b8479bCe to=0x0000000000000000000000000000000000000000
t=2023-06-02T16:09:00+0800 lvl=trce msg="Removed old queued transactions"        count=0
t=2023-06-02T16:09:00+0800 lvl=trce msg="Removed unpayable queued transactions"  count=0
t=2023-06-02T16:09:00+0800 lvl=trce msg="Promoted queued transactions"           count=0
t=2023-06-02T16:09:00+0800 lvl=trce msg="Pooled new future transaction"          hash=0x7e15f6658ffbfa68799b3747b919360df73dbb450e799b615bc3b3b888afd4cb from=0x52D7DdC1B94D310f24a4E67cE43388304D47A507 to=0x0000000000000000000000000000000000000000
t=2023-06-02T16:09:00+0800 lvl=trce msg="Removed old queued transactions"        count=0
t=2023-06-02T16:09:00+0800 lvl=trce msg="Removed unpayable queued transactions"  count=0
t=2023-06-02T16:09:00+0800 lvl=trce msg="Promoted queued transactions"           count=1
t=2023-06-02T16:09:00+0800 lvl=trce msg="Discarding freshly underpriced transaction" hash=0x8f3bbb49bebe68eaacb4179e456b1d80b17f3ef9d09526eb2b7560bf926a9acc gasTipCap=1 gasFeeCap=201
t=2023-06-02T16:09:00+0800 lvl=trce msg="Pooled new future transaction"          hash=0x4585e1806ba88fa10a7af135829876fc04c26bd7e5fce7d35ab72ad47b36849a from=0x52D7DdC1B94D310f24a4E67cE43388304D47A507 to=0x0000000000000000000000000000000000000000
t=2023-06-02T16:09:00+0800 lvl=trce msg="Removed old queued transactions"        count=0
t=2023-06-02T16:09:00+0800 lvl=trce msg="Removed unpayable queued transactions"  count=0
t=2023-06-02T16:09:00+0800 lvl=trce msg="Promoted queued transactions"           count=1
t=2023-06-02T16:09:00+0800 lvl=trce msg="Pooled new future transaction"          hash=0xc8db75a0e4fe88243b2c9d182a151787958104ef4e8eb5bec08dd96e6cb47a51 from=0xE51BEbB000C103A925a8eab72fdc04E7c9CAF44A to=0x0000000000000000000000000000000000000000
t=2023-06-02T16:09:00+0800 lvl=trce msg="Removed old queued transactions"        count=0
t=2023-06-02T16:09:00+0800 lvl=trce msg="Removed unpayable queued transactions"  count=0
t=2023-06-02T16:09:00+0800 lvl=trce msg="Promoted queued transactions"           count=1
t=2023-06-02T16:09:00+0800 lvl=trce msg="Pooled new future transaction"          hash=0xdb820ea46615dda33ea1177528721fb55a6d405aa9d6432dd1cfce319f73683a from=0x66e0851F1a162869024b4C9f6b1C4Fc5cb4832F1 to=0x0000000000000000000000000000000000000000
t=2023-06-02T16:09:00+0800 lvl=trce msg="Removed old queued transactions"        count=0
t=2023-06-02T16:09:00+0800 lvl=trce msg="Removed unpayable queued transactions"  count=0
t=2023-06-02T16:09:00+0800 lvl=trce msg="Promoted queued transactions"           count=1
t=2023-06-02T16:09:00+0800 lvl=trce msg="Pooled new future transaction"          hash=0x256cd888d74ec5b440c96256f3ac8055aa1e01686ddeda4b9fade8a438b9b358 from=0x52D7DdC1B94D310f24a4E67cE43388304D47A507 to=0x0000000000000000000000000000000000000000
t=2023-06-02T16:09:00+0800 lvl=trce msg="Removed old queued transactions"        count=0
t=2023-06-02T16:09:00+0800 lvl=trce msg="Removed unpayable queued transactions"  count=0
t=2023-06-02T16:09:00+0800 lvl=trce msg="Promoted queued transactions"           count=1
t=2023-06-02T16:09:00+0800 lvl=trce msg="Discarding freshly underpriced transaction" hash=0xdde29a98d8d86d43e7ff57187ff2233cc964ba46f65a77eebaf2a6985eba2e08 gasTipCap=1 gasFeeCap=202
t=2023-06-02T16:09:00+0800 lvl=trce msg="Pooled new future transaction"          hash=0xe174836c2d21ed9f0461b0379414e83ad65f7bd7cd18edb957642a75ee43a141 from=0x2837A8b33051Dd23ec38795640157bdf86e21700 to=0x0000000000000000000000000000000000000000
t=2023-06-02T16:09:00+0800 lvl=trce msg="Pooled new future transaction"          hash=0x153e1b1713b5d491a64725ace5199bca01fe57ac9f83a7e7f61f284f763f1ec5 from=0x66e0851F1a162869024b4C9f6b1C4Fc5cb4832F1 to=0x0000000000000000000000000000000000000000
t=2023-06-02T16:09:00+0800 lvl=trce msg="Pooled new future transaction"          hash=0x5b51ab366a3bb739e1a0f081d66d4771ce78abd2f4e72148e99106ebd7665764 from=0x52D7DdC1B94D310f24a4E67cE43388304D47A507 to=0x0000000000000000000000000000000000000000
t=2023-06-02T16:09:00+0800 lvl=trce msg="Removed old queued transactions"        count=0
t=2023-06-02T16:09:00+0800 lvl=trce msg="Removed old queued transactions"        count=0
t=2023-06-02T16:09:00+0800 lvl=trce msg="Removed unpayable queued transactions"  count=0
t=2023-06-02T16:09:00+0800 lvl=trce msg="Promoted queued transactions"           count=1
t=2023-06-02T16:09:00+0800 lvl=trce msg="Removed old queued transactions"        count=0
t=2023-06-02T16:09:00+0800 lvl=trce msg="Removed unpayable queued transactions"  count=0
t=2023-06-02T16:09:00+0800 lvl=trce msg="Promoted queued transactions"           count=0
t=2023-06-02T16:09:00+0800 lvl=trce msg="Removed unpayable queued transactions"  count=0
t=2023-06-02T16:09:00+0800 lvl=trce msg="Promoted queued transactions"           count=1
t=2023-06-02T16:09:00+0800 lvl=trce msg="Pooled new future transaction"          hash=0x298b60ea263660d8627b8e33198e737b2f7ef2241779cc42c161c9ddbf207ec6 from=0x7628e7c918DAaf4dfbF615023fDBcF72b8479bCe to=0x0000000000000000000000000000000000000000
t=2023-06-02T16:09:00+0800 lvl=trce msg="Discarding freshly underpriced transaction" hash=0xa983e590f48484671ea4a7325f0d2b8fe14c8d0054335e89062ebfb00544db4b gasTipCap=1 gasFeeCap=203
t=2023-06-02T16:09:00+0800 lvl=trce msg="Pooled new future transaction"          hash=0xdbccc84275a5a91d5867731566c43a91bff29a3ffa4ad12a547e9b6a50597447 from=0x94f5fBf22Bcd2A8CDBA2dCC4175399E2bE293e03 to=0x0000000000000000000000000000000000000000
t=2023-06-02T16:09:00+0800 lvl=trce msg="Removed old queued transactions"        count=0
t=2023-06-02T16:09:00+0800 lvl=trce msg="Removed old queued transactions"        count=0
t=2023-06-02T16:09:00+0800 lvl=trce msg="Removed unpayable queued transactions"  count=0
t=2023-06-02T16:09:00+0800 lvl=trce msg="Promoted queued transactions"           count=1
t=2023-06-02T16:09:00+0800 lvl=trce msg="Removed unpayable queued transactions"  count=0
t=2023-06-02T16:09:00+0800 lvl=trce msg="Promoted queued transactions"           count=1
t=2023-06-02T16:09:00+0800 lvl=trce msg="Pooled new future transaction"          hash=0x350b0e3ed8ca87c1b2121f1b778f5a5158462d05aa6c910953c706695d1fa04f from=0x52D7DdC1B94D310f24a4E67cE43388304D47A507 to=0x0000000000000000000000000000000000000000
t=2023-06-02T16:09:00+0800 lvl=trce msg="Removed old queued transactions"        count=0
t=2023-06-02T16:09:00+0800 lvl=trce msg="Removed unpayable queued transactions"  count=0
t=2023-06-02T16:09:00+0800 lvl=trce msg="Promoted queued transactions"           count=1
t=2023-06-02T16:09:00+0800 lvl=trce msg="Pooled new future transaction"          hash=0xe61f8810b2fbec81568d10c1dcbaa39d5b5f39d3725ab0dcc2ddf7861b11d00b from=0x52D7DdC1B94D310f24a4E67cE43388304D47A507 to=0x0000000000000000000000000000000000000000
t=2023-06-02T16:09:00+0800 lvl=trce msg="Removed old queued transactions"        count=0
t=2023-06-02T16:09:00+0800 lvl=trce msg="Removed unpayable queued transactions"  count=0
t=2023-06-02T16:09:00+0800 lvl=trce msg="Discarding freshly underpriced transaction" hash=0x7113302e9e9be04029aaf729a25011505034c8b8c5aa6c044ec97142413409ef gasTipCap=1 gasFeeCap=204
t=2023-06-02T16:09:00+0800 lvl=trce msg="Promoted queued transactions"           count=1
t=2023-06-02T16:09:00+0800 lvl=trce msg="Pooled new future transaction"          hash=0xbfe1b515c9b9a73734830c12cef0946ed71d8cb4f4b9a8a17df36dfbfb9b1104 from=0x7628e7c918DAaf4dfbF615023fDBcF72b8479bCe to=0x0000000000000000000000000000000000000000
t=2023-06-02T16:09:00+0800 lvl=trce msg="Removed old queued transactions"        count=0
t=2023-06-02T16:09:00+0800 lvl=trce msg="Removed unpayable queued transactions"  count=0
t=2023-06-02T16:09:00+0800 lvl=trce msg="Promoted queued transactions"           count=0
t=2023-06-02T16:09:00+0800 lvl=trce msg="Pooled new future transaction"          hash=0x115b95ea9c98a26fc57cc764c0f2ffab77e647606f149fd11e043260957fb60e from=0x144a2c4807060921FBF21c969682c5ce75cfaDDd to=0x0000000000000000000000000000000000000000
t=2023-06-02T16:09:00+0800 lvl=trce msg="Removed old queued transactions"        count=0
t=2023-06-02T16:09:00+0800 lvl=trce msg="Removed unpayable queued transactions"  count=0
t=2023-06-02T16:09:00+0800 lvl=trce msg="Promoted queued transactions"           count=1
t=2023-06-02T16:09:00+0800 lvl=trce msg="Pooled new future transaction"          hash=0xe76d3779ffe9e8647245d4148f82466b7e3352adc5f7829d6edd9b4dbade92d1 from=0x52D7DdC1B94D310f24a4E67cE43388304D47A507 to=0x0000000000000000000000000000000000000000
t=2023-06-02T16:09:00+0800 lvl=trce msg="Removed old queued transactions"        count=0
t=2023-06-02T16:09:00+0800 lvl=trce msg="Removed unpayable queued transactions"  count=0
t=2023-06-02T16:09:00+0800 lvl=trce msg="Promoted queued transactions"           count=1
t=2023-06-02T16:09:00+0800 lvl=trce msg="Pooled new future transaction"          hash=0x6e729cdaa327b09874fb0bd751184dff236a454f8d52e38588f66f9d4774d2c8 from=0x66e0851F1a162869024b4C9f6b1C4Fc5cb4832F1 to=0x0000000000000000000000000000000000000000
t=2023-06-02T16:09:00+0800 lvl=trce msg="Removed old queued transactions"        count=0
t=2023-06-02T16:09:00+0800 lvl=trce msg="Removed unpayable queued transactions"  count=0
t=2023-06-02T16:09:00+0800 lvl=trce msg="Promoted queued transactions"           count=1
t=2023-06-02T16:09:00+0800 lvl=trce msg="Pooled new future transaction"          hash=0x56333d03809bf9a84325d04f4fc6fce930568451a3357659aabf3f98267d18f5 from=0x52D7DdC1B94D310f24a4E67cE43388304D47A507 to=0x0000000000000000000000000000000000000000
t=2023-06-02T16:09:00+0800 lvl=trce msg="Removed old queued transactions"        count=0
t=2023-06-02T16:09:00+0800 lvl=trce msg="Removed unpayable queued transactions"  count=0
t=2023-06-02T16:09:00+0800 lvl=trce msg="Discarding freshly underpriced transaction" hash=0x1e369f5742b4fad61d67b1bcfbe6356c3f8f3fe1170536269e06f5ff0057c27f gasTipCap=1 gasFeeCap=205
t=2023-06-02T16:09:00+0800 lvl=trce msg="Pooled new future transaction"          hash=0x5e6c1ce827eae75e57a96a7a5c4bb890a8209d56d82826cdcbc422f613516b7f from=0x0954a1042d975Bd6aD048c78361A3ce029D26ADC to=0x0000000000000000000000000000000000000000
t=2023-06-02T16:09:00+0800 lvl=trce msg="Pooled new future transaction"          hash=0x3bdc38a4a97d82987449e0359eddbf5d35f744c4b57951429cdc850996664197 from=0x66e0851F1a162869024b4C9f6b1C4Fc5cb4832F1 to=0x0000000000000000000000000000000000000000
t=2023-06-02T16:09:00+0800 lvl=trce msg="Removed old queued transactions"        count=0
t=2023-06-02T16:09:00+0800 lvl=trce msg="Removed unpayable queued transactions"  count=0
t=2023-06-02T16:09:00+0800 lvl=trce msg="Promoted queued transactions"           count=0
t=2023-06-02T16:09:00+0800 lvl=trce msg="Removed old queued transactions"        count=0
t=2023-06-02T16:09:00+0800 lvl=trce msg="Removed unpayable queued transactions"  count=0
t=2023-06-02T16:09:00+0800 lvl=trce msg="Promoted queued transactions"           count=1
t=2023-06-02T16:09:00+0800 lvl=trce msg="Promoted queued transactions"           count=1
t=2023-06-02T16:09:00+0800 lvl=trce msg="Pooled new future transaction"          hash=0xa289baa226345722a38aeb53ee89da461d2b03e3131dacb613ed990c8fc0e1cd from=0x7628e7c918DAaf4dfbF615023fDBcF72b8479bCe to=0x0000000000000000000000000000000000000000
t=2023-06-02T16:09:00+0800 lvl=trce msg="Removed old queued transactions"        count=0
t=2023-06-02T16:09:00+0800 lvl=trce msg="Removed unpayable queued transactions"  count=0
t=2023-06-02T16:09:00+0800 lvl=trce msg="Promoted queued transactions"           count=1
t=2023-06-02T16:09:00+0800 lvl=trce msg="Pooled new future transaction"          hash=0xcdd043ec024491cd7cfe9dbeed413bf65cf1fcef8c85ed256c730a86a83b8f61 from=0x52D7DdC1B94D310f24a4E67cE43388304D47A507 to=0x0000000000000000000000000000000000000000
t=2023-06-02T16:09:00+0800 lvl=trce msg="Removed old queued transactions"        count=0
t=2023-06-02T16:09:00+0800 lvl=trce msg="Discarding freshly underpriced transaction" hash=0xc299b35e1e466e78dcbaa6e8e3292dfc36a975ba8cf4e1f32b99483fa44de884 gasTipCap=1 gasFeeCap=206
t=2023-06-02T16:09:00+0800 lvl=trce msg="Pooled new future transaction"          hash=0x6612c104f115cb6070bfd36e985a646d2cba7952cca6232405eb76bbf9f0741c from=0xD6306D4cCd11C7D4712dB78010FF1f15158C45aE to=0x0000000000000000000000000000000000000000
t=2023-06-02T16:09:00+0800 lvl=trce msg="Removed old queued transactions"        count=0
t=2023-06-02T16:09:00+0800 lvl=trce msg="Removed unpayable queued transactions"  count=0
t=2023-06-02T16:09:00+0800 lvl=trce msg="Promoted queued transactions"           count=1
t=2023-06-02T16:09:00+0800 lvl=trce msg="Removed unpayable queued transactions"  count=0
t=2023-06-02T16:09:00+0800 lvl=trce msg="Promoted queued transactions"           count=1
t=2023-06-02T16:09:00+0800 lvl=trce msg="Pooled new future transaction"          hash=0x690ed38fe45fa7975ce0327d911170ca9506bca11aa5e8afa0cee40ec1d3c458 from=0x7628e7c918DAaf4dfbF615023fDBcF72b8479bCe to=0x0000000000000000000000000000000000000000
t=2023-06-02T16:09:00+0800 lvl=trce msg="Removed old queued transactions"        count=0
t=2023-06-02T16:09:00+0800 lvl=trce msg="Removed unpayable queued transactions"  count=0
t=2023-06-02T16:09:00+0800 lvl=trce msg="Promoted queued transactions"           count=0
t=2023-06-02T16:09:00+0800 lvl=trce msg="Pooled new future transaction"          hash=0x4c48be0ec5203049ec7018da81fdf7d9efe084379e871050286305e6c5b2cc81 from=0x52D7DdC1B94D310f24a4E67cE43388304D47A507 to=0x0000000000000000000000000000000000000000
t=2023-06-02T16:09:00+0800 lvl=trce msg="Removed old queued transactions"        count=0
t=2023-06-02T16:09:00+0800 lvl=trce msg="Removed unpayable queued transactions"  count=0
t=2023-06-02T16:09:00+0800 lvl=trce msg="Discarding freshly underpriced transaction" hash=0x7cfdf10ce938ac74b8b84b1c00807034781d546be3249352f27e8cbbaf778a30 gasTipCap=1 gasFeeCap=207
t=2023-06-02T16:09:00+0800 lvl=trce msg="Pooled new future transaction"          hash=0x1bd7b6d8e666d58ab3e809d866d8aa9ebbd85b668f639ac5593a1eeda6653fec from=0x82074Ac73663c7633407cdc8B6DAb4b70610d3f6 to=0x0000000000000000000000000000000000000000
t=2023-06-02T16:09:00+0800 lvl=trce msg="Removed old queued transactions"        count=0
t=2023-06-02T16:09:00+0800 lvl=trce msg="Removed unpayable queued transactions"  count=0
t=2023-06-02T16:09:00+0800 lvl=trce msg="Promoted queued transactions"           count=1
t=2023-06-02T16:09:00+0800 lvl=trce msg="Promoted queued transactions"           count=1
t=2023-06-02T16:09:00+0800 lvl=trce msg="Pooled new future transaction"          hash=0x75599411443812829e239aed8101f0fbae006ccf33bcbc0038b91b9e64d12a0e from=0x66e0851F1a162869024b4C9f6b1C4Fc5cb4832F1 to=0x0000000000000000000000000000000000000000
t=2023-06-02T16:09:00+0800 lvl=trce msg="Removed old queued transactions"        count=0
t=2023-06-02T16:09:00+0800 lvl=trce msg="Removed unpayable queued transactions"  count=0
t=2023-06-02T16:09:00+0800 lvl=trce msg="Promoted queued transactions"           count=1
t=2023-06-02T16:09:00+0800 lvl=trce msg="Pooled new future transaction"          hash=0x6cff34d8fecb1ca5d74eac64e7dc088657af969f9734cc1451893a411e06210b from=0x52D7DdC1B94D310f24a4E67cE43388304D47A507 to=0x0000000000000000000000000000000000000000
t=2023-06-02T16:09:00+0800 lvl=trce msg="Removed old queued transactions"        count=0
t=2023-06-02T16:09:00+0800 lvl=trce msg="Removed unpayable queued transactions"  count=0
t=2023-06-02T16:09:00+0800 lvl=trce msg="Promoted queued transactions"           count=1
t=2023-06-02T16:09:00+0800 lvl=trce msg="Pooled new future transaction"          hash=0x36bf88276df95fafa818408f9f40860f9b604cd2c8b86b54c5da64681262f7a3 from=0x66e0851F1a162869024b4C9f6b1C4Fc5cb4832F1 to=0x0000000000000000000000000000000000000000
t=2023-06-02T16:09:00+0800 lvl=trce msg="Removed old queued transactions"        count=0
t=2023-06-02T16:09:00+0800 lvl=trce msg="Pooled new future transaction"          hash=0x39905c48ed2aff825e1d6b55e6708549cc353a623a50b1c750ce098ff61533f7 from=0x52D7DdC1B94D310f24a4E67cE43388304D47A507 to=0x0000000000000000000000000000000000000000
t=2023-06-02T16:09:00+0800 lvl=trce msg="Removed unpayable queued transactions"  count=0
t=2023-06-02T16:09:00+0800 lvl=trce msg="Promoted queued transactions"           count=0
t=2023-06-02T16:09:00+0800 lvl=trce msg="Removed old queued transactions"        count=0
t=2023-06-02T16:09:00+0800 lvl=trce msg="Removed unpayable queued transactions"  count=0
t=2023-06-02T16:09:00+0800 lvl=trce msg="Promoted queued transactions"           count=1
t=2023-06-02T16:09:00+0800 lvl=trce msg="Discarding freshly underpriced transaction" hash=0xde5821e36bfc18e618559d9cf9dfbc6933fd7b819a442ada3a01aafc9d9f6a84 gasTipCap=1 gasFeeCap=208
t=2023-06-02T16:09:00+0800 lvl=trce msg="Pooled new future transaction"          hash=0x9bed2be0819e985a3b7e713dc646d1d5ed1a94463f0765b620263dfc75c905f7 from=0x55028988Cc95ecE77e80fE121FC146e86BCE6960 to=0x0000000000000000000000000000000000000000
t=2023-06-02T16:09:00+0800 lvl=trce msg="Removed old queued transactions"        count=0
t=2023-06-02T16:09:00+0800 lvl=trce msg="Removed unpayable queued transactions"  count=0
t=2023-06-02T16:09:00+0800 lvl=trce msg="Promoted queued transactions"           count=1
t=2023-06-02T16:09:00+0800 lvl=trce msg="Pooled new future transaction"          hash=0x05257a7aaa82b88f0c4a241dde2a35fa9abb4945ba98b140b755076ac5278478 from=0x7628e7c918DAaf4dfbF615023fDBcF72b8479bCe to=0x0000000000000000000000000000000000000000
t=2023-06-02T16:09:00+0800 lvl=trce msg="Removed old queued transactions"        count=0
t=2023-06-02T16:09:00+0800 lvl=trce msg="Pooled new future transaction"          hash=0x3c17a038d490fe50b225cc0e5fa2b07769443277ca57b68f69fd36a803e260fc from=0x52D7DdC1B94D310f24a4E67cE43388304D47A507 to=0x0000000000000000000000000000000000000000
t=2023-06-02T16:09:00+0800 lvl=trce msg="Removed old queued transactions"        count=0
t=2023-06-02T16:09:00+0800 lvl=trce msg="Removed unpayable queued transactions"  count=0
t=2023-06-02T16:09:00+0800 lvl=trce msg="Promoted queued transactions"           count=1
t=2023-06-02T16:09:00+0800 lvl=trce msg="Removed unpayable queued transactions"  count=0
t=2023-06-02T16:09:00+0800 lvl=trce msg="Promoted queued transactions"           count=1
t=2023-06-02T16:09:00+0800 lvl=trce msg="Discarding freshly underpriced transaction" hash=0x5d2c29104bb7af216081e1d52f42c84e3a661ec8251627700b62219eed3d044b gasTipCap=1 gasFeeCap=209
t=2023-06-02T16:09:00+0800 lvl=trce msg="Pooled new future transaction"          hash=0x33f8122da0488574519e45f1b60d0bff9eb7fe922a511d2aa970aaf284262cb5 from=0xf0902F16cD7E134f660c5e75Fe74F11d9a8C9f15 to=0x0000000000000000000000000000000000000000
t=2023-06-02T16:09:00+0800 lvl=trce msg="Removed old queued transactions"        count=0
t=2023-06-02T16:09:00+0800 lvl=trce msg="Removed unpayable queued transactions"  count=0
t=2023-06-02T16:09:00+0800 lvl=trce msg="Promoted queued transactions"           count=1
t=2023-06-02T16:09:00+0800 lvl=trce msg="Pooled new future transaction"          hash=0xc0ee7288936d46ccb9c579c0b899536fca66903d9dfc436a49126de0df94e5a3 from=0x7628e7c918DAaf4dfbF615023fDBcF72b8479bCe to=0x0000000000000000000000000000000000000000
t=2023-06-02T16:09:00+0800 lvl=trce msg="Removed old queued transactions"        count=0
t=2023-06-02T16:09:00+0800 lvl=trce msg="Removed unpayable queued transactions"  count=0
t=2023-06-02T16:09:00+0800 lvl=trce msg="Promoted queued transactions"           count=0
t=2023-06-02T16:09:00+0800 lvl=trce msg="Pooled new future transaction"          hash=0x7c7ecba70c76003923d786af29abd1210857ad5bc3c80156f49f599040738629 from=0x52D7DdC1B94D310f24a4E67cE43388304D47A507 to=0x0000000000000000000000000000000000000000
t=2023-06-02T16:09:00+0800 lvl=trce msg="Removed old queued transactions"        count=0
t=2023-06-02T16:09:00+0800 lvl=trce msg="Removed unpayable queued transactions"  count=0
t=2023-06-02T16:09:00+0800 lvl=trce msg="Promoted queued transactions"           count=1
t=2023-06-02T16:09:00+0800 lvl=trce msg="Pooled new future transaction"          hash=0x47a6b778e025808d8acbe1454235907567bd2b9e9dde2f3a9f0ed3f89f8eac57 from=0x66e0851F1a162869024b4C9f6b1C4Fc5cb4832F1 to=0x0000000000000000000000000000000000000000
t=2023-06-02T16:09:00+0800 lvl=trce msg="Removed old queued transactions"        count=0
t=2023-06-02T16:09:00+0800 lvl=trce msg="Removed unpayable queued transactions"  count=0
t=2023-06-02T16:09:00+0800 lvl=trce msg="Promoted queued transactions"           count=1
t=2023-06-02T16:09:00+0800 lvl=trce msg="Discarding freshly underpriced transaction" hash=0xb4b0c5f41b0d50acb73bbbb0b2f28e82bc8709fe8f2d379863a00516dc4266f6 gasTipCap=1 gasFeeCap=210
t=2023-06-02T16:09:00+0800 lvl=trce msg="Pooled new future transaction"          hash=0x2046686a8787c0fbcb7c4d1c9a63b8067b2ceaa5205df827593fdf7980b4570c from=0x8415C01046F5FabfCBd520e1f54EE4Dbed2D74Ec to=0x0000000000000000000000000000000000000000
t=2023-06-02T16:09:00+0800 lvl=trce msg="Pooled new future transaction"          hash=0x9b88b3cb06df19ddb3734e97d8fab0df40d181a8dfe983ba1f7a937ca539eb34 from=0x52D7DdC1B94D310f24a4E67cE43388304D47A507 to=0x0000000000000000000000000000000000000000
t=2023-06-02T16:09:00+0800 lvl=trce msg="Removed old queued transactions"        count=0
t=2023-06-02T16:09:00+0800 lvl=trce msg="Removed unpayable queued transactions"  count=0
t=2023-06-02T16:09:00+0800 lvl=trce msg="Promoted queued transactions"           count=1
t=2023-06-02T16:09:00+0800 lvl=trce msg="Removed old queued transactions"        count=0
t=2023-06-02T16:09:00+0800 lvl=trce msg="Removed unpayable queued transactions"  count=0
t=2023-06-02T16:09:00+0800 lvl=trce msg="Promoted queued transactions"           count=1
t=2023-06-02T16:09:00+0800 lvl=trce msg="Pooled new future transaction"          hash=0x86b6f78bc1be6082c0fb4f9500239c396cc342e020a41eabca374f8e4daa16c0 from=0x66e0851F1a162869024b4C9f6b1C4Fc5cb4832F1 to=0x0000000000000000000000000000000000000000
t=2023-06-02T16:09:00+0800 lvl=trce msg="Removed old queued transactions"        count=0
t=2023-06-02T16:09:00+0800 lvl=trce msg="Removed unpayable queued transactions"  count=0
t=2023-06-02T16:09:00+0800 lvl=trce msg="Promoted queued transactions"           count=0
t=2023-06-02T16:09:00+0800 lvl=trce msg="Pooled new future transaction"          hash=0x4de32c05bfefe9a482862b8fd9919bb1497dbb272444ea47a20d16a2e8330093 from=0x52D7DdC1B94D310f24a4E67cE43388304D47A507 to=0x0000000000000000000000000000000000000000
t=2023-06-02T16:09:00+0800 lvl=trce msg="Removed old queued transactions"        count=0
t=2023-06-02T16:09:00+0800 lvl=trce msg="Removed unpayable queued transactions"  count=0
t=2023-06-02T16:09:00+0800 lvl=trce msg="Pooled new future transaction"          hash=0xbfa2121bb0cf282b0a3d2b6231e9d410839a0135c90198728e7f21e15c7e671c from=0x7628e7c918DAaf4dfbF615023fDBcF72b8479bCe to=0x0000000000000000000000000000000000000000
t=2023-06-02T16:09:00+0800 lvl=trce msg="Removed old queued transactions"        count=0
t=2023-06-02T16:09:00+0800 lvl=trce msg="Promoted queued transactions"           count=1
t=2023-06-02T16:09:00+0800 lvl=trce msg="Discarding freshly underpriced transaction" hash=0x8bd45ef5158e9d5f8f78affc2f2e851598de78686db8c57cfa6e5b43354113a5 gasTipCap=1 gasFeeCap=211
t=2023-06-02T16:09:00+0800 lvl=trce msg="Pooled new future transaction"          hash=0x1a7fe0ad24342aa77a32d399801ed68a436bc87b7b94e22b254800deb5e1485e from=0x21912ab7c28d0c738591Bb6fA0759b76A7c6c9D9 to=0x0000000000000000000000000000000000000000
t=2023-06-02T16:09:00+0800 lvl=trce msg="Removed old queued transactions"        count=0
t=2023-06-02T16:09:00+0800 lvl=trce msg="Removed unpayable queued transactions"  count=0
t=2023-06-02T16:09:00+0800 lvl=trce msg="Promoted queued transactions"           count=1
t=2023-06-02T16:09:00+0800 lvl=trce msg="Removed unpayable queued transactions"  count=0
t=2023-06-02T16:09:00+0800 lvl=trce msg="Promoted queued transactions"           count=1
t=2023-06-02T16:09:00+0800 lvl=trce msg="Pooled new future transaction"          hash=0xaaf2d8928a3f92d2e4b398a5dc563ee28e6e9cd6b968fafd421963b81f891ab3 from=0x52D7DdC1B94D310f24a4E67cE43388304D47A507 to=0x0000000000000000000000000000000000000000
t=2023-06-02T16:09:00+0800 lvl=trce msg="Removed old queued transactions"        count=0
t=2023-06-02T16:09:00+0800 lvl=trce msg="Removed unpayable queued transactions"  count=0
t=2023-06-02T16:09:00+0800 lvl=trce msg="Promoted queued transactions"           count=1
t=2023-06-02T16:09:00+0800 lvl=trce msg="Pooled new future transaction"          hash=0x353b914389cd6c990656d8adb9f5d5b9128ec0334b5cd92f06fa044563441fb8 from=0x7628e7c918DAaf4dfbF615023fDBcF72b8479bCe to=0x0000000000000000000000000000000000000000
t=2023-06-02T16:09:00+0800 lvl=trce msg="Removed old queued transactions"        count=0
t=2023-06-02T16:09:00+0800 lvl=trce msg="Removed unpayable queued transactions"  count=0
t=2023-06-02T16:09:00+0800 lvl=trce msg="Discarding freshly underpriced transaction" hash=0x8d486d41cfa41cc845ca8810457644adfb647481edd7bfea9f328cf65830d30d gasTipCap=1 gasFeeCap=212
t=2023-06-02T16:09:00+0800 lvl=trce msg="Pooled new future transaction"          hash=0xd39cf737ee1903ca0d32c1e0779ec75a1449fcec3bd7f1e58e585c212cfb0673 from=0xf8fAF8ac20460f7D49db52624f15e46E5cc510a8 to=0x0000000000000000000000000000000000000000
t=2023-06-02T16:09:00+0800 lvl=trce msg="Promoted queued transactions"           count=0
t=2023-06-02T16:09:00+0800 lvl=trce msg="Pooled new future transaction"          hash=0xd90565d0a7998bfc0de1cb28cd7270c0eace0384bf99ec80395a606d0e8b3edf from=0x52D7DdC1B94D310f24a4E67cE43388304D47A507 to=0x0000000000000000000000000000000000000000
t=2023-06-02T16:09:00+0800 lvl=trce msg="Removed old queued transactions"        count=0
t=2023-06-02T16:09:00+0800 lvl=trce msg="Removed unpayable queued transactions"  count=0
t=2023-06-02T16:09:00+0800 lvl=trce msg="Promoted queued transactions"           count=1
t=2023-06-02T16:09:00+0800 lvl=trce msg="Removed old queued transactions"        count=0
t=2023-06-02T16:09:00+0800 lvl=trce msg="Removed unpayable queued transactions"  count=0
t=2023-06-02T16:09:00+0800 lvl=trce msg="Promoted queued transactions"           count=1
t=2023-06-02T16:09:00+0800 lvl=trce msg="Pooled new future transaction"          hash=0xeabcb7ccc061aac40d9cdb45ac9dc9b7620e1ae914dc8175c9b9dcb2bbc885d3 from=0x4d26Cd035A0Dfc4a3e109c268645938981F74fEf to=0x0000000000000000000000000000000000000000
t=2023-06-02T16:09:00+0800 lvl=trce msg="Pooled new future transaction"          hash=0x20ee154dbec8e79aa454655ac0b90413dee09309fcea1c93a6e35f51a16ccc2b from=0x4d26Cd035A0Dfc4a3e109c268645938981F74fEf to=0x0000000000000000000000000000000000000000
t=2023-06-02T16:09:00+0800 lvl=trce msg="Pooled new future transaction"          hash=0xc386bc653e72e02bc15e5f7c99190c0f84e0a4e0f3aa61ccd29e24cff0951142 from=0x4d26Cd035A0Dfc4a3e109c268645938981F74fEf to=0x0000000000000000000000000000000000000000
t=2023-06-02T16:09:00+0800 lvl=trce msg="Pooled new future transaction"          hash=0x563bcb1dceb300c5c74a85b5f28462912c783f2f6d1d340c784eca05a71c6ffb from=0x4d26Cd035A0Dfc4a3e109c268645938981F74fEf to=0x0000000000000000000000000000000000000000
t=2023-06-02T16:09:00+0800 lvl=trce msg="Pooled new future transaction"          hash=0x59e121391f49fdb996861978d00dfd7902aa2d1a89554159b4adfb098c9a2f35 from=0x4d26Cd035A0Dfc4a3e109c268645938981F74fEf to=0x0000000000000000000000000000000000000000
t=2023-06-02T16:09:00+0800 lvl=trce msg="Pooled new future transaction"          hash=0xd710fc818b81175cac10392608d74f674c8f42202808c7dd4b8a6119c7a4404e from=0x4d26Cd035A0Dfc4a3e109c268645938981F74fEf to=0x0000000000000000000000000000000000000000
t=2023-06-02T16:09:00+0800 lvl=trce msg="Pooled new future transaction"          hash=0x25d436495a3e24c0486ef1198d21b3ac5b8b0f18796191d13e60772f4aa7c95a from=0x52D7DdC1B94D310f24a4E67cE43388304D47A507 to=0x0000000000000000000000000000000000000000
t=2023-06-02T16:09:00+0800 lvl=trce msg="Removed old queued transactions"        count=0
t=2023-06-02T16:09:00+0800 lvl=trce msg="Removed unpayable queued transactions"  count=0
t=2023-06-02T16:09:00+0800 lvl=trce msg="Promoted queued transactions"           count=1
t=2023-06-02T16:09:00+0800 lvl=trce msg="Pooled new future transaction"          hash=0xe4b253e1b33231638508d77dd8a1eefe1acca7f08e0278644f85653fba47d467 from=0x66e0851F1a162869024b4C9f6b1C4Fc5cb4832F1 to=0x0000000000000000000000000000000000000000
t=2023-06-02T16:09:00+0800 lvl=trce msg="Discarding freshly underpriced transaction" hash=0xb1dc3b978cec509dbe771a315d0d4b32facdc1028fe002ffc4b350f8aa5a7882 gasTipCap=1 gasFeeCap=213
t=2023-06-02T16:09:00+0800 lvl=trce msg="Removed old queued transactions"        count=0
t=2023-06-02T16:09:00+0800 lvl=trce msg="Removed unpayable queued transactions"  count=0
t=2023-06-02T16:09:00+0800 lvl=trce msg="Promoted queued transactions"           count=1
t=2023-06-02T16:09:00+0800 lvl=trce msg="Pooled new future transaction"          hash=0x1ab293e33c6630ae37cdf09710526e5aac14b05fa4d810db749e993c8d240bff from=0x4d26Cd035A0Dfc4a3e109c268645938981F74fEf to=0x0000000000000000000000000000000000000000
t=2023-06-02T16:09:00+0800 lvl=trce msg="Pooled new future transaction"          hash=0x98c0141e55f28f1bf3690d1f2543b51546bdf562a0cb12671ca50a028a1704c0 from=0x4d26Cd035A0Dfc4a3e109c268645938981F74fEf to=0x0000000000000000000000000000000000000000
t=2023-06-02T16:09:00+0800 lvl=trce msg="Pooled new future transaction"          hash=0x6c3f6b5d416319e3bb2593d54a6c6d4292f02b1da14983d9c4ee30c73ba35d57 from=0x52D7DdC1B94D310f24a4E67cE43388304D47A507 to=0x0000000000000000000000000000000000000000
t=2023-06-02T16:09:00+0800 lvl=trce msg="Removed old queued transactions"        count=0
t=2023-06-02T16:09:00+0800 lvl=trce msg="Pooled new future transaction"          hash=0xcdc8456123117e2e77c91811231b3493468d10377c7653f230d26777ce6db775 from=0x4d26Cd035A0Dfc4a3e109c268645938981F74fEf to=0x0000000000000000000000000000000000000000
t=2023-06-02T16:09:00+0800 lvl=trce msg="Pooled new future transaction"          hash=0xd6d4d86ae45823f4e31e5f927343aebcc7f9dbfd2dfa5df2859faae621b7dfa2 from=0x4d26Cd035A0Dfc4a3e109c268645938981F74fEf to=0x0000000000000000000000000000000000000000
t=2023-06-02T16:09:00+0800 lvl=trce msg="Pooled new future transaction"          hash=0x44eafc6a59d0937d68be146c99adb534d191ecfd9b0a9090cf72ec37a8bed59d from=0x4d26Cd035A0Dfc4a3e109c268645938981F74fEf to=0x0000000000000000000000000000000000000000
t=2023-06-02T16:09:00+0800 lvl=trce msg="Pooled new future transaction"          hash=0xd640e08aa6756ec1ad523a9a2df740fe288f8fc517229946aa6da7c4816a4314 from=0x66e0851F1a162869024b4C9f6b1C4Fc5cb4832F1 to=0x0000000000000000000000000000000000000000
t=2023-06-02T16:09:00+0800 lvl=trce msg="Pooled new future transaction"          hash=0x00969834b2ee655e902045e69f2a23d9f1cf31ee57e88303cfdb3c1a5644ba1d from=0x4d26Cd035A0Dfc4a3e109c268645938981F74fEf to=0x0000000000000000000000000000000000000000
t=2023-06-02T16:09:00+0800 lvl=trce msg="Pooled new future transaction"          hash=0x5d0992f53e876101b6bde6f1d0b015918259ec52aa713f65ba1e53913f19bf8e from=0xA664cDABA2bE402E2E9622689025B3Cf0d505707 to=0x0000000000000000000000000000000000000000
t=2023-06-02T16:09:00+0800 lvl=trce msg="Pooled new future transaction"          hash=0x18cd93108b054bbe5afc6af1938cc9d3d55aad701b464b6ae737a778d15b9764 from=0x4d26Cd035A0Dfc4a3e109c268645938981F74fEf to=0x0000000000000000000000000000000000000000
t=2023-06-02T16:09:00+0800 lvl=trce msg="Pooled new future transaction"          hash=0x6e03e8242b6000197890babc6f6cd0ff8a1aed3c9d9523f4393868084e852df2 from=0x4d26Cd035A0Dfc4a3e109c268645938981F74fEf to=0x0000000000000000000000000000000000000000
t=2023-06-02T16:09:00+0800 lvl=trce msg="Pooled new future transaction"          hash=0x6afc03891a020377550116cb1ced61ca0e8ecbec6eda5029d4a64937adfc540e from=0x4d26Cd035A0Dfc4a3e109c268645938981F74fEf to=0x0000000000000000000000000000000000000000
t=2023-06-02T16:09:00+0800 lvl=trce msg="Pooled new future transaction"          hash=0x54507a0870ff3ccd2761f31ddee099ba492beed73f253d5e84cc088617f86037 from=0x4d26Cd035A0Dfc4a3e109c268645938981F74fEf to=0x0000000000000000000000000000000000000000
t=2023-06-02T16:09:00+0800 lvl=trce msg="Removed old queued transactions"        count=0
t=2023-06-02T16:09:00+0800 lvl=trce msg="Removed unpayable queued transactions"  count=0
t=2023-06-02T16:09:00+0800 lvl=trce msg="Promoted queued transactions"           count=0
t=2023-06-02T16:09:00+0800 lvl=trce msg="Removed old queued transactions"        count=0
t=2023-06-02T16:09:00+0800 lvl=trce msg="Removed unpayable queued transactions"  count=0
t=2023-06-02T16:09:00+0800 lvl=trce msg="Promoted queued transactions"           count=1
t=2023-06-02T16:09:00+0800 lvl=trce msg="Removed unpayable queued transactions"  count=0
t=2023-06-02T16:09:00+0800 lvl=trce msg="Promoted queued transactions"           count=1
t=2023-06-02T16:09:00+0800 lvl=trce msg="Pooled new future transaction"          hash=0x251eeac114623e4b85d7fb1d6e7bd9553ab274a19459942cf513125a950dc120 from=0x4d26Cd035A0Dfc4a3e109c268645938981F74fEf to=0x0000000000000000000000000000000000000000
t=2023-06-02T16:09:00+0800 lvl=trce msg="Pooled new future transaction"          hash=0xc17179aa5c5741cc7fd7c36417d3a4c0ff36269b245a69e5605ba5c6bcbbb424 from=0x4d26Cd035A0Dfc4a3e109c268645938981F74fEf to=0x0000000000000000000000000000000000000000
t=2023-06-02T16:09:00+0800 lvl=trce msg="Pooled new future transaction"          hash=0x4df1da284b58b0512453c0b0d41e6bb191dadbeee2b45edd58749aecf03600c4 from=0x7628e7c918DAaf4dfbF615023fDBcF72b8479bCe to=0x0000000000000000000000000000000000000000
t=2023-06-02T16:09:00+0800 lvl=trce msg="Pooled new future transaction"          hash=0xe5f9b5557035e1b0f13db589d974bda2ff138dc6c2c33132d4aa7484e16a3188 from=0x4d26Cd035A0Dfc4a3e109c268645938981F74fEf to=0x0000000000000000000000000000000000000000
t=2023-06-02T16:09:00+0800 lvl=trce msg="Pooled new future transaction"          hash=0xa59ef3729d9888da743e50cb45f717e05b650c674178a43b7dff9980d1892302 from=0x4d26Cd035A0Dfc4a3e109c268645938981F74fEf to=0x0000000000000000000000000000000000000000
t=2023-06-02T16:09:00+0800 lvl=trce msg="Pooled new future transaction"          hash=0x6e3b76b5a8c4e7189b99536b721508b0f5f4750023c641c262339faa870c00a7 from=0x4d26Cd035A0Dfc4a3e109c268645938981F74fEf to=0x0000000000000000000000000000000000000000
t=2023-06-02T16:09:00+0800 lvl=trce msg="Pooled new future transaction"          hash=0x58859d94b4b382d33bb18cd4c17e60905a7c2bb2ff0640ced84e3488ce9b5de8 from=0x4d26Cd035A0Dfc4a3e109c268645938981F74fEf to=0x0000000000000000000000000000000000000000
t=2023-06-02T16:09:00+0800 lvl=trce msg="Pooled new future transaction"          hash=0xb57fad0b65228a2f1abe89f7b39d23c8e7046affd01d1cea74086a23cd7c7094 from=0x4d26Cd035A0Dfc4a3e109c268645938981F74fEf to=0x0000000000000000000000000000000000000000
t=2023-06-02T16:09:00+0800 lvl=trce msg="Pooled new future transaction"          hash=0xe4936725285a90559dcf9cedf20728d14fdd5826049fced29f6780840e24d63b from=0x4d26Cd035A0Dfc4a3e109c268645938981F74fEf to=0x0000000000000000000000000000000000000000
t=2023-06-02T16:09:00+0800 lvl=trce msg="Removed old queued transactions"        count=0
t=2023-06-02T16:09:00+0800 lvl=trce msg="Removed unpayable queued transactions"  count=0
t=2023-06-02T16:09:00+0800 lvl=trce msg="Pooled new future transaction"          hash=0x9297cc838e86981e283ab2ec6ed16b5f4551f172e722487295c4b279bb19529e from=0x52D7DdC1B94D310f24a4E67cE43388304D47A507 to=0x0000000000000000000000000000000000000000
t=2023-06-02T16:09:00+0800 lvl=trce msg="Removed old queued transactions"        count=0
t=2023-06-02T16:09:00+0800 lvl=trce msg="Removed unpayable queued transactions"  count=0
t=2023-06-02T16:09:00+0800 lvl=trce msg="Promoted queued transactions"           count=1
t=2023-06-02T16:09:00+0800 lvl=trce msg="Promoted queued transactions"           count=1
t=2023-06-02T16:09:00+0800 lvl=trce msg="Discarding freshly underpriced transaction" hash=0x614f90598b328d78c51f94e252e227b284a0f379eabce6404319482766bcbf9e gasTipCap=1 gasFeeCap=214
t=2023-06-02T16:09:00+0800 lvl=trce msg="Pooled new future transaction"          hash=0x7b42a165bf6b642b8f437b1d4427240581dc1e037b8336ffecc42cf7324ad5a1 from=0xCB8706b27b30FB8AB812157F11dc67084CC15A1f to=0x0000000000000000000000000000000000000000
t=2023-06-02T16:09:00+0800 lvl=trce msg="Removed old queued transactions"        count=0
t=2023-06-02T16:09:00+0800 lvl=trce msg="Removed unpayable queued transactions"  count=0
t=2023-06-02T16:09:00+0800 lvl=trce msg="Promoted queued transactions"           count=1
t=2023-06-02T16:09:00+0800 lvl=trce msg="Pooled new future transaction"          hash=0xb386a9e641e2875dc6e382f59d7100cee2a83612979d731cbeee3188089a6a7e from=0x52D7DdC1B94D310f24a4E67cE43388304D47A507 to=0x0000000000000000000000000000000000000000
t=2023-06-02T16:09:00+0800 lvl=trce msg="Pooled new future transaction"          hash=0xa69ac3bd0b172c82cbcb47317755527aecbef2decb76d082784a3d020c278b67 from=0x7628e7c918DAaf4dfbF615023fDBcF72b8479bCe to=0x0000000000000000000000000000000000000000
t=2023-06-02T16:09:00+0800 lvl=trce msg="Removed old queued transactions"        count=0
t=2023-06-02T16:09:00+0800 lvl=trce msg="Pooled new future transaction"          hash=0xd40afa81448cb0429c37b9ac678705f178ce49eb6e362684d07eb0691b4c0039 from=0x4d26Cd035A0Dfc4a3e109c268645938981F74fEf to=0x0000000000000000000000000000000000000000
t=2023-06-02T16:09:00+0800 lvl=trce msg="Pooled new future transaction"          hash=0x0d91afebe71abf2816d136581c98b5f53499e1e2b2426beb174a016c3bcacd0d from=0x4d26Cd035A0Dfc4a3e109c268645938981F74fEf to=0x0000000000000000000000000000000000000000
t=2023-06-02T16:09:00+0800 lvl=trce msg="Pooled new future transaction"          hash=0xaa528eeda5c2f7d19f2673529c029bcaad143202859b0c46d0a6ed47b3b2fc2d from=0x4d26Cd035A0Dfc4a3e109c268645938981F74fEf to=0x0000000000000000000000000000000000000000
t=2023-06-02T16:09:00+0800 lvl=trce msg="Pooled new future transaction"          hash=0x77ab4b146cec1152abb5bc707e6ecf098e2078f481d6e6424141bccb99c1e824 from=0x4d26Cd035A0Dfc4a3e109c268645938981F74fEf to=0x0000000000000000000000000000000000000000
t=2023-06-02T16:09:00+0800 lvl=trce msg="Removed old queued transactions"        count=0
t=2023-06-02T16:09:00+0800 lvl=trce msg="Removed unpayable queued transactions"  count=0
t=2023-06-02T16:09:00+0800 lvl=trce msg="Promoted queued transactions"           count=1
t=2023-06-02T16:09:00+0800 lvl=trce msg="Removed unpayable queued transactions"  count=0
t=2023-06-02T16:09:00+0800 lvl=trce msg="Promoted queued transactions"           count=0
t=2023-06-02T16:09:00+0800 lvl=trce msg="Pooled new future transaction"          hash=0xe33c09092317d596bec07bcf37703bd8224e41e65ed2b81f71c74e28eb0eb0e0 from=0x4d26Cd035A0Dfc4a3e109c268645938981F74fEf to=0x0000000000000000000000000000000000000000
t=2023-06-02T16:09:00+0800 lvl=trce msg="Pooled new future transaction"          hash=0x1c06a5fa8d318d21609f632c330a84cbfaac472c998cac6c3600be87857c81e9 from=0x4d26Cd035A0Dfc4a3e109c268645938981F74fEf to=0x0000000000000000000000000000000000000000
t=2023-06-02T16:09:00+0800 lvl=trce msg="Pooled new future transaction"          hash=0x53b8132a044ff943d7100e1be9a8750d2073399dc26831160c30121d415e2853 from=0x52D7DdC1B94D310f24a4E67cE43388304D47A507 to=0x0000000000000000000000000000000000000000
t=2023-06-02T16:09:00+0800 lvl=trce msg="Removed old queued transactions"        count=0
t=2023-06-02T16:09:00+0800 lvl=trce msg="Removed unpayable queued transactions"  count=0
t=2023-06-02T16:09:00+0800 lvl=trce msg="Promoted queued transactions"           count=1
t=2023-06-02T16:09:00+0800 lvl=trce msg="Pooled new future transaction"          hash=0xa321c3a15c34f1a297fa61c2b4becc17c4834f6f0ac1402ed2cc339bdc89238b from=0x4d26Cd035A0Dfc4a3e109c268645938981F74fEf to=0x0000000000000000000000000000000000000000
t=2023-06-02T16:09:00+0800 lvl=trce msg="Pooled new future transaction"          hash=0x6ebc4c9e1d2ad0a22f0c7223ae2cb6d939817924b407f5054d2dc7535dd68dca from=0x4d26Cd035A0Dfc4a3e109c268645938981F74fEf to=0x0000000000000000000000000000000000000000
t=2023-06-02T16:09:00+0800 lvl=trce msg="Pooled new future transaction"          hash=0x28b90b8269ac62e42ab1170acb6470a1a26179927b65439ad43a11049cd3f121 from=0x4d26Cd035A0Dfc4a3e109c268645938981F74fEf to=0x0000000000000000000000000000000000000000
t=2023-06-02T16:09:00+0800 lvl=trce msg="Pooled new future transaction"          hash=0x8d7d60bcc323987c0d78cc5a51faf493be2ca9d2ab341931d4a7a405709fac2f from=0x4d26Cd035A0Dfc4a3e109c268645938981F74fEf to=0x0000000000000000000000000000000000000000
t=2023-06-02T16:09:00+0800 lvl=trce msg="Discarding freshly underpriced transaction" hash=0x3ef6ca0087cb0c6cbad6fe6c6b5d6ea9d2b54940c10f349df3d57c32c3a84ec9 gasTipCap=1 gasFeeCap=215
t=2023-06-02T16:09:00+0800 lvl=trce msg="Pooled new future transaction"          hash=0x7ca557655bd957ebeb4e2eeb49588ef717c07ed7373ea5c3f8e5b8ab996ed579 from=0x316469B01345fF9C23284Fe6B6004E6B509f796C to=0x0000000000000000000000000000000000000000
t=2023-06-02T16:09:00+0800 lvl=trce msg="Pooled new future transaction"          hash=0x250b3a7892dc0cac09de40f18b0561aa3cf191feb192fddfa1b8de056ddfb45c from=0x52D7DdC1B94D310f24a4E67cE43388304D47A507 to=0x0000000000000000000000000000000000000000
t=2023-06-02T16:09:00+0800 lvl=trce msg="Removed old queued transactions"        count=0
t=2023-06-02T16:09:00+0800 lvl=trce msg="Removed unpayable queued transactions"  count=0
t=2023-06-02T16:09:00+0800 lvl=trce msg="Pooled new future transaction"          hash=0x575bb00926a6d1906a78594dc1aafe771d1742398ba81329f318d2868f313526 from=0x66e0851F1a162869024b4C9f6b1C4Fc5cb4832F1 to=0x0000000000000000000000000000000000000000
t=2023-06-02T16:09:00+0800 lvl=trce msg="Removed old queued transactions"        count=0
t=2023-06-02T16:09:00+0800 lvl=trce msg="Removed unpayable queued transactions"  count=0
t=2023-06-02T16:09:00+0800 lvl=trce msg="Promoted queued transactions"           count=1
t=2023-06-02T16:09:00+0800 lvl=trce msg="Removed old queued transactions"        count=0
t=2023-06-02T16:09:00+0800 lvl=trce msg="Removed unpayable queued transactions"  count=0
t=2023-06-02T16:09:00+0800 lvl=trce msg="Promoted queued transactions"           count=1
t=2023-06-02T16:09:00+0800 lvl=trce msg="Pooled new future transaction"          hash=0xa750d2a6f4b2f7b83e0ea65f08a081810d847f9527317fe044a5c96e79095693 from=0x4d26Cd035A0Dfc4a3e109c268645938981F74fEf to=0x0000000000000000000000000000000000000000
t=2023-06-02T16:09:00+0800 lvl=trce msg="Pooled new future transaction"          hash=0xa7d52c9705aeba3529dddcdabe2c9f7f87172f8c1ce38d45784c5d808fbdb28a from=0x4d26Cd035A0Dfc4a3e109c268645938981F74fEf to=0x0000000000000000000000000000000000000000
t=2023-06-02T16:09:00+0800 lvl=trce msg="Pooled new future transaction"          hash=0x5543561d64b52c558c20c139e9284f813707d4305702a3cb16de8220036bcc7d from=0x4d26Cd035A0Dfc4a3e109c268645938981F74fEf to=0x0000000000000000000000000000000000000000
t=2023-06-02T16:09:00+0800 lvl=trce msg="Pooled new future transaction"          hash=0x6dd6a5501632e1dfb819b9ddc50dfac542da5e9b46d10002aa5cba6547cc0af4 from=0x66e0851F1a162869024b4C9f6b1C4Fc5cb4832F1 to=0x0000000000000000000000000000000000000000
t=2023-06-02T16:09:00+0800 lvl=trce msg="Promoted queued transactions"           count=1
t=2023-06-02T16:09:00+0800 lvl=trce msg="Removed old queued transactions"        count=0
t=2023-06-02T16:09:00+0800 lvl=trce msg="Removed unpayable queued transactions"  count=0
t=2023-06-02T16:09:00+0800 lvl=trce msg="Promoted queued transactions"           count=0
t=2023-06-02T16:09:00+0800 lvl=trce msg="Pooled new future transaction"          hash=0xafb39d1c24ad46047d15ca32335b9f5d35939be7baf7e00abaac544085a58509 from=0x4d26Cd035A0Dfc4a3e109c268645938981F74fEf to=0x0000000000000000000000000000000000000000
t=2023-06-02T16:09:00+0800 lvl=trce msg="Pooled new future transaction"          hash=0x583ad42a1ead75be33955797822a5316744d774329948fdfb479a72871feb65d from=0x4d26Cd035A0Dfc4a3e109c268645938981F74fEf to=0x0000000000000000000000000000000000000000
t=2023-06-02T16:09:00+0800 lvl=trce msg="Pooled new future transaction"          hash=0x51f0d91bc7d7f2d802be6c6c64563908000facfdcbf3b23e5355e23a9e7679fa from=0x4d26Cd035A0Dfc4a3e109c268645938981F74fEf to=0x0000000000000000000000000000000000000000
t=2023-06-02T16:09:00+0800 lvl=trce msg="Pooled new future transaction"          hash=0x0e8c1614c51823657188fb9f60326765de29e55758a4179bef566a79e114e853 from=0x4d26Cd035A0Dfc4a3e109c268645938981F74fEf to=0x0000000000000000000000000000000000000000
t=2023-06-02T16:09:00+0800 lvl=trce msg="Pooled new future transaction"          hash=0x7223c43368ae7f8d1540d3ff4e08d29a2fd973bce7baa03142421c3fcfc7c027 from=0x4d26Cd035A0Dfc4a3e109c268645938981F74fEf to=0x0000000000000000000000000000000000000000
t=2023-06-02T16:09:00+0800 lvl=trce msg="Pooled new future transaction"          hash=0x6ce7961b3a1f8e174938bcead73b91d7abb0f4c88bfb231f6e00b0e390f7822d from=0x4d26Cd035A0Dfc4a3e109c268645938981F74fEf to=0x0000000000000000000000000000000000000000
t=2023-06-02T16:09:00+0800 lvl=trce msg="Pooled new future transaction"          hash=0xde8ae4c96be695a8777adaf3cd31dc6c3df3af8759a0d4fb31d4e2ef7297223b from=0x4d26Cd035A0Dfc4a3e109c268645938981F74fEf to=0x0000000000000000000000000000000000000000
t=2023-06-02T16:09:00+0800 lvl=trce msg="Discarding freshly underpriced transaction" hash=0xf339080cb638b63a2f5640b9498a5b68b7adef3a37e600c96603fb80ccf1996b gasTipCap=1 gasFeeCap=216
t=2023-06-02T16:09:00+0800 lvl=trce msg="Pooled new future transaction"          hash=0xce543a4eacde4d23fa94f1a016c53755b99c86c00ec00b716b3764d8978bcf4c from=0xfb9ea35a7A5270eeBb5117eb7609aF15271736B3 to=0x0000000000000000000000000000000000000000
t=2023-06-02T16:09:00+0800 lvl=trce msg="Removed old queued transactions"        count=0
t=2023-06-02T16:09:00+0800 lvl=trce msg="Removed unpayable queued transactions"  count=0
t=2023-06-02T16:09:00+0800 lvl=trce msg="Promoted queued transactions"           count=1
t=2023-06-02T16:09:00+0800 lvl=trce msg="Pooled new future transaction"          hash=0x2e8971c0c1af11cb578f1c259769376b6023ceaa3ca19e6c287485036b1e0fad from=0x52D7DdC1B94D310f24a4E67cE43388304D47A507 to=0x0000000000000000000000000000000000000000
t=2023-06-02T16:09:00+0800 lvl=trce msg="Removed old queued transactions"        count=0
t=2023-06-02T16:09:00+0800 lvl=trce msg="Pooled new future transaction"          hash=0x6d6add9002dca0511137f8a182957bc7cd88d1dc48857803b884711ab95a8002 from=0x7628e7c918DAaf4dfbF615023fDBcF72b8479bCe to=0x0000000000000000000000000000000000000000
t=2023-06-02T16:09:00+0800 lvl=trce msg="Removed old queued transactions"        count=0
t=2023-06-02T16:09:00+0800 lvl=trce msg="Removed unpayable queued transactions"  count=0
t=2023-06-02T16:09:00+0800 lvl=trce msg="Promoted queued transactions"           count=1
t=2023-06-02T16:09:00+0800 lvl=trce msg="Pooled new future transaction"          hash=0xecf6783a9a4aa0e105e33f20f6309d399b94398c65a6541d9cc0a8445b57772b from=0x4d26Cd035A0Dfc4a3e109c268645938981F74fEf to=0x0000000000000000000000000000000000000000
t=2023-06-02T16:09:00+0800 lvl=trce msg="Discarding freshly underpriced transaction" hash=0x0603bab4eb4e3ce19a01d120cd76db1f02d9743a6b0c714472a92eb7e3e85205 gasTipCap=2 gasFeeCap=2
t=2023-06-02T16:09:00+0800 lvl=trce msg="Pooled new future transaction"          hash=0xd9272792f7aeb1871136dd6ff87a65634a52a98fd1564734c294e3e5b2d9fbde from=0xbCa86af129180A3072D907D2234Ad198207BfD26 to=0x0000000000000000000000000000000000000000
t=2023-06-02T16:09:00+0800 lvl=trce msg="Pooled new future transaction"          hash=0xf4a0d9c854b4316ae003efb7f98529652b0bb5da3880b80547cfddb929c17cdd from=0xbCa86af129180A3072D907D2234Ad198207BfD26 to=0x0000000000000000000000000000000000000000
t=2023-06-02T16:09:00+0800 lvl=trce msg="Pooled new future transaction"          hash=0x21b910f0d20af2cd99871a7ca459a909e91faf029de186ac1a4cd7bd5673eec8 from=0xbCa86af129180A3072D907D2234Ad198207BfD26 to=0x0000000000000000000000000000000000000000
t=2023-06-02T16:09:00+0800 lvl=trce msg="Pooled new future transaction"          hash=0x044dc8ad7c7c21d20387f9dfc836282945804fbfb31e734680a42b8be6d6babd from=0xbCa86af129180A3072D907D2234Ad198207BfD26 to=0x0000000000000000000000000000000000000000
t=2023-06-02T16:09:00+0800 lvl=trce msg="Pooled new future transaction"          hash=0x096f30afd1e2e54a9869881755da6bcbd4b9bddb70c780fcf30f1166089b2e59 from=0xbCa86af129180A3072D907D2234Ad198207BfD26 to=0x0000000000000000000000000000000000000000
t=2023-06-02T16:09:00+0800 lvl=trce msg="Pooled new future transaction"          hash=0x9e79ed025a8102cae4d5ee5ca1fbd3077dcc2478fa68beccb5a3158a854b9771 from=0xbCa86af129180A3072D907D2234Ad198207BfD26 to=0x0000000000000000000000000000000000000000
t=2023-06-02T16:09:00+0800 lvl=trce msg="Pooled new future transaction"          hash=0x935c8ad5d824fc713303209f4872abe94c108bfeaf12e5d1bf667ba08d0ed569 from=0xbCa86af129180A3072D907D2234Ad198207BfD26 to=0x0000000000000000000000000000000000000000
t=2023-06-02T16:09:00+0800 lvl=trce msg="Pooled new future transaction"          hash=0xdaa8b97c20940647e6ef1a38199456d22539b61f0f08320763bc1778bdd4ad22 from=0xbCa86af129180A3072D907D2234Ad198207BfD26 to=0x0000000000000000000000000000000000000000
t=2023-06-02T16:09:00+0800 lvl=trce msg="Pooled new future transaction"          hash=0x486d6192a4d97d3760e7f1a06ad9934f1c4d62448516c8ae9f38712f691aa9b9 from=0xbCa86af129180A3072D907D2234Ad198207BfD26 to=0x0000000000000000000000000000000000000000
t=2023-06-02T16:09:00+0800 lvl=trce msg="Pooled new future transaction"          hash=0x52794b3ed8061db42e42c81e487bdc14b97a5f694c9cf29d7c1c84834010ecb9 from=0xbCa86af129180A3072D907D2234Ad198207BfD26 to=0x0000000000000000000000000000000000000000
t=2023-06-02T16:09:00+0800 lvl=trce msg="Pooled new future transaction"          hash=0xeead6311f428eaf64bda002e49377689d98715bcab89e33f4b79776d9414d2a0 from=0x4d26Cd035A0Dfc4a3e109c268645938981F74fEf to=0x0000000000000000000000000000000000000000
t=2023-06-02T16:09:00+0800 lvl=trce msg="Pooled new future transaction"          hash=0xbb85de3dc843fa20da819310e984367fc869fbcec672516393886276879ddb95 from=0x4d26Cd035A0Dfc4a3e109c268645938981F74fEf to=0x0000000000000000000000000000000000000000
t=2023-06-02T16:09:00+0800 lvl=trce msg="Pooled new future transaction"          hash=0x9a0826c8cc6a9c42a4b284a5fb7b4cdee4696f1b20fa045be8f9da02f5ba4f6a from=0x4d26Cd035A0Dfc4a3e109c268645938981F74fEf to=0x0000000000000000000000000000000000000000
t=2023-06-02T16:09:00+0800 lvl=trce msg="Removed unpayable queued transactions"  count=0
t=2023-06-02T16:09:00+0800 lvl=trce msg="Pooled new future transaction"          hash=0x812f537db4fad456ccdac670811ec545a5f7c6bdc70c6ff4e5c85d43cf780011 from=0x4d26Cd035A0Dfc4a3e109c268645938981F74fEf to=0x0000000000000000000000000000000000000000
t=2023-06-02T16:09:00+0800 lvl=trce msg="Pooled new future transaction"          hash=0xd9620931a3ff22b92d20fbdbd281969a51c1e6e9f615c56218633c8d10ed41de from=0x4d26Cd035A0Dfc4a3e109c268645938981F74fEf to=0x0000000000000000000000000000000000000000
t=2023-06-02T16:09:00+0800 lvl=trce msg="Promoted queued transactions"           count=1
t=2023-06-02T16:09:00+0800 lvl=trce msg="Pooled new future transaction"          hash=0x09da40d9f41a46513112d3b50f7b18885bcbe034caef855e4350146aaccc0b54 from=0x7628e7c918DAaf4dfbF615023fDBcF72b8479bCe to=0x0000000000000000000000000000000000000000
t=2023-06-02T16:09:00+0800 lvl=trce msg="Removed old queued transactions"        count=0
t=2023-06-02T16:09:00+0800 lvl=trce msg="Removed unpayable queued transactions"  count=0
t=2023-06-02T16:09:00+0800 lvl=trce msg="Promoted queued transactions"           count=0
t=2023-06-02T16:09:00+0800 lvl=trce msg="Pooled new future transaction"          hash=0x4435e4423ae381650146d7062a1f0f93e2fc4951d1130bfd479dc9e030c69895 from=0xbCa86af129180A3072D907D2234Ad198207BfD26 to=0x0000000000000000000000000000000000000000
t=2023-06-02T16:09:00+0800 lvl=trce msg="Pooled new future transaction"          hash=0x2e32d725e901c0339c226706b93560504e48297e3df58fde63363c0ce74a52ea from=0xbCa86af129180A3072D907D2234Ad198207BfD26 to=0x0000000000000000000000000000000000000000
t=2023-06-02T16:09:00+0800 lvl=trce msg="Pooled new future transaction"          hash=0x65c3fe675920aa31300efbc024b0d2aed59e0acb735a38bd65338ba5968bdbb8 from=0xbCa86af129180A3072D907D2234Ad198207BfD26 to=0x0000000000000000000000000000000000000000
t=2023-06-02T16:09:00+0800 lvl=trce msg="Pooled new future transaction"          hash=0x211e883079c5f4f8874e468c5d0e2f3d0aedc1fe7314b0f8c82993aa6a555696 from=0xbCa86af129180A3072D907D2234Ad198207BfD26 to=0x0000000000000000000000000000000000000000
t=2023-06-02T16:09:00+0800 lvl=trce msg="Pooled new future transaction"          hash=0x292aff3324e266afdfff5d5f7bd49f765db9544e600dcf1ebbad13d2f151774a from=0xbCa86af129180A3072D907D2234Ad198207BfD26 to=0x0000000000000000000000000000000000000000
t=2023-06-02T16:09:00+0800 lvl=trce msg="Pooled new future transaction"          hash=0x9c4593cfa4df440b601b9ff3cefbb547bf90bbb5551e705ba14f802744fb0a47 from=0xbCa86af129180A3072D907D2234Ad198207BfD26 to=0x0000000000000000000000000000000000000000
t=2023-06-02T16:09:00+0800 lvl=trce msg="Pooled new future transaction"          hash=0x29cf2a97b1a948566428fec27c233a7a9eccf8de2c2325e07316b4151b48723e from=0xbCa86af129180A3072D907D2234Ad198207BfD26 to=0x0000000000000000000000000000000000000000
t=2023-06-02T16:09:00+0800 lvl=trce msg="Pooled new future transaction"          hash=0x3a81eab7902666b57024fedf9dc769c37bae006a0835b7cb97d7df9d9b51fb55 from=0xbCa86af129180A3072D907D2234Ad198207BfD26 to=0x0000000000000000000000000000000000000000
t=2023-06-02T16:09:00+0800 lvl=trce msg="Pooled new future transaction"          hash=0x87b1e29a2231bf0ed50e109005d79c155a1ef1ccdeaf6c68eb32d5d631be8ccf from=0xbCa86af129180A3072D907D2234Ad198207BfD26 to=0x0000000000000000000000000000000000000000
t=2023-06-02T16:09:00+0800 lvl=trce msg="Pooled new future transaction"          hash=0xe32b65ba67e5152391f24aae458dfebacae1b6816ce0a15b8c318638994e8319 from=0xbCa86af129180A3072D907D2234Ad198207BfD26 to=0x0000000000000000000000000000000000000000
t=2023-06-02T16:09:00+0800 lvl=trce msg="Pooled new future transaction"          hash=0x20c2df4812fb33c84fc93e490d21dd251f3c63c2d5d254560324efbb2244d568 from=0x4d41FD4FAa6b7d42b7aDf88cA1FDdB0C5dD86AB8 to=0x0000000000000000000000000000000000000000
t=2023-06-02T16:09:00+0800 lvl=trce msg="Removed old queued transactions"        count=0
t=2023-06-02T16:09:00+0800 lvl=trce msg="Removed unpayable queued transactions"  count=0
t=2023-06-02T16:09:00+0800 lvl=trce msg="Promoted queued transactions"           count=1
t=2023-06-02T16:09:00+0800 lvl=trce msg="Pooled new future transaction"          hash=0x573c5588faa5095204eaacbe9f3f059093aed5c4edbdb0550132d03b0bc38fbe from=0x4d26Cd035A0Dfc4a3e109c268645938981F74fEf to=0x0000000000000000000000000000000000000000
t=2023-06-02T16:09:00+0800 lvl=trce msg="Pooled new future transaction"          hash=0xf04c691b26c02783bfe206a2979c0699068faebd4a63adbb49e5b0d755522724 from=0x52D7DdC1B94D310f24a4E67cE43388304D47A507 to=0x0000000000000000000000000000000000000000
t=2023-06-02T16:09:00+0800 lvl=trce msg="Pooled new future transaction"          hash=0xffce9e6b48ea5be60688afdf89e7c4624b29afb660fafcbcf29b9ac52b8d53d8 from=0x4d26Cd035A0Dfc4a3e109c268645938981F74fEf to=0x0000000000000000000000000000000000000000
t=2023-06-02T16:09:00+0800 lvl=trce msg="Pooled new future transaction"          hash=0xbc9ada9c630ae0bfbb4d391755a76124a46b7e8c9fa98234933ab34c09ac35f4 from=0x66e0851F1a162869024b4C9f6b1C4Fc5cb4832F1 to=0x0000000000000000000000000000000000000000
t=2023-06-02T16:09:00+0800 lvl=trce msg="Pooled new future transaction"          hash=0xfe9b992d7da3f9a1aa5a0a8a638a84062b7b7f92fd274d7d0f5cf52b4ce3bbd0 from=0x4d26Cd035A0Dfc4a3e109c268645938981F74fEf to=0x0000000000000000000000000000000000000000
t=2023-06-02T16:09:00+0800 lvl=trce msg="Pooled new future transaction"          hash=0x4c6662211f6f2578d3daf50c714439a0220a5d94d3f12d3065b990d4b20ae114 from=0x4d26Cd035A0Dfc4a3e109c268645938981F74fEf to=0x0000000000000000000000000000000000000000
t=2023-06-02T16:09:00+0800 lvl=trce msg="Pooled new future transaction"          hash=0xc4ae608779826baf347e79293e44cd3978a72d1e5ba6106010c26fa90ae0b334 from=0xbCa86af129180A3072D907D2234Ad198207BfD26 to=0x0000000000000000000000000000000000000000
t=2023-06-02T16:09:00+0800 lvl=trce msg="Discarding freshly underpriced transaction" hash=0xc8db75a0e4fe88243b2c9d182a151787958104ef4e8eb5bec08dd96e6cb47a51 gasTipCap=3 gasFeeCap=3
t=2023-06-02T16:09:00+0800 lvl=trce msg="Pooled new future transaction"          hash=0x6ffa19e7463fa9231fa79998c571dd100b18ebdf94a63651c412feaf61496dee from=0x45AE75E643Ffe24a56303D03DC5bD09A71Bfd306 to=0x0000000000000000000000000000000000000000
t=2023-06-02T16:09:00+0800 lvl=trce msg="Removed old queued transactions"        count=0
t=2023-06-02T16:09:00+0800 lvl=trce msg="Removed unpayable queued transactions"  count=0
t=2023-06-02T16:09:00+0800 lvl=trce msg="Pooled new future transaction"          hash=0x3d5b0d33a47081e5ba619eed355780e3c8be1ec8c40a03b8c7555c1f7ebc1695 from=0xbCa86af129180A3072D907D2234Ad198207BfD26 to=0x0000000000000000000000000000000000000000
t=2023-06-02T16:09:00+0800 lvl=trce msg="Pooled new future transaction"          hash=0x864ebe67a8fb48934742a2bbea6bd6270c23bcfbf5b004b98b33c160f7fa3e5a from=0xbCa86af129180A3072D907D2234Ad198207BfD26 to=0x0000000000000000000000000000000000000000
t=2023-06-02T16:09:00+0800 lvl=trce msg="Removed old queued transactions"        count=0
t=2023-06-02T16:09:00+0800 lvl=trce msg="Removed unpayable queued transactions"  count=0
t=2023-06-02T16:09:00+0800 lvl=trce msg="Promoted queued transactions"           count=1
t=2023-06-02T16:09:00+0800 lvl=trce msg="Promoted queued transactions"           count=1
t=2023-06-02T16:09:00+0800 lvl=trce msg="Removed old queued transactions"        count=0
t=2023-06-02T16:09:00+0800 lvl=trce msg="Removed unpayable queued transactions"  count=0
t=2023-06-02T16:09:00+0800 lvl=trce msg="Promoted queued transactions"           count=1
t=2023-06-02T16:09:00+0800 lvl=trce msg="Pooled new future transaction"          hash=0x251a56bf5daf16b5376baf91a5846acbff2e8d3e72f13bf25a3ac9b1561244e8 from=0x4d26Cd035A0Dfc4a3e109c268645938981F74fEf to=0x0000000000000000000000000000000000000000
t=2023-06-02T16:09:00+0800 lvl=trce msg="Pooled new future transaction"          hash=0x869ea5a00e347a7bd8e11a7a4eb740d13a698d2149233e9dcf9475337f03793e from=0x4d26Cd035A0Dfc4a3e109c268645938981F74fEf to=0x0000000000000000000000000000000000000000
t=2023-06-02T16:09:00+0800 lvl=trce msg="Pooled new future transaction"          hash=0x1e317cb1423ca32a69aaf6494f8f6cebb8daa62f81c9c69331d0f0e740023cbd from=0x4d26Cd035A0Dfc4a3e109c268645938981F74fEf to=0x0000000000000000000000000000000000000000
t=2023-06-02T16:09:00+0800 lvl=trce msg="Pooled new future transaction"          hash=0x77181d7e4fb9a2d2443a1bf24cf6eac96ad46f52c08f362b0eecffacdf4a218a from=0x66e0851F1a162869024b4C9f6b1C4Fc5cb4832F1 to=0x0000000000000000000000000000000000000000
t=2023-06-02T16:09:00+0800 lvl=trce msg="Pooled new future transaction"          hash=0x0259ac9623a5f64f49851a0e446ad6099f60cf0e13b6125f0d303c58ebaa091f from=0x4d26Cd035A0Dfc4a3e109c268645938981F74fEf to=0x0000000000000000000000000000000000000000
t=2023-06-02T16:09:00+0800 lvl=trce msg="Pooled new future transaction"          hash=0x18e2fd2d1f8f21ed61da0f79ec74cb6766efde8591c91efa7a47ed4e91064c1e from=0x4d26Cd035A0Dfc4a3e109c268645938981F74fEf to=0x0000000000000000000000000000000000000000
t=2023-06-02T16:09:00+0800 lvl=trce msg="Pooled new future transaction"          hash=0x5aa823724cec5a7710df327d96741f46f5283f1892d6d9cf0117b5f3e9109fa7 from=0xbCa86af129180A3072D907D2234Ad198207BfD26 to=0x0000000000000000000000000000000000000000
t=2023-06-02T16:09:00+0800 lvl=trce msg="Pooled new future transaction"          hash=0x64aae59c70fae97c7d8aa9135d1c86dd6cf736d06ea0012008658509a5431156 from=0x52D7DdC1B94D310f24a4E67cE43388304D47A507 to=0x0000000000000000000000000000000000000000
t=2023-06-02T16:09:00+0800 lvl=trce msg="Removed old queued transactions"        count=0
t=2023-06-02T16:09:00+0800 lvl=trce msg="Removed unpayable queued transactions"  count=0
t=2023-06-02T16:09:00+0800 lvl=trce msg="Promoted queued transactions"           count=1
t=2023-06-02T16:09:00+0800 lvl=trce msg="Removed old queued transactions"        count=0
t=2023-06-02T16:09:00+0800 lvl=trce msg="Removed unpayable queued transactions"  count=0
t=2023-06-02T16:09:00+0800 lvl=trce msg="Promoted queued transactions"           count=0
t=2023-06-02T16:09:00+0800 lvl=trce msg="Pooled new future transaction"          hash=0xef4df67a2b83fbfa77ac826e6e17f95114720b6a7cfef46e1366589edfc154d3 from=0xbCa86af129180A3072D907D2234Ad198207BfD26 to=0x0000000000000000000000000000000000000000
t=2023-06-02T16:09:00+0800 lvl=trce msg="Pooled new future transaction"          hash=0xcc8f1b9cd0e5fafaaedc8c08b6f0e27bcda65badc5aa55d32755a007a3cdf676 from=0xbCa86af129180A3072D907D2234Ad198207BfD26 to=0x0000000000000000000000000000000000000000
t=2023-06-02T16:09:00+0800 lvl=trce msg="Pooled new future transaction"          hash=0x6d29981c6a5f20676c7630cb4cd1079da0264dbf126f7153718f850a518b4092 from=0xbCa86af129180A3072D907D2234Ad198207BfD26 to=0x0000000000000000000000000000000000000000
t=2023-06-02T16:09:00+0800 lvl=trce msg="Pooled new future transaction"          hash=0x02466488489842921b882fe9780be4db6eecf26728708cdd47fc42b702309f2c from=0xbCa86af129180A3072D907D2234Ad198207BfD26 to=0x0000000000000000000000000000000000000000
t=2023-06-02T16:09:00+0800 lvl=trce msg="Pooled new future transaction"          hash=0x9ba2c7c3396cedc7c180c4c1c6f41fec96a5301e9451304481f8812b112e179d from=0xbCa86af129180A3072D907D2234Ad198207BfD26 to=0x0000000000000000000000000000000000000000
t=2023-06-02T16:09:00+0800 lvl=trce msg="Pooled new future transaction"          hash=0xa9ce103f88e0a5fd85bceaec8a37d777c8fead00095ca2ef795eb91828904a25 from=0x52D7DdC1B94D310f24a4E67cE43388304D47A507 to=0x0000000000000000000000000000000000000000
t=2023-06-02T16:09:00+0800 lvl=trce msg="Pooled new future transaction"          hash=0x4e5fa5eada6121b1a03f9cf88910199d1285c3409f5dc216030f199699522f11 from=0xbCa86af129180A3072D907D2234Ad198207BfD26 to=0x0000000000000000000000000000000000000000
t=2023-06-02T16:09:00+0800 lvl=trce msg="Pooled new future transaction"          hash=0x3de86d55d61041a777e253f48dc4a7c65740d167e642133fdfef3f05e945c930 from=0xbCa86af129180A3072D907D2234Ad198207BfD26 to=0x0000000000000000000000000000000000000000
t=2023-06-02T16:09:00+0800 lvl=trce msg="Pooled new future transaction"          hash=0xb34b928c1326b8ce2c533605aad54957a9b5fab11327599596f4a92482860985 from=0xbCa86af129180A3072D907D2234Ad198207BfD26 to=0x0000000000000000000000000000000000000000
t=2023-06-02T16:09:00+0800 lvl=trce msg="Pooled new future transaction"          hash=0x3f0a39c9e716f78aed4c154a51db8336e9a72fb1613a72cbbb7aea6745ddc857 from=0x3670778001831e8Fef76412885f0B871cf156667 to=0x0000000000000000000000000000000000000000
t=2023-06-02T16:09:00+0800 lvl=trce msg="Pooled new future transaction"          hash=0x8000b5c0164605aa2197a5e91b70a6bcecfece6e083382dcdf40980a76fd4d91 from=0x3670778001831e8Fef76412885f0B871cf156667 to=0x0000000000000000000000000000000000000000
t=2023-06-02T16:09:00+0800 lvl=trce msg="Pooled new future transaction"          hash=0x91c752d99f94e10003fa751539a3bd00e203795b19469f33a9a97929887c03d1 from=0x3670778001831e8Fef76412885f0B871cf156667 to=0x0000000000000000000000000000000000000000
t=2023-06-02T16:09:00+0800 lvl=trce msg="Pooled new future transaction"          hash=0xc78f1a6c16d21dadadaa388ed9ba11a75f5539e13ad6e548f13a4a4605b4bc56 from=0x3670778001831e8Fef76412885f0B871cf156667 to=0x0000000000000000000000000000000000000000
t=2023-06-02T16:09:00+0800 lvl=trce msg="Pooled new future transaction"          hash=0x7b80278348b38d5802fae0bf460a1e0923272143db49f2113962a286b44cad7a from=0x3670778001831e8Fef76412885f0B871cf156667 to=0x0000000000000000000000000000000000000000
t=2023-06-02T16:09:00+0800 lvl=trce msg="Pooled new future transaction"          hash=0xbfcbfc9ed4ef4113091ea7ea02cf45d9e71ef387dd3b42c709c85c11be6cc5d8 from=0x3670778001831e8Fef76412885f0B871cf156667 to=0x0000000000000000000000000000000000000000
t=2023-06-02T16:09:00+0800 lvl=trce msg="Pooled new future transaction"          hash=0x89401c1d5091e0199fa478af6a7834aa4f76f62396f38a56bfb336a9cb98a989 from=0x3670778001831e8Fef76412885f0B871cf156667 to=0x0000000000000000000000000000000000000000
t=2023-06-02T16:09:00+0800 lvl=trce msg="Pooled new future transaction"          hash=0x09ced64af4798c864dbc0a90d8196ef7e6342f81b85ecad1ab83468c06d36254 from=0x3670778001831e8Fef76412885f0B871cf156667 to=0x0000000000000000000000000000000000000000
t=2023-06-02T16:09:00+0800 lvl=trce msg="Pooled new future transaction"          hash=0x81e1dff6d49847b95da917dd5db2d573bc8d557b72760f764362371d311ee97e from=0x3670778001831e8Fef76412885f0B871cf156667 to=0x0000000000000000000000000000000000000000
t=2023-06-02T16:09:00+0800 lvl=trce msg="Pooled new future transaction"          hash=0x78e8e2a7a16b28923c5920d9a8fdacc11d20588e48defbbb274f03628af4321f from=0x3670778001831e8Fef76412885f0B871cf156667 to=0x0000000000000000000000000000000000000000
t=2023-06-02T16:09:00+0800 lvl=trce msg="Pooled new future transaction"          hash=0xcc8558eeabc4b79cea871473aeae215b962e49abd188cd07f1dd2cb8a785f6fa from=0x3670778001831e8Fef76412885f0B871cf156667 to=0x0000000000000000000000000000000000000000
t=2023-06-02T16:09:00+0800 lvl=trce msg="Pooled new future transaction"          hash=0x841f5c7df47acb4d9108bfd6aa1853e36553bcb0c37f2a25dd06fb1f0bb550d1 from=0x4d26Cd035A0Dfc4a3e109c268645938981F74fEf to=0x0000000000000000000000000000000000000000
t=2023-06-02T16:09:00+0800 lvl=trce msg="Pooled new future transaction"          hash=0x832954798c319b851cfff0885972441ba2245d9b1c43a836f12a06ce184cd62b from=0x4d26Cd035A0Dfc4a3e109c268645938981F74fEf to=0x0000000000000000000000000000000000000000
t=2023-06-02T16:09:00+0800 lvl=trce msg="Pooled new future transaction"          hash=0xbcb1e9a53ae795fd1ee6aa59b7bec6428c645ef996fd3c331fb2b8864c5647af from=0x4d26Cd035A0Dfc4a3e109c268645938981F74fEf to=0x0000000000000000000000000000000000000000
t=2023-06-02T16:09:00+0800 lvl=trce msg="Pooled new future transaction"          hash=0xf7b22eecb919eafba5029691392be48160369eadc5eb25f8bf5e4765a22a263f from=0x4d26Cd035A0Dfc4a3e109c268645938981F74fEf to=0x0000000000000000000000000000000000000000
t=2023-06-02T16:09:00+0800 lvl=trce msg="Pooled new future transaction"          hash=0x5f9ab31facc7712d257095e231d8d8080291a2858c0dbac75dc2f4d84686d7f8 from=0x7628e7c918DAaf4dfbF615023fDBcF72b8479bCe to=0x0000000000000000000000000000000000000000
t=2023-06-02T16:09:00+0800 lvl=trce msg="Removed old queued transactions"        count=0
t=2023-06-02T16:09:00+0800 lvl=trce msg="Removed old queued transactions"        count=0
t=2023-06-02T16:09:00+0800 lvl=trce msg="Removed unpayable queued transactions"  count=0
t=2023-06-02T16:09:00+0800 lvl=trce msg="Promoted queued transactions"           count=1
t=2023-06-02T16:09:00+0800 lvl=trce msg="Discarding underpriced transaction"     hash=0x804fcf4ebd38b2fb1675d6028138653b2551bf9ffbd3cef693635e85ef438c49 gasTipCap=1 gasFeeCap=200
t=2023-06-02T16:09:00+0800 lvl=trce msg="Pooled new future transaction"          hash=0xd358bd724c205188c0626998ea233fa59341aca125a992339bf1ce4a70b02880 from=0x3670778001831e8Fef76412885f0B871cf156667 to=0x0000000000000000000000000000000000000000
t=2023-06-02T16:09:00+0800 lvl=trce msg="Pooled new future transaction"          hash=0x09196db2c05cee8c6d5b806a3baa9ac9fa9f10064456a8fc4a1c8f66cbe179d8 from=0x3670778001831e8Fef76412885f0B871cf156667 to=0x0000000000000000000000000000000000000000
t=2023-06-02T16:09:00+0800 lvl=trce msg="Pooled new future transaction"          hash=0xc7436b2b12fc20bcc9dc310f7405e9cdd553b7c6a921eed80121e9644285e3ae from=0x3670778001831e8Fef76412885f0B871cf156667 to=0x0000000000000000000000000000000000000000
t=2023-06-02T16:09:00+0800 lvl=trce msg="Pooled new future transaction"          hash=0xf4999c1741bc908cc07ef6a8c2071f9d4abae74042f180f359ab89da9d469c90 from=0x3670778001831e8Fef76412885f0B871cf156667 to=0x0000000000000000000000000000000000000000
t=2023-06-02T16:09:00+0800 lvl=trce msg="Pooled new future transaction"          hash=0xae8795f55ae7955b25b738c30b4ab9548ce5659c4eb905bb8cc078ba0df458c1 from=0x3670778001831e8Fef76412885f0B871cf156667 to=0x0000000000000000000000000000000000000000
t=2023-06-02T16:09:00+0800 lvl=trce msg="Pooled new future transaction"          hash=0xfbe524b0e0af3916a66db350909a7025e397802fe5ca667988174ec9fa328c6b from=0x3670778001831e8Fef76412885f0B871cf156667 to=0x0000000000000000000000000000000000000000
t=2023-06-02T16:09:00+0800 lvl=trce msg="Discarding underpriced transaction"     hash=0xed7aadc15e17f1a814d9505305a90ef284288ab2eef2f1691a2a66f198f2d06b gasTipCap=1 gasFeeCap=201
t=2023-06-02T16:09:00+0800 lvl=trce msg="Pooled new future transaction"          hash=0x470e840bb1c01ca4f3044d0eae064b256d8ae73ad985b2aa01e9a38bc3487040 from=0x52D7DdC1B94D310f24a4E67cE43388304D47A507 to=0x0000000000000000000000000000000000000000
t=2023-06-02T16:09:00+0800 lvl=trce msg="Removed old queued transactions"        count=0
t=2023-06-02T16:09:00+0800 lvl=trce msg="Removed unpayable queued transactions"  count=0
t=2023-06-02T16:09:00+0800 lvl=trce msg="Promoted queued transactions"           count=1
t=2023-06-02T16:09:00+0800 lvl=trce msg="Pooled new future transaction"          hash=0x5597f1256e78bfa813c1285b335c32826a260d7e6ff47cb3f24ed81c8552604c from=0x3670778001831e8Fef76412885f0B871cf156667 to=0x0000000000000000000000000000000000000000
t=2023-06-02T16:09:00+0800 lvl=trce msg="Pooled new future transaction"          hash=0x208e3a96c6d88b927dc9ab6d74889b2fa4cad3ae3b12e5f00e456ab5b0193e12 from=0x3670778001831e8Fef76412885f0B871cf156667 to=0x0000000000000000000000000000000000000000
t=2023-06-02T16:09:00+0800 lvl=trce msg="Pooled new future transaction"          hash=0x991a26e16e09a191914ba5e97927915640c8e5b0999496d2cf0b9ade66979dd7 from=0x3670778001831e8Fef76412885f0B871cf156667 to=0x0000000000000000000000000000000000000000
t=2023-06-02T16:09:00+0800 lvl=trce msg="Pooled new future transaction"          hash=0x34919b2da54855fb06b4e844b31de84796510dec4aa7a79a33b5b0486179e4aa from=0x3670778001831e8Fef76412885f0B871cf156667 to=0x0000000000000000000000000000000000000000
t=2023-06-02T16:09:00+0800 lvl=trce msg="Pooled new future transaction"          hash=0x0b1bf729e2764e679514e909c871e533eec2e0510cd8133b8c3a4d6c90f29179 from=0x52D7DdC1B94D310f24a4E67cE43388304D47A507 to=0x0000000000000000000000000000000000000000
t=2023-06-02T16:09:00+0800 lvl=trce msg="Removed unpayable queued transactions"  count=0
t=2023-06-02T16:09:00+0800 lvl=trce msg="Promoted queued transactions"           count=1
t=2023-06-02T16:09:00+0800 lvl=trce msg="Pooled new future transaction"          hash=0x72912bc308c66473bf6213992fb20b918ab6c32ad5ceac2a864aa1b9d93ba167 from=0x4d26Cd035A0Dfc4a3e109c268645938981F74fEf to=0x0000000000000000000000000000000000000000
t=2023-06-02T16:09:00+0800 lvl=trce msg="Pooled new future transaction"          hash=0x04e8e406a121300d0d35182c6a8cb5b426b05038127152614d0518dc5c385b80 from=0x4d26Cd035A0Dfc4a3e109c268645938981F74fEf to=0x0000000000000000000000000000000000000000
t=2023-06-02T16:09:00+0800 lvl=trce msg="Discarding underpriced transaction"     hash=0x303cb5036bb52974013d1b57570a87b714913c6ca0c68239c4abdf71a7088851 gasTipCap=1 gasFeeCap=202
t=2023-06-02T16:09:00+0800 lvl=trce msg="Pooled new future transaction"          hash=0xe94f08a2c633581cfc7e42d5d66e726def50a39131851fc853f9d571766eacf2 from=0x4d26Cd035A0Dfc4a3e109c268645938981F74fEf to=0x0000000000000000000000000000000000000000
t=2023-06-02T16:09:00+0800 lvl=trce msg="Pooled new future transaction"          hash=0x623ff03551dc1a1bf690588fbe26c2da3215da2661c35aa2b70cb16ba3648133 from=0x4d26Cd035A0Dfc4a3e109c268645938981F74fEf to=0x0000000000000000000000000000000000000000
t=2023-06-02T16:09:00+0800 lvl=trce msg="Pooled new future transaction"          hash=0xf699d4d26f6fbbb1d0559bc76fb24b9736f788e9ffb2eb9eecde5ca03d1e94ba from=0x4d26Cd035A0Dfc4a3e109c268645938981F74fEf to=0x0000000000000000000000000000000000000000
t=2023-06-02T16:09:00+0800 lvl=trce msg="Removed old queued transactions"        count=0
t=2023-06-02T16:09:00+0800 lvl=trce msg="Removed unpayable queued transactions"  count=0
t=2023-06-02T16:09:00+0800 lvl=trce msg="Promoted queued transactions"           count=1
t=2023-06-02T16:09:00+0800 lvl=trce msg="Pooled new future transaction"          hash=0x509bc44b667062ecc1f4f9d34bc2413f0c61d828c234be4868f8bf0880d77008 from=0x7628e7c918DAaf4dfbF615023fDBcF72b8479bCe to=0x0000000000000000000000000000000000000000
t=2023-06-02T16:09:00+0800 lvl=trce msg="Removed old queued transactions"        count=0
t=2023-06-02T16:09:00+0800 lvl=trce msg="Removed unpayable queued transactions"  count=0
t=2023-06-02T16:09:00+0800 lvl=trce msg="Promoted queued transactions"           count=0
t=2023-06-02T16:09:00+0800 lvl=trce msg="Pooled new future transaction"          hash=0xe7b7cc1e7d02fe0a24bf02bd2786bfcea8a3473bcc2ff9c4cef4fbc1e8ce8ad2 from=0x3670778001831e8Fef76412885f0B871cf156667 to=0x0000000000000000000000000000000000000000
t=2023-06-02T16:09:00+0800 lvl=trce msg="Pooled new future transaction"          hash=0xfc475ce85a1a0655d3814c04a14c37138b396ffb14962bdc5c0def5d53500075 from=0x3670778001831e8Fef76412885f0B871cf156667 to=0x0000000000000000000000000000000000000000
t=2023-06-02T16:09:00+0800 lvl=trce msg="Pooled new future transaction"          hash=0xe1edb7698d1fa5a31ff6d05127af13ee0fa3fc7116fbf4ba2504511a3aa2fdc1 from=0x3670778001831e8Fef76412885f0B871cf156667 to=0x0000000000000000000000000000000000000000
t=2023-06-02T16:09:00+0800 lvl=trce msg="Pooled new future transaction"          hash=0x83311e2d6cd53bbae9235ea6712d23d7b8ba8646d9fe3c735b8063b3f1f8a7c8 from=0x3670778001831e8Fef76412885f0B871cf156667 to=0x0000000000000000000000000000000000000000
t=2023-06-02T16:09:00+0800 lvl=trce msg="Pooled new future transaction"          hash=0xcf102249e7afe23e6e0c3a3af2a22782f74dbc641ebb87173ebba98eb8184581 from=0x52D7DdC1B94D310f24a4E67cE43388304D47A507 to=0x0000000000000000000000000000000000000000
t=2023-06-02T16:09:00+0800 lvl=trce msg="Removed old queued transactions"        count=0
t=2023-06-02T16:09:00+0800 lvl=trce msg="Removed unpayable queued transactions"  count=0
t=2023-06-02T16:09:00+0800 lvl=trce msg="Pooled new future transaction"          hash=0x7812e163da400c217d44c76fdd96379e8a411a4fe042e66120e32c098af4b0c9 from=0x3670778001831e8Fef76412885f0B871cf156667 to=0x0000000000000000000000000000000000000000
t=2023-06-02T16:09:00+0800 lvl=trce msg="Pooled new future transaction"          hash=0x778147de26b455d96660f4fc138af073331cb902fd5948016c5783fbe438ca71 from=0x3670778001831e8Fef76412885f0B871cf156667 to=0x0000000000000000000000000000000000000000
t=2023-06-02T16:09:00+0800 lvl=trce msg="Pooled new future transaction"          hash=0x5dfa43f2b950726012cdbdb94ba07afea3e6d70cfa606e9c8451beaba881d963 from=0x66e0851F1a162869024b4C9f6b1C4Fc5cb4832F1 to=0x0000000000000000000000000000000000000000
t=2023-06-02T16:09:00+0800 lvl=trce msg="Pooled new future transaction"          hash=0x3a35e238be04f615010f52834302a429f7b01c97f09db6526f79e7c791bfd155 from=0x3670778001831e8Fef76412885f0B871cf156667 to=0x0000000000000000000000000000000000000000
t=2023-06-02T16:09:00+0800 lvl=trce msg="Pooled new future transaction"          hash=0xc4c8b0fabc2386565c3cb61edd7114158b95f58f81847176a2e7c8a15dcb7265 from=0x3670778001831e8Fef76412885f0B871cf156667 to=0x0000000000000000000000000000000000000000
t=2023-06-02T16:09:00+0800 lvl=trce msg="Pooled new future transaction"          hash=0xb06a484cb423c0960df7145e5633a0e1cd54f08c2fee779ea36735a9b6c1a8e7 from=0x3670778001831e8Fef76412885f0B871cf156667 to=0x0000000000000000000000000000000000000000
t=2023-06-02T16:09:00+0800 lvl=trce msg="Pooled new future transaction"          hash=0x5676cb2f8ffc1bf2f826f7d1f115db24cff4df8c16dc6215c1e1c3774a339914 from=0x3670778001831e8Fef76412885f0B871cf156667 to=0x0000000000000000000000000000000000000000
t=2023-06-02T16:09:00+0800 lvl=trce msg="Pooled new future transaction"          hash=0x2014d6800e509d68c2d1ff344404ad78dee6064c4edc05bbf4239d1b8c1b6fe4 from=0x3670778001831e8Fef76412885f0B871cf156667 to=0x0000000000000000000000000000000000000000
t=2023-06-02T16:09:00+0800 lvl=trce msg="Pooled new future transaction"          hash=0xb2a5e725042bf15fdfd3b6407206996210fc4fd603227033d61a8f8e41852bd9 from=0x1a776c18964dD0980d9Eb625166Ca959Fd425Bcc to=0x0000000000000000000000000000000000000000
t=2023-06-02T16:09:00+0800 lvl=trce msg="Pooled new future transaction"          hash=0x5d043a80c22fb443181c8d5fb212f4991a01c3f3ff0ae9a040f0079727876189 from=0x1a776c18964dD0980d9Eb625166Ca959Fd425Bcc to=0x0000000000000000000000000000000000000000
t=2023-06-02T16:09:00+0800 lvl=trce msg="Pooled new future transaction"          hash=0xc56b021f6976e139072641a86abd8d1e0eb67c566683138bc0b08ce03d9536a3 from=0x1a776c18964dD0980d9Eb625166Ca959Fd425Bcc to=0x0000000000000000000000000000000000000000
t=2023-06-02T16:09:00+0800 lvl=trce msg="Pooled new future transaction"          hash=0x817c24d0a2cfca4ea9c56069c36ab39722513bc242c1638f411e07cfe3b37ecb from=0x1a776c18964dD0980d9Eb625166Ca959Fd425Bcc to=0x0000000000000000000000000000000000000000
t=2023-06-02T16:09:00+0800 lvl=trce msg="Pooled new future transaction"          hash=0x6b1933a764d3ce6203f1f57fc11f39ced2977885137840ac20db9987ec7a6df1 from=0x1a776c18964dD0980d9Eb625166Ca959Fd425Bcc to=0x0000000000000000000000000000000000000000
t=2023-06-02T16:09:00+0800 lvl=trce msg="Pooled new future transaction"          hash=0xbd5e80e1877031cf0a2358e1158251930ad1693cdf4120d5a4ef38b03061bd2c from=0x1a776c18964dD0980d9Eb625166Ca959Fd425Bcc to=0x0000000000000000000000000000000000000000
t=2023-06-02T16:09:00+0800 lvl=trce msg="Pooled new future transaction"          hash=0x9e98651303f13b8441805f021c2963ffa3282d0bd9216df260c6274ac1489be4 from=0x1a776c18964dD0980d9Eb625166Ca959Fd425Bcc to=0x0000000000000000000000000000000000000000
t=2023-06-02T16:09:00+0800 lvl=trce msg="Pooled new future transaction"          hash=0xdc07f49fc5159c4f4439155334c406ec438bfafb8c6b5279168ff01c26771506 from=0x1a776c18964dD0980d9Eb625166Ca959Fd425Bcc to=0x0000000000000000000000000000000000000000
t=2023-06-02T16:09:00+0800 lvl=trce msg="Removed old queued transactions"        count=0
t=2023-06-02T16:09:00+0800 lvl=trce msg="Pooled new future transaction"          hash=0x57a9de05ee36506c05f61f57b41302d644f7d83ba2966708fd3ab906653a9e2a from=0x1a776c18964dD0980d9Eb625166Ca959Fd425Bcc to=0x0000000000000000000000000000000000000000
t=2023-06-02T16:09:00+0800 lvl=trce msg="Removed unpayable queued transactions"  count=0
t=2023-06-02T16:09:00+0800 lvl=trce msg="Promoted queued transactions"           count=1
t=2023-06-02T16:09:00+0800 lvl=trce msg="Pooled new future transaction"          hash=0x20761cc3ff37252105b4b9f9857f0dad194db5d9c285e9d79826e952636ac158 from=0x1a776c18964dD0980d9Eb625166Ca959Fd425Bcc to=0x0000000000000000000000000000000000000000
t=2023-06-02T16:09:00+0800 lvl=trce msg="Pooled new future transaction"          hash=0x2eb536018e080d4d1c99e47d3356a0002fb3837f238fb8336bb72b9e6c5f2523 from=0x1a776c18964dD0980d9Eb625166Ca959Fd425Bcc to=0x0000000000000000000000000000000000000000
t=2023-06-02T16:09:00+0800 lvl=trce msg="Pooled new future transaction"          hash=0x669fb877958e212770319f55188ebc116efeb031b0b88ca03a082d61daa3cd70 from=0x1a776c18964dD0980d9Eb625166Ca959Fd425Bcc to=0x0000000000000000000000000000000000000000
t=2023-06-02T16:09:00+0800 lvl=trce msg="Pooled new future transaction"          hash=0x86b33966c9dd8505356241a6969ccd49c232e856836b6525b92d387b180c4b91 from=0x1a776c18964dD0980d9Eb625166Ca959Fd425Bcc to=0x0000000000000000000000000000000000000000
t=2023-06-02T16:09:00+0800 lvl=trce msg="Pooled new future transaction"          hash=0x44c72e198edb39b71af75bc865ddcd3f27042e265c8179c095486ee5cd6aa660 from=0x1a776c18964dD0980d9Eb625166Ca959Fd425Bcc to=0x0000000000000000000000000000000000000000
t=2023-06-02T16:09:00+0800 lvl=trce msg="Pooled new future transaction"          hash=0x39480cf7bd8f6540b8ea624b36ca75116c4133cacf0e6f686a9f3344a4dde07c from=0x1a776c18964dD0980d9Eb625166Ca959Fd425Bcc to=0x0000000000000000000000000000000000000000
t=2023-06-02T16:09:00+0800 lvl=trce msg="Pooled new future transaction"          hash=0xd47e959bfa1cffc33d3022a785ad074f4b40ccd2c00d2f1ec29d9a856bfa4ddd from=0x1a776c18964dD0980d9Eb625166Ca959Fd425Bcc to=0x0000000000000000000000000000000000000000
t=2023-06-02T16:09:00+0800 lvl=trce msg="Pooled new future transaction"          hash=0xd68153833e10ddc78f011e7aba90f87577332ae44b41ca7381c02c02be848ef9 from=0x1a776c18964dD0980d9Eb625166Ca959Fd425Bcc to=0x0000000000000000000000000000000000000000
t=2023-06-02T16:09:00+0800 lvl=trce msg="Pooled new future transaction"          hash=0xab0a69028cf847bc9c67f114fd17c35e9098e360eeec8d91ef1c85a0209abb52 from=0x1a776c18964dD0980d9Eb625166Ca959Fd425Bcc to=0x0000000000000000000000000000000000000000
t=2023-06-02T16:09:00+0800 lvl=trce msg="Pooled new future transaction"          hash=0xdd872f1704f66f2753c506afa3d19974ecb20eb8ccc31a4bb82047971189dacd from=0x1a776c18964dD0980d9Eb625166Ca959Fd425Bcc to=0x0000000000000000000000000000000000000000
t=2023-06-02T16:09:00+0800 lvl=trce msg="Promoted queued transactions"           count=1
t=2023-06-02T16:09:00+0800 lvl=trce msg="Discarding underpriced transaction"     hash=0x17bcb5ba8cdc73b0c84191ca792985f3501570358e6470e37fe05ca91fb8ef71 gasTipCap=1 gasFeeCap=203
t=2023-06-02T16:09:00+0800 lvl=trce msg="Pooled new future transaction"          hash=0x1812d9d6850ed70dd57d8c2f1193cc02a99d837d979295afed4619296164f15c from=0x4d26Cd035A0Dfc4a3e109c268645938981F74fEf to=0x0000000000000000000000000000000000000000
t=2023-06-02T16:09:00+0800 lvl=trce msg="Pooled new future transaction"          hash=0xd5e8eba0dc6dcda086ee13e1a3aa14d8562fa7dab99a8ec19f8938564d30e667 from=0x4d26Cd035A0Dfc4a3e109c268645938981F74fEf to=0x0000000000000000000000000000000000000000
t=2023-06-02T16:09:00+0800 lvl=trce msg="Pooled new future transaction"          hash=0x0261aa91fe4a0f90f26369b5917ee35f000ccb2d78c386bebefc3e20f5ea2443 from=0x4d26Cd035A0Dfc4a3e109c268645938981F74fEf to=0x0000000000000000000000000000000000000000
t=2023-06-02T16:09:00+0800 lvl=trce msg="Pooled new future transaction"          hash=0xac1c107e75b0de0f36f1196f52ffd47f45badf4aa11079d50978de4446effafa from=0x4d26Cd035A0Dfc4a3e109c268645938981F74fEf to=0x0000000000000000000000000000000000000000
t=2023-06-02T16:09:00+0800 lvl=trce msg="Pooled new future transaction"          hash=0x2f09bdc0e730042225deb9db9c93aa75aa8367a398da7b7661d0f6cd5d19bad8 from=0x4d26Cd035A0Dfc4a3e109c268645938981F74fEf to=0x0000000000000000000000000000000000000000
t=2023-06-02T16:09:00+0800 lvl=trce msg="Pooled new future transaction"          hash=0xc048a59aa125cf5a3d46893cfcadc365342b0de4f85bcc942d078cd05cfa1e62 from=0x4d26Cd035A0Dfc4a3e109c268645938981F74fEf to=0x0000000000000000000000000000000000000000
t=2023-06-02T16:09:00+0800 lvl=trce msg="Pooled new future transaction"          hash=0x68ef6c9cde8eb97e6e6d138b0edc3c66debf8a4e67b98fac28f8d1faf2fc9fd3 from=0x4d26Cd035A0Dfc4a3e109c268645938981F74fEf to=0x0000000000000000000000000000000000000000
t=2023-06-02T16:09:00+0800 lvl=trce msg="Pooled new future transaction"          hash=0xf9bed36d61d0c4bc58a67607380c0c5d07f5a801cfafb90493135d4ba29c37d9 from=0x4d26Cd035A0Dfc4a3e109c268645938981F74fEf to=0x0000000000000000000000000000000000000000
t=2023-06-02T16:09:00+0800 lvl=trce msg="Pooled new future transaction"          hash=0x22028f23b95e775365794a95bca98ce0fde5aa97aa54646b49a7ea795c3a05a9 from=0x52D7DdC1B94D310f24a4E67cE43388304D47A507 to=0x0000000000000000000000000000000000000000
t=2023-06-02T16:09:00+0800 lvl=trce msg="Removed old queued transactions"        count=0
t=2023-06-02T16:09:00+0800 lvl=trce msg="Removed unpayable queued transactions"  count=0
t=2023-06-02T16:09:00+0800 lvl=trce msg="Discarding underpriced transaction"     hash=0x01661f36d28795fa435553138993f0b890e17a9b780a740accd56a95199933eb gasTipCap=1 gasFeeCap=204
t=2023-06-02T16:09:00+0800 lvl=trce msg="Pooled new future transaction"          hash=0x38ef6083612a93eec1aeb4c807a7b2638d14cac943930e27b65e729b06e54532 from=0x66e0851F1a162869024b4C9f6b1C4Fc5cb4832F1 to=0x0000000000000000000000000000000000000000
t=2023-06-02T16:09:00+0800 lvl=trce msg="Removed old queued transactions"        count=0
t=2023-06-02T16:09:00+0800 lvl=trce msg="Removed unpayable queued transactions"  count=0
t=2023-06-02T16:09:00+0800 lvl=trce msg="Promoted queued transactions"           count=0
t=2023-06-02T16:09:00+0800 lvl=trce msg="Pooled new future transaction"          hash=0x24ddd004c9d2b437c0bc05b29b64e94ea7b4358f5639d5481d84299098925f19 from=0x1a776c18964dD0980d9Eb625166Ca959Fd425Bcc to=0x0000000000000000000000000000000000000000
t=2023-06-02T16:09:00+0800 lvl=trce msg="Pooled new future transaction"          hash=0x2244cfbd2ce0147e1a8b1b6844bb68427f5cc874c2323a7bfa95e3522426f19e from=0x1a776c18964dD0980d9Eb625166Ca959Fd425Bcc to=0x0000000000000000000000000000000000000000
t=2023-06-02T16:09:00+0800 lvl=trce msg="Pooled new future transaction"          hash=0xe090f550af1433c244e79e2ee2e42dbe45c53859d9e64490d2c585669ffafb66 from=0x1a776c18964dD0980d9Eb625166Ca959Fd425Bcc to=0x0000000000000000000000000000000000000000
t=2023-06-02T16:09:00+0800 lvl=trce msg="Pooled new future transaction"          hash=0x2615f3e10866dd873a22aa0088d289019808c7e8d215e401e873a596d53aa699 from=0x1a776c18964dD0980d9Eb625166Ca959Fd425Bcc to=0x0000000000000000000000000000000000000000
t=2023-06-02T16:09:00+0800 lvl=trce msg="Discarding underpriced transaction"     hash=0x88dc7deab286239444e6fbe9e0dd5916ffa6923ac6db332238fe47119b1b4dfa gasTipCap=1 gasFeeCap=205
t=2023-06-02T16:09:00+0800 lvl=trce msg="Pooled new future transaction"          hash=0x6c9c06e5034975412d76e9f3211e6f60f5a3669b3bef2e849a658b9f3fa219a6 from=0x1a776c18964dD0980d9Eb625166Ca959Fd425Bcc to=0x0000000000000000000000000000000000000000
t=2023-06-02T16:09:00+0800 lvl=trce msg="Pooled new future transaction"          hash=0xe24860d6a3717b8e9c809f729451f0b641c47f4d58aaa7afc37fb6b78ee56b3c from=0x4d26Cd035A0Dfc4a3e109c268645938981F74fEf to=0x0000000000000000000000000000000000000000
t=2023-06-02T16:09:00+0800 lvl=trce msg="Pooled new future transaction"          hash=0x2143425a9e5c8f7720ae69e1ad5b7c21ea5c65b661b8bad3c67b3da3b066d3b0 from=0x1a776c18964dD0980d9Eb625166Ca959Fd425Bcc to=0x0000000000000000000000000000000000000000
t=2023-06-02T16:09:00+0800 lvl=trce msg="Pooled new future transaction"          hash=0x272fc22fcb532d803bc2f4f8d665317ce1357c48e6d0262d6e607fa89602efce from=0x7628e7c918DAaf4dfbF615023fDBcF72b8479bCe to=0x0000000000000000000000000000000000000000
t=2023-06-02T16:09:00+0800 lvl=trce msg="Pooled new future transaction"          hash=0xc9d8644f4c5fd25bed1141576a8b141b9b2f553f30af9a06502364251a395750 from=0x4d26Cd035A0Dfc4a3e109c268645938981F74fEf to=0x0000000000000000000000000000000000000000
t=2023-06-02T16:09:00+0800 lvl=trce msg="Pooled new future transaction"          hash=0x4541f60c89485d33b062c9eee70141d9e9b2a672c2af158e782f69fb64b78316 from=0x4d26Cd035A0Dfc4a3e109c268645938981F74fEf to=0x0000000000000000000000000000000000000000
t=2023-06-02T16:09:00+0800 lvl=trce msg="Promoted queued transactions"           count=1
t=2023-06-02T16:09:00+0800 lvl=trce msg="Pooled new future transaction"          hash=0xf33715fdd8e3a3b83e55c7f4457cff310e8e04dea9c48f13d4e4a5328a427c02 from=0x1a776c18964dD0980d9Eb625166Ca959Fd425Bcc to=0x0000000000000000000000000000000000000000
t=2023-06-02T16:09:00+0800 lvl=trce msg="Pooled new future transaction"          hash=0xe9f5d8c3930b9962a2716c6bf4f0e277b88c90aaf81e3799f27d9c7d2460ef3a from=0x1a776c18964dD0980d9Eb625166Ca959Fd425Bcc to=0x0000000000000000000000000000000000000000
t=2023-06-02T16:09:00+0800 lvl=trce msg="Pooled new future transaction"          hash=0x5f3bb3a920e8e171d2f31c4795ab8fe9a30fd0960247d0bb5b80e04eacdd5be1 from=0x1a776c18964dD0980d9Eb625166Ca959Fd425Bcc to=0x0000000000000000000000000000000000000000
t=2023-06-02T16:09:00+0800 lvl=trce msg="Removed old queued transactions"        count=0
t=2023-06-02T16:09:00+0800 lvl=trce msg="Pooled new future transaction"          hash=0x54944dfa88ef59756107f7d427de186ae1935bcd1848f3c67bffa62fb9f3e0c6 from=0x52D7DdC1B94D310f24a4E67cE43388304D47A507 to=0x0000000000000000000000000000000000000000
t=2023-06-02T16:09:00+0800 lvl=trce msg="Removed old queued transactions"        count=0
t=2023-06-02T16:09:00+0800 lvl=trce msg="Removed unpayable queued transactions"  count=0
t=2023-06-02T16:09:00+0800 lvl=trce msg="Promoted queued transactions"           count=1
t=2023-06-02T16:09:00+0800 lvl=trce msg="Pooled new future transaction"          hash=0xa99c4bbd502657a6ec666938383993807e4d21419a5ab3375646c5df82b3520c from=0x4d26Cd035A0Dfc4a3e109c268645938981F74fEf to=0x0000000000000000000000000000000000000000
t=2023-06-02T16:09:00+0800 lvl=trce msg="Pooled new future transaction"          hash=0x1c4268ebcee455adfaf5e3c86d16d51f659ff6c4d3e7599f3b6d8140287204fd from=0x4d26Cd035A0Dfc4a3e109c268645938981F74fEf to=0x0000000000000000000000000000000000000000
t=2023-06-02T16:09:00+0800 lvl=trce msg="Pooled new future transaction"          hash=0xdfcbe7d27cf04b90b3fe6eabb99553f9f648265d4fb2aea9eaf560d9336ddb0f from=0x4d26Cd035A0Dfc4a3e109c268645938981F74fEf to=0x0000000000000000000000000000000000000000
t=2023-06-02T16:09:00+0800 lvl=trce msg="Pooled new future transaction"          hash=0xdbc7e4369eedf84b7690056b4ccc5d21aecc133b761f20f2d9670f5f85d60e56 from=0x4d26Cd035A0Dfc4a3e109c268645938981F74fEf to=0x0000000000000000000000000000000000000000
t=2023-06-02T16:09:00+0800 lvl=trce msg="Pooled new future transaction"          hash=0xbdd51f3ec75f0dcfbdf615709194a517f282396e9818ab8401dd6b2769bda7b7 from=0x4d26Cd035A0Dfc4a3e109c268645938981F74fEf to=0x0000000000000000000000000000000000000000
t=2023-06-02T16:09:00+0800 lvl=trce msg="Pooled new future transaction"          hash=0x292a1b7fff8817452d312dd4f0f0b5638084584b88f5ab58429a5d24a69bba1e from=0x4d26Cd035A0Dfc4a3e109c268645938981F74fEf to=0x0000000000000000000000000000000000000000
t=2023-06-02T16:09:00+0800 lvl=trce msg="Discarding underpriced transaction"     hash=0x6bfb21526830c07fb241e7ac3c4fb2f42f0f3346a0b6a53d3cf1fccc9307ddc2 gasTipCap=1 gasFeeCap=206
t=2023-06-02T16:09:00+0800 lvl=trce msg="Pooled new future transaction"          hash=0xc2db19c0525d3b7c235fe62f338534258a0a22f531aba61ef72ae4bd5a7ef017 from=0x4d26Cd035A0Dfc4a3e109c268645938981F74fEf to=0x0000000000000000000000000000000000000000
t=2023-06-02T16:09:00+0800 lvl=trce msg="Pooled new future transaction"          hash=0x357e739fc83ef545554e4cb9f57383904318768e8b757e4a1996850a98df6ee6 from=0x4d26Cd035A0Dfc4a3e109c268645938981F74fEf to=0x0000000000000000000000000000000000000000
t=2023-06-02T16:09:00+0800 lvl=trce msg="Pooled new future transaction"          hash=0x0a1d94bafcc9d56e4c0743d37ba6dafadc20c8b063e180092365f0cdbf1eb69b from=0x52D7DdC1B94D310f24a4E67cE43388304D47A507 to=0x0000000000000000000000000000000000000000
t=2023-06-02T16:09:00+0800 lvl=trce msg="Removed old queued transactions"        count=0
t=2023-06-02T16:09:00+0800 lvl=trce msg="Removed unpayable queued transactions"  count=0
t=2023-06-02T16:09:00+0800 lvl=trce msg="Pooled new future transaction"          hash=0x76ad183aacd9a5e1b28f8b4c035b83b05e21b9d699c30aaac320968b3a78451e from=0x4d26Cd035A0Dfc4a3e109c268645938981F74fEf to=0x0000000000000000000000000000000000000000
t=2023-06-02T16:09:00+0800 lvl=trce msg="Pooled new future transaction"          hash=0x07797b5615110fabc0219cfae7c6c5e4eb2ea618fac37da93b8c5e4f7b07a858 from=0x4d26Cd035A0Dfc4a3e109c268645938981F74fEf to=0x0000000000000000000000000000000000000000
t=2023-06-02T16:09:00+0800 lvl=trce msg="Pooled new future transaction"          hash=0x89dfbb7bae630d50039dcf36a1d4ab242abe6839f57739b9cb7f8268f9b6064e from=0x4d26Cd035A0Dfc4a3e109c268645938981F74fEf to=0x0000000000000000000000000000000000000000
t=2023-06-02T16:09:00+0800 lvl=trce msg="Pooled new future transaction"          hash=0x4edcff5669117935fd3dfb47b0ba33e5cec01cedba923c58a11895dd4fbefa2d from=0x4d26Cd035A0Dfc4a3e109c268645938981F74fEf to=0x0000000000000000000000000000000000000000
t=2023-06-02T16:09:00+0800 lvl=trce msg="Removed unpayable queued transactions"  count=0
t=2023-06-02T16:09:00+0800 lvl=trce msg="Pooled new future transaction"          hash=0xa504ee49692cdab7550a9fafdb7cbd9c9e87ca447b47d882e27a6b9bbf302a1a from=0x4d26Cd035A0Dfc4a3e109c268645938981F74fEf to=0x0000000000000000000000000000000000000000
t=2023-06-02T16:09:00+0800 lvl=trce msg="Promoted queued transactions"           count=1
t=2023-06-02T16:09:00+0800 lvl=trce msg="Pooled new future transaction"          hash=0x15901e245e65fdc65bf45de664118b77b5ba2c41671ea4d92de9de98c5879e1d from=0x4d26Cd035A0Dfc4a3e109c268645938981F74fEf to=0x0000000000000000000000000000000000000000
t=2023-06-02T16:09:00+0800 lvl=trce msg="Pooled new future transaction"          hash=0x569934c9bf53e219ae51076823be4dd5ac6a2e7c05c0b9948685144bd4a084a1 from=0x4d26Cd035A0Dfc4a3e109c268645938981F74fEf to=0x0000000000000000000000000000000000000000
t=2023-06-02T16:09:00+0800 lvl=trce msg="Pooled new future transaction"          hash=0x6fc41564cfb5ceaaebc883d1857bb632addbb42678272a118f8df32e4a1ab70a from=0x4d26Cd035A0Dfc4a3e109c268645938981F74fEf to=0x0000000000000000000000000000000000000000
t=2023-06-02T16:09:00+0800 lvl=trce msg="Discarding underpriced transaction"     hash=0xc573ea67292d2f9fc931f16c0b19400de04de3fde464cea84037b17e28daac18 gasTipCap=1 gasFeeCap=207
t=2023-06-02T16:09:00+0800 lvl=trce msg="Pooled new future transaction"          hash=0x032add2371aaf6aad43c36db8651e7045befda47953dd618ce471eb9e1107c89 from=0x1a776c18964dD0980d9Eb625166Ca959Fd425Bcc to=0x0000000000000000000000000000000000000000
t=2023-06-02T16:09:00+0800 lvl=trce msg="Pooled new future transaction"          hash=0x414c7bab3cdaf310df574cdd0ae5ea04a2a77d94881e5b06c639dbdf5ef54edf from=0x7628e7c918DAaf4dfbF615023fDBcF72b8479bCe to=0x0000000000000000000000000000000000000000
t=2023-06-02T16:09:00+0800 lvl=trce msg="Removed old queued transactions"        count=0
t=2023-06-02T16:09:00+0800 lvl=trce msg="Removed unpayable queued transactions"  count=0
t=2023-06-02T16:09:00+0800 lvl=trce msg="Promoted queued transactions"           count=0
t=2023-06-02T16:09:00+0800 lvl=trce msg="Pooled new future transaction"          hash=0xe5abd1a3c3fbe269354f15b67f8049bf377975183f804119fbaab4cfec120bcc from=0x1a776c18964dD0980d9Eb625166Ca959Fd425Bcc to=0x0000000000000000000000000000000000000000
t=2023-06-02T16:09:00+0800 lvl=trce msg="Pooled new future transaction"          hash=0xd12333504dd6c72ed3797e49859ac58d02118d6d219df20f5eba356ffa9b3a06 from=0x1a776c18964dD0980d9Eb625166Ca959Fd425Bcc to=0x0000000000000000000000000000000000000000
t=2023-06-02T16:09:00+0800 lvl=trce msg="Pooled new future transaction"          hash=0x02b7fc37d143ee79eab554ab4cf98a2c86d37d5b1455cb59aace3c380fe54fa5 from=0x1a776c18964dD0980d9Eb625166Ca959Fd425Bcc to=0x0000000000000000000000000000000000000000
t=2023-06-02T16:09:00+0800 lvl=trce msg="Pooled new future transaction"          hash=0x9de071a0799a1b7ca9cfa5ed456650bfdbf3ea2b5b86151809c4146b50142cb5 from=0xC8588256B6861cfc15391DF1B53D274b8209f5c0 to=0x0000000000000000000000000000000000000000
t=2023-06-02T16:09:00+0800 lvl=trce msg="Pooled new future transaction"          hash=0x156fbe0e11c2a0e2d1172036b659fe2087a1e8c78e998a53104dd731ea5faeef from=0xC8588256B6861cfc15391DF1B53D274b8209f5c0 to=0x0000000000000000000000000000000000000000
t=2023-06-02T16:09:00+0800 lvl=trce msg="Pooled new future transaction"          hash=0x93b16c8925a3f5986bd8701bafdcd93d55d2507f3fb031b5d3be363f520d81ab from=0xC8588256B6861cfc15391DF1B53D274b8209f5c0 to=0x0000000000000000000000000000000000000000
t=2023-06-02T16:09:00+0800 lvl=trce msg="Pooled new future transaction"          hash=0xe57bc98aebe4fb894c89eb17a9f2992814ac0eb25cfc3ba265eddc1661e81929 from=0xC8588256B6861cfc15391DF1B53D274b8209f5c0 to=0x0000000000000000000000000000000000000000
t=2023-06-02T16:09:00+0800 lvl=trce msg="Discarding underpriced transaction"     hash=0x315053040813a6f3d8d04bffa0b62b62931e35078495885a4e3f8638794505b3 gasTipCap=1 gasFeeCap=208
t=2023-06-02T16:09:00+0800 lvl=trce msg="Pooled new future transaction"          hash=0x32353b6775b3ea1361d54f98d05968365729b1b99f02b9b4d57c339e9e48d321 from=0x4d26Cd035A0Dfc4a3e109c268645938981F74fEf to=0x0000000000000000000000000000000000000000
t=2023-06-02T16:09:00+0800 lvl=trce msg="Pooled new future transaction"          hash=0xef939c61c514b4865ae9bf3d941a96e9b0436cc6d9bd83b5ed91e69dc92c7a2b from=0x4d26Cd035A0Dfc4a3e109c268645938981F74fEf to=0x0000000000000000000000000000000000000000
t=2023-06-02T16:09:00+0800 lvl=trce msg="Pooled new future transaction"          hash=0x54f91206cf22b9b171b87cfad074c98bbc2df374752129a960d71e80dc0c6a06 from=0x4d26Cd035A0Dfc4a3e109c268645938981F74fEf to=0x0000000000000000000000000000000000000000
t=2023-06-02T16:09:00+0800 lvl=trce msg="Pooled new future transaction"          hash=0x843707f43e0511c5ca567c6f5541153f1601f4ec17cfce8bbd9d87dda447f774 from=0xC8588256B6861cfc15391DF1B53D274b8209f5c0 to=0x0000000000000000000000000000000000000000
t=2023-06-02T16:09:00+0800 lvl=trce msg="Pooled new future transaction"          hash=0x8982ba9166b89d7e4e6f13e914dc8327513e8d1865a0b4bb0b41ed26e86ae929 from=0x4d26Cd035A0Dfc4a3e109c268645938981F74fEf to=0x0000000000000000000000000000000000000000
t=2023-06-02T16:09:00+0800 lvl=trce msg="Pooled new future transaction"          hash=0x821f54d2b1599b9c5ee920da08fa08e3dc709bd2ce8a298be592c8bfa24a8ac7 from=0xC8588256B6861cfc15391DF1B53D274b8209f5c0 to=0x0000000000000000000000000000000000000000
t=2023-06-02T16:09:00+0800 lvl=trce msg="Pooled new future transaction"          hash=0x1eb792e2f6b38164bdc8ce8bcffcf223f8bcad021dad4f07d0170299fc12f7ab from=0xC8588256B6861cfc15391DF1B53D274b8209f5c0 to=0x0000000000000000000000000000000000000000
t=2023-06-02T16:09:00+0800 lvl=trce msg="Pooled new future transaction"          hash=0x8568c740eec362db1901b555e51acfdb0d9fa42c7d59cceea1452d52a341922d from=0x4d26Cd035A0Dfc4a3e109c268645938981F74fEf to=0x0000000000000000000000000000000000000000
t=2023-06-02T16:09:00+0800 lvl=trce msg="Pooled new future transaction"          hash=0xc2f30c0f3358a82d35ad3cc67e606048be3a10868fd492068d187c6349bef78d from=0xC8588256B6861cfc15391DF1B53D274b8209f5c0 to=0x0000000000000000000000000000000000000000
t=2023-06-02T16:09:00+0800 lvl=trce msg="Discarding underpriced transaction"     hash=0x6baa1b0f9493302a1981ff1635bb157087b16a46086c57800780a00e5e00e69c gasTipCap=1 gasFeeCap=209
t=2023-06-02T16:09:00+0800 lvl=trce msg="Pooled new future transaction"          hash=0x3a7370b24e63f852d443a61e71394d993b8fa89dfbd805d6085994cb485f23e8 from=0x4d26Cd035A0Dfc4a3e109c268645938981F74fEf to=0x0000000000000000000000000000000000000000
t=2023-06-02T16:09:00+0800 lvl=trce msg="Pooled new future transaction"          hash=0x4fcd2d5c39895be3d31a617a8d12738d8401384db797bd0f64760f73c210eaf3 from=0x4d26Cd035A0Dfc4a3e109c268645938981F74fEf to=0x0000000000000000000000000000000000000000
t=2023-06-02T16:09:00+0800 lvl=trce msg="Pooled new future transaction"          hash=0x2346716d6af38f7ae97bfa04a7f066cf362cbfb9daa82777249ead77b497944b from=0x4d26Cd035A0Dfc4a3e109c268645938981F74fEf to=0x0000000000000000000000000000000000000000
t=2023-06-02T16:09:00+0800 lvl=trce msg="Pooled new future transaction"          hash=0xe595b359ca97d842212c8621521053d80dff0dfa0877330d71439b23ce1bf80b from=0x4d26Cd035A0Dfc4a3e109c268645938981F74fEf to=0x0000000000000000000000000000000000000000
t=2023-06-02T16:09:00+0800 lvl=trce msg="Pooled new future transaction"          hash=0x872abde56ef11737a4de218528833630ff6847cfb7258733bf4a691357b1460b from=0x4d26Cd035A0Dfc4a3e109c268645938981F74fEf to=0x0000000000000000000000000000000000000000
t=2023-06-02T16:09:00+0800 lvl=trce msg="Pooled new future transaction"          hash=0x24a8540832f88e9119cdc0cd610a53e3e2bbebf1767549327f9a01574a597cb7 from=0x4d26Cd035A0Dfc4a3e109c268645938981F74fEf to=0x0000000000000000000000000000000000000000
t=2023-06-02T16:09:00+0800 lvl=trce msg="Discarding underpriced transaction"     hash=0x74d8adb0827419426f5f19d9aba3fa5ba8e3c12c2dc67f9bf328b69d7dc29429 gasTipCap=1 gasFeeCap=210
t=2023-06-02T16:09:00+0800 lvl=trce msg="Pooled new future transaction"          hash=0x7cc9978973083e5117aec07c2de31f11a25e0e0dce77860394e788e67409c813 from=0x66e0851F1a162869024b4C9f6b1C4Fc5cb4832F1 to=0x0000000000000000000000000000000000000000
t=2023-06-02T16:09:00+0800 lvl=trce msg="Removed old queued transactions"        count=0
t=2023-06-02T16:09:00+0800 lvl=trce msg="Removed unpayable queued transactions"  count=0
t=2023-06-02T16:09:00+0800 lvl=trce msg="Promoted queued transactions"           count=1
t=2023-06-02T16:09:00+0800 lvl=trce msg="Pooled new future transaction"          hash=0xdef46d37ead11336049d3500e037b165278600bea0381b25f032c4960b93da5f from=0x4d26Cd035A0Dfc4a3e109c268645938981F74fEf to=0x0000000000000000000000000000000000000000
t=2023-06-02T16:09:00+0800 lvl=trce msg="Pooled new future transaction"          hash=0x12ec4d1f9c7b5453b11acf9029890f099252cbf241ff10c694ec8fbac67afc47 from=0x4d26Cd035A0Dfc4a3e109c268645938981F74fEf to=0x0000000000000000000000000000000000000000
t=2023-06-02T16:09:00+0800 lvl=trce msg="Pooled new future transaction"          hash=0xde7e3d3e9746340d90b936b317d10405b15ad88eec5a5f3cfd3b05c7dec1416b from=0x4d26Cd035A0Dfc4a3e109c268645938981F74fEf to=0x0000000000000000000000000000000000000000
t=2023-06-02T16:09:00+0800 lvl=trce msg="Discarding underpriced transaction"     hash=0x0d53040f04d43a62ed316de8d67d91e3759ded9cbd7530672c96a95188f7c116 gasTipCap=1 gasFeeCap=211
t=2023-06-02T16:09:00+0800 lvl=trce msg="Pooled new future transaction"          hash=0x6b46b32273dda63387fb0a9c1a406faf6cd39472007e09183fb63180cb34cd50 from=0x4d26Cd035A0Dfc4a3e109c268645938981F74fEf to=0x0000000000000000000000000000000000000000
t=2023-06-02T16:09:00+0800 lvl=trce msg="Promoted queued transactions"           count=1
t=2023-06-02T16:09:00+0800 lvl=trce msg="Pooled new future transaction"          hash=0x6b9ceea3e5ad8d832ff92a16d2e5a568b29609d142d46b27d328f2d24ffcfc48 from=0xC8588256B6861cfc15391DF1B53D274b8209f5c0 to=0x0000000000000000000000000000000000000000
t=2023-06-02T16:09:00+0800 lvl=trce msg="Pooled new future transaction"          hash=0xcbb3fe800df3a2bf44f596b4d34347e2f6b48f30650da8d58f2a39443db05e3e from=0x66e0851F1a162869024b4C9f6b1C4Fc5cb4832F1 to=0x0000000000000000000000000000000000000000
t=2023-06-02T16:09:00+0800 lvl=trce msg="Removed old queued transactions"        count=0
t=2023-06-02T16:09:00+0800 lvl=trce msg="Removed unpayable queued transactions"  count=0
t=2023-06-02T16:09:00+0800 lvl=trce msg="Promoted queued transactions"           count=0
t=2023-06-02T16:09:00+0800 lvl=trce msg="Pooled new future transaction"          hash=0xc77a4a6944eec650ea857718190099c2f589c629cc8c22d917789789b649bbe0 from=0x4d26Cd035A0Dfc4a3e109c268645938981F74fEf to=0x0000000000000000000000000000000000000000
t=2023-06-02T16:09:00+0800 lvl=trce msg="Discarding underpriced transaction"     hash=0xdc48dae19ecea2fe59a5a1ef36d91861158a6b2cbdd2cf61f2e9e49412093262 gasTipCap=1 gasFeeCap=212
t=2023-06-02T16:09:00+0800 lvl=trce msg="Pooled new future transaction"          hash=0x670699500ebd4e3250a58a98e7f66acad0e2791eb87f43a24e10e5cd3a87a359 from=0x52D7DdC1B94D310f24a4E67cE43388304D47A507 to=0x0000000000000000000000000000000000000000
t=2023-06-02T16:09:00+0800 lvl=trce msg="Removed old queued transactions"        count=0
t=2023-06-02T16:09:00+0800 lvl=trce msg="Removed unpayable queued transactions"  count=0
t=2023-06-02T16:09:00+0800 lvl=trce msg="Pooled new future transaction"          hash=0x75442785c94297a6777007a6abe854290b2272fb347a0a43641977f3e63b2431 from=0x7628e7c918DAaf4dfbF615023fDBcF72b8479bCe to=0x0000000000000000000000000000000000000000
t=2023-06-02T16:09:00+0800 lvl=trce msg="Promoted queued transactions"           count=1
t=2023-06-02T16:09:00+0800 lvl=trce msg="Pooled new future transaction"          hash=0x29f6f10262e64bb021f03a17b9b8f088169a2ad3e676e2415f06c4e35c022910 from=0x4d26Cd035A0Dfc4a3e109c268645938981F74fEf to=0x0000000000000000000000000000000000000000
t=2023-06-02T16:09:00+0800 lvl=trce msg="Pooled new future transaction"          hash=0x349b196125ea878ef2637e0e393564193c9a793ca807d8c56c7dae1e1723e946 from=0x4d26Cd035A0Dfc4a3e109c268645938981F74fEf to=0x0000000000000000000000000000000000000000
t=2023-06-02T16:09:00+0800 lvl=trce msg="Removed old queued transactions"        count=0
t=2023-06-02T16:09:00+0800 lvl=trce msg="Pooled new future transaction"          hash=0x11d9c2cdb00d9e26bbe3b7c51209217e8fd3e68ca7e2743f2a69bd3b7297089c from=0x4d26Cd035A0Dfc4a3e109c268645938981F74fEf to=0x0000000000000000000000000000000000000000
t=2023-06-02T16:09:00+0800 lvl=trce msg="Removed unpayable queued transactions"  count=0
t=2023-06-02T16:09:00+0800 lvl=trce msg="Promoted queued transactions"           count=1
t=2023-06-02T16:09:00+0800 lvl=trce msg="Pooled new future transaction"          hash=0x05ca38c55bf93835756cef01a1318094b512284db63e84047f790e44582ca3e3 from=0xC8588256B6861cfc15391DF1B53D274b8209f5c0 to=0x0000000000000000000000000000000000000000
t=2023-06-02T16:09:00+0800 lvl=trce msg="Pooled new future transaction"          hash=0x598310cea7b1a6d7240ae1b992f541a87b2add62906967cbff52426f3f303c7e from=0xC8588256B6861cfc15391DF1B53D274b8209f5c0 to=0x0000000000000000000000000000000000000000
t=2023-06-02T16:09:00+0800 lvl=trce msg="Pooled new future transaction"          hash=0x5a84dc7a337da6c539242b098dbf1a76db8155128422f9dc4eccbe1878e8d5bc from=0xC8588256B6861cfc15391DF1B53D274b8209f5c0 to=0x0000000000000000000000000000000000000000
t=2023-06-02T16:09:00+0800 lvl=trce msg="Pooled new future transaction"          hash=0x24edd9c8710afc574d49f4feb656fe7ad987875a7cad164668e4458829fe7dfa from=0x52D7DdC1B94D310f24a4E67cE43388304D47A507 to=0x0000000000000000000000000000000000000000
t=2023-06-02T16:09:00+0800 lvl=trce msg="Discarding underpriced transaction"     hash=0xd09d8cc0c25c0cbbcb6511d63cea3e39c3b4498a5bb1436960d92dee66b77dfb gasTipCap=1 gasFeeCap=213
t=2023-06-02T16:09:00+0800 lvl=trce msg="Pooled new future transaction"          hash=0xc92dc829162cb6756463fd79f46d020fcec5ed8e43ebb74a30d8c36e281fac63 from=0xC8588256B6861cfc15391DF1B53D274b8209f5c0 to=0x0000000000000000000000000000000000000000
t=2023-06-02T16:09:00+0800 lvl=trce msg="Pooled new future transaction"          hash=0xa1694c4f3cc60fa7c4ed8299760da247f67000e8de07fc46c0fc58bc3625ed4e from=0xC8588256B6861cfc15391DF1B53D274b8209f5c0 to=0x0000000000000000000000000000000000000000
t=2023-06-02T16:09:00+0800 lvl=trce msg="Pooled new future transaction"          hash=0xb3c471b51d870bb726f3e9d41d7c46844a62a649833de0484dbce60a564c15e1 from=0x7628e7c918DAaf4dfbF615023fDBcF72b8479bCe to=0x0000000000000000000000000000000000000000
t=2023-06-02T16:09:00+0800 lvl=trce msg="Pooled new future transaction"          hash=0xff0e0598c0c3479c306a3dbe2123293c4a3278d21f9d3b62e6df193c87fd970a from=0xC8588256B6861cfc15391DF1B53D274b8209f5c0 to=0x0000000000000000000000000000000000000000
t=2023-06-02T16:09:00+0800 lvl=trce msg="Removed old queued transactions"        count=0
t=2023-06-02T16:09:00+0800 lvl=trce msg="Removed unpayable queued transactions"  count=0
t=2023-06-02T16:09:00+0800 lvl=trce msg="Promoted queued transactions"           count=0
t=2023-06-02T16:09:00+0800 lvl=trce msg="Pooled new future transaction"          hash=0xa61eda24d03b87057b67640587956176368ba770b8681a37ad39f1411242c59e from=0x4d26Cd035A0Dfc4a3e109c268645938981F74fEf to=0x0000000000000000000000000000000000000000
t=2023-06-02T16:09:00+0800 lvl=trce msg="Pooled new future transaction"          hash=0x31cdf81d957cf71d0171e800ef85f657a9804d95c5fdbb7b72ef0fe6082cfb79 from=0x4d26Cd035A0Dfc4a3e109c268645938981F74fEf to=0x0000000000000000000000000000000000000000
t=2023-06-02T16:09:00+0800 lvl=trce msg="Discarding underpriced transaction"     hash=0x12e394464d4512992675736df5440f623307d132f81af8da6b5bfee3ead51d41 gasTipCap=1 gasFeeCap=214
t=2023-06-02T16:09:00+0800 lvl=trce msg="Pooled new future transaction"          hash=0x677ea6e6398f34e11d91f17959f754010e92ed4756c971e95737b2c8c74632a0 from=0x4d26Cd035A0Dfc4a3e109c268645938981F74fEf to=0x0000000000000000000000000000000000000000
t=2023-06-02T16:09:00+0800 lvl=trce msg="Pooled new future transaction"          hash=0x85154c57e918279e074b198c777f4f582d2a354e3563e2c384c195302b646af2 from=0x4d26Cd035A0Dfc4a3e109c268645938981F74fEf to=0x0000000000000000000000000000000000000000
t=2023-06-02T16:09:00+0800 lvl=trce msg="Removed old queued transactions"        count=0
t=2023-06-02T16:09:00+0800 lvl=trce msg="Removed unpayable queued transactions"  count=0
t=2023-06-02T16:09:00+0800 lvl=trce msg="Pooled new future transaction"          hash=0xbba005a6f4ebb4d7bdce2142ec070d51446bc4f69fa8031398d0d6f6a622aee2 from=0x66e0851F1a162869024b4C9f6b1C4Fc5cb4832F1 to=0x0000000000000000000000000000000000000000
t=2023-06-02T16:09:00+0800 lvl=trce msg="Removed old queued transactions"        count=0
t=2023-06-02T16:09:00+0800 lvl=trce msg="Removed unpayable queued transactions"  count=0
t=2023-06-02T16:09:00+0800 lvl=trce msg="Promoted queued transactions"           count=1
t=2023-06-02T16:09:00+0800 lvl=trce msg="Promoted queued transactions"           count=1
t=2023-06-02T16:09:00+0800 lvl=trce msg="Discarding underpriced transaction"     hash=0x41906c8ffa5725d9de4554f6191adc374b4a8794aaac38e3e7e07313db4be958 gasTipCap=1 gasFeeCap=215
t=2023-06-02T16:09:00+0800 lvl=trce msg="Pooled new future transaction"          hash=0xed95f40377fcfb35b72d7f9e87a28e3d3429b18f693e5ea1ee3499c790851a26 from=0x4d26Cd035A0Dfc4a3e109c268645938981F74fEf to=0x0000000000000000000000000000000000000000
t=2023-06-02T16:09:00+0800 lvl=trce msg="Pooled new future transaction"          hash=0x52adbd1e642252c5bf4f10889ba28d2385974c99843758e1e35b05cd69a4898d from=0x66e0851F1a162869024b4C9f6b1C4Fc5cb4832F1 to=0x0000000000000000000000000000000000000000
t=2023-06-02T16:09:00+0800 lvl=trce msg="Pooled new future transaction"          hash=0x84cc223515340277c6c780decf5f502d3deab02e1a7abff06fc3fd1b982b9972 from=0x4d26Cd035A0Dfc4a3e109c268645938981F74fEf to=0x0000000000000000000000000000000000000000
t=2023-06-02T16:09:00+0800 lvl=trce msg="Pooled new future transaction"          hash=0xa1efe178a8090eabfe891b764c89835bfa9beaec0a42d61dcad6ff5807d86bfd from=0xC8588256B6861cfc15391DF1B53D274b8209f5c0 to=0x0000000000000000000000000000000000000000
t=2023-06-02T16:09:00+0800 lvl=trce msg="Pooled new future transaction"          hash=0x3fe361aacbe97eea56c20500294d5338c24bfc8cd57ffc7474bb6aba80ff0e41 from=0xC8588256B6861cfc15391DF1B53D274b8209f5c0 to=0x0000000000000000000000000000000000000000
t=2023-06-02T16:09:00+0800 lvl=trce msg="Discarding underpriced transaction"     hash=0xff02edaa5dc097955e2819280404bec7d03c827144510f9a82d5358a2b943e96 gasTipCap=1 gasFeeCap=216
t=2023-06-02T16:09:00+0800 lvl=trce msg="Removed old queued transactions"        count=0
t=2023-06-02T16:09:00+0800 lvl=trce msg="Removed unpayable queued transactions"  count=0
t=2023-06-02T16:09:00+0800 lvl=trce msg="Promoted queued transactions"           count=0
t=2023-06-02T16:09:00+0800 lvl=trce msg="Pooled new future transaction"          hash=0xc064262ad62db343a81a2ab0326933324d01b53d708a62e21022ebee5c26e034 from=0x52D7DdC1B94D310f24a4E67cE43388304D47A507 to=0x0000000000000000000000000000000000000000
t=2023-06-02T16:09:00+0800 lvl=trce msg="Pooled new future transaction"          hash=0xff2f6f17daeffc2997acb711a7316050c160b01e6318a28ec5b9378b8545bd76 from=0x4d26Cd035A0Dfc4a3e109c268645938981F74fEf to=0x0000000000000000000000000000000000000000
t=2023-06-02T16:09:00+0800 lvl=trce msg="Pooled new future transaction"          hash=0x39a102d767f83f503fbe16977a747a51a1d34483e0d024858f190d4eafcd4267 from=0x4d26Cd035A0Dfc4a3e109c268645938981F74fEf to=0x0000000000000000000000000000000000000000
t=2023-06-02T16:09:00+0800 lvl=trce msg="Discarding underpriced transaction"     hash=0x2e086330b9a3960431e25b9c86292e5f0cca07ac21282dbaa8ddb3c7df4a3757 gasTipCap=1 gasFeeCap=217
t=2023-06-02T16:09:00+0800 lvl=trce msg="Pooled new future transaction"          hash=0x9d554ea81438b085cdc14952cf06409dbdc017528462307002d79fed9eb53190 from=0x7628e7c918DAaf4dfbF615023fDBcF72b8479bCe to=0x0000000000000000000000000000000000000000
t=2023-06-02T16:09:00+0800 lvl=trce msg="Removed old queued transactions"        count=0
t=2023-06-02T16:09:00+0800 lvl=trce msg="Removed unpayable queued transactions"  count=0
t=2023-06-02T16:09:00+0800 lvl=trce msg="Promoted queued transactions"           count=1
t=2023-06-02T16:09:00+0800 lvl=trce msg="Pooled new future transaction"          hash=0xc85cee9c7d66b882921a3e6ca785bcf789be18000d7ea8858a0fa871008a637f from=0x4d26Cd035A0Dfc4a3e109c268645938981F74fEf to=0x0000000000000000000000000000000000000000
t=2023-06-02T16:09:00+0800 lvl=trce msg="Pooled new future transaction"          hash=0xcd7119d058a2dd65223d546c858f7eb82dba00c1f98619a9c44b3ded24b35321 from=0x4d26Cd035A0Dfc4a3e109c268645938981F74fEf to=0x0000000000000000000000000000000000000000
t=2023-06-02T16:09:00+0800 lvl=trce msg="Pooled new future transaction"          hash=0x078a004e8a0ed0d356945809b77c189f6aafad4c53ee89c45e04d19219523b57 from=0x4d26Cd035A0Dfc4a3e109c268645938981F74fEf to=0x0000000000000000000000000000000000000000
t=2023-06-02T16:09:00+0800 lvl=trce msg="Pooled new future transaction"          hash=0x77e5d099be6cf53eba877e8c4f75347c0342528033ec023aa97ce77a944c731b from=0x4d26Cd035A0Dfc4a3e109c268645938981F74fEf to=0x0000000000000000000000000000000000000000
t=2023-06-02T16:09:00+0800 lvl=trce msg="Pooled new future transaction"          hash=0xef64cfbcce38536b4e042d590f63ac32a1a464c6c41bb5e4701953c21ab7cfbb from=0x4d26Cd035A0Dfc4a3e109c268645938981F74fEf to=0x0000000000000000000000000000000000000000
t=2023-06-02T16:09:00+0800 lvl=trce msg="Pooled new future transaction"          hash=0xbbba75a8df928b2101bb804e34c684b3c3fc44ab50f47dca99d8fcf62c6badf6 from=0x7628e7c918DAaf4dfbF615023fDBcF72b8479bCe to=0x0000000000000000000000000000000000000000
t=2023-06-02T16:09:00+0800 lvl=trce msg="Removed old queued transactions"        count=0
t=2023-06-02T16:09:00+0800 lvl=trce msg="Discarding freshly underpriced transaction" hash=0xe174836c2d21ed9f0461b0379414e83ad65f7bd7cd18edb957642a75ee43a141 gasTipCap=4 gasFeeCap=4
t=2023-06-02T16:09:00+0800 lvl=trce msg="Pooled new future transaction"          hash=0x9dec90a62d5cecbfb2a7b34c653cb94d3a5c955ea2a4d9bb6e921d5b7872ea96 from=0x3E8bb104FBd49127B41ABA7947E4cec0d11ECB0b to=0x0000000000000000000000000000000000000000
t=2023-06-02T16:09:00+0800 lvl=trce msg="Removed old queued transactions"        count=0
t=2023-06-02T16:09:00+0800 lvl=trce msg="Removed unpayable queued transactions"  count=0
t=2023-06-02T16:09:00+0800 lvl=trce msg="Promoted queued transactions"           count=1
t=2023-06-02T16:09:00+0800 lvl=trce msg="Removed old queued transactions"        count=0
t=2023-06-02T16:09:00+0800 lvl=trce msg="Removed unpayable queued transactions"  count=0
t=2023-06-02T16:09:00+0800 lvl=trce msg="Promoted queued transactions"           count=1
t=2023-06-02T16:09:00+0800 lvl=trce msg="Removed unpayable queued transactions"  count=0
t=2023-06-02T16:09:00+0800 lvl=trce msg="Promoted queued transactions"           count=0
t=2023-06-02T16:09:00+0800 lvl=trce msg="Pooled new future transaction"          hash=0x9b5d98188a64d333b6bb23350f9f4d1651a9cb313c10d3f5c67b73666e35256f from=0xC8588256B6861cfc15391DF1B53D274b8209f5c0 to=0x0000000000000000000000000000000000000000
t=2023-06-02T16:09:00+0800 lvl=trce msg="Pooled new future transaction"          hash=0x142c5b6d9132836dd0986b5ec195c87ce85b1909ac3c4e30bee90a7337fdddf8 from=0x52D7DdC1B94D310f24a4E67cE43388304D47A507 to=0x0000000000000000000000000000000000000000
t=2023-06-02T16:09:00+0800 lvl=trce msg="Removed old queued transactions"        count=0
t=2023-06-02T16:09:00+0800 lvl=trce msg="Removed unpayable queued transactions"  count=0
t=2023-06-02T16:09:00+0800 lvl=trce msg="Promoted queued transactions"           count=1
t=2023-06-02T16:09:00+0800 lvl=trce msg="Pooled new future transaction"          hash=0x7b7286024a172e26f200b2c05f8da7b7975fab5e017b96ae397b929eb42fef0e from=0xC8588256B6861cfc15391DF1B53D274b8209f5c0 to=0x0000000000000000000000000000000000000000
t=2023-06-02T16:09:00+0800 lvl=trce msg="Discarding freshly underpriced transaction" hash=0xe3a5c44b9b9283474d9162a8f1eaac6e54e9cf0c7bcd1c52dc2695ff9cbf7536 gasTipCap=1 gasFeeCap=217
t=2023-06-02T16:09:00+0800 lvl=trce msg="Pooled new future transaction"          hash=0x93ed51cf0244995bcd251eda404cdc1fae37d04758d92c9cae979ddad104c0b7 from=0xE34A25D02DfA859588542DaF3eC1c1C7aB516cb8 to=0x0000000000000000000000000000000000000000
t=2023-06-02T16:09:00+0800 lvl=trce msg="Removed old queued transactions"        count=0
t=2023-06-02T16:09:00+0800 lvl=trce msg="Removed unpayable queued transactions"  count=0
t=2023-06-02T16:09:00+0800 lvl=trce msg="Promoted queued transactions"           count=1
t=2023-06-02T16:09:00+0800 lvl=trce msg="Pooled new future transaction"          hash=0x695527187216c3ec7ed6158463fa9481bd7e1115eda123a84f39e48de65ddf9b from=0x66e0851F1a162869024b4C9f6b1C4Fc5cb4832F1 to=0x0000000000000000000000000000000000000000
t=2023-06-02T16:09:00+0800 lvl=trce msg="Removed old queued transactions"        count=0
t=2023-06-02T16:09:00+0800 lvl=trce msg="Removed unpayable queued transactions"  count=0
t=2023-06-02T16:09:00+0800 lvl=trce msg="Promoted queued transactions"           count=1
t=2023-06-02T16:09:00+0800 lvl=trce msg="Pooled new future transaction"          hash=0x17a12295d2e5641bb68f90a7395344b2d0477020731a82d5790f87a1ca584043 from=0x4d26Cd035A0Dfc4a3e109c268645938981F74fEf to=0x0000000000000000000000000000000000000000
t=2023-06-02T16:09:00+0800 lvl=trce msg="Removed old queued transactions"        count=0
t=2023-06-02T16:09:00+0800 lvl=trce msg="Removed unpayable queued transactions"  count=0
t=2023-06-02T16:09:00+0800 lvl=trce msg="Pooled new future transaction"          hash=0x7312e680e359db7d269bea76edaf4650172497a6a71ef41966056f78c0f833d4 from=0xC8588256B6861cfc15391DF1B53D274b8209f5c0 to=0x0000000000000000000000000000000000000000
t=2023-06-02T16:09:00+0800 lvl=trce msg="Discarding freshly underpriced transaction" hash=0xdbccc84275a5a91d5867731566c43a91bff29a3ffa4ad12a547e9b6a50597447 gasTipCap=5 gasFeeCap=5
t=2023-06-02T16:09:00+0800 lvl=trce msg="Pooled new future transaction"          hash=0x2c672683ecb1955b81d51a6d5de9e5d4c0b80901ef2f86b672de2bb5596bc892 from=0x66e0851F1a162869024b4C9f6b1C4Fc5cb4832F1 to=0x0000000000000000000000000000000000000000
t=2023-06-02T16:09:00+0800 lvl=trce msg="Removed old queued transactions"        count=0
t=2023-06-02T16:09:00+0800 lvl=trce msg="Removed unpayable queued transactions"  count=0
t=2023-06-02T16:09:00+0800 lvl=trce msg="Promoted queued transactions"           count=0
t=2023-06-02T16:09:00+0800 lvl=trce msg="Pooled new future transaction"          hash=0xf032298dbbf5669770716659a190024067663c76939701d54b3d50ce7d368454 from=0xC8588256B6861cfc15391DF1B53D274b8209f5c0 to=0x0000000000000000000000000000000000000000
t=2023-06-02T16:09:00+0800 lvl=trce msg="Pooled new future transaction"          hash=0x05f69a9816953d71fd5fd358fc2d5514c9f073b1c98629e7b67be80d15207431 from=0xC8588256B6861cfc15391DF1B53D274b8209f5c0 to=0x0000000000000000000000000000000000000000
t=2023-06-02T16:09:00+0800 lvl=trce msg="Pooled new future transaction"          hash=0x66053fcc63f6da9c347796fc8f83b952f346c4db9468a0bd48d15f32157d17cf from=0xC8588256B6861cfc15391DF1B53D274b8209f5c0 to=0x0000000000000000000000000000000000000000
t=2023-06-02T16:09:00+0800 lvl=trce msg="Pooled new future transaction"          hash=0xc7412be2f3a9529d3d04b66a47e6cb09781acf9ee91360bfc8738576f5754970 from=0xC8588256B6861cfc15391DF1B53D274b8209f5c0 to=0x0000000000000000000000000000000000000000
t=2023-06-02T16:09:00+0800 lvl=trce msg="Pooled new future transaction"          hash=0x7ee57603a4b29a3d3af97b45d9e10a178f5ed5d09698ed88d0645f1548419fa1 from=0xC8588256B6861cfc15391DF1B53D274b8209f5c0 to=0x0000000000000000000000000000000000000000
t=2023-06-02T16:09:00+0800 lvl=trce msg="Pooled new future transaction"          hash=0xa56eac12d3d9c1b0bae1187867b8729f8b6ec6639c8137da7901d1de9af7d57a from=0xC8588256B6861cfc15391DF1B53D274b8209f5c0 to=0x0000000000000000000000000000000000000000
t=2023-06-02T16:09:00+0800 lvl=trce msg="Pooled new future transaction"          hash=0x079478b71e50455bd69dc0ae4efc2f703bb3666ef0be30d47ec54c4ea541af0e from=0x7628e7c918DAaf4dfbF615023fDBcF72b8479bCe to=0x0000000000000000000000000000000000000000
t=2023-06-02T16:09:00+0800 lvl=trce msg="Pooled new future transaction"          hash=0x621d7ad22d43a73ebfd67fe6588dd04c820400a5d5f43fdfd3d74965a56d07d0 from=0xC8588256B6861cfc15391DF1B53D274b8209f5c0 to=0x0000000000000000000000000000000000000000
t=2023-06-02T16:09:00+0800 lvl=trce msg="Pooled new future transaction"          hash=0x5ea2909b2c48278415b1d9de352dc172c6372defbc18563a7f1990157aa9606b from=0xC8588256B6861cfc15391DF1B53D274b8209f5c0 to=0x0000000000000000000000000000000000000000
t=2023-06-02T16:09:00+0800 lvl=trce msg="Pooled new future transaction"          hash=0x77720d2af764a7685a2e8cc02680bc7015f8bfd738975c6775eeaa3234bcc4f5 from=0x8fb726521a28f5c16158A15a950edD0599B1E1eA to=0x0000000000000000000000000000000000000000
t=2023-06-02T16:09:00+0800 lvl=trce msg="Removed old queued transactions"        count=0
t=2023-06-02T16:09:00+0800 lvl=trce msg="Removed unpayable queued transactions"  count=0
t=2023-06-02T16:09:00+0800 lvl=trce msg="Promoted queued transactions"           count=1
t=2023-06-02T16:09:00+0800 lvl=trce msg="Promoted queued transactions"           count=128
t=2023-06-02T16:09:00+0800 lvl=trce msg="Removed old queued transactions"        count=0
t=2023-06-02T16:09:00+0800 lvl=trce msg="Removed unpayable queued transactions"  count=0
t=2023-06-02T16:09:00+0800 lvl=trce msg="Promoted queued transactions"           count=1
t=2023-06-02T16:09:00+0800 lvl=trce msg="Pooled new future transaction"          hash=0x1098ad48acca28fcc71d4aa9105dbdf2cc6d955b36bc0987502558be8fb5fae5 from=0x52D7DdC1B94D310f24a4E67cE43388304D47A507 to=0x0000000000000000000000000000000000000000
t=2023-06-02T16:09:00+0800 lvl=trce msg="Removed old queued transactions"        count=0
t=2023-06-02T16:09:00+0800 lvl=trce msg="Removed unpayable queued transactions"  count=0
t=2023-06-02T16:09:00+0800 lvl=trce msg="Promoted queued transactions"           count=1
t=2023-06-02T16:09:00+0800 lvl=trce msg="Pooled new future transaction"          hash=0xa2cd8f5b73a6a25ee935e29f0e102b8a8a94cbcb9f0c440d5c1505fddcaeb34b from=0xC8588256B6861cfc15391DF1B53D274b8209f5c0 to=0x0000000000000000000000000000000000000000
t=2023-06-02T16:09:00+0800 lvl=trce msg="Discarding freshly underpriced transaction" hash=0x115b95ea9c98a26fc57cc764c0f2ffab77e647606f149fd11e043260957fb60e gasTipCap=6 gasFeeCap=6
t=2023-06-02T16:09:00+0800 lvl=trce msg="Pooled new future transaction"          hash=0x90644dc66afcee23e5055c96be559ce27aac1d6c1a86885c3a330bd4f1044318 from=0x6cd3eC01Fc3652c8160D84E8Ce2a1BbA8e265792 to=0x0000000000000000000000000000000000000000
t=2023-06-02T16:09:00+0800 lvl=trce msg="Removed old queued transactions"        count=0
t=2023-06-02T16:09:00+0800 lvl=trce msg="Removed unpayable queued transactions"  count=0
t=2023-06-02T16:09:00+0800 lvl=trce msg="Promoted queued transactions"           count=1
t=2023-06-02T16:09:00+0800 lvl=trce msg="Pooled new future transaction"          hash=0xc7f6e1b826fc47338c49be9a0bfbf2bcb43356357a8e13d95f0e97351c200d40 from=0x7628e7c918DAaf4dfbF615023fDBcF72b8479bCe to=0x0000000000000000000000000000000000000000
t=2023-06-02T16:09:00+0800 lvl=trce msg="Removed old queued transactions"        count=0
t=2023-06-02T16:09:00+0800 lvl=trce msg="Removed unpayable queued transactions"  count=0
t=2023-06-02T16:09:00+0800 lvl=trce msg="Promoted queued transactions"           count=0
t=2023-06-02T16:09:00+0800 lvl=trce msg="Pooled new future transaction"          hash=0xfaaa81eb579938eda605c6cfc0a45e9838bd958734705373ef51d2cdead7ab64 from=0xC8588256B6861cfc15391DF1B53D274b8209f5c0 to=0x0000000000000000000000000000000000000000
t=2023-06-02T16:09:00+0800 lvl=trce msg="Pooled new future transaction"          hash=0x92ca3db4a1c9dc031c3caa9995527d222349e75534b160ff2868929e7a96ad12 from=0xC8588256B6861cfc15391DF1B53D274b8209f5c0 to=0x0000000000000000000000000000000000000000
t=2023-06-02T16:09:00+0800 lvl=trce msg="Pooled new future transaction"          hash=0x7f3f1d510c50c050cee56e733b6b5eab3efad601da7f3709ff34f29954d18295 from=0xC8588256B6861cfc15391DF1B53D274b8209f5c0 to=0x0000000000000000000000000000000000000000
t=2023-06-02T16:09:00+0800 lvl=trce msg="Pooled new future transaction"          hash=0xb576cb7e1c37133bc64c9491a881b9e39b23d436d7fe52aaf3dcaa2c49c8a266 from=0x8056595A3292039cBf0a33AA1dFDB58119DDdbAE to=0x0000000000000000000000000000000000000000
t=2023-06-02T16:09:00+0800 lvl=trce msg="Pooled new future transaction"          hash=0x6e223a37c716f7806a0ba77ee5ac9b49af8b28b52f6f4d7a133197dd0c05251d from=0x52D7DdC1B94D310f24a4E67cE43388304D47A507 to=0x0000000000000000000000000000000000000000
t=2023-06-02T16:09:00+0800 lvl=trce msg="Removed old queued transactions"        count=0
t=2023-06-02T16:09:00+0800 lvl=trce msg="Removed unpayable queued transactions"  count=0
t=2023-06-02T16:09:00+0800 lvl=trce msg="Promoted queued transactions"           count=1
t=2023-06-02T16:09:00+0800 lvl=trce msg="Discarding freshly underpriced transaction" hash=0x5e6c1ce827eae75e57a96a7a5c4bb890a8209d56d82826cdcbc422f613516b7f gasTipCap=7 gasFeeCap=7
t=2023-06-02T16:09:00+0800 lvl=trce msg="Pooled new future transaction"          hash=0x186f7fa7790f16b9e88e54a858ca1559a557431bb50ee3a08aa8527acd473a7e from=0x38C0c08558855DFDBdAA2015EC8AB76b454ABCfa to=0x0000000000000000000000000000000000000000
t=2023-06-02T16:09:00+0800 lvl=trce msg="Removed old queued transactions"        count=0
t=2023-06-02T16:09:00+0800 lvl=trce msg="Removed unpayable queued transactions"  count=0
t=2023-06-02T16:09:00+0800 lvl=trce msg="Promoted queued transactions"           count=1
t=2023-06-02T16:09:00+0800 lvl=trce msg="Pooled new future transaction"          hash=0xab660bf64c14ca60b2d5d5ec904b48892902c7c800dd951065f6ef3bd8574d87 from=0x66e0851F1a162869024b4C9f6b1C4Fc5cb4832F1 to=0x0000000000000000000000000000000000000000
t=2023-06-02T16:09:00+0800 lvl=trce msg="Removed old queued transactions"        count=0
t=2023-06-02T16:09:00+0800 lvl=trce msg="Removed unpayable queued transactions"  count=0
t=2023-06-02T16:09:00+0800 lvl=trce msg="Promoted queued transactions"           count=1
t=2023-06-02T16:09:00+0800 lvl=trce msg="Pooled new future transaction"          hash=0x979bb1209e7d45b34fcc9dee07375fcdc05436a4c9184bf5a016adfa83278b91 from=0x8056595A3292039cBf0a33AA1dFDB58119DDdbAE to=0x0000000000000000000000000000000000000000
t=2023-06-02T16:09:00+0800 lvl=trce msg="Pooled new future transaction"          hash=0xf35200f900261bb280383ce0c0b4a558659ebbff231812dd38892b923771d445 from=0x8056595A3292039cBf0a33AA1dFDB58119DDdbAE to=0x0000000000000000000000000000000000000000
t=2023-06-02T16:09:00+0800 lvl=trce msg="Pooled new future transaction"          hash=0x04da59e1008298140ba137f894fc9aa4ca2e4772558d4bc11ea7b2f52a1d41ce from=0x8056595A3292039cBf0a33AA1dFDB58119DDdbAE to=0x0000000000000000000000000000000000000000
t=2023-06-02T16:09:00+0800 lvl=trce msg="Pooled new future transaction"          hash=0xbb9af8b19a27d8ddb48ede38d874d0a2b74800d8697807592b901fa4cf134eba from=0x52D7DdC1B94D310f24a4E67cE43388304D47A507 to=0x0000000000000000000000000000000000000000
t=2023-06-02T16:09:00+0800 lvl=trce msg="Removed old queued transactions"        count=0
t=2023-06-02T16:09:00+0800 lvl=trce msg="Removed unpayable queued transactions"  count=0
t=2023-06-02T16:09:00+0800 lvl=trce msg="Promoted queued transactions"           count=1
t=2023-06-02T16:09:00+0800 lvl=trce msg="Pooled new future transaction"          hash=0xb32f0e5550574489e83b6db1fd6d063f7c948017624af1ef2f372725ee3bdab6 from=0x8056595A3292039cBf0a33AA1dFDB58119DDdbAE to=0x0000000000000000000000000000000000000000
t=2023-06-02T16:09:00+0800 lvl=trce msg="Pooled new future transaction"          hash=0xc5db1336913d870059d39872e3e84205a377de746fa3b4d5062a012a747eb01b from=0x8056595A3292039cBf0a33AA1dFDB58119DDdbAE to=0x0000000000000000000000000000000000000000
t=2023-06-02T16:09:00+0800 lvl=trce msg="Pooled new future transaction"          hash=0x639676bb5f9fd7c7300ef1e816eb3858a5298815349739c7e23f112cf0983172 from=0x8056595A3292039cBf0a33AA1dFDB58119DDdbAE to=0x0000000000000000000000000000000000000000
t=2023-06-02T16:09:00+0800 lvl=trce msg="Pooled new future transaction"          hash=0x386d58bf3d96fb20b4f87762f0f3ac733f57be5b42993eccd2a9aec5aea58802 from=0x66e0851F1a162869024b4C9f6b1C4Fc5cb4832F1 to=0x0000000000000000000000000000000000000000
t=2023-06-02T16:09:00+0800 lvl=trce msg="Pooled new future transaction"          hash=0x5e7474f66a3cf0bdeefc3bf6535b09a8d077762b9ba90a0c33490e4fda33b978 from=0x8056595A3292039cBf0a33AA1dFDB58119DDdbAE to=0x0000000000000000000000000000000000000000
t=2023-06-02T16:09:00+0800 lvl=trce msg="Removed old queued transactions"        count=0
t=2023-06-02T16:09:00+0800 lvl=trce msg="Removed unpayable queued transactions"  count=0
t=2023-06-02T16:09:00+0800 lvl=trce msg="Promoted queued transactions"           count=0
t=2023-06-02T16:09:00+0800 lvl=trce msg="Pooled new future transaction"          hash=0x2a3c2793881407b21a2bbcc1db3b558bc53eacc3725b80914af920a63375ac78 from=0x8056595A3292039cBf0a33AA1dFDB58119DDdbAE to=0x0000000000000000000000000000000000000000
t=2023-06-02T16:09:00+0800 lvl=trce msg="Pooled new future transaction"          hash=0xa3efbc299961f5d3d4ac6f1b34d4026674f3ba046b64c8e3616d1815f34fee1d from=0x8056595A3292039cBf0a33AA1dFDB58119DDdbAE to=0x0000000000000000000000000000000000000000
t=2023-06-02T16:09:00+0800 lvl=trce msg="Pooled new future transaction"          hash=0x876b49f50e07a5c5e68795495f10cef61d838ba88c03a5514325b9306e8e94b5 from=0x8056595A3292039cBf0a33AA1dFDB58119DDdbAE to=0x0000000000000000000000000000000000000000
t=2023-06-02T16:09:00+0800 lvl=trce msg="Pooled new future transaction"          hash=0x581079bc39b1ec6d63a4e0c77ce212aba3e294defdb3ed5d8d3d15ffc157c4f4 from=0x8056595A3292039cBf0a33AA1dFDB58119DDdbAE to=0x0000000000000000000000000000000000000000
t=2023-06-02T16:09:00+0800 lvl=trce msg="Pooled new future transaction"          hash=0xadb0aef9b59f51e67409d557c28ae2300990525f0a6093c9f8c42377b8860dbf from=0x8056595A3292039cBf0a33AA1dFDB58119DDdbAE to=0x0000000000000000000000000000000000000000
t=2023-06-02T16:09:00+0800 lvl=trce msg="Discarding freshly underpriced transaction" hash=0x6612c104f115cb6070bfd36e985a646d2cba7952cca6232405eb76bbf9f0741c gasTipCap=8 gasFeeCap=8
t=2023-06-02T16:09:00+0800 lvl=trce msg="Pooled new future transaction"          hash=0x592304702fb17c5bdc98cc11facdde96a79e70f690be0e7cb5e58ec7a6ba5666 from=0x52D7DdC1B94D310f24a4E67cE43388304D47A507 to=0x0000000000000000000000000000000000000000
t=2023-06-02T16:09:00+0800 lvl=trce msg="Pooled new future transaction"          hash=0x7846481bfaa5d59271fe8d8d52fd118e9c50a097995b292c08ff175a1164f53a from=0xFB7eb756b3a5A12C538cc79b6d78390AdAD0D5e7 to=0x0000000000000000000000000000000000000000
t=2023-06-02T16:09:00+0800 lvl=trce msg="Pooled new future transaction"          hash=0x9846b960dc295ab48af3665b8f81cf4164f77b59e77c697757943efa00a611ff from=0x8056595A3292039cBf0a33AA1dFDB58119DDdbAE to=0x0000000000000000000000000000000000000000
t=2023-06-02T16:09:00+0800 lvl=trce msg="Pooled new future transaction"          hash=0x58b57baa0d885d5f6ef5bcc559a4c99edad56d4dbd21c3fd2cf938b6552517c1 from=0x8056595A3292039cBf0a33AA1dFDB58119DDdbAE to=0x0000000000000000000000000000000000000000
t=2023-06-02T16:09:00+0800 lvl=trce msg="Pooled new future transaction"          hash=0x7ab6cd0c2e93055ae22029b071d80933858de5e9e20bf6ce36dabc5e48e2d97d from=0x8056595A3292039cBf0a33AA1dFDB58119DDdbAE to=0x0000000000000000000000000000000000000000
t=2023-06-02T16:09:00+0800 lvl=trce msg="Pooled new future transaction"          hash=0xf53db6c11d3727311332a80054b3d591411e932c5dabbeb75d1e2f7c95f6b78f from=0x8056595A3292039cBf0a33AA1dFDB58119DDdbAE to=0x0000000000000000000000000000000000000000
t=2023-06-02T16:09:00+0800 lvl=trce msg="Removed old queued transactions"        count=0
t=2023-06-02T16:09:00+0800 lvl=trce msg="Removed unpayable queued transactions"  count=0
t=2023-06-02T16:09:00+0800 lvl=trce msg="Pooled new future transaction"          hash=0xae3432861109c3c1d7c22456df5a8bd77912043bb7bb2a3031856609669bf277 from=0x7628e7c918DAaf4dfbF615023fDBcF72b8479bCe to=0x0000000000000000000000000000000000000000
t=2023-06-02T16:09:00+0800 lvl=trce msg="Removed old queued transactions"        count=0
t=2023-06-02T16:09:00+0800 lvl=trce msg="Removed old queued transactions"        count=0
t=2023-06-02T16:09:00+0800 lvl=trce msg="Removed unpayable queued transactions"  count=0
t=2023-06-02T16:09:00+0800 lvl=trce msg="Promoted queued transactions"           count=1
t=2023-06-02T16:09:00+0800 lvl=trce msg="Pooled new future transaction"          hash=0xb507547a03c4b0b86f8110504b4d20b31bbda0592cdf40e8723c405d694f1464 from=0x8056595A3292039cBf0a33AA1dFDB58119DDdbAE to=0x0000000000000000000000000000000000000000
t=2023-06-02T16:09:00+0800 lvl=trce msg="Pooled new future transaction"          hash=0xe972fd1a63c6f6277f600d291cd7c8e6416df6d83f5e8cc177003d87137f9b17 from=0x8056595A3292039cBf0a33AA1dFDB58119DDdbAE to=0x0000000000000000000000000000000000000000
t=2023-06-02T16:09:00+0800 lvl=trce msg="Pooled new future transaction"          hash=0x56fd97559ec78ed952dce75b7232e3b746e96188e50d37f0fc88021af77d3b80 from=0x8056595A3292039cBf0a33AA1dFDB58119DDdbAE to=0x0000000000000000000000000000000000000000
t=2023-06-02T16:09:00+0800 lvl=trce msg="Pooled new future transaction"          hash=0x586babf8864badf24873665477833cab6b2ce3aa73330ec1f2d135ee417512ff from=0x8056595A3292039cBf0a33AA1dFDB58119DDdbAE to=0x0000000000000000000000000000000000000000
t=2023-06-02T16:09:00+0800 lvl=trce msg="Pooled new future transaction"          hash=0x9db502b4e77a3fbb40b5bdc00d85b9008eb78bd06fe8f23e0ca34dee3281da4e from=0x8056595A3292039cBf0a33AA1dFDB58119DDdbAE to=0x0000000000000000000000000000000000000000
t=2023-06-02T16:09:00+0800 lvl=trce msg="Pooled new future transaction"          hash=0x174c95f573d4109eccc8aebf6bfba40978dc76c44d175499715547f1d6470e14 from=0x8056595A3292039cBf0a33AA1dFDB58119DDdbAE to=0x0000000000000000000000000000000000000000
t=2023-06-02T16:09:00+0800 lvl=trce msg="Promoted queued transactions"           count=1
t=2023-06-02T16:09:00+0800 lvl=trce msg="Pooled new future transaction"          hash=0xdc71f19808208394b96350e1ce7d78ad961b8f3afeaf8e800ea1ce7417d58e58 from=0x8056595A3292039cBf0a33AA1dFDB58119DDdbAE to=0x0000000000000000000000000000000000000000
t=2023-06-02T16:09:00+0800 lvl=trce msg="Pooled new future transaction"          hash=0xdfc1c27a29df7eb57330d10b7227ec0edca58700f01e9cbdf7943b1e871e0f86 from=0x8056595A3292039cBf0a33AA1dFDB58119DDdbAE to=0x0000000000000000000000000000000000000000
t=2023-06-02T16:09:00+0800 lvl=trce msg="Removed unpayable queued transactions"  count=0
t=2023-06-02T16:09:00+0800 lvl=trce msg="Pooled new future transaction"          hash=0xe06571b1d2642058df541657beae7499de7ca5a589ed5d82bde56b2caba7691d from=0x8056595A3292039cBf0a33AA1dFDB58119DDdbAE to=0x0000000000000000000000000000000000000000
t=2023-06-02T16:09:00+0800 lvl=trce msg="Pooled new future transaction"          hash=0xccfb82e3a6ff5dc3e4cb56f7d0d02b5b7d0f5c69dd6bd501579bc5f4f654d3a9 from=0x8056595A3292039cBf0a33AA1dFDB58119DDdbAE to=0x0000000000000000000000000000000000000000
t=2023-06-02T16:09:00+0800 lvl=trce msg="Pooled new future transaction"          hash=0x4273754711b2d823b3254d4ce529d85b90e5358046fed5369a0e5e23d6dd8bb3 from=0x8056595A3292039cBf0a33AA1dFDB58119DDdbAE to=0x0000000000000000000000000000000000000000
t=2023-06-02T16:09:00+0800 lvl=trce msg="Pooled new future transaction"          hash=0x21329383044128cb5a8c7704706d7e28e0766bfc7466deb26ce2622215df58b5 from=0x8056595A3292039cBf0a33AA1dFDB58119DDdbAE to=0x0000000000000000000000000000000000000000
t=2023-06-02T16:09:00+0800 lvl=trce msg="Pooled new future transaction"          hash=0x381b2f955c3a2928a07f783d554d74dc8f756b389b6a28bf77e7770af1ad47db from=0x8056595A3292039cBf0a33AA1dFDB58119DDdbAE to=0x0000000000000000000000000000000000000000
t=2023-06-02T16:09:00+0800 lvl=trce msg="Pooled new future transaction"          hash=0xc07eaa0d0f15f3daf420e4be476a9691cabdc71a0df2556490d522f4dc98dcb8 from=0x8056595A3292039cBf0a33AA1dFDB58119DDdbAE to=0x0000000000000000000000000000000000000000
t=2023-06-02T16:09:00+0800 lvl=trce msg="Promoted queued transactions"           count=1
t=2023-06-02T16:09:00+0800 lvl=trce msg="Discarding freshly underpriced transaction" hash=0x1bd7b6d8e666d58ab3e809d866d8aa9ebbd85b668f639ac5593a1eeda6653fec gasTipCap=9 gasFeeCap=9
t=2023-06-02T16:09:00+0800 lvl=trce msg="Pooled new future transaction"          hash=0xdcd3f756ece54fa4c2df7807af968e30bc376c8c105303ca7b9f234e97cb866c from=0x329489eA4Da26eb0070fC01470A80CF9c34b35d7 to=0x0000000000000000000000000000000000000000
t=2023-06-02T16:09:00+0800 lvl=trce msg="Removed old queued transactions"        count=0
t=2023-06-02T16:09:00+0800 lvl=trce msg="Removed unpayable queued transactions"  count=0
t=2023-06-02T16:09:00+0800 lvl=trce msg="Promoted queued transactions"           count=1
t=2023-06-02T16:09:00+0800 lvl=trce msg="Pooled new future transaction"          hash=0xd82cd0239c1ff222b8784a84609fb4ed82110d7896e06b86145b172960d72ae4 from=0x8056595A3292039cBf0a33AA1dFDB58119DDdbAE to=0x0000000000000000000000000000000000000000
t=2023-06-02T16:09:00+0800 lvl=trce msg="Removed old queued transactions"        count=0
t=2023-06-02T16:09:00+0800 lvl=trce msg="Removed unpayable queued transactions"  count=0
t=2023-06-02T16:09:00+0800 lvl=trce msg="Pooled new future transaction"          hash=0x72c6c850e92416714df03a5b76da10fc0cacdffd83227953313bc97b4439a064 from=0x7628e7c918DAaf4dfbF615023fDBcF72b8479bCe to=0x0000000000000000000000000000000000000000
t=2023-06-02T16:09:00+0800 lvl=trce msg="Promoted queued transactions"           count=32
t=2023-06-02T16:09:00+0800 lvl=trce msg="Removed old queued transactions"        count=0
t=2023-06-02T16:09:00+0800 lvl=trce msg="Removed unpayable queued transactions"  count=0
t=2023-06-02T16:09:00+0800 lvl=trce msg="Promoted queued transactions"           count=0
t=2023-06-02T16:09:00+0800 lvl=trce msg="Removed old queued transactions"        count=0
t=2023-06-02T16:09:00+0800 lvl=trce msg="Removed unpayable queued transactions"  count=0
t=2023-06-02T16:09:00+0800 lvl=trce msg="Promoted queued transactions"           count=64
t=2023-06-02T16:09:00+0800 lvl=trce msg="Removed old queued transactions"        count=0
t=2023-06-02T16:09:00+0800 lvl=trce msg="Removed unpayable queued transactions"  count=0
t=2023-06-02T16:09:00+0800 lvl=trce msg="Promoted queued transactions"           count=96
t=2023-06-02T16:09:00+0800 lvl=trce msg="Removed old queued transactions"        count=0
t=2023-06-02T16:09:00+0800 lvl=trce msg="Removed unpayable queued transactions"  count=0
t=2023-06-02T16:09:00+0800 lvl=trce msg="Promoted queued transactions"           count=128
t=2023-06-02T16:09:00+0800 lvl=trce msg="Removed old queued transactions"        count=0
t=2023-06-02T16:09:00+0800 lvl=trce msg="Removed unpayable queued transactions"  count=0
t=2023-06-02T16:09:00+0800 lvl=trce msg="Discarding freshly underpriced transaction" hash=0x9bed2be0819e985a3b7e713dc646d1d5ed1a94463f0765b620263dfc75c905f7 gasTipCap=10 gasFeeCap=10
t=2023-06-02T16:09:00+0800 lvl=trce msg="Promoted queued transactions"           count=160
t=2023-06-02T16:09:00+0800 lvl=trce msg="Pooled new future transaction"          hash=0x82c3ecc00b6c4e7622b840cd8f6db85b04469da9baa185237a1fa0414cc81272 from=0xa21cBaA9360D0e363b4C4EF0edDEC58F5D069e47 to=0x0000000000000000000000000000000000000000
t=2023-06-02T16:09:00+0800 lvl=trce msg="Removed old queued transactions"        count=0
t=2023-06-02T16:09:00+0800 lvl=trce msg="Removed unpayable queued transactions"  count=0
t=2023-06-02T16:09:00+0800 lvl=trce msg="Promoted queued transactions"           count=1
t=2023-06-02T16:09:00+0800 lvl=trce msg="Pooled new future transaction"          hash=0xf3dba69bedabf4cb0064c9503d060a6229f20cf58c3fe42a22dc38f445f67d94 from=0x66e0851F1a162869024b4C9f6b1C4Fc5cb4832F1 to=0x0000000000000000000000000000000000000000
t=2023-06-02T16:09:00+0800 lvl=trce msg="Removed old queued transactions"        count=0
t=2023-06-02T16:09:00+0800 lvl=trce msg="Removed unpayable queued transactions"  count=0
t=2023-06-02T16:09:00+0800 lvl=trce msg="Promoted queued transactions"           count=1
t=2023-06-02T16:09:00+0800 lvl=trce msg="Removed fairness-exceeding pending transaction" hash=0xb34b928c1326b8ce2c533605aad54957a9b5fab11327599596f4a92482860985
t=2023-06-02T16:09:00+0800 lvl=trce msg="Removed fairness-exceeding pending transaction" hash=0xd82cd0239c1ff222b8784a84609fb4ed82110d7896e06b86145b172960d72ae4
t=2023-06-02T16:09:00+0800 lvl=trce msg="Removed fairness-exceeding pending transaction" hash=0x7f3f1d510c50c050cee56e733b6b5eab3efad601da7f3709ff34f29954d18295
t=2023-06-02T16:09:00+0800 lvl=trce msg="Removed fairness-exceeding pending transaction" hash=0x02b7fc37d143ee79eab554ab4cf98a2c86d37d5b1455cb59aace3c380fe54fa5
t=2023-06-02T16:09:00+0800 lvl=trce msg="Removed fairness-exceeding pending transaction" hash=0x2014d6800e509d68c2d1ff344404ad78dee6064c4edc05bbf4239d1b8c1b6fe4
t=2023-06-02T16:09:00+0800 lvl=trce msg="Removed fairness-exceeding pending transaction" hash=0x3de86d55d61041a777e253f48dc4a7c65740d167e642133fdfef3f05e945c930
t=2023-06-02T16:09:00+0800 lvl=trce msg="Removed fairness-exceeding pending transaction" hash=0xc07eaa0d0f15f3daf420e4be476a9691cabdc71a0df2556490d522f4dc98dcb8
t=2023-06-02T16:09:00+0800 lvl=trce msg="Removed fairness-exceeding pending transaction" hash=0x92ca3db4a1c9dc031c3caa9995527d222349e75534b160ff2868929e7a96ad12
t=2023-06-02T16:09:00+0800 lvl=trce msg="Removed fairness-exceeding pending transaction" hash=0xd12333504dd6c72ed3797e49859ac58d02118d6d219df20f5eba356ffa9b3a06
t=2023-06-02T16:09:00+0800 lvl=trce msg="Removed fairness-exceeding pending transaction" hash=0x5676cb2f8ffc1bf2f826f7d1f115db24cff4df8c16dc6215c1e1c3774a339914
t=2023-06-02T16:09:00+0800 lvl=trce msg="Removed fairness-exceeding pending transaction" hash=0x4e5fa5eada6121b1a03f9cf88910199d1285c3409f5dc216030f199699522f11
t=2023-06-02T16:09:00+0800 lvl=trce msg="Removed fairness-exceeding pending transaction" hash=0x381b2f955c3a2928a07f783d554d74dc8f756b389b6a28bf77e7770af1ad47db
t=2023-06-02T16:09:00+0800 lvl=trce msg="Removed fairness-exceeding pending transaction" hash=0xfaaa81eb579938eda605c6cfc0a45e9838bd958734705373ef51d2cdead7ab64
t=2023-06-02T16:09:00+0800 lvl=trce msg="Removed fairness-exceeding pending transaction" hash=0xe5abd1a3c3fbe269354f15b67f8049bf377975183f804119fbaab4cfec120bcc
t=2023-06-02T16:09:00+0800 lvl=trce msg="Removed fairness-exceeding pending transaction" hash=0xb06a484cb423c0960df7145e5633a0e1cd54f08c2fee779ea36735a9b6c1a8e7
t=2023-06-02T16:09:00+0800 lvl=trce msg="Removed fairness-exceeding pending transaction" hash=0x9ba2c7c3396cedc7c180c4c1c6f41fec96a5301e9451304481f8812b112e179d
t=2023-06-02T16:09:00+0800 lvl=trce msg="Pooled new future transaction"          hash=0x6a72d36a70de05f2ac9e80d257f2ef421ec514de6f93f80dfbca4994a42ed4c9 from=0x66e0851F1a162869024b4C9f6b1C4Fc5cb4832F1 to=0x0000000000000000000000000000000000000000
t=2023-06-02T16:09:00+0800 lvl=trce msg="Removed fairness-exceeding pending transaction" hash=0x21329383044128cb5a8c7704706d7e28e0766bfc7466deb26ce2622215df58b5
t=2023-06-02T16:09:00+0800 lvl=trce msg="Removed fairness-exceeding pending transaction" hash=0xa2cd8f5b73a6a25ee935e29f0e102b8a8a94cbcb9f0c440d5c1505fddcaeb34b
t=2023-06-02T16:09:00+0800 lvl=trce msg="Removed fairness-exceeding pending transaction" hash=0x032add2371aaf6aad43c36db8651e7045befda47953dd618ce471eb9e1107c89
t=2023-06-02T16:09:00+0800 lvl=trce msg="Removed fairness-exceeding pending transaction" hash=0xc4c8b0fabc2386565c3cb61edd7114158b95f58f81847176a2e7c8a15dcb7265
t=2023-06-02T16:09:00+0800 lvl=trce msg="Removed old queued transactions"        count=0
t=2023-06-02T16:09:00+0800 lvl=trce msg="Removed fairness-exceeding pending transaction" hash=0x02466488489842921b882fe9780be4db6eecf26728708cdd47fc42b702309f2c
t=2023-06-02T16:09:00+0800 lvl=trce msg="Removed unpayable queued transactions"  count=0
t=2023-06-02T16:09:00+0800 lvl=trce msg="Removed fairness-exceeding pending transaction" hash=0x4273754711b2d823b3254d4ce529d85b90e5358046fed5369a0e5e23d6dd8bb3
t=2023-06-02T16:09:00+0800 lvl=trce msg="Promoted queued transactions"           count=0
t=2023-06-02T16:09:00+0800 lvl=trce msg="Discarding freshly underpriced transaction" hash=0x33f8122da0488574519e45f1b60d0bff9eb7fe922a511d2aa970aaf284262cb5 gasTipCap=11 gasFeeCap=11
t=2023-06-02T16:09:00+0800 lvl=trce msg="Pooled new future transaction"          hash=0xbde11e405e2d46d299e0be26ff72dda5ef21d96d587575741f6ee826ea2153cd from=0x490A4A849975A4784990cbD9F18fAa66b6D15Ff9 to=0x0000000000000000000000000000000000000000
t=2023-06-02T16:09:00+0800 lvl=trce msg="Removed old queued transactions"        count=0
t=2023-06-02T16:09:00+0800 lvl=trce msg="Removed unpayable queued transactions"  count=0
t=2023-06-02T16:09:00+0800 lvl=trce msg="Promoted queued transactions"           count=1
t=2023-06-02T16:09:00+0800 lvl=trce msg="Removed fairness-exceeding pending transaction" hash=0x5ea2909b2c48278415b1d9de352dc172c6372defbc18563a7f1990157aa9606b
t=2023-06-02T16:09:00+0800 lvl=trce msg="Removed fairness-exceeding pending transaction" hash=0x5f3bb3a920e8e171d2f31c4795ab8fe9a30fd0960247d0bb5b80e04eacdd5be1
t=2023-06-02T16:09:00+0800 lvl=trce msg="Removed fairness-exceeding pending transaction" hash=0x3a35e238be04f615010f52834302a429f7b01c97f09db6526f79e7c791bfd155
t=2023-06-02T16:09:00+0800 lvl=trce msg="Removed fairness-exceeding pending transaction" hash=0x6d29981c6a5f20676c7630cb4cd1079da0264dbf126f7153718f850a518b4092
t=2023-06-02T16:09:00+0800 lvl=trce msg="Removed fairness-exceeding pending transaction" hash=0xccfb82e3a6ff5dc3e4cb56f7d0d02b5b7d0f5c69dd6bd501579bc5f4f654d3a9
t=2023-06-02T16:09:00+0800 lvl=trce msg="Removed fairness-exceeding pending transaction" hash=0x621d7ad22d43a73ebfd67fe6588dd04c820400a5d5f43fdfd3d74965a56d07d0
t=2023-06-02T16:09:00+0800 lvl=trce msg="Removed fairness-exceeding pending transaction" hash=0xe9f5d8c3930b9962a2716c6bf4f0e277b88c90aaf81e3799f27d9c7d2460ef3a
t=2023-06-02T16:09:00+0800 lvl=trce msg="Removed fairness-exceeding pending transaction" hash=0x778147de26b455d96660f4fc138af073331cb902fd5948016c5783fbe438ca71
t=2023-06-02T16:09:00+0800 lvl=trce msg="Removed fairness-exceeding pending transaction" hash=0xcc8f1b9cd0e5fafaaedc8c08b6f0e27bcda65badc5aa55d32755a007a3cdf676
t=2023-06-02T16:09:00+0800 lvl=trce msg="Removed fairness-exceeding pending transaction" hash=0xe06571b1d2642058df541657beae7499de7ca5a589ed5d82bde56b2caba7691d
t=2023-06-02T16:09:00+0800 lvl=trce msg="Discarding freshly underpriced transaction" hash=0x2046686a8787c0fbcb7c4d1c9a63b8067b2ceaa5205df827593fdf7980b4570c gasTipCap=12 gasFeeCap=12
t=2023-06-02T16:09:00+0800 lvl=trce msg="Pooled new future transaction"          hash=0xd013f8e3c4adb05976d4ca275ca4c13c7d03838fde47ccb953b54cb493e887ce from=0xf3737c27E8d5425ca7a22278669a7Ab82b22b1Bf to=0x0000000000000000000000000000000000000000
t=2023-06-02T16:09:00+0800 lvl=trce msg="Removed old queued transactions"        count=0
t=2023-06-02T16:09:00+0800 lvl=trce msg="Removed unpayable queued transactions"  count=0
t=2023-06-02T16:09:00+0800 lvl=trce msg="Promoted queued transactions"           count=1
t=2023-06-02T16:09:00+0800 lvl=trce msg="Pooled new future transaction"          hash=0x9c8a23be377e103931df4a3a8de5688bf2d3edcc26ca45419649d3580427f174 from=0x7628e7c918DAaf4dfbF615023fDBcF72b8479bCe to=0x0000000000000000000000000000000000000000
t=2023-06-02T16:09:00+0800 lvl=trce msg="Removed old queued transactions"        count=0
t=2023-06-02T16:09:00+0800 lvl=trce msg="Removed unpayable queued transactions"  count=0
t=2023-06-02T16:09:00+0800 lvl=trce msg="Promoted queued transactions"           count=1
t=2023-06-02T16:09:00+0800 lvl=trce msg="Removed fairness-exceeding pending transaction" hash=0xa56eac12d3d9c1b0bae1187867b8729f8b6ec6639c8137da7901d1de9af7d57a
t=2023-06-02T16:09:00+0800 lvl=trce msg="Removed fairness-exceeding pending transaction" hash=0xf33715fdd8e3a3b83e55c7f4457cff310e8e04dea9c48f13d4e4a5328a427c02
t=2023-06-02T16:09:00+0800 lvl=trce msg="Removed fairness-exceeding pending transaction" hash=0x7812e163da400c217d44c76fdd96379e8a411a4fe042e66120e32c098af4b0c9
t=2023-06-02T16:09:00+0800 lvl=trce msg="Removed fairness-exceeding pending transaction" hash=0xef4df67a2b83fbfa77ac826e6e17f95114720b6a7cfef46e1366589edfc154d3
t=2023-06-02T16:09:00+0800 lvl=trce msg="Removed fairness-exceeding pending transaction" hash=0xdfc1c27a29df7eb57330d10b7227ec0edca58700f01e9cbdf7943b1e871e0f86
t=2023-06-02T16:09:00+0800 lvl=trce msg="Removed fairness-exceeding pending transaction" hash=0x7ee57603a4b29a3d3af97b45d9e10a178f5ed5d09698ed88d0645f1548419fa1
t=2023-06-02T16:09:00+0800 lvl=trce msg="Removed fairness-exceeding pending transaction" hash=0x2143425a9e5c8f7720ae69e1ad5b7c21ea5c65b661b8bad3c67b3da3b066d3b0
t=2023-06-02T16:09:00+0800 lvl=trce msg="Removed fairness-exceeding pending transaction" hash=0x83311e2d6cd53bbae9235ea6712d23d7b8ba8646d9fe3c735b8063b3f1f8a7c8
t=2023-06-02T16:09:00+0800 lvl=trce msg="Removed fairness-exceeding pending transaction" hash=0x5aa823724cec5a7710df327d96741f46f5283f1892d6d9cf0117b5f3e9109fa7
t=2023-06-02T16:09:00+0800 lvl=trce msg="Removed fairness-exceeding pending transaction" hash=0xdc71f19808208394b96350e1ce7d78ad961b8f3afeaf8e800ea1ce7417d58e58
t=2023-06-02T16:09:00+0800 lvl=trce msg="Removed fairness-exceeding pending transaction" hash=0xc7412be2f3a9529d3d04b66a47e6cb09781acf9ee91360bfc8738576f5754970
t=2023-06-02T16:09:00+0800 lvl=trce msg="Removed fairness-exceeding pending transaction" hash=0x6c9c06e5034975412d76e9f3211e6f60f5a3669b3bef2e849a658b9f3fa219a6
t=2023-06-02T16:09:00+0800 lvl=trce msg="Removed fairness-exceeding pending transaction" hash=0xe1edb7698d1fa5a31ff6d05127af13ee0fa3fc7116fbf4ba2504511a3aa2fdc1
t=2023-06-02T16:09:00+0800 lvl=trce msg="Discarding freshly underpriced transaction" hash=0x1a7fe0ad24342aa77a32d399801ed68a436bc87b7b94e22b254800deb5e1485e gasTipCap=13 gasFeeCap=13
t=2023-06-02T16:09:00+0800 lvl=trce msg="Pooled new future transaction"          hash=0x1da350962dbfbc3013217ddf1e1bf2bb8caf706c751c63274c3fb55dcff42d01 from=0x7628e7c918DAaf4dfbF615023fDBcF72b8479bCe to=0x0000000000000000000000000000000000000000
t=2023-06-02T16:09:00+0800 lvl=trce msg="Removed old queued transactions"        count=0
t=2023-06-02T16:09:00+0800 lvl=trce msg="Removed unpayable queued transactions"  count=0
t=2023-06-02T16:09:00+0800 lvl=trce msg="Promoted queued transactions"           count=0
t=2023-06-02T16:09:00+0800 lvl=trce msg="Pooled new future transaction"          hash=0xb841c8f5963a8af9c8be3138f9c03eb8acceaf6ed32fb7331e9c43da70802729 from=0x514d5a8142b3c9A2614D5209373385159385DE47 to=0x0000000000000000000000000000000000000000
t=2023-06-02T16:09:00+0800 lvl=trce msg="Removed old queued transactions"        count=0
t=2023-06-02T16:09:00+0800 lvl=trce msg="Removed unpayable queued transactions"  count=0
t=2023-06-02T16:09:00+0800 lvl=trce msg="Promoted queued transactions"           count=1
t=2023-06-02T16:09:00+0800 lvl=trce msg="Removed fairness-exceeding pending transaction" hash=0x864ebe67a8fb48934742a2bbea6bd6270c23bcfbf5b004b98b33c160f7fa3e5a
t=2023-06-02T16:09:00+0800 lvl=trce msg="Removed fairness-exceeding pending transaction" hash=0x174c95f573d4109eccc8aebf6bfba40978dc76c44d175499715547f1d6470e14
t=2023-06-02T16:09:00+0800 lvl=trce msg="Removed fairness-exceeding pending transaction" hash=0x66053fcc63f6da9c347796fc8f83b952f346c4db9468a0bd48d15f32157d17cf
t=2023-06-02T16:09:00+0800 lvl=trce msg="Removed fairness-exceeding pending transaction" hash=0x2615f3e10866dd873a22aa0088d289019808c7e8d215e401e873a596d53aa699
t=2023-06-02T16:09:00+0800 lvl=trce msg="Removed fairness-exceeding pending transaction" hash=0xfc475ce85a1a0655d3814c04a14c37138b396ffb14962bdc5c0def5d53500075
t=2023-06-02T16:09:00+0800 lvl=trce msg="Removed fairness-exceeding pending transaction" hash=0x3d5b0d33a47081e5ba619eed355780e3c8be1ec8c40a03b8c7555c1f7ebc1695
t=2023-06-02T16:09:00+0800 lvl=trce msg="Removed fairness-exceeding pending transaction" hash=0x9db502b4e77a3fbb40b5bdc00d85b9008eb78bd06fe8f23e0ca34dee3281da4e
t=2023-06-02T16:09:00+0800 lvl=trce msg="Removed fairness-exceeding pending transaction" hash=0x05f69a9816953d71fd5fd358fc2d5514c9f073b1c98629e7b67be80d15207431
t=2023-06-02T16:09:00+0800 lvl=trce msg="Removed fairness-exceeding pending transaction" hash=0xe090f550af1433c244e79e2ee2e42dbe45c53859d9e64490d2c585669ffafb66
t=2023-06-02T16:09:00+0800 lvl=trce msg="Removed fairness-exceeding pending transaction" hash=0xe7b7cc1e7d02fe0a24bf02bd2786bfcea8a3473bcc2ff9c4cef4fbc1e8ce8ad2
t=2023-06-02T16:09:00+0800 lvl=trce msg="Removed fairness-exceeding pending transaction" hash=0xc4ae608779826baf347e79293e44cd3978a72d1e5ba6106010c26fa90ae0b334
t=2023-06-02T16:09:00+0800 lvl=trce msg="Removed fairness-exceeding pending transaction" hash=0x586babf8864badf24873665477833cab6b2ce3aa73330ec1f2d135ee417512ff
t=2023-06-02T16:09:00+0800 lvl=trce msg="Removed fairness-exceeding pending transaction" hash=0xf032298dbbf5669770716659a190024067663c76939701d54b3d50ce7d368454
t=2023-06-02T16:09:00+0800 lvl=trce msg="Removed fairness-exceeding pending transaction" hash=0x2244cfbd2ce0147e1a8b1b6844bb68427f5cc874c2323a7bfa95e3522426f19e
t=2023-06-02T16:09:00+0800 lvl=trce msg="Removed fairness-exceeding pending transaction" hash=0x34919b2da54855fb06b4e844b31de84796510dec4aa7a79a33b5b0486179e4aa
t=2023-06-02T16:09:00+0800 lvl=trce msg="Removed fairness-exceeding pending transaction" hash=0xe32b65ba67e5152391f24aae458dfebacae1b6816ce0a15b8c318638994e8319
t=2023-06-02T16:09:00+0800 lvl=trce msg="Removed fairness-exceeding pending transaction" hash=0x56fd97559ec78ed952dce75b7232e3b746e96188e50d37f0fc88021af77d3b80
t=2023-06-02T16:09:00+0800 lvl=trce msg="Removed fairness-exceeding pending transaction" hash=0x7312e680e359db7d269bea76edaf4650172497a6a71ef41966056f78c0f833d4
t=2023-06-02T16:09:00+0800 lvl=trce msg="Removed fairness-exceeding pending transaction" hash=0x24ddd004c9d2b437c0bc05b29b64e94ea7b4358f5639d5481d84299098925f19
t=2023-06-02T16:09:00+0800 lvl=trce msg="Removed fairness-exceeding pending transaction" hash=0x991a26e16e09a191914ba5e97927915640c8e5b0999496d2cf0b9ade66979dd7
t=2023-06-02T16:09:00+0800 lvl=trce msg="Removed fairness-exceeding pending transaction" hash=0x87b1e29a2231bf0ed50e109005d79c155a1ef1ccdeaf6c68eb32d5d631be8ccf
t=2023-06-02T16:09:00+0800 lvl=trce msg="Removed fairness-exceeding pending transaction" hash=0xe972fd1a63c6f6277f600d291cd7c8e6416df6d83f5e8cc177003d87137f9b17
t=2023-06-02T16:09:00+0800 lvl=trce msg="Pooled new future transaction"          hash=0xde431d6b5ff76e8300e532935a3810cf47e288dccbcc81f717d1152f09267fa9 from=0x66e0851F1a162869024b4C9f6b1C4Fc5cb4832F1 to=0x0000000000000000000000000000000000000000
t=2023-06-02T16:09:00+0800 lvl=trce msg="Discarding freshly underpriced transaction" hash=0xd39cf737ee1903ca0d32c1e0779ec75a1449fcec3bd7f1e58e585c212cfb0673 gasTipCap=14 gasFeeCap=14
t=2023-06-02T16:09:00+0800 lvl=trce msg="Removed fairness-exceeding pending transaction" hash=0x7b7286024a172e26f200b2c05f8da7b7975fab5e017b96ae397b929eb42fef0e
t=2023-06-02T16:09:00+0800 lvl=trce msg="Removed fairness-exceeding pending transaction" hash=0xdd872f1704f66f2753c506afa3d19974ecb20eb8ccc31a4bb82047971189dacd
t=2023-06-02T16:09:00+0800 lvl=trce msg="Removed fairness-exceeding pending transaction" hash=0x208e3a96c6d88b927dc9ab6d74889b2fa4cad3ae3b12e5f00e456ab5b0193e12
t=2023-06-02T16:09:00+0800 lvl=trce msg="Removed fairness-exceeding pending transaction" hash=0x3a81eab7902666b57024fedf9dc769c37bae006a0835b7cb97d7df9d9b51fb55
t=2023-06-02T16:09:00+0800 lvl=trce msg="Removed fairness-exceeding pending transaction" hash=0xb507547a03c4b0b86f8110504b4d20b31bbda0592cdf40e8723c405d694f1464
t=2023-06-02T16:09:00+0800 lvl=trce msg="Removed fairness-exceeding pending transaction" hash=0x9b5d98188a64d333b6bb23350f9f4d1651a9cb313c10d3f5c67b73666e35256f
t=2023-06-02T16:09:00+0800 lvl=trce msg="Removed fairness-exceeding pending transaction" hash=0xab0a69028cf847bc9c67f114fd17c35e9098e360eeec8d91ef1c85a0209abb52
t=2023-06-02T16:09:00+0800 lvl=trce msg="Removed old queued transactions"        count=0
t=2023-06-02T16:09:00+0800 lvl=trce msg="Removed unpayable queued transactions"  count=0
t=2023-06-02T16:09:00+0800 lvl=trce msg="Promoted queued transactions"           count=1
t=2023-06-02T16:09:00+0800 lvl=trce msg="Pooled new future transaction"          hash=0x35d0b413c9fc1d6e9bee5f475789f797ed4ab66764313823e2aae6b04675d1de from=0xf43cF8625bB12b58d1da284cF9448eb9c9db4616 to=0x0000000000000000000000000000000000000000
t=2023-06-02T16:09:00+0800 lvl=trce msg="Removed old queued transactions"        count=0
t=2023-06-02T16:09:00+0800 lvl=trce msg="Removed unpayable queued transactions"  count=0
t=2023-06-02T16:09:00+0800 lvl=trce msg="Promoted queued transactions"           count=1
t=2023-06-02T16:09:00+0800 lvl=trce msg="Removed fairness-exceeding pending transaction" hash=0x5597f1256e78bfa813c1285b335c32826a260d7e6ff47cb3f24ed81c8552604c
t=2023-06-02T16:09:00+0800 lvl=trce msg="Removed fairness-exceeding pending transaction" hash=0x29cf2a97b1a948566428fec27c233a7a9eccf8de2c2325e07316b4151b48723e
t=2023-06-02T16:09:00+0800 lvl=trce msg="Removed fairness-exceeding pending transaction" hash=0xf53db6c11d3727311332a80054b3d591411e932c5dabbeb75d1e2f7c95f6b78f
t=2023-06-02T16:09:00+0800 lvl=trce msg="Removed fairness-exceeding pending transaction" hash=0x3fe361aacbe97eea56c20500294d5338c24bfc8cd57ffc7474bb6aba80ff0e41
t=2023-06-02T16:09:00+0800 lvl=trce msg="Removed fairness-exceeding pending transaction" hash=0xd68153833e10ddc78f011e7aba90f87577332ae44b41ca7381c02c02be848ef9
t=2023-06-02T16:09:00+0800 lvl=trce msg="Removed fairness-exceeding pending transaction" hash=0xfbe524b0e0af3916a66db350909a7025e397802fe5ca667988174ec9fa328c6b
t=2023-06-02T16:09:00+0800 lvl=trce msg="Pooled new future transaction"          hash=0x758a7c270ea3583017029f658b6f7e8b26340ec0528b63e14a7013fcb5a8f209 from=0x66e0851F1a162869024b4C9f6b1C4Fc5cb4832F1 to=0x0000000000000000000000000000000000000000
t=2023-06-02T16:09:00+0800 lvl=info msg="Transaction pool stopped"
--- PASS: TestTransactionPendingMinimumAllowance (0.04s)
=== CONT  TestTransactionQueueAccountLimiting
t=2023-06-02T16:09:00+0800 lvl=trce msg="Removed old queued transactions"        count=0
t=2023-06-02T16:09:00+0800 lvl=trce msg="Removed unpayable queued transactions"  count=0
t=2023-06-02T16:09:00+0800 lvl=trce msg="Promoted queued transactions"           count=0
t=2023-06-02T16:09:00+0800 lvl=trce msg="Discarding freshly underpriced transaction" hash=0x5d0992f53e876101b6bde6f1d0b015918259ec52aa713f65ba1e53913f19bf8e gasTipCap=15 gasFeeCap=15
t=2023-06-02T16:09:00+0800 lvl=trce msg="Pooled new future transaction"          hash=0xaf36b03eb618f66b7c6b58d6dc830142fb264b1a6b34faa98fca58b46ab8bd91 from=0x04F1B591D48bB8dD9f354fF62aD4720e9Ba09EAa to=0x0000000000000000000000000000000000000000
t=2023-06-02T16:09:00+0800 lvl=dbug msg="Reinjecting stale transactions"         count=0
t=2023-06-02T16:09:00+0800 lvl=trce msg="Removed old queued transactions"        count=0
t=2023-06-02T16:09:00+0800 lvl=trce msg="Removed unpayable queued transactions"  count=0
t=2023-06-02T16:09:00+0800 lvl=trce msg="Promoted queued transactions"           count=1
t=2023-06-02T16:09:00+0800 lvl=trce msg="Pooled new future transaction"          hash=0x382c55a8ca43d9a564d2e8841dd4457ab5d9a7ed16b4528a9c74004174169050 from=0x7628e7c918DAaf4dfbF615023fDBcF72b8479bCe to=0x0000000000000000000000000000000000000000
t=2023-06-02T16:09:00+0800 lvl=trce msg="Removed old queued transactions"        count=0
t=2023-06-02T16:09:00+0800 lvl=trce msg="Removed unpayable queued transactions"  count=0
t=2023-06-02T16:09:00+0800 lvl=trce msg="Promoted queued transactions"           count=1
t=2023-06-02T16:09:00+0800 lvl=trce msg="Pooled new future transaction"          hash=0x1f531cb7b87f33b3fb5ad0934579b2e622fce4d591e91be5d58361d76131c3a7 from=0xaFF837A9D4D0F8b9cdB55F4a9AC0d0fC0d797bc6 to=0x0000000000000000000000000000000000000000
t=2023-06-02T16:09:00+0800 lvl=trce msg="Removed old queued transactions"        count=0
t=2023-06-02T16:09:00+0800 lvl=trce msg="Removed unpayable queued transactions"  count=0
t=2023-06-02T16:09:00+0800 lvl=trce msg="Promoted queued transactions"           count=0
t=2023-06-02T16:09:00+0800 lvl=trce msg="Pooled new future transaction"          hash=0x3f0f8093fb7163263d784bf05ca821fd1b87415ec9553c313f685fcd3003efa2 from=0x7628e7c918DAaf4dfbF615023fDBcF72b8479bCe to=0x0000000000000000000000000000000000000000
t=2023-06-02T16:09:00+0800 lvl=trce msg="Removed old queued transactions"        count=0
t=2023-06-02T16:09:00+0800 lvl=trce msg="Removed unpayable queued transactions"  count=0
t=2023-06-02T16:09:00+0800 lvl=trce msg="Promoted queued transactions"           count=0
t=2023-06-02T16:09:00+0800 lvl=trce msg="Pooled new future transaction"          hash=0xc591f9b0a21f379a2b14e4bb39f5793c3213a1ef8098e54a59246ba5db36bdd6 from=0xaFF837A9D4D0F8b9cdB55F4a9AC0d0fC0d797bc6 to=0x0000000000000000000000000000000000000000
t=2023-06-02T16:09:00+0800 lvl=trce msg="Discarding freshly underpriced transaction" hash=0x7b42a165bf6b642b8f437b1d4427240581dc1e037b8336ffecc42cf7324ad5a1 gasTipCap=16 gasFeeCap=16
t=2023-06-02T16:09:00+0800 lvl=trce msg="Removed old queued transactions"        count=0
t=2023-06-02T16:09:00+0800 lvl=trce msg="Removed unpayable queued transactions"  count=0
t=2023-06-02T16:09:00+0800 lvl=trce msg="Promoted queued transactions"           count=0
t=2023-06-02T16:09:00+0800 lvl=trce msg="Pooled new future transaction"          hash=0x719898cb352ee2570fc2a0e4333d5599c5d93a9dd8fe639fb43070324163d9c5 from=0x3F2Dc8b7c5741D134E6Bef143e3F35829C7C5be6 to=0x0000000000000000000000000000000000000000
t=2023-06-02T16:09:00+0800 lvl=trce msg="Removed old queued transactions"        count=0
t=2023-06-02T16:09:00+0800 lvl=trce msg="Removed unpayable queued transactions"  count=0
t=2023-06-02T16:09:00+0800 lvl=trce msg="Promoted queued transactions"           count=1
t=2023-06-02T16:09:00+0800 lvl=trce msg="Pooled new future transaction"          hash=0x64e7824a10ae0c337f5b893b37a387247d6bcdc46ba981c1ff2a4fed40d71844 from=0x66e0851F1a162869024b4C9f6b1C4Fc5cb4832F1 to=0x0000000000000000000000000000000000000000
t=2023-06-02T16:09:00+0800 lvl=trce msg="Pooled new future transaction"          hash=0xcc3a4f7b479c96de46099a528792a48da75244ea533a3471fc5d0426a9bb9415 from=0xaFF837A9D4D0F8b9cdB55F4a9AC0d0fC0d797bc6 to=0x0000000000000000000000000000000000000000
t=2023-06-02T16:09:00+0800 lvl=trce msg="Removed old queued transactions"        count=0
t=2023-06-02T16:09:00+0800 lvl=trce msg="Removed unpayable queued transactions"  count=0
t=2023-06-02T16:09:00+0800 lvl=trce msg="Removed old queued transactions"        count=0
t=2023-06-02T16:09:00+0800 lvl=trce msg="Discarding freshly underpriced transaction" hash=0x7ca557655bd957ebeb4e2eeb49588ef717c07ed7373ea5c3f8e5b8ab996ed579 gasTipCap=17 gasFeeCap=17
t=2023-06-02T16:09:00+0800 lvl=trce msg="Removed unpayable queued transactions"  count=0
t=2023-06-02T16:09:00+0800 lvl=trce msg="Pooled new future transaction"          hash=0x4d8f7633701e780488c5e12ef7854f562fdc1afba2edc9c35fc7f512205f713b from=0xc5E6162Fec6D666326fd008857B0D35E7d4926D0 to=0x0000000000000000000000000000000000000000
t=2023-06-02T16:09:00+0800 lvl=trce msg="Removed old queued transactions"        count=0
t=2023-06-02T16:09:00+0800 lvl=trce msg="Removed unpayable queued transactions"  count=0
t=2023-06-02T16:09:00+0800 lvl=trce msg="Promoted queued transactions"           count=1
t=2023-06-02T16:09:00+0800 lvl=trce msg="Promoted queued transactions"           count=0
t=2023-06-02T16:09:00+0800 lvl=trce msg="Promoted queued transactions"           count=1
t=2023-06-02T16:09:00+0800 lvl=trce msg="Pooled new future transaction"          hash=0x0edba03bd180b94945cecd46ea7341763fff1131f2ba13f4ef052c69da130d58 from=0xaFF837A9D4D0F8b9cdB55F4a9AC0d0fC0d797bc6 to=0x0000000000000000000000000000000000000000
t=2023-06-02T16:09:00+0800 lvl=trce msg="Removed old queued transactions"        count=0
t=2023-06-02T16:09:00+0800 lvl=trce msg="Removed unpayable queued transactions"  count=0
t=2023-06-02T16:09:00+0800 lvl=trce msg="Promoted queued transactions"           count=0
t=2023-06-02T16:09:00+0800 lvl=trce msg="Discarding freshly underpriced transaction" hash=0xce543a4eacde4d23fa94f1a016c53755b99c86c00ec00b716b3764d8978bcf4c gasTipCap=18 gasFeeCap=18
t=2023-06-02T16:09:00+0800 lvl=trce msg="Pooled new future transaction"          hash=0x64aab05f06e45ebc547c6409e64632e360a99d97f89f2603450940a7804f281c from=0x66e0851F1a162869024b4C9f6b1C4Fc5cb4832F1 to=0x0000000000000000000000000000000000000000
t=2023-06-02T16:09:00+0800 lvl=trce msg="Removed old queued transactions"        count=0
t=2023-06-02T16:09:00+0800 lvl=trce msg="Removed unpayable queued transactions"  count=0
t=2023-06-02T16:09:00+0800 lvl=trce msg="Promoted queued transactions"           count=0
t=2023-06-02T16:09:00+0800 lvl=trce msg="Pooled new future transaction"          hash=0xe50ba4823dbe7430602a27567dc9b26cffea83cd9c6e6a4886d958ef1a717739 from=0x62329849fB91c832248c2d6BDA711be5A23b9974 to=0x0000000000000000000000000000000000000000
t=2023-06-02T16:09:00+0800 lvl=trce msg="Removed old queued transactions"        count=0
t=2023-06-02T16:09:00+0800 lvl=trce msg="Removed unpayable queued transactions"  count=0
t=2023-06-02T16:09:00+0800 lvl=trce msg="Promoted queued transactions"           count=1
t=2023-06-02T16:09:00+0800 lvl=trce msg="Pooled new future transaction"          hash=0x9afc43b6ec60bec8d16998a102ae1c85d3817d28c46b9d0c124a4939cd169fe9 from=0xaFF837A9D4D0F8b9cdB55F4a9AC0d0fC0d797bc6 to=0x0000000000000000000000000000000000000000
t=2023-06-02T16:09:00+0800 lvl=trce msg="Removed old queued transactions"        count=0
t=2023-06-02T16:09:00+0800 lvl=trce msg="Removed unpayable queued transactions"  count=0
t=2023-06-02T16:09:00+0800 lvl=trce msg="Promoted queued transactions"           count=0
t=2023-06-02T16:09:00+0800 lvl=trce msg="Pooled new future transaction"          hash=0xa3dfc09428df1617388e6b236d7bd4879fc46bb29cb4e7ff7c5a8d97db27d770 from=0x7628e7c918DAaf4dfbF615023fDBcF72b8479bCe to=0x0000000000000000000000000000000000000000
t=2023-06-02T16:09:00+0800 lvl=trce msg="Removed old queued transactions"        count=0
t=2023-06-02T16:09:00+0800 lvl=trce msg="Removed unpayable queued transactions"  count=0
t=2023-06-02T16:09:00+0800 lvl=trce msg="Promoted queued transactions"           count=1
t=2023-06-02T16:09:00+0800 lvl=trce msg="Discarding freshly underpriced transaction" hash=0x20c2df4812fb33c84fc93e490d21dd251f3c63c2d5d254560324efbb2244d568 gasTipCap=19 gasFeeCap=19
t=2023-06-02T16:09:00+0800 lvl=trce msg="Pooled new future transaction"          hash=0xac616b8ee9d887ef29e18547924a3aa6b14eda78008ec9baf70d7787404c013b from=0x74cB74d03f5DeA08fC21e5b31921a0Cc806F176D to=0x0000000000000000000000000000000000000000
t=2023-06-02T16:09:00+0800 lvl=trce msg="Pooled new future transaction"          hash=0xd18f548ed77671dc676243f9d15a004b7eefef4d722cfd96f7721f515550b491 from=0xaFF837A9D4D0F8b9cdB55F4a9AC0d0fC0d797bc6 to=0x0000000000000000000000000000000000000000
t=2023-06-02T16:09:00+0800 lvl=trce msg="Removed old queued transactions"        count=0
t=2023-06-02T16:09:00+0800 lvl=trce msg="Pooled new future transaction"          hash=0x7fc33111c71a57790f0b7babac40d43d813c7c4149e05fc9278464bf7600f84b from=0x7628e7c918DAaf4dfbF615023fDBcF72b8479bCe to=0x0000000000000000000000000000000000000000
t=2023-06-02T16:09:00+0800 lvl=trce msg="Removed old queued transactions"        count=0
t=2023-06-02T16:09:00+0800 lvl=trce msg="Removed unpayable queued transactions"  count=0
t=2023-06-02T16:09:00+0800 lvl=trce msg="Promoted queued transactions"           count=0
t=2023-06-02T16:09:00+0800 lvl=trce msg="Removed old queued transactions"        count=0
t=2023-06-02T16:09:00+0800 lvl=trce msg="Removed unpayable queued transactions"  count=0
t=2023-06-02T16:09:00+0800 lvl=trce msg="Promoted queued transactions"           count=1
t=2023-06-02T16:09:00+0800 lvl=trce msg="Removed unpayable queued transactions"  count=0
t=2023-06-02T16:09:00+0800 lvl=trce msg="Promoted queued transactions"           count=0
t=2023-06-02T16:09:00+0800 lvl=trce msg="Pooled new future transaction"          hash=0x6a19fdc13a26cb28a025b23ef3a1d3a0dba416f4ce1414b3fe2c471f2536d56d from=0x66e0851F1a162869024b4C9f6b1C4Fc5cb4832F1 to=0x0000000000000000000000000000000000000000
t=2023-06-02T16:09:00+0800 lvl=trce msg="Removed old queued transactions"        count=0
t=2023-06-02T16:09:00+0800 lvl=trce msg="Removed unpayable queued transactions"  count=0
t=2023-06-02T16:09:00+0800 lvl=trce msg="Promoted queued transactions"           count=1
t=2023-06-02T16:09:00+0800 lvl=trce msg="Pooled new future transaction"          hash=0xa67fb638dcd33613e0357a548f7d0f0697a8c0538574890738d697a8bd50f2a4 from=0xaFF837A9D4D0F8b9cdB55F4a9AC0d0fC0d797bc6 to=0x0000000000000000000000000000000000000000
t=2023-06-02T16:09:00+0800 lvl=trce msg="Removed old queued transactions"        count=0
t=2023-06-02T16:09:00+0800 lvl=trce msg="Removed unpayable queued transactions"  count=0
t=2023-06-02T16:09:00+0800 lvl=trce msg="Promoted queued transactions"           count=0
t=2023-06-02T16:09:00+0800 lvl=trce msg="Discarding freshly underpriced transaction" hash=0x6ffa19e7463fa9231fa79998c571dd100b18ebdf94a63651c412feaf61496dee gasTipCap=20 gasFeeCap=20
t=2023-06-02T16:09:00+0800 lvl=trce msg="Pooled new future transaction"          hash=0x5e84412e532711b6e6b4576f7803bbd69f3d44e4da1bea43178b7e9898675bae from=0xD2Be86bAe105C0D77A086935bB7AfaA73D5d083f to=0x0000000000000000000000000000000000000000
t=2023-06-02T16:09:00+0800 lvl=trce msg="Removed old queued transactions"        count=0
t=2023-06-02T16:09:00+0800 lvl=trce msg="Removed unpayable queued transactions"  count=0
t=2023-06-02T16:09:00+0800 lvl=trce msg="Pooled new future transaction"          hash=0xf9a246813c929391ab16f0a7bd34e4b1716505c8e281c0192d0c1a7efe8e9b5b from=0x66e0851F1a162869024b4C9f6b1C4Fc5cb4832F1 to=0x0000000000000000000000000000000000000000
t=2023-06-02T16:09:00+0800 lvl=trce msg="Removed old queued transactions"        count=0
t=2023-06-02T16:09:00+0800 lvl=trce msg="Removed unpayable queued transactions"  count=0
t=2023-06-02T16:09:00+0800 lvl=trce msg="Promoted queued transactions"           count=0
t=2023-06-02T16:09:00+0800 lvl=trce msg="Pooled new future transaction"          hash=0x86d9e434b9cd031c31695e9ae20c12eb83820be8c98320cff097ce53ef921dce from=0xaFF837A9D4D0F8b9cdB55F4a9AC0d0fC0d797bc6 to=0x0000000000000000000000000000000000000000
t=2023-06-02T16:09:00+0800 lvl=trce msg="Removed old queued transactions"        count=0
t=2023-06-02T16:09:00+0800 lvl=trce msg="Promoted queued transactions"           count=1
t=2023-06-02T16:09:00+0800 lvl=trce msg="Removed unpayable queued transactions"  count=0
t=2023-06-02T16:09:00+0800 lvl=trce msg="Promoted queued transactions"           count=0
t=2023-06-02T16:09:00+0800 lvl=trce msg="Pooled new future transaction"          hash=0x17e156bfb89911e1a9a712953c4d8244f86462d3e303b48dbc43f2cd675baf55 from=0x7628e7c918DAaf4dfbF615023fDBcF72b8479bCe to=0x0000000000000000000000000000000000000000
t=2023-06-02T16:09:00+0800 lvl=trce msg="Removed old queued transactions"        count=0
t=2023-06-02T16:09:00+0800 lvl=trce msg="Removed unpayable queued transactions"  count=0
t=2023-06-02T16:09:00+0800 lvl=trce msg="Promoted queued transactions"           count=1
t=2023-06-02T16:09:00+0800 lvl=trce msg="Pooled new future transaction"          hash=0x75968f2ea23a9c14090d91e04f224068d19f6407098fcb134148ff8dcb7d7113 from=0xaFF837A9D4D0F8b9cdB55F4a9AC0d0fC0d797bc6 to=0x0000000000000000000000000000000000000000
t=2023-06-02T16:09:00+0800 lvl=trce msg="Discarding freshly underpriced transaction" hash=0x77720d2af764a7685a2e8cc02680bc7015f8bfd738975c6775eeaa3234bcc4f5 gasTipCap=1  gasFeeCap=101
t=2023-06-02T16:09:00+0800 lvl=trce msg="Removed old queued transactions"        count=0
t=2023-06-02T16:09:00+0800 lvl=trce msg="Pooled new future transaction"          hash=0xc442f732abf6584b2835df0e05e529aafa08412bec3dca7fb58783252dd44ea2 from=0x5F55A743266F0Bfe0eD7ee709A74634891AF6141 to=0x0000000000000000000000000000000000000000
t=2023-06-02T16:09:00+0800 lvl=trce msg="Pooled new future transaction"          hash=0xb74b6c2f7248e307b7e7d9e73a14242e64d6a5c6c24170cedc359f31ff70ea2e from=0x7628e7c918DAaf4dfbF615023fDBcF72b8479bCe to=0x0000000000000000000000000000000000000000
t=2023-06-02T16:09:00+0800 lvl=trce msg="Removed old queued transactions"        count=0
t=2023-06-02T16:09:00+0800 lvl=trce msg="Removed unpayable queued transactions"  count=0
t=2023-06-02T16:09:00+0800 lvl=trce msg="Promoted queued transactions"           count=0
t=2023-06-02T16:09:00+0800 lvl=trce msg="Removed old queued transactions"        count=0
t=2023-06-02T16:09:00+0800 lvl=trce msg="Removed unpayable queued transactions"  count=0
t=2023-06-02T16:09:00+0800 lvl=trce msg="Promoted queued transactions"           count=1
t=2023-06-02T16:09:00+0800 lvl=trce msg="Removed unpayable queued transactions"  count=0
t=2023-06-02T16:09:00+0800 lvl=trce msg="Promoted queued transactions"           count=0
t=2023-06-02T16:09:00+0800 lvl=trce msg="Pooled new future transaction"          hash=0x0806c4c18b05cf471c5e3acda8044a23c6a92945fb85dc6c0504c75c88f68230 from=0x66e0851F1a162869024b4C9f6b1C4Fc5cb4832F1 to=0x0000000000000000000000000000000000000000
t=2023-06-02T16:09:00+0800 lvl=trce msg="Removed old queued transactions"        count=0
t=2023-06-02T16:09:00+0800 lvl=trce msg="Pooled new future transaction"          hash=0xf8072074c2abe0236c034d41d761686929996693531bd0e53462f798ecb37a55 from=0xaFF837A9D4D0F8b9cdB55F4a9AC0d0fC0d797bc6 to=0x0000000000000000000000000000000000000000
t=2023-06-02T16:09:00+0800 lvl=trce msg="Discarding freshly underpriced transaction" hash=0x9dec90a62d5cecbfb2a7b34c653cb94d3a5c955ea2a4d9bb6e921d5b7872ea96 gasTipCap=1  gasFeeCap=218
t=2023-06-02T16:09:00+0800 lvl=trce msg="Pooled new future transaction"          hash=0x2e7766d3d37dfaee832cee7f69303cbc748254e004f8c6c93e72ff8bdd3e0afd from=0x5Ca1748415005467582785ceB57769bF2ea1990B to=0x0000000000000000000000000000000000000000
t=2023-06-02T16:09:00+0800 lvl=trce msg="Removed old queued transactions"        count=0
t=2023-06-02T16:09:00+0800 lvl=trce msg="Pooled new future transaction"          hash=0xff717c70826b81b9b5e25661f26e0a418e224f91458a5a7337ff498dd41b0dc1 from=0x0680ce2e871bF306d23FbB45208373f14C9e274E to=0x0000000000000000000000000000000000000000
t=2023-06-02T16:09:00+0800 lvl=trce msg="Pooled new future transaction"          hash=0xa86045617c3c90e994e40d59b480683a97786faba3f64c6eb664fad2e62b5805 from=0x0680ce2e871bF306d23FbB45208373f14C9e274E to=0x0000000000000000000000000000000000000000
t=2023-06-02T16:09:00+0800 lvl=trce msg="Pooled new future transaction"          hash=0x00f1b17f0359f224d2bf171f5d5e25c68630a68ffd10f50f00526bc6ae85b1c3 from=0x0680ce2e871bF306d23FbB45208373f14C9e274E to=0x0000000000000000000000000000000000000000
t=2023-06-02T16:09:00+0800 lvl=trce msg="Pooled new future transaction"          hash=0xe80325dff544089e7986d98ec5ef2035fe9030c80d9cc6687dad5a65a9c5b80e from=0x0680ce2e871bF306d23FbB45208373f14C9e274E to=0x0000000000000000000000000000000000000000
t=2023-06-02T16:09:00+0800 lvl=trce msg="Pooled new future transaction"          hash=0xa3dd1143b841b6a8e2ea880787a1c38d9de30916ed7cb93ea15e04bc9070f070 from=0x0680ce2e871bF306d23FbB45208373f14C9e274E to=0x0000000000000000000000000000000000000000
t=2023-06-02T16:09:00+0800 lvl=trce msg="Pooled new future transaction"          hash=0xeb0d65e10735393b4be0a61c138171c7c2454185ef29cb1cdebdaf4549fa1853 from=0x0680ce2e871bF306d23FbB45208373f14C9e274E to=0x0000000000000000000000000000000000000000
t=2023-06-02T16:09:00+0800 lvl=trce msg="Pooled new future transaction"          hash=0x82e567e2bee67beea87d972fd4a7975dd1e0b084b7cf2ec2eb5f0fc5746fbcdc from=0x0680ce2e871bF306d23FbB45208373f14C9e274E to=0x0000000000000000000000000000000000000000
t=2023-06-02T16:09:00+0800 lvl=trce msg="Pooled new future transaction"          hash=0x3f0718b60715d7b476bfd38c726c31459d02ff4471f2da746ea70bee32fde87e from=0x0680ce2e871bF306d23FbB45208373f14C9e274E to=0x0000000000000000000000000000000000000000
t=2023-06-02T16:09:00+0800 lvl=trce msg="Removed old queued transactions"        count=0
t=2023-06-02T16:09:00+0800 lvl=trce msg="Removed unpayable queued transactions"  count=0
t=2023-06-02T16:09:00+0800 lvl=trce msg="Promoted queued transactions"           count=0
t=2023-06-02T16:09:00+0800 lvl=trce msg="Pooled new future transaction"          hash=0x20f7b14d7be32a3f826a33dfad3af422c6d806da431957fd7021a2cc85667298 from=0x0680ce2e871bF306d23FbB45208373f14C9e274E to=0x0000000000000000000000000000000000000000
t=2023-06-02T16:09:00+0800 lvl=trce msg="Pooled new future transaction"          hash=0x64d2274f5075b894127d609781e1d53345c7077fbcd511bde550f2eaf46c74ea from=0x0680ce2e871bF306d23FbB45208373f14C9e274E to=0x0000000000000000000000000000000000000000
t=2023-06-02T16:09:00+0800 lvl=trce msg="Pooled new future transaction"          hash=0x3a4eab8d2e1886f1d72e0f9fdc1de266084fa463f3639c46d1a1a3aed9cb42f5 from=0x0680ce2e871bF306d23FbB45208373f14C9e274E to=0x0000000000000000000000000000000000000000
t=2023-06-02T16:09:00+0800 lvl=trce msg="Removed unpayable queued transactions"  count=0
t=2023-06-02T16:09:00+0800 lvl=trce msg="Pooled new future transaction"          hash=0x48a50a3579692379a215c23c72f4a55b7bee7274af26927ae939788dd9de6703 from=0x0680ce2e871bF306d23FbB45208373f14C9e274E to=0x0000000000000000000000000000000000000000
t=2023-06-02T16:09:00+0800 lvl=trce msg="Promoted queued transactions"           count=1
t=2023-06-02T16:09:00+0800 lvl=trce msg="Pooled new future transaction"          hash=0x453a750b92ea9db3355dd22625cadacdd229a7fa2ebbc3949da9f636c2450df8 from=0x0680ce2e871bF306d23FbB45208373f14C9e274E to=0x0000000000000000000000000000000000000000
t=2023-06-02T16:09:00+0800 lvl=trce msg="Pooled new future transaction"          hash=0x51608ca08a8a130b9d02a1dddb9b3433c91f190e36908d55fc38fe998433aed0 from=0x0680ce2e871bF306d23FbB45208373f14C9e274E to=0x0000000000000000000000000000000000000000
t=2023-06-02T16:09:00+0800 lvl=trce msg="Pooled new future transaction"          hash=0xcfe5f444f4a8b239816a9076f51b63e8eded9c9b295a840e7427a750f44696c0 from=0x0680ce2e871bF306d23FbB45208373f14C9e274E to=0x0000000000000000000000000000000000000000
t=2023-06-02T16:09:00+0800 lvl=trce msg="Removed unpayable queued transactions"  count=0
t=2023-06-02T16:09:00+0800 lvl=trce msg="Pooled new future transaction"          hash=0x54314ab0126171206257c6a2e15df5f0eb354d81d8c677740fceee60b02c8913 from=0xaFF837A9D4D0F8b9cdB55F4a9AC0d0fC0d797bc6 to=0x0000000000000000000000000000000000000000
t=2023-06-02T16:09:00+0800 lvl=trce msg="Removed old queued transactions"        count=0
t=2023-06-02T16:09:00+0800 lvl=trce msg="Removed unpayable queued transactions"  count=0
t=2023-06-02T16:09:00+0800 lvl=trce msg="Promoted queued transactions"           count=0
t=2023-06-02T16:09:00+0800 lvl=trce msg="Promoted queued transactions"           count=1
t=2023-06-02T16:09:00+0800 lvl=trce msg="Pooled new future transaction"          hash=0x6426d8d16df5c22232f7dc029dbad1474110402e2f8105aed3f7167dce8dd8d9 from=0x0680ce2e871bF306d23FbB45208373f14C9e274E to=0x0000000000000000000000000000000000000000
t=2023-06-02T16:09:00+0800 lvl=trce msg="Pooled new future transaction"          hash=0x8ac43f5ec35ac17732680a0708072c37aa9b29a478ccd27f07e80fc2330389ac from=0x0680ce2e871bF306d23FbB45208373f14C9e274E to=0x0000000000000000000000000000000000000000
t=2023-06-02T16:09:00+0800 lvl=trce msg="Pooled new future transaction"          hash=0xe8071165c15d5495f333a0df96c0cb8b23db17e3a2b5879e3d618a41d6881d86 from=0x0680ce2e871bF306d23FbB45208373f14C9e274E to=0x0000000000000000000000000000000000000000
t=2023-06-02T16:09:00+0800 lvl=trce msg="Pooled new future transaction"          hash=0x4bdff9804873ffc5825e1ec3b9497f5620cf2729b983809209e4083185227bec from=0x0680ce2e871bF306d23FbB45208373f14C9e274E to=0x0000000000000000000000000000000000000000
t=2023-06-02T16:09:00+0800 lvl=trce msg="Pooled new future transaction"          hash=0xc3a0ce314eae2cc714cbd35d089c80dfa5f54add24b5367ebcb363a0a6f52faa from=0x0680ce2e871bF306d23FbB45208373f14C9e274E to=0x0000000000000000000000000000000000000000
t=2023-06-02T16:09:00+0800 lvl=trce msg="Discarding freshly underpriced transaction" hash=0x90644dc66afcee23e5055c96be559ce27aac1d6c1a86885c3a330bd4f1044318 gasTipCap=2  gasFeeCap=102
t=2023-06-02T16:09:00+0800 lvl=trce msg="Pooled new future transaction"          hash=0x7442abae7b0d555aaec55fb30f44e296e8260daa3fc7429eaf485d271a459485 from=0x0680ce2e871bF306d23FbB45208373f14C9e274E to=0x0000000000000000000000000000000000000000
t=2023-06-02T16:09:00+0800 lvl=trce msg="Pooled new future transaction"          hash=0xcfb8ec5b80ff893505bc11bc740cfda0c359178fe159d91b3a4ad3f16834e339 from=0xaFF837A9D4D0F8b9cdB55F4a9AC0d0fC0d797bc6 to=0x0000000000000000000000000000000000000000
t=2023-06-02T16:09:00+0800 lvl=trce msg="Removed old queued transactions"        count=0
t=2023-06-02T16:09:00+0800 lvl=trce msg="Pooled new future transaction"          hash=0xe94af65a9b258771f402b4b09aebda6489dc80fd2f811f90113ed260c68dfedf from=0x3602C865233Ec91D0d9c12660D524FC92CcF4DB8 to=0x0000000000000000000000000000000000000000
t=2023-06-02T16:09:00+0800 lvl=trce msg="Removed old queued transactions"        count=0
t=2023-06-02T16:09:00+0800 lvl=trce msg="Removed unpayable queued transactions"  count=0
t=2023-06-02T16:09:00+0800 lvl=trce msg="Promoted queued transactions"           count=1
t=2023-06-02T16:09:00+0800 lvl=trce msg="Pooled new future transaction"          hash=0x3211f17aee63d0ed971f011b31a9015625d1465d3f022045666688ab280a07d0 from=0x0680ce2e871bF306d23FbB45208373f14C9e274E to=0x0000000000000000000000000000000000000000
t=2023-06-02T16:09:00+0800 lvl=trce msg="Pooled new future transaction"          hash=0x45241fd147e8ac3bdfebb6ced795c34c30c3b122d83ddb0a865a94c548c66b52 from=0x0680ce2e871bF306d23FbB45208373f14C9e274E to=0x0000000000000000000000000000000000000000
t=2023-06-02T16:09:00+0800 lvl=trce msg="Pooled new future transaction"          hash=0xa6e9b83d3c660e0a4789a03ae2594ad4cc8237d6b199c6c685e545bc6297cf47 from=0x0680ce2e871bF306d23FbB45208373f14C9e274E to=0x0000000000000000000000000000000000000000
t=2023-06-02T16:09:00+0800 lvl=trce msg="Pooled new future transaction"          hash=0x738c553cd2a6478076996020865117276c7fd73a7fdec9945a646840f145f371 from=0x0680ce2e871bF306d23FbB45208373f14C9e274E to=0x0000000000000000000000000000000000000000
t=2023-06-02T16:09:00+0800 lvl=trce msg="Pooled new future transaction"          hash=0xbaaf59168d16d809991ee58cda7f5d3c156d9672bd54339d302e60eae008e824 from=0x0680ce2e871bF306d23FbB45208373f14C9e274E to=0x0000000000000000000000000000000000000000
t=2023-06-02T16:09:00+0800 lvl=trce msg="Pooled new future transaction"          hash=0x88749e603404ab59b042ffe53dacccfee45ce5e16b4ae1a11e9ee69123d7957b from=0x0680ce2e871bF306d23FbB45208373f14C9e274E to=0x0000000000000000000000000000000000000000
t=2023-06-02T16:09:00+0800 lvl=trce msg="Pooled new future transaction"          hash=0x57c2ac8e850da82d57b0c47a2c10c6b9bd04f762c985775f543f1d6ccb4d4f0b from=0x0680ce2e871bF306d23FbB45208373f14C9e274E to=0x0000000000000000000000000000000000000000
t=2023-06-02T16:09:00+0800 lvl=trce msg="Pooled new future transaction"          hash=0xba8b6883c040045fa89b443d522d638a74f1f14c7b5a9d69c3824c580e5a77b2 from=0x0680ce2e871bF306d23FbB45208373f14C9e274E to=0x0000000000000000000000000000000000000000
t=2023-06-02T16:09:00+0800 lvl=trce msg="Pooled new future transaction"          hash=0x3bdbf1ef2ec5e6a1777f6529db9b8b211b15cfeef06d580b19290c2cc04c898e from=0x0680ce2e871bF306d23FbB45208373f14C9e274E to=0x0000000000000000000000000000000000000000
t=2023-06-02T16:09:00+0800 lvl=trce msg="Pooled new future transaction"          hash=0x196c0bd4678ca5e3e078b14b8bd94c5feb24ac34e70487525a1229198f2e10dd from=0x0680ce2e871bF306d23FbB45208373f14C9e274E to=0x0000000000000000000000000000000000000000
t=2023-06-02T16:09:00+0800 lvl=trce msg="Discarding freshly underpriced transaction" hash=0x186f7fa7790f16b9e88e54a858ca1559a557431bb50ee3a08aa8527acd473a7e gasTipCap=3  gasFeeCap=103
t=2023-06-02T16:09:00+0800 lvl=trce msg="Pooled new future transaction"          hash=0x8134888ffc2505bded1e29553f1cc889eb2f20cf49d3d2e116f3407fb816ed50 from=0xA45D5577eEbA476f1424a77AB654a71515bA0259 to=0x0000000000000000000000000000000000000000
t=2023-06-02T16:09:00+0800 lvl=trce msg="Removed old queued transactions"        count=0
t=2023-06-02T16:09:00+0800 lvl=trce msg="Removed unpayable queued transactions"  count=0
t=2023-06-02T16:09:00+0800 lvl=trce msg="Promoted queued transactions"           count=0
t=2023-06-02T16:09:00+0800 lvl=trce msg="Pooled new future transaction"          hash=0x8144f38c728eb37089b3dbfcbc3bb59d1ff5884869f7e5f92aad6dc96fad90c3 from=0x0680ce2e871bF306d23FbB45208373f14C9e274E to=0x0000000000000000000000000000000000000000
t=2023-06-02T16:09:00+0800 lvl=trce msg="Pooled new future transaction"          hash=0x946a5bee4d3ac6c005b036e64deeda1c01f3a9d7ae303e3fe2bc5606ecb16d8b from=0x0680ce2e871bF306d23FbB45208373f14C9e274E to=0x0000000000000000000000000000000000000000
t=2023-06-02T16:09:00+0800 lvl=trce msg="Pooled new future transaction"          hash=0xb3c11665563e8d21a6e6a2a5d33411635d1481b8c28cc5f362898e44f830fd0f from=0x0680ce2e871bF306d23FbB45208373f14C9e274E to=0x0000000000000000000000000000000000000000
t=2023-06-02T16:09:00+0800 lvl=trce msg="Pooled new future transaction"          hash=0x1017a979d26f6c6fe54cd94719e9947e2e9b7f20a16497eb15931913ab6aa6d4 from=0x0680ce2e871bF306d23FbB45208373f14C9e274E to=0x0000000000000000000000000000000000000000
t=2023-06-02T16:09:00+0800 lvl=trce msg="Pooled new future transaction"          hash=0xd9f85677e59ee486ba14b5ad37d8f3f78162a0f7baf21fa2a1cbfcb20141616d from=0xaFF837A9D4D0F8b9cdB55F4a9AC0d0fC0d797bc6 to=0x0000000000000000000000000000000000000000
t=2023-06-02T16:09:00+0800 lvl=trce msg="Removed old queued transactions"        count=0
t=2023-06-02T16:09:00+0800 lvl=trce msg="Removed unpayable queued transactions"  count=0
t=2023-06-02T16:09:00+0800 lvl=trce msg="Promoted queued transactions"           count=0
t=2023-06-02T16:09:00+0800 lvl=trce msg="Pooled new future transaction"          hash=0x04b0ca36fba213b403d327b567303e3d61f9bb5f932f6136ea3d8da11cf81d29 from=0x66e0851F1a162869024b4C9f6b1C4Fc5cb4832F1 to=0x0000000000000000000000000000000000000000
t=2023-06-02T16:09:00+0800 lvl=trce msg="Removed old queued transactions"        count=0
t=2023-06-02T16:09:00+0800 lvl=trce msg="Removed unpayable queued transactions"  count=0
t=2023-06-02T16:09:00+0800 lvl=trce msg="Promoted queued transactions"           count=0
t=2023-06-02T16:09:00+0800 lvl=trce msg="Pooled new future transaction"          hash=0x61a18e07d943abfbfa5d0ad6506ff7e68fe7dc893d7d7e8a5979df36585e416e from=0x0680ce2e871bF306d23FbB45208373f14C9e274E to=0x0000000000000000000000000000000000000000
t=2023-06-02T16:09:00+0800 lvl=trce msg="Pooled new future transaction"          hash=0x81b3aa2ac9277be89fdf007247cd98ccc2251de4d8b88fbe98daaeaee53845b6 from=0x0680ce2e871bF306d23FbB45208373f14C9e274E to=0x0000000000000000000000000000000000000000
t=2023-06-02T16:09:00+0800 lvl=trce msg="Pooled new future transaction"          hash=0x2e32567ad4415ea472709a8857b2766f0b7fe9c3769ebb678df2cc3eeed35592 from=0x0680ce2e871bF306d23FbB45208373f14C9e274E to=0x0000000000000000000000000000000000000000
t=2023-06-02T16:09:00+0800 lvl=trce msg="Pooled new future transaction"          hash=0x85b35e00f0e4f94a0185214bf0bb272cebe87610d96dc7766fadea2566193505 from=0x0680ce2e871bF306d23FbB45208373f14C9e274E to=0x0000000000000000000000000000000000000000
t=2023-06-02T16:09:00+0800 lvl=trce msg="Pooled new future transaction"          hash=0xcc76c919a408960178986895095c8e61d7ac6bac6ed96e58340eaff3dad7ba9f from=0x0680ce2e871bF306d23FbB45208373f14C9e274E to=0x0000000000000000000000000000000000000000
t=2023-06-02T16:09:00+0800 lvl=trce msg="Pooled new future transaction"          hash=0x46915592fe1779af4d0a89687b7aa8460b509c34ebf47456f224964a1f1fb962 from=0xaFF837A9D4D0F8b9cdB55F4a9AC0d0fC0d797bc6 to=0x0000000000000000000000000000000000000000
t=2023-06-02T16:09:00+0800 lvl=trce msg="Pooled new future transaction"          hash=0x527b2fb7ce5c642293f2584727f00c78d0cc2742d400bf2adab8e0ac7f0df430 from=0x7628e7c918DAaf4dfbF615023fDBcF72b8479bCe to=0x0000000000000000000000000000000000000000
t=2023-06-02T16:09:00+0800 lvl=trce msg="Removed old queued transactions"        count=0
t=2023-06-02T16:09:00+0800 lvl=trce msg="Removed unpayable queued transactions"  count=0
t=2023-06-02T16:09:00+0800 lvl=trce msg="Promoted queued transactions"           count=0
t=2023-06-02T16:09:00+0800 lvl=trce msg="Removed unpayable queued transactions"  count=0
t=2023-06-02T16:09:00+0800 lvl=trce msg="Promoted queued transactions"           count=1
t=2023-06-02T16:09:00+0800 lvl=trce msg="Pooled new future transaction"          hash=0x10dadca3bc2cf191a879f151eef987d8f3b16025e12c9ce725ff0e26d4c7ae2d from=0x0680ce2e871bF306d23FbB45208373f14C9e274E to=0x0000000000000000000000000000000000000000
t=2023-06-02T16:09:00+0800 lvl=trce msg="Pooled new future transaction"          hash=0x08e6ba48b317e0e0e7ecdd75942382558e215963fe14d434b7324ff3ca0c679e from=0x0680ce2e871bF306d23FbB45208373f14C9e274E to=0x0000000000000000000000000000000000000000
t=2023-06-02T16:09:00+0800 lvl=trce msg="Pooled new future transaction"          hash=0x2ae9a4dac62b3e7a46c161d513c6b314124daaa2110fbb976ead90915f98dd11 from=0x0680ce2e871bF306d23FbB45208373f14C9e274E to=0x0000000000000000000000000000000000000000
t=2023-06-02T16:09:00+0800 lvl=trce msg="Pooled new future transaction"          hash=0x903a35b4d1c8ffee80ef54e3c7ed4751ac046f3e7e4189065545499004c9e38e from=0x0680ce2e871bF306d23FbB45208373f14C9e274E to=0x0000000000000000000000000000000000000000
t=2023-06-02T16:09:00+0800 lvl=trce msg="Pooled new future transaction"          hash=0xfe6a352ad30839a8f780f1d3c50a4e34b9276d748435987e8447c04e733aba15 from=0x0680ce2e871bF306d23FbB45208373f14C9e274E to=0x0000000000000000000000000000000000000000
t=2023-06-02T16:09:00+0800 lvl=trce msg="Pooled new future transaction"          hash=0x53186b307f165755491e8a15e851754949a6b68df5a907d3861a9ef48ad363ce from=0x0680ce2e871bF306d23FbB45208373f14C9e274E to=0x0000000000000000000000000000000000000000
t=2023-06-02T16:09:00+0800 lvl=trce msg="Pooled new future transaction"          hash=0xe40cc9e539163e9d154f09da28a8eeed97994deafb9196bd4b32e5644a55236e from=0xaFF837A9D4D0F8b9cdB55F4a9AC0d0fC0d797bc6 to=0x0000000000000000000000000000000000000000
t=2023-06-02T16:09:00+0800 lvl=trce msg="Removed old queued transactions"        count=0
t=2023-06-02T16:09:00+0800 lvl=trce msg="Removed unpayable queued transactions"  count=0
t=2023-06-02T16:09:00+0800 lvl=trce msg="Discarding freshly underpriced transaction" hash=0x7846481bfaa5d59271fe8d8d52fd118e9c50a097995b292c08ff175a1164f53a gasTipCap=4  gasFeeCap=104
t=2023-06-02T16:09:00+0800 lvl=trce msg="Pooled new future transaction"          hash=0x4ebd406bfc6f72f3ccf5a547b7a792a3fb84e110948712df8946a062ac87a94f from=0x039B194E273f05640565fa0FBD7169B1873F7eC1 to=0x0000000000000000000000000000000000000000
t=2023-06-02T16:09:00+0800 lvl=trce msg="Removed old queued transactions"        count=0
t=2023-06-02T16:09:00+0800 lvl=trce msg="Removed unpayable queued transactions"  count=0
t=2023-06-02T16:09:00+0800 lvl=trce msg="Promoted queued transactions"           count=1
t=2023-06-02T16:09:00+0800 lvl=trce msg="Removed old queued transactions"        count=0
t=2023-06-02T16:09:00+0800 lvl=trce msg="Removed unpayable queued transactions"  count=0
t=2023-06-02T16:09:00+0800 lvl=trce msg="Promoted queued transactions"           count=1
t=2023-06-02T16:09:00+0800 lvl=trce msg="Promoted queued transactions"           count=0
t=2023-06-02T16:09:00+0800 lvl=trce msg="Pooled new future transaction"          hash=0xd8806c51c70c27d053f687471ce635025688bf4ded6f5f389dc97d356a547260 from=0x0680ce2e871bF306d23FbB45208373f14C9e274E to=0x0000000000000000000000000000000000000000
t=2023-06-02T16:09:00+0800 lvl=trce msg="Pooled new future transaction"          hash=0x1d8697445547c03ddf99d40d8a909e88b4e1c029fcbc81a2efa0ce99cd8d91ce from=0x0680ce2e871bF306d23FbB45208373f14C9e274E to=0x0000000000000000000000000000000000000000
t=2023-06-02T16:09:00+0800 lvl=trce msg="Pooled new future transaction"          hash=0x1ff3dfee0961441d404b51d6b1664bdb4350c4be2c51d906ff0fcb41074fb727 from=0x0680ce2e871bF306d23FbB45208373f14C9e274E to=0x0000000000000000000000000000000000000000
t=2023-06-02T16:09:00+0800 lvl=trce msg="Pooled new future transaction"          hash=0x537b5171342fa1be80dd6dff8b0bb223ec26e29f07aae574f39f04aec9b5e86e from=0x0680ce2e871bF306d23FbB45208373f14C9e274E to=0x0000000000000000000000000000000000000000
t=2023-06-02T16:09:00+0800 lvl=trce msg="Pooled new future transaction"          hash=0xe6a3899bb909f61a1ecbbfdc1f5420fa9cca0d9d005957b986de3bd7b4160f01 from=0x0680ce2e871bF306d23FbB45208373f14C9e274E to=0x0000000000000000000000000000000000000000
t=2023-06-02T16:09:00+0800 lvl=trce msg="Pooled new future transaction"          hash=0xd2e9b22b83173975d737e17e426cb8c88f87dcde7b93efad927b6c01818253f6 from=0x0680ce2e871bF306d23FbB45208373f14C9e274E to=0x0000000000000000000000000000000000000000
t=2023-06-02T16:09:00+0800 lvl=trce msg="Pooled new future transaction"          hash=0x7db25a6f86c66daa179834d821cc7483154d868aad7237469c9c389d52837e3e from=0x7628e7c918DAaf4dfbF615023fDBcF72b8479bCe to=0x0000000000000000000000000000000000000000
t=2023-06-02T16:09:00+0800 lvl=trce msg="Removed old queued transactions"        count=0
t=2023-06-02T16:09:00+0800 lvl=trce msg="Removed unpayable queued transactions"  count=0
t=2023-06-02T16:09:00+0800 lvl=trce msg="Promoted queued transactions"           count=0
t=2023-06-02T16:09:00+0800 lvl=trce msg="Pooled new future transaction"          hash=0x7036bc1d18bd601e859164c1f5a45722922546e6ee2fc635754a405c58a7ba72 from=0x0680ce2e871bF306d23FbB45208373f14C9e274E to=0x0000000000000000000000000000000000000000
t=2023-06-02T16:09:00+0800 lvl=trce msg="Pooled new future transaction"          hash=0xc822ab62875d3080e7d4f95624d61388b615cf823e1891e44e645d7c6078a090 from=0x0680ce2e871bF306d23FbB45208373f14C9e274E to=0x0000000000000000000000000000000000000000
t=2023-06-02T16:09:00+0800 lvl=trce msg="Discarding freshly underpriced transaction" hash=0xf47d6b0134c738a962ed31a19a29157d6f6adea76644d07c8d83eb1f6d538ec5 gasTipCap=1  gasFeeCap=218
t=2023-06-02T16:09:00+0800 lvl=trce msg="Pooled new future transaction"          hash=0x13df950ee5e50859a879161b697cb74a22e4f344bfd53c47638d0d4cd6ac6ad3 from=0x0680ce2e871bF306d23FbB45208373f14C9e274E to=0x0000000000000000000000000000000000000000
t=2023-06-02T16:09:00+0800 lvl=trce msg="Pooled new future transaction"          hash=0x9305f411c9433f604ae310ad12a503cfa536f13f96e585879052b3d76638c5ef from=0x878a19f9c3Bf7e9b82F57e14468dA85De705fD0C to=0x0000000000000000000000000000000000000000
t=2023-06-02T16:09:00+0800 lvl=trce msg="Pooled new future transaction"          hash=0x719475f27b3172c3462f5fb46dc32a9c03df09f306239630412127cb63a0a08b from=0x0680ce2e871bF306d23FbB45208373f14C9e274E to=0x0000000000000000000000000000000000000000
t=2023-06-02T16:09:00+0800 lvl=trce msg="Removed old queued transactions"        count=0
t=2023-06-02T16:09:00+0800 lvl=trce msg="Removed unpayable queued transactions"  count=0
t=2023-06-02T16:09:00+0800 lvl=trce msg="Promoted queued transactions"           count=1
t=2023-06-02T16:09:00+0800 lvl=trce msg="Pooled new future transaction"          hash=0xa4bdcd77c58b6dc449c7f88576a1d2c21d015eb09308e2937ec8b2e04af7e522 from=0x0680ce2e871bF306d23FbB45208373f14C9e274E to=0x0000000000000000000000000000000000000000
t=2023-06-02T16:09:00+0800 lvl=trce msg="Pooled new future transaction"          hash=0x2cdaf12db8dec8027697cb6ff2730066352c561382a4dc759e13557d6b076392 from=0x66e0851F1a162869024b4C9f6b1C4Fc5cb4832F1 to=0x0000000000000000000000000000000000000000
t=2023-06-02T16:09:00+0800 lvl=trce msg="Removed old queued transactions"        count=0
t=2023-06-02T16:09:00+0800 lvl=trce msg="Removed unpayable queued transactions"  count=0
t=2023-06-02T16:09:00+0800 lvl=trce msg="Pooled new future transaction"          hash=0xb263c8a9ffac8287e8dba39b995df40edb4390e6f8c6bf5fbbf97972ba8f0dd9 from=0x0680ce2e871bF306d23FbB45208373f14C9e274E to=0x0000000000000000000000000000000000000000
t=2023-06-02T16:09:00+0800 lvl=trce msg="Pooled new future transaction"          hash=0x978d9e7ed8abd70f06d9d7e389cc53c57008561310f18e1318af2efe67a14496 from=0x0680ce2e871bF306d23FbB45208373f14C9e274E to=0x0000000000000000000000000000000000000000
t=2023-06-02T16:09:00+0800 lvl=trce msg="Pooled new future transaction"          hash=0xe6f29eb6f1c36267c72b0687137e5f4515386aceaf37715c9e0961765ca64c01 from=0x0680ce2e871bF306d23FbB45208373f14C9e274E to=0x0000000000000000000000000000000000000000
t=2023-06-02T16:09:00+0800 lvl=trce msg="Pooled new future transaction"          hash=0xe5b819bad0b2b45d43c19cfaaf9d0cc615adfc0a23c689329149f309042acb9c from=0x0680ce2e871bF306d23FbB45208373f14C9e274E to=0x0000000000000000000000000000000000000000
t=2023-06-02T16:09:00+0800 lvl=trce msg="Pooled new future transaction"          hash=0x2959dab674d903810a0b0c57436b7714efbc8a4547e8ab067156aa4f1e4c423f from=0x0680ce2e871bF306d23FbB45208373f14C9e274E to=0x0000000000000000000000000000000000000000
t=2023-06-02T16:09:00+0800 lvl=trce msg="Pooled new future transaction"          hash=0xb6f25689934532b944ec8a281e36e0ef85633e61adccc784c2eb73f52bf86ce0 from=0x0680ce2e871bF306d23FbB45208373f14C9e274E to=0x0000000000000000000000000000000000000000
t=2023-06-02T16:09:00+0800 lvl=trce msg="Pooled new future transaction"          hash=0x6f3bc5dde3213a8aaf1c6b1060ba53f1c6071dcef86bac95d75085c658f2f33f from=0x0680ce2e871bF306d23FbB45208373f14C9e274E to=0x0000000000000000000000000000000000000000
t=2023-06-02T16:09:00+0800 lvl=trce msg="Pooled new future transaction"          hash=0x615ca8818ded7dfcdf1441df5f8e08468c8522afbfb787b5ce7e2995a57bf535 from=0x8b69fB9d5858759F6e155ea72c9541C15da850F5 to=0x0000000000000000000000000000000000000000
t=2023-06-02T16:09:00+0800 lvl=trce msg="Pooled new future transaction"          hash=0xaccfa977f6199a48b1fadae3b097c1b8419fc2935a7832eb574e4a6c9b6c5672 from=0xaFF837A9D4D0F8b9cdB55F4a9AC0d0fC0d797bc6 to=0x0000000000000000000000000000000000000000
t=2023-06-02T16:09:00+0800 lvl=trce msg="Removed old queued transactions"        count=0
t=2023-06-02T16:09:00+0800 lvl=trce msg="Removed unpayable queued transactions"  count=0
t=2023-06-02T16:09:00+0800 lvl=trce msg="Promoted queued transactions"           count=0
t=2023-06-02T16:09:00+0800 lvl=trce msg="Discarding freshly underpriced transaction" hash=0x93ed51cf0244995bcd251eda404cdc1fae37d04758d92c9cae979ddad104c0b7 gasTipCap=1  gasFeeCap=219
t=2023-06-02T16:09:00+0800 lvl=trce msg="Pooled new future transaction"          hash=0x23da7baa020dac0abbd6b202191116d38e6e85a5b4f51941d9cca257c35421f5 from=0x78E35842a8b3C3a3C208b559fb9ccfbfa5C0a89f to=0x0000000000000000000000000000000000000000
t=2023-06-02T16:09:00+0800 lvl=trce msg="Promoted queued transactions"           count=1
t=2023-06-02T16:09:00+0800 lvl=trce msg="Pooled new future transaction"          hash=0xee5c976ee980527133db8d0e1f1090019e703f1009c23e090afb69fb050e85bb from=0x8b69fB9d5858759F6e155ea72c9541C15da850F5 to=0x0000000000000000000000000000000000000000
t=2023-06-02T16:09:00+0800 lvl=trce msg="Pooled new future transaction"          hash=0x10cea43b180fcf7a68858e7d5b36ff8aeb36205c43c103d81c6a98df3374d098 from=0x8b69fB9d5858759F6e155ea72c9541C15da850F5 to=0x0000000000000000000000000000000000000000
t=2023-06-02T16:09:00+0800 lvl=trce msg="Removed old queued transactions"        count=0
t=2023-06-02T16:09:00+0800 lvl=trce msg="Removed unpayable queued transactions"  count=0
t=2023-06-02T16:09:00+0800 lvl=trce msg="Promoted queued transactions"           count=1
t=2023-06-02T16:09:00+0800 lvl=trce msg="Pooled new future transaction"          hash=0x04a7d140b3e8fa25781bc874ea83c91515980f12397d4af35089c853d8cd27a0 from=0x8b69fB9d5858759F6e155ea72c9541C15da850F5 to=0x0000000000000000000000000000000000000000
t=2023-06-02T16:09:00+0800 lvl=trce msg="Pooled new future transaction"          hash=0x991f319d39eadd84e02d6bb85afc4c9a5dc4a081ae51b35877bab9f655d8416f from=0x8b69fB9d5858759F6e155ea72c9541C15da850F5 to=0x0000000000000000000000000000000000000000
t=2023-06-02T16:09:00+0800 lvl=trce msg="Pooled new future transaction"          hash=0x474bbb57ce42f6d55395df6b5433797a9c8639a749a9666472b802f06984ae17 from=0x8b69fB9d5858759F6e155ea72c9541C15da850F5 to=0x0000000000000000000000000000000000000000
t=2023-06-02T16:09:00+0800 lvl=trce msg="Pooled new future transaction"          hash=0x3b1058966cd98fe2b1faad9e8afa147b9a8e6c9f29a04c33bcef1035d36d777c from=0x66e0851F1a162869024b4C9f6b1C4Fc5cb4832F1 to=0x0000000000000000000000000000000000000000
t=2023-06-02T16:09:00+0800 lvl=trce msg="Removed old queued transactions"        count=0
t=2023-06-02T16:09:00+0800 lvl=trce msg="Removed unpayable queued transactions"  count=0
t=2023-06-02T16:09:00+0800 lvl=trce msg="Promoted queued transactions"           count=0
t=2023-06-02T16:09:00+0800 lvl=trce msg="Pooled new future transaction"          hash=0xed691e479bf6ea68c1812a60710d6c463dce733c4489a4e916e1193642b4db01 from=0xaFF837A9D4D0F8b9cdB55F4a9AC0d0fC0d797bc6 to=0x0000000000000000000000000000000000000000
t=2023-06-02T16:09:00+0800 lvl=trce msg="Removed old queued transactions"        count=0
t=2023-06-02T16:09:00+0800 lvl=trce msg="Removed unpayable queued transactions"  count=0
t=2023-06-02T16:09:00+0800 lvl=trce msg="Promoted queued transactions"           count=0
t=2023-06-02T16:09:00+0800 lvl=trce msg="Discarding freshly underpriced transaction" hash=0x9fd5e0df8c158a8a029e68e544142a3c494b2b179480dddeeb00d5c19efe8171 gasTipCap=1  gasFeeCap=219
t=2023-06-02T16:09:00+0800 lvl=trce msg="Pooled new future transaction"          hash=0x8f75fc29725b15f0436b094c0519f6cd747c81b4969f38dcf30d38092153a665 from=0x336b09681519446F34BdFf2f2B1359930130B31b to=0x0000000000000000000000000000000000000000
t=2023-06-02T16:09:00+0800 lvl=trce msg="Removed old queued transactions"        count=0
t=2023-06-02T16:09:00+0800 lvl=trce msg="Removed unpayable queued transactions"  count=0
t=2023-06-02T16:09:00+0800 lvl=trce msg="Promoted queued transactions"           count=1
t=2023-06-02T16:09:00+0800 lvl=trce msg="Pooled new future transaction"          hash=0x7275ee55d474824633aeef8cbe997d48d9fb5644b6cda7b8238d4f764564fbb4 from=0x8b69fB9d5858759F6e155ea72c9541C15da850F5 to=0x0000000000000000000000000000000000000000
t=2023-06-02T16:09:00+0800 lvl=trce msg="Pooled new future transaction"          hash=0xeb2568b26541e4e8586bb0fd9bae444278041265cafa770ca4ccd19a08269d59 from=0x7628e7c918DAaf4dfbF615023fDBcF72b8479bCe to=0x0000000000000000000000000000000000000000
t=2023-06-02T16:09:00+0800 lvl=trce msg="Pooled new future transaction"          hash=0xf00e61dc922aeeeaa57f29d6fd9dec5f7e37207656440dd41d0e030fc2f44dbd from=0xaFF837A9D4D0F8b9cdB55F4a9AC0d0fC0d797bc6 to=0x0000000000000000000000000000000000000000
t=2023-06-02T16:09:00+0800 lvl=trce msg="Pooled new future transaction"          hash=0x9298fa06e697372f9a0d2e986d4654ba2f683d0ec4ccc3d33d3c5f769706c74e from=0x8b69fB9d5858759F6e155ea72c9541C15da850F5 to=0x0000000000000000000000000000000000000000
t=2023-06-02T16:09:00+0800 lvl=trce msg="Removed old queued transactions"        count=0
t=2023-06-02T16:09:00+0800 lvl=trce msg="Removed unpayable queued transactions"  count=0
t=2023-06-02T16:09:00+0800 lvl=trce msg="Pooled new future transaction"          hash=0x0670111db25547c9a8ab7d40d26a0f5ea751e4bf5600d164d3c53848cc06733c from=0x8b69fB9d5858759F6e155ea72c9541C15da850F5 to=0x0000000000000000000000000000000000000000
t=2023-06-02T16:09:00+0800 lvl=trce msg="Pooled new future transaction"          hash=0xacf42e68b150549ce3b38ee8f6e125ca9ff03eb73021775213c9abf2769a5c11 from=0x8b69fB9d5858759F6e155ea72c9541C15da850F5 to=0x0000000000000000000000000000000000000000
t=2023-06-02T16:09:00+0800 lvl=trce msg="Pooled new future transaction"          hash=0x0332248196a9c8fa5f88ca33a97fc2782deabbc45a413fdfc6bd0905abe2fae4 from=0x8b69fB9d5858759F6e155ea72c9541C15da850F5 to=0x0000000000000000000000000000000000000000
t=2023-06-02T16:09:00+0800 lvl=trce msg="Pooled new future transaction"          hash=0x3166d367e1f6d602a457fa5519cefe9ebaa32df6468d5132e571a26ae328b378 from=0x8b69fB9d5858759F6e155ea72c9541C15da850F5 to=0x0000000000000000000000000000000000000000
t=2023-06-02T16:09:00+0800 lvl=trce msg="Pooled new future transaction"          hash=0xf2b50f4ac72c901213c046a7a58a01c92f4b95ed8337cf00fadfc6416b12b07b from=0x8b69fB9d5858759F6e155ea72c9541C15da850F5 to=0x0000000000000000000000000000000000000000
t=2023-06-02T16:09:00+0800 lvl=trce msg="Promoted queued transactions"           count=0
t=2023-06-02T16:09:00+0800 lvl=trce msg="Pooled new future transaction"          hash=0x3ba283e4f8ea062e9ea5d41339cfcfe3b81323845c29545dd90ed33cf7a7c307 from=0x8b69fB9d5858759F6e155ea72c9541C15da850F5 to=0x0000000000000000000000000000000000000000
t=2023-06-02T16:09:00+0800 lvl=trce msg="Pooled new future transaction"          hash=0xf6f21d14771fb51a406b5490b572c78b7b57b1f56a5937b64dabb7a3f41cc35f from=0x8b69fB9d5858759F6e155ea72c9541C15da850F5 to=0x0000000000000000000000000000000000000000
t=2023-06-02T16:09:00+0800 lvl=trce msg="Pooled new future transaction"          hash=0xe5dbaaacda9de6db641535533341ac54d5f2489db644d3683afc50b70597b212 from=0x8b69fB9d5858759F6e155ea72c9541C15da850F5 to=0x0000000000000000000000000000000000000000
t=2023-06-02T16:09:00+0800 lvl=trce msg="Pooled new future transaction"          hash=0xf4848f87434b192f5491c5a8eb2de2c64afdf683ff37b5e698481874f0117845 from=0x8b69fB9d5858759F6e155ea72c9541C15da850F5 to=0x0000000000000000000000000000000000000000
t=2023-06-02T16:09:00+0800 lvl=trce msg="Removed old queued transactions"        count=0
t=2023-06-02T16:09:00+0800 lvl=trce msg="Discarding freshly underpriced transaction" hash=0x4ebd406bfc6f72f3ccf5a547b7a792a3fb84e110948712df8946a062ac87a94f gasTipCap=1  gasFeeCap=300
t=2023-06-02T16:09:00+0800 lvl=trce msg="Pooled new future transaction"          hash=0xeeb0476356c867c0159b687a67ce94b74c9bd524f0cb735d883fc8724262a7d6 from=0xaFF837A9D4D0F8b9cdB55F4a9AC0d0fC0d797bc6 to=0x0000000000000000000000000000000000000000
t=2023-06-02T16:09:00+0800 lvl=trce msg="Removed old queued transactions"        count=0
t=2023-06-02T16:09:00+0800 lvl=trce msg="Removed unpayable queued transactions"  count=0
t=2023-06-02T16:09:00+0800 lvl=trce msg="Promoted queued transactions"           count=0
t=2023-06-02T16:09:00+0800 lvl=trce msg="Removed unpayable queued transactions"  count=0
t=2023-06-02T16:09:00+0800 lvl=trce msg="Promoted queued transactions"           count=1
t=2023-06-02T16:09:00+0800 lvl=trce msg="Pooled new future transaction"          hash=0xed197823478b8f6223e1991dab25789fcc8e0bb3f105e68317a146fba4b1a4e8 from=0xfB8BD039bcdC1DdfD8938D882bb2C29EE9864424 to=0x0000000000000000000000000000000000000000
t=2023-06-02T16:09:00+0800 lvl=trce msg="Removed old queued transactions"        count=0
t=2023-06-02T16:09:00+0800 lvl=trce msg="Removed unpayable queued transactions"  count=0
t=2023-06-02T16:09:00+0800 lvl=trce msg="Pooled new future transaction"          hash=0x2c98c728db7bb551e1bb50cf54b003246a5e5fd0c2074c0159bf1811d080edac from=0x8b69fB9d5858759F6e155ea72c9541C15da850F5 to=0x0000000000000000000000000000000000000000
t=2023-06-02T16:09:00+0800 lvl=trce msg="Pooled new future transaction"          hash=0xf5535f9f1bfa03a55ba1a8f2be24aab540d9d695ffa1f330a51bb9e7258c369b from=0xaFF837A9D4D0F8b9cdB55F4a9AC0d0fC0d797bc6 to=0x0000000000000000000000000000000000000000
t=2023-06-02T16:09:00+0800 lvl=trce msg="Removed old queued transactions"        count=0
t=2023-06-02T16:09:00+0800 lvl=trce msg="Removed unpayable queued transactions"  count=0
t=2023-06-02T16:09:00+0800 lvl=trce msg="Promoted queued transactions"           count=0
t=2023-06-02T16:09:00+0800 lvl=trce msg="Pooled new future transaction"          hash=0x33ac2df068245e38b8926a00e0683782976f5e68c3f7f468ed60d60ad1ddb39c from=0x8b69fB9d5858759F6e155ea72c9541C15da850F5 to=0x0000000000000000000000000000000000000000
t=2023-06-02T16:09:00+0800 lvl=trce msg="Pooled new future transaction"          hash=0x41f305272a21b2db8493ea51f217f986c2c2b24ae65c32253064eeda208081d7 from=0x8b69fB9d5858759F6e155ea72c9541C15da850F5 to=0x0000000000000000000000000000000000000000
t=2023-06-02T16:09:00+0800 lvl=trce msg="Pooled new future transaction"          hash=0x69c6e1272cbbb734ecf7afd80ff82593c0f6344563d784692b892247bd3a0244 from=0x8b69fB9d5858759F6e155ea72c9541C15da850F5 to=0x0000000000000000000000000000000000000000
t=2023-06-02T16:09:00+0800 lvl=trce msg="Pooled new future transaction"          hash=0x3faf4a8a0f6590d58b7af09f23f603881dc3488cca545f31d59929447a00ad49 from=0x8b69fB9d5858759F6e155ea72c9541C15da850F5 to=0x0000000000000000000000000000000000000000
t=2023-06-02T16:09:00+0800 lvl=trce msg="Pooled new future transaction"          hash=0xe147138a67a5ad2ef135e5a05f736d33caa71466d8cea469988ba7336ed9c8d7 from=0x8b69fB9d5858759F6e155ea72c9541C15da850F5 to=0x0000000000000000000000000000000000000000
t=2023-06-02T16:09:00+0800 lvl=trce msg="Pooled new future transaction"          hash=0x0a7b116c577e566f052cf6d41d5ab9e916701a19f6c029a566a0f1684c6de058 from=0x8b69fB9d5858759F6e155ea72c9541C15da850F5 to=0x0000000000000000000000000000000000000000
t=2023-06-02T16:09:00+0800 lvl=trce msg="Pooled new future transaction"          hash=0x5a3b0da1eb536899bf0ff0f6de58298889c600ebfddb53484aec6b79f2e28631 from=0x8b69fB9d5858759F6e155ea72c9541C15da850F5 to=0x0000000000000000000000000000000000000000
t=2023-06-02T16:09:00+0800 lvl=trce msg="Pooled new future transaction"          hash=0xcbaa25c7184251893dbd94622699c4d83c0f2118023b2c727707b65a9606760c from=0x8b69fB9d5858759F6e155ea72c9541C15da850F5 to=0x0000000000000000000000000000000000000000
t=2023-06-02T16:09:00+0800 lvl=trce msg="Pooled new future transaction"          hash=0x561007cccaa8e177830aecf204afee8f4bd1c4eac85a5eafdafc3e614c8c0907 from=0x8b69fB9d5858759F6e155ea72c9541C15da850F5 to=0x0000000000000000000000000000000000000000
t=2023-06-02T16:09:00+0800 lvl=trce msg="Pooled new future transaction"          hash=0x18b84039565a2641181aad6850fd203f161961ec8899977d2f580d59dab0d26e from=0x8b69fB9d5858759F6e155ea72c9541C15da850F5 to=0x0000000000000000000000000000000000000000
t=2023-06-02T16:09:00+0800 lvl=trce msg="Pooled new future transaction"          hash=0xba08049f7acf84178ee0200ffe69e31117cf3b65624e95fa700a4be9338ae37b from=0x8b69fB9d5858759F6e155ea72c9541C15da850F5 to=0x0000000000000000000000000000000000000000
t=2023-06-02T16:09:00+0800 lvl=trce msg="Pooled new future transaction"          hash=0x3989021fdf51175dad360deed008c16c7d5b4aeaa9163bf078a0a98a8e0b9f1c from=0x8b69fB9d5858759F6e155ea72c9541C15da850F5 to=0x0000000000000000000000000000000000000000
t=2023-06-02T16:09:00+0800 lvl=trce msg="Pooled new future transaction"          hash=0x9c48452fb72b6302187e25afdf8af3236b8116c5aa3cf196060ace3dbdbdee93 from=0x8b69fB9d5858759F6e155ea72c9541C15da850F5 to=0x0000000000000000000000000000000000000000
t=2023-06-02T16:09:00+0800 lvl=trce msg="Pooled new future transaction"          hash=0xbebb17dab74ca0fd631f2ad29c6adb42058d20a7cf4c7c22966adb94a8baafa7 from=0x8b69fB9d5858759F6e155ea72c9541C15da850F5 to=0x0000000000000000000000000000000000000000
t=2023-06-02T16:09:00+0800 lvl=trce msg="Pooled new future transaction"          hash=0x74e6917aaab67c8af1f6def326f31711ae2d9a37ab31fa2be20763d8ad8667b8 from=0x8b69fB9d5858759F6e155ea72c9541C15da850F5 to=0x0000000000000000000000000000000000000000
t=2023-06-02T16:09:00+0800 lvl=trce msg="Pooled new future transaction"          hash=0xc97a1dccbd5e6482d30d59e1b6caf91e1e3be4acc7b76cb70b230676bc7cf3dd from=0x8b69fB9d5858759F6e155ea72c9541C15da850F5 to=0x0000000000000000000000000000000000000000
t=2023-06-02T16:09:00+0800 lvl=trce msg="Pooled new future transaction"          hash=0x7eded68b4404df358d7c4ad515fe395ec0f7ea9725bbc9bb04602f99b480f657 from=0x8b69fB9d5858759F6e155ea72c9541C15da850F5 to=0x0000000000000000000000000000000000000000
t=2023-06-02T16:09:00+0800 lvl=trce msg="Pooled new future transaction"          hash=0x8e8dc5f82f2a28b07c30a7b21adb3c4d3b83b846dab5d1e4a923d5f8a635d4d2 from=0x8b69fB9d5858759F6e155ea72c9541C15da850F5 to=0x0000000000000000000000000000000000000000
t=2023-06-02T16:09:00+0800 lvl=trce msg="Pooled new future transaction"          hash=0x38b66681a281d1a73bba6fc343306931da21d427f1da725639618a2382ecf974 from=0x8b69fB9d5858759F6e155ea72c9541C15da850F5 to=0x0000000000000000000000000000000000000000
t=2023-06-02T16:09:00+0800 lvl=trce msg="Pooled new future transaction"          hash=0xdd376337a373aea4b80a85e6943460641a5ff7d5b9e7d5a2fbd90bf3b4a76d5f from=0x8b69fB9d5858759F6e155ea72c9541C15da850F5 to=0x0000000000000000000000000000000000000000
t=2023-06-02T16:09:00+0800 lvl=trce msg="Pooled new future transaction"          hash=0x2c709267b01409114de767e7859ee7d60e69dcbd7a71d693be2529a7fd0530fb from=0x8b69fB9d5858759F6e155ea72c9541C15da850F5 to=0x0000000000000000000000000000000000000000
t=2023-06-02T16:09:00+0800 lvl=trce msg="Pooled new future transaction"          hash=0xe62d3ed550136b0e400943b2b2bdf67c3cffcbc22fc53dc2b77358dde6ab8041 from=0x8b69fB9d5858759F6e155ea72c9541C15da850F5 to=0x0000000000000000000000000000000000000000
t=2023-06-02T16:09:00+0800 lvl=trce msg="Pooled new future transaction"          hash=0xeb284d8c99796374ed8272ae9bbfa4dd13b2a389b72d21d4a595baf1f398f739 from=0xaFF837A9D4D0F8b9cdB55F4a9AC0d0fC0d797bc6 to=0x0000000000000000000000000000000000000000
t=2023-06-02T16:09:00+0800 lvl=trce msg="Removed old queued transactions"        count=0
t=2023-06-02T16:09:00+0800 lvl=trce msg="Removed unpayable queued transactions"  count=0
t=2023-06-02T16:09:00+0800 lvl=trce msg="Promoted queued transactions"           count=0
t=2023-06-02T16:09:00+0800 lvl=trce msg="Pooled new future transaction"          hash=0xe27d0dc963110c5df2ebcb5a3815a9735518d8fc15c39fd75690aaa492bf4c67 from=0x7628e7c918DAaf4dfbF615023fDBcF72b8479bCe to=0x0000000000000000000000000000000000000000
t=2023-06-02T16:09:00+0800 lvl=trce msg="Removed old queued transactions"        count=0
t=2023-06-02T16:09:00+0800 lvl=trce msg="Removed unpayable queued transactions"  count=0
t=2023-06-02T16:09:00+0800 lvl=trce msg="Promoted queued transactions"           count=0
t=2023-06-02T16:09:00+0800 lvl=trce msg="Promoted queued transactions"           count=1
t=2023-06-02T16:09:00+0800 lvl=trce msg="Pooled new future transaction"          hash=0xecd15b7b4b5ce98a58d6e0f91fe961b62efa53a51fecf9ea12fe3b116355da09 from=0xaFF837A9D4D0F8b9cdB55F4a9AC0d0fC0d797bc6 to=0x0000000000000000000000000000000000000000
t=2023-06-02T16:09:00+0800 lvl=trce msg="Pooled new future transaction"          hash=0x787c29230a40510348e2f90bffffa5e52264586b32d9e151f2754b15c25ec855 from=0x8b69fB9d5858759F6e155ea72c9541C15da850F5 to=0x0000000000000000000000000000000000000000
t=2023-06-02T16:09:00+0800 lvl=trce msg="Pooled new future transaction"          hash=0x70cdca036a1161b3581d183e0df89c79310e9c5b93edc65f19312d90d70f1b93 from=0x8b69fB9d5858759F6e155ea72c9541C15da850F5 to=0x0000000000000000000000000000000000000000
t=2023-06-02T16:09:00+0800 lvl=trce msg="Pooled new future transaction"          hash=0x4d8907e2be9e5a1634ea58db3411cd3b10cfaaef40d9c8a53a0fdb8adf610a17 from=0x8b69fB9d5858759F6e155ea72c9541C15da850F5 to=0x0000000000000000000000000000000000000000
t=2023-06-02T16:09:00+0800 lvl=trce msg="Pooled new future transaction"          hash=0x6c48135b66e9b76b64f7a847ddfecdfa9acf7c80fca7b4fdc31dbcb162f96220 from=0x66e0851F1a162869024b4C9f6b1C4Fc5cb4832F1 to=0x0000000000000000000000000000000000000000
t=2023-06-02T16:09:00+0800 lvl=trce msg="Pooled new future transaction"          hash=0x09add64ee9270fada44e016cff5de60b321fb198858eff19504adc52a56a068d from=0x8b69fB9d5858759F6e155ea72c9541C15da850F5 to=0x0000000000000000000000000000000000000000
t=2023-06-02T16:09:00+0800 lvl=trce msg="Removed old queued transactions"        count=0
t=2023-06-02T16:09:00+0800 lvl=trce msg="Removed unpayable queued transactions"  count=0
t=2023-06-02T16:09:00+0800 lvl=trce msg="Promoted queued transactions"           count=0
t=2023-06-02T16:09:00+0800 lvl=trce msg="Removed old queued transactions"        count=0
t=2023-06-02T16:09:00+0800 lvl=trce msg="Removed unpayable queued transactions"  count=0
t=2023-06-02T16:09:00+0800 lvl=trce msg="Promoted queued transactions"           count=1
t=2023-06-02T16:09:00+0800 lvl=trce msg="Pooled new future transaction"          hash=0x856884cdc0192798ddcfc06c98c5469b1d33ca6a47e189b03748bf21d9c88b43 from=0x8b69fB9d5858759F6e155ea72c9541C15da850F5 to=0x0000000000000000000000000000000000000000
t=2023-06-02T16:09:00+0800 lvl=trce msg="Pooled new future transaction"          hash=0x9a62693568fe79b718f8653b4192586fda322a83962bed2e96fc7f0762c9d516 from=0x8b69fB9d5858759F6e155ea72c9541C15da850F5 to=0x0000000000000000000000000000000000000000
t=2023-06-02T16:09:00+0800 lvl=trce msg="Pooled new future transaction"          hash=0xc749779c2d270941a060e2a754676f09090ce64baf2c972db0612203051fdcfd from=0x8b69fB9d5858759F6e155ea72c9541C15da850F5 to=0x0000000000000000000000000000000000000000
t=2023-06-02T16:09:00+0800 lvl=trce msg="Pooled new future transaction"          hash=0x53dc676bb8f4af8b7ca5677e27fba85bbb31538b9aa0086b08edc3672b3c6552 from=0x8b69fB9d5858759F6e155ea72c9541C15da850F5 to=0x0000000000000000000000000000000000000000
t=2023-06-02T16:09:00+0800 lvl=trce msg="Pooled new future transaction"          hash=0xd25ca0f32881c2b3ae527e3bc64ecc87ee2739a2ad4a944d03626289fc54f4e6 from=0x8b69fB9d5858759F6e155ea72c9541C15da850F5 to=0x0000000000000000000000000000000000000000
t=2023-06-02T16:09:00+0800 lvl=trce msg="Pooled new future transaction"          hash=0xa8342f9e1ce05d1e577c0bbb9a6c64f6d66b8302b79d7498bbce720adbbc8e1e from=0x8b69fB9d5858759F6e155ea72c9541C15da850F5 to=0x0000000000000000000000000000000000000000
t=2023-06-02T16:09:00+0800 lvl=trce msg="Pooled new future transaction"          hash=0x933f9e2a29713445c351ae36b92681a532ac59c82d7064be9fc052696208dfc5 from=0x8b69fB9d5858759F6e155ea72c9541C15da850F5 to=0x0000000000000000000000000000000000000000
t=2023-06-02T16:09:00+0800 lvl=trce msg="Pooled new future transaction"          hash=0xf9ffdefbaf3ace69703c2ee79821bcd2d6251dda2c7e576b7e9b298e5f8a5d94 from=0xaFF837A9D4D0F8b9cdB55F4a9AC0d0fC0d797bc6 to=0x0000000000000000000000000000000000000000
t=2023-06-02T16:09:00+0800 lvl=trce msg="Removed old queued transactions"        count=0
t=2023-06-02T16:09:00+0800 lvl=trce msg="Removed unpayable queued transactions"  count=0
t=2023-06-02T16:09:00+0800 lvl=trce msg="Promoted queued transactions"           count=0
t=2023-06-02T16:09:00+0800 lvl=trce msg="Pooled new future transaction"          hash=0xb6d2905d0b4983cefb3cae0219566a59fd98d386cd17e1ec6f3060adc01f7c98 from=0x66e0851F1a162869024b4C9f6b1C4Fc5cb4832F1 to=0x0000000000000000000000000000000000000000
t=2023-06-02T16:09:00+0800 lvl=trce msg="Removed old queued transactions"        count=0
t=2023-06-02T16:09:00+0800 lvl=trce msg="Removed unpayable queued transactions"  count=0
t=2023-06-02T16:09:00+0800 lvl=trce msg="Promoted queued transactions"           count=0
t=2023-06-02T16:09:00+0800 lvl=trce msg="Pooled new future transaction"          hash=0x703d6bb9703e4222a66bf9ee73b9803b2290c59bd3ff81f3d14de9f71b7167fb from=0x8b69fB9d5858759F6e155ea72c9541C15da850F5 to=0x0000000000000000000000000000000000000000
t=2023-06-02T16:09:00+0800 lvl=trce msg="Pooled new future transaction"          hash=0xa94974e1f67d96462e5464536adfb1e6b01630c99230453e0e38a558ec4b5bad from=0x8b69fB9d5858759F6e155ea72c9541C15da850F5 to=0x0000000000000000000000000000000000000000
t=2023-06-02T16:09:00+0800 lvl=trce msg="Discarding freshly underpriced transaction" hash=0x9305f411c9433f604ae310ad12a503cfa536f13f96e585879052b3d76638c5ef gasTipCap=1  gasFeeCap=301
t=2023-06-02T16:09:00+0800 lvl=trce msg="Pooled new future transaction"          hash=0xca449b30cca7b393f710384e4fcfb5c16b4e660cb7e9c58adb322a89dc6d539c from=0x8b69fB9d5858759F6e155ea72c9541C15da850F5 to=0x0000000000000000000000000000000000000000
t=2023-06-02T16:09:00+0800 lvl=trce msg="Pooled new future transaction"          hash=0x293e3e05178a802d3d7d9c0d875f80f40503dd71553fcd9c65d841f727588a56 from=0x8b69fB9d5858759F6e155ea72c9541C15da850F5 to=0x0000000000000000000000000000000000000000
t=2023-06-02T16:09:00+0800 lvl=trce msg="Pooled new future transaction"          hash=0xe82ebac78ff813fbe5e021f14cba536fcd926703125b73062a6b466a2835d3f8 from=0x3ed1e59baCBB4463176f2828F145F084CA3D0a8c to=0x0000000000000000000000000000000000000000
t=2023-06-02T16:09:00+0800 lvl=trce msg="Pooled new future transaction"          hash=0x32bb77318b1df99557be86db19bdbd6fdafb4bb38a79626b169eb738614c85c7 from=0x7628e7c918DAaf4dfbF615023fDBcF72b8479bCe to=0x0000000000000000000000000000000000000000
t=2023-06-02T16:09:00+0800 lvl=trce msg="Removed old queued transactions"        count=0
t=2023-06-02T16:09:00+0800 lvl=trce msg="Pooled new future transaction"          hash=0x6ffc9d58b23e43524e12b7b9ec9b556fd8f64a4dbec7b0a02983299c601d7d41 from=0xaFF837A9D4D0F8b9cdB55F4a9AC0d0fC0d797bc6 to=0x0000000000000000000000000000000000000000
t=2023-06-02T16:09:00+0800 lvl=trce msg="Removed old queued transactions"        count=0
t=2023-06-02T16:09:00+0800 lvl=trce msg="Removed unpayable queued transactions"  count=0
t=2023-06-02T16:09:00+0800 lvl=trce msg="Promoted queued transactions"           count=0
t=2023-06-02T16:09:00+0800 lvl=trce msg="Removed old queued transactions"        count=0
t=2023-06-02T16:09:00+0800 lvl=trce msg="Removed unpayable queued transactions"  count=0
t=2023-06-02T16:09:00+0800 lvl=trce msg="Promoted queued transactions"           count=1
t=2023-06-02T16:09:00+0800 lvl=trce msg="Pooled new future transaction"          hash=0x1b2a0ea8ae82f7cc1ea05734688905bc6bf58396d7307f530cb0cbd903e5a533 from=0x8b69fB9d5858759F6e155ea72c9541C15da850F5 to=0x0000000000000000000000000000000000000000
t=2023-06-02T16:09:00+0800 lvl=trce msg="Pooled new future transaction"          hash=0x65d0c58b479d1e71ec2a4c72ecc355f4e17291d6a6fa9e5c2b26ca783241c86b from=0x8b69fB9d5858759F6e155ea72c9541C15da850F5 to=0x0000000000000000000000000000000000000000
t=2023-06-02T16:09:00+0800 lvl=trce msg="Pooled new future transaction"          hash=0xfe9f6bb0a407ab5a9b7215df6af709bcded4a072b1a8bedc3f26a1e95947b71a from=0x8b69fB9d5858759F6e155ea72c9541C15da850F5 to=0x0000000000000000000000000000000000000000
t=2023-06-02T16:09:00+0800 lvl=trce msg="Pooled new future transaction"          hash=0x6df1487432c587934bffd447aac8defd8a5da0a8c003e240a929037ff4e49d8e from=0x8b69fB9d5858759F6e155ea72c9541C15da850F5 to=0x0000000000000000000000000000000000000000
t=2023-06-02T16:09:00+0800 lvl=trce msg="Pooled new future transaction"          hash=0x43772d486c09e3398dc68bbc55b6a6cef8166194271893d6b71ec4253fdb322a from=0x8b69fB9d5858759F6e155ea72c9541C15da850F5 to=0x0000000000000000000000000000000000000000
t=2023-06-02T16:09:00+0800 lvl=trce msg="Removed unpayable queued transactions"  count=0
t=2023-06-02T16:09:00+0800 lvl=trce msg="Pooled new future transaction"          hash=0x75765d1184fe39839e96d27f5fb03d85d2be35c19866497d222407830c9b871a from=0xaFF837A9D4D0F8b9cdB55F4a9AC0d0fC0d797bc6 to=0x0000000000000000000000000000000000000000
t=2023-06-02T16:09:00+0800 lvl=trce msg="Pooled new future transaction"          hash=0x2e8a6edfe49e0def0189937d92a10f4f8844633b668f80400594d14486a456c8 from=0x7628e7c918DAaf4dfbF615023fDBcF72b8479bCe to=0x0000000000000000000000000000000000000000
t=2023-06-02T16:09:00+0800 lvl=trce msg="Removed old queued transactions"        count=0
t=2023-06-02T16:09:00+0800 lvl=trce msg="Removed unpayable queued transactions"  count=0
t=2023-06-02T16:09:00+0800 lvl=trce msg="Promoted queued transactions"           count=0
t=2023-06-02T16:09:00+0800 lvl=trce msg="Removed old queued transactions"        count=0
t=2023-06-02T16:09:00+0800 lvl=trce msg="Removed unpayable queued transactions"  count=0
t=2023-06-02T16:09:00+0800 lvl=trce msg="Promoted queued transactions"           count=0
t=2023-06-02T16:09:00+0800 lvl=trce msg="Promoted queued transactions"           count=1
t=2023-06-02T16:09:00+0800 lvl=trce msg="Pooled new future transaction"          hash=0x566fb76d689163a173ba552e51eab0fb1bcd9652851488b41c4bc3011773e398 from=0x8b69fB9d5858759F6e155ea72c9541C15da850F5 to=0x0000000000000000000000000000000000000000
t=2023-06-02T16:09:00+0800 lvl=trce msg="Pooled new future transaction"          hash=0xcefa44b7e200cee3615f9a9215ed85fe1ae18b31edeca720578452d82c282b2c from=0x8b69fB9d5858759F6e155ea72c9541C15da850F5 to=0x0000000000000000000000000000000000000000
t=2023-06-02T16:09:00+0800 lvl=trce msg="Pooled new future transaction"          hash=0xc4bbf69f7e01607d00d908f6f083c266e5f5a3338e30d5e75038032efba021fb from=0x8b69fB9d5858759F6e155ea72c9541C15da850F5 to=0x0000000000000000000000000000000000000000
t=2023-06-02T16:09:00+0800 lvl=trce msg="Pooled new future transaction"          hash=0xc9bb00c87203ecde8175160538a59c6a946675e7d67d2d3f6b5cf4699655ba36 from=0x8b69fB9d5858759F6e155ea72c9541C15da850F5 to=0x0000000000000000000000000000000000000000
t=2023-06-02T16:09:00+0800 lvl=trce msg="Pooled new future transaction"          hash=0x6729d477d92bd35db8ca1f14df569866b56a84b6e14f96f5778f8218d5df3510 from=0x66e0851F1a162869024b4C9f6b1C4Fc5cb4832F1 to=0x0000000000000000000000000000000000000000
t=2023-06-02T16:09:00+0800 lvl=trce msg="Pooled new future transaction"          hash=0xdbf19f2a9f376b45d05925edf9e4a0a2b009e1c6f312017663a6b4cc058bf01a from=0xaFF837A9D4D0F8b9cdB55F4a9AC0d0fC0d797bc6 to=0x0000000000000000000000000000000000000000
t=2023-06-02T16:09:00+0800 lvl=trce msg="Removed old queued transactions"        count=0
t=2023-06-02T16:09:00+0800 lvl=trce msg="Removed old queued transactions"        count=0
t=2023-06-02T16:09:00+0800 lvl=trce msg="Removed unpayable queued transactions"  count=0
t=2023-06-02T16:09:00+0800 lvl=trce msg="Promoted queued transactions"           count=1
t=2023-06-02T16:09:00+0800 lvl=trce msg="Pooled new future transaction"          hash=0x14370b7b47adc154d9e798725acaf432d2af0736c79b5007377251dc41e970a8 from=0x4516CE77Ee0fAA7637dFB7791fe71c7FB328b781 to=0x0000000000000000000000000000000000000000
t=2023-06-02T16:09:00+0800 lvl=trce msg="Pooled new future transaction"          hash=0xe1c6182a97bd38d6303913307f0ad018cc96103945b246a5078e440dc037e7a8 from=0x4516CE77Ee0fAA7637dFB7791fe71c7FB328b781 to=0x0000000000000000000000000000000000000000
t=2023-06-02T16:09:00+0800 lvl=trce msg="Pooled new future transaction"          hash=0xda1488d06aae77269e49488377fed3bd36c267f1b5ce83f8f1446de677f79fb7 from=0x4516CE77Ee0fAA7637dFB7791fe71c7FB328b781 to=0x0000000000000000000000000000000000000000
t=2023-06-02T16:09:00+0800 lvl=trce msg="Pooled new future transaction"          hash=0xb822df0296fd4fa713f1ead0df31c28ae6ad89b54650ee33f6882ef7ba3cee39 from=0x4516CE77Ee0fAA7637dFB7791fe71c7FB328b781 to=0x0000000000000000000000000000000000000000
t=2023-06-02T16:09:00+0800 lvl=trce msg="Removed unpayable queued transactions"  count=0
t=2023-06-02T16:09:00+0800 lvl=trce msg="Pooled new future transaction"          hash=0xbf7609d3442fb59ba73d3cce89a1d60642c96933f974d3c4123cc695adc1416c from=0x4516CE77Ee0fAA7637dFB7791fe71c7FB328b781 to=0x0000000000000000000000000000000000000000
t=2023-06-02T16:09:00+0800 lvl=trce msg="Pooled new future transaction"          hash=0x8c57bf77af3fe3443bca6c80668a198aa3297137d7a935a6cb2a3e218c6f4f51 from=0x4516CE77Ee0fAA7637dFB7791fe71c7FB328b781 to=0x0000000000000000000000000000000000000000
t=2023-06-02T16:09:00+0800 lvl=trce msg="Pooled new future transaction"          hash=0x4fe0798ea9b85dedb8989d2f9e52e67232852fbc5b0c9b3cc476057f6c0b8806 from=0x66e0851F1a162869024b4C9f6b1C4Fc5cb4832F1 to=0x0000000000000000000000000000000000000000
t=2023-06-02T16:09:00+0800 lvl=trce msg="Pooled new future transaction"          hash=0xb1e0b6bc4b0f5dbffabe6d6aee843ac59461b7917d484de215e4be8c7ff6ed48 from=0x4516CE77Ee0fAA7637dFB7791fe71c7FB328b781 to=0x0000000000000000000000000000000000000000
t=2023-06-02T16:09:00+0800 lvl=trce msg="Removed old queued transactions"        count=0
t=2023-06-02T16:09:00+0800 lvl=trce msg="Removed unpayable queued transactions"  count=0
t=2023-06-02T16:09:00+0800 lvl=trce msg="Promoted queued transactions"           count=0
t=2023-06-02T16:09:00+0800 lvl=trce msg="Promoted queued transactions"           count=0
t=2023-06-02T16:09:00+0800 lvl=trce msg="Pooled new future transaction"          hash=0x5e4f3a89a612d076ea8c0d033b54ff2d57279a4da4776063aa7c6db7fa6b0965 from=0x4516CE77Ee0fAA7637dFB7791fe71c7FB328b781 to=0x0000000000000000000000000000000000000000
t=2023-06-02T16:09:00+0800 lvl=trce msg="Pooled new future transaction"          hash=0x3a03e30f5d75f2c9b1ac31cc4a2b1a3f61165da43fb6aaaa008b4cf37ea97eac from=0x4516CE77Ee0fAA7637dFB7791fe71c7FB328b781 to=0x0000000000000000000000000000000000000000
t=2023-06-02T16:09:00+0800 lvl=trce msg="Pooled new future transaction"          hash=0x08c03a5e93bb0031c2b96f49ae280ad11b7fd9ef20536c3a78ab2746f03941c7 from=0x4516CE77Ee0fAA7637dFB7791fe71c7FB328b781 to=0x0000000000000000000000000000000000000000
t=2023-06-02T16:09:00+0800 lvl=trce msg="Pooled new future transaction"          hash=0x4409a94efebdcb8a73d0afee683daffa06064f14dfc20726544609dc878ba1cc from=0x4516CE77Ee0fAA7637dFB7791fe71c7FB328b781 to=0x0000000000000000000000000000000000000000
t=2023-06-02T16:09:00+0800 lvl=trce msg="Pooled new future transaction"          hash=0xf39d9589f33e85a6eb22ffcbc0556fbae6ff93007f9e19eded6eadc437e1ecd8 from=0x7628e7c918DAaf4dfbF615023fDBcF72b8479bCe to=0x0000000000000000000000000000000000000000
t=2023-06-02T16:09:00+0800 lvl=trce msg="Pooled new future transaction"          hash=0x6c104d5b14dcc9887aa75dee468087d6ee5246a9a5fb6bbce6bc3cca232d5f1f from=0x4516CE77Ee0fAA7637dFB7791fe71c7FB328b781 to=0x0000000000000000000000000000000000000000
t=2023-06-02T16:09:00+0800 lvl=trce msg="Pooled new future transaction"          hash=0xa3f4be243539d5800776485fa1e02777fb905b5511f94c8fce108538761d9332 from=0x4516CE77Ee0fAA7637dFB7791fe71c7FB328b781 to=0x0000000000000000000000000000000000000000
t=2023-06-02T16:09:00+0800 lvl=trce msg="Pooled new future transaction"          hash=0xcb5c8a42c373006af971a04a5734afe78f9a5870456375d2548d6bbe5f38778d from=0x4516CE77Ee0fAA7637dFB7791fe71c7FB328b781 to=0x0000000000000000000000000000000000000000
t=2023-06-02T16:09:00+0800 lvl=trce msg="Pooled new future transaction"          hash=0x88fee378c1f5664b4e1b380e21f76f86864a3265e4d8aed18d75a41c4a4b176d from=0x4516CE77Ee0fAA7637dFB7791fe71c7FB328b781 to=0x0000000000000000000000000000000000000000
t=2023-06-02T16:09:00+0800 lvl=trce msg="Pooled new future transaction"          hash=0x9cf1d7d5766f9d7775c29ae5bc3a4413481fe30173c31075c4826b0adc5b7be1 from=0xaFF837A9D4D0F8b9cdB55F4a9AC0d0fC0d797bc6 to=0x0000000000000000000000000000000000000000
t=2023-06-02T16:09:00+0800 lvl=trce msg="Removed old queued transactions"        count=0
t=2023-06-02T16:09:00+0800 lvl=trce msg="Removed unpayable queued transactions"  count=0
t=2023-06-02T16:09:00+0800 lvl=trce msg="Promoted queued transactions"           count=0
t=2023-06-02T16:09:00+0800 lvl=trce msg="Removed old queued transactions"        count=0
t=2023-06-02T16:09:00+0800 lvl=trce msg="Removed unpayable queued transactions"  count=0
t=2023-06-02T16:09:00+0800 lvl=trce msg="Promoted queued transactions"           count=1
t=2023-06-02T16:09:00+0800 lvl=trce msg="Pooled new future transaction"          hash=0x6d3b1aa834e6f5a702e3e2c332325f73e32ce4df7c9bfba73e0c15194516e453 from=0x4516CE77Ee0fAA7637dFB7791fe71c7FB328b781 to=0x0000000000000000000000000000000000000000
t=2023-06-02T16:09:00+0800 lvl=trce msg="Pooled new future transaction"          hash=0x2a1ce89b04586703c8ffea22af246d30c1c86fb29d429c1c8dbfc30a9c30b8ef from=0x4516CE77Ee0fAA7637dFB7791fe71c7FB328b781 to=0x0000000000000000000000000000000000000000
t=2023-06-02T16:09:00+0800 lvl=trce msg="Pooled new future transaction"          hash=0xbfc635537871e325455df20968db76dcf4196adafc7cd75d6bca2051199a00f2 from=0x4516CE77Ee0fAA7637dFB7791fe71c7FB328b781 to=0x0000000000000000000000000000000000000000
t=2023-06-02T16:09:00+0800 lvl=trce msg="Pooled new future transaction"          hash=0x05009b6f0b1ceb3df2731a658e23f88d6f7da732a3032298812e09bf9715f366 from=0x4516CE77Ee0fAA7637dFB7791fe71c7FB328b781 to=0x0000000000000000000000000000000000000000
t=2023-06-02T16:09:00+0800 lvl=trce msg="Pooled new future transaction"          hash=0x0abe76f753937012e48d3d8a784af36dd1dcb18dd4f865f7c1f3fcf4a7bb49bf from=0x4516CE77Ee0fAA7637dFB7791fe71c7FB328b781 to=0x0000000000000000000000000000000000000000
t=2023-06-02T16:09:00+0800 lvl=trce msg="Pooled new future transaction"          hash=0x465fd21e48eaa67381932734950e22a506b9a7c19babbb6dfab77b9cf2995bb8 from=0x4516CE77Ee0fAA7637dFB7791fe71c7FB328b781 to=0x0000000000000000000000000000000000000000
t=2023-06-02T16:09:00+0800 lvl=trce msg="Pooled new future transaction"          hash=0x1f9733521c39a82820403458e9148fb2d79409ce0c8c216a41605b0b2e81f504 from=0x4516CE77Ee0fAA7637dFB7791fe71c7FB328b781 to=0x0000000000000000000000000000000000000000
t=2023-06-02T16:09:00+0800 lvl=trce msg="Pooled new future transaction"          hash=0xc775fb7756fcf91798a48c217647814f49a69cdce7ea9e532d724bf96e6f6912 from=0x4516CE77Ee0fAA7637dFB7791fe71c7FB328b781 to=0x0000000000000000000000000000000000000000
t=2023-06-02T16:09:00+0800 lvl=trce msg="Pooled new future transaction"          hash=0x2b43b1a944c079717c9aa12dd8393d301892fe204e27233f48786b3c7803e907 from=0x7628e7c918DAaf4dfbF615023fDBcF72b8479bCe to=0x0000000000000000000000000000000000000000
t=2023-06-02T16:09:00+0800 lvl=trce msg="Pooled new future transaction"          hash=0xcdd3761e45c61adccd6d3ef6223bd36045c46d69e4fe4c75faddba23ca97f7cc from=0x4516CE77Ee0fAA7637dFB7791fe71c7FB328b781 to=0x0000000000000000000000000000000000000000
t=2023-06-02T16:09:00+0800 lvl=trce msg="Pooled new future transaction"          hash=0x41246d37b30a572eea2de464efdb3fff28dc390b9b4708287a348642d9f58f3f from=0x4516CE77Ee0fAA7637dFB7791fe71c7FB328b781 to=0x0000000000000000000000000000000000000000
t=2023-06-02T16:09:00+0800 lvl=trce msg="Pooled new future transaction"          hash=0xeff0b5526f5b99f197d46ffc2e0e5b3f1462be2fd45bfa47ddfdd59e2a6f84f5 from=0x4516CE77Ee0fAA7637dFB7791fe71c7FB328b781 to=0x0000000000000000000000000000000000000000
t=2023-06-02T16:09:00+0800 lvl=trce msg="Discarding freshly underpriced transaction" hash=0x23da7baa020dac0abbd6b202191116d38e6e85a5b4f51941d9cca257c35421f5 gasTipCap=1  gasFeeCap=302
t=2023-06-02T16:09:00+0800 lvl=trce msg="Pooled new future transaction"          hash=0x3673a0b8bbed99fc4c4797730dd5849272beb98ab13944f876e3f7bea6393a2a from=0x4516CE77Ee0fAA7637dFB7791fe71c7FB328b781 to=0x0000000000000000000000000000000000000000
t=2023-06-02T16:09:00+0800 lvl=trce msg="Pooled new future transaction"          hash=0x23578023ff5ceb46a313f01f49e21abb3a9f5d79feb6eaa7b2d9c0f5571b60d2 from=0x4516CE77Ee0fAA7637dFB7791fe71c7FB328b781 to=0x0000000000000000000000000000000000000000
t=2023-06-02T16:09:00+0800 lvl=trce msg="Pooled new future transaction"          hash=0x2e8fbfbe935ecd6a9f8ec93c3bad0e8e59b3058694a5b2b230ac90460aba8e3a from=0x4516CE77Ee0fAA7637dFB7791fe71c7FB328b781 to=0x0000000000000000000000000000000000000000
t=2023-06-02T16:09:00+0800 lvl=trce msg="Pooled new future transaction"          hash=0x4f2b5edb362e59d1842529b652f670be85a5502509da02e6a6277a7823550594 from=0x4516CE77Ee0fAA7637dFB7791fe71c7FB328b781 to=0x0000000000000000000000000000000000000000
t=2023-06-02T16:09:00+0800 lvl=trce msg="Pooled new future transaction"          hash=0x6d8fad617e47021e60cf91b85d6a60d5f8652af3e2bbaca39db73f1ed53cf58e from=0x4516CE77Ee0fAA7637dFB7791fe71c7FB328b781 to=0x0000000000000000000000000000000000000000
t=2023-06-02T16:09:00+0800 lvl=trce msg="Pooled new future transaction"          hash=0x88cd9909646f40e009b8230c58152e013104ae98a2fb7f5e9a5da1aeb039eed4 from=0x4516CE77Ee0fAA7637dFB7791fe71c7FB328b781 to=0x0000000000000000000000000000000000000000
t=2023-06-02T16:09:00+0800 lvl=trce msg="Pooled new future transaction"          hash=0x135d8b753da8356f11d62e1a040b12888c2b3be9b869483816afd8ae47cdde8f from=0x4516CE77Ee0fAA7637dFB7791fe71c7FB328b781 to=0x0000000000000000000000000000000000000000
t=2023-06-02T16:09:00+0800 lvl=trce msg="Pooled new future transaction"          hash=0x02cc62194d59393775551f16de07f02890809e8d788cfa65f16b1bf87ad6199c from=0x4516CE77Ee0fAA7637dFB7791fe71c7FB328b781 to=0x0000000000000000000000000000000000000000
t=2023-06-02T16:09:00+0800 lvl=trce msg="Pooled new future transaction"          hash=0x1eef60b3045d28e1cbd2e0748d673c1793db953f81d4c6bffe7b7630f91242b5 from=0x4516CE77Ee0fAA7637dFB7791fe71c7FB328b781 to=0x0000000000000000000000000000000000000000
t=2023-06-02T16:09:00+0800 lvl=trce msg="Pooled new future transaction"          hash=0x0cfd73bf44c56a95adfbf02d62d514211819babca920fdc0f485d18f65b3c71e from=0x4516CE77Ee0fAA7637dFB7791fe71c7FB328b781 to=0x0000000000000000000000000000000000000000
t=2023-06-02T16:09:00+0800 lvl=trce msg="Pooled new future transaction"          hash=0x23048c5386c04a3d276ac3a1b13e25b4868d1699345cd40f1f02952d176a00cf from=0x4516CE77Ee0fAA7637dFB7791fe71c7FB328b781 to=0x0000000000000000000000000000000000000000
t=2023-06-02T16:09:00+0800 lvl=trce msg="Pooled new future transaction"          hash=0xf14c53cfc9a14ac405c36db05c53062f64c38d1eaa6db000343fffd7ba92e05d from=0x4516CE77Ee0fAA7637dFB7791fe71c7FB328b781 to=0x0000000000000000000000000000000000000000
t=2023-06-02T16:09:00+0800 lvl=trce msg="Pooled new future transaction"          hash=0x9500dc0fbe7c093a6195c677a3050e2d27667ebb254511b892e0ef06b6f8edfa from=0x4516CE77Ee0fAA7637dFB7791fe71c7FB328b781 to=0x0000000000000000000000000000000000000000
t=2023-06-02T16:09:00+0800 lvl=trce msg="Pooled new future transaction"          hash=0x16a186e3ff30bb20efd73d45aa1ff0fcf37256e35d12cdb0c08a26728d4dcb30 from=0x4516CE77Ee0fAA7637dFB7791fe71c7FB328b781 to=0x0000000000000000000000000000000000000000
t=2023-06-02T16:09:00+0800 lvl=trce msg="Pooled new future transaction"          hash=0x161ede3ac74fb00130e2364ded80f263308f99bce2f2c482d6fab13c227d330c from=0x4516CE77Ee0fAA7637dFB7791fe71c7FB328b781 to=0x0000000000000000000000000000000000000000
t=2023-06-02T16:09:00+0800 lvl=trce msg="Removed old queued transactions"        count=0
t=2023-06-02T16:09:00+0800 lvl=trce msg="Removed unpayable queued transactions"  count=0
t=2023-06-02T16:09:00+0800 lvl=trce msg="Promoted queued transactions"           count=0
t=2023-06-02T16:09:00+0800 lvl=trce msg="Pooled new future transaction"          hash=0x76db42be34d74b8a526413f98b6914f25484e4d6cbf32a781f5cd4839e3f4e9f from=0xF9730CC16187a5c5Ce025921EbbfA965FbDDDD62 to=0x0000000000000000000000000000000000000000
t=2023-06-02T16:09:00+0800 lvl=trce msg="Removed old queued transactions"        count=0
t=2023-06-02T16:09:00+0800 lvl=trce msg="Removed unpayable queued transactions"  count=0
t=2023-06-02T16:09:00+0800 lvl=trce msg="Promoted queued transactions"           count=1
t=2023-06-02T16:09:00+0800 lvl=trce msg="Pooled new future transaction"          hash=0x275ebd30c5200660794f8cbd91541afd66115b0da9915cbb2b304da968b729b5 from=0xaFF837A9D4D0F8b9cdB55F4a9AC0d0fC0d797bc6 to=0x0000000000000000000000000000000000000000
t=2023-06-02T16:09:00+0800 lvl=trce msg="Removed old queued transactions"        count=0
t=2023-06-02T16:09:00+0800 lvl=trce msg="Pooled new future transaction"          hash=0x29baf9022b99625f86a394c7ac761db77545439d9fb34e35c3cf92de8fb9843f from=0x4516CE77Ee0fAA7637dFB7791fe71c7FB328b781 to=0x0000000000000000000000000000000000000000
t=2023-06-02T16:09:00+0800 lvl=trce msg="Pooled new future transaction"          hash=0xf9aa2d814283e0e9f7cbc21f32e4e2ae4bcbd5d6c161cdd6bc0c128f16b75536 from=0x4516CE77Ee0fAA7637dFB7791fe71c7FB328b781 to=0x0000000000000000000000000000000000000000
t=2023-06-02T16:09:00+0800 lvl=trce msg="Pooled new future transaction"          hash=0x838b47db5ff738fc71f31ed37b801dbab41837c68162994107e1c64556a9eb95 from=0x4516CE77Ee0fAA7637dFB7791fe71c7FB328b781 to=0x0000000000000000000000000000000000000000
t=2023-06-02T16:09:00+0800 lvl=trce msg="Pooled new future transaction"          hash=0xcdccfe387b61873f856862a408d6d11fc7dc7b03ca42c470383f89db7460f2e5 from=0x66e0851F1a162869024b4C9f6b1C4Fc5cb4832F1 to=0x0000000000000000000000000000000000000000
t=2023-06-02T16:09:00+0800 lvl=trce msg="Removed old queued transactions"        count=0
t=2023-06-02T16:09:00+0800 lvl=trce msg="Removed unpayable queued transactions"  count=0
t=2023-06-02T16:09:00+0800 lvl=trce msg="Promoted queued transactions"           count=1
t=2023-06-02T16:09:00+0800 lvl=trce msg="Removed unpayable queued transactions"  count=0
t=2023-06-02T16:09:00+0800 lvl=trce msg="Promoted queued transactions"           count=0
t=2023-06-02T16:09:00+0800 lvl=trce msg="Pooled new future transaction"          hash=0xec279c7d8523975ff0b6a937c7e03d620b709c02b4d78d7437860f77076857de from=0x4516CE77Ee0fAA7637dFB7791fe71c7FB328b781 to=0x0000000000000000000000000000000000000000
t=2023-06-02T16:09:00+0800 lvl=trce msg="Pooled new future transaction"          hash=0x881dfa86e160fb5b87b9b17e1fc539a63bf98c63156a5548007dc0f62dd8fec4 from=0x4516CE77Ee0fAA7637dFB7791fe71c7FB328b781 to=0x0000000000000000000000000000000000000000
t=2023-06-02T16:09:00+0800 lvl=trce msg="Pooled new future transaction"          hash=0xada4f9d8927201b6aad4700fdfa7bd6bd2def024aa584d98aa4375837ef1759e from=0x4516CE77Ee0fAA7637dFB7791fe71c7FB328b781 to=0x0000000000000000000000000000000000000000
t=2023-06-02T16:09:00+0800 lvl=trce msg="Pooled new future transaction"          hash=0x575dc7a81019ce6c03653704a0ab22df54636662c16cd217d47fb94ec0d05134 from=0x66e0851F1a162869024b4C9f6b1C4Fc5cb4832F1 to=0x0000000000000000000000000000000000000000
t=2023-06-02T16:09:00+0800 lvl=trce msg="Removed old queued transactions"        count=0
t=2023-06-02T16:09:00+0800 lvl=trce msg="Removed unpayable queued transactions"  count=0
t=2023-06-02T16:09:00+0800 lvl=trce msg="Promoted queued transactions"           count=0
t=2023-06-02T16:09:00+0800 lvl=trce msg="Pooled new future transaction"          hash=0xec762de45042016b0e0136bf1b924ef02d0663b407da7c5162b986886574483d from=0x4516CE77Ee0fAA7637dFB7791fe71c7FB328b781 to=0x0000000000000000000000000000000000000000
t=2023-06-02T16:09:00+0800 lvl=trce msg="Pooled new future transaction"          hash=0x01b8508aa1f6702abdedb492eed8d1b4c1bc596586858743b0140ac5b44d8792 from=0xaFF837A9D4D0F8b9cdB55F4a9AC0d0fC0d797bc6 to=0x0000000000000000000000000000000000000000
t=2023-06-02T16:09:00+0800 lvl=trce msg="Removed old queued transactions"        count=0
t=2023-06-02T16:09:00+0800 lvl=trce msg="Removed unpayable queued transactions"  count=0
t=2023-06-02T16:09:00+0800 lvl=trce msg="Promoted queued transactions"           count=0
t=2023-06-02T16:09:00+0800 lvl=trce msg="Pooled new future transaction"          hash=0x084649c5290517e782d0d0c0d420c31433d350c69a34bff32dc5a5121be9066b from=0x4516CE77Ee0fAA7637dFB7791fe71c7FB328b781 to=0x0000000000000000000000000000000000000000
t=2023-06-02T16:09:00+0800 lvl=trce msg="Pooled new future transaction"          hash=0x9165bad3b109136f55191429dfcc641b870fe652f67441217b4e9302780666e6 from=0x4516CE77Ee0fAA7637dFB7791fe71c7FB328b781 to=0x0000000000000000000000000000000000000000
t=2023-06-02T16:09:00+0800 lvl=trce msg="Pooled new future transaction"          hash=0x5e7536ab8f23ffe1751f642303ecbc1601ead96781128e43b10b501dd792f0be from=0x4516CE77Ee0fAA7637dFB7791fe71c7FB328b781 to=0x0000000000000000000000000000000000000000
t=2023-06-02T16:09:00+0800 lvl=trce msg="Pooled new future transaction"          hash=0xaac6a4bc9820f514036170379cd17d7844511bd439d0878fa6e7c0d2a3f02e76 from=0x7628e7c918DAaf4dfbF615023fDBcF72b8479bCe to=0x0000000000000000000000000000000000000000
t=2023-06-02T16:09:00+0800 lvl=trce msg="Removed old queued transactions"        count=0
t=2023-06-02T16:09:00+0800 lvl=trce msg="Removed unpayable queued transactions"  count=0
t=2023-06-02T16:09:00+0800 lvl=trce msg="Promoted queued transactions"           count=1
t=2023-06-02T16:09:00+0800 lvl=trce msg="Pooled new future transaction"          hash=0x6b687a863088e5f6b2135a841ef29964c45fc6f2b133786277565d882d533e51 from=0xaFF837A9D4D0F8b9cdB55F4a9AC0d0fC0d797bc6 to=0x0000000000000000000000000000000000000000
t=2023-06-02T16:09:00+0800 lvl=trce msg="Removed old queued transactions"        count=0
t=2023-06-02T16:09:00+0800 lvl=trce msg="Discarding freshly underpriced transaction" hash=0x8f75fc29725b15f0436b094c0519f6cd747c81b4969f38dcf30d38092153a665 gasTipCap=1  gasFeeCap=303
t=2023-06-02T16:09:00+0800 lvl=trce msg="Pooled new future transaction"          hash=0x8167fd9b801f2956d05f549d1195346b3747a7ff4d213b80684fa0ade85f2b63 from=0xeE369A9D5bC664fFe8c91ff40306268d40F154de to=0x0000000000000000000000000000000000000000
t=2023-06-02T16:09:00+0800 lvl=trce msg="Removed old queued transactions"        count=0
t=2023-06-02T16:09:00+0800 lvl=trce msg="Removed unpayable queued transactions"  count=0
t=2023-06-02T16:09:00+0800 lvl=trce msg="Promoted queued transactions"           count=1
t=2023-06-02T16:09:00+0800 lvl=trce msg="Pooled new future transaction"          hash=0xedd1b97822688b82b81bad1b0785ea1243f30a2cd7f54617d466384a837e9b60 from=0x4516CE77Ee0fAA7637dFB7791fe71c7FB328b781 to=0x0000000000000000000000000000000000000000
t=2023-06-02T16:09:00+0800 lvl=trce msg="Pooled new future transaction"          hash=0xea76e8f76611b29a6a0e05c9774be7fceac64a05632060a5ae71f6194729e2ce from=0x7628e7c918DAaf4dfbF615023fDBcF72b8479bCe to=0x0000000000000000000000000000000000000000
t=2023-06-02T16:09:00+0800 lvl=trce msg="Removed old queued transactions"        count=0
t=2023-06-02T16:09:00+0800 lvl=trce msg="Removed unpayable queued transactions"  count=0
t=2023-06-02T16:09:00+0800 lvl=trce msg="Promoted queued transactions"           count=0
t=2023-06-02T16:09:00+0800 lvl=trce msg="Pooled new future transaction"          hash=0x283d3521021f222c70957e1de1012878f8e9460a4017d8a33d977fd528daa1b7 from=0x4516CE77Ee0fAA7637dFB7791fe71c7FB328b781 to=0x0000000000000000000000000000000000000000
t=2023-06-02T16:09:00+0800 lvl=trce msg="Pooled new future transaction"          hash=0x7909304e5232c539acc834b83bb10e128f422f323ee67605f7b613fa9d57337e from=0x4516CE77Ee0fAA7637dFB7791fe71c7FB328b781 to=0x0000000000000000000000000000000000000000
t=2023-06-02T16:09:00+0800 lvl=trce msg="Pooled new future transaction"          hash=0x610b8eb6f5404b3448403826dbe6200343890406732f36a67f75ed4a22433e6f from=0x4516CE77Ee0fAA7637dFB7791fe71c7FB328b781 to=0x0000000000000000000000000000000000000000
t=2023-06-02T16:09:00+0800 lvl=trce msg="Pooled new future transaction"          hash=0x9fa38b7484dab6e68f9eb5866de1a23feae17b9ea89ebdd462f79e9e52238e1d from=0x4516CE77Ee0fAA7637dFB7791fe71c7FB328b781 to=0x0000000000000000000000000000000000000000
t=2023-06-02T16:09:00+0800 lvl=trce msg="Discarding freshly underpriced transaction" hash=0xed197823478b8f6223e1991dab25789fcc8e0bb3f105e68317a146fba4b1a4e8 gasTipCap=1  gasFeeCap=304
t=2023-06-02T16:09:00+0800 lvl=trce msg="Pooled new future transaction"          hash=0xe3a42c507a6c84ff1c459016c9204f9739d7066efbd547c77e9a613167cc475d from=0x83E57dBb47a69b58B2B1c04E33172642dAFAA70c to=0x0000000000000000000000000000000000000000
t=2023-06-02T16:09:00+0800 lvl=trce msg="Removed old queued transactions"        count=0
t=2023-06-02T16:09:00+0800 lvl=trce msg="Removed unpayable queued transactions"  count=0
t=2023-06-02T16:09:00+0800 lvl=trce msg="Promoted queued transactions"           count=1
t=2023-06-02T16:09:00+0800 lvl=trce msg="Removed unpayable queued transactions"  count=0
t=2023-06-02T16:09:00+0800 lvl=trce msg="Promoted queued transactions"           count=0
t=2023-06-02T16:09:00+0800 lvl=trce msg="Pooled new future transaction"          hash=0x9456f827cfd53513c282c52e8aa22ede20b0c16e930ae49ac437a85dd41f245d from=0x4516CE77Ee0fAA7637dFB7791fe71c7FB328b781 to=0x0000000000000000000000000000000000000000
t=2023-06-02T16:09:00+0800 lvl=trce msg="Pooled new future transaction"          hash=0x086ce9376788ad7a82b388fafa0bfaa22c32da0c1647200f3875245569ce1dd0 from=0x4516CE77Ee0fAA7637dFB7791fe71c7FB328b781 to=0x0000000000000000000000000000000000000000
t=2023-06-02T16:09:00+0800 lvl=trce msg="Pooled new future transaction"          hash=0x2b2afcb99b66c2da4d11e0d99f94849034ea7c93afd349f3fa6a5a04f8dc920e from=0x4516CE77Ee0fAA7637dFB7791fe71c7FB328b781 to=0x0000000000000000000000000000000000000000
t=2023-06-02T16:09:00+0800 lvl=trce msg="Pooled new future transaction"          hash=0x425112d1cfb943a04802a07663d177e9b1a58177703a469c6a2f097504609db4 from=0x4516CE77Ee0fAA7637dFB7791fe71c7FB328b781 to=0x0000000000000000000000000000000000000000
t=2023-06-02T16:09:00+0800 lvl=trce msg="Pooled new future transaction"          hash=0xbae24da4c4d37943b173969b0b20796affea432d06963e69c879e7f8b771853c from=0x4516CE77Ee0fAA7637dFB7791fe71c7FB328b781 to=0x0000000000000000000000000000000000000000
t=2023-06-02T16:09:00+0800 lvl=trce msg="Pooled new future transaction"          hash=0xf387f507b0de46bebd2808f01cb28da50fe23a2068c4e36a33fcc57046b46c24 from=0x4516CE77Ee0fAA7637dFB7791fe71c7FB328b781 to=0x0000000000000000000000000000000000000000
t=2023-06-02T16:09:00+0800 lvl=trce msg="Pooled new future transaction"          hash=0xe5055f1f0ca0268c47e0a8646fdcce859294a41acbc67ca562259911e00ef2f4 from=0x4516CE77Ee0fAA7637dFB7791fe71c7FB328b781 to=0x0000000000000000000000000000000000000000
t=2023-06-02T16:09:00+0800 lvl=trce msg="Pooled new future transaction"          hash=0x31ba42f7d0cc387fa0d8cba93b45cce45af87e62fbccce1400bd849ad44f6b2c from=0x66e0851F1a162869024b4C9f6b1C4Fc5cb4832F1 to=0x0000000000000000000000000000000000000000
t=2023-06-02T16:09:00+0800 lvl=trce msg="Pooled new future transaction"          hash=0xcfa404d8c2111e9f7c5180ca50ef9bff587b454919c5595fdc51de77c9b9591e from=0x4516CE77Ee0fAA7637dFB7791fe71c7FB328b781 to=0x0000000000000000000000000000000000000000
t=2023-06-02T16:09:00+0800 lvl=trce msg="Pooled new future transaction"          hash=0x2b47dd64b3a65265e67c55e7e1d2f97a89ddf0ab052f8b9766cba7400d3f308d from=0x3a7d223944af0B1334fef607E68Eb052824C16cC to=0x0000000000000000000000000000000000000000
t=2023-06-02T16:09:00+0800 lvl=trce msg="Pooled new future transaction"          hash=0x519998b66a8b0c15df8f8e2919b2ffd40a4a449855178f8bcb0f82e9dd4d1929 from=0xaFF837A9D4D0F8b9cdB55F4a9AC0d0fC0d797bc6 to=0x0000000000000000000000000000000000000000
t=2023-06-02T16:09:00+0800 lvl=trce msg="Pooled new future transaction"          hash=0xb47f17026ad5c582889fa04bf934c749de9fde1d565bc42ae3398c6baf58e2b1 from=0x3a7d223944af0B1334fef607E68Eb052824C16cC to=0x0000000000000000000000000000000000000000
t=2023-06-02T16:09:00+0800 lvl=trce msg="Pooled new future transaction"          hash=0xc339428c394dbb975c13dc55e3b84cb0678d6ba14e99e9a70a7577c215b20e4d from=0x3a7d223944af0B1334fef607E68Eb052824C16cC to=0x0000000000000000000000000000000000000000
t=2023-06-02T16:09:00+0800 lvl=trce msg="Pooled new future transaction"          hash=0x5737f573cc25967fbf22f8f907dc367085bbd8f09977fcbabd694aa231419189 from=0x3a7d223944af0B1334fef607E68Eb052824C16cC to=0x0000000000000000000000000000000000000000
t=2023-06-02T16:09:00+0800 lvl=trce msg="Pooled new future transaction"          hash=0x7ff882e16abf85a235df5515af1c44734ed25f4d5b34e2c54647a54d323563e5 from=0x3a7d223944af0B1334fef607E68Eb052824C16cC to=0x0000000000000000000000000000000000000000
t=2023-06-02T16:09:00+0800 lvl=trce msg="Pooled new future transaction"          hash=0x8db0fa2d8ace137c27265ff7651a67d44f5a720a6f090949d481d2e7f39b4cfc from=0x3a7d223944af0B1334fef607E68Eb052824C16cC to=0x0000000000000000000000000000000000000000
t=2023-06-02T16:09:00+0800 lvl=trce msg="Pooled new future transaction"          hash=0x4e3234ef2fcfd6b334da178717b81a5503351e873a1eba52eba1e0a94c9cf6d3 from=0x3a7d223944af0B1334fef607E68Eb052824C16cC to=0x0000000000000000000000000000000000000000
t=2023-06-02T16:09:00+0800 lvl=trce msg="Discarding freshly underpriced transaction" hash=0xe82ebac78ff813fbe5e021f14cba536fcd926703125b73062a6b466a2835d3f8 gasTipCap=1  gasFeeCap=305
t=2023-06-02T16:09:00+0800 lvl=trce msg="Pooled new future transaction"          hash=0x2396a8e48c31c174f2669f79ca3476cd291852da8d86d5716a5b217a7e950558 from=0xf7b3B46DAe3fa3Fed3579c152437AeF9281D6e36 to=0x0000000000000000000000000000000000000000
t=2023-06-02T16:09:00+0800 lvl=trce msg="Removed old queued transactions"        count=0
t=2023-06-02T16:09:00+0800 lvl=trce msg="Removed unpayable queued transactions"  count=0
t=2023-06-02T16:09:00+0800 lvl=trce msg="Promoted queued transactions"           count=1
t=2023-06-02T16:09:00+0800 lvl=trce msg="Removed old queued transactions"        count=0
t=2023-06-02T16:09:00+0800 lvl=trce msg="Removed unpayable queued transactions"  count=0
t=2023-06-02T16:09:00+0800 lvl=trce msg="Promoted queued transactions"           count=0
t=2023-06-02T16:09:00+0800 lvl=trce msg="Removed old queued transactions"        count=0
t=2023-06-02T16:09:00+0800 lvl=trce msg="Removed unpayable queued transactions"  count=0
t=2023-06-02T16:09:00+0800 lvl=trce msg="Promoted queued transactions"           count=1
t=2023-06-02T16:09:00+0800 lvl=trce msg="Pooled new future transaction"          hash=0x7d6dd46cf6d9893a19f45e667cd257400235a702dd5c27283df1afba3abbbc92 from=0x3a7d223944af0B1334fef607E68Eb052824C16cC to=0x0000000000000000000000000000000000000000
t=2023-06-02T16:09:00+0800 lvl=trce msg="Pooled new future transaction"          hash=0x8ca2f84492e90660120f55a8f889625b20dd9a5fad25922a92277f347ea93b97 from=0x3a7d223944af0B1334fef607E68Eb052824C16cC to=0x0000000000000000000000000000000000000000
t=2023-06-02T16:09:00+0800 lvl=trce msg="Pooled new future transaction"          hash=0x5129af531c22906217520273e3ca029f938e663d9cada421ffc14dc3232fc0bc from=0x3a7d223944af0B1334fef607E68Eb052824C16cC to=0x0000000000000000000000000000000000000000
t=2023-06-02T16:09:00+0800 lvl=trce msg="Pooled new future transaction"          hash=0xa9890594dfce85206f4b0934de1c3007c1760184560093631ef48328d3090d66 from=0x3a7d223944af0B1334fef607E68Eb052824C16cC to=0x0000000000000000000000000000000000000000
t=2023-06-02T16:09:00+0800 lvl=trce msg="Pooled new future transaction"          hash=0x7d69a30d426264a86face5b5eba4794d736ece19b2054e99b33fd7f5acfa5ced from=0x3a7d223944af0B1334fef607E68Eb052824C16cC to=0x0000000000000000000000000000000000000000
t=2023-06-02T16:09:00+0800 lvl=trce msg="Pooled new future transaction"          hash=0x9c8f3a1e28fac15727fe0311f0e6ebfdde22ad6f595d3a5abfe59d556f8e40ce from=0x3a7d223944af0B1334fef607E68Eb052824C16cC to=0x0000000000000000000000000000000000000000
t=2023-06-02T16:09:00+0800 lvl=trce msg="Pooled new future transaction"          hash=0x7abfe6060dcf9dc375a96fec2dfffd85de97a50a3d49a04e199932267c7eaae1 from=0xaFF837A9D4D0F8b9cdB55F4a9AC0d0fC0d797bc6 to=0x0000000000000000000000000000000000000000
t=2023-06-02T16:09:00+0800 lvl=trce msg="Pooled new future transaction"          hash=0xa269bc3d0b8fc9a4c5931d90eee39188919dec90ed55b6d8bf4a92c50d9445c9 from=0x3a7d223944af0B1334fef607E68Eb052824C16cC to=0x0000000000000000000000000000000000000000
t=2023-06-02T16:09:00+0800 lvl=trce msg="Pooled new future transaction"          hash=0xd877a38cd5683e78e04a4c3747a67709d75ddb6eb3310e4f51ab713b93cebdf0 from=0x3a7d223944af0B1334fef607E68Eb052824C16cC to=0x0000000000000000000000000000000000000000
t=2023-06-02T16:09:00+0800 lvl=trce msg="Pooled new future transaction"          hash=0x0e418dd01715b0727ba7f2483a49f4c08ff0db71dace555a7bc1370fc84729cb from=0x3a7d223944af0B1334fef607E68Eb052824C16cC to=0x0000000000000000000000000000000000000000
t=2023-06-02T16:09:00+0800 lvl=trce msg="Discarding freshly underpriced transaction" hash=0x76db42be34d74b8a526413f98b6914f25484e4d6cbf32a781f5cd4839e3f4e9f gasTipCap=1  gasFeeCap=306
t=2023-06-02T16:09:00+0800 lvl=trce msg="Pooled new future transaction"          hash=0xecce5ecb4f539cf4e04d3d49e3d04488bd70b035ed37e653cb5db0e887632019 from=0x3a7d223944af0B1334fef607E68Eb052824C16cC to=0x0000000000000000000000000000000000000000
t=2023-06-02T16:09:00+0800 lvl=trce msg="Pooled new future transaction"          hash=0x628b8d5f575b61228759c2ca5f2627136db8998d68dee14b283fba64a1e5a306 from=0x66e0851F1a162869024b4C9f6b1C4Fc5cb4832F1 to=0x0000000000000000000000000000000000000000
t=2023-06-02T16:09:00+0800 lvl=trce msg="Pooled new future transaction"          hash=0x4aabba19cd4b9f7f0b029c7c8b7b06e3c6902b370e2b462465998b271308b1fa from=0x3a7d223944af0B1334fef607E68Eb052824C16cC to=0x0000000000000000000000000000000000000000
t=2023-06-02T16:09:00+0800 lvl=trce msg="Pooled new future transaction"          hash=0x44514bf0f25ffba2b1844ecdcb8ed3bddb21482226b67ac83d81a1ea8cbfae67 from=0x3a7d223944af0B1334fef607E68Eb052824C16cC to=0x0000000000000000000000000000000000000000
t=2023-06-02T16:09:00+0800 lvl=trce msg="Pooled new future transaction"          hash=0xf3bbf896b67eeb09d06c20653dba155fd02af092df4a79fe7361ff6814cd2f7e from=0x3a7d223944af0B1334fef607E68Eb052824C16cC to=0x0000000000000000000000000000000000000000
t=2023-06-02T16:09:00+0800 lvl=trce msg="Pooled new future transaction"          hash=0x3e548d12ff1792c8f3d3918185b29e5a795909d5d316e572045a01955ce188e3 from=0x3a7d223944af0B1334fef607E68Eb052824C16cC to=0x0000000000000000000000000000000000000000
t=2023-06-02T16:09:00+0800 lvl=trce msg="Pooled new future transaction"          hash=0x80983ad6a51bc6b3353246847e0c517090653394f61f1bbbe32b578182a048b7 from=0x3a7d223944af0B1334fef607E68Eb052824C16cC to=0x0000000000000000000000000000000000000000
t=2023-06-02T16:09:00+0800 lvl=trce msg="Pooled new future transaction"          hash=0xe090b0bf82b839f01470eaf47122530ef9f176ff2e42fa8e31f22c72ce684f28 from=0xD6b163B218FB9e825F80a4296C8BDf7F943978B2 to=0x0000000000000000000000000000000000000000
t=2023-06-02T16:09:00+0800 lvl=trce msg="Removed old queued transactions"        count=0
t=2023-06-02T16:09:00+0800 lvl=trce msg="Removed unpayable queued transactions"  count=0
t=2023-06-02T16:09:00+0800 lvl=trce msg="Promoted queued transactions"           count=1
t=2023-06-02T16:09:00+0800 lvl=trce msg="Removed old queued transactions"        count=0
t=2023-06-02T16:09:00+0800 lvl=trce msg="Removed unpayable queued transactions"  count=0
t=2023-06-02T16:09:00+0800 lvl=trce msg="Promoted queued transactions"           count=0
t=2023-06-02T16:09:00+0800 lvl=trce msg="Removed old queued transactions"        count=0
t=2023-06-02T16:09:00+0800 lvl=trce msg="Removed unpayable queued transactions"  count=0
t=2023-06-02T16:09:00+0800 lvl=trce msg="Promoted queued transactions"           count=0
t=2023-06-02T16:09:00+0800 lvl=trce msg="Pooled new future transaction"          hash=0x617e61455c2fb38ffc64741ac59668709850746bed48357e89573e6bb22a3423 from=0x3a7d223944af0B1334fef607E68Eb052824C16cC to=0x0000000000000000000000000000000000000000
t=2023-06-02T16:09:00+0800 lvl=trce msg="Pooled new future transaction"          hash=0x496812372b9bc06c2540182d4350a79f48fc13a690d5f1b4d941da656a08e9f3 from=0x3a7d223944af0B1334fef607E68Eb052824C16cC to=0x0000000000000000000000000000000000000000
t=2023-06-02T16:09:00+0800 lvl=trce msg="Pooled new future transaction"          hash=0xcaae47b95323566c949312a579dd61b01d1b39f65cb0bd1b2ad96e4ed23b5379 from=0x3a7d223944af0B1334fef607E68Eb052824C16cC to=0x0000000000000000000000000000000000000000
t=2023-06-02T16:09:00+0800 lvl=trce msg="Pooled new future transaction"          hash=0x9a0a7be6e2baadae11a294fdc2af635ad2bad4e4530902e6e806bdaae01511d7 from=0x3a7d223944af0B1334fef607E68Eb052824C16cC to=0x0000000000000000000000000000000000000000
t=2023-06-02T16:09:00+0800 lvl=trce msg="Pooled new future transaction"          hash=0xd224be4e5d9f718804dd6e96ec53cfde65fe7355f59aca25a0572be03009e345 from=0x3a7d223944af0B1334fef607E68Eb052824C16cC to=0x0000000000000000000000000000000000000000
t=2023-06-02T16:09:00+0800 lvl=trce msg="Pooled new future transaction"          hash=0xbed4b28143e06b700967cece065dffe8015d84100af33a3ff0765037dbc50a66 from=0x7628e7c918DAaf4dfbF615023fDBcF72b8479bCe to=0x0000000000000000000000000000000000000000
t=2023-06-02T16:09:00+0800 lvl=trce msg="Discarding freshly underpriced transaction" hash=0x8167fd9b801f2956d05f549d1195346b3747a7ff4d213b80684fa0ade85f2b63 gasTipCap=1  gasFeeCap=307
t=2023-06-02T16:09:00+0800 lvl=trce msg="Removed old queued transactions"        count=0
t=2023-06-02T16:09:00+0800 lvl=trce msg="Pooled new future transaction"          hash=0xc3142c60b001b03e9de50f21ad7c73e2f598e3ea60f8b2e136f97ff12bacae50 from=0x3a7d223944af0B1334fef607E68Eb052824C16cC to=0x0000000000000000000000000000000000000000
t=2023-06-02T16:09:00+0800 lvl=trce msg="Pooled new future transaction"          hash=0xf0c239e48f0588040c6e86c7102b4c64f46a8f06633136c702201483d19c00ca from=0x3a7d223944af0B1334fef607E68Eb052824C16cC to=0x0000000000000000000000000000000000000000
t=2023-06-02T16:09:00+0800 lvl=trce msg="Pooled new future transaction"          hash=0xab2929bc168845bcaaa981c2c9d106aa41e451aac5638a4654027ba929d10213 from=0x3a7d223944af0B1334fef607E68Eb052824C16cC to=0x0000000000000000000000000000000000000000
t=2023-06-02T16:09:00+0800 lvl=trce msg="Pooled new future transaction"          hash=0x229a07339aa4ba44970194d79c4da7302f2253dc7f6336773566f99c0d4e7ccc from=0x3a7d223944af0B1334fef607E68Eb052824C16cC to=0x0000000000000000000000000000000000000000
t=2023-06-02T16:09:00+0800 lvl=trce msg="Pooled new future transaction"          hash=0x2d735e8b3d29e7c65e36deda6e436e041edd59f5a3677562cad9ecee682d9782 from=0xbcb2e88Ae4f491bd899C5E882dDc41436BBCE3eE to=0x0000000000000000000000000000000000000000
t=2023-06-02T16:09:00+0800 lvl=trce msg="Pooled new future transaction"          hash=0x419e132b08deaa0e2e7252ceafc6a260706f5bc29005b1a279f440fc83c02656 from=0xaFF837A9D4D0F8b9cdB55F4a9AC0d0fC0d797bc6 to=0x0000000000000000000000000000000000000000
t=2023-06-02T16:09:00+0800 lvl=trce msg="Removed old queued transactions"        count=0
t=2023-06-02T16:09:00+0800 lvl=trce msg="Removed unpayable queued transactions"  count=0
t=2023-06-02T16:09:00+0800 lvl=trce msg="Promoted queued transactions"           count=1
t=2023-06-02T16:09:00+0800 lvl=trce msg="Removed unpayable queued transactions"  count=0
t=2023-06-02T16:09:00+0800 lvl=trce msg="Promoted queued transactions"           count=1
t=2023-06-02T16:09:00+0800 lvl=trce msg="Pooled new future transaction"          hash=0xc26e9c6d7db450c8c8191d3299bdc827d722d37937b72747574f36553ce9eb47 from=0x3a7d223944af0B1334fef607E68Eb052824C16cC to=0x0000000000000000000000000000000000000000
t=2023-06-02T16:09:00+0800 lvl=trce msg="Pooled new future transaction"          hash=0x0da57514e720c2e91b159d3cfeaaa1985c703c59d54b0ff885cab9748c959c4a from=0x3a7d223944af0B1334fef607E68Eb052824C16cC to=0x0000000000000000000000000000000000000000
t=2023-06-02T16:09:00+0800 lvl=trce msg="Pooled new future transaction"          hash=0x9f709d5067fd78fa32ff67f726200b63c1d587769e1e64c6d798c8694ecdb830 from=0x3a7d223944af0B1334fef607E68Eb052824C16cC to=0x0000000000000000000000000000000000000000
t=2023-06-02T16:09:00+0800 lvl=trce msg="Pooled new future transaction"          hash=0x87031ca084bfa50a7924ee8ef643323a94e4252c567e812310cce7aa0d16b4c1 from=0x3a7d223944af0B1334fef607E68Eb052824C16cC to=0x0000000000000000000000000000000000000000
t=2023-06-02T16:09:00+0800 lvl=trce msg="Removed old queued transactions"        count=0
t=2023-06-02T16:09:00+0800 lvl=trce msg="Pooled new future transaction"          hash=0xdc85fb588ddfdfc3c439dde0e1ff2f4377897dfb7f64cc20696b33d7ce3d7be0 from=0x3a7d223944af0B1334fef607E68Eb052824C16cC to=0x0000000000000000000000000000000000000000
t=2023-06-02T16:09:00+0800 lvl=trce msg="Pooled new future transaction"          hash=0xe150da517e92436619a6031825fa10fde719889d8daf6b834506b0ec6bbaca44 from=0x3a7d223944af0B1334fef607E68Eb052824C16cC to=0x0000000000000000000000000000000000000000
t=2023-06-02T16:09:00+0800 lvl=trce msg="Discarding freshly underpriced transaction" hash=0xe3a42c507a6c84ff1c459016c9204f9739d7066efbd547c77e9a613167cc475d gasTipCap=1  gasFeeCap=308
t=2023-06-02T16:09:00+0800 lvl=trce msg="Pooled new future transaction"          hash=0x02107fd55ba5b28dfa5767d1a652114eee49d1d0d4292c115b2b9f3726f13cd3 from=0x7628e7c918DAaf4dfbF615023fDBcF72b8479bCe to=0x0000000000000000000000000000000000000000
t=2023-06-02T16:09:00+0800 lvl=trce msg="Pooled new future transaction"          hash=0xa583e7fccf65203c2384e93ea52e1f4960ca904b34ad6f20ef8aca43504730a8 from=0xE73Fd593CD05245908F3A002642D26a763aFeDb7 to=0x0000000000000000000000000000000000000000
t=2023-06-02T16:09:00+0800 lvl=trce msg="Removed old queued transactions"        count=0
t=2023-06-02T16:09:00+0800 lvl=trce msg="Removed unpayable queued transactions"  count=0
t=2023-06-02T16:09:00+0800 lvl=trce msg="Promoted queued transactions"           count=0
t=2023-06-02T16:09:00+0800 lvl=trce msg="Removed old queued transactions"        count=0
t=2023-06-02T16:09:00+0800 lvl=trce msg="Removed unpayable queued transactions"  count=0
t=2023-06-02T16:09:00+0800 lvl=trce msg="Removed unpayable queued transactions"  count=0
t=2023-06-02T16:09:00+0800 lvl=trce msg="Promoted queued transactions"           count=1
t=2023-06-02T16:09:00+0800 lvl=trce msg="Promoted queued transactions"           count=0
t=2023-06-02T16:09:00+0800 lvl=trce msg="Pooled new future transaction"          hash=0x00355ea2d196499ac7e6cffd2f0fc61014dc56fd6d2599644a7baac2d6000062 from=0x3a7d223944af0B1334fef607E68Eb052824C16cC to=0x0000000000000000000000000000000000000000
t=2023-06-02T16:09:00+0800 lvl=trce msg="Pooled new future transaction"          hash=0x25a41f0910905aa156c235c989c1f76fb659c60986d859df9cf693829398c890 from=0x3a7d223944af0B1334fef607E68Eb052824C16cC to=0x0000000000000000000000000000000000000000
t=2023-06-02T16:09:00+0800 lvl=trce msg="Pooled new future transaction"          hash=0x234939d03868e8e62714341af01cf86a1ecf6994db4b82dd7ca501c6994dd011 from=0x3a7d223944af0B1334fef607E68Eb052824C16cC to=0x0000000000000000000000000000000000000000
t=2023-06-02T16:09:00+0800 lvl=trce msg="Pooled new future transaction"          hash=0x75567e38df7b427163442823c526e79b00d19b50c935296c30160a10db0cfbfc from=0x66e0851F1a162869024b4C9f6b1C4Fc5cb4832F1 to=0x0000000000000000000000000000000000000000
t=2023-06-02T16:09:00+0800 lvl=trce msg="Pooled new future transaction"          hash=0xba1f5d4456c1215d9333ba9b04d005e8c5eeb336bed880be977d8262923f0573 from=0x3a7d223944af0B1334fef607E68Eb052824C16cC to=0x0000000000000000000000000000000000000000
t=2023-06-02T16:09:00+0800 lvl=trce msg="Pooled new future transaction"          hash=0xe2bf3d538d4575e7eaca7922529f2e0c280e879564a966dbeb0caa9e1885b969 from=0xaFF837A9D4D0F8b9cdB55F4a9AC0d0fC0d797bc6 to=0x0000000000000000000000000000000000000000
t=2023-06-02T16:09:00+0800 lvl=trce msg="Removed old queued transactions"        count=0
t=2023-06-02T16:09:00+0800 lvl=trce msg="Pooled new future transaction"          hash=0xc3c3db4e77121915bc1646889961774b3c1a3b90a553a36c5399480e60b28bd7 from=0x3a7d223944af0B1334fef607E68Eb052824C16cC to=0x0000000000000000000000000000000000000000
t=2023-06-02T16:09:00+0800 lvl=trce msg="Pooled new future transaction"          hash=0x1c53dbbe3ae8eae5cee134b378210925c64ef150dd8fba81267a057777f60d9c from=0x3a7d223944af0B1334fef607E68Eb052824C16cC to=0x0000000000000000000000000000000000000000
t=2023-06-02T16:09:00+0800 lvl=trce msg="Discarding freshly underpriced transaction" hash=0x2396a8e48c31c174f2669f79ca3476cd291852da8d86d5716a5b217a7e950558 gasTipCap=1  gasFeeCap=309
t=2023-06-02T16:09:00+0800 lvl=trce msg="Pooled new future transaction"          hash=0x6745795c4e4e8605058725fcb323f4d208539041c7b9fa009b155b6ab4eb4ea1 from=0x3a7d223944af0B1334fef607E68Eb052824C16cC to=0x0000000000000000000000000000000000000000
t=2023-06-02T16:09:00+0800 lvl=trce msg="Pooled new future transaction"          hash=0x08085e2269842f58cf445eea9a248f7fd9e280830afa1f330b97d80f01475989 from=0x628F26d094384cf03856Aa057969F7400fa397b1 to=0x0000000000000000000000000000000000000000
t=2023-06-02T16:09:00+0800 lvl=trce msg="Pooled new future transaction"          hash=0x7acf66f68b441284841995b0353a90c8f7d59f34207c38536d9133f6d0985d28 from=0x3a7d223944af0B1334fef607E68Eb052824C16cC to=0x0000000000000000000000000000000000000000
t=2023-06-02T16:09:00+0800 lvl=trce msg="Removed old queued transactions"        count=0
t=2023-06-02T16:09:00+0800 lvl=trce msg="Removed unpayable queued transactions"  count=0
t=2023-06-02T16:09:00+0800 lvl=trce msg="Promoted queued transactions"           count=1
t=2023-06-02T16:09:00+0800 lvl=trce msg="Removed unpayable queued transactions"  count=0
t=2023-06-02T16:09:00+0800 lvl=trce msg="Promoted queued transactions"           count=0
t=2023-06-02T16:09:00+0800 lvl=trce msg="Removed old queued transactions"        count=0
t=2023-06-02T16:09:00+0800 lvl=trce msg="Removed unpayable queued transactions"  count=0
t=2023-06-02T16:09:00+0800 lvl=trce msg="Promoted queued transactions"           count=1
t=2023-06-02T16:09:00+0800 lvl=trce msg="Pooled new future transaction"          hash=0x9d3f49696c55e5f44c1ed2fa3cea33fd5ac960b57b08eeca6521875fa2413879 from=0x3a7d223944af0B1334fef607E68Eb052824C16cC to=0x0000000000000000000000000000000000000000
t=2023-06-02T16:09:00+0800 lvl=trce msg="Pooled new future transaction"          hash=0xcd2f164d225cb422f624e37db28e013c78864b9f938bf6bb387fbdc49c2f1c09 from=0x3a7d223944af0B1334fef607E68Eb052824C16cC to=0x0000000000000000000000000000000000000000
t=2023-06-02T16:09:00+0800 lvl=trce msg="Pooled new future transaction"          hash=0x8be9e706aec32301c3994c324b0d3a561a984472d02344ea76a70561e3f5b3a7 from=0x3a7d223944af0B1334fef607E68Eb052824C16cC to=0x0000000000000000000000000000000000000000
t=2023-06-02T16:09:00+0800 lvl=trce msg="Pooled new future transaction"          hash=0xe5d19c677f31570ced6810217f5dfdd9850ad35bf92b9d0c7cbdbaf357840fc2 from=0x3a7d223944af0B1334fef607E68Eb052824C16cC to=0x0000000000000000000000000000000000000000
t=2023-06-02T16:09:00+0800 lvl=trce msg="Pooled new future transaction"          hash=0x13acc5eb9e365a3067265d12c07a1012899fb0ee8c3e5e7b75482f8f86dfec94 from=0x3a7d223944af0B1334fef607E68Eb052824C16cC to=0x0000000000000000000000000000000000000000
t=2023-06-02T16:09:00+0800 lvl=trce msg="Pooled new future transaction"          hash=0x6dd6d2f2edbfa3d7e3de58011c5984f438462154a8195d1808a9b137e641a887 from=0x3a7d223944af0B1334fef607E68Eb052824C16cC to=0x0000000000000000000000000000000000000000
t=2023-06-02T16:09:00+0800 lvl=trce msg="Pooled new future transaction"          hash=0xcb1b704a29489b5f21332b8ef6aa5998df36f7a17ad7b0497d95d040a008bd49 from=0x3a7d223944af0B1334fef607E68Eb052824C16cC to=0x0000000000000000000000000000000000000000
t=2023-06-02T16:09:00+0800 lvl=trce msg="Pooled new future transaction"          hash=0x0f3246175636af0223da143eec31cb053666989fade7423255f28419108345b8 from=0x3a7d223944af0B1334fef607E68Eb052824C16cC to=0x0000000000000000000000000000000000000000
t=2023-06-02T16:09:00+0800 lvl=trce msg="Pooled new future transaction"          hash=0x33593f8c9b01d2a0bea2c2b6e200b0579a7088976f38f149a6aa689f6b705ed5 from=0x66e0851F1a162869024b4C9f6b1C4Fc5cb4832F1 to=0x0000000000000000000000000000000000000000
t=2023-06-02T16:09:00+0800 lvl=trce msg="Removed old queued transactions"        count=0
t=2023-06-02T16:09:00+0800 lvl=trce msg="Discarding freshly underpriced transaction" hash=0xe090b0bf82b839f01470eaf47122530ef9f176ff2e42fa8e31f22c72ce684f28 gasTipCap=1  gasFeeCap=310
t=2023-06-02T16:09:00+0800 lvl=trce msg="Pooled new future transaction"          hash=0x1b70b8b778cbc0c9eb3c57dc4f98995ce8a3c711f4356bebb7b39956b42a21f3 from=0xbbBD2260647003321BBdE5DD4046387cBEf32488 to=0x0000000000000000000000000000000000000000
t=2023-06-02T16:09:00+0800 lvl=trce msg="Removed old queued transactions"        count=0
t=2023-06-02T16:09:00+0800 lvl=trce msg="Removed unpayable queued transactions"  count=0
t=2023-06-02T16:09:00+0800 lvl=trce msg="Promoted queued transactions"           count=1
t=2023-06-02T16:09:00+0800 lvl=trce msg="Pooled new future transaction"          hash=0x3c821f153e478aa312ef92d9bab4b79efa49ea3175a9fa743ceaf921c28594ef from=0x3a7d223944af0B1334fef607E68Eb052824C16cC to=0x0000000000000000000000000000000000000000
t=2023-06-02T16:09:00+0800 lvl=trce msg="Pooled new future transaction"          hash=0x25c41c11fb7c38a49da30fcf4b6641436086620a9ec6afa8914a1b8915544345 from=0x3a7d223944af0B1334fef607E68Eb052824C16cC to=0x0000000000000000000000000000000000000000
t=2023-06-02T16:09:00+0800 lvl=trce msg="Pooled new future transaction"          hash=0x639f7951e39369eda948546425e9114102b2654ec36d0103edb9f2c0b7874cce from=0x3a7d223944af0B1334fef607E68Eb052824C16cC to=0x0000000000000000000000000000000000000000
t=2023-06-02T16:09:00+0800 lvl=trce msg="Pooled new future transaction"          hash=0x6ba7af1b1ccb2414c2c4e65524f803343f8076d92f9c9fb2e541c570cabf8a70 from=0x3a7d223944af0B1334fef607E68Eb052824C16cC to=0x0000000000000000000000000000000000000000
t=2023-06-02T16:09:00+0800 lvl=trce msg="Pooled new future transaction"          hash=0x8b399b9caa02f58c3167d687e4fe1b0c943ac0114f922bd756d367374c7ef51c from=0xaFF837A9D4D0F8b9cdB55F4a9AC0d0fC0d797bc6 to=0x0000000000000000000000000000000000000000
t=2023-06-02T16:09:00+0800 lvl=trce msg="Removed old queued transactions"        count=0
t=2023-06-02T16:09:00+0800 lvl=trce msg="Removed unpayable queued transactions"  count=0
t=2023-06-02T16:09:00+0800 lvl=trce msg="Promoted queued transactions"           count=0
t=2023-06-02T16:09:00+0800 lvl=trce msg="Removed unpayable queued transactions"  count=0
t=2023-06-02T16:09:00+0800 lvl=trce msg="Promoted queued transactions"           count=0
t=2023-06-02T16:09:00+0800 lvl=trce msg="Pooled new future transaction"          hash=0xbd7e8383a588f1de3d0be3e446a6cab09e978855724f12489f2c661fabc4ac21 from=0x3a7d223944af0B1334fef607E68Eb052824C16cC to=0x0000000000000000000000000000000000000000
t=2023-06-02T16:09:00+0800 lvl=trce msg="Discarding freshly underpriced transaction" hash=0x2d735e8b3d29e7c65e36deda6e436e041edd59f5a3677562cad9ecee682d9782 gasTipCap=1  gasFeeCap=311
t=2023-06-02T16:09:00+0800 lvl=trce msg="Pooled new future transaction"          hash=0x43d4fdd1ec2bef334eeb465bdd60ec9b8edc2428812db75c82a96b84f64c78c1 from=0x749D1DC12bF39A986Fa8d908756F7E50947812b8 to=0x0000000000000000000000000000000000000000
t=2023-06-02T16:09:00+0800 lvl=trce msg="Removed old queued transactions"        count=0
t=2023-06-02T16:09:00+0800 lvl=trce msg="Removed unpayable queued transactions"  count=0
t=2023-06-02T16:09:00+0800 lvl=trce msg="Pooled new future transaction"          hash=0x465d8c3e15d14eb40334de6cee3871ee27037d4ff4310720a209031edb2666ab from=0x3a7d223944af0B1334fef607E68Eb052824C16cC to=0x0000000000000000000000000000000000000000
t=2023-06-02T16:09:00+0800 lvl=trce msg="Pooled new future transaction"          hash=0x7b4ca004669e7c03e08f6d970648db656c38b7ab9a54ca1c6bc1b1de496b0c45 from=0x3a7d223944af0B1334fef607E68Eb052824C16cC to=0x0000000000000000000000000000000000000000
t=2023-06-02T16:09:00+0800 lvl=trce msg="Pooled new future transaction"          hash=0x2b0237109932fe9a207a0586b4f0a4c000bcc3083ae253852b4d265d74413d0f from=0x3a7d223944af0B1334fef607E68Eb052824C16cC to=0x0000000000000000000000000000000000000000
t=2023-06-02T16:09:00+0800 lvl=trce msg="Pooled new future transaction"          hash=0x97ac474ae41bad1a9966ef0158f3ab9dbbd7817d236d966c814c67fa1cd0e690 from=0x3a7d223944af0B1334fef607E68Eb052824C16cC to=0x0000000000000000000000000000000000000000
t=2023-06-02T16:09:00+0800 lvl=trce msg="Promoted queued transactions"           count=1
t=2023-06-02T16:09:00+0800 lvl=trce msg="Pooled new future transaction"          hash=0xa81acd181c93976a3b0427983d4460d2a53bae67373f5d1e8448cf34679f4455 from=0xaFF837A9D4D0F8b9cdB55F4a9AC0d0fC0d797bc6 to=0x0000000000000000000000000000000000000000
t=2023-06-02T16:09:00+0800 lvl=trce msg="Removed old queued transactions"        count=0
t=2023-06-02T16:09:00+0800 lvl=trce msg="Pooled new future transaction"          hash=0x0ecc61e0c60c31934fbd62c181b91a4ef64416a2ddd0c9e679b3431aa6386c0b from=0x7628e7c918DAaf4dfbF615023fDBcF72b8479bCe to=0x0000000000000000000000000000000000000000
t=2023-06-02T16:09:00+0800 lvl=trce msg="Removed old queued transactions"        count=0
t=2023-06-02T16:09:00+0800 lvl=trce msg="Removed unpayable queued transactions"  count=0
t=2023-06-02T16:09:00+0800 lvl=trce msg="Promoted queued transactions"           count=1
t=2023-06-02T16:09:00+0800 lvl=trce msg="Pooled new future transaction"          hash=0x89f814995bd9a22865178423f7b09b7ba5be1d3724753cae5c352b6fd7f31ea9 from=0x3a7d223944af0B1334fef607E68Eb052824C16cC to=0x0000000000000000000000000000000000000000
t=2023-06-02T16:09:00+0800 lvl=trce msg="Pooled new future transaction"          hash=0x457868e2fd85c1bd383ae7860b096efc432400fdb0ae96606502aee231f9a78c from=0x3a7d223944af0B1334fef607E68Eb052824C16cC to=0x0000000000000000000000000000000000000000
t=2023-06-02T16:09:00+0800 lvl=trce msg="Pooled new future transaction"          hash=0x1e35bdff63b7e777a56559575d65d8f784126a347c07d149fbbc44b1a5bbc803 from=0x3d5232E54095fe4c0bE735dFE1662bBDeE2c6538 to=0x0000000000000000000000000000000000000000
t=2023-06-02T16:09:00+0800 lvl=trce msg="Pooled new future transaction"          hash=0x6d1cf063edafed6dda5af05d872688089724e34c03a33e486229dbb24284063a from=0x3d5232E54095fe4c0bE735dFE1662bBDeE2c6538 to=0x0000000000000000000000000000000000000000
t=2023-06-02T16:09:00+0800 lvl=trce msg="Removed unpayable queued transactions"  count=0
t=2023-06-02T16:09:00+0800 lvl=trce msg="Promoted queued transactions"           count=0
t=2023-06-02T16:09:00+0800 lvl=trce msg="Discarding freshly underpriced transaction" hash=0xa583e7fccf65203c2384e93ea52e1f4960ca904b34ad6f20ef8aca43504730a8 gasTipCap=1  gasFeeCap=312
t=2023-06-02T16:09:00+0800 lvl=trce msg="Pooled new future transaction"          hash=0x7b7040d0eb92a214bde3e825f1776dc41b307bb6d9e8fbebe500ec894f25beb3 from=0x3d5232E54095fe4c0bE735dFE1662bBDeE2c6538 to=0x0000000000000000000000000000000000000000
t=2023-06-02T16:09:00+0800 lvl=trce msg="Pooled new future transaction"          hash=0x5b6055105769fcf529c1f13241f3c206bf2626745c27696ba79c041aba503212 from=0x7628e7c918DAaf4dfbF615023fDBcF72b8479bCe to=0x0000000000000000000000000000000000000000
t=2023-06-02T16:09:00+0800 lvl=trce msg="Pooled new future transaction"          hash=0x23149701a97426c4b9663a63bc9771e080aee11c042a2e5816724f25b9f0bd98 from=0x3d5232E54095fe4c0bE735dFE1662bBDeE2c6538 to=0x0000000000000000000000000000000000000000
t=2023-06-02T16:09:00+0800 lvl=trce msg="Pooled new future transaction"          hash=0x294936ef4c247723165d32a91d25893ed49cdff0689c9748e2ad448f4ea2b1ea from=0x3d5232E54095fe4c0bE735dFE1662bBDeE2c6538 to=0x0000000000000000000000000000000000000000
t=2023-06-02T16:09:00+0800 lvl=trce msg="Pooled new future transaction"          hash=0xa8aab275182c91b9e862a4488663be7f0f3c92a22bc4d34200fc7f8e379a3330 from=0xaFF837A9D4D0F8b9cdB55F4a9AC0d0fC0d797bc6 to=0x0000000000000000000000000000000000000000
t=2023-06-02T16:09:00+0800 lvl=trce msg="Removed old queued transactions"        count=0
t=2023-06-02T16:09:00+0800 lvl=trce msg="Removed unpayable queued transactions"  count=0
t=2023-06-02T16:09:00+0800 lvl=trce msg="Promoted queued transactions"           count=0
t=2023-06-02T16:09:00+0800 lvl=trce msg="Removed old queued transactions"        count=0
t=2023-06-02T16:09:00+0800 lvl=trce msg="Removed unpayable queued transactions"  count=0
t=2023-06-02T16:09:00+0800 lvl=trce msg="Promoted queued transactions"           count=0
t=2023-06-02T16:09:00+0800 lvl=trce msg="Pooled new future transaction"          hash=0x7c87b5a9f5ba2f1c7ad4d0a742d0183e7c505b95e4418ec9dc748a77c424ce7b from=0x3d5232E54095fe4c0bE735dFE1662bBDeE2c6538 to=0x0000000000000000000000000000000000000000
t=2023-06-02T16:09:00+0800 lvl=trce msg="Pooled new future transaction"          hash=0xe6100f87ff06e3486b634bb0f032c9749d4f9b336ec2b3de2e53e4eb7e11d251 from=0x3d5232E54095fe4c0bE735dFE1662bBDeE2c6538 to=0x0000000000000000000000000000000000000000
t=2023-06-02T16:09:00+0800 lvl=trce msg="Pooled new future transaction"          hash=0x66a9ac5c7b5f94c9c8d893230c8cced1a6cea24562458df285c8657f70bbe848 from=0x3d5232E54095fe4c0bE735dFE1662bBDeE2c6538 to=0x0000000000000000000000000000000000000000
t=2023-06-02T16:09:00+0800 lvl=trce msg="Pooled new future transaction"          hash=0xf5b31b0dc3efb4cbcd3a684226cd146c2a22344f6e028418dc7ffe45694d52c5 from=0x3d5232E54095fe4c0bE735dFE1662bBDeE2c6538 to=0x0000000000000000000000000000000000000000
t=2023-06-02T16:09:00+0800 lvl=trce msg="Pooled new future transaction"          hash=0x78f30ca0eee191e964576c14784be4199635373daf8b9ee8c25e59d832903725 from=0x3d5232E54095fe4c0bE735dFE1662bBDeE2c6538 to=0x0000000000000000000000000000000000000000
t=2023-06-02T16:09:00+0800 lvl=trce msg="Pooled new future transaction"          hash=0x9531fedc3992c5c6fb037ddedcacb984f9b7826590bbda31eb9399e7a10ed069 from=0xD48c4BA99Dd734Aa711382b9749D1d1795AA4D30 to=0x0000000000000000000000000000000000000000
t=2023-06-02T16:09:00+0800 lvl=trce msg="Removed old queued transactions"        count=0
t=2023-06-02T16:09:00+0800 lvl=trce msg="Removed unpayable queued transactions"  count=0
t=2023-06-02T16:09:00+0800 lvl=trce msg="Promoted queued transactions"           count=1
t=2023-06-02T16:09:00+0800 lvl=trce msg="Pooled new future transaction"          hash=0x16fde21ec15ffa66b6cebe1390004ebc1c27bb68c54e7b9d5ea1260d8dec97ea from=0x3d5232E54095fe4c0bE735dFE1662bBDeE2c6538 to=0x0000000000000000000000000000000000000000
t=2023-06-02T16:09:00+0800 lvl=trce msg="Pooled new future transaction"          hash=0xdca70f5b269b6a516278d124a9d97332af5c293c1c7ded7db5e0ae9c83c44dc0 from=0x3d5232E54095fe4c0bE735dFE1662bBDeE2c6538 to=0x0000000000000000000000000000000000000000
t=2023-06-02T16:09:00+0800 lvl=trce msg="Pooled new future transaction"          hash=0x56c3fec8ca9dc432cdca2f183da79257d8fd7eca56129fdb824aa38aca0b5f8a from=0xaFF837A9D4D0F8b9cdB55F4a9AC0d0fC0d797bc6 to=0x0000000000000000000000000000000000000000
t=2023-06-02T16:09:00+0800 lvl=trce msg="Pooled new future transaction"          hash=0x28295dc3878fafb7e6190bd980fa8cd5cace71edd78d9d1de3417bc969a59237 from=0x3d5232E54095fe4c0bE735dFE1662bBDeE2c6538 to=0x0000000000000000000000000000000000000000
t=2023-06-02T16:09:00+0800 lvl=trce msg="Pooled new future transaction"          hash=0x28510663ba2df5f54c533b39aa004233a913966816862e08a612a3d4b44aea0c from=0x3d5232E54095fe4c0bE735dFE1662bBDeE2c6538 to=0x0000000000000000000000000000000000000000
t=2023-06-02T16:09:00+0800 lvl=trce msg="Pooled new future transaction"          hash=0x1507c6681fb3e97391b4dedd2b09dfc3861c111f3e1736683cf67b076fe2ccc1 from=0x3d5232E54095fe4c0bE735dFE1662bBDeE2c6538 to=0x0000000000000000000000000000000000000000
t=2023-06-02T16:09:00+0800 lvl=trce msg="Removed old queued transactions"        count=0
t=2023-06-02T16:09:00+0800 lvl=trce msg="Removed unpayable queued transactions"  count=0
t=2023-06-02T16:09:00+0800 lvl=trce msg="Promoted queued transactions"           count=0
t=2023-06-02T16:09:00+0800 lvl=trce msg="Discarding freshly underpriced transaction" hash=0x08085e2269842f58cf445eea9a248f7fd9e280830afa1f330b97d80f01475989 gasTipCap=1  gasFeeCap=313
t=2023-06-02T16:09:00+0800 lvl=trce msg="Pooled new future transaction"          hash=0xe757bbb1a482679dbf8706468afafd0d6f8ec7852473c4c5b23e4620e9b8e360 from=0x0C0ed72efeF3D357D929d8f49ad9fF3C594D5f42 to=0x0000000000000000000000000000000000000000
t=2023-06-02T16:09:00+0800 lvl=trce msg="Removed old queued transactions"        count=0
t=2023-06-02T16:09:00+0800 lvl=trce msg="Removed unpayable queued transactions"  count=0
t=2023-06-02T16:09:00+0800 lvl=trce msg="Pooled new future transaction"          hash=0xdfc76438ab0c07fd87405ee90a1c057f2a802676142bbf336f601ccf2a494dcc from=0x3d5232E54095fe4c0bE735dFE1662bBDeE2c6538 to=0x0000000000000000000000000000000000000000
t=2023-06-02T16:09:00+0800 lvl=trce msg="Pooled new future transaction"          hash=0x990ffcf9705f686014c9931c05ff441a9e4c9a3be6f140e5786cc1cab7a23ec4 from=0x3d5232E54095fe4c0bE735dFE1662bBDeE2c6538 to=0x0000000000000000000000000000000000000000
t=2023-06-02T16:09:00+0800 lvl=trce msg="Pooled new future transaction"          hash=0xaa06139568b46cf2a8e57f0a6230bab87747ebe7389bbd0152ca2b71e02c616b from=0x3d5232E54095fe4c0bE735dFE1662bBDeE2c6538 to=0x0000000000000000000000000000000000000000
t=2023-06-02T16:09:00+0800 lvl=trce msg="Pooled new future transaction"          hash=0x690077509c80f70ac77fabc104eeb67b09cdb26de2144193522600657734c65e from=0x66e0851F1a162869024b4C9f6b1C4Fc5cb4832F1 to=0x0000000000000000000000000000000000000000
t=2023-06-02T16:09:00+0800 lvl=trce msg="Pooled new future transaction"          hash=0xfaf1b183cd94bdb342520795d455894bd05746d6ab3fa6bab6e2651c4c9cc963 from=0x3d5232E54095fe4c0bE735dFE1662bBDeE2c6538 to=0x0000000000000000000000000000000000000000
t=2023-06-02T16:09:00+0800 lvl=trce msg="Removed old queued transactions"        count=0
t=2023-06-02T16:09:00+0800 lvl=trce msg="Removed unpayable queued transactions"  count=0
t=2023-06-02T16:09:00+0800 lvl=trce msg="Promoted queued transactions"           count=1
t=2023-06-02T16:09:00+0800 lvl=trce msg="Promoted queued transactions"           count=1
t=2023-06-02T16:09:00+0800 lvl=trce msg="Pooled new future transaction"          hash=0xcffe4e584a89935b6531b05c12c0c57ad49f47d251a82dc5141e92a670aab7d7 from=0xaFF837A9D4D0F8b9cdB55F4a9AC0d0fC0d797bc6 to=0x0000000000000000000000000000000000000000
t=2023-06-02T16:09:00+0800 lvl=trce msg="Removed old queued transactions"        count=0
t=2023-06-02T16:09:00+0800 lvl=trce msg="Removed unpayable queued transactions"  count=0
t=2023-06-02T16:09:00+0800 lvl=trce msg="Promoted queued transactions"           count=0
t=2023-06-02T16:09:00+0800 lvl=trce msg="Pooled new future transaction"          hash=0x675857f0909ebf6a55b17e60c1786d26ce511dacbf88ba21384be0570d494292 from=0x3d5232E54095fe4c0bE735dFE1662bBDeE2c6538 to=0x0000000000000000000000000000000000000000
t=2023-06-02T16:09:00+0800 lvl=trce msg="Pooled new future transaction"          hash=0x5807ffd06900ddf10bcfc4d809233ba1f358476ae4fd83ae681bf8a7991b5073 from=0x66e0851F1a162869024b4C9f6b1C4Fc5cb4832F1 to=0x0000000000000000000000000000000000000000
t=2023-06-02T16:09:00+0800 lvl=trce msg="Pooled new future transaction"          hash=0x4ed9f3d75aeb39b39a017e31f5177e73b92be3e73c4148c79851c9d9163f634f from=0x3d5232E54095fe4c0bE735dFE1662bBDeE2c6538 to=0x0000000000000000000000000000000000000000
t=2023-06-02T16:09:00+0800 lvl=trce msg="Removed old queued transactions"        count=0
t=2023-06-02T16:09:00+0800 lvl=trce msg="Pooled new future transaction"          hash=0x7485f3b3c1967ccc65d762c6c968624a5ffd047fc41a367571ad1f71810e8d1e from=0x3d5232E54095fe4c0bE735dFE1662bBDeE2c6538 to=0x0000000000000000000000000000000000000000
t=2023-06-02T16:09:00+0800 lvl=trce msg="Pooled new future transaction"          hash=0x357438ab51ed41bdb9636b994c99ccee904aedcede7f9cd4e3c77ffef7060ad8 from=0xaFF837A9D4D0F8b9cdB55F4a9AC0d0fC0d797bc6 to=0x0000000000000000000000000000000000000000
t=2023-06-02T16:09:00+0800 lvl=trce msg="Removed unpayable queued transactions"  count=0
t=2023-06-02T16:09:00+0800 lvl=trce msg="Pooled new future transaction"          hash=0x61ef360e9fbfbf3c605ed6a006a956663e1373a7bdad3cedb73f6c356524d39d from=0x3d5232E54095fe4c0bE735dFE1662bBDeE2c6538 to=0x0000000000000000000000000000000000000000
t=2023-06-02T16:09:00+0800 lvl=trce msg="Pooled new future transaction"          hash=0x9916fba190a034f75b8a394785027c6b960b0a4853f994091f12eeadb1cb98c8 from=0x3d5232E54095fe4c0bE735dFE1662bBDeE2c6538 to=0x0000000000000000000000000000000000000000
t=2023-06-02T16:09:00+0800 lvl=trce msg="Discarding freshly underpriced transaction" hash=0x1b70b8b778cbc0c9eb3c57dc4f98995ce8a3c711f4356bebb7b39956b42a21f3 gasTipCap=1  gasFeeCap=314
t=2023-06-02T16:09:00+0800 lvl=trce msg="Pooled new future transaction"          hash=0x3cf290d972c0c4c4fcfa2e6c9bf5260f99aa1973076d9fed6588d798cb4f4118 from=0x80438261cA56D843CE97Fc33650D2907AdC031aC to=0x0000000000000000000000000000000000000000
t=2023-06-02T16:09:00+0800 lvl=trce msg="Removed old queued transactions"        count=0
t=2023-06-02T16:09:00+0800 lvl=trce msg="Removed unpayable queued transactions"  count=0
t=2023-06-02T16:09:00+0800 lvl=trce msg="Promoted queued transactions"           count=0
t=2023-06-02T16:09:00+0800 lvl=trce msg="Pooled new future transaction"          hash=0x5e160cbf8371632fbaa0dafb6ad80e0499e2247bcfe4e4f2d978a790c6e87d3f from=0x3d5232E54095fe4c0bE735dFE1662bBDeE2c6538 to=0x0000000000000000000000000000000000000000
t=2023-06-02T16:09:00+0800 lvl=trce msg="Pooled new future transaction"          hash=0x1f4717bf9e13288161ccbea87adb0ffe1bf9d50456b6e8cf4bd0473e04297532 from=0x3d5232E54095fe4c0bE735dFE1662bBDeE2c6538 to=0x0000000000000000000000000000000000000000
t=2023-06-02T16:09:00+0800 lvl=trce msg="Pooled new future transaction"          hash=0x75489b56c5b28264a2e252af5dd9e0f8197a8fafa5ce3a2bc30ba51463d348ea from=0x3d5232E54095fe4c0bE735dFE1662bBDeE2c6538 to=0x0000000000000000000000000000000000000000
t=2023-06-02T16:09:00+0800 lvl=trce msg="Pooled new future transaction"          hash=0x2462d7848d211dd1b03706dcd38ef0c543a0107841b5efda1d9906440498269d from=0x3d5232E54095fe4c0bE735dFE1662bBDeE2c6538 to=0x0000000000000000000000000000000000000000
t=2023-06-02T16:09:00+0800 lvl=trce msg="Pooled new future transaction"          hash=0xc0cb8622ecd98215bc051195d7c374a94140fe31adf964f378ba81d83e9b2cd9 from=0x3d5232E54095fe4c0bE735dFE1662bBDeE2c6538 to=0x0000000000000000000000000000000000000000
t=2023-06-02T16:09:00+0800 lvl=trce msg="Removed old queued transactions"        count=0
t=2023-06-02T16:09:00+0800 lvl=trce msg="Removed unpayable queued transactions"  count=0
t=2023-06-02T16:09:00+0800 lvl=trce msg="Promoted queued transactions"           count=0
t=2023-06-02T16:09:00+0800 lvl=trce msg="Promoted queued transactions"           count=1
t=2023-06-02T16:09:00+0800 lvl=trce msg="Pooled new future transaction"          hash=0x83b435b3beeed1ac5849e29bc29b2164059b1e1063c771bbd14b9b23972f0a66 from=0x7628e7c918DAaf4dfbF615023fDBcF72b8479bCe to=0x0000000000000000000000000000000000000000
t=2023-06-02T16:09:00+0800 lvl=trce msg="Pooled new executable transaction"      hash=0x125f22dfc6f5bc1672c963fa090d642f365dbe37b13f90b96d2dd55cbd3100cf from=0x1b524b0a7543831a17E018274ea9D22c1E0007C4 to=0x0000000000000000000000000000000000000000
t=2023-06-02T16:09:00+0800 lvl=trce msg="Pooled new future transaction"          hash=0xc8e272f822b7f061a7734e1e8959f533b4c64ca818e4a78e505af13e566c28e0 from=0x3d5232E54095fe4c0bE735dFE1662bBDeE2c6538 to=0x0000000000000000000000000000000000000000
t=2023-06-02T16:09:00+0800 lvl=trce msg="Pooled new future transaction"          hash=0x1806cda09a8efa867633756e5c239c4f758f01caac85da796616ffc8a09998d7 from=0x3d5232E54095fe4c0bE735dFE1662bBDeE2c6538 to=0x0000000000000000000000000000000000000000
t=2023-06-02T16:09:00+0800 lvl=trce msg="Pooled new future transaction"          hash=0xa22c84590889371f4e9c66ac56f994c2a6a0e81a20d2b49486c5a9edcc967e0d from=0x3d5232E54095fe4c0bE735dFE1662bBDeE2c6538 to=0x0000000000000000000000000000000000000000
t=2023-06-02T16:09:00+0800 lvl=trce msg="Pooled new future transaction"          hash=0x11341489b109e3426041114ddd39b4423e8938417ebd851a13c2ec39dfa145e8 from=0xaFF837A9D4D0F8b9cdB55F4a9AC0d0fC0d797bc6 to=0x0000000000000000000000000000000000000000
t=2023-06-02T16:09:00+0800 lvl=trce msg="Pooled new future transaction"          hash=0xeed7eeecaff1755b93558f2b6c728da0f9beb6a4565857d2cd1268a77f25fba4 from=0x3d5232E54095fe4c0bE735dFE1662bBDeE2c6538 to=0x0000000000000000000000000000000000000000
t=2023-06-02T16:09:00+0800 lvl=trce msg="Pooled new future transaction"          hash=0x3ecaf95ae3b9e7ff140c9755a3630d3915a168f0a65ec986f3818e10404af106 from=0x3d5232E54095fe4c0bE735dFE1662bBDeE2c6538 to=0x0000000000000000000000000000000000000000
t=2023-06-02T16:09:00+0800 lvl=trce msg="Discarding freshly underpriced transaction" hash=0x43d4fdd1ec2bef334eeb465bdd60ec9b8edc2428812db75c82a96b84f64c78c1 gasTipCap=1  gasFeeCap=315
t=2023-06-02T16:09:00+0800 lvl=trce msg="Pooled new future transaction"          hash=0xd381b70a6d7fee1a6ea54517ee4604e408e8ee5e76654c2572eb5029b9aac021 from=0x3d5232E54095fe4c0bE735dFE1662bBDeE2c6538 to=0x0000000000000000000000000000000000000000
t=2023-06-02T16:09:00+0800 lvl=trce msg="Pooled new future transaction"          hash=0x2f438c79e2d069ee9bee3efd8fd2eeb5d1f71ce9ce3dc5176927c837b75e7d00 from=0x3d5232E54095fe4c0bE735dFE1662bBDeE2c6538 to=0x0000000000000000000000000000000000000000
t=2023-06-02T16:09:00+0800 lvl=trce msg="Pooled new future transaction"          hash=0x80536c8ab32fae701fc7517c343c488285206cfb14fd57015c63e35b61676c07 from=0x3d5232E54095fe4c0bE735dFE1662bBDeE2c6538 to=0x0000000000000000000000000000000000000000
t=2023-06-02T16:09:00+0800 lvl=trce msg="Removed old queued transactions"        count=0
t=2023-06-02T16:09:00+0800 lvl=trce msg="Removed unpayable queued transactions"  count=0
t=2023-06-02T16:09:00+0800 lvl=trce msg="Pooled new future transaction"          hash=0x3e7b1d19bd983d9712ccc17ce8dfcbeffb37513bbb41c66dc3fe41c192ac9640 from=0xEB1B18C6bF35A59a21B856256Fc7D0e5Aa8ef93d to=0x0000000000000000000000000000000000000000
t=2023-06-02T16:09:00+0800 lvl=trce msg="Removed old queued transactions"        count=0
t=2023-06-02T16:09:00+0800 lvl=trce msg="Removed unpayable queued transactions"  count=0
t=2023-06-02T16:09:00+0800 lvl=trce msg="Removed old queued transactions"        count=0
t=2023-06-02T16:09:00+0800 lvl=trce msg="Removed unpayable queued transactions"  count=0
t=2023-06-02T16:09:00+0800 lvl=trce msg="Pooled new executable transaction"      hash=0xe1b727109295f95457fa2ddcf127c3dc683c3ed5d443f1f4a3ffc242cdd58f05 from=0x1b524b0a7543831a17E018274ea9D22c1E0007C4 to=0x0000000000000000000000000000000000000000
t=2023-06-02T16:09:00+0800 lvl=trce msg="Promoted queued transactions"           count=0
t=2023-06-02T16:09:00+0800 lvl=trce msg="Promoted queued transactions"           count=1
t=2023-06-02T16:09:00+0800 lvl=trce msg="Promoted queued transactions"           count=1
t=2023-06-02T16:09:00+0800 lvl=trce msg="Pooled new future transaction"          hash=0x3155f30a144131bc754c953140c25baa09dc8bdee4fd0cbef4281a19a08ddf41 from=0x3d5232E54095fe4c0bE735dFE1662bBDeE2c6538 to=0x0000000000000000000000000000000000000000
t=2023-06-02T16:09:00+0800 lvl=trce msg="Pooled new future transaction"          hash=0xc0b7e680b75f0629ac8741b84b3a982faf255bda46f31cddeba80ba3f68c1a55 from=0x3d5232E54095fe4c0bE735dFE1662bBDeE2c6538 to=0x0000000000000000000000000000000000000000
t=2023-06-02T16:09:00+0800 lvl=trce msg="Pooled new future transaction"          hash=0xd2bd18099b2a6b8b47e1ce48ab1564243f6f529e91d02c53da09368ba436f628 from=0xaFF837A9D4D0F8b9cdB55F4a9AC0d0fC0d797bc6 to=0x0000000000000000000000000000000000000000
t=2023-06-02T16:09:00+0800 lvl=trce msg="Pooled new future transaction"          hash=0x986466e789281e35b97bde60d5bc8a8a3697203ea575c90d48e17ed3d09b484b from=0x7628e7c918DAaf4dfbF615023fDBcF72b8479bCe to=0x0000000000000000000000000000000000000000
t=2023-06-02T16:09:00+0800 lvl=trce msg="Removed old queued transactions"        count=0
t=2023-06-02T16:09:00+0800 lvl=trce msg="Removed unpayable queued transactions"  count=0
t=2023-06-02T16:09:00+0800 lvl=trce msg="Promoted queued transactions"           count=0
t=2023-06-02T16:09:00+0800 lvl=trce msg="Removed old queued transactions"        count=0
t=2023-06-02T16:09:00+0800 lvl=trce msg="Removed unpayable queued transactions"  count=0
t=2023-06-02T16:09:00+0800 lvl=trce msg="Promoted queued transactions"           count=0
t=2023-06-02T16:09:00+0800 lvl=trce msg="Pooled new future transaction"          hash=0xd9eea31f82c23a59acb35ec00712cb0d49f409609b91fb5352b7d3932b220178 from=0x3d5232E54095fe4c0bE735dFE1662bBDeE2c6538 to=0x0000000000000000000000000000000000000000
t=2023-06-02T16:09:00+0800 lvl=trce msg="Pooled new future transaction"          hash=0x42135fe0f610f073429abe20b507f0aa6ba4e11b3e93c51e8b83984e8c94b809 from=0x3d5232E54095fe4c0bE735dFE1662bBDeE2c6538 to=0x0000000000000000000000000000000000000000
t=2023-06-02T16:09:00+0800 lvl=trce msg="Pooled new executable transaction"      hash=0xf3d77233855ef1b2e1d2f0c1e7c05f6c39742d7c6074991778fb720124bbe80b from=0xC9955F89D781c5d3B8551187e8A44954502aa7Cd to=0x0000000000000000000000000000000000000000
t=2023-06-02T16:09:00+0800 lvl=trce msg="Pooled new future transaction"          hash=0xf395e7dd5d7f92dcb726758317642474109444ca19fa35d3f7bb4c99d2a4a8ae from=0x3d5232E54095fe4c0bE735dFE1662bBDeE2c6538 to=0x0000000000000000000000000000000000000000
t=2023-06-02T16:09:00+0800 lvl=trce msg="Pooled new future transaction"          hash=0x3c84a60318d4f08a0cf1839cc8586f62c16f4c1262756d25bbe1604f3de013bd from=0x3d5232E54095fe4c0bE735dFE1662bBDeE2c6538 to=0x0000000000000000000000000000000000000000
t=2023-06-02T16:09:00+0800 lvl=trce msg="Pooled new future transaction"          hash=0x137fcbeafb4397e70a69eae34f9fb9546d4ab8c6eabb5fa65fab4d8fcbb4386f from=0xaFF837A9D4D0F8b9cdB55F4a9AC0d0fC0d797bc6 to=0x0000000000000000000000000000000000000000
t=2023-06-02T16:09:00+0800 lvl=trce msg="Removed old queued transactions"        count=0
t=2023-06-02T16:09:00+0800 lvl=trce msg="Removed unpayable queued transactions"  count=0
t=2023-06-02T16:09:00+0800 lvl=trce msg="Promoted queued transactions"           count=0
t=2023-06-02T16:09:00+0800 lvl=trce msg="Discarding freshly underpriced transaction" hash=0xdcd3f756ece54fa4c2df7807af968e30bc376c8c105303ca7b9f234e97cb866c gasTipCap=5  gasFeeCap=105
t=2023-06-02T16:09:00+0800 lvl=trce msg="Discarding underpriced transaction"     hash=0xf12218ab7bd4f0d4b720a838e8f096c6678ecdd668706c184de50d78bb582cb0 gasTipCap=1  gasFeeCap=2
t=2023-06-02T16:09:00+0800 lvl=trce msg="Pooled new future transaction"          hash=0xefecfa4e361d3e1cc802a818c88f540ab65fdcd38455d967bbe910b9636edad6 from=0x82452ACeB693f1cE67d798FA15997a1101E6123B to=0x0000000000000000000000000000000000000000
t=2023-06-02T16:09:00+0800 lvl=trce msg="Pooled new future transaction"          hash=0x1d4808f6e28b178adcd9fd9a2dfaaafbbda3c32bd4960c2680b536d67592c360 from=0xaFF837A9D4D0F8b9cdB55F4a9AC0d0fC0d797bc6 to=0x0000000000000000000000000000000000000000
t=2023-06-02T16:09:00+0800 lvl=trce msg="Removed old queued transactions"        count=0
t=2023-06-02T16:09:00+0800 lvl=trce msg="Pooled new future transaction"          hash=0xbfb60a8ccdff2aef24ad23488e72057b89863fffeb0e535621fce7869cc3aa3d from=0x3d5232E54095fe4c0bE735dFE1662bBDeE2c6538 to=0x0000000000000000000000000000000000000000
t=2023-06-02T16:09:00+0800 lvl=trce msg="Pooled new future transaction"          hash=0xa4cee9876a5b6bf7897d1e1beef743add135bc96b7a742e056519401297b9061 from=0x3d5232E54095fe4c0bE735dFE1662bBDeE2c6538 to=0x0000000000000000000000000000000000000000
t=2023-06-02T16:09:00+0800 lvl=trce msg="Pooled new future transaction"          hash=0xb8ad27be20de09c740efff32869c24426f7b44edf6af33decfa33c84bd60b95d from=0x3d5232E54095fe4c0bE735dFE1662bBDeE2c6538 to=0x0000000000000000000000000000000000000000
t=2023-06-02T16:09:00+0800 lvl=trce msg="Discarding freshly underpriced transaction" hash=0xfbade0da4381bce0b204e370e3599c0571e8ae24c3d670275f0b9d389131b640 gasTipCap=1  gasFeeCap=2
t=2023-06-02T16:09:00+0800 lvl=trce msg="Pooled new future transaction"          hash=0x3641f18192a3601045961195d0394bac93eca4766538fd2554e835130c4a7a70 from=0xD8D3a403717F25387cE3F2B90604c531224E8880 to=0x0000000000000000000000000000000000000000
t=2023-06-02T16:09:00+0800 lvl=trce msg="Removed old queued transactions"        count=0
t=2023-06-02T16:09:00+0800 lvl=trce msg="Removed unpayable queued transactions"  count=0
t=2023-06-02T16:09:00+0800 lvl=trce msg="Promoted queued transactions"           count=1
t=2023-06-02T16:09:00+0800 lvl=trce msg="Removed old queued transactions"        count=0
t=2023-06-02T16:09:00+0800 lvl=trce msg="Removed unpayable queued transactions"  count=0
t=2023-06-02T16:09:00+0800 lvl=trce msg="Promoted queued transactions"           count=1
t=2023-06-02T16:09:00+0800 lvl=trce msg="Pooled new future transaction"          hash=0x50555c07d6b14cece6537953741685522536d29231072129b7e0d5f85acc3ff9 from=0x66e0851F1a162869024b4C9f6b1C4Fc5cb4832F1 to=0x0000000000000000000000000000000000000000
t=2023-06-02T16:09:00+0800 lvl=trce msg="Removed old queued transactions"        count=0
t=2023-06-02T16:09:00+0800 lvl=trce msg="Removed unpayable queued transactions"  count=0
t=2023-06-02T16:09:00+0800 lvl=trce msg="Promoted queued transactions"           count=1
t=2023-06-02T16:09:00+0800 lvl=trce msg="Pooled new executable transaction"      hash=0xbab04b07ac155f5559b198954ea82fe62d708a1a39fe68f7180366aa57e35677 from=0xC9955F89D781c5d3B8551187e8A44954502aa7Cd to=0x0000000000000000000000000000000000000000
t=2023-06-02T16:09:00+0800 lvl=trce msg="Pooled new future transaction"          hash=0x56e86a35abe7469866db3dc5c5582660886405fc8b7fdd0c4933fd558bde616c from=0x3d5232E54095fe4c0bE735dFE1662bBDeE2c6538 to=0x0000000000000000000000000000000000000000
t=2023-06-02T16:09:00+0800 lvl=trce msg="Pooled new future transaction"          hash=0x5211ed6a89d9c1297e047e71b2cedf7677490ec0a16cf10a1002f4ec16de0695 from=0x3d5232E54095fe4c0bE735dFE1662bBDeE2c6538 to=0x0000000000000000000000000000000000000000
t=2023-06-02T16:09:00+0800 lvl=trce msg="Pooled new future transaction"          hash=0x950c95e9011f6cad3ee9d618c573629fc8cfaa0693bec3e6e15af0e424d6a30c from=0x66e0851F1a162869024b4C9f6b1C4Fc5cb4832F1 to=0x0000000000000000000000000000000000000000
t=2023-06-02T16:09:00+0800 lvl=trce msg="Discarding freshly underpriced transaction" hash=0xbdd9d22bbc74e1701b8af87f5d6357b40cd656a2bef0d7dbadde4753c4a13e46 gasTipCap=2  gasFeeCap=2
t=2023-06-02T16:09:00+0800 lvl=trce msg="Pooled new future transaction"          hash=0x1075cf288796956b9d5ccbfe3f105c34d1fc95c2a1135dae1c237c356a0c25c3 from=0xD8D3a403717F25387cE3F2B90604c531224E8880 to=0x0000000000000000000000000000000000000000
t=2023-06-02T16:09:00+0800 lvl=trce msg="Removed old queued transactions"        count=0
t=2023-06-02T16:09:00+0800 lvl=trce msg="Removed unpayable queued transactions"  count=0
t=2023-06-02T16:09:00+0800 lvl=trce msg="Discarding freshly underpriced transaction" hash=0x82c3ecc00b6c4e7622b840cd8f6db85b04469da9baa185237a1fa0414cc81272 gasTipCap=6  gasFeeCap=106
t=2023-06-02T16:09:00+0800 lvl=trce msg="Pooled new future transaction"          hash=0xd0b9a52041e540d0a6acb1b123e707b2e188c7f9271c3443a51cf85246636e59 from=0xb923b32c261e09c0bc861799a49a12Fc99B9053B to=0x0000000000000000000000000000000000000000
t=2023-06-02T16:09:00+0800 lvl=trce msg="Pooled new future transaction"          hash=0x00abf39af5229e9dee4487cd1ec290f6e10fd41661db1ffd2676cce53c3ce443 from=0x3d5232E54095fe4c0bE735dFE1662bBDeE2c6538 to=0x0000000000000000000000000000000000000000
t=2023-06-02T16:09:00+0800 lvl=trce msg="Pooled new future transaction"          hash=0x898079207a463cc0f8e59f56a1b875c0a0d1c49934af78b3c71c0c2436397be5 from=0x3d5232E54095fe4c0bE735dFE1662bBDeE2c6538 to=0x0000000000000000000000000000000000000000
t=2023-06-02T16:09:00+0800 lvl=trce msg="Pooled new future transaction"          hash=0x14012001229037b1860e7846d5246d0ea1e7acc2eaac9d8683bafdc14d8f3fb7 from=0x3d5232E54095fe4c0bE735dFE1662bBDeE2c6538 to=0x0000000000000000000000000000000000000000
t=2023-06-02T16:09:00+0800 lvl=trce msg="Pooled new future transaction"          hash=0x513ecf25be2968b82eab9405a363600add53e2bb231d75453418bbabb214a874 from=0x3d5232E54095fe4c0bE735dFE1662bBDeE2c6538 to=0x0000000000000000000000000000000000000000
t=2023-06-02T16:09:00+0800 lvl=trce msg="Pooled new future transaction"          hash=0x1a94f376daaca993da330ef0f335935fec73392a701a485626201cd5b6652c23 from=0x3d5232E54095fe4c0bE735dFE1662bBDeE2c6538 to=0x0000000000000000000000000000000000000000
t=2023-06-02T16:09:00+0800 lvl=trce msg="Removed unpayable queued transactions"  count=0
t=2023-06-02T16:09:00+0800 lvl=trce msg="Promoted queued transactions"           count=0
t=2023-06-02T16:09:00+0800 lvl=trce msg="Removed old queued transactions"        count=0
t=2023-06-02T16:09:00+0800 lvl=trce msg="Removed unpayable queued transactions"  count=0
t=2023-06-02T16:09:00+0800 lvl=trce msg="Promoted queued transactions"           count=0
t=2023-06-02T16:09:00+0800 lvl=trce msg="Promoted queued transactions"           count=0
t=2023-06-02T16:09:00+0800 lvl=trce msg="Removed old queued transactions"        count=0
t=2023-06-02T16:09:00+0800 lvl=trce msg="Discarding freshly underpriced transaction" hash=0x3641f18192a3601045961195d0394bac93eca4766538fd2554e835130c4a7a70 gasTipCap=2  gasFeeCap=2
t=2023-06-02T16:09:00+0800 lvl=trce msg="Removed unpayable queued transactions"  count=0
t=2023-06-02T16:09:00+0800 lvl=trce msg="Pooled new future transaction"          hash=0x01a5963c4be897dba68c2c610104831b4435bd3276b6951d4472849b77a1c4e0 from=0xD8D3a403717F25387cE3F2B90604c531224E8880 to=0x0000000000000000000000000000000000000000
t=2023-06-02T16:09:00+0800 lvl=trce msg="Pooled new future transaction"          hash=0x3645ab4bc3f7db0c5c7a9818ac915da56f11afccbc432da405d19aa23a18a710 from=0xaFF837A9D4D0F8b9cdB55F4a9AC0d0fC0d797bc6 to=0x0000000000000000000000000000000000000000
t=2023-06-02T16:09:00+0800 lvl=trce msg="Removed old queued transactions"        count=0
t=2023-06-02T16:09:00+0800 lvl=trce msg="Removed unpayable queued transactions"  count=0
t=2023-06-02T16:09:00+0800 lvl=trce msg="Promoted queued transactions"           count=0
t=2023-06-02T16:09:00+0800 lvl=trce msg="Promoted queued transactions"           count=1
t=2023-06-02T16:09:00+0800 lvl=trce msg="Pooled new future transaction"          hash=0xf2495056548b29f015dc2c517ff1708898294b6f971fc84ed078bcd2e3378fea from=0x7628e7c918DAaf4dfbF615023fDBcF72b8479bCe to=0x0000000000000000000000000000000000000000
t=2023-06-02T16:09:00+0800 lvl=trce msg="Removed old queued transactions"        count=0
t=2023-06-02T16:09:00+0800 lvl=trce msg="Removed old queued transactions"        count=0
t=2023-06-02T16:09:00+0800 lvl=trce msg="Removed unpayable queued transactions"  count=0
t=2023-06-02T16:09:00+0800 lvl=trce msg="Promoted queued transactions"           count=0
t=2023-06-02T16:09:00+0800 lvl=trce msg="Pooled new future transaction"          hash=0x7a016045fa956f2e99377a002aa801033c76a69153cf1526f0782f204d58e456 from=0x3d5232E54095fe4c0bE735dFE1662bBDeE2c6538 to=0x0000000000000000000000000000000000000000
t=2023-06-02T16:09:00+0800 lvl=trce msg="Pooled new future transaction"          hash=0xfeecf2f1dd1231884567b57b62acefaf92bab74a2ff831be46d8d603f6b17f13 from=0x3d5232E54095fe4c0bE735dFE1662bBDeE2c6538 to=0x0000000000000000000000000000000000000000
t=2023-06-02T16:09:00+0800 lvl=trce msg="Pooled new future transaction"          hash=0xac27e80625c9687c83a825f43e9c0e8cf128235a9c514970a0eb5424fd5836b3 from=0xaFF837A9D4D0F8b9cdB55F4a9AC0d0fC0d797bc6 to=0x0000000000000000000000000000000000000000
t=2023-06-02T16:09:00+0800 lvl=trce msg="Pooled new future transaction"          hash=0x5ab854e6066b4f37410ebdd50ef896c47e142626606d65a718ea5bcf06eb99a8 from=0x3d5232E54095fe4c0bE735dFE1662bBDeE2c6538 to=0x0000000000000000000000000000000000000000
t=2023-06-02T16:09:00+0800 lvl=trce msg="Removed old queued transactions"        count=0
t=2023-06-02T16:09:00+0800 lvl=trce msg="Removed unpayable queued transactions"  count=0
t=2023-06-02T16:09:00+0800 lvl=trce msg="Pooled new future transaction"          hash=0x13a1f9856aeaac207b3d0bdcb3997a7e0a7b5ba6e24b4600a77a8c580df887bc from=0x3d5232E54095fe4c0bE735dFE1662bBDeE2c6538 to=0x0000000000000000000000000000000000000000
t=2023-06-02T16:09:00+0800 lvl=trce msg="Promoted queued transactions"           count=0
t=2023-06-02T16:09:00+0800 lvl=trce msg="Pooled new future transaction"          hash=0xf506c25b119feaadb79c2c901cb304f1e65325c32155be812007cb26767e231f from=0x3d5232E54095fe4c0bE735dFE1662bBDeE2c6538 to=0x0000000000000000000000000000000000000000
t=2023-06-02T16:09:00+0800 lvl=trce msg="Pooled new future transaction"          hash=0x9d88475aa5fcfaeaca3925c7ec47acf2d649e2a9b2e13b16858b95a079aad51f from=0x3d5232E54095fe4c0bE735dFE1662bBDeE2c6538 to=0x0000000000000000000000000000000000000000
t=2023-06-02T16:09:00+0800 lvl=trce msg="Discarding freshly underpriced transaction" hash=0xbde11e405e2d46d299e0be26ff72dda5ef21d96d587575741f6ee826ea2153cd gasTipCap=7  gasFeeCap=107
t=2023-06-02T16:09:00+0800 lvl=trce msg="Pooled new future transaction"          hash=0x81bb06d432340671a04b55e4bb76fb5435bfc27abbfc18ab4b11a5cf229c7549 from=0x7703fA466AD069A9Bf86d6F01FeDfd5c5Fc59704 to=0x0000000000000000000000000000000000000000
t=2023-06-02T16:09:00+0800 lvl=trce msg="Removed old queued transactions"        count=0
t=2023-06-02T16:09:00+0800 lvl=trce msg="Removed unpayable queued transactions"  count=0
t=2023-06-02T16:09:00+0800 lvl=trce msg="Promoted queued transactions"           count=1
t=2023-06-02T16:09:00+0800 lvl=trce msg="Pooled new future transaction"          hash=0x5624cc084b5995c0e71ab42a0ecc33aca858c86b1f7a9b29f4a4a84f4de1f620 from=0xaFF837A9D4D0F8b9cdB55F4a9AC0d0fC0d797bc6 to=0x0000000000000000000000000000000000000000
t=2023-06-02T16:09:00+0800 lvl=trce msg="Pooled new future transaction"          hash=0xb6575413fed15114a039f439632d4adb1aae155aa08d54c3a6ef2d86498c0cc1 from=0x3d5232E54095fe4c0bE735dFE1662bBDeE2c6538 to=0x0000000000000000000000000000000000000000
t=2023-06-02T16:09:00+0800 lvl=trce msg="Removed old queued transactions"        count=0
t=2023-06-02T16:09:00+0800 lvl=trce msg="Removed unpayable queued transactions"  count=0
t=2023-06-02T16:09:00+0800 lvl=trce msg="Promoted queued transactions"           count=0
t=2023-06-02T16:09:00+0800 lvl=trce msg="Pooled new future transaction"          hash=0x76c729ca8d33c26cf8b6f24fa59739eaf88381e7778a06557b605f4710c0d2c4 from=0x3d5232E54095fe4c0bE735dFE1662bBDeE2c6538 to=0x0000000000000000000000000000000000000000
t=2023-06-02T16:09:00+0800 lvl=trce msg="Pooled new future transaction"          hash=0x994c1f345fc423330c488bf8c2084f15e3380beccd4e313147763e6d7e9e4710 from=0x3d5232E54095fe4c0bE735dFE1662bBDeE2c6538 to=0x0000000000000000000000000000000000000000
t=2023-06-02T16:09:00+0800 lvl=trce msg="Pooled new future transaction"          hash=0x9911195b0b35f15daf6b6ea3a0405eb7ba946fed2b1a79ef5f23ff3f7d68b1d7 from=0x3d5232E54095fe4c0bE735dFE1662bBDeE2c6538 to=0x0000000000000000000000000000000000000000
t=2023-06-02T16:09:00+0800 lvl=trce msg="Pooled new future transaction"          hash=0xdc4b4e3783c1cc33fc58e873834e7021f5496879f7f39913b7baeacd3c1815bc from=0x3d5232E54095fe4c0bE735dFE1662bBDeE2c6538 to=0x0000000000000000000000000000000000000000
t=2023-06-02T16:09:00+0800 lvl=trce msg="Removed old queued transactions"        count=0
t=2023-06-02T16:09:00+0800 lvl=trce msg="Removed unpayable queued transactions"  count=0
t=2023-06-02T16:09:00+0800 lvl=trce msg="Discarding freshly underpriced transaction" hash=0xd013f8e3c4adb05976d4ca275ca4c13c7d03838fde47ccb953b54cb493e887ce gasTipCap=8  gasFeeCap=108
t=2023-06-02T16:09:00+0800 lvl=trce msg="Pooled new future transaction"          hash=0xb8096b025c329aeb11ecc321c6e1765360b09be0fea4abbc7d03b7ff563c2c67 from=0x4cA4Bb7C662cD33261B09E025D792992B8c9c061 to=0x0000000000000000000000000000000000000000
t=2023-06-02T16:09:00+0800 lvl=trce msg="Pooled new future transaction"          hash=0xb0aeddc6b934ec5682f49609aee3c2ab69eb89786af5bd9ff56576a361563542 from=0xaFF837A9D4D0F8b9cdB55F4a9AC0d0fC0d797bc6 to=0x0000000000000000000000000000000000000000
t=2023-06-02T16:09:00+0800 lvl=trce msg="Removed old queued transactions"        count=0
t=2023-06-02T16:09:00+0800 lvl=trce msg="Removed unpayable queued transactions"  count=0
t=2023-06-02T16:09:00+0800 lvl=trce msg="Promoted queued transactions"           count=64
t=2023-06-02T16:09:00+0800 lvl=trce msg="Removed old queued transactions"        count=0
t=2023-06-02T16:09:00+0800 lvl=trce msg="Removed unpayable queued transactions"  count=0
t=2023-06-02T16:09:00+0800 lvl=trce msg="Promoted queued transactions"           count=128
t=2023-06-02T16:09:00+0800 lvl=trce msg="Removed old queued transactions"        count=0
t=2023-06-02T16:09:00+0800 lvl=trce msg="Removed unpayable queued transactions"  count=0
t=2023-06-02T16:09:00+0800 lvl=trce msg="Promoted queued transactions"           count=1
t=2023-06-02T16:09:00+0800 lvl=trce msg="Removed unpayable queued transactions"  count=0
t=2023-06-02T16:09:00+0800 lvl=trce msg="Promoted queued transactions"           count=1
t=2023-06-02T16:09:00+0800 lvl=trce msg="Promoted queued transactions"           count=0
t=2023-06-02T16:09:00+0800 lvl=trce msg="Removed old queued transactions"        count=0
t=2023-06-02T16:09:00+0800 lvl=trce msg="Removed unpayable queued transactions"  count=0
t=2023-06-02T16:09:00+0800 lvl=trce msg="Promoted queued transactions"           count=192
t=2023-06-02T16:09:00+0800 lvl=trce msg="Removed old queued transactions"        count=0
t=2023-06-02T16:09:00+0800 lvl=trce msg="Removed unpayable queued transactions"  count=0
t=2023-06-02T16:09:00+0800 lvl=trce msg="Promoted queued transactions"           count=256
t=2023-06-02T16:09:00+0800 lvl=trce msg="Removed old queued transactions"        count=0
t=2023-06-02T16:09:00+0800 lvl=trce msg="Pooled new future transaction"          hash=0x7c8a8a4095952b2d6a60c54fe243b3e161c3f064ed58c960b9a7c68deb60d882 from=0xaFF837A9D4D0F8b9cdB55F4a9AC0d0fC0d797bc6 to=0x0000000000000000000000000000000000000000
t=2023-06-02T16:09:00+0800 lvl=trce msg="Removed old queued transactions"        count=0
t=2023-06-02T16:09:00+0800 lvl=trce msg="Removed unpayable queued transactions"  count=0
t=2023-06-02T16:09:00+0800 lvl=trce msg="Promoted queued transactions"           count=0
t=2023-06-02T16:09:00+0800 lvl=trce msg="Removed unpayable queued transactions"  count=0
t=2023-06-02T16:09:00+0800 lvl=trce msg="Promoted queued transactions"           count=320
t=2023-06-02T16:09:00+0800 lvl=trce msg="Removed fairness-exceeding pending transaction" hash=0x457868e2fd85c1bd383ae7860b096efc432400fdb0ae96606502aee231f9a78c
t=2023-06-02T16:09:00+0800 lvl=trce msg="Removed fairness-exceeding pending transaction" hash=0xcfa404d8c2111e9f7c5180ca50ef9bff587b454919c5595fdc51de77c9b9591e
t=2023-06-02T16:09:00+0800 lvl=trce msg="Removed fairness-exceeding pending transaction" hash=0xc9bb00c87203ecde8175160538a59c6a946675e7d67d2d3f6b5cf4699655ba36
t=2023-06-02T16:09:00+0800 lvl=trce msg="Pooled new future transaction"          hash=0x9d55d76ce06f475eeac7fb8208ff96bcf24a961de185c74ae68686e5a21e1e9b from=0x7628e7c918DAaf4dfbF615023fDBcF72b8479bCe to=0x0000000000000000000000000000000000000000
t=2023-06-02T16:09:00+0800 lvl=trce msg="Removed old queued transactions"        count=0
t=2023-06-02T16:09:00+0800 lvl=trce msg="Removed unpayable queued transactions"  count=0
t=2023-06-02T16:09:00+0800 lvl=trce msg="Promoted queued transactions"           count=0
t=2023-06-02T16:09:00+0800 lvl=trce msg="Pooled new future transaction"          hash=0x9b918a472c4d7ced22885ff75e5e165fe9c21f5b668713e5c64ca0e0b3bf686f from=0xaFF837A9D4D0F8b9cdB55F4a9AC0d0fC0d797bc6 to=0x0000000000000000000000000000000000000000
t=2023-06-02T16:09:00+0800 lvl=trce msg="Removed old queued transactions"        count=0
t=2023-06-02T16:09:00+0800 lvl=trce msg="Removed unpayable queued transactions"  count=0
t=2023-06-02T16:09:00+0800 lvl=trce msg="Promoted queued transactions"           count=0
t=2023-06-02T16:09:00+0800 lvl=trce msg="Discarding underpriced transaction"     hash=0x946aa4c25de112fd9eb67a04099727d8c5a988928ba04d0262493df09d45b365 gasTipCap=1  gasFeeCap=1
t=2023-06-02T16:09:00+0800 lvl=trce msg="Removed fairness-exceeding pending transaction" hash=0x6f3bc5dde3213a8aaf1c6b1060ba53f1c6071dcef86bac95d75085c658f2f33f
t=2023-06-02T16:09:00+0800 lvl=trce msg="Pooled new future transaction"          hash=0x89ab126ebe18c3269f56a08627a2ce7c2430c2517b05c9caf6fa973a0e55541e from=0x66e0851F1a162869024b4C9f6b1C4Fc5cb4832F1 to=0x0000000000000000000000000000000000000000
t=2023-06-02T16:09:00+0800 lvl=trce msg="Removed old queued transactions"        count=0
t=2023-06-02T16:09:00+0800 lvl=trce msg="Removed unpayable queued transactions"  count=0
t=2023-06-02T16:09:00+0800 lvl=trce msg="Promoted queued transactions"           count=1
t=2023-06-02T16:09:00+0800 lvl=trce msg="Pooled new future transaction"          hash=0x4afe068646d46207e7fb4bc0f600e55b417db2ff1af4435f89b2c22ed94be429 from=0xaFF837A9D4D0F8b9cdB55F4a9AC0d0fC0d797bc6 to=0x0000000000000000000000000000000000000000
t=2023-06-02T16:09:00+0800 lvl=trce msg="Discarding freshly underpriced transaction" hash=0xd2ca1ed42e7df60688216906892108f041b7410f303c4f4e31afb5f8dda1c62b gasTipCap=1  gasFeeCap=1
t=2023-06-02T16:09:00+0800 lvl=trce msg="Pooled new future transaction"          hash=0x6755d7cb15a54f13982720e99e1a63bc28e77852fea13dc58d38b2b554b408ea from=0xae7f5Fc892788f25255f8c1D33c1f7f4C056c888 to=0x0000000000000000000000000000000000000000
t=2023-06-02T16:09:00+0800 lvl=trce msg="Removed old queued transactions"        count=0
t=2023-06-02T16:09:00+0800 lvl=trce msg="Removed unpayable queued transactions"  count=0
t=2023-06-02T16:09:00+0800 lvl=trce msg="Promoted queued transactions"           count=1
t=2023-06-02T16:09:00+0800 lvl=trce msg="Pooled new future transaction"          hash=0x0c55feefbac8f8e5a4d6acf6b10d8603ed17b0e9b9bac311dff72b58be9d8a9a from=0x66e0851F1a162869024b4C9f6b1C4Fc5cb4832F1 to=0x0000000000000000000000000000000000000000
t=2023-06-02T16:09:00+0800 lvl=trce msg="Removed old queued transactions"        count=0
t=2023-06-02T16:09:00+0800 lvl=trce msg="Removed unpayable queued transactions"  count=0
t=2023-06-02T16:09:00+0800 lvl=trce msg="Promoted queued transactions"           count=0
t=2023-06-02T16:09:00+0800 lvl=trce msg="Removed fairness-exceeding pending transaction" hash=0xdc4b4e3783c1cc33fc58e873834e7021f5496879f7f39913b7baeacd3c1815bc
t=2023-06-02T16:09:00+0800 lvl=trce msg="Removed fairness-exceeding pending transaction" hash=0x89f814995bd9a22865178423f7b09b7ba5be1d3724753cae5c352b6fd7f31ea9
t=2023-06-02T16:09:00+0800 lvl=trce msg="Removed fairness-exceeding pending transaction" hash=0xe5055f1f0ca0268c47e0a8646fdcce859294a41acbc67ca562259911e00ef2f4
t=2023-06-02T16:09:00+0800 lvl=trce msg="Discarding freshly underpriced transaction" hash=0x59880e08334cb8c7429db704c33c473c76c214a6be4188ae66e6431800df18c0 gasTipCap=1  gasFeeCap=1
t=2023-06-02T16:09:00+0800 lvl=trce msg="Pooled new future transaction"          hash=0x66e75ff88721361a250037b8aae3634ae88dd4247859d7171af11073c84d7964 from=0xae7f5Fc892788f25255f8c1D33c1f7f4C056c888 to=0x0000000000000000000000000000000000000000
t=2023-06-02T16:09:00+0800 lvl=trce msg="Removed old queued transactions"        count=0
t=2023-06-02T16:09:00+0800 lvl=trce msg="Removed unpayable queued transactions"  count=0
t=2023-06-02T16:09:00+0800 lvl=trce msg="Pooled new future transaction"          hash=0x28dae3a35ed743847b51c7bb7d295ad42dfd2a61aea1411acd391faf2d4d1a20 from=0x7628e7c918DAaf4dfbF615023fDBcF72b8479bCe to=0x0000000000000000000000000000000000000000
t=2023-06-02T16:09:00+0800 lvl=trce msg="Removed old queued transactions"        count=0
t=2023-06-02T16:09:00+0800 lvl=trce msg="Removed unpayable queued transactions"  count=0
t=2023-06-02T16:09:00+0800 lvl=trce msg="Removed old queued transactions"        count=0
t=2023-06-02T16:09:00+0800 lvl=trce msg="Removed unpayable queued transactions"  count=0
t=2023-06-02T16:09:00+0800 lvl=trce msg="Promoted queued transactions"           count=0
t=2023-06-02T16:09:00+0800 lvl=trce msg="Promoted queued transactions"           count=0
t=2023-06-02T16:09:00+0800 lvl=trce msg="Removed fairness-exceeding pending transaction" hash=0xc4bbf69f7e01607d00d908f6f083c266e5f5a3338e30d5e75038032efba021fb
t=2023-06-02T16:09:00+0800 lvl=trce msg="Discarding freshly underpriced transaction" hash=0xfdc34a6521d756c95f39e25b236254983bb1f135ed20859274a4031c31628ebd gasTipCap=2  gasFeeCap=2
t=2023-06-02T16:09:00+0800 lvl=trce msg="Removed fairness-exceeding pending transaction" hash=0xb6f25689934532b944ec8a281e36e0ef85633e61adccc784c2eb73f52bf86ce0
t=2023-06-02T16:09:00+0800 lvl=trce msg="Removed fairness-exceeding pending transaction" hash=0x9911195b0b35f15daf6b6ea3a0405eb7ba946fed2b1a79ef5f23ff3f7d68b1d7
t=2023-06-02T16:09:00+0800 lvl=trce msg="Removed fairness-exceeding pending transaction" hash=0x97ac474ae41bad1a9966ef0158f3ab9dbbd7817d236d966c814c67fa1cd0e690
t=2023-06-02T16:09:00+0800 lvl=trce msg="Removed fairness-exceeding pending transaction" hash=0xf387f507b0de46bebd2808f01cb28da50fe23a2068c4e36a33fcc57046b46c24
t=2023-06-02T16:09:00+0800 lvl=trce msg="Removed fairness-exceeding pending transaction" hash=0xcefa44b7e200cee3615f9a9215ed85fe1ae18b31edeca720578452d82c282b2c
t=2023-06-02T16:09:00+0800 lvl=trce msg="Removed fairness-exceeding pending transaction" hash=0x2959dab674d903810a0b0c57436b7714efbc8a4547e8ab067156aa4f1e4c423f
t=2023-06-02T16:09:00+0800 lvl=trce msg="Removed fairness-exceeding pending transaction" hash=0x994c1f345fc423330c488bf8c2084f15e3380beccd4e313147763e6d7e9e4710
t=2023-06-02T16:09:00+0800 lvl=trce msg="Removed fairness-exceeding pending transaction" hash=0x2b0237109932fe9a207a0586b4f0a4c000bcc3083ae253852b4d265d74413d0f
t=2023-06-02T16:09:00+0800 lvl=trce msg="Pooled new future transaction"          hash=0x61fc5616fc2e2b9263a960140a8f3d35ce12457433abbc8c47bc7ee4e940e9d9 from=0xaFF837A9D4D0F8b9cdB55F4a9AC0d0fC0d797bc6 to=0x0000000000000000000000000000000000000000
t=2023-06-02T16:09:00+0800 lvl=trce msg="Removed old queued transactions"        count=0
t=2023-06-02T16:09:00+0800 lvl=info msg="Transaction pool price threshold updated" price=2
t=2023-06-02T16:09:00+0800 lvl=trce msg="Pooled new future transaction"          hash=0x89f4e1d4eb0d32a4833774cd1872102fdb687a44401b5101fca2c85264a8c948 from=0xae7f5Fc892788f25255f8c1D33c1f7f4C056c888 to=0x0000000000000000000000000000000000000000
t=2023-06-02T16:09:00+0800 lvl=trce msg="Removed old queued transactions"        count=0
t=2023-06-02T16:09:00+0800 lvl=trce msg="Removed unpayable queued transactions"  count=0
t=2023-06-02T16:09:00+0800 lvl=trce msg="Promoted queued transactions"           count=0
t=2023-06-02T16:09:00+0800 lvl=trce msg="Removed unpayable queued transactions"  count=0
t=2023-06-02T16:09:00+0800 lvl=trce msg="Promoted queued transactions"           count=0
t=2023-06-02T16:09:00+0800 lvl=trce msg="Removed fairness-exceeding pending transaction" hash=0xbae24da4c4d37943b173969b0b20796affea432d06963e69c879e7f8b771853c
t=2023-06-02T16:09:00+0800 lvl=trce msg="Removed fairness-exceeding pending transaction" hash=0x566fb76d689163a173ba552e51eab0fb1bcd9652851488b41c4bc3011773e398
t=2023-06-02T16:09:00+0800 lvl=trce msg="Removed fairness-exceeding pending transaction" hash=0xe5b819bad0b2b45d43c19cfaaf9d0cc615adfc0a23c689329149f309042acb9c
t=2023-06-02T16:09:00+0800 lvl=trce msg="Removed fairness-exceeding pending transaction" hash=0x76c729ca8d33c26cf8b6f24fa59739eaf88381e7778a06557b605f4710c0d2c4
t=2023-06-02T16:09:00+0800 lvl=trce msg="Removed fairness-exceeding pending transaction" hash=0x7b4ca004669e7c03e08f6d970648db656c38b7ab9a54ca1c6bc1b1de496b0c45
t=2023-06-02T16:09:00+0800 lvl=trce msg="Removed fairness-exceeding pending transaction" hash=0x425112d1cfb943a04802a07663d177e9b1a58177703a469c6a2f097504609db4
t=2023-06-02T16:09:00+0800 lvl=trce msg="Removed fairness-exceeding pending transaction" hash=0x43772d486c09e3398dc68bbc55b6a6cef8166194271893d6b71ec4253fdb322a
t=2023-06-02T16:09:00+0800 lvl=trce msg="Removed fairness-exceeding pending transaction" hash=0xe6f29eb6f1c36267c72b0687137e5f4515386aceaf37715c9e0961765ca64c01
t=2023-06-02T16:09:00+0800 lvl=trce msg="Removed fairness-exceeding pending transaction" hash=0xb6575413fed15114a039f439632d4adb1aae155aa08d54c3a6ef2d86498c0cc1
t=2023-06-02T16:09:00+0800 lvl=trce msg="Removed fairness-exceeding pending transaction" hash=0x465d8c3e15d14eb40334de6cee3871ee27037d4ff4310720a209031edb2666ab
t=2023-06-02T16:09:00+0800 lvl=trce msg="Promoted queued transactions"           count=1
t=2023-06-02T16:09:00+0800 lvl=trce msg="Pooled new future transaction"          hash=0xab0a5804e3dd3ce7a6336bc8942149857643dd5d255bb8de3273065a7ad99453 from=0xaFF837A9D4D0F8b9cdB55F4a9AC0d0fC0d797bc6 to=0x0000000000000000000000000000000000000000
t=2023-06-02T16:09:00+0800 lvl=trce msg="Discarding freshly underpriced transaction" hash=0xb841c8f5963a8af9c8be3138f9c03eb8acceaf6ed32fb7331e9c43da70802729 gasTipCap=9  gasFeeCap=109
t=2023-06-02T16:09:00+0800 lvl=trce msg="Removed fairness-exceeding pending transaction" hash=0x2b2afcb99b66c2da4d11e0d99f94849034ea7c93afd349f3fa6a5a04f8dc920e
t=2023-06-02T16:09:00+0800 lvl=trce msg="Removed fairness-exceeding pending transaction" hash=0x6df1487432c587934bffd447aac8defd8a5da0a8c003e240a929037ff4e49d8e
t=2023-06-02T16:09:00+0800 lvl=trce msg="Removed fairness-exceeding pending transaction" hash=0x978d9e7ed8abd70f06d9d7e389cc53c57008561310f18e1318af2efe67a14496
t=2023-06-02T16:09:00+0800 lvl=trce msg="Removed fairness-exceeding pending transaction" hash=0x9d88475aa5fcfaeaca3925c7ec47acf2d649e2a9b2e13b16858b95a079aad51f
t=2023-06-02T16:09:00+0800 lvl=trce msg="Removed fairness-exceeding pending transaction" hash=0xbd7e8383a588f1de3d0be3e446a6cab09e978855724f12489f2c661fabc4ac21
t=2023-06-02T16:09:00+0800 lvl=trce msg="Removed fairness-exceeding pending transaction" hash=0x086ce9376788ad7a82b388fafa0bfaa22c32da0c1647200f3875245569ce1dd0
t=2023-06-02T16:09:00+0800 lvl=trce msg="Removed fairness-exceeding pending transaction" hash=0xfe9f6bb0a407ab5a9b7215df6af709bcded4a072b1a8bedc3f26a1e95947b71a
t=2023-06-02T16:09:00+0800 lvl=trce msg="Removed fairness-exceeding pending transaction" hash=0xb263c8a9ffac8287e8dba39b995df40edb4390e6f8c6bf5fbbf97972ba8f0dd9
t=2023-06-02T16:09:00+0800 lvl=trce msg="Removed fairness-exceeding pending transaction" hash=0xf506c25b119feaadb79c2c901cb304f1e65325c32155be812007cb26767e231f
t=2023-06-02T16:09:00+0800 lvl=trce msg="Pooled new future transaction"          hash=0x8542b40eeba2cb13148cb6926bdd1cae6aa41f915360eba8a1b70f9325c19aae from=0x51D4b384fe03C4dc25BaEef3628f321C748E520F to=0x0000000000000000000000000000000000000000
t=2023-06-02T16:09:00+0800 lvl=trce msg="Pooled new future transaction"          hash=0x0f3a5b467058f63e0ed9aafdcc512495646c903f571a4498a60db72493dbcfab from=0x7628e7c918DAaf4dfbF615023fDBcF72b8479bCe to=0x0000000000000000000000000000000000000000
t=2023-06-02T16:09:00+0800 lvl=trce msg="Removed old queued transactions"        count=0
t=2023-06-02T16:09:00+0800 lvl=trce msg="Removed fairness-exceeding pending transaction" hash=0x6ba7af1b1ccb2414c2c4e65524f803343f8076d92f9c9fb2e541c570cabf8a70
t=2023-06-02T16:09:00+0800 lvl=trce msg="Removed fairness-exceeding pending transaction" hash=0x9456f827cfd53513c282c52e8aa22ede20b0c16e930ae49ac437a85dd41f245d
t=2023-06-02T16:09:00+0800 lvl=trce msg="Removed fairness-exceeding pending transaction" hash=0x65d0c58b479d1e71ec2a4c72ecc355f4e17291d6a6fa9e5c2b26ca783241c86b
t=2023-06-02T16:09:00+0800 lvl=trce msg="Removed fairness-exceeding pending transaction" hash=0xa4bdcd77c58b6dc449c7f88576a1d2c21d015eb09308e2937ec8b2e04af7e522
t=2023-06-02T16:09:00+0800 lvl=trce msg="Removed fairness-exceeding pending transaction" hash=0x13a1f9856aeaac207b3d0bdcb3997a7e0a7b5ba6e24b4600a77a8c580df887bc
t=2023-06-02T16:09:00+0800 lvl=trce msg="Removed fairness-exceeding pending transaction" hash=0x639f7951e39369eda948546425e9114102b2654ec36d0103edb9f2c0b7874cce
t=2023-06-02T16:09:00+0800 lvl=trce msg="Removed fairness-exceeding pending transaction" hash=0x9fa38b7484dab6e68f9eb5866de1a23feae17b9ea89ebdd462f79e9e52238e1d
t=2023-06-02T16:09:00+0800 lvl=trce msg="Removed fairness-exceeding pending transaction" hash=0x1b2a0ea8ae82f7cc1ea05734688905bc6bf58396d7307f530cb0cbd903e5a533
t=2023-06-02T16:09:00+0800 lvl=trce msg="Removed fairness-exceeding pending transaction" hash=0x719475f27b3172c3462f5fb46dc32a9c03df09f306239630412127cb63a0a08b
t=2023-06-02T16:09:00+0800 lvl=trce msg="Removed fairness-exceeding pending transaction" hash=0x5ab854e6066b4f37410ebdd50ef896c47e142626606d65a718ea5bcf06eb99a8
t=2023-06-02T16:09:00+0800 lvl=trce msg="Removed fairness-exceeding pending transaction" hash=0x25c41c11fb7c38a49da30fcf4b6641436086620a9ec6afa8914a1b8915544345
t=2023-06-02T16:09:00+0800 lvl=trce msg="Removed fairness-exceeding pending transaction" hash=0x610b8eb6f5404b3448403826dbe6200343890406732f36a67f75ed4a22433e6f
t=2023-06-02T16:09:00+0800 lvl=trce msg="Removed fairness-exceeding pending transaction" hash=0x293e3e05178a802d3d7d9c0d875f80f40503dd71553fcd9c65d841f727588a56
t=2023-06-02T16:09:00+0800 lvl=trce msg="Removed fairness-exceeding pending transaction" hash=0x13df950ee5e50859a879161b697cb74a22e4f344bfd53c47638d0d4cd6ac6ad3
t=2023-06-02T16:09:00+0800 lvl=trce msg="Removed fairness-exceeding pending transaction" hash=0xfeecf2f1dd1231884567b57b62acefaf92bab74a2ff831be46d8d603f6b17f13
t=2023-06-02T16:09:00+0800 lvl=trce msg="Removed fairness-exceeding pending transaction" hash=0x3c821f153e478aa312ef92d9bab4b79efa49ea3175a9fa743ceaf921c28594ef
t=2023-06-02T16:09:00+0800 lvl=trce msg="Removed fairness-exceeding pending transaction" hash=0x7909304e5232c539acc834b83bb10e128f422f323ee67605f7b613fa9d57337e
t=2023-06-02T16:09:00+0800 lvl=trce msg="Removed fairness-exceeding pending transaction" hash=0xca449b30cca7b393f710384e4fcfb5c16b4e660cb7e9c58adb322a89dc6d539c
t=2023-06-02T16:09:00+0800 lvl=trce msg="Removed old queued transactions"        count=0
t=2023-06-02T16:09:00+0800 lvl=trce msg="Removed unpayable queued transactions"  count=0
t=2023-06-02T16:09:00+0800 lvl=trce msg="Promoted queued transactions"           count=0
t=2023-06-02T16:09:00+0800 lvl=trce msg="Removed old queued transactions"        count=0
t=2023-06-02T16:09:00+0800 lvl=trce msg="Removed unpayable queued transactions"  count=0
t=2023-06-02T16:09:00+0800 lvl=trce msg="Promoted queued transactions"           count=0
t=2023-06-02T16:09:00+0800 lvl=trce msg="Removed unpayable queued transactions"  count=0
t=2023-06-02T16:09:00+0800 lvl=trce msg="Promoted queued transactions"           count=1
t=2023-06-02T16:09:00+0800 lvl=trce msg="Removed fairness-exceeding pending transaction" hash=0xc822ab62875d3080e7d4f95624d61388b615cf823e1891e44e645d7c6078a090
t=2023-06-02T16:09:00+0800 lvl=trce msg="Removed fairness-exceeding pending transaction" hash=0x7a016045fa956f2e99377a002aa801033c76a69153cf1526f0782f204d58e456
t=2023-06-02T16:09:00+0800 lvl=trce msg="Removed fairness-exceeding pending transaction" hash=0x0f3246175636af0223da143eec31cb053666989fade7423255f28419108345b8
t=2023-06-02T16:09:00+0800 lvl=trce msg="Removed fairness-exceeding pending transaction" hash=0x283d3521021f222c70957e1de1012878f8e9460a4017d8a33d977fd528daa1b7
t=2023-06-02T16:09:00+0800 lvl=trce msg="Removed fairness-exceeding pending transaction" hash=0xa94974e1f67d96462e5464536adfb1e6b01630c99230453e0e38a558ec4b5bad
t=2023-06-02T16:09:00+0800 lvl=trce msg="Pooled new future transaction"          hash=0x77e1750d99e119687c6ffedd7930d6b1fa465c8625d66b83d3ac8cbf3aa514d5 from=0x66e0851F1a162869024b4C9f6b1C4Fc5cb4832F1 to=0x0000000000000000000000000000000000000000
t=2023-06-02T16:09:00+0800 lvl=trce msg="Removed old queued transactions"        count=0
t=2023-06-02T16:09:00+0800 lvl=trce msg="Removed fairness-exceeding pending transaction" hash=0x7036bc1d18bd601e859164c1f5a45722922546e6ee2fc635754a405c58a7ba72
t=2023-06-02T16:09:00+0800 lvl=trce msg="Removed fairness-exceeding pending transaction" hash=0x1a94f376daaca993da330ef0f335935fec73392a701a485626201cd5b6652c23
t=2023-06-02T16:09:00+0800 lvl=trce msg="Removed unpayable queued transactions"  count=0
t=2023-06-02T16:09:00+0800 lvl=trce msg="Pooled new future transaction"          hash=0x8fffc7ea5508635924acbe603d99aa6c4e237fc9ce3bf19f8823479ae7fb7db4 from=0xaFF837A9D4D0F8b9cdB55F4a9AC0d0fC0d797bc6 to=0x0000000000000000000000000000000000000000
t=2023-06-02T16:09:00+0800 lvl=trce msg="Removed old queued transactions"        count=0
t=2023-06-02T16:09:00+0800 lvl=trce msg="Removed unpayable queued transactions"  count=0
t=2023-06-02T16:09:00+0800 lvl=trce msg="Promoted queued transactions"           count=0
t=2023-06-02T16:09:00+0800 lvl=trce msg="Promoted queued transactions"           count=1
t=2023-06-02T16:09:00+0800 lvl=trce msg="Removed fairness-exceeding pending transaction" hash=0xcb1b704a29489b5f21332b8ef6aa5998df36f7a17ad7b0497d95d040a008bd49
t=2023-06-02T16:09:00+0800 lvl=trce msg="Removed fairness-exceeding pending transaction" hash=0xedd1b97822688b82b81bad1b0785ea1243f30a2cd7f54617d466384a837e9b60
t=2023-06-02T16:09:00+0800 lvl=trce msg="Removed fairness-exceeding pending transaction" hash=0x703d6bb9703e4222a66bf9ee73b9803b2290c59bd3ff81f3d14de9f71b7167fb
t=2023-06-02T16:09:00+0800 lvl=trce msg="Removed fairness-exceeding pending transaction" hash=0xd2e9b22b83173975d737e17e426cb8c88f87dcde7b93efad927b6c01818253f6
t=2023-06-02T16:09:00+0800 lvl=trce msg="Removed fairness-exceeding pending transaction" hash=0x513ecf25be2968b82eab9405a363600add53e2bb231d75453418bbabb214a874
t=2023-06-02T16:09:00+0800 lvl=trce msg="Removed fairness-exceeding pending transaction" hash=0x6dd6d2f2edbfa3d7e3de58011c5984f438462154a8195d1808a9b137e641a887
t=2023-06-02T16:09:00+0800 lvl=trce msg="Removed fairness-exceeding pending transaction" hash=0x5e7536ab8f23ffe1751f642303ecbc1601ead96781128e43b10b501dd792f0be
t=2023-06-02T16:09:00+0800 lvl=trce msg="Pooled new future transaction"          hash=0xf1e2cf768b85b41b9e87bc1690f8c11d5dd56fc00547377c7f4fe1647028b4fe from=0xaFF837A9D4D0F8b9cdB55F4a9AC0d0fC0d797bc6 to=0x0000000000000000000000000000000000000000
t=2023-06-02T16:09:00+0800 lvl=trce msg="Removed fairness-exceeding pending transaction" hash=0x933f9e2a29713445c351ae36b92681a532ac59c82d7064be9fc052696208dfc5
t=2023-06-02T16:09:00+0800 lvl=trce msg="Removed old queued transactions"        count=0
t=2023-06-02T16:09:00+0800 lvl=trce msg="Removed fairness-exceeding pending transaction" hash=0xe6a3899bb909f61a1ecbbfdc1f5420fa9cca0d9d005957b986de3bd7b4160f01
t=2023-06-02T16:09:00+0800 lvl=trce msg="Removed fairness-exceeding pending transaction" hash=0x14012001229037b1860e7846d5246d0ea1e7acc2eaac9d8683bafdc14d8f3fb7
t=2023-06-02T16:09:00+0800 lvl=trce msg="Discarding freshly underpriced transaction" hash=0x35d0b413c9fc1d6e9bee5f475789f797ed4ab66764313823e2aae6b04675d1de gasTipCap=10 gasFeeCap=110
t=2023-06-02T16:09:00+0800 lvl=trce msg="Removed fairness-exceeding pending transaction" hash=0x13acc5eb9e365a3067265d12c07a1012899fb0ee8c3e5e7b75482f8f86dfec94
t=2023-06-02T16:09:00+0800 lvl=trce msg="Removed fairness-exceeding pending transaction" hash=0x9165bad3b109136f55191429dfcc641b870fe652f67441217b4e9302780666e6
t=2023-06-02T16:09:00+0800 lvl=trce msg="Removed fairness-exceeding pending transaction" hash=0xa8342f9e1ce05d1e577c0bbb9a6c64f6d66b8302b79d7498bbce720adbbc8e1e
t=2023-06-02T16:09:00+0800 lvl=trce msg="Removed fairness-exceeding pending transaction" hash=0x537b5171342fa1be80dd6dff8b0bb223ec26e29f07aae574f39f04aec9b5e86e
t=2023-06-02T16:09:00+0800 lvl=trce msg="Removed fairness-exceeding pending transaction" hash=0x898079207a463cc0f8e59f56a1b875c0a0d1c49934af78b3c71c0c2436397be5
t=2023-06-02T16:09:00+0800 lvl=trce msg="Removed fairness-exceeding pending transaction" hash=0xe5d19c677f31570ced6810217f5dfdd9850ad35bf92b9d0c7cbdbaf357840fc2
t=2023-06-02T16:09:00+0800 lvl=trce msg="Removed fairness-exceeding pending transaction" hash=0x084649c5290517e782d0d0c0d420c31433d350c69a34bff32dc5a5121be9066b
t=2023-06-02T16:09:00+0800 lvl=trce msg="Removed fairness-exceeding pending transaction" hash=0xd25ca0f32881c2b3ae527e3bc64ecc87ee2739a2ad4a944d03626289fc54f4e6
t=2023-06-02T16:09:00+0800 lvl=trce msg="Removed fairness-exceeding pending transaction" hash=0x1ff3dfee0961441d404b51d6b1664bdb4350c4be2c51d906ff0fcb41074fb727
t=2023-06-02T16:09:00+0800 lvl=trce msg="Removed fairness-exceeding pending transaction" hash=0x00abf39af5229e9dee4487cd1ec290f6e10fd41661db1ffd2676cce53c3ce443
t=2023-06-02T16:09:00+0800 lvl=trce msg="Removed fairness-exceeding pending transaction" hash=0x8be9e706aec32301c3994c324b0d3a561a984472d02344ea76a70561e3f5b3a7
t=2023-06-02T16:09:00+0800 lvl=trce msg="Pooled new future transaction"          hash=0x3e7061527450c26854596bbd996f9098fbb404b0bd3f60428b241c2d9a2c2cba from=0xc6DA1fbA28cE41728739F3d3663F54324e3AC3D3 to=0x0000000000000000000000000000000000000000
t=2023-06-02T16:09:00+0800 lvl=trce msg="Removed fairness-exceeding pending transaction" hash=0xec762de45042016b0e0136bf1b924ef02d0663b407da7c5162b986886574483d
t=2023-06-02T16:09:00+0800 lvl=trce msg="Removed fairness-exceeding pending transaction" hash=0x53dc676bb8f4af8b7ca5677e27fba85bbb31538b9aa0086b08edc3672b3c6552
t=2023-06-02T16:09:00+0800 lvl=trce msg="Removed old queued transactions"        count=0
t=2023-06-02T16:09:00+0800 lvl=trce msg="Removed fairness-exceeding pending transaction" hash=0x1d8697445547c03ddf99d40d8a909e88b4e1c029fcbc81a2efa0ce99cd8d91ce
t=2023-06-02T16:09:00+0800 lvl=trce msg="Removed fairness-exceeding pending transaction" hash=0x5211ed6a89d9c1297e047e71b2cedf7677490ec0a16cf10a1002f4ec16de0695
t=2023-06-02T16:09:00+0800 lvl=trce msg="Removed fairness-exceeding pending transaction" hash=0xcd2f164d225cb422f624e37db28e013c78864b9f938bf6bb387fbdc49c2f1c09
t=2023-06-02T16:09:00+0800 lvl=trce msg="Removed fairness-exceeding pending transaction" hash=0xada4f9d8927201b6aad4700fdfa7bd6bd2def024aa584d98aa4375837ef1759e
t=2023-06-02T16:09:00+0800 lvl=trce msg="Removed fairness-exceeding pending transaction" hash=0xc749779c2d270941a060e2a754676f09090ce64baf2c972db0612203051fdcfd
t=2023-06-02T16:09:00+0800 lvl=info msg="Transaction pool price threshold updated" price=2
t=2023-06-02T16:09:00+0800 lvl=trce msg="Removed fairness-exceeding pending transaction" hash=0xd8806c51c70c27d053f687471ce635025688bf4ded6f5f389dc97d356a547260
t=2023-06-02T16:09:00+0800 lvl=trce msg="Removed unpayable queued transactions"  count=0
t=2023-06-02T16:09:00+0800 lvl=trce msg="Removed fairness-exceeding pending transaction" hash=0x56e86a35abe7469866db3dc5c5582660886405fc8b7fdd0c4933fd558bde616c
t=2023-06-02T16:09:00+0800 lvl=trce msg="Promoted queued transactions"           count=1
t=2023-06-02T16:09:00+0800 lvl=trce msg="Removed fairness-exceeding pending transaction" hash=0x9d3f49696c55e5f44c1ed2fa3cea33fd5ac960b57b08eeca6521875fa2413879
t=2023-06-02T16:09:00+0800 lvl=trce msg="Removed fairness-exceeding pending transaction" hash=0x881dfa86e160fb5b87b9b17e1fc539a63bf98c63156a5548007dc0f62dd8fec4
t=2023-06-02T16:09:00+0800 lvl=trce msg="Removed fairness-exceeding pending transaction" hash=0x9a62693568fe79b718f8653b4192586fda322a83962bed2e96fc7f0762c9d516
t=2023-06-02T16:09:00+0800 lvl=trce msg="Removed fairness-exceeding pending transaction" hash=0x53186b307f165755491e8a15e851754949a6b68df5a907d3861a9ef48ad363ce
t=2023-06-02T16:09:00+0800 lvl=trce msg="Removed fairness-exceeding pending transaction" hash=0xb8ad27be20de09c740efff32869c24426f7b44edf6af33decfa33c84bd60b95d
t=2023-06-02T16:09:00+0800 lvl=trce msg="Removed fairness-exceeding pending transaction" hash=0x7acf66f68b441284841995b0353a90c8f7d59f34207c38536d9133f6d0985d28
t=2023-06-02T16:09:00+0800 lvl=trce msg="Removed fairness-exceeding pending transaction" hash=0xec279c7d8523975ff0b6a937c7e03d620b709c02b4d78d7437860f77076857de
t=2023-06-02T16:09:00+0800 lvl=trce msg="Removed fairness-exceeding pending transaction" hash=0x856884cdc0192798ddcfc06c98c5469b1d33ca6a47e189b03748bf21d9c88b43
t=2023-06-02T16:09:00+0800 lvl=trce msg="Removed fairness-exceeding pending transaction" hash=0xfe6a352ad30839a8f780f1d3c50a4e34b9276d748435987e8447c04e733aba15
t=2023-06-02T16:09:00+0800 lvl=trce msg="Discarding freshly underpriced transaction" hash=0xaf36b03eb618f66b7c6b58d6dc830142fb264b1a6b34faa98fca58b46ab8bd91 gasTipCap=11 gasFeeCap=111
t=2023-06-02T16:09:00+0800 lvl=trce msg="Removed fairness-exceeding pending transaction" hash=0xa4cee9876a5b6bf7897d1e1beef743add135bc96b7a742e056519401297b9061
t=2023-06-02T16:09:00+0800 lvl=trce msg="Pooled new future transaction"          hash=0x7bee578fef35849e2b09f362431498de2f17b33a334fe7f6d7d0d8c503ddaac8 from=0xE1026A10000c003cc4436eb2a170B1FF936E2906 to=0x0000000000000000000000000000000000000000
t=2023-06-02T16:09:00+0800 lvl=trce msg="Removed old queued transactions"        count=0
t=2023-06-02T16:09:00+0800 lvl=trce msg="Removed unpayable queued transactions"  count=0
t=2023-06-02T16:09:00+0800 lvl=trce msg="Promoted queued transactions"           count=1
t=2023-06-02T16:09:00+0800 lvl=trce msg="Removed unpayable queued transactions"  count=0
t=2023-06-02T16:09:00+0800 lvl=trce msg="Promoted queued transactions"           count=0
t=2023-06-02T16:09:00+0800 lvl=trce msg="Removed fairness-exceeding pending transaction" hash=0x6745795c4e4e8605058725fcb323f4d208539041c7b9fa009b155b6ab4eb4ea1
t=2023-06-02T16:09:00+0800 lvl=trce msg="Removed fairness-exceeding pending transaction" hash=0x838b47db5ff738fc71f31ed37b801dbab41837c68162994107e1c64556a9eb95
t=2023-06-02T16:09:00+0800 lvl=trce msg="Removed fairness-exceeding pending transaction" hash=0x09add64ee9270fada44e016cff5de60b321fb198858eff19504adc52a56a068d
t=2023-06-02T16:09:00+0800 lvl=trce msg="Removed fairness-exceeding pending transaction" hash=0x903a35b4d1c8ffee80ef54e3c7ed4751ac046f3e7e4189065545499004c9e38e
t=2023-06-02T16:09:00+0800 lvl=trce msg="Removed fairness-exceeding pending transaction" hash=0xbfb60a8ccdff2aef24ad23488e72057b89863fffeb0e535621fce7869cc3aa3d
t=2023-06-02T16:09:00+0800 lvl=trce msg="Removed fairness-exceeding pending transaction" hash=0x1c53dbbe3ae8eae5cee134b378210925c64ef150dd8fba81267a057777f60d9c
t=2023-06-02T16:09:00+0800 lvl=trce msg="Pooled new future transaction"          hash=0xc3e3ee02ef5184471423e8f3783efba581a4868c189bfb432d0603092266baca from=0xaFF837A9D4D0F8b9cdB55F4a9AC0d0fC0d797bc6 to=0x0000000000000000000000000000000000000000
t=2023-06-02T16:09:00+0800 lvl=trce msg="Removed old queued transactions"        count=0
t=2023-06-02T16:09:00+0800 lvl=trce msg="Discarding freshly underpriced transaction" hash=0x719898cb352ee2570fc2a0e4333d5599c5d93a9dd8fe639fb43070324163d9c5 gasTipCap=12 gasFeeCap=112
t=2023-06-02T16:09:00+0800 lvl=trce msg="Removed unpayable queued transactions"  count=0
t=2023-06-02T16:09:00+0800 lvl=trce msg="Promoted queued transactions"           count=0
t=2023-06-02T16:09:00+0800 lvl=trce msg="Pooled new future transaction"          hash=0x109f46f978d0281636cef9295cbeca47b7a6bca485dbb3afc5e7ba1806d3f061 from=0x42c33B9c0e3b9d1D61fe386Bf4F4150F4E010079 to=0x0000000000000000000000000000000000000000
t=2023-06-02T16:09:00+0800 lvl=trce msg="Removed old queued transactions"        count=0
t=2023-06-02T16:09:00+0800 lvl=trce msg="Removed unpayable queued transactions"  count=0
t=2023-06-02T16:09:00+0800 lvl=trce msg="Pooled new future transaction"          hash=0xcc487eb06ddc3e95fabcb738b79b168ef4ec82d03dd3b2e548881f901b8dcb21 from=0x66e0851F1a162869024b4C9f6b1C4Fc5cb4832F1 to=0x0000000000000000000000000000000000000000
t=2023-06-02T16:09:00+0800 lvl=trce msg="Pooled new future transaction"          hash=0x53258d11e4827e8a2791ac55ee4b6e99885a8b55187daa9e203188bb0030cbb9 from=0xaFF837A9D4D0F8b9cdB55F4a9AC0d0fC0d797bc6 to=0x0000000000000000000000000000000000000000
t=2023-06-02T16:09:00+0800 lvl=trce msg="Removed old queued transactions"        count=0
t=2023-06-02T16:09:00+0800 lvl=trce msg="Removed unpayable queued transactions"  count=0
t=2023-06-02T16:09:00+0800 lvl=trce msg="Removed old queued transactions"        count=0
t=2023-06-02T16:09:00+0800 lvl=trce msg="Removed unpayable queued transactions"  count=0
t=2023-06-02T16:09:00+0800 lvl=trce msg="Promoted queued transactions"           count=0
t=2023-06-02T16:09:00+0800 lvl=trce msg="Removed fairness-exceeding pending transaction" hash=0xf9aa2d814283e0e9f7cbc21f32e4e2ae4bcbd5d6c161cdd6bc0c128f16b75536
t=2023-06-02T16:09:00+0800 lvl=trce msg="Removed fairness-exceeding pending transaction" hash=0x4d8907e2be9e5a1634ea58db3411cd3b10cfaaef40d9c8a53a0fdb8adf610a17
t=2023-06-02T16:09:00+0800 lvl=trce msg="Removed fairness-exceeding pending transaction" hash=0x2ae9a4dac62b3e7a46c161d513c6b314124daaa2110fbb976ead90915f98dd11
t=2023-06-02T16:09:00+0800 lvl=trce msg="Removed fairness-exceeding pending transaction" hash=0x3c84a60318d4f08a0cf1839cc8586f62c16f4c1262756d25bbe1604f3de013bd
t=2023-06-02T16:09:00+0800 lvl=trce msg="Removed fairness-exceeding pending transaction" hash=0xc3c3db4e77121915bc1646889961774b3c1a3b90a553a36c5399480e60b28bd7
t=2023-06-02T16:09:00+0800 lvl=trce msg="Removed fairness-exceeding pending transaction" hash=0x29baf9022b99625f86a394c7ac761db77545439d9fb34e35c3cf92de8fb9843f
t=2023-06-02T16:09:00+0800 lvl=trce msg="Removed fairness-exceeding pending transaction" hash=0x70cdca036a1161b3581d183e0df89c79310e9c5b93edc65f19312d90d70f1b93
t=2023-06-02T16:09:00+0800 lvl=trce msg="Removed fairness-exceeding pending transaction" hash=0x08e6ba48b317e0e0e7ecdd75942382558e215963fe14d434b7324ff3ca0c679e
t=2023-06-02T16:09:00+0800 lvl=trce msg="Removed fairness-exceeding pending transaction" hash=0xf395e7dd5d7f92dcb726758317642474109444ca19fa35d3f7bb4c99d2a4a8ae
t=2023-06-02T16:09:00+0800 lvl=trce msg="Removed fairness-exceeding pending transaction" hash=0xba1f5d4456c1215d9333ba9b04d005e8c5eeb336bed880be977d8262923f0573
t=2023-06-02T16:09:00+0800 lvl=trce msg="Removed fairness-exceeding pending transaction" hash=0x161ede3ac74fb00130e2364ded80f263308f99bce2f2c482d6fab13c227d330c
t=2023-06-02T16:09:00+0800 lvl=trce msg="Removed fairness-exceeding pending transaction" hash=0x787c29230a40510348e2f90bffffa5e52264586b32d9e151f2754b15c25ec855
t=2023-06-02T16:09:00+0800 lvl=trce msg="Removed fairness-exceeding pending transaction" hash=0x10dadca3bc2cf191a879f151eef987d8f3b16025e12c9ce725ff0e26d4c7ae2d
t=2023-06-02T16:09:00+0800 lvl=trce msg="Removed fairness-exceeding pending transaction" hash=0x42135fe0f610f073429abe20b507f0aa6ba4e11b3e93c51e8b83984e8c94b809
t=2023-06-02T16:09:00+0800 lvl=trce msg="Removed fairness-exceeding pending transaction" hash=0x234939d03868e8e62714341af01cf86a1ecf6994db4b82dd7ca501c6994dd011
t=2023-06-02T16:09:00+0800 lvl=trce msg="Removed fairness-exceeding pending transaction" hash=0x16a186e3ff30bb20efd73d45aa1ff0fcf37256e35d12cdb0c08a26728d4dcb30
t=2023-06-02T16:09:00+0800 lvl=trce msg="Removed fairness-exceeding pending transaction" hash=0xe62d3ed550136b0e400943b2b2bdf67c3cffcbc22fc53dc2b77358dde6ab8041
t=2023-06-02T16:09:00+0800 lvl=trce msg="Removed fairness-exceeding pending transaction" hash=0xcc76c919a408960178986895095c8e61d7ac6bac6ed96e58340eaff3dad7ba9f
t=2023-06-02T16:09:00+0800 lvl=trce msg="Removed fairness-exceeding pending transaction" hash=0xd9eea31f82c23a59acb35ec00712cb0d49f409609b91fb5352b7d3932b220178
t=2023-06-02T16:09:00+0800 lvl=trce msg="Removed fairness-exceeding pending transaction" hash=0x25a41f0910905aa156c235c989c1f76fb659c60986d859df9cf693829398c890
t=2023-06-02T16:09:00+0800 lvl=trce msg="Promoted queued transactions"           count=0
t=2023-06-02T16:09:00+0800 lvl=trce msg="Pooled new future transaction"          hash=0x20d5f59f76997de54cd2b20753e97638f07bbf2863520cd655e8b24fb87ddcce from=0x7628e7c918DAaf4dfbF615023fDBcF72b8479bCe to=0x0000000000000000000000000000000000000000
t=2023-06-02T16:09:00+0800 lvl=trce msg="Removed old queued transactions"        count=0
t=2023-06-02T16:09:00+0800 lvl=trce msg="Removed unpayable queued transactions"  count=0
t=2023-06-02T16:09:00+0800 lvl=trce msg="Promoted queued transactions"           count=1
t=2023-06-02T16:09:00+0800 lvl=trce msg="Promoted queued transactions"           count=1
t=2023-06-02T16:09:00+0800 lvl=trce msg="Removed fairness-exceeding pending transaction" hash=0x9500dc0fbe7c093a6195c677a3050e2d27667ebb254511b892e0ef06b6f8edfa
t=2023-06-02T16:09:00+0800 lvl=trce msg="Removed fairness-exceeding pending transaction" hash=0x2c709267b01409114de767e7859ee7d60e69dcbd7a71d693be2529a7fd0530fb
t=2023-06-02T16:09:00+0800 lvl=trce msg="Removed fairness-exceeding pending transaction" hash=0x85b35e00f0e4f94a0185214bf0bb272cebe87610d96dc7766fadea2566193505
t=2023-06-02T16:09:00+0800 lvl=trce msg="Removed fairness-exceeding pending transaction" hash=0xc0b7e680b75f0629ac8741b84b3a982faf255bda46f31cddeba80ba3f68c1a55
t=2023-06-02T16:09:00+0800 lvl=trce msg="Removed fairness-exceeding pending transaction" hash=0x00355ea2d196499ac7e6cffd2f0fc61014dc56fd6d2599644a7baac2d6000062
t=2023-06-02T16:09:00+0800 lvl=trce msg="Removed fairness-exceeding pending transaction" hash=0xf14c53cfc9a14ac405c36db05c53062f64c38d1eaa6db000343fffd7ba92e05d
t=2023-06-02T16:09:00+0800 lvl=trce msg="Removed fairness-exceeding pending transaction" hash=0xdd376337a373aea4b80a85e6943460641a5ff7d5b9e7d5a2fbd90bf3b4a76d5f
t=2023-06-02T16:09:00+0800 lvl=trce msg="Removed fairness-exceeding pending transaction" hash=0x2e32567ad4415ea472709a8857b2766f0b7fe9c3769ebb678df2cc3eeed35592
t=2023-06-02T16:09:00+0800 lvl=trce msg="Removed fairness-exceeding pending transaction" hash=0x3155f30a144131bc754c953140c25baa09dc8bdee4fd0cbef4281a19a08ddf41
t=2023-06-02T16:09:00+0800 lvl=trce msg="Removed fairness-exceeding pending transaction" hash=0xe150da517e92436619a6031825fa10fde719889d8daf6b834506b0ec6bbaca44
t=2023-06-02T16:09:00+0800 lvl=trce msg="Removed fairness-exceeding pending transaction" hash=0x23048c5386c04a3d276ac3a1b13e25b4868d1699345cd40f1f02952d176a00cf
t=2023-06-02T16:09:00+0800 lvl=trce msg="Removed fairness-exceeding pending transaction" hash=0x38b66681a281d1a73bba6fc343306931da21d427f1da725639618a2382ecf974
t=2023-06-02T16:09:00+0800 lvl=trce msg="Removed fairness-exceeding pending transaction" hash=0x81b3aa2ac9277be89fdf007247cd98ccc2251de4d8b88fbe98daaeaee53845b6
t=2023-06-02T16:09:00+0800 lvl=trce msg="Removed fairness-exceeding pending transaction" hash=0x80536c8ab32fae701fc7517c343c488285206cfb14fd57015c63e35b61676c07
t=2023-06-02T16:09:00+0800 lvl=trce msg="Pooled new future transaction"          hash=0x858e2da2fedade020ff04c4584467ce5fa637677fb0e5cf6e43755fbe5d80c37 from=0x7628e7c918DAaf4dfbF615023fDBcF72b8479bCe to=0x0000000000000000000000000000000000000000
t=2023-06-02T16:09:00+0800 lvl=trce msg="Removed old queued transactions"        count=0
t=2023-06-02T16:09:00+0800 lvl=trce msg="Removed unpayable queued transactions"  count=0
t=2023-06-02T16:09:00+0800 lvl=trce msg="Promoted queued transactions"           count=0
t=2023-06-02T16:09:00+0800 lvl=trce msg="Removed fairness-exceeding pending transaction" hash=0xdc85fb588ddfdfc3c439dde0e1ff2f4377897dfb7f64cc20696b33d7ce3d7be0
t=2023-06-02T16:09:00+0800 lvl=trce msg="Removed fairness-exceeding pending transaction" hash=0x0cfd73bf44c56a95adfbf02d62d514211819babca920fdc0f485d18f65b3c71e
t=2023-06-02T16:09:00+0800 lvl=trce msg="Removed fairness-exceeding pending transaction" hash=0x8e8dc5f82f2a28b07c30a7b21adb3c4d3b83b846dab5d1e4a923d5f8a635d4d2
t=2023-06-02T16:09:00+0800 lvl=trce msg="Removed fairness-exceeding pending transaction" hash=0x61a18e07d943abfbfa5d0ad6506ff7e68fe7dc893d7d7e8a5979df36585e416e
t=2023-06-02T16:09:00+0800 lvl=trce msg="Removed fairness-exceeding pending transaction" hash=0x2f438c79e2d069ee9bee3efd8fd2eeb5d1f71ce9ce3dc5176927c837b75e7d00
t=2023-06-02T16:09:00+0800 lvl=trce msg="Removed fairness-exceeding pending transaction" hash=0x87031ca084bfa50a7924ee8ef643323a94e4252c567e812310cce7aa0d16b4c1
t=2023-06-02T16:09:00+0800 lvl=trce msg="Discarding freshly underpriced transaction" hash=0x4d8f7633701e780488c5e12ef7854f562fdc1afba2edc9c35fc7f512205f713b gasTipCap=13 gasFeeCap=113
t=2023-06-02T16:09:00+0800 lvl=trce msg="Pooled new future transaction"          hash=0x22fb97d2535eba1d582b4d8456f1f6c4db8135900071e69d703aca285f33f2a4 from=0x543a9eFf8a0186CA52132c38968C48348C88A9dB to=0x0000000000000000000000000000000000000000
t=2023-06-02T16:09:00+0800 lvl=trce msg="Pooled new future transaction"          hash=0xbe271c600470238e2c5097ffe124a976f34fb5ce9e59198f03c19b1d5c18d1da from=0x66e0851F1a162869024b4C9f6b1C4Fc5cb4832F1 to=0x0000000000000000000000000000000000000000
t=2023-06-02T16:09:00+0800 lvl=trce msg="Removed old queued transactions"        count=0
t=2023-06-02T16:09:00+0800 lvl=trce msg="Removed unpayable queued transactions"  count=0
t=2023-06-02T16:09:00+0800 lvl=trce msg="Promoted queued transactions"           count=1
t=2023-06-02T16:09:00+0800 lvl=trce msg="Removed old queued transactions"        count=0
t=2023-06-02T16:09:00+0800 lvl=trce msg="Removed unpayable queued transactions"  count=0
t=2023-06-02T16:09:00+0800 lvl=trce msg="Promoted queued transactions"           count=1
t=2023-06-02T16:09:00+0800 lvl=trce msg="Removed fairness-exceeding pending transaction" hash=0x1eef60b3045d28e1cbd2e0748d673c1793db953f81d4c6bffe7b7630f91242b5
t=2023-06-02T16:09:00+0800 lvl=trce msg="Removed fairness-exceeding pending transaction" hash=0x7eded68b4404df358d7c4ad515fe395ec0f7ea9725bbc9bb04602f99b480f657
t=2023-06-02T16:09:00+0800 lvl=trce msg="Removed fairness-exceeding pending transaction" hash=0x1017a979d26f6c6fe54cd94719e9947e2e9b7f20a16497eb15931913ab6aa6d4
t=2023-06-02T16:09:00+0800 lvl=trce msg="Removed fairness-exceeding pending transaction" hash=0xd381b70a6d7fee1a6ea54517ee4604e408e8ee5e76654c2572eb5029b9aac021
t=2023-06-02T16:09:00+0800 lvl=trce msg="Removed fairness-exceeding pending transaction" hash=0x9f709d5067fd78fa32ff67f726200b63c1d587769e1e64c6d798c8694ecdb830
t=2023-06-02T16:09:00+0800 lvl=trce msg="Removed fairness-exceeding pending transaction" hash=0x02cc62194d59393775551f16de07f02890809e8d788cfa65f16b1bf87ad6199c
t=2023-06-02T16:09:00+0800 lvl=trce msg="Removed fairness-exceeding pending transaction" hash=0xc97a1dccbd5e6482d30d59e1b6caf91e1e3be4acc7b76cb70b230676bc7cf3dd
t=2023-06-02T16:09:00+0800 lvl=trce msg="Removed fairness-exceeding pending transaction" hash=0xb3c11665563e8d21a6e6a2a5d33411635d1481b8c28cc5f362898e44f830fd0f
t=2023-06-02T16:09:00+0800 lvl=trce msg="Removed fairness-exceeding pending transaction" hash=0x3ecaf95ae3b9e7ff140c9755a3630d3915a168f0a65ec986f3818e10404af106
t=2023-06-02T16:09:00+0800 lvl=trce msg="Pooled new future transaction"          hash=0x7c396602009049c730267fa9edfdb798dc3c8b4ca69973eb113bae273df1c21c from=0xaFF837A9D4D0F8b9cdB55F4a9AC0d0fC0d797bc6 to=0x0000000000000000000000000000000000000000
t=2023-06-02T16:09:00+0800 lvl=trce msg="Removed old queued transactions"        count=0
t=2023-06-02T16:09:00+0800 lvl=trce msg="Removed unpayable queued transactions"  count=0
t=2023-06-02T16:09:00+0800 lvl=trce msg="Promoted queued transactions"           count=0
t=2023-06-02T16:09:00+0800 lvl=trce msg="Removed fairness-exceeding pending transaction" hash=0x0da57514e720c2e91b159d3cfeaaa1985c703c59d54b0ff885cab9748c959c4a
t=2023-06-02T16:09:00+0800 lvl=trce msg="Removed fairness-exceeding pending transaction" hash=0x135d8b753da8356f11d62e1a040b12888c2b3be9b869483816afd8ae47cdde8f
t=2023-06-02T16:09:00+0800 lvl=trce msg="Removed fairness-exceeding pending transaction" hash=0x74e6917aaab67c8af1f6def326f31711ae2d9a37ab31fa2be20763d8ad8667b8
t=2023-06-02T16:09:00+0800 lvl=trce msg="Removed fairness-exceeding pending transaction" hash=0x946a5bee4d3ac6c005b036e64deeda1c01f3a9d7ae303e3fe2bc5606ecb16d8b
t=2023-06-02T16:09:00+0800 lvl=trce msg="Removed fairness-exceeding pending transaction" hash=0xeed7eeecaff1755b93558f2b6c728da0f9beb6a4565857d2cd1268a77f25fba4
t=2023-06-02T16:09:00+0800 lvl=trce msg="Discarding freshly underpriced transaction" hash=0xe50ba4823dbe7430602a27567dc9b26cffea83cd9c6e6a4886d958ef1a717739 gasTipCap=14 gasFeeCap=114
t=2023-06-02T16:09:00+0800 lvl=trce msg="Pooled new future transaction"          hash=0xc1f6e82f4a89d64baf58bdad0dc8e77de12be14cf3daaec3a76ed5ddb496a49e from=0xfe929C096d96BDEA039f7b895EE7dE729B12347e to=0x0000000000000000000000000000000000000000
t=2023-06-02T16:09:00+0800 lvl=trce msg="Pooled new future transaction"          hash=0x52cfb86c4ecc26771ceb2fefca6d43bb32015634feae837f606e6c73b18b4745 from=0x66e0851F1a162869024b4C9f6b1C4Fc5cb4832F1 to=0x0000000000000000000000000000000000000000
t=2023-06-02T16:09:00+0800 lvl=trce msg="Removed old queued transactions"        count=0
t=2023-06-02T16:09:00+0800 lvl=trce msg="Pooled new future transaction"          hash=0x7aca3d23f674a17fa3f74425501fb49ee8444bdd9f84eddd1e7000b1515005b1 from=0xaFF837A9D4D0F8b9cdB55F4a9AC0d0fC0d797bc6 to=0x0000000000000000000000000000000000000000
t=2023-06-02T16:09:00+0800 lvl=trce msg="Removed old queued transactions"        count=0
t=2023-06-02T16:09:00+0800 lvl=trce msg="Removed unpayable queued transactions"  count=0
t=2023-06-02T16:09:00+0800 lvl=trce msg="Promoted queued transactions"           count=0
t=2023-06-02T16:09:00+0800 lvl=trce msg="Removed unpayable queued transactions"  count=0
t=2023-06-02T16:09:00+0800 lvl=trce msg="Promoted queued transactions"           count=1
t=2023-06-02T16:09:00+0800 lvl=trce msg="Removed old queued transactions"        count=0
t=2023-06-02T16:09:00+0800 lvl=trce msg="Removed unpayable queued transactions"  count=0
t=2023-06-02T16:09:00+0800 lvl=trce msg="Promoted queued transactions"           count=0
t=2023-06-02T16:09:00+0800 lvl=info msg="Transaction pool stopped"
--- PASS: TestTransactionPendingGlobalLimiting (0.06s)
=== CONT  TestTransactionGapFilling
t=2023-06-02T16:09:00+0800 lvl=trce msg="Pooled new future transaction"          hash=0x4fc9a5deef5add947ac73669669cd14ae9d7f2a3bc224352d99af76845f00ce7 from=0xaFF837A9D4D0F8b9cdB55F4a9AC0d0fC0d797bc6 to=0x0000000000000000000000000000000000000000
t=2023-06-02T16:09:00+0800 lvl=trce msg="Removed old queued transactions"        count=0
t=2023-06-02T16:09:00+0800 lvl=dbug msg="Reinjecting stale transactions"         count=0
t=2023-06-02T16:09:00+0800 lvl=trce msg="Removed unpayable queued transactions"  count=0
t=2023-06-02T16:09:00+0800 lvl=trce msg="Promoted queued transactions"           count=0
t=2023-06-02T16:09:00+0800 lvl=trce msg="Pooled new future transaction"          hash=0x2b9584052fafd1da51ee2c166d479ecf34b887c9628e7eafdf9b0b4ca5205dcf from=0x7628e7c918DAaf4dfbF615023fDBcF72b8479bCe to=0x0000000000000000000000000000000000000000
t=2023-06-02T16:09:00+0800 lvl=trce msg="Removed old queued transactions"        count=0
t=2023-06-02T16:09:00+0800 lvl=trce msg="Pooled new future transaction"          hash=0xecb27c3d6951ff645716a5f62fd8c5a16190d133bf0a6aa59ea196e858cb065c from=0xaFF837A9D4D0F8b9cdB55F4a9AC0d0fC0d797bc6 to=0x0000000000000000000000000000000000000000
t=2023-06-02T16:09:00+0800 lvl=trce msg="Removed old queued transactions"        count=0
t=2023-06-02T16:09:00+0800 lvl=trce msg="Removed unpayable queued transactions"  count=0
t=2023-06-02T16:09:00+0800 lvl=trce msg="Promoted queued transactions"           count=0
t=2023-06-02T16:09:00+0800 lvl=trce msg="Discarding freshly underpriced transaction" hash=0xac616b8ee9d887ef29e18547924a3aa6b14eda78008ec9baf70d7787404c013b gasTipCap=15 gasFeeCap=115
t=2023-06-02T16:09:00+0800 lvl=trce msg="Pooled new future transaction"          hash=0x9d9036f68a710ed72ed31dfcff1a3a46b4e2a0871eb0f40e8d7f8795cf7e460d from=0x61c82DE61e440Cf8C97eadAF7De75E9a57Eb727C to=0x0000000000000000000000000000000000000000
t=2023-06-02T16:09:00+0800 lvl=trce msg="Removed old queued transactions"        count=0
t=2023-06-02T16:09:00+0800 lvl=trce msg="Removed unpayable queued transactions"  count=0
t=2023-06-02T16:09:00+0800 lvl=trce msg="Promoted queued transactions"           count=1
t=2023-06-02T16:09:00+0800 lvl=trce msg="Removed unpayable queued transactions"  count=0
t=2023-06-02T16:09:00+0800 lvl=trce msg="Promoted queued transactions"           count=1
t=2023-06-02T16:09:00+0800 lvl=trce msg="Pooled new future transaction"          hash=0xd5d3b97795375549f4ead50b964ed1087c004afc924b9aa21b4c67d587502385 from=0xD2013DE62ACb861258BC712e53229eeA4e6d460C to=0x0000000000000000000000000000000000000000
t=2023-06-02T16:09:00+0800 lvl=trce msg="Pooled new future transaction"          hash=0xa6b79e8e94efbc708f2b47b8172601764dcb1a1fed90e243be7811697d7f9425 from=0xD2013DE62ACb861258BC712e53229eeA4e6d460C to=0x0000000000000000000000000000000000000000
t=2023-06-02T16:09:00+0800 lvl=trce msg="Removed old queued transactions"        count=0
t=2023-06-02T16:09:00+0800 lvl=trce msg="Removed unpayable queued transactions"  count=0
t=2023-06-02T16:09:00+0800 lvl=trce msg="Promoted queued transactions"           count=1
t=2023-06-02T16:09:00+0800 lvl=trce msg="Pooled new future transaction"          hash=0x98f3e957b16180f476139a011a9780bf5549b2356bab6965b76f005be75e0bcb from=0xaFF837A9D4D0F8b9cdB55F4a9AC0d0fC0d797bc6 to=0x0000000000000000000000000000000000000000
t=2023-06-02T16:09:00+0800 lvl=trce msg="Removed old queued transactions"        count=0
t=2023-06-02T16:09:00+0800 lvl=trce msg="Removed unpayable queued transactions"  count=0
t=2023-06-02T16:09:00+0800 lvl=trce msg="Promoted queued transactions"           count=0
t=2023-06-02T16:09:00+0800 lvl=trce msg="Pooled new future transaction"          hash=0x20ba0a3aaa9c920939169093c9d8cef6fad46833f46e9bcd5798e687f149f796 from=0x7628e7c918DAaf4dfbF615023fDBcF72b8479bCe to=0x0000000000000000000000000000000000000000
t=2023-06-02T16:09:00+0800 lvl=trce msg="Discarding freshly underpriced transaction" hash=0x5e84412e532711b6e6b4576f7803bbd69f3d44e4da1bea43178b7e9898675bae gasTipCap=16 gasFeeCap=116
t=2023-06-02T16:09:00+0800 lvl=trce msg="Removed old queued transactions"        count=0
t=2023-06-02T16:09:00+0800 lvl=trce msg="Removed unpayable queued transactions"  count=0
t=2023-06-02T16:09:00+0800 lvl=trce msg="Promoted queued transactions"           count=0
t=2023-06-02T16:09:00+0800 lvl=trce msg="Pooled new future transaction"          hash=0x85ee6169356d10abf363655f7e63e92bc236e2994cbf6c14fb56870ad697bb38 from=0x891E5841Af9391aa5F70b23AC14bc0136439BB91 to=0x0000000000000000000000000000000000000000
t=2023-06-02T16:09:00+0800 lvl=trce msg="Removed old queued transactions"        count=0
t=2023-06-02T16:09:00+0800 lvl=trce msg="Removed unpayable queued transactions"  count=0
t=2023-06-02T16:09:00+0800 lvl=trce msg="Promoted queued transactions"           count=1
t=2023-06-02T16:09:00+0800 lvl=trce msg="Pooled new future transaction"          hash=0x40dc7fca3acd6dc99622cb78305df487e757e711e33fc2098f5d5091db56de0e from=0xaFF837A9D4D0F8b9cdB55F4a9AC0d0fC0d797bc6 to=0x0000000000000000000000000000000000000000
t=2023-06-02T16:09:00+0800 lvl=trce msg="Removed old queued transactions"        count=0
t=2023-06-02T16:09:00+0800 lvl=trce msg="Removed unpayable queued transactions"  count=0
t=2023-06-02T16:09:00+0800 lvl=trce msg="Promoted queued transactions"           count=0
t=2023-06-02T16:09:00+0800 lvl=trce msg="Pooled new future transaction"          hash=0xb08552694fe94acc679497212ab27241343affbcb0f94b8aec0cb48da9ab785b from=0x66e0851F1a162869024b4C9f6b1C4Fc5cb4832F1 to=0x0000000000000000000000000000000000000000
t=2023-06-02T16:09:00+0800 lvl=trce msg="Removed old queued transactions"        count=0
t=2023-06-02T16:09:00+0800 lvl=trce msg="Removed unpayable queued transactions"  count=0
t=2023-06-02T16:09:00+0800 lvl=trce msg="Promoted queued transactions"           count=1
t=2023-06-02T16:09:00+0800 lvl=trce msg="Pooled new future transaction"          hash=0x9663c597285b73dfff864f25fbae99cd6c3beb160255807b31e7eaf4882f9ea7 from=0xaFF837A9D4D0F8b9cdB55F4a9AC0d0fC0d797bc6 to=0x0000000000000000000000000000000000000000
t=2023-06-02T16:09:00+0800 lvl=trce msg="Removed old queued transactions"        count=0
t=2023-06-02T16:09:00+0800 lvl=trce msg="Removed unpayable queued transactions"  count=0
t=2023-06-02T16:09:00+0800 lvl=trce msg="Promoted queued transactions"           count=0
t=2023-06-02T16:09:00+0800 lvl=trce msg="Pooled new future transaction"          hash=0xf447887725be3fe77aef21bdeeb9dfad5293a8a0bd99fa15bf12703d124c577a from=0x66e0851F1a162869024b4C9f6b1C4Fc5cb4832F1 to=0x0000000000000000000000000000000000000000
t=2023-06-02T16:09:00+0800 lvl=trce msg="Removed old queued transactions"        count=0
t=2023-06-02T16:09:00+0800 lvl=trce msg="Removed unpayable queued transactions"  count=0
t=2023-06-02T16:09:00+0800 lvl=trce msg="Promoted queued transactions"           count=0
t=2023-06-02T16:09:00+0800 lvl=trce msg="Discarding freshly underpriced transaction" hash=0xc442f732abf6584b2835df0e05e529aafa08412bec3dca7fb58783252dd44ea2 gasTipCap=17 gasFeeCap=117
t=2023-06-02T16:09:00+0800 lvl=trce msg="Pooled new future transaction"          hash=0xc3b3b15fb0690e940709a58b380eaf512d0530d2dcbf2b421402ad4760e92d16 from=0xCa76bEd823BE737198C1988BD6aC72de8F77bb7E to=0x0000000000000000000000000000000000000000
t=2023-06-02T16:09:00+0800 lvl=trce msg="Removed old queued transactions"        count=0
t=2023-06-02T16:09:00+0800 lvl=trce msg="Removed unpayable queued transactions"  count=0
t=2023-06-02T16:09:00+0800 lvl=trce msg="Promoted queued transactions"           count=1
t=2023-06-02T16:09:00+0800 lvl=trce msg="Pooled new future transaction"          hash=0xd6e7a732debbd7a06943deab2bda22997062b95dfb5930d535ba05df1b587f6c from=0xaFF837A9D4D0F8b9cdB55F4a9AC0d0fC0d797bc6 to=0x0000000000000000000000000000000000000000
t=2023-06-02T16:09:00+0800 lvl=trce msg="Removed old queued transactions"        count=0
t=2023-06-02T16:09:00+0800 lvl=trce msg="Removed unpayable queued transactions"  count=0
t=2023-06-02T16:09:00+0800 lvl=trce msg="Promoted queued transactions"           count=0
t=2023-06-02T16:09:00+0800 lvl=trce msg="Removed cap-exceeding queued transaction" hash=0xd6e7a732debbd7a06943deab2bda22997062b95dfb5930d535ba05df1b587f6c
t=2023-06-02T16:09:00+0800 lvl=trce msg="Pooled new future transaction"          hash=0xe1a2726b80873b17ca1061c894ce9fd7daff138d5ef6359d1b35f4e155cd09f8 from=0x7628e7c918DAaf4dfbF615023fDBcF72b8479bCe to=0x0000000000000000000000000000000000000000
t=2023-06-02T16:09:00+0800 lvl=trce msg="Removed old queued transactions"        count=0
t=2023-06-02T16:09:00+0800 lvl=trce msg="Removed unpayable queued transactions"  count=0
t=2023-06-02T16:09:00+0800 lvl=trce msg="Promoted queued transactions"           count=1
t=2023-06-02T16:09:00+0800 lvl=trce msg="Pooled new future transaction"          hash=0x1ec8811af21f7ef47283d18f174052feb1fb787e08ba301f3e4fbe1432a01735 from=0xaFF837A9D4D0F8b9cdB55F4a9AC0d0fC0d797bc6 to=0x0000000000000000000000000000000000000000
t=2023-06-02T16:09:00+0800 lvl=trce msg="Discarding freshly underpriced transaction" hash=0x2e7766d3d37dfaee832cee7f69303cbc748254e004f8c6c93e72ff8bdd3e0afd gasTipCap=18 gasFeeCap=118
t=2023-06-02T16:09:00+0800 lvl=trce msg="Removed old queued transactions"        count=0
t=2023-06-02T16:09:00+0800 lvl=trce msg="Removed unpayable queued transactions"  count=0
t=2023-06-02T16:09:00+0800 lvl=trce msg="Pooled new future transaction"          hash=0xb7126d82f2c98e8e2a28bfe03d50a122f767d81b553efe4083951b4125655101 from=0x5d50d922610994D7385605456e29e7685F6892E6 to=0x0000000000000000000000000000000000000000
t=2023-06-02T16:09:00+0800 lvl=trce msg="Removed old queued transactions"        count=0
t=2023-06-02T16:09:00+0800 lvl=trce msg="Promoted queued transactions"           count=0
t=2023-06-02T16:09:00+0800 lvl=trce msg="Removed cap-exceeding queued transaction" hash=0x1ec8811af21f7ef47283d18f174052feb1fb787e08ba301f3e4fbe1432a01735
t=2023-06-02T16:09:00+0800 lvl=trce msg="Pooled new future transaction"          hash=0x24110fca7cbd022fe017fbe79861010d25e33360bba0e48f0b8ac2ef17823a72 from=0x7628e7c918DAaf4dfbF615023fDBcF72b8479bCe to=0x0000000000000000000000000000000000000000
t=2023-06-02T16:09:00+0800 lvl=trce msg="Removed old queued transactions"        count=0
t=2023-06-02T16:09:00+0800 lvl=trce msg="Removed unpayable queued transactions"  count=0
t=2023-06-02T16:09:00+0800 lvl=trce msg="Promoted queued transactions"           count=0
t=2023-06-02T16:09:00+0800 lvl=trce msg="Removed unpayable queued transactions"  count=0
t=2023-06-02T16:09:00+0800 lvl=trce msg="Promoted queued transactions"           count=1
t=2023-06-02T16:09:00+0800 lvl=trce msg="Pooled new future transaction"          hash=0xef7d4caee0f7f299cc4e4bfb794419dc87e730452fca09bac4d6a9e33ea90bdc from=0xaFF837A9D4D0F8b9cdB55F4a9AC0d0fC0d797bc6 to=0x0000000000000000000000000000000000000000
t=2023-06-02T16:09:00+0800 lvl=trce msg="Removed old queued transactions"        count=0
t=2023-06-02T16:09:00+0800 lvl=trce msg="Removed unpayable queued transactions"  count=0
t=2023-06-02T16:09:00+0800 lvl=trce msg="Promoted queued transactions"           count=0
t=2023-06-02T16:09:00+0800 lvl=trce msg="Removed cap-exceeding queued transaction" hash=0xef7d4caee0f7f299cc4e4bfb794419dc87e730452fca09bac4d6a9e33ea90bdc
t=2023-06-02T16:09:00+0800 lvl=trce msg="Pooled new future transaction"          hash=0xec744f6c6059d1805a68074239a832b75b95978431e2e42cefdfb7294758493f from=0x66e0851F1a162869024b4C9f6b1C4Fc5cb4832F1 to=0x0000000000000000000000000000000000000000
t=2023-06-02T16:09:00+0800 lvl=trce msg="Removed old queued transactions"        count=0
t=2023-06-02T16:09:00+0800 lvl=trce msg="Removed unpayable queued transactions"  count=0
t=2023-06-02T16:09:00+0800 lvl=trce msg="Promoted queued transactions"           count=1
t=2023-06-02T16:09:00+0800 lvl=trce msg="Discarding freshly underpriced transaction" hash=0xe94af65a9b258771f402b4b09aebda6489dc80fd2f811f90113ed260c68dfedf gasTipCap=19 gasFeeCap=119
t=2023-06-02T16:09:00+0800 lvl=trce msg="Pooled new future transaction"          hash=0x3f2797475706d05785e9c7f2351e00e2bbf52b59d64f6d1bd725690c2214314c from=0x17767494fCB76ebFE905D12082aa8A1649624042 to=0x0000000000000000000000000000000000000000
t=2023-06-02T16:09:00+0800 lvl=trce msg="Removed old queued transactions"        count=0
t=2023-06-02T16:09:00+0800 lvl=trce msg="Removed unpayable queued transactions"  count=0
t=2023-06-02T16:09:00+0800 lvl=trce msg="Promoted queued transactions"           count=1
t=2023-06-02T16:09:00+0800 lvl=trce msg="Pooled new future transaction"          hash=0x44bfa4aa350670fec6b592f90c2cd39a91dbd00af0714f003b1e633703c191f5 from=0xaFF837A9D4D0F8b9cdB55F4a9AC0d0fC0d797bc6 to=0x0000000000000000000000000000000000000000
t=2023-06-02T16:09:00+0800 lvl=trce msg="Removed old queued transactions"        count=0
t=2023-06-02T16:09:00+0800 lvl=trce msg="Removed unpayable queued transactions"  count=0
t=2023-06-02T16:09:00+0800 lvl=trce msg="Promoted queued transactions"           count=0
t=2023-06-02T16:09:00+0800 lvl=trce msg="Removed cap-exceeding queued transaction" hash=0x44bfa4aa350670fec6b592f90c2cd39a91dbd00af0714f003b1e633703c191f5
t=2023-06-02T16:09:00+0800 lvl=trce msg="Pooled new future transaction"          hash=0xf652220a00a11fb8c12b60cc30f4d085b85f2091bd0914aa4f5b43be0425b738 from=0x66e0851F1a162869024b4C9f6b1C4Fc5cb4832F1 to=0x0000000000000000000000000000000000000000
t=2023-06-02T16:09:00+0800 lvl=trce msg="Removed old queued transactions"        count=0
t=2023-06-02T16:09:00+0800 lvl=trce msg="Removed unpayable queued transactions"  count=0
t=2023-06-02T16:09:00+0800 lvl=trce msg="Promoted queued transactions"           count=0
t=2023-06-02T16:09:00+0800 lvl=trce msg="Discarding freshly underpriced transaction" hash=0x8134888ffc2505bded1e29553f1cc889eb2f20cf49d3d2e116f3407fb816ed50 gasTipCap=20 gasFeeCap=120
t=2023-06-02T16:09:00+0800 lvl=trce msg="Pooled new future transaction"          hash=0x9985a494102ee9b0258fe57a994e807ef4a538ebd67deeac15a3e153fec7c580 from=0x40949373dA5CeFdb543891f88401D1328BCb3BAa to=0x0000000000000000000000000000000000000000
t=2023-06-02T16:09:00+0800 lvl=trce msg="Removed old queued transactions"        count=0
t=2023-06-02T16:09:00+0800 lvl=trce msg="Removed unpayable queued transactions"  count=0
t=2023-06-02T16:09:00+0800 lvl=trce msg="Pooled new future transaction"          hash=0x6e7f6942c203353ebf89b47576fafd49876a116bedcee7b1bb4b09c66c839267 from=0xaFF837A9D4D0F8b9cdB55F4a9AC0d0fC0d797bc6 to=0x0000000000000000000000000000000000000000
t=2023-06-02T16:09:00+0800 lvl=trce msg="Removed old queued transactions"        count=0
t=2023-06-02T16:09:00+0800 lvl=trce msg="Pooled new future transaction"          hash=0x52b67e458f9684d7b09461403fca78e4ee1dde94a094e29dcf76f61d0e895c03 from=0x7628e7c918DAaf4dfbF615023fDBcF72b8479bCe to=0x0000000000000000000000000000000000000000
t=2023-06-02T16:09:00+0800 lvl=trce msg="Removed old queued transactions"        count=0
t=2023-06-02T16:09:00+0800 lvl=trce msg="Removed unpayable queued transactions"  count=0
t=2023-06-02T16:09:00+0800 lvl=trce msg="Promoted queued transactions"           count=1
t=2023-06-02T16:09:00+0800 lvl=trce msg="Promoted queued transactions"           count=1
t=2023-06-02T16:09:00+0800 lvl=trce msg="Removed unpayable queued transactions"  count=0
t=2023-06-02T16:09:00+0800 lvl=trce msg="Promoted queued transactions"           count=0
t=2023-06-02T16:09:00+0800 lvl=trce msg="Removed cap-exceeding queued transaction" hash=0x6e7f6942c203353ebf89b47576fafd49876a116bedcee7b1bb4b09c66c839267
t=2023-06-02T16:09:00+0800 lvl=info msg="Transaction pool stopped"
--- PASS: TestTransactionQueueAccountLimiting (0.03s)
=== CONT  TestTransactionPostponing
t=2023-06-02T16:09:00+0800 lvl=trce msg="Pooled new future transaction"          hash=0xc539b5047c7c3d425161c5460964e1e1b84bb1e691aedb0e675c7eb9577fa3b2 from=0x7628e7c918DAaf4dfbF615023fDBcF72b8479bCe to=0x0000000000000000000000000000000000000000
t=2023-06-02T16:09:00+0800 lvl=trce msg="Removed old queued transactions"        count=0
t=2023-06-02T16:09:00+0800 lvl=trce msg="Removed unpayable queued transactions"  count=0
t=2023-06-02T16:09:00+0800 lvl=trce msg="Promoted queued transactions"           count=0
t=2023-06-02T16:09:00+0800 lvl=dbug msg="Reinjecting stale transactions"         count=0
t=2023-06-02T16:09:00+0800 lvl=trce msg="Discarding freshly underpriced transaction" hash=0xefecfa4e361d3e1cc802a818c88f540ab65fdcd38455d967bbe910b9636edad6 gasTipCap=1  gasFeeCap=201
t=2023-06-02T16:09:00+0800 lvl=trce msg="Pooled new future transaction"          hash=0x7d278e49d9201a56f7b8b2523703d0c41c60c06feb6dfe720bd1f6153b54cd9e from=0xA80948fCf4cF54D08b4001Ff0a7B746356D51c0a to=0x0000000000000000000000000000000000000000
t=2023-06-02T16:09:00+0800 lvl=trce msg="Removed old queued transactions"        count=0
t=2023-06-02T16:09:00+0800 lvl=trce msg="Removed unpayable queued transactions"  count=0
t=2023-06-02T16:09:00+0800 lvl=trce msg="Promoted queued transactions"           count=1
t=2023-06-02T16:09:00+0800 lvl=trce msg="Pooled new future transaction"          hash=0xb563fddb37496071db6498ea9a3a55ca53f2e34aff5d99f0bd51ad7470500bbf from=0x66e0851F1a162869024b4C9f6b1C4Fc5cb4832F1 to=0x0000000000000000000000000000000000000000
t=2023-06-02T16:09:00+0800 lvl=trce msg="Removed old queued transactions"        count=0
t=2023-06-02T16:09:00+0800 lvl=trce msg="Removed unpayable queued transactions"  count=0
t=2023-06-02T16:09:00+0800 lvl=trce msg="Promoted queued transactions"           count=1
t=2023-06-02T16:09:00+0800 lvl=trce msg="Discarding freshly underpriced transaction" hash=0x9531fedc3992c5c6fb037ddedcacb984f9b7826590bbda31eb9399e7a10ed069 gasTipCap=1  gasFeeCap=316
t=2023-06-02T16:09:00+0800 lvl=trce msg="Pooled new future transaction"          hash=0xd938697efc3a9afc1601996e2166ce1dbcb7afbf9128c74c88b9cc75fd188c02 from=0x58262511a09842341ad5dC523F43a2EC1d448c10 to=0x0000000000000000000000000000000000000000
t=2023-06-02T16:09:00+0800 lvl=trce msg="Removed old queued transactions"        count=0
t=2023-06-02T16:09:00+0800 lvl=trce msg="Removed unpayable queued transactions"  count=0
t=2023-06-02T16:09:00+0800 lvl=trce msg="Promoted queued transactions"           count=1
t=2023-06-02T16:09:00+0800 lvl=trce msg="Pooled new future transaction"          hash=0xf46d4d21fd0b2ff0e37cb95254ee48ffd52bde3bd10c07dbba612119aca1b027 from=0x66e0851F1a162869024b4C9f6b1C4Fc5cb4832F1 to=0x0000000000000000000000000000000000000000
t=2023-06-02T16:09:00+0800 lvl=trce msg="Removed old queued transactions"        count=0
t=2023-06-02T16:09:00+0800 lvl=trce msg="Removed unpayable queued transactions"  count=0
t=2023-06-02T16:09:00+0800 lvl=trce msg="Promoted queued transactions"           count=0
t=2023-06-02T16:09:00+0800 lvl=trce msg="Discarding freshly underpriced transaction" hash=0xd0b9a52041e540d0a6acb1b123e707b2e188c7f9271c3443a51cf85246636e59 gasTipCap=2  gasFeeCap=202
t=2023-06-02T16:09:00+0800 lvl=trce msg="Pooled new future transaction"          hash=0xc650df3a1c0ac48c3b9352155688efcbccc558b33b5ccf42d7a8e1582b60e8eb from=0xb0d60eb4f91773872bE832133FdCCf69a1097674 to=0x0000000000000000000000000000000000000000
t=2023-06-02T16:09:00+0800 lvl=trce msg="Removed old queued transactions"        count=0
t=2023-06-02T16:09:00+0800 lvl=trce msg="Removed unpayable queued transactions"  count=0
t=2023-06-02T16:09:00+0800 lvl=trce msg="Promoted queued transactions"           count=1
t=2023-06-02T16:09:00+0800 lvl=trce msg="Pooled new future transaction"          hash=0xd83eadc9bb95209cf34fa934263b16d44bb9df351823e6430a8685b1ee34b213 from=0x7628e7c918DAaf4dfbF615023fDBcF72b8479bCe to=0x0000000000000000000000000000000000000000
t=2023-06-02T16:09:00+0800 lvl=trce msg="Removed old queued transactions"        count=0
t=2023-06-02T16:09:00+0800 lvl=trce msg="Removed unpayable queued transactions"  count=0
t=2023-06-02T16:09:00+0800 lvl=trce msg="Promoted queued transactions"           count=1
t=2023-06-02T16:09:00+0800 lvl=trce msg="Pooled new future transaction"          hash=0x0b7379d96ce225f604f4235e2bd46c006105f515ee0c87cc0a641d8f4e4c31e6 from=0x7628e7c918DAaf4dfbF615023fDBcF72b8479bCe to=0x0000000000000000000000000000000000000000
t=2023-06-02T16:09:00+0800 lvl=trce msg="Removed old queued transactions"        count=0
t=2023-06-02T16:09:00+0800 lvl=trce msg="Removed unpayable queued transactions"  count=0
t=2023-06-02T16:09:00+0800 lvl=trce msg="Promoted queued transactions"           count=0
t=2023-06-02T16:09:00+0800 lvl=trce msg="Discarding freshly underpriced transaction" hash=0x81bb06d432340671a04b55e4bb76fb5435bfc27abbfc18ab4b11a5cf229c7549 gasTipCap=3  gasFeeCap=203
t=2023-06-02T16:09:00+0800 lvl=trce msg="Pooled new future transaction"          hash=0xa917fe5e75cc987dc7d5601282c171df8a0e7cee6d23037c1ab85d38cf14bb2c from=0x9b36cc34ab4954f913ABf27caE55D6804172fE7b to=0x0000000000000000000000000000000000000000
t=2023-06-02T16:09:00+0800 lvl=trce msg="Removed old queued transactions"        count=0
t=2023-06-02T16:09:00+0800 lvl=trce msg="Removed unpayable queued transactions"  count=0
t=2023-06-02T16:09:00+0800 lvl=trce msg="Promoted queued transactions"           count=1
t=2023-06-02T16:09:00+0800 lvl=trce msg="Pooled new future transaction"          hash=0xa9d7ec3a47c616a54b8fb0e2ad385211a24e6696bb006a3574ebe97e39513d1f from=0x66e0851F1a162869024b4C9f6b1C4Fc5cb4832F1 to=0x0000000000000000000000000000000000000000
t=2023-06-02T16:09:00+0800 lvl=trce msg="Removed old queued transactions"        count=0
t=2023-06-02T16:09:00+0800 lvl=trce msg="Removed unpayable queued transactions"  count=0
t=2023-06-02T16:09:00+0800 lvl=trce msg="Promoted queued transactions"           count=1
t=2023-06-02T16:09:00+0800 lvl=trce msg="Discarding freshly underpriced transaction" hash=0xb8096b025c329aeb11ecc321c6e1765360b09be0fea4abbc7d03b7ff563c2c67 gasTipCap=4  gasFeeCap=204
t=2023-06-02T16:09:00+0800 lvl=trce msg="Pooled new future transaction"          hash=0xc579d706b9d9b6915b18c9c8f40676cfe2f5671d4f9779268847bbd6e6368a69 from=0x43945e9B0d2821274a8eBe137aF35d18505532Bf to=0x0000000000000000000000000000000000000000
t=2023-06-02T16:09:00+0800 lvl=trce msg="Pooled new future transaction"          hash=0x8c6947d5b1ba84f0b485bc6366708b4f05f835c88afc8aebb97323e777ed8d0a from=0x66e0851F1a162869024b4C9f6b1C4Fc5cb4832F1 to=0x0000000000000000000000000000000000000000
t=2023-06-02T16:09:00+0800 lvl=trce msg="Removed old queued transactions"        count=0
t=2023-06-02T16:09:00+0800 lvl=trce msg="Removed unpayable queued transactions"  count=0
t=2023-06-02T16:09:00+0800 lvl=trce msg="Promoted queued transactions"           count=0
t=2023-06-02T16:09:00+0800 lvl=trce msg="Removed old queued transactions"        count=0
t=2023-06-02T16:09:00+0800 lvl=trce msg="Removed unpayable queued transactions"  count=0
t=2023-06-02T16:09:00+0800 lvl=trce msg="Promoted queued transactions"           count=1
t=2023-06-02T16:09:00+0800 lvl=trce msg="Pooled new future transaction"          hash=0xd5a21d12c766c0cafa0ea32e9bd16ad9225ad2009ab06c780847b94a2eb5ec6f from=0x7628e7c918DAaf4dfbF615023fDBcF72b8479bCe to=0x0000000000000000000000000000000000000000
t=2023-06-02T16:09:00+0800 lvl=trce msg="Removed old queued transactions"        count=0
t=2023-06-02T16:09:00+0800 lvl=trce msg="Removed unpayable queued transactions"  count=0
t=2023-06-02T16:09:00+0800 lvl=trce msg="Promoted queued transactions"           count=1
t=2023-06-02T16:09:00+0800 lvl=trce msg="Discarding freshly underpriced transaction" hash=0xe757bbb1a482679dbf8706468afafd0d6f8ec7852473c4c5b23e4620e9b8e360 gasTipCap=1  gasFeeCap=317
t=2023-06-02T16:09:00+0800 lvl=trce msg="Pooled new future transaction"          hash=0xab960ced7e671fe7dc75e2cdb72761b70a5a2a945ad2388dcfb8cb7581857d42 from=0xC274335a48A0A59857b375a4245Bd3Cd585025bf to=0x0000000000000000000000000000000000000000
t=2023-06-02T16:09:00+0800 lvl=trce msg="Removed old queued transactions"        count=0
t=2023-06-02T16:09:00+0800 lvl=trce msg="Removed unpayable queued transactions"  count=0
t=2023-06-02T16:09:00+0800 lvl=trce msg="Promoted queued transactions"           count=1
t=2023-06-02T16:09:00+0800 lvl=trce msg="Pooled new future transaction"          hash=0xe26de69a344ad4f1c38b2788f5b2e3334ab2d445752138c10fa402f2c75a5c71 from=0x7628e7c918DAaf4dfbF615023fDBcF72b8479bCe to=0x0000000000000000000000000000000000000000
t=2023-06-02T16:09:00+0800 lvl=trce msg="Removed old queued transactions"        count=0
t=2023-06-02T16:09:00+0800 lvl=trce msg="Removed unpayable queued transactions"  count=0
t=2023-06-02T16:09:00+0800 lvl=trce msg="Promoted queued transactions"           count=0
t=2023-06-02T16:09:00+0800 lvl=trce msg="Pooled new future transaction"          hash=0x29c5f4327e3384162ed1f7eef9845e6f197d48517a2a01e7d1cc4fb7f3f451b1 from=0x66e0851F1a162869024b4C9f6b1C4Fc5cb4832F1 to=0x0000000000000000000000000000000000000000
t=2023-06-02T16:09:00+0800 lvl=trce msg="Removed old queued transactions"        count=0
t=2023-06-02T16:09:00+0800 lvl=trce msg="Removed unpayable queued transactions"  count=0
t=2023-06-02T16:09:00+0800 lvl=trce msg="Promoted queued transactions"           count=1
t=2023-06-02T16:09:00+0800 lvl=trce msg="Discarding freshly underpriced transaction" hash=0x3cf290d972c0c4c4fcfa2e6c9bf5260f99aa1973076d9fed6588d798cb4f4118 gasTipCap=1  gasFeeCap=318
t=2023-06-02T16:09:00+0800 lvl=trce msg="Pooled new future transaction"          hash=0x9b6b7dce9bac043bb6b0494fbaae62ad198e1d4aae7021eb5449b6a5b3f56e46 from=0xd8aAF6d5F03ea66d14A3F24B938794d4dB5F4719 to=0x0000000000000000000000000000000000000000
t=2023-06-02T16:09:00+0800 lvl=trce msg="Removed old queued transactions"        count=0
t=2023-06-02T16:09:00+0800 lvl=trce msg="Removed unpayable queued transactions"  count=0
t=2023-06-02T16:09:00+0800 lvl=trce msg="Promoted queued transactions"           count=1
t=2023-06-02T16:09:00+0800 lvl=trce msg="Pooled new future transaction"          hash=0x7cba75fa483034bd34b43fb895f5acae631641c67f325db37dfc92459b2c4685 from=0x66e0851F1a162869024b4C9f6b1C4Fc5cb4832F1 to=0x0000000000000000000000000000000000000000
t=2023-06-02T16:09:00+0800 lvl=trce msg="Discarding freshly underpriced transaction" hash=0x3e7b1d19bd983d9712ccc17ce8dfcbeffb37513bbb41c66dc3fe41c192ac9640 gasTipCap=1  gasFeeCap=319
t=2023-06-02T16:09:00+0800 lvl=trce msg="Pooled new future transaction"          hash=0x3f6eb2344ded2d92f5bce6c16bc1a900aef8748ed28dc146658dbcbce88da944 from=0x481d92784Dc9e5a5C7fF2Fa77a7d93fdD8c3aC22 to=0x0000000000000000000000000000000000000000
t=2023-06-02T16:09:00+0800 lvl=trce msg="Removed old queued transactions"        count=0
t=2023-06-02T16:09:00+0800 lvl=trce msg="Removed unpayable queued transactions"  count=0
t=2023-06-02T16:09:00+0800 lvl=trce msg="Removed old queued transactions"        count=0
t=2023-06-02T16:09:00+0800 lvl=trce msg="Promoted queued transactions"           count=1
t=2023-06-02T16:09:00+0800 lvl=trce msg="Removed unpayable queued transactions"  count=0
t=2023-06-02T16:09:00+0800 lvl=trce msg="Promoted queued transactions"           count=0
t=2023-06-02T16:09:00+0800 lvl=trce msg="Pooled new future transaction"          hash=0x42fdfa85f074d78030b365451f8c51c5e560c491ae504d62f3750289863e9c77 from=0x7628e7c918DAaf4dfbF615023fDBcF72b8479bCe to=0x0000000000000000000000000000000000000000
t=2023-06-02T16:09:00+0800 lvl=trce msg="Removed old queued transactions"        count=0
t=2023-06-02T16:09:00+0800 lvl=trce msg="Removed unpayable queued transactions"  count=0
t=2023-06-02T16:09:00+0800 lvl=trce msg="Promoted queued transactions"           count=1
t=2023-06-02T16:09:00+0800 lvl=trce msg="Discarding freshly underpriced transaction" hash=0xc579d706b9d9b6915b18c9c8f40676cfe2f5671d4f9779268847bbd6e6368a69 gasTipCap=1  gasFeeCap=400
t=2023-06-02T16:09:00+0800 lvl=trce msg="Pooled new future transaction"          hash=0x2487daac32e93f051cead280a85654b219d67ed998bb2c5b6eb6e807876903d8 from=0xED3B77c4EDeda80Ec9A58ebF80E1429607a79a82 to=0x0000000000000000000000000000000000000000
t=2023-06-02T16:09:00+0800 lvl=trce msg="Pooled new future transaction"          hash=0x5a10c124f08ce415096c429de7fd4c7f393a6c98659bbcfb6dfd1ee1843716da from=0x7628e7c918DAaf4dfbF615023fDBcF72b8479bCe to=0x0000000000000000000000000000000000000000
t=2023-06-02T16:09:00+0800 lvl=trce msg="Removed old queued transactions"        count=0
t=2023-06-02T16:09:00+0800 lvl=trce msg="Removed unpayable queued transactions"  count=0
t=2023-06-02T16:09:00+0800 lvl=trce msg="Promoted queued transactions"           count=0
t=2023-06-02T16:09:00+0800 lvl=trce msg="Removed old queued transactions"        count=0
t=2023-06-02T16:09:00+0800 lvl=trce msg="Removed unpayable queued transactions"  count=0
t=2023-06-02T16:09:00+0800 lvl=trce msg="Promoted queued transactions"           count=1
t=2023-06-02T16:09:00+0800 lvl=trce msg="Pooled new future transaction"          hash=0xbb4dd01f80a04842c3eb1fd880cea9fcd19d2c12d0d43072e29b3b36e7fb8f72 from=0x66e0851F1a162869024b4C9f6b1C4Fc5cb4832F1 to=0x0000000000000000000000000000000000000000
t=2023-06-02T16:09:00+0800 lvl=trce msg="Removed old queued transactions"        count=0
t=2023-06-02T16:09:00+0800 lvl=trce msg="Removed unpayable queued transactions"  count=0
t=2023-06-02T16:09:00+0800 lvl=trce msg="Promoted queued transactions"           count=1
t=2023-06-02T16:09:00+0800 lvl=trce msg="Discarding freshly underpriced transaction" hash=0xab960ced7e671fe7dc75e2cdb72761b70a5a2a945ad2388dcfb8cb7581857d42 gasTipCap=1  gasFeeCap=401
t=2023-06-02T16:09:00+0800 lvl=trce msg="Pooled new future transaction"          hash=0x88b2d608ccaf742e8ba0a6d979c5e1bae2fedd1a27b66fc4cc9a070731167fa6 from=0x673D072F92F524F53d3653E5A8282C96511CB0A6 to=0x0000000000000000000000000000000000000000
t=2023-06-02T16:09:00+0800 lvl=trce msg="Removed old queued transactions"        count=0
t=2023-06-02T16:09:00+0800 lvl=trce msg="Removed unpayable queued transactions"  count=0
t=2023-06-02T16:09:00+0800 lvl=trce msg="Promoted queued transactions"           count=1
t=2023-06-02T16:09:00+0800 lvl=trce msg="Pooled new future transaction"          hash=0x927f300c6e07fe09b02b95c670142bc0a3f9cb948e9fde367654b4947c433ee7 from=0x66e0851F1a162869024b4C9f6b1C4Fc5cb4832F1 to=0x0000000000000000000000000000000000000000
t=2023-06-02T16:09:00+0800 lvl=trce msg="Removed old queued transactions"        count=0
t=2023-06-02T16:09:00+0800 lvl=trce msg="Removed unpayable queued transactions"  count=0
t=2023-06-02T16:09:00+0800 lvl=trce msg="Promoted queued transactions"           count=0
t=2023-06-02T16:09:00+0800 lvl=trce msg="Discarding freshly underpriced transaction" hash=0x9b6b7dce9bac043bb6b0494fbaae62ad198e1d4aae7021eb5449b6a5b3f56e46 gasTipCap=1  gasFeeCap=402
t=2023-06-02T16:09:00+0800 lvl=trce msg="Pooled new future transaction"          hash=0xfc60b4f04b67e8dc341cc4a3f939474c7c0bd95a8d821afc2cbc9059cf21e0fe from=0x34ffb38AD4E76C7bb27603261c9724ffc1c36686 to=0x0000000000000000000000000000000000000000
t=2023-06-02T16:09:00+0800 lvl=trce msg="Removed old queued transactions"        count=0
t=2023-06-02T16:09:00+0800 lvl=trce msg="Removed unpayable queued transactions"  count=0
t=2023-06-02T16:09:00+0800 lvl=trce msg="Promoted queued transactions"           count=1
t=2023-06-02T16:09:00+0800 lvl=trce msg="Pooled new future transaction"          hash=0x86e72e540eaaee630cc97408a99210b392b8e95eeaf4906f56e8870ba97dbeb2 from=0x7628e7c918DAaf4dfbF615023fDBcF72b8479bCe to=0x0000000000000000000000000000000000000000
t=2023-06-02T16:09:00+0800 lvl=trce msg="Removed old queued transactions"        count=0
t=2023-06-02T16:09:00+0800 lvl=trce msg="Removed unpayable queued transactions"  count=0
t=2023-06-02T16:09:00+0800 lvl=trce msg="Promoted queued transactions"           count=1
t=2023-06-02T16:09:00+0800 lvl=trce msg="Pooled new future transaction"          hash=0x3de539ac081615643e5eb30ca3117f7ed5a0f747891ab497f66d40433ed49b46 from=0x7628e7c918DAaf4dfbF615023fDBcF72b8479bCe to=0x0000000000000000000000000000000000000000
t=2023-06-02T16:09:00+0800 lvl=trce msg="Removed old queued transactions"        count=0
t=2023-06-02T16:09:00+0800 lvl=trce msg="Removed unpayable queued transactions"  count=0
t=2023-06-02T16:09:00+0800 lvl=trce msg="Promoted queued transactions"           count=0
t=2023-06-02T16:09:00+0800 lvl=trce msg="Discarding freshly underpriced transaction" hash=0x3f6eb2344ded2d92f5bce6c16bc1a900aef8748ed28dc146658dbcbce88da944 gasTipCap=1  gasFeeCap=403
t=2023-06-02T16:09:00+0800 lvl=trce msg="Pooled new future transaction"          hash=0x8648493a067eece9e7fb06ce9df383ac4f0c38958ff34178973dc96e59c10c31 from=0xA6593e07bF4142Fa598C647B4677212a4D6732E7 to=0x0000000000000000000000000000000000000000
t=2023-06-02T16:09:00+0800 lvl=trce msg="Removed old queued transactions"        count=0
t=2023-06-02T16:09:00+0800 lvl=trce msg="Removed unpayable queued transactions"  count=0
t=2023-06-02T16:09:00+0800 lvl=trce msg="Promoted queued transactions"           count=1
t=2023-06-02T16:09:00+0800 lvl=trce msg="Pooled new future transaction"          hash=0xabb487ea4b1416d408dc2928691230f92c6ff906654f49effa61244aaf5f953e from=0x66e0851F1a162869024b4C9f6b1C4Fc5cb4832F1 to=0x0000000000000000000000000000000000000000
t=2023-06-02T16:09:00+0800 lvl=trce msg="Removed old queued transactions"        count=0
t=2023-06-02T16:09:00+0800 lvl=trce msg="Removed unpayable queued transactions"  count=0
t=2023-06-02T16:09:00+0800 lvl=trce msg="Promoted queued transactions"           count=1
t=2023-06-02T16:09:00+0800 lvl=trce msg="Discarding freshly underpriced transaction" hash=0x2487daac32e93f051cead280a85654b219d67ed998bb2c5b6eb6e807876903d8 gasTipCap=1  gasFeeCap=404
t=2023-06-02T16:09:00+0800 lvl=trce msg="Pooled new future transaction"          hash=0x1428c68f97c982b77f2484dca669c447a546715b0de49334496de9d65755febf from=0x91201C677b624c0d2643cC6C750531b4B04Cc8D4 to=0x0000000000000000000000000000000000000000
t=2023-06-02T16:09:00+0800 lvl=trce msg="Removed old queued transactions"        count=0
t=2023-06-02T16:09:00+0800 lvl=trce msg="Removed unpayable queued transactions"  count=0
t=2023-06-02T16:09:00+0800 lvl=trce msg="Promoted queued transactions"           count=1
t=2023-06-02T16:09:00+0800 lvl=trce msg="Pooled new future transaction"          hash=0x58eb9de6c7acf4498bb9c60279f6fb31f13ae8b4675dea1110e3efa4d8808e4e from=0x66e0851F1a162869024b4C9f6b1C4Fc5cb4832F1 to=0x0000000000000000000000000000000000000000
t=2023-06-02T16:09:00+0800 lvl=trce msg="Removed old queued transactions"        count=0
t=2023-06-02T16:09:00+0800 lvl=trce msg="Removed unpayable queued transactions"  count=0
t=2023-06-02T16:09:00+0800 lvl=trce msg="Promoted queued transactions"           count=0
t=2023-06-02T16:09:00+0800 lvl=trce msg="Discarding freshly underpriced transaction" hash=0x88b2d608ccaf742e8ba0a6d979c5e1bae2fedd1a27b66fc4cc9a070731167fa6 gasTipCap=1  gasFeeCap=405
t=2023-06-02T16:09:00+0800 lvl=trce msg="Pooled new future transaction"          hash=0x2437b6b6afdfeaffb3a39bb8472cdbb4e6185159f247e54fd549bb12ce6d8a77 from=0x007FD0E0cd721E71435d1836217c581Cb605524e to=0x0000000000000000000000000000000000000000
t=2023-06-02T16:09:00+0800 lvl=trce msg="Removed old queued transactions"        count=0
t=2023-06-02T16:09:00+0800 lvl=trce msg="Removed unpayable queued transactions"  count=0
t=2023-06-02T16:09:00+0800 lvl=trce msg="Promoted queued transactions"           count=1
t=2023-06-02T16:09:00+0800 lvl=trce msg="Pooled new future transaction"          hash=0x59d77986f976d2b709d5f5e09fb6755e8ac66c9857324b99076f05d7fadc680d from=0x7628e7c918DAaf4dfbF615023fDBcF72b8479bCe to=0x0000000000000000000000000000000000000000
t=2023-06-02T16:09:00+0800 lvl=trce msg="Removed old queued transactions"        count=0
t=2023-06-02T16:09:00+0800 lvl=trce msg="Removed unpayable queued transactions"  count=0
t=2023-06-02T16:09:00+0800 lvl=trce msg="Promoted queued transactions"           count=1
t=2023-06-02T16:09:00+0800 lvl=trce msg="Pooled new future transaction"          hash=0xb7f5735c47f97bf06919c60f75c8ea0d35471ff1c3f29ac1a8342c9c23de4ba0 from=0x7628e7c918DAaf4dfbF615023fDBcF72b8479bCe to=0x0000000000000000000000000000000000000000
t=2023-06-02T16:09:00+0800 lvl=trce msg="Discarding freshly underpriced transaction" hash=0xfc60b4f04b67e8dc341cc4a3f939474c7c0bd95a8d821afc2cbc9059cf21e0fe gasTipCap=1  gasFeeCap=406
t=2023-06-02T16:09:00+0800 lvl=trce msg="Removed old queued transactions"        count=0
t=2023-06-02T16:09:00+0800 lvl=trce msg="Removed unpayable queued transactions"  count=0
t=2023-06-02T16:09:00+0800 lvl=trce msg="Pooled new future transaction"          hash=0xccb0679ac469a79eb0a808907cf05266b09cbef2987c9d8d5119c7b345b69c87 from=0x795F4fCd8f2a348AE449ea4941f3BE25970Baf93 to=0x0000000000000000000000000000000000000000
t=2023-06-02T16:09:00+0800 lvl=trce msg="Removed old queued transactions"        count=0
t=2023-06-02T16:09:00+0800 lvl=trce msg="Promoted queued transactions"           count=0
t=2023-06-02T16:09:00+0800 lvl=trce msg="Removed unpayable queued transactions"  count=0
t=2023-06-02T16:09:00+0800 lvl=trce msg="Promoted queued transactions"           count=1
t=2023-06-02T16:09:00+0800 lvl=trce msg="Pooled new future transaction"          hash=0xc5ef5487ecff177bf706ad07fda97ee63a3c16f4e2590d970b0080b465a57a4b from=0x66e0851F1a162869024b4C9f6b1C4Fc5cb4832F1 to=0x0000000000000000000000000000000000000000
t=2023-06-02T16:09:00+0800 lvl=trce msg="Removed old queued transactions"        count=0
t=2023-06-02T16:09:00+0800 lvl=trce msg="Removed unpayable queued transactions"  count=0
t=2023-06-02T16:09:00+0800 lvl=trce msg="Promoted queued transactions"           count=1
t=2023-06-02T16:09:00+0800 lvl=trce msg="Discarding freshly underpriced transaction" hash=0x8648493a067eece9e7fb06ce9df383ac4f0c38958ff34178973dc96e59c10c31 gasTipCap=1  gasFeeCap=407
t=2023-06-02T16:09:00+0800 lvl=trce msg="Pooled new future transaction"          hash=0xcb3129ed8c46b8e9ca30dbd06e23ff30a8c0b16b0d77056215a9faa5bbd25305 from=0x9030e7111f5aa2de8767619a482F98074cf9cBA5 to=0x0000000000000000000000000000000000000000
t=2023-06-02T16:09:00+0800 lvl=trce msg="Removed old queued transactions"        count=0
t=2023-06-02T16:09:00+0800 lvl=trce msg="Pooled new future transaction"          hash=0xad8300c47df5ae8e66a570bd25cbe69217797d91978475600b6fbf522b1b6485 from=0x66e0851F1a162869024b4C9f6b1C4Fc5cb4832F1 to=0x0000000000000000000000000000000000000000
t=2023-06-02T16:09:00+0800 lvl=trce msg="Removed old queued transactions"        count=0
t=2023-06-02T16:09:00+0800 lvl=trce msg="Removed unpayable queued transactions"  count=0
t=2023-06-02T16:09:00+0800 lvl=trce msg="Promoted queued transactions"           count=0
t=2023-06-02T16:09:00+0800 lvl=trce msg="Removed unpayable queued transactions"  count=0
t=2023-06-02T16:09:00+0800 lvl=trce msg="Promoted queued transactions"           count=1
t=2023-06-02T16:09:00+0800 lvl=trce msg="Pooled new future transaction"          hash=0xede8622e9a6027e8b75c881354e89359994873bd00bad5e946a496082280df22 from=0x7628e7c918DAaf4dfbF615023fDBcF72b8479bCe to=0x0000000000000000000000000000000000000000
t=2023-06-02T16:09:00+0800 lvl=trce msg="Removed old queued transactions"        count=0
t=2023-06-02T16:09:00+0800 lvl=trce msg="Removed unpayable queued transactions"  count=0
t=2023-06-02T16:09:00+0800 lvl=trce msg="Promoted queued transactions"           count=1
t=2023-06-02T16:09:00+0800 lvl=trce msg="Discarding freshly underpriced transaction" hash=0x1428c68f97c982b77f2484dca669c447a546715b0de49334496de9d65755febf gasTipCap=1  gasFeeCap=408
t=2023-06-02T16:09:00+0800 lvl=trce msg="Pooled new future transaction"          hash=0x2ee57c3e2a4712a7b3a9301ab7a703fcded8a5b17888bf41cbbb317e1ca58e37 from=0x20C8dD61D0c5335c5fe13ABD7b00EB21F00E8712 to=0x0000000000000000000000000000000000000000
t=2023-06-02T16:09:00+0800 lvl=trce msg="Removed old queued transactions"        count=0
t=2023-06-02T16:09:00+0800 lvl=trce msg="Removed unpayable queued transactions"  count=0
t=2023-06-02T16:09:00+0800 lvl=trce msg="Promoted queued transactions"           count=1
t=2023-06-02T16:09:00+0800 lvl=trce msg="Pooled new future transaction"          hash=0x7f67482450e9a14a451df6ef53616664ad5ff19d0230e57fb51fb39dfcaa6480 from=0x7628e7c918DAaf4dfbF615023fDBcF72b8479bCe to=0x0000000000000000000000000000000000000000
t=2023-06-02T16:09:00+0800 lvl=trce msg="Removed old queued transactions"        count=0
t=2023-06-02T16:09:00+0800 lvl=trce msg="Removed unpayable queued transactions"  count=0
t=2023-06-02T16:09:00+0800 lvl=trce msg="Promoted queued transactions"           count=0
t=2023-06-02T16:09:00+0800 lvl=trce msg="Discarding freshly underpriced transaction" hash=0x2437b6b6afdfeaffb3a39bb8472cdbb4e6185159f247e54fd549bb12ce6d8a77 gasTipCap=1  gasFeeCap=409
t=2023-06-02T16:09:00+0800 lvl=trce msg="Pooled new future transaction"          hash=0x40fb0eba9545f171e19a17ced431dd76b31df3d51e16ea0c959daae69075ed22 from=0x3a3B9439eE974c11D6b508b705AE9CA720e496E8 to=0x0000000000000000000000000000000000000000
t=2023-06-02T16:09:00+0800 lvl=trce msg="Removed old queued transactions"        count=0
t=2023-06-02T16:09:00+0800 lvl=trce msg="Removed unpayable queued transactions"  count=0
t=2023-06-02T16:09:00+0800 lvl=trce msg="Promoted queued transactions"           count=1
t=2023-06-02T16:09:00+0800 lvl=trce msg="Pooled new future transaction"          hash=0x31eab2eb2d12ff35b5b20b23528657c03f2994d4d6157ae7ac4f2c296dc52007 from=0x66e0851F1a162869024b4C9f6b1C4Fc5cb4832F1 to=0x0000000000000000000000000000000000000000
t=2023-06-02T16:09:00+0800 lvl=trce msg="Removed old queued transactions"        count=0
t=2023-06-02T16:09:00+0800 lvl=trce msg="Removed unpayable queued transactions"  count=0
t=2023-06-02T16:09:00+0800 lvl=trce msg="Promoted queued transactions"           count=1
t=2023-06-02T16:09:00+0800 lvl=trce msg="Discarding freshly underpriced transaction" hash=0xccb0679ac469a79eb0a808907cf05266b09cbef2987c9d8d5119c7b345b69c87 gasTipCap=1  gasFeeCap=410
t=2023-06-02T16:09:00+0800 lvl=trce msg="Pooled new future transaction"          hash=0x9eccd0fedfc4e8744c194be18a2481d972e753ceae2f3655093a5639dbe00367 from=0x48757835e6f2E31e5380C1465D600336c44B6814 to=0x0000000000000000000000000000000000000000
t=2023-06-02T16:09:00+0800 lvl=trce msg="Removed old queued transactions"        count=0
t=2023-06-02T16:09:00+0800 lvl=trce msg="Removed unpayable queued transactions"  count=0
t=2023-06-02T16:09:00+0800 lvl=trce msg="Promoted queued transactions"           count=1
t=2023-06-02T16:09:00+0800 lvl=trce msg="Pooled new future transaction"          hash=0xe1977e828d066863c945d3ceb7940874192233f6c2b339351df31015ea0c0856 from=0x66e0851F1a162869024b4C9f6b1C4Fc5cb4832F1 to=0x0000000000000000000000000000000000000000
t=2023-06-02T16:09:00+0800 lvl=trce msg="Removed old queued transactions"        count=0
t=2023-06-02T16:09:00+0800 lvl=trce msg="Removed unpayable queued transactions"  count=0
t=2023-06-02T16:09:00+0800 lvl=trce msg="Promoted queued transactions"           count=0
t=2023-06-02T16:09:00+0800 lvl=trce msg="Discarding freshly underpriced transaction" hash=0xcb3129ed8c46b8e9ca30dbd06e23ff30a8c0b16b0d77056215a9faa5bbd25305 gasTipCap=1  gasFeeCap=411
t=2023-06-02T16:09:00+0800 lvl=trce msg="Pooled new future transaction"          hash=0x6daf0c05f02fd427cf5fa77ee4f82ab99e060b4e7c0bd61b062a5903706081fb from=0x7628e7c918DAaf4dfbF615023fDBcF72b8479bCe to=0x0000000000000000000000000000000000000000
t=2023-06-02T16:09:00+0800 lvl=trce msg="Pooled new future transaction"          hash=0x5edac17cea665926b81c3b4e4cd1963617c984b8b15facb696c404cae3717086 from=0x1271E22CD51903F8628de219382B3772F305a0e6 to=0x0000000000000000000000000000000000000000
t=2023-06-02T16:09:00+0800 lvl=trce msg="Removed old queued transactions"        count=0
t=2023-06-02T16:09:00+0800 lvl=trce msg="Removed old queued transactions"        count=0
t=2023-06-02T16:09:00+0800 lvl=trce msg="Removed unpayable queued transactions"  count=0
t=2023-06-02T16:09:00+0800 lvl=trce msg="Promoted queued transactions"           count=1
t=2023-06-02T16:09:00+0800 lvl=trce msg="Removed unpayable queued transactions"  count=0
t=2023-06-02T16:09:00+0800 lvl=trce msg="Promoted queued transactions"           count=1
t=2023-06-02T16:09:00+0800 lvl=trce msg="Pooled new future transaction"          hash=0xadba34a1f394e12e1abe596e1a47b2bbe10ef682cc0f1e339b360f66e1764763 from=0x7628e7c918DAaf4dfbF615023fDBcF72b8479bCe to=0x0000000000000000000000000000000000000000
t=2023-06-02T16:09:00+0800 lvl=trce msg="Removed old queued transactions"        count=0
t=2023-06-02T16:09:00+0800 lvl=trce msg="Removed unpayable queued transactions"  count=0
t=2023-06-02T16:09:00+0800 lvl=trce msg="Promoted queued transactions"           count=0
t=2023-06-02T16:09:00+0800 lvl=trce msg="Discarding freshly underpriced transaction" hash=0x2ee57c3e2a4712a7b3a9301ab7a703fcded8a5b17888bf41cbbb317e1ca58e37 gasTipCap=1  gasFeeCap=412
t=2023-06-02T16:09:00+0800 lvl=trce msg="Pooled new future transaction"          hash=0x3f1442f2baf2f1a7c0ef1b236a7de0cf02e1b45980dbf020f7c04e5437cbfd60 from=0xE74c65603A795F084B1406bFdD8d20b75F145323 to=0x0000000000000000000000000000000000000000
t=2023-06-02T16:09:00+0800 lvl=trce msg="Removed old queued transactions"        count=0
t=2023-06-02T16:09:00+0800 lvl=trce msg="Removed unpayable queued transactions"  count=0
t=2023-06-02T16:09:00+0800 lvl=trce msg="Promoted queued transactions"           count=1
t=2023-06-02T16:09:00+0800 lvl=trce msg="Pooled new future transaction"          hash=0xaba7261a7da9b148b8f182574f1067e75e425e66c6ae7d318c436160e65b8680 from=0x66e0851F1a162869024b4C9f6b1C4Fc5cb4832F1 to=0x0000000000000000000000000000000000000000
t=2023-06-02T16:09:00+0800 lvl=trce msg="Removed old queued transactions"        count=0
t=2023-06-02T16:09:00+0800 lvl=trce msg="Removed unpayable queued transactions"  count=0
t=2023-06-02T16:09:00+0800 lvl=trce msg="Promoted queued transactions"           count=1
t=2023-06-02T16:09:00+0800 lvl=trce msg="Pooled new future transaction"          hash=0x5b895f6a009c51dd200f22d08a32969d9a5332e3ff555b65e1afe4198f9b53c4 from=0x66e0851F1a162869024b4C9f6b1C4Fc5cb4832F1 to=0x0000000000000000000000000000000000000000
t=2023-06-02T16:09:00+0800 lvl=trce msg="Removed old queued transactions"        count=0
t=2023-06-02T16:09:00+0800 lvl=trce msg="Removed unpayable queued transactions"  count=0
t=2023-06-02T16:09:00+0800 lvl=trce msg="Promoted queued transactions"           count=0
t=2023-06-02T16:09:00+0800 lvl=trce msg="Discarding freshly underpriced transaction" hash=0x40fb0eba9545f171e19a17ced431dd76b31df3d51e16ea0c959daae69075ed22 gasTipCap=1  gasFeeCap=413
t=2023-06-02T16:09:00+0800 lvl=trce msg="Pooled new future transaction"          hash=0x2522ac4450328a2736c780f2ba6d156029b0d9ca9b37b058864084b053962358 from=0xBD975EB9d4191b4EB901caA0C41fAAB6190Fb404 to=0x0000000000000000000000000000000000000000
t=2023-06-02T16:09:00+0800 lvl=trce msg="Removed old queued transactions"        count=0
t=2023-06-02T16:09:00+0800 lvl=trce msg="Removed unpayable queued transactions"  count=0
t=2023-06-02T16:09:00+0800 lvl=trce msg="Promoted queued transactions"           count=1
t=2023-06-02T16:09:00+0800 lvl=trce msg="Pooled new future transaction"          hash=0x68989deb1e9abc2129c85d98b47a01692d2e57ab2b0e1826e592c1db06923fc1 from=0x7628e7c918DAaf4dfbF615023fDBcF72b8479bCe to=0x0000000000000000000000000000000000000000
t=2023-06-02T16:09:00+0800 lvl=trce msg="Removed old queued transactions"        count=0
t=2023-06-02T16:09:00+0800 lvl=trce msg="Removed unpayable queued transactions"  count=0
t=2023-06-02T16:09:00+0800 lvl=trce msg="Discarding freshly underpriced transaction" hash=0x9eccd0fedfc4e8744c194be18a2481d972e753ceae2f3655093a5639dbe00367 gasTipCap=1  gasFeeCap=414
t=2023-06-02T16:09:00+0800 lvl=trce msg="Promoted queued transactions"           count=1
t=2023-06-02T16:09:00+0800 lvl=trce msg="Pooled new future transaction"          hash=0xfbe4d528e325dcc6447068d87ad18a7696bb517544919e4946f75a7f2a623aef from=0xddE75B9812207fa279c601DA082bed9B2Fe89dE7 to=0x0000000000000000000000000000000000000000
t=2023-06-02T16:09:00+0800 lvl=trce msg="Removed old queued transactions"        count=0
t=2023-06-02T16:09:00+0800 lvl=trce msg="Removed unpayable queued transactions"  count=0
t=2023-06-02T16:09:00+0800 lvl=trce msg="Promoted queued transactions"           count=1
t=2023-06-02T16:09:00+0800 lvl=trce msg="Pooled new future transaction"          hash=0x8a58b388794e2e9b06d7da5fa21e6a07e81e19d20bc24d6429e331a4d92d3880 from=0x7628e7c918DAaf4dfbF615023fDBcF72b8479bCe to=0x0000000000000000000000000000000000000000
t=2023-06-02T16:09:00+0800 lvl=trce msg="Removed old queued transactions"        count=0
t=2023-06-02T16:09:00+0800 lvl=trce msg="Removed unpayable queued transactions"  count=0
t=2023-06-02T16:09:00+0800 lvl=trce msg="Discarding freshly underpriced transaction" hash=0x5edac17cea665926b81c3b4e4cd1963617c984b8b15facb696c404cae3717086 gasTipCap=1  gasFeeCap=415
t=2023-06-02T16:09:00+0800 lvl=trce msg="Promoted queued transactions"           count=0
t=2023-06-02T16:09:00+0800 lvl=trce msg="Pooled new future transaction"          hash=0x3c7b8ea2afc9a04b0feddd3bb525a57f3ca726f6cbf351f6bebaf59a7eb23adc from=0x990d0388Eee3F3C02D0247097Dc560f063C5d0ab to=0x0000000000000000000000000000000000000000
t=2023-06-02T16:09:00+0800 lvl=trce msg="Removed old queued transactions"        count=0
t=2023-06-02T16:09:00+0800 lvl=trce msg="Removed unpayable queued transactions"  count=0
t=2023-06-02T16:09:00+0800 lvl=trce msg="Promoted queued transactions"           count=1
t=2023-06-02T16:09:00+0800 lvl=trce msg="Pooled new future transaction"          hash=0x07cdcde083929cd5206803898a5163058d06da4dc91681b56dc9635eb696a00d from=0x66e0851F1a162869024b4C9f6b1C4Fc5cb4832F1 to=0x0000000000000000000000000000000000000000
t=2023-06-02T16:09:00+0800 lvl=trce msg="Removed old queued transactions"        count=0
t=2023-06-02T16:09:00+0800 lvl=trce msg="Removed unpayable queued transactions"  count=0
t=2023-06-02T16:09:00+0800 lvl=trce msg="Promoted queued transactions"           count=1
t=2023-06-02T16:09:00+0800 lvl=trce msg="Discarding freshly underpriced transaction" hash=0x8542b40eeba2cb13148cb6926bdd1cae6aa41f915360eba8a1b70f9325c19aae gasTipCap=5  gasFeeCap=205
t=2023-06-02T16:09:00+0800 lvl=trce msg="Pooled new future transaction"          hash=0xd5283d9f1d02f2d9c814cf0035fd034ca610d05651eccc756f018b6a0f206dc0 from=0x67825D6F7014c41886216a0C947F371F5f09B4b7 to=0x0000000000000000000000000000000000000000
t=2023-06-02T16:09:00+0800 lvl=trce msg="Removed old queued transactions"        count=0
t=2023-06-02T16:09:00+0800 lvl=trce msg="Removed unpayable queued transactions"  count=0
t=2023-06-02T16:09:00+0800 lvl=trce msg="Promoted queued transactions"           count=1
t=2023-06-02T16:09:00+0800 lvl=trce msg="Pooled new future transaction"          hash=0xf44440e8cbd7402c649760c2974193bd722c01b65b58f91807c54aaeaa1e5c85 from=0x66e0851F1a162869024b4C9f6b1C4Fc5cb4832F1 to=0x0000000000000000000000000000000000000000
t=2023-06-02T16:09:00+0800 lvl=trce msg="Removed old queued transactions"        count=0
t=2023-06-02T16:09:00+0800 lvl=trce msg="Removed unpayable queued transactions"  count=0
t=2023-06-02T16:09:00+0800 lvl=trce msg="Promoted queued transactions"           count=0
t=2023-06-02T16:09:00+0800 lvl=trce msg="Discarding freshly underpriced transaction" hash=0x3e7061527450c26854596bbd996f9098fbb404b0bd3f60428b241c2d9a2c2cba gasTipCap=6  gasFeeCap=206
t=2023-06-02T16:09:00+0800 lvl=trce msg="Pooled new future transaction"          hash=0x0575e24200df30d8d0bd616123383daad044152f21c7bfd5adcf65497708c567 from=0x51cDa068f59641059Fcb7917329eF8627689afDC to=0x0000000000000000000000000000000000000000
t=2023-06-02T16:09:00+0800 lvl=trce msg="Removed old queued transactions"        count=0
t=2023-06-02T16:09:00+0800 lvl=trce msg="Removed unpayable queued transactions"  count=0
t=2023-06-02T16:09:00+0800 lvl=trce msg="Promoted queued transactions"           count=1
t=2023-06-02T16:09:00+0800 lvl=trce msg="Pooled new future transaction"          hash=0x64a1b325f1afa7e77f8036751d12cb596479a5fe03770239885300711afc854f from=0x7628e7c918DAaf4dfbF615023fDBcF72b8479bCe to=0x0000000000000000000000000000000000000000
t=2023-06-02T16:09:00+0800 lvl=trce msg="Removed old queued transactions"        count=0
t=2023-06-02T16:09:00+0800 lvl=trce msg="Removed unpayable queued transactions"  count=0
t=2023-06-02T16:09:00+0800 lvl=trce msg="Promoted queued transactions"           count=1
t=2023-06-02T16:09:00+0800 lvl=trce msg="Discarding freshly underpriced transaction" hash=0x7bee578fef35849e2b09f362431498de2f17b33a334fe7f6d7d0d8c503ddaac8 gasTipCap=7  gasFeeCap=207
t=2023-06-02T16:09:00+0800 lvl=trce msg="Pooled new future transaction"          hash=0xf497e801132ccbb8c8307e44f739f7cf5b96e028d22af456b5b7c36f2557d193 from=0x50ED9c2beBF1c9E5E8F42F74fC11bc6b5C5A8f9D to=0x0000000000000000000000000000000000000000
t=2023-06-02T16:09:00+0800 lvl=trce msg="Removed old queued transactions"        count=0
t=2023-06-02T16:09:00+0800 lvl=trce msg="Removed unpayable queued transactions"  count=0
t=2023-06-02T16:09:00+0800 lvl=trce msg="Promoted queued transactions"           count=1
t=2023-06-02T16:09:00+0800 lvl=trce msg="Pooled new future transaction"          hash=0x9d0be3a2a4f2257a7941514f974e2c15ca3ca81cced779857e45545f2208ece3 from=0x7628e7c918DAaf4dfbF615023fDBcF72b8479bCe to=0x0000000000000000000000000000000000000000
t=2023-06-02T16:09:00+0800 lvl=trce msg="Removed old queued transactions"        count=0
t=2023-06-02T16:09:00+0800 lvl=trce msg="Removed unpayable queued transactions"  count=0
t=2023-06-02T16:09:00+0800 lvl=trce msg="Promoted queued transactions"           count=0
t=2023-06-02T16:09:00+0800 lvl=trce msg="Discarding freshly underpriced transaction" hash=0x109f46f978d0281636cef9295cbeca47b7a6bca485dbb3afc5e7ba1806d3f061 gasTipCap=8  gasFeeCap=208
t=2023-06-02T16:09:00+0800 lvl=trce msg="Pooled new future transaction"          hash=0x424e23724d7b7c811fc8bc59d015fe4f4e8d9814edad55eb401bd77b9d9a3359 from=0xDa545Eeac1Dc6877C08B22aC3F4589A6BC8b608b to=0x0000000000000000000000000000000000000000
t=2023-06-02T16:09:00+0800 lvl=trce msg="Removed old queued transactions"        count=0
t=2023-06-02T16:09:00+0800 lvl=trce msg="Removed unpayable queued transactions"  count=0
t=2023-06-02T16:09:00+0800 lvl=trce msg="Promoted queued transactions"           count=1
t=2023-06-02T16:09:00+0800 lvl=trce msg="Pooled new future transaction"          hash=0x076cc7f382da4011b9786f684876dfe679b619c5ea33a8cfb4ab14d47d072bfa from=0x66e0851F1a162869024b4C9f6b1C4Fc5cb4832F1 to=0x0000000000000000000000000000000000000000
t=2023-06-02T16:09:00+0800 lvl=trce msg="Removed old queued transactions"        count=0
t=2023-06-02T16:09:00+0800 lvl=trce msg="Removed unpayable queued transactions"  count=0
t=2023-06-02T16:09:00+0800 lvl=trce msg="Promoted queued transactions"           count=1
t=2023-06-02T16:09:00+0800 lvl=trce msg="Discarding freshly underpriced transaction" hash=0x22fb97d2535eba1d582b4d8456f1f6c4db8135900071e69d703aca285f33f2a4 gasTipCap=9  gasFeeCap=209
t=2023-06-02T16:09:00+0800 lvl=trce msg="Pooled new future transaction"          hash=0xf3718811478e4a4289afe0ebdefd0be080d61162b05764f440454687f56234bb from=0x3A2C5391F2E0558D4617A6722e0d86a837F40c1A to=0x0000000000000000000000000000000000000000
t=2023-06-02T16:09:00+0800 lvl=trce msg="Removed old queued transactions"        count=0
t=2023-06-02T16:09:00+0800 lvl=trce msg="Removed unpayable queued transactions"  count=0
t=2023-06-02T16:09:00+0800 lvl=trce msg="Promoted queued transactions"           count=1
t=2023-06-02T16:09:00+0800 lvl=trce msg="Pooled new future transaction"          hash=0x8904baa8bd39e887d56f243e5b81c853ff7d23c672700efc9e72db7970fe8df4 from=0x66e0851F1a162869024b4C9f6b1C4Fc5cb4832F1 to=0x0000000000000000000000000000000000000000
t=2023-06-02T16:09:00+0800 lvl=trce msg="Removed old queued transactions"        count=0
t=2023-06-02T16:09:00+0800 lvl=trce msg="Removed unpayable queued transactions"  count=0
t=2023-06-02T16:09:00+0800 lvl=trce msg="Promoted queued transactions"           count=0
t=2023-06-02T16:09:00+0800 lvl=trce msg="Discarding freshly underpriced transaction" hash=0xc1f6e82f4a89d64baf58bdad0dc8e77de12be14cf3daaec3a76ed5ddb496a49e gasTipCap=10 gasFeeCap=210
t=2023-06-02T16:09:00+0800 lvl=trce msg="Pooled new future transaction"          hash=0xbcab12d9018f6d398fe4bf3f60321d6d4ccfb42b083e06aa52c205ab06abc211 from=0x3E697db3b5262732Aa17CCA2593025458C2924f1 to=0x0000000000000000000000000000000000000000
t=2023-06-02T16:09:00+0800 lvl=trce msg="Removed old queued transactions"        count=0
t=2023-06-02T16:09:00+0800 lvl=trce msg="Removed unpayable queued transactions"  count=0
t=2023-06-02T16:09:00+0800 lvl=trce msg="Promoted queued transactions"           count=1
t=2023-06-02T16:09:00+0800 lvl=trce msg="Pooled new future transaction"          hash=0xab76398a1449d67f56d92e5503384944d7ee7d0b74c2fb398b5663bbfd284179 from=0x7628e7c918DAaf4dfbF615023fDBcF72b8479bCe to=0x0000000000000000000000000000000000000000
t=2023-06-02T16:09:00+0800 lvl=trce msg="Removed old queued transactions"        count=0
t=2023-06-02T16:09:00+0800 lvl=trce msg="Removed unpayable queued transactions"  count=0
t=2023-06-02T16:09:00+0800 lvl=trce msg="Promoted queued transactions"           count=1
t=2023-06-02T16:09:00+0800 lvl=trce msg="Discarding freshly underpriced transaction" hash=0x9d9036f68a710ed72ed31dfcff1a3a46b4e2a0871eb0f40e8d7f8795cf7e460d gasTipCap=11 gasFeeCap=211
t=2023-06-02T16:09:00+0800 lvl=trce msg="Pooled new future transaction"          hash=0xbe5896cc2935266446750d9b56bc28c68707dc0f682fab331d8372d3029b1001 from=0x818341F1DF616b0c7790019c8ed8ABD005837B5a to=0x0000000000000000000000000000000000000000
t=2023-06-02T16:09:00+0800 lvl=trce msg="Removed old queued transactions"        count=0
t=2023-06-02T16:09:00+0800 lvl=trce msg="Removed unpayable queued transactions"  count=0
t=2023-06-02T16:09:00+0800 lvl=trce msg="Promoted queued transactions"           count=1
t=2023-06-02T16:09:00+0800 lvl=trce msg="Pooled new future transaction"          hash=0x6815b096f79b1117aaf9232a8d6d299322b08aba9d119ba8ef164df91e100706 from=0x7628e7c918DAaf4dfbF615023fDBcF72b8479bCe to=0x0000000000000000000000000000000000000000
t=2023-06-02T16:09:00+0800 lvl=trce msg="Removed old queued transactions"        count=0
t=2023-06-02T16:09:00+0800 lvl=trce msg="Removed unpayable queued transactions"  count=0
t=2023-06-02T16:09:00+0800 lvl=trce msg="Promoted queued transactions"           count=0
t=2023-06-02T16:09:00+0800 lvl=trce msg="Discarding freshly underpriced transaction" hash=0x85ee6169356d10abf363655f7e63e92bc236e2994cbf6c14fb56870ad697bb38 gasTipCap=12 gasFeeCap=212
t=2023-06-02T16:09:00+0800 lvl=trce msg="Pooled new future transaction"          hash=0xb1d6fb3223c8268648599e9de507127cbc85a4ee6f9c02a97d4ecb7a7e166460 from=0xF4a8ebdf1b79B8Cb0a0e5e56573931e6FC26158C to=0x0000000000000000000000000000000000000000
t=2023-06-02T16:09:00+0800 lvl=trce msg="Removed old queued transactions"        count=0
t=2023-06-02T16:09:00+0800 lvl=trce msg="Removed unpayable queued transactions"  count=0
t=2023-06-02T16:09:00+0800 lvl=trce msg="Promoted queued transactions"           count=1
t=2023-06-02T16:09:00+0800 lvl=trce msg="Pooled new future transaction"          hash=0xa299e1343b12beb4b0991c8e381670a419c1fa77da8ef2769da5f8475efb0f6d from=0x66e0851F1a162869024b4C9f6b1C4Fc5cb4832F1 to=0x0000000000000000000000000000000000000000
t=2023-06-02T16:09:00+0800 lvl=trce msg="Removed old queued transactions"        count=0
t=2023-06-02T16:09:00+0800 lvl=trce msg="Removed unpayable queued transactions"  count=0
t=2023-06-02T16:09:00+0800 lvl=trce msg="Promoted queued transactions"           count=1
t=2023-06-02T16:09:00+0800 lvl=trce msg="Discarding freshly underpriced transaction" hash=0xc3b3b15fb0690e940709a58b380eaf512d0530d2dcbf2b421402ad4760e92d16 gasTipCap=13 gasFeeCap=213
t=2023-06-02T16:09:00+0800 lvl=trce msg="Pooled new future transaction"          hash=0x496a22595da60482d0573e1bc84d63a20eed9cc731d4607911a18ea68f31961b from=0x2833f74e96bb7191B66FAE5c4e38364b9A80Ab99 to=0x0000000000000000000000000000000000000000
t=2023-06-02T16:09:00+0800 lvl=trce msg="Removed old queued transactions"        count=0
t=2023-06-02T16:09:00+0800 lvl=trce msg="Removed unpayable queued transactions"  count=0
t=2023-06-02T16:09:00+0800 lvl=trce msg="Promoted queued transactions"           count=1
t=2023-06-02T16:09:00+0800 lvl=trce msg="Pooled new future transaction"          hash=0x11a92893b63d87049169c13e1b63b15612a129dac3c04fda1dc6f26aeade759d from=0x66e0851F1a162869024b4C9f6b1C4Fc5cb4832F1 to=0x0000000000000000000000000000000000000000
t=2023-06-02T16:09:00+0800 lvl=trce msg="Removed old queued transactions"        count=0
t=2023-06-02T16:09:00+0800 lvl=trce msg="Removed unpayable queued transactions"  count=0
t=2023-06-02T16:09:00+0800 lvl=trce msg="Promoted queued transactions"           count=0
t=2023-06-02T16:09:00+0800 lvl=trce msg="Discarding freshly underpriced transaction" hash=0xb7126d82f2c98e8e2a28bfe03d50a122f767d81b553efe4083951b4125655101 gasTipCap=14 gasFeeCap=214
t=2023-06-02T16:09:00+0800 lvl=trce msg="Pooled new future transaction"          hash=0xee3a88111240376cb54ebbd932469cdefd122cb3fad0e859c2a66eaf55a64019 from=0x34EbDCc4cbF4a2f8f6b303dd03504170480c1e62 to=0x0000000000000000000000000000000000000000
t=2023-06-02T16:09:00+0800 lvl=trce msg="Removed old queued transactions"        count=0
t=2023-06-02T16:09:00+0800 lvl=trce msg="Removed unpayable queued transactions"  count=0
t=2023-06-02T16:09:00+0800 lvl=trce msg="Promoted queued transactions"           count=1
t=2023-06-02T16:09:00+0800 lvl=trce msg="Pooled new future transaction"          hash=0xc08ec6114f98441dfb573fab0dd28e0287bfa824aea07267e8a25d9f3e853cd4 from=0x7628e7c918DAaf4dfbF615023fDBcF72b8479bCe to=0x0000000000000000000000000000000000000000
t=2023-06-02T16:09:00+0800 lvl=trce msg="Removed old queued transactions"        count=0
t=2023-06-02T16:09:00+0800 lvl=trce msg="Removed unpayable queued transactions"  count=0
t=2023-06-02T16:09:00+0800 lvl=trce msg="Promoted queued transactions"           count=1
t=2023-06-02T16:09:00+0800 lvl=trce msg="Discarding freshly underpriced transaction" hash=0x3f2797475706d05785e9c7f2351e00e2bbf52b59d64f6d1bd725690c2214314c gasTipCap=15 gasFeeCap=215
t=2023-06-02T16:09:00+0800 lvl=trce msg="Pooled new future transaction"          hash=0x517f61f532493c087c7ee830b906d3f82b406c7f90313b97bad51dbb34e6769b from=0x3e1e0F1E4ea25223510AEB83F8814357935EeFf1 to=0x0000000000000000000000000000000000000000
t=2023-06-02T16:09:00+0800 lvl=trce msg="Removed old queued transactions"        count=0
t=2023-06-02T16:09:00+0800 lvl=trce msg="Removed unpayable queued transactions"  count=0
t=2023-06-02T16:09:00+0800 lvl=trce msg="Promoted queued transactions"           count=1
t=2023-06-02T16:09:00+0800 lvl=trce msg="Pooled new future transaction"          hash=0x0034608d7ba6176d08dd2a36acb9a9c940e856f699b304b7eab61f83ef95c12e from=0x7628e7c918DAaf4dfbF615023fDBcF72b8479bCe to=0x0000000000000000000000000000000000000000
t=2023-06-02T16:09:00+0800 lvl=trce msg="Removed old queued transactions"        count=0
t=2023-06-02T16:09:00+0800 lvl=trce msg="Removed unpayable queued transactions"  count=0
t=2023-06-02T16:09:00+0800 lvl=trce msg="Promoted queued transactions"           count=0
t=2023-06-02T16:09:00+0800 lvl=trce msg="Discarding freshly underpriced transaction" hash=0x9985a494102ee9b0258fe57a994e807ef4a538ebd67deeac15a3e153fec7c580 gasTipCap=16 gasFeeCap=216
t=2023-06-02T16:09:00+0800 lvl=trce msg="Pooled new future transaction"          hash=0xf7cbd3866a225154df4938a5b62945a76fd6c3d1f646e5671b9e2f546b54a805 from=0x1b03CbDd2Ff1B96c551D928f4A30883755AA8155 to=0x0000000000000000000000000000000000000000
t=2023-06-02T16:09:00+0800 lvl=trce msg="Removed old queued transactions"        count=0
t=2023-06-02T16:09:00+0800 lvl=trce msg="Removed unpayable queued transactions"  count=0
t=2023-06-02T16:09:00+0800 lvl=trce msg="Promoted queued transactions"           count=1
t=2023-06-02T16:09:00+0800 lvl=trce msg="Pooled new future transaction"          hash=0x51309ea0d694c8eab530d7a86a8174c1d479b8411b5241806afb8b7706a54b03 from=0x66e0851F1a162869024b4C9f6b1C4Fc5cb4832F1 to=0x0000000000000000000000000000000000000000
t=2023-06-02T16:09:00+0800 lvl=trce msg="Removed old queued transactions"        count=0
t=2023-06-02T16:09:00+0800 lvl=trce msg="Removed unpayable queued transactions"  count=0
t=2023-06-02T16:09:00+0800 lvl=trce msg="Promoted queued transactions"           count=1
t=2023-06-02T16:09:00+0800 lvl=trce msg="Discarding freshly underpriced transaction" hash=0x7d278e49d9201a56f7b8b2523703d0c41c60c06feb6dfe720bd1f6153b54cd9e gasTipCap=17 gasFeeCap=217
t=2023-06-02T16:09:00+0800 lvl=trce msg="Pooled new future transaction"          hash=0x86c81891b8feeb754db06ece4b5c713a6f0ee7af67775b8900131e9c780a9960 from=0x07D6bd1b6c7988Aa78fC7831aE027876dcD9944C to=0x0000000000000000000000000000000000000000
t=2023-06-02T16:09:00+0800 lvl=trce msg="Removed old queued transactions"        count=0
t=2023-06-02T16:09:00+0800 lvl=trce msg="Removed unpayable queued transactions"  count=0
t=2023-06-02T16:09:00+0800 lvl=trce msg="Promoted queued transactions"           count=1
t=2023-06-02T16:09:00+0800 lvl=trce msg="Pooled new future transaction"          hash=0x85d71a10764039074e7dadd5eb242dd9248c33b1da297f79e34f350bc8ce0bc5 from=0x66e0851F1a162869024b4C9f6b1C4Fc5cb4832F1 to=0x0000000000000000000000000000000000000000
t=2023-06-02T16:09:00+0800 lvl=trce msg="Removed old queued transactions"        count=0
t=2023-06-02T16:09:00+0800 lvl=trce msg="Removed unpayable queued transactions"  count=0
t=2023-06-02T16:09:00+0800 lvl=trce msg="Promoted queued transactions"           count=0
t=2023-06-02T16:09:00+0800 lvl=trce msg="Discarding freshly underpriced transaction" hash=0xd938697efc3a9afc1601996e2166ce1dbcb7afbf9128c74c88b9cc75fd188c02 gasTipCap=18 gasFeeCap=218
t=2023-06-02T16:09:00+0800 lvl=trce msg="Pooled new future transaction"          hash=0x4edbb0aaa32558920c1f0b4855b4cc42c636be5e4835fd10b646e5bcd936db0b from=0x6bb141d7fFDb955443Fe1d510B66014BD195dDF5 to=0x0000000000000000000000000000000000000000
t=2023-06-02T16:09:00+0800 lvl=trce msg="Removed old queued transactions"        count=0
t=2023-06-02T16:09:00+0800 lvl=trce msg="Removed unpayable queued transactions"  count=0
t=2023-06-02T16:09:00+0800 lvl=trce msg="Promoted queued transactions"           count=1
t=2023-06-02T16:09:00+0800 lvl=trce msg="Pooled new future transaction"          hash=0xf9393a7c520da3c301af606e02f097728458c897e4fb1e729c1e2ef0e0497151 from=0x7628e7c918DAaf4dfbF615023fDBcF72b8479bCe to=0x0000000000000000000000000000000000000000
t=2023-06-02T16:09:00+0800 lvl=trce msg="Removed old queued transactions"        count=0
t=2023-06-02T16:09:00+0800 lvl=trce msg="Removed unpayable queued transactions"  count=0
t=2023-06-02T16:09:00+0800 lvl=trce msg="Promoted queued transactions"           count=1
t=2023-06-02T16:09:00+0800 lvl=trce msg="Discarding freshly underpriced transaction" hash=0xc650df3a1c0ac48c3b9352155688efcbccc558b33b5ccf42d7a8e1582b60e8eb gasTipCap=19 gasFeeCap=219
t=2023-06-02T16:09:00+0800 lvl=trce msg="Pooled new future transaction"          hash=0x321bb898eb51f037dacc8a9b3ffbd399ab9408b80320574343407df425003236 from=0x32433831bf851739e26B0BaB0832737aC6Be8607 to=0x0000000000000000000000000000000000000000
t=2023-06-02T16:09:00+0800 lvl=trce msg="Removed old queued transactions"        count=0
t=2023-06-02T16:09:00+0800 lvl=trce msg="Removed unpayable queued transactions"  count=0
t=2023-06-02T16:09:00+0800 lvl=trce msg="Promoted queued transactions"           count=1
t=2023-06-02T16:09:00+0800 lvl=trce msg="Pooled new future transaction"          hash=0xd6229fe99cb50b2406598013c3e6ca664d9ceb809c11044f1d6106a6aaba06a3 from=0x7628e7c918DAaf4dfbF615023fDBcF72b8479bCe to=0x0000000000000000000000000000000000000000
t=2023-06-02T16:09:00+0800 lvl=trce msg="Removed old queued transactions"        count=0
t=2023-06-02T16:09:00+0800 lvl=trce msg="Removed unpayable queued transactions"  count=0
t=2023-06-02T16:09:00+0800 lvl=trce msg="Promoted queued transactions"           count=0
t=2023-06-02T16:09:00+0800 lvl=trce msg="Discarding freshly underpriced transaction" hash=0xa917fe5e75cc987dc7d5601282c171df8a0e7cee6d23037c1ab85d38cf14bb2c gasTipCap=20 gasFeeCap=220
t=2023-06-02T16:09:00+0800 lvl=trce msg="Pooled new future transaction"          hash=0x45dc2fa535880acb8cc9272f1af0002b63a4d10f18821436b4f439747c190e78 from=0x2ad0cC3b29a61Ccb7d1882Dd898C83766F7494B8 to=0x0000000000000000000000000000000000000000
t=2023-06-02T16:09:00+0800 lvl=trce msg="Removed old queued transactions"        count=0
t=2023-06-02T16:09:00+0800 lvl=trce msg="Removed unpayable queued transactions"  count=0
t=2023-06-02T16:09:00+0800 lvl=trce msg="Promoted queued transactions"           count=1
t=2023-06-02T16:09:00+0800 lvl=trce msg="Pooled new future transaction"          hash=0xc631e2b21070d10ddce9a221bf755a3bcb0f5574c8a0786f38ca16f25c40951e from=0x66e0851F1a162869024b4C9f6b1C4Fc5cb4832F1 to=0x0000000000000000000000000000000000000000
t=2023-06-02T16:09:00+0800 lvl=trce msg="Removed old queued transactions"        count=0
t=2023-06-02T16:09:00+0800 lvl=trce msg="Removed unpayable queued transactions"  count=0
t=2023-06-02T16:09:00+0800 lvl=trce msg="Promoted queued transactions"           count=1
t=2023-06-02T16:09:00+0800 lvl=trce msg="Discarding freshly underpriced transaction" hash=0xd5283d9f1d02f2d9c814cf0035fd034ca610d05651eccc756f018b6a0f206dc0 gasTipCap=1  gasFeeCap=301
t=2023-06-02T16:09:00+0800 lvl=trce msg="Pooled new future transaction"          hash=0xabc5edba64a841d4274c68001aa856078e21994449bb1ed1df31d601842881fd from=0x930E9499F6A15ABEAe1dC372a10bac3DAdFa3395 to=0x0000000000000000000000000000000000000000
t=2023-06-02T16:09:00+0800 lvl=trce msg="Removed old queued transactions"        count=0
t=2023-06-02T16:09:00+0800 lvl=trce msg="Removed unpayable queued transactions"  count=0
t=2023-06-02T16:09:00+0800 lvl=trce msg="Promoted queued transactions"           count=1
t=2023-06-02T16:09:00+0800 lvl=trce msg="Pooled new future transaction"          hash=0x243c82cef8c167810737ba2d8125eb6d186747f729887d560ef11ddebe71f8bf from=0x66e0851F1a162869024b4C9f6b1C4Fc5cb4832F1 to=0x0000000000000000000000000000000000000000
t=2023-06-02T16:09:00+0800 lvl=trce msg="Removed old queued transactions"        count=0
t=2023-06-02T16:09:00+0800 lvl=trce msg="Removed unpayable queued transactions"  count=0
t=2023-06-02T16:09:00+0800 lvl=trce msg="Promoted queued transactions"           count=0
t=2023-06-02T16:09:00+0800 lvl=trce msg="Discarding freshly underpriced transaction" hash=0x3f1442f2baf2f1a7c0ef1b236a7de0cf02e1b45980dbf020f7c04e5437cbfd60 gasTipCap=1  gasFeeCap=416
t=2023-06-02T16:09:00+0800 lvl=trce msg="Pooled new future transaction"          hash=0x21371c5cf7c6b4c00264f1b1ad289f6c4a512943dac5f91a967f9bd077718281 from=0xDEeE18185c576Adb00E0A883FFBc7FC2eAF3FC24 to=0x0000000000000000000000000000000000000000
t=2023-06-02T16:09:00+0800 lvl=trce msg="Removed old queued transactions"        count=0
t=2023-06-02T16:09:00+0800 lvl=trce msg="Removed unpayable queued transactions"  count=0
t=2023-06-02T16:09:00+0800 lvl=trce msg="Promoted queued transactions"           count=1
t=2023-06-02T16:09:00+0800 lvl=trce msg="Pooled new future transaction"          hash=0x797ff13658d5923fb7c789bd48fbcad17ad5a65e014dc8cab12dd384c606b429 from=0x7628e7c918DAaf4dfbF615023fDBcF72b8479bCe to=0x0000000000000000000000000000000000000000
t=2023-06-02T16:09:00+0800 lvl=trce msg="Removed old queued transactions"        count=0
t=2023-06-02T16:09:00+0800 lvl=trce msg="Removed unpayable queued transactions"  count=0
t=2023-06-02T16:09:00+0800 lvl=trce msg="Promoted queued transactions"           count=1
t=2023-06-02T16:09:00+0800 lvl=trce msg="Discarding freshly underpriced transaction" hash=0x0575e24200df30d8d0bd616123383daad044152f21c7bfd5adcf65497708c567 gasTipCap=2  gasFeeCap=302
t=2023-06-02T16:09:00+0800 lvl=trce msg="Pooled new future transaction"          hash=0xda66384e3a6e1253a88e85be041688b08cec4ca9d841a70d86f13ac92ed9080a from=0x740438AbB29133B2eEB19E3C54DA9A0A8598abF4 to=0x0000000000000000000000000000000000000000
t=2023-06-02T16:09:00+0800 lvl=trce msg="Removed old queued transactions"        count=0
t=2023-06-02T16:09:00+0800 lvl=trce msg="Removed unpayable queued transactions"  count=0
t=2023-06-02T16:09:00+0800 lvl=trce msg="Promoted queued transactions"           count=1
t=2023-06-02T16:09:00+0800 lvl=trce msg="Pooled new future transaction"          hash=0x677d144826c99e8bc805072b23a1abbedf0f34f1e8d6889d37c38c7f4c4dd188 from=0x7628e7c918DAaf4dfbF615023fDBcF72b8479bCe to=0x0000000000000000000000000000000000000000
t=2023-06-02T16:09:00+0800 lvl=trce msg="Removed old queued transactions"        count=0
t=2023-06-02T16:09:00+0800 lvl=trce msg="Removed unpayable queued transactions"  count=0
t=2023-06-02T16:09:00+0800 lvl=trce msg="Promoted queued transactions"           count=0
t=2023-06-02T16:09:00+0800 lvl=trce msg="Pooled new future transaction"          hash=0xbe93927926716d817b80cac0fefa1fad00c1a8f81f3b5d59197ee883ee82c7e3 from=0x66e0851F1a162869024b4C9f6b1C4Fc5cb4832F1 to=0x0000000000000000000000000000000000000000
t=2023-06-02T16:09:00+0800 lvl=trce msg="Removed old queued transactions"        count=0
t=2023-06-02T16:09:00+0800 lvl=trce msg="Discarding freshly underpriced transaction" hash=0xf497e801132ccbb8c8307e44f739f7cf5b96e028d22af456b5b7c36f2557d193 gasTipCap=3  gasFeeCap=303
t=2023-06-02T16:09:00+0800 lvl=trce msg="Pooled new future transaction"          hash=0x13fd2dfe177adb4376475f83a1f449bd871ab6d64814ee6c2115dd6598756735 from=0x421CFcD37125dCBCD34Dea6Dd06F0dA3eB4F9670 to=0x0000000000000000000000000000000000000000
t=2023-06-02T16:09:00+0800 lvl=trce msg="Removed old queued transactions"        count=0
t=2023-06-02T16:09:00+0800 lvl=trce msg="Removed unpayable queued transactions"  count=0
t=2023-06-02T16:09:00+0800 lvl=trce msg="Promoted queued transactions"           count=1
t=2023-06-02T16:09:00+0800 lvl=trce msg="Removed unpayable queued transactions"  count=0
t=2023-06-02T16:09:00+0800 lvl=trce msg="Promoted queued transactions"           count=1
t=2023-06-02T16:09:00+0800 lvl=trce msg="Pooled new future transaction"          hash=0x912fa186da6914efc1ecc095464c735dc9e92ac89412be184cdc6d2c55d9bcbb from=0x66e0851F1a162869024b4C9f6b1C4Fc5cb4832F1 to=0x0000000000000000000000000000000000000000
t=2023-06-02T16:09:00+0800 lvl=trce msg="Removed old queued transactions"        count=0
t=2023-06-02T16:09:00+0800 lvl=trce msg="Removed unpayable queued transactions"  count=0
t=2023-06-02T16:09:00+0800 lvl=trce msg="Discarding freshly underpriced transaction" hash=0x424e23724d7b7c811fc8bc59d015fe4f4e8d9814edad55eb401bd77b9d9a3359 gasTipCap=4  gasFeeCap=304
t=2023-06-02T16:09:00+0800 lvl=trce msg="Pooled new future transaction"          hash=0xb499c22d576a5ea5631dd17900d6ea1959766df35bc8384dfcab4712f313e882 from=0x3beBF82E5d3bE97cf445E03c9701eB3AA3AF363A to=0x0000000000000000000000000000000000000000
t=2023-06-02T16:09:00+0800 lvl=trce msg="Removed old queued transactions"        count=0
t=2023-06-02T16:09:00+0800 lvl=trce msg="Removed unpayable queued transactions"  count=0
t=2023-06-02T16:09:00+0800 lvl=trce msg="Promoted queued transactions"           count=1
t=2023-06-02T16:09:00+0800 lvl=trce msg="Promoted queued transactions"           count=0
t=2023-06-02T16:09:00+0800 lvl=trce msg="Pooled new future transaction"          hash=0x908b53b51d092b184ee6a0cb375f995803c03882103d897558a7a7f12f136eca from=0x7628e7c918DAaf4dfbF615023fDBcF72b8479bCe to=0x0000000000000000000000000000000000000000
t=2023-06-02T16:09:00+0800 lvl=trce msg="Discarding freshly underpriced transaction" hash=0x2522ac4450328a2736c780f2ba6d156029b0d9ca9b37b058864084b053962358 gasTipCap=1  gasFeeCap=417
t=2023-06-02T16:09:00+0800 lvl=trce msg="Pooled new future transaction"          hash=0x19bbe07104d278638e6d0aa8d77a27b02c423c31f4bd9756562ada593f093b6c from=0x0afbb39061B03f0aAD9f76Af1421447337b0F23a to=0x0000000000000000000000000000000000000000
t=2023-06-02T16:09:00+0800 lvl=trce msg="Removed old queued transactions"        count=0
t=2023-06-02T16:09:00+0800 lvl=trce msg="Removed old queued transactions"        count=0
t=2023-06-02T16:09:00+0800 lvl=trce msg="Removed unpayable queued transactions"  count=0
t=2023-06-02T16:09:00+0800 lvl=trce msg="Removed unpayable queued transactions"  count=0
t=2023-06-02T16:09:00+0800 lvl=trce msg="Promoted queued transactions"           count=1
t=2023-06-02T16:09:00+0800 lvl=trce msg="Promoted queued transactions"           count=1
t=2023-06-02T16:09:00+0800 lvl=trce msg="Pooled new future transaction"          hash=0xf8766e36d1aebcb17a88e74db4f91b27e3284195b85c834b79f5f021bdec6400 from=0x7628e7c918DAaf4dfbF615023fDBcF72b8479bCe to=0x0000000000000000000000000000000000000000
t=2023-06-02T16:09:00+0800 lvl=trce msg="Removed old queued transactions"        count=0
t=2023-06-02T16:09:00+0800 lvl=trce msg="Removed unpayable queued transactions"  count=0
t=2023-06-02T16:09:00+0800 lvl=trce msg="Promoted queued transactions"           count=0
t=2023-06-02T16:09:00+0800 lvl=trce msg="Discarding freshly underpriced transaction" hash=0xfbe4d528e325dcc6447068d87ad18a7696bb517544919e4946f75a7f2a623aef gasTipCap=1  gasFeeCap=418
t=2023-06-02T16:09:00+0800 lvl=trce msg="Pooled new future transaction"          hash=0xa86764215916d00eb6355a5af921e8ab24323226da1c2dde5df47b52256fa159 from=0x80E79b749BA0084b885549c5bd26F25A62f09e84 to=0x0000000000000000000000000000000000000000
t=2023-06-02T16:09:00+0800 lvl=trce msg="Removed old queued transactions"        count=0
t=2023-06-02T16:09:00+0800 lvl=trce msg="Removed unpayable queued transactions"  count=0
t=2023-06-02T16:09:00+0800 lvl=trce msg="Promoted queued transactions"           count=1
t=2023-06-02T16:09:00+0800 lvl=trce msg="Pooled new future transaction"          hash=0xaa2acc9f120f0d9c9389b9884efc11fa35dfb9d8846aa7c7dcaf779f92f6668b from=0x66e0851F1a162869024b4C9f6b1C4Fc5cb4832F1 to=0x0000000000000000000000000000000000000000
t=2023-06-02T16:09:00+0800 lvl=trce msg="Removed old queued transactions"        count=0
t=2023-06-02T16:09:00+0800 lvl=trce msg="Removed unpayable queued transactions"  count=0
t=2023-06-02T16:09:00+0800 lvl=trce msg="Promoted queued transactions"           count=1
t=2023-06-02T16:09:00+0800 lvl=trce msg="Discarding freshly underpriced transaction" hash=0x3c7b8ea2afc9a04b0feddd3bb525a57f3ca726f6cbf351f6bebaf59a7eb23adc gasTipCap=1  gasFeeCap=419
t=2023-06-02T16:09:00+0800 lvl=trce msg="Pooled new future transaction"          hash=0xaa03837285304820df3d318592f2e859f5bd5608afac2cbc84a709684e77cb83 from=0xb7F06186e4d3DE478b4527f4ea04Fa76E4077f1f to=0x0000000000000000000000000000000000000000
t=2023-06-02T16:09:00+0800 lvl=trce msg="Removed old queued transactions"        count=0
t=2023-06-02T16:09:00+0800 lvl=trce msg="Removed unpayable queued transactions"  count=0
t=2023-06-02T16:09:00+0800 lvl=trce msg="Promoted queued transactions"           count=1
t=2023-06-02T16:09:00+0800 lvl=trce msg="Pooled new future transaction"          hash=0x5cd72992012663f680684cfb830c5790892322a3d1918ceb2a89840822b5a16a from=0x66e0851F1a162869024b4C9f6b1C4Fc5cb4832F1 to=0x0000000000000000000000000000000000000000
t=2023-06-02T16:09:00+0800 lvl=trce msg="Removed old queued transactions"        count=0
t=2023-06-02T16:09:00+0800 lvl=trce msg="Removed unpayable queued transactions"  count=0
t=2023-06-02T16:09:00+0800 lvl=trce msg="Promoted queued transactions"           count=0
t=2023-06-02T16:09:00+0800 lvl=trce msg="Pooled new future transaction"          hash=0x86d51d92659b14e9a2113ad55f40dc1f0c908390ba9091d4b715b739be948c1a from=0x7628e7c918DAaf4dfbF615023fDBcF72b8479bCe to=0x0000000000000000000000000000000000000000
t=2023-06-02T16:09:00+0800 lvl=trce msg="Removed old queued transactions"        count=0
t=2023-06-02T16:09:00+0800 lvl=trce msg="Removed unpayable queued transactions"  count=0
t=2023-06-02T16:09:00+0800 lvl=trce msg="Promoted queued transactions"           count=1
t=2023-06-02T16:09:00+0800 lvl=trce msg="Discarding freshly underpriced transaction" hash=0xb499c22d576a5ea5631dd17900d6ea1959766df35bc8384dfcab4712f313e882 gasTipCap=1  gasFeeCap=500
t=2023-06-02T16:09:00+0800 lvl=trce msg="Pooled new future transaction"          hash=0xa22af53c42f32f63772a06191286c71a278209bd8298dbcc26b5b56f7e6883ee from=0x626011f9Dabfd055c07cfb344A28cD05E0c50bb4 to=0x0000000000000000000000000000000000000000
t=2023-06-02T16:09:00+0800 lvl=trce msg="Removed old queued transactions"        count=0
t=2023-06-02T16:09:00+0800 lvl=trce msg="Removed unpayable queued transactions"  count=0
t=2023-06-02T16:09:00+0800 lvl=trce msg="Promoted queued transactions"           count=1
t=2023-06-02T16:09:00+0800 lvl=trce msg="Pooled new future transaction"          hash=0xd1bbf1db9965aed6d924c80e402896f91c6ff6c68004a86802e27926c1e4d96d from=0x7628e7c918DAaf4dfbF615023fDBcF72b8479bCe to=0x0000000000000000000000000000000000000000
t=2023-06-02T16:09:00+0800 lvl=trce msg="Removed old queued transactions"        count=0
t=2023-06-02T16:09:00+0800 lvl=trce msg="Removed unpayable queued transactions"  count=0
t=2023-06-02T16:09:00+0800 lvl=trce msg="Promoted queued transactions"           count=0
t=2023-06-02T16:09:00+0800 lvl=trce msg="Discarding freshly underpriced transaction" hash=0x19bbe07104d278638e6d0aa8d77a27b02c423c31f4bd9756562ada593f093b6c gasTipCap=1  gasFeeCap=501
t=2023-06-02T16:09:00+0800 lvl=trce msg="Pooled new future transaction"          hash=0xd2485303e9ecfd710e20e251736f94f13974762241d15e53d52c61e9dbab8d15 from=0x680400D073F313B4b597165105206dCD1e018B54 to=0x0000000000000000000000000000000000000000
t=2023-06-02T16:09:00+0800 lvl=trce msg="Pooled new future transaction"          hash=0xf9c771caa860723230930be228747471833789ac6fa80dbb5b88f86a108ccbe6 from=0x66e0851F1a162869024b4C9f6b1C4Fc5cb4832F1 to=0x0000000000000000000000000000000000000000
t=2023-06-02T16:09:00+0800 lvl=trce msg="Removed old queued transactions"        count=0
t=2023-06-02T16:09:00+0800 lvl=trce msg="Removed unpayable queued transactions"  count=0
t=2023-06-02T16:09:00+0800 lvl=trce msg="Promoted queued transactions"           count=1
t=2023-06-02T16:09:00+0800 lvl=trce msg="Removed old queued transactions"        count=0
t=2023-06-02T16:09:00+0800 lvl=trce msg="Removed unpayable queued transactions"  count=0
t=2023-06-02T16:09:00+0800 lvl=trce msg="Promoted queued transactions"           count=1
t=2023-06-02T16:09:00+0800 lvl=trce msg="Pooled new future transaction"          hash=0xe6146c1add0b6d4e61919a57b31b5fb106677a4e8b5a9c7db88fb4bce6729c78 from=0x66e0851F1a162869024b4C9f6b1C4Fc5cb4832F1 to=0x0000000000000000000000000000000000000000
t=2023-06-02T16:09:00+0800 lvl=trce msg="Removed old queued transactions"        count=0
t=2023-06-02T16:09:00+0800 lvl=trce msg="Removed unpayable queued transactions"  count=0
t=2023-06-02T16:09:00+0800 lvl=trce msg="Promoted queued transactions"           count=0
t=2023-06-02T16:09:00+0800 lvl=trce msg="Discarding freshly underpriced transaction" hash=0xa86764215916d00eb6355a5af921e8ab24323226da1c2dde5df47b52256fa159 gasTipCap=1  gasFeeCap=502
t=2023-06-02T16:09:00+0800 lvl=trce msg="Pooled new future transaction"          hash=0x0f7b1bcf294e9d51bfc25d0a266cf745a8ebc6a0b62ec8250999479208be86c9 from=0x50D0b6Fb1C5EA22b2E581a6357ca4549E221557a to=0x0000000000000000000000000000000000000000
t=2023-06-02T16:09:00+0800 lvl=trce msg="Pooled new future transaction"          hash=0xcbac2cdaaffa47ec059bdf16ac58dcbbdee121500aae9d85d481b66af566017a from=0x116119582f7387fA28Fc7D6f6de515384F543035 to=0x0000000000000000000000000000000000000000
t=2023-06-02T16:09:00+0800 lvl=trce msg="Pooled new future transaction"          hash=0x5d7cf1405b51b5fc1e117d667b95f04eed979bb36ce8fd694d9f2f1a0a6db079 from=0x3c286197C62C1A98d355AbEDd2c3915ECeBB8E5B to=0x0000000000000000000000000000000000000000
t=2023-06-02T16:09:00+0800 lvl=trce msg="Pooled new future transaction"          hash=0xe99083db435b5aa459ea77dbc03a95162c152afc8b7690189d5fca2d63431404 from=0x3c286197C62C1A98d355AbEDd2c3915ECeBB8E5B to=0x0000000000000000000000000000000000000000
t=2023-06-02T16:09:00+0800 lvl=trce msg="Pooled new future transaction"          hash=0xfab42684222b235ef3855e60e6cd039700d2378703b5afddd52acb0a6d5bbf93 from=0x44a6Ae12C4A0457140A041408a8EcE9ed9f24602 to=0x0000000000000000000000000000000000000000
t=2023-06-02T16:09:00+0800 lvl=trce msg="Pooled new future transaction"          hash=0x1bdde6e795fb857d18bb086c41d1794571ee978aea1815529d3e4f0970772dcf from=0x116119582f7387fA28Fc7D6f6de515384F543035 to=0x0000000000000000000000000000000000000000
t=2023-06-02T16:09:00+0800 lvl=trce msg="Pooled new future transaction"          hash=0x2162440a47650a736ee8c3528b571dd3f96ad77cb98084792223fd200030b53f from=0xbf186BC9fa4975D227B3dC76067880ec67530CE9 to=0x0000000000000000000000000000000000000000
t=2023-06-02T16:09:00+0800 lvl=trce msg="Pooled new future transaction"          hash=0x20296faa522c4239ee85b77a74f1cd8be3dca82df4ae9f6418284f39a5fe0e5e from=0x116119582f7387fA28Fc7D6f6de515384F543035 to=0x0000000000000000000000000000000000000000
t=2023-06-02T16:09:00+0800 lvl=trce msg="Pooled new future transaction"          hash=0x3ce3a09069a6a6540b2976f274e4a1f7ba828e0e5bb650c089aeae70db44a995 from=0x9BF12759c287b70FeE459c3F50e0b44808E87a35 to=0x0000000000000000000000000000000000000000
t=2023-06-02T16:09:00+0800 lvl=trce msg="Pooled new future transaction"          hash=0x87d92121aa6454bb16d33a0a1ca87e7df0fc8a8e2ac3357823de95db80135c62 from=0x7628e7c918DAaf4dfbF615023fDBcF72b8479bCe to=0x0000000000000000000000000000000000000000
t=2023-06-02T16:09:00+0800 lvl=trce msg="Removed old queued transactions"        count=0
t=2023-06-02T16:09:00+0800 lvl=trce msg="Removed unpayable queued transactions"  count=0
t=2023-06-02T16:09:00+0800 lvl=trce msg="Promoted queued transactions"           count=1
t=2023-06-02T16:09:00+0800 lvl=trce msg="Pooled new future transaction"          hash=0xff465a8aae2752d7f5fa9556b2763f3e75c50e02adc3cdad796cda46354b0049 from=0x50D0b6Fb1C5EA22b2E581a6357ca4549E221557a to=0x0000000000000000000000000000000000000000
t=2023-06-02T16:09:00+0800 lvl=trce msg="Pooled new future transaction"          hash=0xc9a856d1c39d0dd7327d1f7fc2cdac4412f32661d4c42cf8284cd2040c25d56e from=0xFa3BDC8D5458a2cFE93614054908869c0742Fdf3 to=0x0000000000000000000000000000000000000000
t=2023-06-02T16:09:00+0800 lvl=trce msg="Pooled new future transaction"          hash=0x1486151824d017d2b314490868a117085ffd5cc65e9a1dafbcb213815058722e from=0x3c286197C62C1A98d355AbEDd2c3915ECeBB8E5B to=0x0000000000000000000000000000000000000000
t=2023-06-02T16:09:00+0800 lvl=trce msg="Pooled new future transaction"          hash=0x1108c40933fcad83a442d527a5314afcadd884d6d9dba75fb9b3bd2c0d468250 from=0x116119582f7387fA28Fc7D6f6de515384F543035 to=0x0000000000000000000000000000000000000000
t=2023-06-02T16:09:00+0800 lvl=trce msg="Pooled new future transaction"          hash=0xfe4a0f52bfdbf99f19c0b2e63b60f3200c59d3d5ef8e32691eda104c249fb4a7 from=0xFa3BDC8D5458a2cFE93614054908869c0742Fdf3 to=0x0000000000000000000000000000000000000000
t=2023-06-02T16:09:00+0800 lvl=trce msg="Pooled new future transaction"          hash=0xbcd7c969ef386d46d8a9d28226f6296360fbdf84b7047c103460e280059402ad from=0xFa3BDC8D5458a2cFE93614054908869c0742Fdf3 to=0x0000000000000000000000000000000000000000
t=2023-06-02T16:09:00+0800 lvl=trce msg="Pooled new future transaction"          hash=0x21b1f7b226570beeb1cbeec6d637b15e167b749393dd9e37c2b351cbdf6584d7 from=0xFa3BDC8D5458a2cFE93614054908869c0742Fdf3 to=0x0000000000000000000000000000000000000000
t=2023-06-02T16:09:00+0800 lvl=trce msg="Pooled new future transaction"          hash=0x5cf73f5f11b1f8af46f442c6fd394fe2200566bcae78e6a2eae87de6626052ee from=0x7628e7c918DAaf4dfbF615023fDBcF72b8479bCe to=0x0000000000000000000000000000000000000000
t=2023-06-02T16:09:00+0800 lvl=trce msg="Removed old queued transactions"        count=0
t=2023-06-02T16:09:00+0800 lvl=trce msg="Removed unpayable queued transactions"  count=0
t=2023-06-02T16:09:00+0800 lvl=trce msg="Promoted queued transactions"           count=0
t=2023-06-02T16:09:00+0800 lvl=trce msg="Pooled new future transaction"          hash=0xfa777fff44fb70f943a0774f955177c6fb440a1d46044a7154a83f65bf030ba8 from=0xf9cebD4A9A1D3206cE08DfF08237Ae038c75D3f3 to=0x0000000000000000000000000000000000000000
t=2023-06-02T16:09:00+0800 lvl=trce msg="Removed old queued transactions"        count=0
t=2023-06-02T16:09:00+0800 lvl=trce msg="Removed unpayable queued transactions"  count=0
t=2023-06-02T16:09:00+0800 lvl=trce msg="Promoted queued transactions"           count=1
t=2023-06-02T16:09:00+0800 lvl=trce msg="Pooled new future transaction"          hash=0x9e752dcf77356a28e41c3bef8e8c81a929450fb6138bc2c6bd6fcef5150a56ef from=0xBEc7e084Bfa8250123FbFc47b1f0587d67E3dad0 to=0x0000000000000000000000000000000000000000
t=2023-06-02T16:09:00+0800 lvl=trce msg="Pooled new future transaction"          hash=0xd8e31fbc75af64a1e26cc24cb5f3c09614517cd7a4118ee24d458ca2fc26bb6a from=0xBEc7e084Bfa8250123FbFc47b1f0587d67E3dad0 to=0x0000000000000000000000000000000000000000
t=2023-06-02T16:09:00+0800 lvl=trce msg="Pooled new future transaction"          hash=0x4377909a30495a52efb2861fb5cc396680fd245027150e35a26d2cba20dbebcf from=0x44a6Ae12C4A0457140A041408a8EcE9ed9f24602 to=0x0000000000000000000000000000000000000000
t=2023-06-02T16:09:00+0800 lvl=trce msg="Pooled new future transaction"          hash=0xd78616d839ea7c30f5692d162ca174faeed07166c7d4944467b7e07399b21517 from=0x66e0851F1a162869024b4C9f6b1C4Fc5cb4832F1 to=0x0000000000000000000000000000000000000000
t=2023-06-02T16:09:00+0800 lvl=trce msg="Removed old queued transactions"        count=0
t=2023-06-02T16:09:00+0800 lvl=trce msg="Removed unpayable queued transactions"  count=0
t=2023-06-02T16:09:00+0800 lvl=trce msg="Promoted queued transactions"           count=1
t=2023-06-02T16:09:00+0800 lvl=trce msg="Pooled new future transaction"          hash=0x2af4f3562b4f3511e8e72e6159a3776a7042ca458f6ba9a47b7bbfaa5e8174a5 from=0xFa3BDC8D5458a2cFE93614054908869c0742Fdf3 to=0x0000000000000000000000000000000000000000
t=2023-06-02T16:09:00+0800 lvl=trce msg="Pooled new future transaction"          hash=0x98867cffb78777496645bb0f610f8af7d546a2d7d8fbe3338eebfdecb449e88e from=0x3c286197C62C1A98d355AbEDd2c3915ECeBB8E5B to=0x0000000000000000000000000000000000000000
t=2023-06-02T16:09:00+0800 lvl=trce msg="Discarding freshly underpriced transaction" hash=0xaa03837285304820df3d318592f2e859f5bd5608afac2cbc84a709684e77cb83 gasTipCap=1  gasFeeCap=503
t=2023-06-02T16:09:00+0800 lvl=trce msg="Pooled new future transaction"          hash=0x6043441001bfa767fdb2fec86462f5b40b2c28e48f2b170adf4f4eb1d53afd07 from=0xE2B458A48cDA98bc757FaD168B8632339bd55d70 to=0x0000000000000000000000000000000000000000
t=2023-06-02T16:09:00+0800 lvl=trce msg="Removed old queued transactions"        count=0
t=2023-06-02T16:09:00+0800 lvl=trce msg="Pooled new future transaction"          hash=0x11cb60c6f4f52df308ab1736a3f783cc2a10c0c34ef6bf907dceeb75c5ec880c from=0x66e0851F1a162869024b4C9f6b1C4Fc5cb4832F1 to=0x0000000000000000000000000000000000000000
t=2023-06-02T16:09:00+0800 lvl=trce msg="Removed old queued transactions"        count=0
t=2023-06-02T16:09:00+0800 lvl=trce msg="Removed unpayable queued transactions"  count=0
t=2023-06-02T16:09:00+0800 lvl=trce msg="Promoted queued transactions"           count=0
t=2023-06-02T16:09:00+0800 lvl=trce msg="Pooled new future transaction"          hash=0x12af6fd8b5839e0c1c67bd5aaaea7cb9086a8c2c740b9b9145f2e94769a39fa3 from=0x116119582f7387fA28Fc7D6f6de515384F543035 to=0x0000000000000000000000000000000000000000
t=2023-06-02T16:09:00+0800 lvl=trce msg="Pooled new future transaction"          hash=0x98cbbe0ead4a162db103488ee1fa2e4b9ba4eadaecbadb081061dcf5f6ffcdf2 from=0x3c286197C62C1A98d355AbEDd2c3915ECeBB8E5B to=0x0000000000000000000000000000000000000000
t=2023-06-02T16:09:00+0800 lvl=trce msg="Pooled new future transaction"          hash=0x75eddb61d0db031115e232e1d698d2480a47803df8d14a9726a6bfc416991b10 from=0x50D0b6Fb1C5EA22b2E581a6357ca4549E221557a to=0x0000000000000000000000000000000000000000
t=2023-06-02T16:09:00+0800 lvl=trce msg="Pooled new future transaction"          hash=0x1d9fca739832fe14fdeaa33e517a4ae89fa514105983f1ed8213ff365af828e2 from=0x50D0b6Fb1C5EA22b2E581a6357ca4549E221557a to=0x0000000000000000000000000000000000000000
t=2023-06-02T16:09:00+0800 lvl=trce msg="Pooled new future transaction"          hash=0x423114b321ffd7f07b1ae1fe35d9e888f18c5f5fe9be6f2d58b7d825bb0e7ee4 from=0xFa3BDC8D5458a2cFE93614054908869c0742Fdf3 to=0x0000000000000000000000000000000000000000
t=2023-06-02T16:09:00+0800 lvl=trce msg="Removed unpayable queued transactions"  count=0
t=2023-06-02T16:09:00+0800 lvl=trce msg="Promoted queued transactions"           count=1
t=2023-06-02T16:09:00+0800 lvl=trce msg="Pooled new future transaction"          hash=0xdecf94d64f006343ab1bb46bd6879d99bf594b245803cbd89e37b8fb7ef77d18 from=0x9BF12759c287b70FeE459c3F50e0b44808E87a35 to=0x0000000000000000000000000000000000000000
t=2023-06-02T16:09:00+0800 lvl=trce msg="Pooled new future transaction"          hash=0x58834bdee7a3bbbf6ca25bb60d0c63e352ecb11d14a409799d656322bfc0055b from=0x9BF12759c287b70FeE459c3F50e0b44808E87a35 to=0x0000000000000000000000000000000000000000
t=2023-06-02T16:09:00+0800 lvl=trce msg="Pooled new future transaction"          hash=0x728748eb92ea6b3def1ecb03f7385f478a33c0fff73ffed0ccc67a04dd63643f from=0x9BF12759c287b70FeE459c3F50e0b44808E87a35 to=0x0000000000000000000000000000000000000000
t=2023-06-02T16:09:00+0800 lvl=trce msg="Pooled new future transaction"          hash=0x544c8f5dca06a91719adfddfaaf0f4577063eaecfea409572cd06b933e13ee48 from=0x9BF12759c287b70FeE459c3F50e0b44808E87a35 to=0x0000000000000000000000000000000000000000
t=2023-06-02T16:09:00+0800 lvl=trce msg="Pooled new future transaction"          hash=0xcb127d5b59eacf9e28e754ce300033847fc5709f7d742d45b7646ee4c875b40d from=0xBEc7e084Bfa8250123FbFc47b1f0587d67E3dad0 to=0x0000000000000000000000000000000000000000
t=2023-06-02T16:09:00+0800 lvl=trce msg="Pooled new future transaction"          hash=0x42dd10b7bab6b899e637e73e6227db4594f7a48c071422a3b8d081c7edd6e563 from=0xFa3BDC8D5458a2cFE93614054908869c0742Fdf3 to=0x0000000000000000000000000000000000000000
t=2023-06-02T16:09:00+0800 lvl=trce msg="Pooled new future transaction"          hash=0x1ad8d257ca1738694761e2fdeefc7d11b863af045aa07cbf7b3968189401f91b from=0x116119582f7387fA28Fc7D6f6de515384F543035 to=0x0000000000000000000000000000000000000000
t=2023-06-02T16:09:00+0800 lvl=trce msg="Pooled new future transaction"          hash=0x1e10f4981365853044c1749325f7b4dcf123d188c801d77515be4710ba926405 from=0x116119582f7387fA28Fc7D6f6de515384F543035 to=0x0000000000000000000000000000000000000000
t=2023-06-02T16:09:00+0800 lvl=trce msg="Pooled new future transaction"          hash=0x4b561ac7a8b7124a8f377b3c6f172e621980a6dadc7c819f4f15487d90363a9d from=0x116119582f7387fA28Fc7D6f6de515384F543035 to=0x0000000000000000000000000000000000000000
t=2023-06-02T16:09:00+0800 lvl=trce msg="Pooled new future transaction"          hash=0x911fa693231f6a6e354d053d5a809b6bf810ddcf48a39b2142b0445f0d3f06dd from=0x3c286197C62C1A98d355AbEDd2c3915ECeBB8E5B to=0x0000000000000000000000000000000000000000
t=2023-06-02T16:09:00+0800 lvl=trce msg="Pooled new future transaction"          hash=0xfc4880c646d5098b41268b0b4bd5fd4966783cfbd9d9958ab477a6fb7ccf7c7c from=0xFa3BDC8D5458a2cFE93614054908869c0742Fdf3 to=0x0000000000000000000000000000000000000000
t=2023-06-02T16:09:00+0800 lvl=trce msg="Discarding freshly underpriced transaction" hash=0xa22af53c42f32f63772a06191286c71a278209bd8298dbcc26b5b56f7e6883ee gasTipCap=1  gasFeeCap=504
t=2023-06-02T16:09:00+0800 lvl=trce msg="Pooled new future transaction"          hash=0xd23d6123fd9ece6c15e00e045116d51ab00596e68a9295d7d6a703847810fb6c from=0x1834bcc715DDBB9b054eD8846742eD942fb802F7 to=0x0000000000000000000000000000000000000000
t=2023-06-02T16:09:00+0800 lvl=trce msg="Removed old queued transactions"        count=0
t=2023-06-02T16:09:00+0800 lvl=trce msg="Removed unpayable queued transactions"  count=0
t=2023-06-02T16:09:00+0800 lvl=trce msg="Promoted queued transactions"           count=1
t=2023-06-02T16:09:00+0800 lvl=trce msg="Pooled new future transaction"          hash=0x2184056db0201193593c2b29ba1f6f931611921d00417800d70fcb9f0fcad335 from=0xbf186BC9fa4975D227B3dC76067880ec67530CE9 to=0x0000000000000000000000000000000000000000
t=2023-06-02T16:09:00+0800 lvl=trce msg="Pooled new future transaction"          hash=0xdd0040edc68ffd9948c1a4bed7e00c37182bc1fd753614c758511e626bf0dbec from=0xBEc7e084Bfa8250123FbFc47b1f0587d67E3dad0 to=0x0000000000000000000000000000000000000000
t=2023-06-02T16:09:00+0800 lvl=trce msg="Pooled new future transaction"          hash=0x7a431c2a789b34ee47d9392a93d458d836efd40816bd306ced3fe544e21cd7c4 from=0x9BF12759c287b70FeE459c3F50e0b44808E87a35 to=0x0000000000000000000000000000000000000000
t=2023-06-02T16:09:00+0800 lvl=trce msg="Pooled new future transaction"          hash=0xb19b69101d07e696b767073d250129a1712561ddd8dabc039365a725cc658c30 from=0x7628e7c918DAaf4dfbF615023fDBcF72b8479bCe to=0x0000000000000000000000000000000000000000
t=2023-06-02T16:09:00+0800 lvl=trce msg="Removed old queued transactions"        count=0
t=2023-06-02T16:09:00+0800 lvl=trce msg="Removed unpayable queued transactions"  count=0
t=2023-06-02T16:09:00+0800 lvl=trce msg="Promoted queued transactions"           count=1
t=2023-06-02T16:09:00+0800 lvl=trce msg="Pooled new future transaction"          hash=0xf2f9d187a23de1b6efc7d5c1059498793115b79f29de286f77080bc45d0cacbc from=0x50D0b6Fb1C5EA22b2E581a6357ca4549E221557a to=0x0000000000000000000000000000000000000000
t=2023-06-02T16:09:00+0800 lvl=trce msg="Pooled new future transaction"          hash=0x65b45cb2d9c081e08eb985498bdc2a3d52f029585b41cf89fb54e3d295fa49a7 from=0xFa3BDC8D5458a2cFE93614054908869c0742Fdf3 to=0x0000000000000000000000000000000000000000
t=2023-06-02T16:09:00+0800 lvl=trce msg="Pooled new future transaction"          hash=0x77daf42109dce7f382c3bda8533982e0142ab8cad71636d58374819d4d3d0a18 from=0x116119582f7387fA28Fc7D6f6de515384F543035 to=0x0000000000000000000000000000000000000000
t=2023-06-02T16:09:00+0800 lvl=trce msg="Pooled new future transaction"          hash=0x2d0d423ff47329bc4e9e04f8f5f09dfdcf67fdebc8f282929671cb78faa51344 from=0x3c286197C62C1A98d355AbEDd2c3915ECeBB8E5B to=0x0000000000000000000000000000000000000000
t=2023-06-02T16:09:00+0800 lvl=trce msg="Pooled new future transaction"          hash=0x9dac29d65dc18bbeb73d4d635154af14426e50494e1019205f1c420eb00d010f from=0xFa3BDC8D5458a2cFE93614054908869c0742Fdf3 to=0x0000000000000000000000000000000000000000
t=2023-06-02T16:09:00+0800 lvl=trce msg="Pooled new future transaction"          hash=0xe5e70630fa9ee76170bc733c8c95eb5f9dbbea895ad6210e0df3e7b6332c69f8 from=0x50D0b6Fb1C5EA22b2E581a6357ca4549E221557a to=0x0000000000000000000000000000000000000000
t=2023-06-02T16:09:00+0800 lvl=trce msg="Discarding freshly underpriced transaction" hash=0xd2485303e9ecfd710e20e251736f94f13974762241d15e53d52c61e9dbab8d15 gasTipCap=1  gasFeeCap=505
t=2023-06-02T16:09:00+0800 lvl=trce msg="Pooled new future transaction"          hash=0xcae4029aea3662be09d3833ce346d8aed7743ed9cfe5f3621ea97cf41af4add7 from=0x1881761f4ca28FC77Dd534131AF0C4F3111138E3 to=0x0000000000000000000000000000000000000000
t=2023-06-02T16:09:00+0800 lvl=trce msg="Removed old queued transactions"        count=0
t=2023-06-02T16:09:00+0800 lvl=trce msg="Removed unpayable queued transactions"  count=0
t=2023-06-02T16:09:00+0800 lvl=trce msg="Promoted queued transactions"           count=1
t=2023-06-02T16:09:00+0800 lvl=trce msg="Pooled new future transaction"          hash=0x03a50e6f76a6924708604bf1ab2623efc100bd5cd381c660332cb85efaac3065 from=0x116119582f7387fA28Fc7D6f6de515384F543035 to=0x0000000000000000000000000000000000000000
t=2023-06-02T16:09:00+0800 lvl=trce msg="Pooled new future transaction"          hash=0xebcaa1d4708381da8ddfb9fa3105ab815823673b456c263c879a402dafd14613 from=0x7628e7c918DAaf4dfbF615023fDBcF72b8479bCe to=0x0000000000000000000000000000000000000000
t=2023-06-02T16:09:00+0800 lvl=trce msg="Pooled new future transaction"          hash=0xaf51d30c6c25469bb66fd8ce978883fdcc1f5ee2c51b074f38da86336163b074 from=0x116119582f7387fA28Fc7D6f6de515384F543035 to=0x0000000000000000000000000000000000000000
t=2023-06-02T16:09:00+0800 lvl=trce msg="Pooled new future transaction"          hash=0xad5a83406200be08c13681df3e56f46f7dcf58a283fb671e83f27ff78876067d from=0x116119582f7387fA28Fc7D6f6de515384F543035 to=0x0000000000000000000000000000000000000000
t=2023-06-02T16:09:00+0800 lvl=trce msg="Pooled new future transaction"          hash=0xfdb17c95e4d8281aa78257f11992a98cac19b8e3e803e05d3105e8cd0c35e504 from=0xFa3BDC8D5458a2cFE93614054908869c0742Fdf3 to=0x0000000000000000000000000000000000000000
t=2023-06-02T16:09:00+0800 lvl=trce msg="Pooled new future transaction"          hash=0x0b0c216c9230de9364d6fb105c511e9867b3060e234b903865a33497c5ea2f10 from=0x116119582f7387fA28Fc7D6f6de515384F543035 to=0x0000000000000000000000000000000000000000
t=2023-06-02T16:09:00+0800 lvl=trce msg="Pooled new future transaction"          hash=0x3f75452c62e5b2806d31cbd9e2d8bbbb9a12ffdcdeef3411f1dd2944f4e7c2d9 from=0x116119582f7387fA28Fc7D6f6de515384F543035 to=0x0000000000000000000000000000000000000000
t=2023-06-02T16:09:00+0800 lvl=trce msg="Pooled new future transaction"          hash=0x12325dd37351744602513dde888626249864fffacbd71c4c38d81157129b63e8 from=0x3c286197C62C1A98d355AbEDd2c3915ECeBB8E5B to=0x0000000000000000000000000000000000000000
t=2023-06-02T16:09:00+0800 lvl=trce msg="Pooled new future transaction"          hash=0xeea95e3cf8969c014da41cdcc36ba2c52b59a49a65005fe7f1fab95d635684e0 from=0x50D0b6Fb1C5EA22b2E581a6357ca4549E221557a to=0x0000000000000000000000000000000000000000
t=2023-06-02T16:09:00+0800 lvl=trce msg="Pooled new future transaction"          hash=0x2557d2e3c3ba0480bd9169f7d51473c1eea186a89091edcb63ba72ec9da0d2d8 from=0x3c286197C62C1A98d355AbEDd2c3915ECeBB8E5B to=0x0000000000000000000000000000000000000000
t=2023-06-02T16:09:00+0800 lvl=trce msg="Pooled new future transaction"          hash=0xaafea762890551cb00e163673a952f4b430027643fcc8d6b4177c244bbd71c81 from=0x116119582f7387fA28Fc7D6f6de515384F543035 to=0x0000000000000000000000000000000000000000
t=2023-06-02T16:09:00+0800 lvl=trce msg="Pooled new future transaction"          hash=0x32516c0d0d9dc46b02fcd3810dc897577af05bb204b0a9cc51c30fca049f36ec from=0xFa3BDC8D5458a2cFE93614054908869c0742Fdf3 to=0x0000000000000000000000000000000000000000
t=2023-06-02T16:09:00+0800 lvl=trce msg="Pooled new future transaction"          hash=0xabf1f4226a60b43a8177a4f856eed80b959606c71505165dac8da0f4b2b97a2c from=0xFa3BDC8D5458a2cFE93614054908869c0742Fdf3 to=0x0000000000000000000000000000000000000000
t=2023-06-02T16:09:00+0800 lvl=trce msg="Pooled new future transaction"          hash=0x72789eb4d72ee4b0b4719d2601b97026e59f99e6dc50d0bfcc77dfe652618ef5 from=0x3c286197C62C1A98d355AbEDd2c3915ECeBB8E5B to=0x0000000000000000000000000000000000000000
t=2023-06-02T16:09:00+0800 lvl=trce msg="Pooled new future transaction"          hash=0xecee5a82774e72708feabecd10114c755a83112ebf0ecffb397262b0fef1632d from=0xFa3BDC8D5458a2cFE93614054908869c0742Fdf3 to=0x0000000000000000000000000000000000000000
t=2023-06-02T16:09:00+0800 lvl=trce msg="Pooled new future transaction"          hash=0x5d2cb148f5ac248dc16850fd368005373fe08316d1d98f56711c02b50d205411 from=0x116119582f7387fA28Fc7D6f6de515384F543035 to=0x0000000000000000000000000000000000000000
t=2023-06-02T16:09:00+0800 lvl=trce msg="Pooled new future transaction"          hash=0xc62120813028cd60c9dbf3df9870f0a00ad9a47434b322cf6e393a3c092cde66 from=0xFa3BDC8D5458a2cFE93614054908869c0742Fdf3 to=0x0000000000000000000000000000000000000000
t=2023-06-02T16:09:00+0800 lvl=trce msg="Pooled new future transaction"          hash=0x5667d87e0fb7c880d226c194cc2488e6a3689bf25ee67385cd6c5a1849300437 from=0x3c286197C62C1A98d355AbEDd2c3915ECeBB8E5B to=0x0000000000000000000000000000000000000000
t=2023-06-02T16:09:00+0800 lvl=trce msg="Pooled new future transaction"          hash=0x395a737af0afc059440729b5e4fb68485392c6b141650e934719f866afe9e72e from=0xFa3BDC8D5458a2cFE93614054908869c0742Fdf3 to=0x0000000000000000000000000000000000000000
t=2023-06-02T16:09:00+0800 lvl=trce msg="Pooled new future transaction"          hash=0x60645ca66b12cf2f1e18028e829b66c870bffa559d89fb565d29f3bd039af66d from=0xFa3BDC8D5458a2cFE93614054908869c0742Fdf3 to=0x0000000000000000000000000000000000000000
t=2023-06-02T16:09:00+0800 lvl=trce msg="Pooled new future transaction"          hash=0xd095261409bce6a17c9d16639d12f55c81a16bd4fd882d367b9230ed570009ed from=0x50D0b6Fb1C5EA22b2E581a6357ca4549E221557a to=0x0000000000000000000000000000000000000000
t=2023-06-02T16:09:00+0800 lvl=trce msg="Pooled new future transaction"          hash=0xc32e90afcbdd58262ca344351f3ae9b45330aaa8c1f2fe72bbda5be092cd33d5 from=0x6bbD587D8886975a01c9BCF06b739b3d54FA743d to=0x0000000000000000000000000000000000000000
t=2023-06-02T16:09:00+0800 lvl=trce msg="Removed old queued transactions"        count=0
t=2023-06-02T16:09:00+0800 lvl=trce msg="Removed unpayable queued transactions"  count=0
t=2023-06-02T16:09:00+0800 lvl=trce msg="Promoted queued transactions"           count=1
t=2023-06-02T16:09:00+0800 lvl=trce msg="Removed fairness-exceeding pending transaction" hash=0x17a12295d2e5641bb68f90a7395344b2d0477020731a82d5790f87a1ca584043
t=2023-06-02T16:09:00+0800 lvl=trce msg="Removed old queued transactions"        count=0
t=2023-06-02T16:09:00+0800 lvl=trce msg="Removed unpayable queued transactions"  count=0
t=2023-06-02T16:09:00+0800 lvl=trce msg="Promoted queued transactions"           count=0
t=2023-06-02T16:09:00+0800 lvl=trce msg="Discarding freshly underpriced transaction" hash=0xfa777fff44fb70f943a0774f955177c6fb440a1d46044a7154a83f65bf030ba8 gasTipCap=1  gasFeeCap=506
t=2023-06-02T16:09:00+0800 lvl=trce msg="Pooled new future transaction"          hash=0x9cfbcbe8e9c69caabbc6628cacb57657cc9f787b8cb3d6feed11390552ece80e from=0xB768e32C5e5e294BFb4391055462C56C2AAf7177 to=0x0000000000000000000000000000000000000000
t=2023-06-02T16:09:00+0800 lvl=trce msg="Removed old queued transactions"        count=0
t=2023-06-02T16:09:00+0800 lvl=trce msg="Removed unpayable queued transactions"  count=0
t=2023-06-02T16:09:00+0800 lvl=trce msg="Promoted queued transactions"           count=1
t=2023-06-02T16:09:00+0800 lvl=trce msg="Pooled new future transaction"          hash=0xfa5597b7e0ad3ce07e5c2c966df529ea28654d1ef9fa7f71452e008793635aec from=0x116119582f7387fA28Fc7D6f6de515384F543035 to=0x0000000000000000000000000000000000000000
t=2023-06-02T16:09:00+0800 lvl=trce msg="Pooled new future transaction"          hash=0x5bbcc8660876a9bb81fbe54cacfa4a508b27727eb7ecc286d757ccae467476fd from=0x3c286197C62C1A98d355AbEDd2c3915ECeBB8E5B to=0x0000000000000000000000000000000000000000
t=2023-06-02T16:09:00+0800 lvl=trce msg="Pooled new future transaction"          hash=0xe45ec179a0b9dddb4506ef0ced326ff513b2bff6b8ca671ec2a91313a3d3adf8 from=0xFa3BDC8D5458a2cFE93614054908869c0742Fdf3 to=0x0000000000000000000000000000000000000000
t=2023-06-02T16:09:00+0800 lvl=trce msg="Pooled new future transaction"          hash=0xba2d9fea0b170723fa8de81b79dcad91783bdae3f7bcc3e7c13dc6b45de5c783 from=0x116119582f7387fA28Fc7D6f6de515384F543035 to=0x0000000000000000000000000000000000000000
t=2023-06-02T16:09:00+0800 lvl=trce msg="Pooled new future transaction"          hash=0x2e4470b109e597104947aa40fafb200a9e4de6101c8788ca040eb072ea71acf2 from=0x3c286197C62C1A98d355AbEDd2c3915ECeBB8E5B to=0x0000000000000000000000000000000000000000
t=2023-06-02T16:09:00+0800 lvl=trce msg="Pooled new future transaction"          hash=0xb98b6b584bdd62f051967a2d9caaa4fb6644587edf603030997e10f8860866da from=0x3c286197C62C1A98d355AbEDd2c3915ECeBB8E5B to=0x0000000000000000000000000000000000000000
t=2023-06-02T16:09:00+0800 lvl=trce msg="Pooled new future transaction"          hash=0x4f4791552e9442ddc3b65a18e1422239fd3076d08d1022a8cfe5a814f3f346b8 from=0x116119582f7387fA28Fc7D6f6de515384F543035 to=0x0000000000000000000000000000000000000000
t=2023-06-02T16:09:00+0800 lvl=trce msg="Pooled new future transaction"          hash=0xabcb92511a16ae21fd017db939619b38efa2fa06d00bb6eadd5bfb47c947352e from=0x116119582f7387fA28Fc7D6f6de515384F543035 to=0x0000000000000000000000000000000000000000
t=2023-06-02T16:09:00+0800 lvl=trce msg="Pooled new future transaction"          hash=0x307709a7e2d20418151213298a1e7e902dc6d5174015fc0ab40182716b930b09 from=0x3c286197C62C1A98d355AbEDd2c3915ECeBB8E5B to=0x0000000000000000000000000000000000000000
t=2023-06-02T16:09:00+0800 lvl=trce msg="Pooled new future transaction"          hash=0x16c66d4d90014659ff0d79290a29ef601de2af635024147cf1421a4970b0756a from=0x50D0b6Fb1C5EA22b2E581a6357ca4549E221557a to=0x0000000000000000000000000000000000000000
t=2023-06-02T16:09:00+0800 lvl=trce msg="Pooled new future transaction"          hash=0x572dae233c2045a41efbabf2de1e1ae3ffd178098738fc938588c843889f08b3 from=0x116119582f7387fA28Fc7D6f6de515384F543035 to=0x0000000000000000000000000000000000000000
t=2023-06-02T16:09:00+0800 lvl=trce msg="Discarding freshly underpriced transaction" hash=0x6043441001bfa767fdb2fec86462f5b40b2c28e48f2b170adf4f4eb1d53afd07 gasTipCap=1  gasFeeCap=507
t=2023-06-02T16:09:00+0800 lvl=trce msg="Pooled new future transaction"          hash=0x20e3050519e9ac2b22680ac07a3699b82b407a75e6b241553060dd8bfe1cf429 from=0xFa3BDC8D5458a2cFE93614054908869c0742Fdf3 to=0x0000000000000000000000000000000000000000
t=2023-06-02T16:09:00+0800 lvl=trce msg="Pooled new future transaction"          hash=0x41bd154de113fe236b3e4e7b83b4bd02a1edefc2108187ef5553ac593425f611 from=0x50D0b6Fb1C5EA22b2E581a6357ca4549E221557a to=0x0000000000000000000000000000000000000000
t=2023-06-02T16:09:00+0800 lvl=trce msg="Pooled new future transaction"          hash=0x9fed610fab2515591d66f3a8fba9460d31be0357e900b8bcb205470b223c5fbb from=0xFa3BDC8D5458a2cFE93614054908869c0742Fdf3 to=0x0000000000000000000000000000000000000000
t=2023-06-02T16:09:00+0800 lvl=trce msg="Pooled new future transaction"          hash=0xccd0c0aa11c471e9be2fc68e9948ba533fd2f09e72da0300acc1d9cae1a91932 from=0x50D0b6Fb1C5EA22b2E581a6357ca4549E221557a to=0x0000000000000000000000000000000000000000
t=2023-06-02T16:09:00+0800 lvl=trce msg="Pooled new future transaction"          hash=0x28e5e8fd2aeb09cbd0fdd40cca61b04693be2468e7192a792dab4ee5e1334b8b from=0x50D0b6Fb1C5EA22b2E581a6357ca4549E221557a to=0x0000000000000000000000000000000000000000
t=2023-06-02T16:09:00+0800 lvl=trce msg="Pooled new future transaction"          hash=0x7b6ebffc9c4f2d0fadc93a29316e98bf6cde3aef7a00b289808530d5f5a7df44 from=0x50D0b6Fb1C5EA22b2E581a6357ca4549E221557a to=0x0000000000000000000000000000000000000000
t=2023-06-02T16:09:00+0800 lvl=trce msg="Pooled new future transaction"          hash=0x274bdb65b66d5b9074687f9247b78fac1a223e92f0525ae1d8ca42bf0c4ac5b0 from=0x50D0b6Fb1C5EA22b2E581a6357ca4549E221557a to=0x0000000000000000000000000000000000000000
t=2023-06-02T16:09:00+0800 lvl=trce msg="Pooled new future transaction"          hash=0xf327704eacfec2fe6390a9afb9cff56cb6865a25c98eca7f0094b9a0a03a8dd9 from=0x3c286197C62C1A98d355AbEDd2c3915ECeBB8E5B to=0x0000000000000000000000000000000000000000
t=2023-06-02T16:09:00+0800 lvl=trce msg="Pooled new future transaction"          hash=0xb115f6aec94d4867aee56a39dd1e318ab73f676580a9d2edffb49482a2839ae6 from=0x50D0b6Fb1C5EA22b2E581a6357ca4549E221557a to=0x0000000000000000000000000000000000000000
t=2023-06-02T16:09:00+0800 lvl=trce msg="Pooled new future transaction"          hash=0x0fc0a8f9e9706a5f0ca005dce6cb0905edc9cbb487e0945f29bd027ef17b0d38 from=0xFa3BDC8D5458a2cFE93614054908869c0742Fdf3 to=0x0000000000000000000000000000000000000000
t=2023-06-02T16:09:00+0800 lvl=trce msg="Pooled new future transaction"          hash=0x26eb3c40f09fa8fb814e8a6f7b7f2e714b99cae31e07d716340ce93afe7e06f2 from=0xFa3BDC8D5458a2cFE93614054908869c0742Fdf3 to=0x0000000000000000000000000000000000000000
t=2023-06-02T16:09:00+0800 lvl=trce msg="Pooled new future transaction"          hash=0x0864fe344b034db2a78ed1a9a8ca97f23d8f0cb3cb61668522779fce96477fe5 from=0x3c286197C62C1A98d355AbEDd2c3915ECeBB8E5B to=0x0000000000000000000000000000000000000000
t=2023-06-02T16:09:00+0800 lvl=trce msg="Pooled new future transaction"          hash=0x3e96ece6c9544f80102d8047c4e07961150f5468424134f9ec4b350e5651fec0 from=0x50D0b6Fb1C5EA22b2E581a6357ca4549E221557a to=0x0000000000000000000000000000000000000000
t=2023-06-02T16:09:00+0800 lvl=trce msg="Pooled new future transaction"          hash=0x0fbcca0888e01c70e48da2511fb4e47e475d3a1279fcc91c18189f73c1c4b393 from=0xFa3BDC8D5458a2cFE93614054908869c0742Fdf3 to=0x0000000000000000000000000000000000000000
t=2023-06-02T16:09:00+0800 lvl=trce msg="Pooled new future transaction"          hash=0xff081e7dd876b4e279177cdfbc06553f81195e0cba80d56877a2151e5ee73272 from=0x50D0b6Fb1C5EA22b2E581a6357ca4549E221557a to=0x0000000000000000000000000000000000000000
t=2023-06-02T16:09:00+0800 lvl=trce msg="Pooled new future transaction"          hash=0x8cc76334d83821dca0a0c3d92ac1ad8f94c5e9a3467910b25293dfb86602d3bd from=0xFa3BDC8D5458a2cFE93614054908869c0742Fdf3 to=0x0000000000000000000000000000000000000000
t=2023-06-02T16:09:00+0800 lvl=trce msg="Pooled new future transaction"          hash=0x074142bfd9b4aba0852096a2b448d39635a6538115cb08ca6a5126f48ede7e7e from=0xFa3BDC8D5458a2cFE93614054908869c0742Fdf3 to=0x0000000000000000000000000000000000000000
t=2023-06-02T16:09:00+0800 lvl=trce msg="Pooled new future transaction"          hash=0x72ae08cc045d6a9910731241e819bb153d49e8a7df8c1c29125c6c92e9a7c42e from=0xFa3BDC8D5458a2cFE93614054908869c0742Fdf3 to=0x0000000000000000000000000000000000000000
t=2023-06-02T16:09:00+0800 lvl=trce msg="Pooled new future transaction"          hash=0x9a6edd8e9405ddf8f13fd726c2260bb1e513b11dae23ce20745717a26dfe12bd from=0x3c286197C62C1A98d355AbEDd2c3915ECeBB8E5B to=0x0000000000000000000000000000000000000000
t=2023-06-02T16:09:00+0800 lvl=trce msg="Pooled new future transaction"          hash=0xd5bbcae6b8d742eb2fa58da8cc9577e139d813e9a53184017c2ff4180082ac61 from=0x3c286197C62C1A98d355AbEDd2c3915ECeBB8E5B to=0x0000000000000000000000000000000000000000
t=2023-06-02T16:09:00+0800 lvl=trce msg="Pooled new future transaction"          hash=0x778f7dcc2aab78b53ce08313f6196554264cdd1c7435b9ab3ebf65e0215af0a1 from=0x50D0b6Fb1C5EA22b2E581a6357ca4549E221557a to=0x0000000000000000000000000000000000000000
t=2023-06-02T16:09:00+0800 lvl=trce msg="Pooled new future transaction"          hash=0xde798f5ae6b363ff1a25f9d2b9767d674857d05c20f6036de8dbef53b935eb31 from=0x116119582f7387fA28Fc7D6f6de515384F543035 to=0x0000000000000000000000000000000000000000
t=2023-06-02T16:09:00+0800 lvl=trce msg="Pooled new future transaction"          hash=0x8f3d512345b718ee663834a05897e4322100189d91f74193c776ef2fcfb028de from=0xFa3BDC8D5458a2cFE93614054908869c0742Fdf3 to=0x0000000000000000000000000000000000000000
t=2023-06-02T16:09:00+0800 lvl=trce msg="Pooled new future transaction"          hash=0x2879920da3fb021bd5ea1d261472470dfb2a51e83f5fca40870750baeec952e8 from=0x116119582f7387fA28Fc7D6f6de515384F543035 to=0x0000000000000000000000000000000000000000
t=2023-06-02T16:09:00+0800 lvl=trce msg="Pooled new future transaction"          hash=0xb778758aa8103c84acee1e3b8f17e9233fa656bd7db3fd28b10551a9a18c8412 from=0x116119582f7387fA28Fc7D6f6de515384F543035 to=0x0000000000000000000000000000000000000000
t=2023-06-02T16:09:00+0800 lvl=trce msg="Pooled new future transaction"          hash=0x19c5db00db93f68d266fb684fa57d4f9ac934e01914467ff23021a472d61631f from=0x50D0b6Fb1C5EA22b2E581a6357ca4549E221557a to=0x0000000000000000000000000000000000000000
t=2023-06-02T16:09:00+0800 lvl=trce msg="Pooled new future transaction"          hash=0x9d264b7ea8a66137db443d2262c2605f18597f5fd91458e201b65bdaa23a7578 from=0x116119582f7387fA28Fc7D6f6de515384F543035 to=0x0000000000000000000000000000000000000000
t=2023-06-02T16:09:00+0800 lvl=trce msg="Pooled new future transaction"          hash=0xfcc2cf7f3eed8e467dbec3776813498d5da4f50822f218c27e48f2b974be29ca from=0x116119582f7387fA28Fc7D6f6de515384F543035 to=0x0000000000000000000000000000000000000000
t=2023-06-02T16:09:00+0800 lvl=trce msg="Pooled new future transaction"          hash=0xf20cc56958802b33eced80e0f57aa1977fdd6358a216cc36e8212cec50be4eec from=0x66e0851F1a162869024b4C9f6b1C4Fc5cb4832F1 to=0x0000000000000000000000000000000000000000
t=2023-06-02T16:09:00+0800 lvl=trce msg="Pooled new future transaction"          hash=0x95862951a2647cbc1ce2d98a6ec6ee417d4aac0b6642b8c600fc780d6b6a9a2f from=0x3c286197C62C1A98d355AbEDd2c3915ECeBB8E5B to=0x0000000000000000000000000000000000000000
t=2023-06-02T16:09:00+0800 lvl=trce msg="Removed old queued transactions"        count=0
t=2023-06-02T16:09:00+0800 lvl=trce msg="Removed unpayable queued transactions"  count=0
t=2023-06-02T16:09:00+0800 lvl=trce msg="Pooled new future transaction"          hash=0x647cff8b40173f646d0dc1a00124d78d7904321e36d713b87d003a06e8d9b1b2 from=0x108D6Fa2D6d7c37F59ED7011703b1bDcC6e0D2FC to=0x0000000000000000000000000000000000000000
t=2023-06-02T16:09:00+0800 lvl=info msg="Transaction pool stopped"
t=2023-06-02T16:09:00+0800 lvl=trce msg="Pooled new future transaction"          hash=0x1f9bdedf6dd0245401e1295398dfead81df33112436401e6cef184162a71d9f3 from=0x50D0b6Fb1C5EA22b2E581a6357ca4549E221557a to=0x0000000000000000000000000000000000000000
--- PASS: TestTransactionPendingLimiting (0.08s)
=== CONT  TestTransactionDropping
t=2023-06-02T16:09:00+0800 lvl=trce msg="Pooled new future transaction"          hash=0xed31009260d375afcb1ce3aa9fd7ad521df67877227aa532dff1a9880eb99be9 from=0xFa3BDC8D5458a2cFE93614054908869c0742Fdf3 to=0x0000000000000000000000000000000000000000
t=2023-06-02T16:09:00+0800 lvl=trce msg="Pooled new future transaction"          hash=0x19822d760373e91c17825bb658fb7f63c8b6002379becb87e00586915e98d5a5 from=0x116119582f7387fA28Fc7D6f6de515384F543035 to=0x0000000000000000000000000000000000000000
t=2023-06-02T16:09:00+0800 lvl=trce msg="Pooled new future transaction"          hash=0x80f0d0f61ff46472be03924559df300575a3198677b59ad8ef933bf1442ecb4a from=0x9BF12759c287b70FeE459c3F50e0b44808E87a35 to=0x0000000000000000000000000000000000000000
t=2023-06-02T16:09:00+0800 lvl=trce msg="Pooled new future transaction"          hash=0x5cf7b37a883b76667a642c11cf3050badd9f3d45a04ed37b96e9ff331e9ead25 from=0x9BF12759c287b70FeE459c3F50e0b44808E87a35 to=0x0000000000000000000000000000000000000000
t=2023-06-02T16:09:00+0800 lvl=trce msg="Promoted queued transactions"           count=1
t=2023-06-02T16:09:00+0800 lvl=trce msg="Removed old queued transactions"        count=0
t=2023-06-02T16:09:00+0800 lvl=trce msg="Removed unpayable queued transactions"  count=0
t=2023-06-02T16:09:00+0800 lvl=trce msg="Promoted queued transactions"           count=1
t=2023-06-02T16:09:00+0800 lvl=trce msg="Pooled new future transaction"          hash=0xabdad6f5e0bdc8afb09b77d9277fa8d3ff306a1e924e37118475cf7657712323 from=0xFa3BDC8D5458a2cFE93614054908869c0742Fdf3 to=0x0000000000000000000000000000000000000000
t=2023-06-02T16:09:00+0800 lvl=trce msg="Pooled new future transaction"          hash=0x7032ee8f4a665471e56e7e20dcbc40b4e630a3616582b5c0153fd25ec0131619 from=0x3c286197C62C1A98d355AbEDd2c3915ECeBB8E5B to=0x0000000000000000000000000000000000000000
t=2023-06-02T16:09:00+0800 lvl=trce msg="Pooled new future transaction"          hash=0xe896a813acd0429e43ef1be934758b8d80c200dd8d82242c8aa65a4bf0e91b6f from=0x116119582f7387fA28Fc7D6f6de515384F543035 to=0x0000000000000000000000000000000000000000
t=2023-06-02T16:09:00+0800 lvl=trce msg="Pooled new future transaction"          hash=0x58474a0a36b05dd85dd8ebf02e7ea965cd91e523a62f235002cd22a2f348257b from=0xFa3BDC8D5458a2cFE93614054908869c0742Fdf3 to=0x0000000000000000000000000000000000000000
t=2023-06-02T16:09:00+0800 lvl=trce msg="Pooled new future transaction"          hash=0x71a1300d70d46cbaddb5dc332b91f49a8a3f30160fdc5fb53aceb9d2459427a3 from=0x9BF12759c287b70FeE459c3F50e0b44808E87a35 to=0x0000000000000000000000000000000000000000
t=2023-06-02T16:09:00+0800 lvl=trce msg="Pooled new future transaction"          hash=0xc65c6ff92b66907250f784403b7f8f2b3c6f2b08e0960ba900f629398ae05a9d from=0x116119582f7387fA28Fc7D6f6de515384F543035 to=0x0000000000000000000000000000000000000000
t=2023-06-02T16:09:00+0800 lvl=trce msg="Pooled new future transaction"          hash=0xdaea7f89f24e1cdcd727542f933338f471727a8ae4cb0c1473410ba1e6b8554d from=0x44a6Ae12C4A0457140A041408a8EcE9ed9f24602 to=0x0000000000000000000000000000000000000000
t=2023-06-02T16:09:00+0800 lvl=trce msg="Pooled new future transaction"          hash=0xad2501872596dbd234a3d3a760b27470fecf0b32a62b3b2dc31a8c5bf45efa81 from=0x116119582f7387fA28Fc7D6f6de515384F543035 to=0x0000000000000000000000000000000000000000
t=2023-06-02T16:09:00+0800 lvl=trce msg="Pooled new future transaction"          hash=0xb0aa9968cffa7adc102906a67783deb541e9e44aec6afd3462e460d49d4cf01b from=0x50D0b6Fb1C5EA22b2E581a6357ca4549E221557a to=0x0000000000000000000000000000000000000000
t=2023-06-02T16:09:00+0800 lvl=trce msg="Pooled new future transaction"          hash=0x5d35219127c95f94a1db62b99adfadc272f1f4b63be011a2353e3bf07afe57a7 from=0x116119582f7387fA28Fc7D6f6de515384F543035 to=0x0000000000000000000000000000000000000000
t=2023-06-02T16:09:00+0800 lvl=trce msg="Pooled new future transaction"          hash=0x42c14ced011b4aca5fae6957a6f29958bcbb54fda4a9b0fe8e3ca7361f8ab0f5 from=0xFa3BDC8D5458a2cFE93614054908869c0742Fdf3 to=0x0000000000000000000000000000000000000000
t=2023-06-02T16:09:00+0800 lvl=trce msg="Pooled new future transaction"          hash=0xc8428bddd8b7fa58be866dec967c92cbf895fd37302a58cb8293a1092deecb11 from=0x116119582f7387fA28Fc7D6f6de515384F543035 to=0x0000000000000000000000000000000000000000
t=2023-06-02T16:09:00+0800 lvl=trce msg="Pooled new future transaction"          hash=0x23a6e2ae921879f4d53fabc1a3935d724874006467ab236536684510455c7ae4 from=0xFa3BDC8D5458a2cFE93614054908869c0742Fdf3 to=0x0000000000000000000000000000000000000000
t=2023-06-02T16:09:00+0800 lvl=trce msg="Pooled new future transaction"          hash=0xaed4412d9df2fc3b5b8962bc99017bc78d9c004705f880a6d3b98097b2421fc1 from=0x9BF12759c287b70FeE459c3F50e0b44808E87a35 to=0x0000000000000000000000000000000000000000
t=2023-06-02T16:09:00+0800 lvl=trce msg="Pooled new future transaction"          hash=0x09a1b3881e49291e238c2edbe5545a6e1f2a777bb0e7b9d0fedb5371b174f0d9 from=0xFa3BDC8D5458a2cFE93614054908869c0742Fdf3 to=0x0000000000000000000000000000000000000000
t=2023-06-02T16:09:00+0800 lvl=trce msg="Pooled new future transaction"          hash=0xa7462c67e2d600562be879254cd86e9fe709cd243a640178c69fb643c8f10ae6 from=0x3c286197C62C1A98d355AbEDd2c3915ECeBB8E5B to=0x0000000000000000000000000000000000000000
t=2023-06-02T16:09:00+0800 lvl=trce msg="Pooled new future transaction"          hash=0xbf2bfdb25ed07bdf1d83ad6e533f79ac03c509b489ca1d0e61553c82c0418839 from=0x50D0b6Fb1C5EA22b2E581a6357ca4549E221557a to=0x0000000000000000000000000000000000000000
t=2023-06-02T16:09:00+0800 lvl=trce msg="Pooled new future transaction"          hash=0x5ebe0d2e2fdd15e941f551f3ddb828e6e066f69cb73961c2b81fe29a48e9d2b6 from=0xFa3BDC8D5458a2cFE93614054908869c0742Fdf3 to=0x0000000000000000000000000000000000000000
t=2023-06-02T16:09:00+0800 lvl=trce msg="Discarding freshly underpriced transaction" hash=0xd23d6123fd9ece6c15e00e045116d51ab00596e68a9295d7d6a703847810fb6c gasTipCap=1  gasFeeCap=508
t=2023-06-02T16:09:00+0800 lvl=trce msg="Pooled new future transaction"          hash=0xf997bbfd5ea73648a4fd30716bde29d85e9f00dff5d271e3bd74473bb38ed082 from=0x116119582f7387fA28Fc7D6f6de515384F543035 to=0x0000000000000000000000000000000000000000
t=2023-06-02T16:09:00+0800 lvl=trce msg="Pooled new future transaction"          hash=0xbf86901f51a90b049590109b7b92335295c27408e86b8396562301560d64aca6 from=0x3c286197C62C1A98d355AbEDd2c3915ECeBB8E5B to=0x0000000000000000000000000000000000000000
t=2023-06-02T16:09:00+0800 lvl=trce msg="Pooled new future transaction"          hash=0xede6364c35cead6a1604d5d1104a61b195ae7fed846c19284db7985427a6c207 from=0xFa3BDC8D5458a2cFE93614054908869c0742Fdf3 to=0x0000000000000000000000000000000000000000
t=2023-06-02T16:09:00+0800 lvl=trce msg="Pooled new future transaction"          hash=0xa31e05dbdf228843cff7100a470542618bb4f5e6c19cceaeba68117026f2877c from=0x50D0b6Fb1C5EA22b2E581a6357ca4549E221557a to=0x0000000000000000000000000000000000000000
t=2023-06-02T16:09:00+0800 lvl=trce msg="Pooled new future transaction"          hash=0x756b7f34aae69b78d1b1b1657d899069c46fd792bf22a6e1dcc9cfdc98ce2595 from=0xFa3BDC8D5458a2cFE93614054908869c0742Fdf3 to=0x0000000000000000000000000000000000000000
t=2023-06-02T16:09:00+0800 lvl=trce msg="Pooled new future transaction"          hash=0x77ef4ca41463f681edbbe93bd356fda45d6fed5f9be8b6a09ad77794a57e9d9d from=0x50D0b6Fb1C5EA22b2E581a6357ca4549E221557a to=0x0000000000000000000000000000000000000000
t=2023-06-02T16:09:00+0800 lvl=trce msg="Pooled new future transaction"          hash=0x30f3e4797443a4836851a1faa9fc30f13994726882e30b9de1afa8fe80251b21 from=0xFa3BDC8D5458a2cFE93614054908869c0742Fdf3 to=0x0000000000000000000000000000000000000000
t=2023-06-02T16:09:00+0800 lvl=trce msg="Pooled new future transaction"          hash=0x5d340ec696753e517a5d59be316383293cef7512e15ad6bc8c4db1a790f29081 from=0xFa3BDC8D5458a2cFE93614054908869c0742Fdf3 to=0x0000000000000000000000000000000000000000
t=2023-06-02T16:09:00+0800 lvl=trce msg="Pooled new future transaction"          hash=0xffcb9bbfe46e19881fe1ad125139758282521b73066c7d2e37030c475237eb5e from=0x116119582f7387fA28Fc7D6f6de515384F543035 to=0x0000000000000000000000000000000000000000
t=2023-06-02T16:09:00+0800 lvl=trce msg="Pooled new future transaction"          hash=0xab61c834643264774e46eb9039d2cf449689729796c9efe504941c8415731071 from=0x50D0b6Fb1C5EA22b2E581a6357ca4549E221557a to=0x0000000000000000000000000000000000000000
t=2023-06-02T16:09:00+0800 lvl=trce msg="Pooled new future transaction"          hash=0xb557391308c8c97b0757573a9062edd357b3452407b7b8be0cd9f4e79d372255 from=0x50D0b6Fb1C5EA22b2E581a6357ca4549E221557a to=0x0000000000000000000000000000000000000000
t=2023-06-02T16:09:00+0800 lvl=trce msg="Pooled new future transaction"          hash=0x541ae9d43c4adc4ead02a4d9991b0229d15edfad8058b1ac4584b6fe0510676b from=0x9BF12759c287b70FeE459c3F50e0b44808E87a35 to=0x0000000000000000000000000000000000000000
t=2023-06-02T16:09:00+0800 lvl=trce msg="Pooled new future transaction"          hash=0xd7fbab6c098b3ef179e6d00eb399b7e76c386a256aeda2edd85ea0eff6a029ad from=0xBEc7e084Bfa8250123FbFc47b1f0587d67E3dad0 to=0x0000000000000000000000000000000000000000
t=2023-06-02T16:09:00+0800 lvl=trce msg="Pooled new future transaction"          hash=0x595191646e45eb2445156e9965679b78c89e307627c009cd9a9b9afeeb467b5e from=0xBEc7e084Bfa8250123FbFc47b1f0587d67E3dad0 to=0x0000000000000000000000000000000000000000
t=2023-06-02T16:09:00+0800 lvl=trce msg="Pooled new future transaction"          hash=0x93dd8657c9e81a36ffe6cbfdc2640f61cf2c43904fd66ce38d3c64a643476d4f from=0xbf186BC9fa4975D227B3dC76067880ec67530CE9 to=0x0000000000000000000000000000000000000000
t=2023-06-02T16:09:00+0800 lvl=trce msg="Pooled new future transaction"          hash=0x2f867b624887be48883b11ed35925facb8321b270a760299fc4ef75fb5e976c1 from=0xd4326D89FcC041Cd120F1b62095c4D50f3D3f747 to=0x0000000000000000000000000000000000000000
t=2023-06-02T16:09:00+0800 lvl=trce msg="Removed old queued transactions"        count=0
t=2023-06-02T16:09:00+0800 lvl=trce msg="Removed unpayable queued transactions"  count=0
t=2023-06-02T16:09:00+0800 lvl=trce msg="Pooled new future transaction"          hash=0x976b1fa85c04e81d88d965dddcafddbe50d5e43c4256035d75ac67379d060775 from=0x66e0851F1a162869024b4C9f6b1C4Fc5cb4832F1 to=0x0000000000000000000000000000000000000000
t=2023-06-02T16:09:00+0800 lvl=trce msg="Removed old queued transactions"        count=0
t=2023-06-02T16:09:00+0800 lvl=trce msg="Removed unpayable queued transactions"  count=0
t=2023-06-02T16:09:00+0800 lvl=trce msg="Promoted queued transactions"           count=0
t=2023-06-02T16:09:00+0800 lvl=dbug msg="Reinjecting stale transactions"         count=0
t=2023-06-02T16:09:00+0800 lvl=trce msg="Pooled new future transaction"          hash=0xb3fa601cc5dde617d9ba0d73b4a455b6f530eecbe5ce5df58f2c522b8858ac69 from=0x50D0b6Fb1C5EA22b2E581a6357ca4549E221557a to=0x0000000000000000000000000000000000000000
t=2023-06-02T16:09:00+0800 lvl=trce msg="Pooled new future transaction"          hash=0xf9088321ec3fe4fce59a3b0c7d67090d4509b12430f60e531538637fe950abb0 from=0xFa3BDC8D5458a2cFE93614054908869c0742Fdf3 to=0x0000000000000000000000000000000000000000
t=2023-06-02T16:09:00+0800 lvl=trce msg="Pooled new future transaction"          hash=0xc6186775ba44c51ecd8a4667b21f20579bdaf5876a443409e5ac7609e2f7a170 from=0xFa3BDC8D5458a2cFE93614054908869c0742Fdf3 to=0x0000000000000000000000000000000000000000
t=2023-06-02T16:09:00+0800 lvl=trce msg="Pooled new future transaction"          hash=0xd53627764ca068a5dcbbab7a91d01b24a80312a3c05b5dfe13da3e13b2aca795 from=0x50D0b6Fb1C5EA22b2E581a6357ca4549E221557a to=0x0000000000000000000000000000000000000000
t=2023-06-02T16:09:00+0800 lvl=trce msg="Pooled new future transaction"          hash=0x394fbb9d0ac6e46c0f4d2b9af0f7e30a920acfb7181f0e2eb5f9ff12d051f8f6 from=0x44a6Ae12C4A0457140A041408a8EcE9ed9f24602 to=0x0000000000000000000000000000000000000000
t=2023-06-02T16:09:00+0800 lvl=trce msg="Pooled new future transaction"          hash=0x7cbd736170175c8c7fe6a90a08e9988de42c284f00dc1a604e6c73abbe1ba273 from=0x7628e7c918DAaf4dfbF615023fDBcF72b8479bCe to=0x0000000000000000000000000000000000000000
t=2023-06-02T16:09:00+0800 lvl=trce msg="Removed old queued transactions"        count=0
t=2023-06-02T16:09:00+0800 lvl=trce msg="Removed unpayable queued transactions"  count=0
t=2023-06-02T16:09:00+0800 lvl=trce msg="Pooled new future transaction"          hash=0xc3d8d0f562fcea2713b7cd390c17d4b13f19d50fa8b70061a7c6a7fdffd675c0 from=0x44a6Ae12C4A0457140A041408a8EcE9ed9f24602 to=0x0000000000000000000000000000000000000000
t=2023-06-02T16:09:00+0800 lvl=trce msg="Promoted queued transactions"           count=1
t=2023-06-02T16:09:00+0800 lvl=trce msg="Pooled new future transaction"          hash=0x508682f9351eb318178db101f52e74c920dfd93ea577449c13203a3d6f662425 from=0x116119582f7387fA28Fc7D6f6de515384F543035 to=0x0000000000000000000000000000000000000000
t=2023-06-02T16:09:00+0800 lvl=trce msg="Pooled new future transaction"          hash=0xfffed7a777aa19815cdcc3aaafa6bca1c83c5cc5b4b4794d63e3eca68bc813de from=0x50D0b6Fb1C5EA22b2E581a6357ca4549E221557a to=0x0000000000000000000000000000000000000000
t=2023-06-02T16:09:00+0800 lvl=trce msg="Pooled new future transaction"          hash=0x3716fbbf8fed1e66c44832c2901725484f1cbfc61116c2ab4fada5dc32852adb from=0x116119582f7387fA28Fc7D6f6de515384F543035 to=0x0000000000000000000000000000000000000000
t=2023-06-02T16:09:00+0800 lvl=trce msg="Pooled new future transaction"          hash=0x4fe8bbbf5163ea29fa466609ad0cc398ef44c5c49bb47ec7a5005fbb26728364 from=0x3c286197C62C1A98d355AbEDd2c3915ECeBB8E5B to=0x0000000000000000000000000000000000000000
t=2023-06-02T16:09:00+0800 lvl=trce msg="Pooled new future transaction"          hash=0x9983c5fe7b65806f57f98128d92e4f94dcf289c6854b8817727dffee19a83b2b from=0xFa3BDC8D5458a2cFE93614054908869c0742Fdf3 to=0x0000000000000000000000000000000000000000
t=2023-06-02T16:09:00+0800 lvl=trce msg="Pooled new future transaction"          hash=0xbf79e822f972b0cf02df0095188615719e1f1c3ed57b28f529f5d5789a5dc370 from=0x116119582f7387fA28Fc7D6f6de515384F543035 to=0x0000000000000000000000000000000000000000
t=2023-06-02T16:09:00+0800 lvl=trce msg="Pooled new future transaction"          hash=0x780d1c9232c1200ea2bc8b3fd5e2319ab7d7912cdcf1ee25a55add3e0bdb4c6a from=0x3c286197C62C1A98d355AbEDd2c3915ECeBB8E5B to=0x0000000000000000000000000000000000000000
t=2023-06-02T16:09:00+0800 lvl=dbug msg="Reinjecting stale transactions"         count=0
t=2023-06-02T16:09:00+0800 lvl=trce msg="Promoted queued transactions"           count=1
t=2023-06-02T16:09:00+0800 lvl=trce msg="Pooled new future transaction"          hash=0x2411b1083c65d56551d1684d90be06a91f8b9b56ce8d36132351f74d74537a54 from=0xbf186BC9fa4975D227B3dC76067880ec67530CE9 to=0x0000000000000000000000000000000000000000
t=2023-06-02T16:09:00+0800 lvl=trce msg="Pooled new future transaction"          hash=0x91309494b8a768f069facc48516526d204c60df91e55ee149fbaa99b3527dfea from=0x9BF12759c287b70FeE459c3F50e0b44808E87a35 to=0x0000000000000000000000000000000000000000
t=2023-06-02T16:09:00+0800 lvl=trce msg="Pooled new future transaction"          hash=0x0dc05991676e043815d15cdc03ad9c581a4a479f81fb258247afcd75f1a42f81 from=0x44a6Ae12C4A0457140A041408a8EcE9ed9f24602 to=0x0000000000000000000000000000000000000000
t=2023-06-02T16:09:00+0800 lvl=trce msg="Discarding freshly underpriced transaction" hash=0xcae4029aea3662be09d3833ce346d8aed7743ed9cfe5f3621ea97cf41af4add7 gasTipCap=1  gasFeeCap=509
t=2023-06-02T16:09:00+0800 lvl=trce msg="Pooled new future transaction"          hash=0x3c770456ecc7d18f69f7ec877af2f13a6abc90104ad450ee4e68a748527952ec from=0x7628e7c918DAaf4dfbF615023fDBcF72b8479bCe to=0x0000000000000000000000000000000000000000
t=2023-06-02T16:09:00+0800 lvl=trce msg="Removed old queued transactions"        count=0
t=2023-06-02T16:09:00+0800 lvl=trce msg="Removed unpayable queued transactions"  count=0
t=2023-06-02T16:09:00+0800 lvl=trce msg="Promoted queued transactions"           count=0
t=2023-06-02T16:09:00+0800 lvl=trce msg="Pooled new future transaction"          hash=0x898a8aa53a4df25dc054af94574608463fb0ccfb79eef3bab94aede2f4cf2386 from=0xBEc7e084Bfa8250123FbFc47b1f0587d67E3dad0 to=0x0000000000000000000000000000000000000000
t=2023-06-02T16:09:00+0800 lvl=trce msg="Pooled new future transaction"          hash=0x790377d105e03fac1ea572728e327a5d757645a8016cfdde954bab0e16fe42e2 from=0xBEc7e084Bfa8250123FbFc47b1f0587d67E3dad0 to=0x0000000000000000000000000000000000000000
t=2023-06-02T16:09:00+0800 lvl=trce msg="Pooled new future transaction"          hash=0x33d6aaeff7969d949ab478219e57077a4d1f775bf74de0918d1fbac2d7477676 from=0x44a6Ae12C4A0457140A041408a8EcE9ed9f24602 to=0x0000000000000000000000000000000000000000
t=2023-06-02T16:09:00+0800 lvl=trce msg="Pooled new future transaction"          hash=0xdd7a380eb3419a1f1013eb95dd167d767c1ad49c691defb735a1d10bd8f81657 from=0x44a6Ae12C4A0457140A041408a8EcE9ed9f24602 to=0x0000000000000000000000000000000000000000
t=2023-06-02T16:09:00+0800 lvl=trce msg="Pooled new future transaction"          hash=0xbbdf9cd9037f9f117131b884923997bb88cadca535955cf9c640d437d098a4c7 from=0x12C1b183e22f2da6dC38724815E399489CC759F2 to=0x0000000000000000000000000000000000000000
t=2023-06-02T16:09:00+0800 lvl=trce msg="Pooled new future transaction"          hash=0xf3de6d4d4b47b5b0da1d7d76d01146a3995de2200bc7cb356802e92ff85eba27 from=0xbf186BC9fa4975D227B3dC76067880ec67530CE9 to=0x0000000000000000000000000000000000000000
t=2023-06-02T16:09:00+0800 lvl=trce msg="Pooled new future transaction"          hash=0xa12902f1824713cb5ea0dda7969b44ca57d02a940dbfc1e93ea96fd6bd65549f from=0x12C1b183e22f2da6dC38724815E399489CC759F2 to=0x0000000000000000000000000000000000000000
t=2023-06-02T16:09:00+0800 lvl=trce msg="Pooled new future transaction"          hash=0x5f6095e84a383cf75f70b387bb10b7ee7818f71af3f8f0a8d73e5e050bc6c2c1 from=0x9BF12759c287b70FeE459c3F50e0b44808E87a35 to=0x0000000000000000000000000000000000000000
t=2023-06-02T16:09:00+0800 lvl=trce msg="Pooled new future transaction"          hash=0x4ab53f17be6d263fad14d0177612f4db82a3484dabd885df61e00e1b788762d3 from=0xADE7BaDaA30706B344c06d1086BDe7037969c237 to=0x0000000000000000000000000000000000000000
t=2023-06-02T16:09:00+0800 lvl=trce msg="Pooled new future transaction"          hash=0x99ef769351bba55fd144470e0064a7053749c2d7c0a9ddd49c8a3ab4ede9cd05 from=0x66e0851F1a162869024b4C9f6b1C4Fc5cb4832F1 to=0x0000000000000000000000000000000000000000
t=2023-06-02T16:09:00+0800 lvl=trce msg="Pooled new future transaction"          hash=0x3925507ca3ccfee33bdc54f36a6bb2390da3261dee625757d0e59025a9d25c7e from=0xFa3BDC8D5458a2cFE93614054908869c0742Fdf3 to=0x0000000000000000000000000000000000000000
t=2023-06-02T16:09:00+0800 lvl=trce msg="Pooled new future transaction"          hash=0xdf190f44d9d1f31ce7799b147a1f2c37b02fa32b83186d379022cffc7b20b409 from=0x3c286197C62C1A98d355AbEDd2c3915ECeBB8E5B to=0x0000000000000000000000000000000000000000
t=2023-06-02T16:09:00+0800 lvl=trce msg="Pooled new future transaction"          hash=0x0088d8726629b24d842caed267c3843585ead909d23db73defc63114e93fb48b from=0x3c286197C62C1A98d355AbEDd2c3915ECeBB8E5B to=0x0000000000000000000000000000000000000000
t=2023-06-02T16:09:00+0800 lvl=trce msg="Pooled new future transaction"          hash=0x186bba10d9a9f8c4d9ceedc6bc307a1ec75e33e3d75c7caa1490e7f1235b8c37 from=0xFa3BDC8D5458a2cFE93614054908869c0742Fdf3 to=0x0000000000000000000000000000000000000000
t=2023-06-02T16:09:00+0800 lvl=trce msg="Pooled new future transaction"          hash=0x844a39372c18e15945f0e1cbabd1d0428348a964b53caa0145dc0880b941149f from=0x50D0b6Fb1C5EA22b2E581a6357ca4549E221557a to=0x0000000000000000000000000000000000000000
t=2023-06-02T16:09:00+0800 lvl=trce msg="Pooled new future transaction"          hash=0xd3d56e6b3e26cd8267620ed82add982c4d5636f4e714232e3e160643465c2a4a from=0x50D0b6Fb1C5EA22b2E581a6357ca4549E221557a to=0x0000000000000000000000000000000000000000
t=2023-06-02T16:09:00+0800 lvl=trce msg="Pooled new future transaction"          hash=0x98d83a8b400f86ca34483d345858f3b2de5da45e938a3df57d162ec078d9fbdb from=0x50D0b6Fb1C5EA22b2E581a6357ca4549E221557a to=0x0000000000000000000000000000000000000000
t=2023-06-02T16:09:00+0800 lvl=trce msg="Pooled new future transaction"          hash=0x667b388cd2bf287bdb8b9658d770fa6691ee7df3849840fe388756952c17bde6 from=0x50D0b6Fb1C5EA22b2E581a6357ca4549E221557a to=0x0000000000000000000000000000000000000000
t=2023-06-02T16:09:00+0800 lvl=trce msg="Pooled new future transaction"          hash=0xcb632d140b7ba4e227d074fe8d75d0cb34015faf2d439f7d153c85477b31d546 from=0x3c286197C62C1A98d355AbEDd2c3915ECeBB8E5B to=0x0000000000000000000000000000000000000000
t=2023-06-02T16:09:00+0800 lvl=trce msg="Pooled new future transaction"          hash=0x7a8eb3f4450ae4059d37e6b3048dce3ae9c8632633e24348a32625a678868153 from=0x3c286197C62C1A98d355AbEDd2c3915ECeBB8E5B to=0x0000000000000000000000000000000000000000
t=2023-06-02T16:09:00+0800 lvl=trce msg="Pooled new future transaction"          hash=0xb0a49f18a269cae07c7137297254b6646aa8cd0d905287b3342d7b87fd792028 from=0xFa3BDC8D5458a2cFE93614054908869c0742Fdf3 to=0x0000000000000000000000000000000000000000
t=2023-06-02T16:09:00+0800 lvl=trce msg="Pooled new future transaction"          hash=0xc5679360f5a51b3cc2800d312def060608feb3fbc69d6fef6700489d45e2c9fd from=0x3c286197C62C1A98d355AbEDd2c3915ECeBB8E5B to=0x0000000000000000000000000000000000000000
t=2023-06-02T16:09:00+0800 lvl=trce msg="Pooled new future transaction"          hash=0x73d9d5f0b2888b82978bb58a1e767a47cea064368403935e0eb67981580441f3 from=0x50D0b6Fb1C5EA22b2E581a6357ca4549E221557a to=0x0000000000000000000000000000000000000000
t=2023-06-02T16:09:00+0800 lvl=trce msg="Pooled new future transaction"          hash=0x27899fe29356021333c6c5a045662f508c4d3f9a9e2bde244cddca4734ce738e from=0x50D0b6Fb1C5EA22b2E581a6357ca4549E221557a to=0x0000000000000000000000000000000000000000
t=2023-06-02T16:09:00+0800 lvl=trce msg="Pooled new future transaction"          hash=0xa01b13bf3e1d9f7f42d2dccada87639b5dd0a04c098bc06a7084f8bc8eb22b5b from=0x116119582f7387fA28Fc7D6f6de515384F543035 to=0x0000000000000000000000000000000000000000
t=2023-06-02T16:09:00+0800 lvl=trce msg="Removed old queued transactions"        count=0
t=2023-06-02T16:09:00+0800 lvl=trce msg="Pooled new future transaction"          hash=0xc5be26eb8bc022fa3757fb68fc49c1c6b6b88cd1a66edfec447f477fd5ab5f0b from=0xFa3BDC8D5458a2cFE93614054908869c0742Fdf3 to=0x0000000000000000000000000000000000000000
t=2023-06-02T16:09:00+0800 lvl=trce msg="Removed unpayable queued transactions"  count=0
t=2023-06-02T16:09:00+0800 lvl=trce msg="Pooled new future transaction"          hash=0xf1da0b190e6ca562ca8044557d117bd5f938e58ba637cd3709cd46bd310f3a94 from=0x116119582f7387fA28Fc7D6f6de515384F543035 to=0x0000000000000000000000000000000000000000
t=2023-06-02T16:09:00+0800 lvl=trce msg="Pooled new future transaction"          hash=0x94c7721e49cf09f1e0c8fa11d1f1a87d9e0e2b7c765d7509747743cb2b494515 from=0x50D0b6Fb1C5EA22b2E581a6357ca4549E221557a to=0x0000000000000000000000000000000000000000
t=2023-06-02T16:09:00+0800 lvl=trce msg="Pooled new future transaction"          hash=0x35e3d8ae81588545e029089dadd5581294404c1a7bc1fad1be29220b770171b4 from=0x50D0b6Fb1C5EA22b2E581a6357ca4549E221557a to=0x0000000000000000000000000000000000000000
t=2023-06-02T16:09:00+0800 lvl=trce msg="Promoted queued transactions"           count=1
t=2023-06-02T16:09:00+0800 lvl=trce msg="Pooled new future transaction"          hash=0x64477bdec5607befc54a3d36c513a5e5371b9bfeb412bffe723f523776671524 from=0x116119582f7387fA28Fc7D6f6de515384F543035 to=0x0000000000000000000000000000000000000000
t=2023-06-02T16:09:00+0800 lvl=trce msg="Pooled new future transaction"          hash=0x0570028b9336c8c75247ceea50bce797a9cddd9f4f78e3ce88a8b38d7c2709c1 from=0x3c286197C62C1A98d355AbEDd2c3915ECeBB8E5B to=0x0000000000000000000000000000000000000000
t=2023-06-02T16:09:00+0800 lvl=trce msg="Pooled new future transaction"          hash=0x7583183d9c804b2952298ba28b5a9ba75736871e245a72bb909e85e89e37e353 from=0xFa3BDC8D5458a2cFE93614054908869c0742Fdf3 to=0x0000000000000000000000000000000000000000
t=2023-06-02T16:09:00+0800 lvl=trce msg="Pooled new future transaction"          hash=0x947772f973e33c3e14d94b89e3045eb8ffdcd9e0290c00a81232a1874d16c218 from=0x116119582f7387fA28Fc7D6f6de515384F543035 to=0x0000000000000000000000000000000000000000
t=2023-06-02T16:09:00+0800 lvl=trce msg="Pooled new future transaction"          hash=0x6d4139ff7e304f0726ef888de70dc9ce92c25c897e2f42cc1881d86d911bebfa from=0x3c286197C62C1A98d355AbEDd2c3915ECeBB8E5B to=0x0000000000000000000000000000000000000000
t=2023-06-02T16:09:00+0800 lvl=trce msg="Pooled new future transaction"          hash=0x0595bb5eb97cf30038ac73e224ba87d41a13cf51ba8ba0ad82899094e0781c59 from=0x50D0b6Fb1C5EA22b2E581a6357ca4549E221557a to=0x0000000000000000000000000000000000000000
t=2023-06-02T16:09:00+0800 lvl=trce msg="Pooled new future transaction"          hash=0xe5efe35da3000fe22a7695c07aee454248411e83277fab5b1f59f50ce5ae2864 from=0xFa3BDC8D5458a2cFE93614054908869c0742Fdf3 to=0x0000000000000000000000000000000000000000
t=2023-06-02T16:09:00+0800 lvl=trce msg="Pooled new future transaction"          hash=0xbe63e3c971c3ac4250fbab7ab128c65d12c8f5e305a66e4719f1c3fef8c386c2 from=0x116119582f7387fA28Fc7D6f6de515384F543035 to=0x0000000000000000000000000000000000000000
t=2023-06-02T16:09:00+0800 lvl=trce msg="Pooled new future transaction"          hash=0xce3697d406fdd69bdb1e562b9249a46e86a90e997fba3890012660bc34f2c947 from=0x50D0b6Fb1C5EA22b2E581a6357ca4549E221557a to=0x0000000000000000000000000000000000000000
t=2023-06-02T16:09:00+0800 lvl=trce msg="Pooled new future transaction"          hash=0xfd2e4611c3e5f3f4a8da4f1152fe91c67de763d6dea305d7b861f0c50e661262 from=0x50D0b6Fb1C5EA22b2E581a6357ca4549E221557a to=0x0000000000000000000000000000000000000000
t=2023-06-02T16:09:00+0800 lvl=trce msg="Pooled new future transaction"          hash=0xb9e7b835eeb8777e113bc07531b065a29574af1d261008cae4c773ed2bd07092 from=0x12C1b183e22f2da6dC38724815E399489CC759F2 to=0x0000000000000000000000000000000000000000
t=2023-06-02T16:09:00+0800 lvl=trce msg="Pooled new future transaction"          hash=0xecacd473c508758af6165487695339a40b59fbd9a948bb74ecbdb0b7bb399022 from=0x12C1b183e22f2da6dC38724815E399489CC759F2 to=0x0000000000000000000000000000000000000000
t=2023-06-02T16:09:00+0800 lvl=trce msg="Pooled new future transaction"          hash=0xdc82984b46877bee4be21cb2b774dc741f881ec9155eb46d7454fcf4a2f4bb70 from=0x12C1b183e22f2da6dC38724815E399489CC759F2 to=0x0000000000000000000000000000000000000000
t=2023-06-02T16:09:00+0800 lvl=trce msg="Pooled new future transaction"          hash=0x18e5ba56a6ca592d2da2e2cecbc202f2a520a63521e7834e792a0dae22017cd9 from=0x12C1b183e22f2da6dC38724815E399489CC759F2 to=0x0000000000000000000000000000000000000000
t=2023-06-02T16:09:00+0800 lvl=trce msg="Discarding freshly underpriced transaction" hash=0x9cfbcbe8e9c69caabbc6628cacb57657cc9f787b8cb3d6feed11390552ece80e gasTipCap=1  gasFeeCap=510
t=2023-06-02T16:09:00+0800 lvl=trce msg="Pooled new future transaction"          hash=0xe2ed9d4ce6def58a0021bd7fa411681bb92c484d6b5bc822355681b36eefec04 from=0x02be4cAA6248Dd09f9f69DE7084213809A70f6c0 to=0x0000000000000000000000000000000000000000
t=2023-06-02T16:09:00+0800 lvl=trce msg="Removed old queued transactions"        count=0
t=2023-06-02T16:09:00+0800 lvl=trce msg="Removed unpayable queued transactions"  count=0
t=2023-06-02T16:09:00+0800 lvl=trce msg="Pooled new future transaction"          hash=0x1a07e25365fe41f09c140c67ae8b681c78725aa3d40664c37b4e3ad3bc65da57 from=0xbf186BC9fa4975D227B3dC76067880ec67530CE9 to=0x0000000000000000000000000000000000000000
t=2023-06-02T16:09:00+0800 lvl=trce msg="Pooled new future transaction"          hash=0x51fd99b17e25a49e0c323b5ab1ced1ab274cdbab954123a9fae86d1d3d67c8a5 from=0xBEc7e084Bfa8250123FbFc47b1f0587d67E3dad0 to=0x0000000000000000000000000000000000000000
t=2023-06-02T16:09:00+0800 lvl=trce msg="Pooled new future transaction"          hash=0x5c2af5250b54078fb444d6fc4cea3d36c0d8219bd640038f038c782fd8e26eab from=0xbf186BC9fa4975D227B3dC76067880ec67530CE9 to=0x0000000000000000000000000000000000000000
t=2023-06-02T16:09:00+0800 lvl=trce msg="Removed old queued transactions"        count=0
t=2023-06-02T16:09:00+0800 lvl=trce msg="Removed unpayable queued transactions"  count=0
t=2023-06-02T16:09:00+0800 lvl=trce msg="Promoted queued transactions"           count=1
t=2023-06-02T16:09:00+0800 lvl=trce msg="Removed old queued transactions"        count=0
t=2023-06-02T16:09:00+0800 lvl=trce msg="Removed unpayable queued transactions"  count=0
t=2023-06-02T16:09:00+0800 lvl=trce msg="Promoted queued transactions"           count=0
t=2023-06-02T16:09:00+0800 lvl=trce msg="Pooled new future transaction"          hash=0x289b6f96b0c74f4c3b608ccb54bf0d9f5691d71cd34c9f6403249bbf5d0ef17e from=0x116119582f7387fA28Fc7D6f6de515384F543035 to=0x0000000000000000000000000000000000000000
t=2023-06-02T16:09:00+0800 lvl=trce msg="Pooled new future transaction"          hash=0x3cc5e4dd5326715dd7c7c17470ca9f885265a3433a53f7fcafd41960bc53358f from=0x3c286197C62C1A98d355AbEDd2c3915ECeBB8E5B to=0x0000000000000000000000000000000000000000
t=2023-06-02T16:09:00+0800 lvl=trce msg="Pooled new future transaction"          hash=0x70b4fbb0c8d7a5b3e2666dc7b82d08cf9b1bdca5de71dfc6ec67796ecd301c8f from=0x50D0b6Fb1C5EA22b2E581a6357ca4549E221557a to=0x0000000000000000000000000000000000000000
t=2023-06-02T16:09:00+0800 lvl=trce msg="Pooled new future transaction"          hash=0x4126ba4e98378ed1541e7974f86c5b11625969c3b24cfe64d3f6f581edae6c46 from=0x66e0851F1a162869024b4C9f6b1C4Fc5cb4832F1 to=0x0000000000000000000000000000000000000000
t=2023-06-02T16:09:00+0800 lvl=trce msg="Pooled new future transaction"          hash=0xec09a8977c8f93d27a01e0ef10f78ac1d6405327690e9bd96e662af05bc101fe from=0x3c286197C62C1A98d355AbEDd2c3915ECeBB8E5B to=0x0000000000000000000000000000000000000000
t=2023-06-02T16:09:00+0800 lvl=trce msg="Removed old queued transactions"        count=0
t=2023-06-02T16:09:00+0800 lvl=trce msg="Pooled new future transaction"          hash=0x36ffad532df53bb88c190626a4c13517175d01297bdab22c8ca036f6d4147eeb from=0x116119582f7387fA28Fc7D6f6de515384F543035 to=0x0000000000000000000000000000000000000000
t=2023-06-02T16:09:00+0800 lvl=trce msg="Pooled new future transaction"          hash=0x430b54bcc22c1e3c8a623b6624760d904b96a53a415d1096348856d760fd6a09 from=0xFa3BDC8D5458a2cFE93614054908869c0742Fdf3 to=0x0000000000000000000000000000000000000000
t=2023-06-02T16:09:00+0800 lvl=trce msg="Promoted queued transactions"           count=1
t=2023-06-02T16:09:00+0800 lvl=trce msg="Pooled new future transaction"          hash=0x2107f21096af5b789d598726e710eb1663b2f255a9748119ee8e90460582fbdc from=0x3c286197C62C1A98d355AbEDd2c3915ECeBB8E5B to=0x0000000000000000000000000000000000000000
t=2023-06-02T16:09:00+0800 lvl=trce msg="Pooled new future transaction"          hash=0xb2e4c7338fb37364dcfd0a4b05e03877687e687c65a175be3e334f3e2e12df7e from=0xFa3BDC8D5458a2cFE93614054908869c0742Fdf3 to=0x0000000000000000000000000000000000000000
t=2023-06-02T16:09:00+0800 lvl=trce msg="Pooled new future transaction"          hash=0x64a620140f450141f80d0a9a4474577224139cce92b2b13d2fe7136e7507c33c from=0xFa3BDC8D5458a2cFE93614054908869c0742Fdf3 to=0x0000000000000000000000000000000000000000
t=2023-06-02T16:09:00+0800 lvl=trce msg="Pooled new future transaction"          hash=0x2d1201233de63fd7ae52075537ff08969622cd367bfb6308ce666c98ad8cb3e0 from=0x50D0b6Fb1C5EA22b2E581a6357ca4549E221557a to=0x0000000000000000000000000000000000000000
t=2023-06-02T16:09:00+0800 lvl=trce msg="Removed unpayable queued transactions"  count=0
t=2023-06-02T16:09:00+0800 lvl=trce msg="Pooled new future transaction"          hash=0xef8281211cc879932aea91aff56c56b9c8ed3d18302678343a3a09b42223f8fd from=0x116119582f7387fA28Fc7D6f6de515384F543035 to=0x0000000000000000000000000000000000000000
t=2023-06-02T16:09:00+0800 lvl=trce msg="Pooled new future transaction"          hash=0x5a498e04430eaedf91a3cd138cfa75625fd01c4fbe3fc860081ba14d5d403abb from=0xFa3BDC8D5458a2cFE93614054908869c0742Fdf3 to=0x0000000000000000000000000000000000000000
t=2023-06-02T16:09:00+0800 lvl=trce msg="Pooled new future transaction"          hash=0x9c70e1b94586d34eb986b8a9e97743503bbb92b5fa2a8bf859ac4e9d27098db2 from=0xFa3BDC8D5458a2cFE93614054908869c0742Fdf3 to=0x0000000000000000000000000000000000000000
t=2023-06-02T16:09:00+0800 lvl=trce msg="Pooled new future transaction"          hash=0x6c914852ae055ad56c92e439f0b2396e631f41adfe2f02e9e0bb48faaa7ec1d3 from=0x3c286197C62C1A98d355AbEDd2c3915ECeBB8E5B to=0x0000000000000000000000000000000000000000
t=2023-06-02T16:09:00+0800 lvl=trce msg="Discarding freshly underpriced transaction" hash=0x647cff8b40173f646d0dc1a00124d78d7904321e36d713b87d003a06e8d9b1b2 gasTipCap=1  gasFeeCap=511
t=2023-06-02T16:09:00+0800 lvl=trce msg="Pooled new future transaction"          hash=0x8a5dbfd859c4d44efae8cb8ef283c349a493c9ffe0d51d393f5a4042679b69f1 from=0xFa3BDC8D5458a2cFE93614054908869c0742Fdf3 to=0x0000000000000000000000000000000000000000
t=2023-06-02T16:09:00+0800 lvl=trce msg="Pooled new future transaction"          hash=0x0bfe6893eb66f1a28bbd18912d948374a180c739bf7e2da777892e71e2344b33 from=0x116119582f7387fA28Fc7D6f6de515384F543035 to=0x0000000000000000000000000000000000000000
t=2023-06-02T16:09:00+0800 lvl=trce msg="Pooled new future transaction"          hash=0xf8339648feaa6aa2c3c1a6e5692cb6414743fac6f73be9a18955941a30a4249b from=0xFa3BDC8D5458a2cFE93614054908869c0742Fdf3 to=0x0000000000000000000000000000000000000000
t=2023-06-02T16:09:00+0800 lvl=trce msg="Pooled new future transaction"          hash=0x40063143e44b6dbc066ad037fd445d6f9db3b7ff6acb9e205a0fd0f33a7dfade from=0x9BF12759c287b70FeE459c3F50e0b44808E87a35 to=0x0000000000000000000000000000000000000000
t=2023-06-02T16:09:00+0800 lvl=trce msg="Pooled new future transaction"          hash=0x07238f64019be36c2c4a15efe2c309106da321854cac94290cd9f26102075f4d from=0x44a6Ae12C4A0457140A041408a8EcE9ed9f24602 to=0x0000000000000000000000000000000000000000
t=2023-06-02T16:09:00+0800 lvl=trce msg="Pooled new future transaction"          hash=0x64370c55372923f801cbe1553cb26096487d144743ecd05ea5871e1e0e17a1ae from=0xBEc7e084Bfa8250123FbFc47b1f0587d67E3dad0 to=0x0000000000000000000000000000000000000000
t=2023-06-02T16:09:00+0800 lvl=trce msg="Pooled new future transaction"          hash=0xeefdfb01ca613c2482d7bd34aa0bfc57ad2dba57132a6d30f33d9525afc2eaa4 from=0x44a6Ae12C4A0457140A041408a8EcE9ed9f24602 to=0x0000000000000000000000000000000000000000
t=2023-06-02T16:09:00+0800 lvl=trce msg="Pooled new future transaction"          hash=0x597eb0823d6f0dfac9604a32627501ba94c365a6e555ad2af436cf562d72dce7 from=0x44a6Ae12C4A0457140A041408a8EcE9ed9f24602 to=0x0000000000000000000000000000000000000000
t=2023-06-02T16:09:00+0800 lvl=trce msg="Pooled new future transaction"          hash=0x648a41cb186af76ad918a59ee976f4912dce00bd9e40f4a9d31168648241328d from=0xBEc7e084Bfa8250123FbFc47b1f0587d67E3dad0 to=0x0000000000000000000000000000000000000000
t=2023-06-02T16:09:00+0800 lvl=trce msg="Pooled new future transaction"          hash=0x33d1a69a353a06f659767f4bbf56c0f99d848dc032a93e2a9dfa4eae7221fa22 from=0xBEc7e084Bfa8250123FbFc47b1f0587d67E3dad0 to=0x0000000000000000000000000000000000000000
t=2023-06-02T16:09:00+0800 lvl=trce msg="Pooled new future transaction"          hash=0xf315c7da6069539a1d8ac8895a3dbac80be228cdd1989bb4ec59f58874ce0eee from=0xbf186BC9fa4975D227B3dC76067880ec67530CE9 to=0x0000000000000000000000000000000000000000
t=2023-06-02T16:09:00+0800 lvl=trce msg="Pooled new future transaction"          hash=0x3b3913f334ef527c224e2a84d43fbf2df34870ce1be0951f504530c53eeff873 from=0xF9A8DEb44ff292aD3847933fd8B5DA5277A76cd2 to=0x0000000000000000000000000000000000000000
t=2023-06-02T16:09:00+0800 lvl=trce msg="Removed old queued transactions"        count=0
t=2023-06-02T16:09:00+0800 lvl=trce msg="Removed unpayable queued transactions"  count=0
t=2023-06-02T16:09:00+0800 lvl=trce msg="Promoted queued transactions"           count=1
t=2023-06-02T16:09:00+0800 lvl=trce msg="Promoted queued transactions"           count=0
t=2023-06-02T16:09:00+0800 lvl=dbug msg="Reinjecting stale transactions"         count=0
t=2023-06-02T16:09:00+0800 lvl=trce msg="Removed old queued transactions"        count=0
t=2023-06-02T16:09:00+0800 lvl=trce msg="Removed unpayable queued transactions"  count=1
t=2023-06-02T16:09:00+0800 lvl=trce msg="Promoted queued transactions"           count=0
t=2023-06-02T16:09:00+0800 lvl=trce msg="Removed unpayable pending transaction"  hash=0x47ff4fcf8d4cf55107fc516ff70b6b4b8b16ac449b500018a6ecabbcfbd65502
t=2023-06-02T16:09:00+0800 lvl=trce msg="Pooled new future transaction"          hash=0x5aa7fb367fa18e4a9b930000735110ed0dd0ec692c8e881a5a5ec8d30a4fb14c from=0x12C1b183e22f2da6dC38724815E399489CC759F2 to=0x0000000000000000000000000000000000000000
t=2023-06-02T16:09:00+0800 lvl=trce msg="Pooled new future transaction"          hash=0x1c420be44e408c74e4d5e942e1a3e4b9cc351506d9792df3fc5a76da240e2172 from=0x12C1b183e22f2da6dC38724815E399489CC759F2 to=0x0000000000000000000000000000000000000000
t=2023-06-02T16:09:00+0800 lvl=trce msg="Pooled new future transaction"          hash=0xf8f1ed65d0e93266185bf62950dd2d0b589e43b191d614a75d94a1ae80212e75 from=0x12C1b183e22f2da6dC38724815E399489CC759F2 to=0x0000000000000000000000000000000000000000
t=2023-06-02T16:09:00+0800 lvl=dbug msg="Reinjecting stale transactions"         count=0
t=2023-06-02T16:09:00+0800 lvl=trce msg="Pooled new future transaction"          hash=0x0e3edb6ee270f5add5c1714e7d277b8b2e570407b56162901639c96536ac183c from=0x7628e7c918DAaf4dfbF615023fDBcF72b8479bCe to=0x0000000000000000000000000000000000000000
t=2023-06-02T16:09:00+0800 lvl=trce msg="Removed old queued transactions"        count=0
t=2023-06-02T16:09:00+0800 lvl=trce msg="Removed unpayable queued transactions"  count=0
t=2023-06-02T16:09:00+0800 lvl=trce msg="Promoted queued transactions"           count=1
t=2023-06-02T16:09:00+0800 lvl=trce msg="Pooled new future transaction"          hash=0x32b3521ab9066052de421eee5cf7cda4190cd9584b21b8c759a9770923a3e587 from=0x12C1b183e22f2da6dC38724815E399489CC759F2 to=0x0000000000000000000000000000000000000000
t=2023-06-02T16:09:00+0800 lvl=trce msg="Pooled new future transaction"          hash=0x04dbd5edaffca8dee3d16e67356ca5c1530e928a0739747edcd597a49edff6b8 from=0x12C1b183e22f2da6dC38724815E399489CC759F2 to=0x0000000000000000000000000000000000000000
t=2023-06-02T16:09:00+0800 lvl=trce msg="Pooled new future transaction"          hash=0x163690ded8a91d4cb66495cee1fd9c4f3309dfca8581cdf91a253f95d7eeb1bd from=0x12C1b183e22f2da6dC38724815E399489CC759F2 to=0x0000000000000000000000000000000000000000
t=2023-06-02T16:09:00+0800 lvl=trce msg="Pooled new future transaction"          hash=0x12119ee406b9edc559e0c0268ce0078772aee2bd1a9e773b0dcae1d7a10d96ed from=0x12C1b183e22f2da6dC38724815E399489CC759F2 to=0x0000000000000000000000000000000000000000
t=2023-06-02T16:09:00+0800 lvl=trce msg="Pooled new future transaction"          hash=0x44473523db49d89769782cd13becd9290f756178bf50e248243a82d2af9a5111 from=0x7628e7c918DAaf4dfbF615023fDBcF72b8479bCe to=0x0000000000000000000000000000000000000000
t=2023-06-02T16:09:00+0800 lvl=trce msg="Removed old queued transactions"        count=0
t=2023-06-02T16:09:00+0800 lvl=trce msg="Removed unpayable queued transactions"  count=0
t=2023-06-02T16:09:00+0800 lvl=trce msg="Promoted queued transactions"           count=0
t=2023-06-02T16:09:00+0800 lvl=trce msg="Pooled new future transaction"          hash=0x723d0d96b42695ab7326fc9b378ac50cd058b20cca518419775c389b8ff83658 from=0x12C1b183e22f2da6dC38724815E399489CC759F2 to=0x0000000000000000000000000000000000000000
t=2023-06-02T16:09:00+0800 lvl=trce msg="Pooled new future transaction"          hash=0x7ea744bf0a368eb08e56957e58fbba04a4f4d98bef946ca675cf93df0086de82 from=0x12C1b183e22f2da6dC38724815E399489CC759F2 to=0x0000000000000000000000000000000000000000
t=2023-06-02T16:09:00+0800 lvl=trce msg="Pooled new future transaction"          hash=0xc8bb50a412f46ac7e1df2dc79b6ce936cf6d495d3f2c32abd157af2d4fce78a9 from=0x12C1b183e22f2da6dC38724815E399489CC759F2 to=0x0000000000000000000000000000000000000000
t=2023-06-02T16:09:00+0800 lvl=trce msg="Pooled new future transaction"          hash=0x079656b873ab40b3779ac27213a9c19b76434a0d677b4b6cc2f25463dc934e69 from=0x12C1b183e22f2da6dC38724815E399489CC759F2 to=0x0000000000000000000000000000000000000000
t=2023-06-02T16:09:00+0800 lvl=trce msg="Pooled new future transaction"          hash=0xd5786595d05628f1e0335b8dd37510e594b897dc04516b7691eb0e9204cb50f1 from=0x12C1b183e22f2da6dC38724815E399489CC759F2 to=0x0000000000000000000000000000000000000000
t=2023-06-02T16:09:00+0800 lvl=trce msg="Pooled new future transaction"          hash=0x93fbc8d8a12728b8256b6e2e25ca906fdcab225aaedaba368aab8f2b3c1aa769 from=0x12C1b183e22f2da6dC38724815E399489CC759F2 to=0x0000000000000000000000000000000000000000
t=2023-06-02T16:09:00+0800 lvl=trce msg="Removed old queued transactions"        count=0
t=2023-06-02T16:09:00+0800 lvl=trce msg="Removed unpayable queued transactions"  count=1
t=2023-06-02T16:09:00+0800 lvl=trce msg="Pooled new future transaction"          hash=0x9df325e1d1a9531d6e984b37cefd0551f9bc9fcc3ba3219f96752625667b921b from=0x66e0851F1a162869024b4C9f6b1C4Fc5cb4832F1 to=0x0000000000000000000000000000000000000000
t=2023-06-02T16:09:00+0800 lvl=trce msg="Removed old queued transactions"        count=0
t=2023-06-02T16:09:00+0800 lvl=trce msg="Removed unpayable queued transactions"  count=0
t=2023-06-02T16:09:00+0800 lvl=trce msg="Promoted queued transactions"           count=1
t=2023-06-02T16:09:00+0800 lvl=trce msg="Promoted queued transactions"           count=0
t=2023-06-02T16:09:00+0800 lvl=trce msg="Removed unpayable pending transaction"  hash=0xd7a44e951015b055beea72fdaf261ab2e9aeb06736bf40bea7f56546c8d9204e
t=2023-06-02T16:09:00+0800 lvl=trce msg="Pooled new future transaction"          hash=0xbfa400a185e074aca982d34c0da3f1ec890ed5210db6a680532038e47b8ff342 from=0x116119582f7387fA28Fc7D6f6de515384F543035 to=0x0000000000000000000000000000000000000000
t=2023-06-02T16:09:00+0800 lvl=trce msg="Pooled new future transaction"          hash=0xa3e3737e70b9d5eac8d803dadc2621063fe7c056478dc66c24477ad5e003332e from=0xFa3BDC8D5458a2cFE93614054908869c0742Fdf3 to=0x0000000000000000000000000000000000000000
t=2023-06-02T16:09:00+0800 lvl=info msg="Transaction pool stopped"
--- PASS: TestTransactionDropping (0.01s)
=== CONT  TestTransactionNonceRecovery
t=2023-06-02T16:09:00+0800 lvl=trce msg="Pooled new future transaction"          hash=0x657b9fb483b667996d97f0090f574dba82ff3741f4b13fcf624a3e0beadc8207 from=0x66e0851F1a162869024b4C9f6b1C4Fc5cb4832F1 to=0x0000000000000000000000000000000000000000
t=2023-06-02T16:09:00+0800 lvl=trce msg="Removed old queued transactions"        count=0
t=2023-06-02T16:09:00+0800 lvl=trce msg="Removed unpayable queued transactions"  count=0
t=2023-06-02T16:09:00+0800 lvl=trce msg="Pooled new future transaction"          hash=0x0f6f9f1ee5b11435445d8be09189c4c0a7d8b44364ebdf93aea50de293273a43 from=0x50D0b6Fb1C5EA22b2E581a6357ca4549E221557a to=0x0000000000000000000000000000000000000000
t=2023-06-02T16:09:00+0800 lvl=trce msg="Pooled new future transaction"          hash=0xfb462a97fbcde81360c4ef69cb46d7099b8b3a6eee048c5958f16094bacfcc21 from=0x50D0b6Fb1C5EA22b2E581a6357ca4549E221557a to=0x0000000000000000000000000000000000000000
t=2023-06-02T16:09:00+0800 lvl=trce msg="Pooled new future transaction"          hash=0xaf6830692262c15b831a53a06f627818bb0ed0c6db5fe4d72a48c7d9bdeaf704 from=0x3c286197C62C1A98d355AbEDd2c3915ECeBB8E5B to=0x0000000000000000000000000000000000000000
t=2023-06-02T16:09:00+0800 lvl=dbug msg="Reinjecting stale transactions"         count=0
t=2023-06-02T16:09:00+0800 lvl=trce msg="Pooled new future transaction"          hash=0x57a4ee19766c76d836f4098e39d22a07b6bceee6a21f7cd1a17799dbf2860cb5 from=0xFa3BDC8D5458a2cFE93614054908869c0742Fdf3 to=0x0000000000000000000000000000000000000000
t=2023-06-02T16:09:00+0800 lvl=trce msg="Pooled new future transaction"          hash=0x2e9f71ac3d3c4abc2f72e0a80b4b2d4a0f50cc366fd7b77c8d72c35249765c1c from=0x50D0b6Fb1C5EA22b2E581a6357ca4549E221557a to=0x0000000000000000000000000000000000000000
t=2023-06-02T16:09:00+0800 lvl=trce msg="Pooled new future transaction"          hash=0x4adbe9403bf71cde1285b77c53508e709834f864bdf271b383b0fb44e6388421 from=0xFa3BDC8D5458a2cFE93614054908869c0742Fdf3 to=0x0000000000000000000000000000000000000000
t=2023-06-02T16:09:00+0800 lvl=trce msg="Pooled new future transaction"          hash=0xad656ec248c497e908adf3209c01f7b3c9d9493e61f6f42d8494ded10865d02e from=0x3c286197C62C1A98d355AbEDd2c3915ECeBB8E5B to=0x0000000000000000000000000000000000000000
t=2023-06-02T16:09:00+0800 lvl=trce msg="Pooled new future transaction"          hash=0x2d8928afa06e47f87a3c97f2d989a06af8a48124c0343b3f8141055b20aac548 from=0x50D0b6Fb1C5EA22b2E581a6357ca4549E221557a to=0x0000000000000000000000000000000000000000
t=2023-06-02T16:09:00+0800 lvl=trce msg="Pooled new future transaction"          hash=0x0f7b559ba89b99905f3aeff499d97419eb0d954739781e6acfae58b1c7af7b84 from=0x12C1b183e22f2da6dC38724815E399489CC759F2 to=0x0000000000000000000000000000000000000000
t=2023-06-02T16:09:00+0800 lvl=trce msg="Pooled new future transaction"          hash=0xc6dc67daebab6a7fcc61705e269e75b9aa5d8cb1834194988bcb9ee80df4ed5d from=0x12C1b183e22f2da6dC38724815E399489CC759F2 to=0x0000000000000000000000000000000000000000
t=2023-06-02T16:09:00+0800 lvl=trce msg="Pooled new future transaction"          hash=0x64e898fbd7a5bfdd8a0005a56d05b59b607952014186c8fec218e9587be25c61 from=0x12C1b183e22f2da6dC38724815E399489CC759F2 to=0x0000000000000000000000000000000000000000
t=2023-06-02T16:09:00+0800 lvl=trce msg="Pooled new future transaction"          hash=0xa2a8782fb24eb94ac0e70b1d1a31702fdfa630886cc48b2cf7ada4f0a8542712 from=0x12C1b183e22f2da6dC38724815E399489CC759F2 to=0x0000000000000000000000000000000000000000
t=2023-06-02T16:09:00+0800 lvl=trce msg="Pooled new future transaction"          hash=0x2f5ac6c53a0dbc3c5113caeaa578c77ceb0b2d3440d5e7ddd5298a2574de4df1 from=0x12C1b183e22f2da6dC38724815E399489CC759F2 to=0x0000000000000000000000000000000000000000
t=2023-06-02T16:09:00+0800 lvl=trce msg="Pooled new future transaction"          hash=0x4f97e9acd65bb96d4c74016023049c9e0a3dd935f78ccf22ced15f7d6662a946 from=0x12C1b183e22f2da6dC38724815E399489CC759F2 to=0x0000000000000000000000000000000000000000
t=2023-06-02T16:09:00+0800 lvl=trce msg="Pooled new future transaction"          hash=0x8a9789cd289898489c811cab01321d72d0c31fb580c12c5b121d95fa71ccb694 from=0x12C1b183e22f2da6dC38724815E399489CC759F2 to=0x0000000000000000000000000000000000000000
t=2023-06-02T16:09:00+0800 lvl=dbug msg="Reinjecting stale transactions"         count=0
t=2023-06-02T16:09:00+0800 lvl=trce msg="Discarding freshly underpriced transaction" hash=0x2f867b624887be48883b11ed35925facb8321b270a760299fc4ef75fb5e976c1 gasTipCap=1  gasFeeCap=512
t=2023-06-02T16:09:00+0800 lvl=trce msg="Pooled new future transaction"          hash=0x0442031e68dd8a94720de168781b25d4d3f4d2465457d1b960292c3ab8224e50 from=0x09eb043e501e959bcb323DBd665F62A46302Eef0 to=0x0000000000000000000000000000000000000000
t=2023-06-02T16:09:00+0800 lvl=trce msg="Promoted queued transactions"           count=0
t=2023-06-02T16:09:00+0800 lvl=trce msg="Pooled new future transaction"          hash=0x1d57e7d9af168ba0b1ef1b506b57cc300adb7eafd5414961bd18b18eae27fdbb from=0x44a6Ae12C4A0457140A041408a8EcE9ed9f24602 to=0x0000000000000000000000000000000000000000
t=2023-06-02T16:09:00+0800 lvl=trce msg="Pooled new future transaction"          hash=0x5d34973a63d7fa7f25af8029c87c1868de5f8acd8722bd6c6347eec54ec5788b from=0xbf186BC9fa4975D227B3dC76067880ec67530CE9 to=0x0000000000000000000000000000000000000000
t=2023-06-02T16:09:00+0800 lvl=trce msg="Pooled new future transaction"          hash=0x5c48d0c5e815c3ff607b20f599078f594cb71f8018d4976a08eff996a7154d93 from=0x44a6Ae12C4A0457140A041408a8EcE9ed9f24602 to=0x0000000000000000000000000000000000000000
t=2023-06-02T16:09:00+0800 lvl=trce msg="Pooled new future transaction"          hash=0x640dfec7161ac8159e8d0dbfb31911fdb9c0989341d3d0bfafc785879ab96586 from=0x44a6Ae12C4A0457140A041408a8EcE9ed9f24602 to=0x0000000000000000000000000000000000000000
t=2023-06-02T16:09:00+0800 lvl=trce msg="Pooled new future transaction"          hash=0x6f82727eff6c751397a664b9cd2ecd731c5ab7e90a74cdd820b75d66b3531d67 from=0x581813186823315926cf1C74193fA09377a09456 to=0x0000000000000000000000000000000000000000
t=2023-06-02T16:09:00+0800 lvl=trce msg="Removed old queued transactions"        count=0
t=2023-06-02T16:09:00+0800 lvl=trce msg="Removed unpayable queued transactions"  count=0
t=2023-06-02T16:09:00+0800 lvl=trce msg="Promoted queued transactions"           count=1
t=2023-06-02T16:09:00+0800 lvl=trce msg="Pooled new future transaction"          hash=0xfc7aff27be7f60de32572aef34648e72731f2b3a0e64fae9b147c931cd275111 from=0x3c286197C62C1A98d355AbEDd2c3915ECeBB8E5B to=0x0000000000000000000000000000000000000000
t=2023-06-02T16:09:00+0800 lvl=trce msg="Pooled new future transaction"          hash=0xfe1d49368f99e9e091fb8f6933b17e44933213f80b6ddad58fbc0bf70fa1fe7d from=0x116119582f7387fA28Fc7D6f6de515384F543035 to=0x0000000000000000000000000000000000000000
t=2023-06-02T16:09:00+0800 lvl=trce msg="Pooled new future transaction"          hash=0x26290cf42823bd948da7dbe099b026511080ff787ec8c35671b08a6d3d28f014 from=0x7628e7c918DAaf4dfbF615023fDBcF72b8479bCe to=0x0000000000000000000000000000000000000000
t=2023-06-02T16:09:00+0800 lvl=trce msg="Pooled new future transaction"          hash=0x93ac8aee7c3718b47b93e9b88d9bf69471263a362a84490acbf161a8c1bf973d from=0xFa3BDC8D5458a2cFE93614054908869c0742Fdf3 to=0x0000000000000000000000000000000000000000
t=2023-06-02T16:09:00+0800 lvl=trce msg="Pooled new future transaction"          hash=0x66ec509a6017e8dfe0d756c63b742211a8e3b2e74a4b69b191ae2e590108f9f7 from=0x116119582f7387fA28Fc7D6f6de515384F543035 to=0x0000000000000000000000000000000000000000
t=2023-06-02T16:09:00+0800 lvl=trce msg="Pooled new future transaction"          hash=0x0a11684123aa556d4a56f2bbf440e914e1cc216f794a29aa89f8e9c4ce4b9022 from=0x3c286197C62C1A98d355AbEDd2c3915ECeBB8E5B to=0x0000000000000000000000000000000000000000
t=2023-06-02T16:09:00+0800 lvl=trce msg="Pooled new future transaction"          hash=0xd0f64d9965a2d62f23e54e95ac8fcd24e242f01fbc262f4f6c728ace0b1f607c from=0x3c286197C62C1A98d355AbEDd2c3915ECeBB8E5B to=0x0000000000000000000000000000000000000000
t=2023-06-02T16:09:00+0800 lvl=trce msg="Pooled new future transaction"          hash=0xe3a0f7b09732466c9245cd6ac67e50415ab482652368359851480204c0b71cfb from=0x12C1b183e22f2da6dC38724815E399489CC759F2 to=0x0000000000000000000000000000000000000000
t=2023-06-02T16:09:00+0800 lvl=trce msg="Pooled new future transaction"          hash=0xae12a55a320119e02e67841acc4d0786d753e712d0201d81003cb0bfd7acb322 from=0x3c286197C62C1A98d355AbEDd2c3915ECeBB8E5B to=0x0000000000000000000000000000000000000000
t=2023-06-02T16:09:00+0800 lvl=trce msg="Pooled new future transaction"          hash=0x21199d7d1073e8999b74209adc8293198b289e3bd400e53f25148235e4221b29 from=0x12C1b183e22f2da6dC38724815E399489CC759F2 to=0x0000000000000000000000000000000000000000
t=2023-06-02T16:09:00+0800 lvl=trce msg="Pooled new future transaction"          hash=0x5d2985d6c9af67ec3c1195cacda8868fd9fd2fad00f1e8c97ab75ada1aa76a50 from=0x50D0b6Fb1C5EA22b2E581a6357ca4549E221557a to=0x0000000000000000000000000000000000000000
t=2023-06-02T16:09:00+0800 lvl=trce msg="Pooled new future transaction"          hash=0x504ddcaa2e4f3618be7d944a3d4180eb5d27207802a6d35c953e5add8faea4ef from=0x12C1b183e22f2da6dC38724815E399489CC759F2 to=0x0000000000000000000000000000000000000000
t=2023-06-02T16:09:00+0800 lvl=trce msg="Pooled new future transaction"          hash=0x9a00f09490546f33ec8c43ebe4df2dfc96db0c7cb7eb1c79171b359b3f0b5864 from=0x12C1b183e22f2da6dC38724815E399489CC759F2 to=0x0000000000000000000000000000000000000000
t=2023-06-02T16:09:00+0800 lvl=dbug msg="Reinjecting stale transactions"         count=0
t=2023-06-02T16:09:00+0800 lvl=trce msg="Removed old queued transactions"        count=0
t=2023-06-02T16:09:00+0800 lvl=eror msg="Demoting invalidated transaction"       hash=0x6f82727eff6c751397a664b9cd2ecd731c5ab7e90a74cdd820b75d66b3531d67
t=2023-06-02T16:09:00+0800 lvl=trce msg="Pooled new future transaction"          hash=0xc51e45840bc6e47841ce06b8cd206b5a47f35baf96bf8c5642300d78cdd609f1 from=0x50D0b6Fb1C5EA22b2E581a6357ca4549E221557a to=0x0000000000000000000000000000000000000000
t=2023-06-02T16:09:00+0800 lvl=info msg="Transaction pool stopped"
--- PASS: TestTransactionNonceRecovery (0.00s)
=== CONT  TestTransactionAllowedTxSize
t=2023-06-02T16:09:00+0800 lvl=trce msg="Pooled new future transaction"          hash=0x79e7179a7a8ae40e82657da2e1884fee2afc6b535e39a1d81115c0b23500fb4c from=0x50D0b6Fb1C5EA22b2E581a6357ca4549E221557a to=0x0000000000000000000000000000000000000000
t=2023-06-02T16:09:00+0800 lvl=trce msg="Removed old queued transactions"        count=0
t=2023-06-02T16:09:00+0800 lvl=trce msg="Pooled new future transaction"          hash=0x38dabdd1af85c4b024960266a415c1f75b1066737d5668db1eaf5229c4537c0d from=0x50D0b6Fb1C5EA22b2E581a6357ca4549E221557a to=0x0000000000000000000000000000000000000000
t=2023-06-02T16:09:00+0800 lvl=trce msg="Removed unpayable queued transactions"  count=0
t=2023-06-02T16:09:00+0800 lvl=trce msg="Promoted queued transactions"           count=1
t=2023-06-02T16:09:00+0800 lvl=trce msg="Removed unpayable queued transactions"  count=0
t=2023-06-02T16:09:00+0800 lvl=trce msg="Promoted queued transactions"           count=1
t=2023-06-02T16:09:00+0800 lvl=trce msg="Pooled new future transaction"          hash=0x6cef12962aa031d81f90c33b28476998bef98c2ddad788e43150192ba11d92ca from=0x50D0b6Fb1C5EA22b2E581a6357ca4549E221557a to=0x0000000000000000000000000000000000000000
t=2023-06-02T16:09:00+0800 lvl=trce msg="Pooled new future transaction"          hash=0xbd582e576c8561082d9795911713f99dbe12b95f1f46ae85aa2a0337cd698f75 from=0x50D0b6Fb1C5EA22b2E581a6357ca4549E221557a to=0x0000000000000000000000000000000000000000
t=2023-06-02T16:09:00+0800 lvl=trce msg="Pooled new future transaction"          hash=0x93eff759c011cf9b213bf141736ac1b4cbeff0212b474e5e1a12134afdfcef9b from=0x3c286197C62C1A98d355AbEDd2c3915ECeBB8E5B to=0x0000000000000000000000000000000000000000
t=2023-06-02T16:09:00+0800 lvl=trce msg="Pooled new future transaction"          hash=0x36a3c025037719846a6f2ae2d2f57b971a1cab21cffbdf70bb5cede19c534cdc from=0x116119582f7387fA28Fc7D6f6de515384F543035 to=0x0000000000000000000000000000000000000000
t=2023-06-02T16:09:00+0800 lvl=trce msg="Pooled new future transaction"          hash=0x019474e438956854b6218de59625a71b3bdcde4bae1012aeaed8a86e382116e3 from=0x7628e7c918DAaf4dfbF615023fDBcF72b8479bCe to=0x0000000000000000000000000000000000000000
t=2023-06-02T16:09:00+0800 lvl=trce msg="Removed old queued transactions"        count=0
t=2023-06-02T16:09:00+0800 lvl=trce msg="Removed unpayable queued transactions"  count=0
t=2023-06-02T16:09:00+0800 lvl=trce msg="Discarding freshly underpriced transaction" hash=0x4ab53f17be6d263fad14d0177612f4db82a3484dabd885df61e00e1b788762d3 gasTipCap=1  gasFeeCap=513
t=2023-06-02T16:09:00+0800 lvl=trce msg="Promoted queued transactions"           count=0
t=2023-06-02T16:09:00+0800 lvl=trce msg="Pooled new future transaction"          hash=0x303b434e5437ce56883f41bb39f90845cda4e0a326014af79b55f0dd3c232783 from=0x12C1b183e22f2da6dC38724815E399489CC759F2 to=0x0000000000000000000000000000000000000000
t=2023-06-02T16:09:00+0800 lvl=trce msg="Pooled new future transaction"          hash=0x459c01b250d7c2804f1b5b3525a21e57b81d73340665b92a7921e1829c76814c from=0x54006A6C6aeaad995ed64506a4F54E11a6B022F0 to=0x0000000000000000000000000000000000000000
t=2023-06-02T16:09:00+0800 lvl=trce msg="Removed old queued transactions"        count=0
t=2023-06-02T16:09:00+0800 lvl=trce msg="Removed unpayable queued transactions"  count=0
t=2023-06-02T16:09:00+0800 lvl=trce msg="Pooled new future transaction"          hash=0xb0d611503c05b47b470383ad187451276a5b098875d9351f9d4648085c8d3073 from=0xBEc7e084Bfa8250123FbFc47b1f0587d67E3dad0 to=0x0000000000000000000000000000000000000000
t=2023-06-02T16:09:00+0800 lvl=trce msg="Pooled new future transaction"          hash=0x24863a7e0fc6ac145025e6af641347627037321905be91b66586f463d74b2706 from=0xbf186BC9fa4975D227B3dC76067880ec67530CE9 to=0x0000000000000000000000000000000000000000
t=2023-06-02T16:09:00+0800 lvl=trce msg="Pooled new future transaction"          hash=0x6cbbe3488719c03fc6bd3c7af458292ae1f9d2e2a66945967e34a9f6604e784f from=0xBEc7e084Bfa8250123FbFc47b1f0587d67E3dad0 to=0x0000000000000000000000000000000000000000
t=2023-06-02T16:09:00+0800 lvl=dbug msg="Reinjecting stale transactions"         count=0
t=2023-06-02T16:09:00+0800 lvl=trce msg="Pooled new future transaction"          hash=0x1ead999b05230a7bb4836c27fd9958a0a53416c703d1d09e547c6c30d89898a8 from=0xFa3BDC8D5458a2cFE93614054908869c0742Fdf3 to=0x0000000000000000000000000000000000000000
t=2023-06-02T16:09:00+0800 lvl=trce msg="Pooled new future transaction"          hash=0xf6448e5f71f2c4f107b0de589efea922407820e8271f3ede362ba401f39a29d1 from=0x3c286197C62C1A98d355AbEDd2c3915ECeBB8E5B to=0x0000000000000000000000000000000000000000
t=2023-06-02T16:09:00+0800 lvl=trce msg="Pooled new future transaction"          hash=0xe013bf1ede7cc77fc52c6fb939670d5e25e212600464779400be80dd5fc49507 from=0x66e0851F1a162869024b4C9f6b1C4Fc5cb4832F1 to=0x0000000000000000000000000000000000000000
t=2023-06-02T16:09:00+0800 lvl=trce msg="Pooled new future transaction"          hash=0xc6e0c46ff3e9b7ccfc0f3919b6df4d9ae240db60e21b4852cb52f53c8c54b543 from=0xFa3BDC8D5458a2cFE93614054908869c0742Fdf3 to=0x0000000000000000000000000000000000000000
t=2023-06-02T16:09:00+0800 lvl=trce msg="Pooled new future transaction"          hash=0x09375224a0d43913438b7467d7a9856f48d9ec82349919efc5a48d81e16eb677 from=0xFa3BDC8D5458a2cFE93614054908869c0742Fdf3 to=0x0000000000000000000000000000000000000000
t=2023-06-02T16:09:00+0800 lvl=trce msg="Pooled new future transaction"          hash=0xf11dbf62cad90bb92d6b32a5b18731ea7fb7532b8b928f2b7f7807397f628fe1 from=0x3c286197C62C1A98d355AbEDd2c3915ECeBB8E5B to=0x0000000000000000000000000000000000000000
t=2023-06-02T16:09:00+0800 lvl=trce msg="Pooled new future transaction"          hash=0x95584ebef32e495e122bce4a192eb99ca3024902802dca5cc009fd9e174e1aab from=0x3c286197C62C1A98d355AbEDd2c3915ECeBB8E5B to=0x0000000000000000000000000000000000000000
t=2023-06-02T16:09:00+0800 lvl=trce msg="Promoted queued transactions"           count=1
t=2023-06-02T16:09:00+0800 lvl=trce msg="Pooled new future transaction"          hash=0x234770b3494f9afa10eefd1f6726e9fd8078faa2357ef6403598cd3d8d97237d from=0x44a6Ae12C4A0457140A041408a8EcE9ed9f24602 to=0x0000000000000000000000000000000000000000
t=2023-06-02T16:09:00+0800 lvl=trce msg="Pooled new future transaction"          hash=0x76cb40635e601657f1920654cf7a632604152d5d9298f93e6be9c1be353e825b from=0x9BF12759c287b70FeE459c3F50e0b44808E87a35 to=0x0000000000000000000000000000000000000000
t=2023-06-02T16:09:00+0800 lvl=trce msg="Pooled new future transaction"          hash=0x94865190299b458c412d932f2019586d7fd4ac46a24af397f53b4ecbb138716a from=0x44a6Ae12C4A0457140A041408a8EcE9ed9f24602 to=0x0000000000000000000000000000000000000000
t=2023-06-02T16:09:00+0800 lvl=trce msg="Pooled new future transaction"          hash=0x6c411246375e79ec1d88bd8609a88f852d8ed5e2bf796e5f223cee8194ce66ec from=0x12C1b183e22f2da6dC38724815E399489CC759F2 to=0x0000000000000000000000000000000000000000
t=2023-06-02T16:09:00+0800 lvl=trce msg="Pooled new future transaction"          hash=0x97692b614ecfc56cc6697fbfb98c6564847726da8a8ed397be3491d81d2a80c9 from=0x12C1b183e22f2da6dC38724815E399489CC759F2 to=0x0000000000000000000000000000000000000000
t=2023-06-02T16:09:00+0800 lvl=trce msg="Pooled new future transaction"          hash=0x8d076c8c6114dd2cf0bf60f577262887e6b0639283420ee36fe268e41734ba66 from=0x12C1b183e22f2da6dC38724815E399489CC759F2 to=0x0000000000000000000000000000000000000000
t=2023-06-02T16:09:00+0800 lvl=trce msg="Pooled new future transaction"          hash=0xc09cbae413ea9cc4c880080aa9011d22a06b4ccd50a30d9d3a819b5a67181298 from=0x12C1b183e22f2da6dC38724815E399489CC759F2 to=0x0000000000000000000000000000000000000000
t=2023-06-02T16:09:00+0800 lvl=trce msg="Pooled new future transaction"          hash=0xcc45a8488ecb0d591be1ac4681b64052991710f810e3aa25e5672483cdcad9c1 from=0x12C1b183e22f2da6dC38724815E399489CC759F2 to=0x0000000000000000000000000000000000000000
t=2023-06-02T16:09:00+0800 lvl=trce msg="Pooled new future transaction"          hash=0xb76eb66a3822ee3c82eb3b09e1802266d0d16671fbb7bff4d8a1235c697799c4 from=0x12C1b183e22f2da6dC38724815E399489CC759F2 to=0x0000000000000000000000000000000000000000
t=2023-06-02T16:09:00+0800 lvl=trce msg="Pooled new future transaction"          hash=0x1691974a2606423b21e13ef4e44d2f5636a8bfbd9f270f11191f7ba13dbe08a7 from=0x12C1b183e22f2da6dC38724815E399489CC759F2 to=0x0000000000000000000000000000000000000000
t=2023-06-02T16:09:00+0800 lvl=trce msg="Discarding freshly underpriced transaction" hash=0xe2ed9d4ce6def58a0021bd7fa411681bb92c484d6b5bc822355681b36eefec04 gasTipCap=1  gasFeeCap=514
t=2023-06-02T16:09:00+0800 lvl=trce msg="Pooled new future transaction"          hash=0x5bf6d1fe28bed2ec9573f6787ea97418ac5929b709132d56c636ab69a3af5d45 from=0x12C1b183e22f2da6dC38724815E399489CC759F2 to=0x0000000000000000000000000000000000000000
t=2023-06-02T16:09:00+0800 lvl=trce msg="Pooled new future transaction"          hash=0x717c9f096de3b53d1aa7704fa9eb3d9d0eccc0390ed48fe068b71d8134ac8ed0 from=0x12C1b183e22f2da6dC38724815E399489CC759F2 to=0x0000000000000000000000000000000000000000
t=2023-06-02T16:09:00+0800 lvl=trce msg="Pooled new future transaction"          hash=0x33b183585b626f261b99fc2308be18a6dda78567bb237a466ed76cbe5a1d44cb from=0x12C1b183e22f2da6dC38724815E399489CC759F2 to=0x0000000000000000000000000000000000000000
t=2023-06-02T16:09:00+0800 lvl=trce msg="Pooled new future transaction"          hash=0xd56eee2bb087b0a0e644ff1ce7a0aa288e7386f90fe9ce20296098db04575c7d from=0x12C1b183e22f2da6dC38724815E399489CC759F2 to=0x0000000000000000000000000000000000000000
t=2023-06-02T16:09:00+0800 lvl=trce msg="Pooled new future transaction"          hash=0xd4cbdc1e2c7eb5b5abe839112c09d49b2b4085cbc7c4398b8e6574c0e6efe020 from=0x12C1b183e22f2da6dC38724815E399489CC759F2 to=0x0000000000000000000000000000000000000000
t=2023-06-02T16:09:00+0800 lvl=trce msg="Removed old queued transactions"        count=0
t=2023-06-02T16:09:00+0800 lvl=trce msg="Removed unpayable queued transactions"  count=0
t=2023-06-02T16:09:00+0800 lvl=trce msg="Pooled new future transaction"          hash=0x195ec402ebf811302f1ee743426075edc6e6dc1485a2d51a4901226e86801d25 from=0x92d81abc99f38e2F0a44233095b87F031cd286C2 to=0x0000000000000000000000000000000000000000
t=2023-06-02T16:09:00+0800 lvl=trce msg="Removed old queued transactions"        count=0
t=2023-06-02T16:09:00+0800 lvl=trce msg="Removed unpayable queued transactions"  count=0
t=2023-06-02T16:09:00+0800 lvl=trce msg="Promoted queued transactions"           count=1
t=2023-06-02T16:09:00+0800 lvl=trce msg="Pooled new future transaction"          hash=0xe6051e8ea6789a023785863aaa5297cd9008057eacc44ab140f595270db019cd from=0xbf186BC9fa4975D227B3dC76067880ec67530CE9 to=0x0000000000000000000000000000000000000000
t=2023-06-02T16:09:00+0800 lvl=trce msg="Pooled new future transaction"          hash=0x64f2ac73fe6b6d4d17a6e365cee1c514b7bab86fc271e9f1b8909e90ba40260c from=0x44a6Ae12C4A0457140A041408a8EcE9ed9f24602 to=0x0000000000000000000000000000000000000000
t=2023-06-02T16:09:00+0800 lvl=trce msg="Pooled new future transaction"          hash=0x9bdde96a7700a9361c42693ec7e371d74493275e0cd161a4561cf698b032ca71 from=0x44a6Ae12C4A0457140A041408a8EcE9ed9f24602 to=0x0000000000000000000000000000000000000000
t=2023-06-02T16:09:00+0800 lvl=trce msg="Pooled new future transaction"          hash=0x23944f610d0d4dd6e0fa9034f1bf32c5c09b15eae2e24b213a546167c213ff81 from=0x116119582f7387fA28Fc7D6f6de515384F543035 to=0x0000000000000000000000000000000000000000
t=2023-06-02T16:09:00+0800 lvl=trce msg="Pooled new future transaction"          hash=0xc403ee685b2361dfa3144534ba31c6f69f62b29533e733154d255303dba90a2b from=0xbf186BC9fa4975D227B3dC76067880ec67530CE9 to=0x0000000000000000000000000000000000000000
t=2023-06-02T16:09:00+0800 lvl=trce msg="Pooled new future transaction"          hash=0x3a266fc02e02257fb9de3be4c3a083452005946aee38703415cddc43ce6a568c from=0x44a6Ae12C4A0457140A041408a8EcE9ed9f24602 to=0x0000000000000000000000000000000000000000
t=2023-06-02T16:09:00+0800 lvl=trce msg="Pooled new future transaction"          hash=0x6cf43de03cb73bcffa2b69fd94ca966ab14ca9e5b75ca0514fa991446573b6d0 from=0x9BF12759c287b70FeE459c3F50e0b44808E87a35 to=0x0000000000000000000000000000000000000000
t=2023-06-02T16:09:00+0800 lvl=trce msg="Pooled new future transaction"          hash=0x473bac78baec4e777ad3c8b99d2c39ef8892354c0f647feabe687854c20e92fe from=0x9BF12759c287b70FeE459c3F50e0b44808E87a35 to=0x0000000000000000000000000000000000000000
t=2023-06-02T16:09:00+0800 lvl=trce msg="Pooled new future transaction"          hash=0x80913b0f4bfb8c90db3576b0116a2fd071fcad2cf31384fa05b8150d91dacc2b from=0x50D0b6Fb1C5EA22b2E581a6357ca4549E221557a to=0x0000000000000000000000000000000000000000
t=2023-06-02T16:09:00+0800 lvl=trce msg="Pooled new future transaction"          hash=0x0e94d34574c029a5d4ca919bfc330d4d92d5f78c20c980e9da27bf0df781e4f6 from=0x50D0b6Fb1C5EA22b2E581a6357ca4549E221557a to=0x0000000000000000000000000000000000000000
t=2023-06-02T16:09:00+0800 lvl=trce msg="Discarding freshly underpriced transaction" hash=0x3b3913f334ef527c224e2a84d43fbf2df34870ce1be0951f504530c53eeff873 gasTipCap=1  gasFeeCap=515
t=2023-06-02T16:09:00+0800 lvl=trce msg="Pooled new future transaction"          hash=0xb6467e86c93431d9ca777d8f8baaffc14c461f0d3c36a2da6b607fd92676e141 from=0xB0e9Cf78E2B278D6beaf7871541FF6Edd50d3345 to=0x0000000000000000000000000000000000000000
t=2023-06-02T16:09:00+0800 lvl=trce msg="Removed old queued transactions"        count=0
t=2023-06-02T16:09:00+0800 lvl=trce msg="Removed unpayable queued transactions"  count=0
t=2023-06-02T16:09:00+0800 lvl=trce msg="Promoted queued transactions"           count=1
t=2023-06-02T16:09:00+0800 lvl=trce msg="Pooled new future transaction"          hash=0x676d70d8aa5014ab4f871da187b28305e55a6b90a00b12039677e48c8fb93a08 from=0x3c286197C62C1A98d355AbEDd2c3915ECeBB8E5B to=0x0000000000000000000000000000000000000000
t=2023-06-02T16:09:00+0800 lvl=trce msg="Pooled new future transaction"          hash=0x57f43b7534afb2c9a0624fdc86b600913dd535ab6ecc465ccbf5de8037279a1b from=0x50D0b6Fb1C5EA22b2E581a6357ca4549E221557a to=0x0000000000000000000000000000000000000000
t=2023-06-02T16:09:00+0800 lvl=trce msg="Pooled new future transaction"          hash=0x22f590520d3af7ef4ab4d68096341f75168abca13bb5c25aa9958af2739ad9c7 from=0x50D0b6Fb1C5EA22b2E581a6357ca4549E221557a to=0x0000000000000000000000000000000000000000
t=2023-06-02T16:09:00+0800 lvl=trce msg="Pooled new future transaction"          hash=0x1e2b3c388f5499c6e95ed187ce68e8e79ea2b7ac1da0135bce668ee60198ee8d from=0x3c286197C62C1A98d355AbEDd2c3915ECeBB8E5B to=0x0000000000000000000000000000000000000000
t=2023-06-02T16:09:00+0800 lvl=trce msg="Pooled new future transaction"          hash=0x355847e216d3e5dc9d5c3ba3010763fab5ea44acc1fa9480407343fbaf712849 from=0x12C1b183e22f2da6dC38724815E399489CC759F2 to=0x0000000000000000000000000000000000000000
t=2023-06-02T16:09:00+0800 lvl=trce msg="Pooled new future transaction"          hash=0x0346a87c002c69ab99c13fa85ef19ba5a98370da081d278548693ce06bed6ffc from=0xDd85A3DACf0B5699B8cbCF0888d74f484d9005FF to=0x0000000000000000000000000000000000000000
t=2023-06-02T16:09:00+0800 lvl=trce msg="Removed old queued transactions"        count=0
t=2023-06-02T16:09:00+0800 lvl=trce msg="Pooled new future transaction"          hash=0x6b4b4823a94d2c8dc18ff6f8975601c38cf4dc9163d65c72fd8a557d967dc500 from=0x12C1b183e22f2da6dC38724815E399489CC759F2 to=0x0000000000000000000000000000000000000000
t=2023-06-02T16:09:00+0800 lvl=trce msg="Pooled new future transaction"          hash=0x7d65f369bdfb0450a81617ade032cd95ea387f5b4c04423250f15043cd0e8362 from=0x12C1b183e22f2da6dC38724815E399489CC759F2 to=0x0000000000000000000000000000000000000000
t=2023-06-02T16:09:00+0800 lvl=trce msg="Pooled new future transaction"          hash=0x809a50af5ede7722897fadeb98f2dccddb667cd2b1aa709ed782d90be64d63f4 from=0xbf186BC9fa4975D227B3dC76067880ec67530CE9 to=0x0000000000000000000000000000000000000000
t=2023-06-02T16:09:00+0800 lvl=trce msg="Discarding freshly underpriced transaction" hash=0xf3718811478e4a4289afe0ebdefd0be080d61162b05764f440454687f56234bb gasTipCap=5  gasFeeCap=305
t=2023-06-02T16:09:00+0800 lvl=trce msg="Pooled new future transaction"          hash=0x2122b4b902906b075f71e7fab1bcf4c23dd519b994e2e388b2aed3ffb9c759a8 from=0xE43B373DF6D54046CEDFf8Dc518b29bcD45a7FEB to=0x0000000000000000000000000000000000000000
t=2023-06-02T16:09:00+0800 lvl=trce msg="Removed old queued transactions"        count=0
t=2023-06-02T16:09:00+0800 lvl=trce msg="Removed unpayable queued transactions"  count=0
t=2023-06-02T16:09:00+0800 lvl=trce msg="Removed unpayable queued transactions"  count=0
t=2023-06-02T16:09:00+0800 lvl=trce msg="Promoted queued transactions"           count=1
t=2023-06-02T16:09:00+0800 lvl=trce msg="Pooled new future transaction"          hash=0x37c55147658a78feaec72dde56690b05170e3efdd0461ba21370e8b87adfd536 from=0xbf186BC9fa4975D227B3dC76067880ec67530CE9 to=0x0000000000000000000000000000000000000000
t=2023-06-02T16:09:00+0800 lvl=trce msg="Pooled new future transaction"          hash=0xe2d9fa93117dc99b545e94ecd6f423d5f21a3c795dec9d8d553f937512967aa6 from=0x44a6Ae12C4A0457140A041408a8EcE9ed9f24602 to=0x0000000000000000000000000000000000000000
t=2023-06-02T16:09:00+0800 lvl=trce msg="Pooled new future transaction"          hash=0x78c42ddaf8a5c83c6bcdf7c98fee3e26f935832cf6c7679152c73bb4ab49e18a from=0xBEc7e084Bfa8250123FbFc47b1f0587d67E3dad0 to=0x0000000000000000000000000000000000000000
t=2023-06-02T16:09:00+0800 lvl=trce msg="Pooled new future transaction"          hash=0x5681ecfb18fe10692ebd182daad0cafd9f166157fcd2ac6fe95053d49411f498 from=0x9BF12759c287b70FeE459c3F50e0b44808E87a35 to=0x0000000000000000000000000000000000000000
t=2023-06-02T16:09:00+0800 lvl=trce msg="Promoted queued transactions"           count=1
t=2023-06-02T16:09:00+0800 lvl=trce msg="Pooled new future transaction"          hash=0x6856460ab70d0fbe5b3b4518bca4fc17bfe71c65e901da1a6e30364c754db766 from=0x3c286197C62C1A98d355AbEDd2c3915ECeBB8E5B to=0x0000000000000000000000000000000000000000
t=2023-06-02T16:09:00+0800 lvl=trce msg="Pooled new future transaction"          hash=0xa37b8457d600d6eea5f9dc94b06dfa30f39aed4ca93bd4cc1b568799dc76243a from=0x3c286197C62C1A98d355AbEDd2c3915ECeBB8E5B to=0x0000000000000000000000000000000000000000
t=2023-06-02T16:09:00+0800 lvl=trce msg="Pooled new future transaction"          hash=0x9140523e5396e5d354eb6d86a86568e080bc6a1518f5f29f16b6112a5a4574d3 from=0x116119582f7387fA28Fc7D6f6de515384F543035 to=0x0000000000000000000000000000000000000000
t=2023-06-02T16:09:00+0800 lvl=trce msg="Pooled new future transaction"          hash=0x564adff35eeb42a9aca0b03f99d6f478f410ebfa8c8b6e94465bb512469335bb from=0x50D0b6Fb1C5EA22b2E581a6357ca4549E221557a to=0x0000000000000000000000000000000000000000
t=2023-06-02T16:09:00+0800 lvl=trce msg="Pooled new future transaction"          hash=0x9d2ee0e57dec60580d47250c4a8e32d431656a86a94f0ea191972cf3ad2a4f6c from=0x116119582f7387fA28Fc7D6f6de515384F543035 to=0x0000000000000000000000000000000000000000
t=2023-06-02T16:09:00+0800 lvl=trce msg="Pooled new future transaction"          hash=0x0415b05a107d01d59ef8f5b7390c120eb333dc72da7e62a8c37ddb4b502018a8 from=0x116119582f7387fA28Fc7D6f6de515384F543035 to=0x0000000000000000000000000000000000000000
t=2023-06-02T16:09:00+0800 lvl=trce msg="Pooled new future transaction"          hash=0x855032dd0b32946f8a08ade3475a544cd81076601cae126d4c93c4da33a0e2be from=0x50D0b6Fb1C5EA22b2E581a6357ca4549E221557a to=0x0000000000000000000000000000000000000000
t=2023-06-02T16:09:00+0800 lvl=trce msg="Pooled new future transaction"          hash=0x13e8cc85e5b16900bd6d394f1286692adec6889f111204589c042248aba37588 from=0x66e0851F1a162869024b4C9f6b1C4Fc5cb4832F1 to=0x0000000000000000000000000000000000000000
t=2023-06-02T16:09:00+0800 lvl=trce msg="Removed old queued transactions"        count=0
t=2023-06-02T16:09:00+0800 lvl=trce msg="Removed unpayable queued transactions"  count=0
t=2023-06-02T16:09:00+0800 lvl=trce msg="Promoted queued transactions"           count=0
t=2023-06-02T16:09:00+0800 lvl=trce msg="Pooled new future transaction"          hash=0x8cce7d83e5b418b5286c71a96947b8eac967ceaadc464224b6ab4a8e5beb4059 from=0x12C1b183e22f2da6dC38724815E399489CC759F2 to=0x0000000000000000000000000000000000000000
t=2023-06-02T16:09:00+0800 lvl=trce msg="Pooled new future transaction"          hash=0x7faeec2dfe26bf249a2280919ea4906e1e5e712e9c4199485570599b01966c7b from=0x12C1b183e22f2da6dC38724815E399489CC759F2 to=0x0000000000000000000000000000000000000000
t=2023-06-02T16:09:00+0800 lvl=trce msg="Pooled new future transaction"          hash=0x39162ea765adb85510b2b7ca485ff84122cc46dbd737c88b8874b17d5df28d8f from=0x7628e7c918DAaf4dfbF615023fDBcF72b8479bCe to=0x0000000000000000000000000000000000000000
t=2023-06-02T16:09:00+0800 lvl=trce msg="Removed old queued transactions"        count=0
t=2023-06-02T16:09:00+0800 lvl=trce msg="Removed unpayable queued transactions"  count=0
t=2023-06-02T16:09:00+0800 lvl=trce msg="Promoted queued transactions"           count=1
t=2023-06-02T16:09:00+0800 lvl=trce msg="Pooled new future transaction"          hash=0xd9d24629b98c7c08d50ae35ea93f7f473abc11bfd6cd601c3e5aa3c0356a1eb2 from=0x12C1b183e22f2da6dC38724815E399489CC759F2 to=0x0000000000000000000000000000000000000000
t=2023-06-02T16:09:00+0800 lvl=trce msg="Pooled new future transaction"          hash=0xc3c7b9babc6285cc8cee049d82db1fa319610bae7d97cfbca5c65da001fbd1f8 from=0x12C1b183e22f2da6dC38724815E399489CC759F2 to=0x0000000000000000000000000000000000000000
t=2023-06-02T16:09:00+0800 lvl=trce msg="Pooled new future transaction"          hash=0xd6b68d055ae3df5dea1e145e828d909fc23228c1bd24b2d570dc724dba7f1647 from=0x12C1b183e22f2da6dC38724815E399489CC759F2 to=0x0000000000000000000000000000000000000000
t=2023-06-02T16:09:00+0800 lvl=trce msg="Pooled new future transaction"          hash=0x59d79a16b500f51ec026f66286e79f1eb3080e517b8f18e654a614276f4e3097 from=0x12C1b183e22f2da6dC38724815E399489CC759F2 to=0x0000000000000000000000000000000000000000
t=2023-06-02T16:09:00+0800 lvl=trce msg="Pooled new future transaction"          hash=0x2681c05ad71c52b980b7f35f5170f6070a05eb6ef62d39de5c96093858d498a9 from=0x12C1b183e22f2da6dC38724815E399489CC759F2 to=0x0000000000000000000000000000000000000000
t=2023-06-02T16:09:00+0800 lvl=trce msg="Pooled new future transaction"          hash=0x5263f919e1a5fdc21231c0ec4ab041e8a3ed43702b73a73ed04196815acb0dd4 from=0x12C1b183e22f2da6dC38724815E399489CC759F2 to=0x0000000000000000000000000000000000000000
t=2023-06-02T16:09:00+0800 lvl=trce msg="Pooled new future transaction"          hash=0x3fca666e7fe3a5e1863abe0dad116d72fa83a75743aeb162beebf489bdf5657c from=0xFa3BDC8D5458a2cFE93614054908869c0742Fdf3 to=0x0000000000000000000000000000000000000000
t=2023-06-02T16:09:00+0800 lvl=trce msg="Pooled new future transaction"          hash=0x860882ff009d41de15634159ba89daaa5d3967e2211446c2f77cc1b433d459bf from=0x116119582f7387fA28Fc7D6f6de515384F543035 to=0x0000000000000000000000000000000000000000
t=2023-06-02T16:09:00+0800 lvl=trce msg="Pooled new future transaction"          hash=0x8b4912ae702be8f281dd5142a0ccd10aeb23d64c0a0de85c861e965bc42a77d2 from=0x3c286197C62C1A98d355AbEDd2c3915ECeBB8E5B to=0x0000000000000000000000000000000000000000
t=2023-06-02T16:09:00+0800 lvl=trce msg="Pooled new future transaction"          hash=0x1e6cb7a7eca8b8c24119aae40d6fe0044832689f05b1207167fd6956d249f1dc from=0xFa3BDC8D5458a2cFE93614054908869c0742Fdf3 to=0x0000000000000000000000000000000000000000
t=2023-06-02T16:09:00+0800 lvl=trce msg="Pooled new future transaction"          hash=0x595a0ca304ace7dfc8e3130acc0e24a4a24eb19cc84044b5127875d72f84abe4 from=0xFa3BDC8D5458a2cFE93614054908869c0742Fdf3 to=0x0000000000000000000000000000000000000000
t=2023-06-02T16:09:00+0800 lvl=trce msg="Pooled new future transaction"          hash=0x55ca005afa28984f92226fd001f783721d7fc09c127e34990df4b6d837c1413a from=0x50D0b6Fb1C5EA22b2E581a6357ca4549E221557a to=0x0000000000000000000000000000000000000000
t=2023-06-02T16:09:00+0800 lvl=trce msg="Pooled new future transaction"          hash=0x74c26218cd2086124ecec0e761616250bb86004290552a4ff679491fcc1cd73d from=0xFa3BDC8D5458a2cFE93614054908869c0742Fdf3 to=0x0000000000000000000000000000000000000000
t=2023-06-02T16:09:00+0800 lvl=trce msg="Pooled new future transaction"          hash=0x133fb9c74fbe59dceca2ecd61971d5a55e9567ed44fc560ec5efcc10f325fadc from=0x7628e7c918DAaf4dfbF615023fDBcF72b8479bCe to=0x0000000000000000000000000000000000000000
t=2023-06-02T16:09:00+0800 lvl=trce msg="Removed old queued transactions"        count=0
t=2023-06-02T16:09:00+0800 lvl=trce msg="Promoted queued transactions"           count=1
t=2023-06-02T16:09:00+0800 lvl=trce msg="Pooled new future transaction"          hash=0x113e815d148341ccd310c6145fee5a4cccc71addcbc58bd4142748afdc817254 from=0x116119582f7387fA28Fc7D6f6de515384F543035 to=0x0000000000000000000000000000000000000000
t=2023-06-02T16:09:00+0800 lvl=trce msg="Pooled new future transaction"          hash=0x96cb5aba401303b13322f9e701793aa351627b4089cf6c88b2082e2d6cac815d from=0x116119582f7387fA28Fc7D6f6de515384F543035 to=0x0000000000000000000000000000000000000000
t=2023-06-02T16:09:00+0800 lvl=trce msg="Pooled new future transaction"          hash=0xc48c116300c9026b9a1db7f62c267f92382fd5df29f28ef0ea38c8e499fe4745 from=0x116119582f7387fA28Fc7D6f6de515384F543035 to=0x0000000000000000000000000000000000000000
t=2023-06-02T16:09:00+0800 lvl=trce msg="Pooled new future transaction"          hash=0xd76b89bc2ba825cae25cac06fc23db786a22bdb9162ca223d69bcfbbe83e77ae from=0x44a6Ae12C4A0457140A041408a8EcE9ed9f24602 to=0x0000000000000000000000000000000000000000
t=2023-06-02T16:09:00+0800 lvl=trce msg="Pooled new future transaction"          hash=0x5f71e38d991fd5361a1b6dd3c961dba5501bde859480a91d853744a381d7bfe8 from=0x12C1b183e22f2da6dC38724815E399489CC759F2 to=0x0000000000000000000000000000000000000000
t=2023-06-02T16:09:00+0800 lvl=trce msg="Pooled new future transaction"          hash=0xb3f5e2fdd9abbd3277d5c746e6d9334d3373908394ab78b5739d828322321411 from=0x50D0b6Fb1C5EA22b2E581a6357ca4549E221557a to=0x0000000000000000000000000000000000000000
t=2023-06-02T16:09:00+0800 lvl=trce msg="Pooled new future transaction"          hash=0xdff1fd70c19a1a2adc33350af308f9d92022803fe12fd0e2d11083bb7f7ae2b5 from=0xbf186BC9fa4975D227B3dC76067880ec67530CE9 to=0x0000000000000000000000000000000000000000
t=2023-06-02T16:09:00+0800 lvl=trce msg="Pooled new future transaction"          hash=0xb7ca14961995a8eb1de7d4aa09cb81b02142a9407159700560ac17fe96195464 from=0x44a6Ae12C4A0457140A041408a8EcE9ed9f24602 to=0x0000000000000000000000000000000000000000
t=2023-06-02T16:09:00+0800 lvl=trce msg="Discarding freshly underpriced transaction" hash=0xbcab12d9018f6d398fe4bf3f60321d6d4ccfb42b083e06aa52c205ab06abc211 gasTipCap=6  gasFeeCap=306
t=2023-06-02T16:09:00+0800 lvl=trce msg="Pooled new future transaction"          hash=0x78b1334feea97c3f3d650fad8fdd39d105d242c3addd0670898d1a2fbbb0fe92 from=0xbf186BC9fa4975D227B3dC76067880ec67530CE9 to=0x0000000000000000000000000000000000000000
t=2023-06-02T16:09:00+0800 lvl=trce msg="Pooled new future transaction"          hash=0x7fa77d304ca51eaa6509c299ed96177db0e895e94128fea358f7e18ca3157d13 from=0x2f2a4719223DB80Ce4b569Ac7F950bE57dea2494 to=0x0000000000000000000000000000000000000000
t=2023-06-02T16:09:00+0800 lvl=trce msg="Pooled new future transaction"          hash=0xc0435613da4e819f8dd3b8df7f3aa0b5be8381a7e2567cd3d2dd75ab6da71acc from=0xbf186BC9fa4975D227B3dC76067880ec67530CE9 to=0x0000000000000000000000000000000000000000
t=2023-06-02T16:09:00+0800 lvl=trce msg="Pooled new future transaction"          hash=0xa0f1eab05ccb731839485cd5e3a411192427b9aa817b96540d37b5333d2e8fe1 from=0xDd85A3DACf0B5699B8cbCF0888d74f484d9005FF to=0x0000000000000000000000000000000000000000
t=2023-06-02T16:09:00+0800 lvl=trce msg="Removed old queued transactions"        count=0
t=2023-06-02T16:09:00+0800 lvl=trce msg="Removed unpayable queued transactions"  count=0
t=2023-06-02T16:09:00+0800 lvl=trce msg="Promoted queued transactions"           count=1
t=2023-06-02T16:09:00+0800 lvl=trce msg="Pooled new future transaction"          hash=0x0eddd328652057e796ee5d81844018f7e3ca6612a5f4a54e04757f534d420c04 from=0x116119582f7387fA28Fc7D6f6de515384F543035 to=0x0000000000000000000000000000000000000000
t=2023-06-02T16:09:00+0800 lvl=trce msg="Pooled new future transaction"          hash=0x63b0a45b1e3291be52daa5c7e7e8afa8105ad07c98c2418f43d71d59ca348b52 from=0x116119582f7387fA28Fc7D6f6de515384F543035 to=0x0000000000000000000000000000000000000000
t=2023-06-02T16:09:00+0800 lvl=trce msg="Pooled new future transaction"          hash=0x98ed4fb2c7c722f3216e7fdd2ca2ef70372820a4312a4c8ab7e6e95a1624c89d from=0x3c286197C62C1A98d355AbEDd2c3915ECeBB8E5B to=0x0000000000000000000000000000000000000000
t=2023-06-02T16:09:00+0800 lvl=trce msg="Pooled new future transaction"          hash=0x7d586a87d544bec270b969ba3410998de59555ae491fb826c7b06a3764c40133 from=0x116119582f7387fA28Fc7D6f6de515384F543035 to=0x0000000000000000000000000000000000000000
t=2023-06-02T16:09:00+0800 lvl=trce msg="Removed old queued transactions"        count=0
t=2023-06-02T16:09:00+0800 lvl=trce msg="Removed unpayable queued transactions"  count=0
t=2023-06-02T16:09:00+0800 lvl=trce msg="Pooled new future transaction"          hash=0x75bd52cbd65802219f37ea372fa3003d6007ab5c536f965d69e2e9b6b70b1650 from=0x12C1b183e22f2da6dC38724815E399489CC759F2 to=0x0000000000000000000000000000000000000000
t=2023-06-02T16:09:00+0800 lvl=trce msg="Pooled new future transaction"          hash=0x68e8f5647ddc250d0131c156200677af9f92924823941d1351eeb593b7a8d4ac from=0x12C1b183e22f2da6dC38724815E399489CC759F2 to=0x0000000000000000000000000000000000000000
t=2023-06-02T16:09:00+0800 lvl=trce msg="Pooled new future transaction"          hash=0x27743d373317474ce40f850cdff20d409e2e76c59a9c5f83bb3177765d19d029 from=0x12C1b183e22f2da6dC38724815E399489CC759F2 to=0x0000000000000000000000000000000000000000
t=2023-06-02T16:09:00+0800 lvl=trce msg="Pooled new future transaction"          hash=0xdc29fb7ada48d07157d28a1c47411affb7ddb0cb356329d059e99666beedea3d from=0x12C1b183e22f2da6dC38724815E399489CC759F2 to=0x0000000000000000000000000000000000000000
t=2023-06-02T16:09:00+0800 lvl=trce msg="Pooled new future transaction"          hash=0x42e3ba6ba0e3dbf2c819b2800979e667b6f0878f49ce7dee55d2b4eb5ebe6e2b from=0x12C1b183e22f2da6dC38724815E399489CC759F2 to=0x0000000000000000000000000000000000000000
t=2023-06-02T16:09:00+0800 lvl=trce msg="Pooled new future transaction"          hash=0x24acdadcb24e4c29413fe21d80f570c9f19511c93a9bbf659be92e9316211dce from=0x12C1b183e22f2da6dC38724815E399489CC759F2 to=0x0000000000000000000000000000000000000000
t=2023-06-02T16:09:00+0800 lvl=trce msg="Pooled new future transaction"          hash=0x24c82dd692de9caae35b2cb6d8f5e5e619eab05658f149539f4aa6e3f676e762 from=0x12C1b183e22f2da6dC38724815E399489CC759F2 to=0x0000000000000000000000000000000000000000
t=2023-06-02T16:09:00+0800 lvl=trce msg="Removed unpayable queued transactions"  count=0
t=2023-06-02T16:09:00+0800 lvl=trce msg="Pooled new future transaction"          hash=0x2fdccbcf4fa21c532ded7460dbdbfcbd3389a8b7c13043a7f94fcc918f939d9f from=0x12C1b183e22f2da6dC38724815E399489CC759F2 to=0x0000000000000000000000000000000000000000
t=2023-06-02T16:09:00+0800 lvl=trce msg="Promoted queued transactions"           count=0
t=2023-06-02T16:09:00+0800 lvl=trce msg="Pooled new future transaction"          hash=0x29a4e82f367bece288eb25effd05d175736f57bce722ff66558b59f73955cb8d from=0x12C1b183e22f2da6dC38724815E399489CC759F2 to=0x0000000000000000000000000000000000000000
t=2023-06-02T16:09:00+0800 lvl=trce msg="Pooled new future transaction"          hash=0x47a8929cc35d0e0cf4edea586a81e85d3c094e9f286369d3d56456b240e683ab from=0x12C1b183e22f2da6dC38724815E399489CC759F2 to=0x0000000000000000000000000000000000000000
t=2023-06-02T16:09:00+0800 lvl=trce msg="Pooled new future transaction"          hash=0xf1717e05ec4173923dc2570841f01b34f0af2e40a21d8d32ef4673c890a3acc5 from=0x12C1b183e22f2da6dC38724815E399489CC759F2 to=0x0000000000000000000000000000000000000000
t=2023-06-02T16:09:00+0800 lvl=trce msg="Pooled new future transaction"          hash=0xa78b04325a5db9401c42d9a19e9ff47c72fa6797d2baf7e055c8c0ee130846df from=0x12C1b183e22f2da6dC38724815E399489CC759F2 to=0x0000000000000000000000000000000000000000
t=2023-06-02T16:09:00+0800 lvl=trce msg="Pooled new future transaction"          hash=0x3024ab3ae4446f1ade14ee229fb62ea4939fe5bef5da868c9189f4d95cc2ead3 from=0xbf186BC9fa4975D227B3dC76067880ec67530CE9 to=0x0000000000000000000000000000000000000000
t=2023-06-02T16:09:00+0800 lvl=trce msg="Pooled new future transaction"          hash=0xab7ad6d8afe5bfe4bda2bf081fdb4b7cc779039ec9511f7b27092cd3866c683b from=0x12C1b183e22f2da6dC38724815E399489CC759F2 to=0x0000000000000000000000000000000000000000
t=2023-06-02T16:09:00+0800 lvl=trce msg="Pooled new future transaction"          hash=0xdb404bef3a1040a6e38aa23ac43cb7bb4932984148842dad8424db0430561761 from=0xbf186BC9fa4975D227B3dC76067880ec67530CE9 to=0x0000000000000000000000000000000000000000
t=2023-06-02T16:09:00+0800 lvl=trce msg="Pooled new future transaction"          hash=0x223ae9f44dd901fd2e71504a491142eead9e515928628b5bcf9aaee3d58494b6 from=0x66e0851F1a162869024b4C9f6b1C4Fc5cb4832F1 to=0x0000000000000000000000000000000000000000
t=2023-06-02T16:09:00+0800 lvl=trce msg="Removed old queued transactions"        count=0
t=2023-06-02T16:09:00+0800 lvl=trce msg="Pooled new future transaction"          hash=0x07bd96ccedd0f8c1f2a14d78245fc7dddc30c51f1dc8c0d74a20c0a82233cd35 from=0x12C1b183e22f2da6dC38724815E399489CC759F2 to=0x0000000000000000000000000000000000000000
t=2023-06-02T16:09:00+0800 lvl=trce msg="Pooled new future transaction"          hash=0x8c4fd49c75164f42752fcb48d99eda54e58050cb2e51d669ec362d3b7ba9394f from=0x12C1b183e22f2da6dC38724815E399489CC759F2 to=0x0000000000000000000000000000000000000000
t=2023-06-02T16:09:00+0800 lvl=trce msg="Pooled new future transaction"          hash=0x11c670332521d5dbe53fb556ac1bce663c73fcad486ed35e9f5d9bb601a05b55 from=0x12C1b183e22f2da6dC38724815E399489CC759F2 to=0x0000000000000000000000000000000000000000
t=2023-06-02T16:09:00+0800 lvl=trce msg="Pooled new future transaction"          hash=0x8295e1b0c42cca702a3c7791aad93967e037fd365216c5c8f04010fbacc52efa from=0x12C1b183e22f2da6dC38724815E399489CC759F2 to=0x0000000000000000000000000000000000000000
t=2023-06-02T16:09:00+0800 lvl=trce msg="Pooled new future transaction"          hash=0x3eddf3f1e78fd247b1d9701bab6fa71ca3b6ddccea1ceb6a01a674f6b4a254cb from=0x12C1b183e22f2da6dC38724815E399489CC759F2 to=0x0000000000000000000000000000000000000000
t=2023-06-02T16:09:00+0800 lvl=trce msg="Pooled new future transaction"          hash=0xccf882b383bdc3ea651ac26bbf89572149c4236fb9d0aa271eb701800dcab2cf from=0x12C1b183e22f2da6dC38724815E399489CC759F2 to=0x0000000000000000000000000000000000000000
t=2023-06-02T16:09:00+0800 lvl=trce msg="Pooled new future transaction"          hash=0x08dbed4c67585cfc793ff21a352a2dc7b9f7bd6a0b81219cb665e1027906f409 from=0xBEc7e084Bfa8250123FbFc47b1f0587d67E3dad0 to=0x0000000000000000000000000000000000000000
t=2023-06-02T16:09:00+0800 lvl=trce msg="Pooled new future transaction"          hash=0x8443d0810f965219dad6d584be6f11465e0ade891e5e312569e21d690109c889 from=0xBEc7e084Bfa8250123FbFc47b1f0587d67E3dad0 to=0x0000000000000000000000000000000000000000
t=2023-06-02T16:09:00+0800 lvl=trce msg="Pooled new future transaction"          hash=0x363994d7b8dd839bfcaeb5848208c87a6cba789fa7e102b48528566f44c99cd3 from=0xbf186BC9fa4975D227B3dC76067880ec67530CE9 to=0x0000000000000000000000000000000000000000
t=2023-06-02T16:09:00+0800 lvl=trce msg="Pooled new future transaction"          hash=0x68a16400d301e528d1b0eb98962fa5ebdce983cc3d785543999f7716390ce411 from=0x44a6Ae12C4A0457140A041408a8EcE9ed9f24602 to=0x0000000000000000000000000000000000000000
t=2023-06-02T16:09:00+0800 lvl=trce msg="Pooled new future transaction"          hash=0x81620307170faffa7a0950a2e7ad050d83777baebd8a3c03c367b06e76552b02 from=0xBEc7e084Bfa8250123FbFc47b1f0587d67E3dad0 to=0x0000000000000000000000000000000000000000
t=2023-06-02T16:09:00+0800 lvl=trce msg="Pooled new future transaction"          hash=0xa6c330fc2f8afae961df033ba89a5ad4fb6cacacfca3be3a9c9f9f0827f6e1e2 from=0x9BF12759c287b70FeE459c3F50e0b44808E87a35 to=0x0000000000000000000000000000000000000000
t=2023-06-02T16:09:00+0800 lvl=trce msg="Pooled new future transaction"          hash=0xc0f240c686c85b363cb1eee93560c8aafb5ec232c093e61673bd0c8109ff98cb from=0xbf186BC9fa4975D227B3dC76067880ec67530CE9 to=0x0000000000000000000000000000000000000000
t=2023-06-02T16:09:00+0800 lvl=trce msg="Promoted queued transactions"           count=1
t=2023-06-02T16:09:00+0800 lvl=trce msg="Pooled new future transaction"          hash=0x013726ed6308c980cbd992b2448a9ebd7fd970955115f87752541f6ba603ac96 from=0xFa3BDC8D5458a2cFE93614054908869c0742Fdf3 to=0x0000000000000000000000000000000000000000
t=2023-06-02T16:09:00+0800 lvl=trce msg="Pooled new future transaction"          hash=0xec76d9f903fad7d6d2e8ca86c89adf41f664112ee419b79803147c02324d7113 from=0x116119582f7387fA28Fc7D6f6de515384F543035 to=0x0000000000000000000000000000000000000000
t=2023-06-02T16:09:00+0800 lvl=trce msg="Pooled new future transaction"          hash=0x591ff7258b8b0ad0656dbb40c90ce109fb296553b266c044f6822a832776411c from=0xFa3BDC8D5458a2cFE93614054908869c0742Fdf3 to=0x0000000000000000000000000000000000000000
t=2023-06-02T16:09:00+0800 lvl=trce msg="Pooled new future transaction"          hash=0xbf079ec6fef2c1e68929d22fa33008543302f3611d754aefa2f86bd4957d6d75 from=0x3c286197C62C1A98d355AbEDd2c3915ECeBB8E5B to=0x0000000000000000000000000000000000000000
t=2023-06-02T16:09:00+0800 lvl=trce msg="Pooled new future transaction"          hash=0x941941ef5c37c9a3d94fbfb0e30367b9a815cd1bb6550da98f02caff185ed668 from=0x50D0b6Fb1C5EA22b2E581a6357ca4549E221557a to=0x0000000000000000000000000000000000000000
t=2023-06-02T16:09:00+0800 lvl=trce msg="Removed unpayable queued transactions"  count=0
t=2023-06-02T16:09:00+0800 lvl=trce msg="Pooled new future transaction"          hash=0x2a23448139249931f2d2ddab51e1505d80a2d3e32c8e9d7957ab48c386c99665 from=0x116119582f7387fA28Fc7D6f6de515384F543035 to=0x0000000000000000000000000000000000000000
t=2023-06-02T16:09:00+0800 lvl=trce msg="Promoted queued transactions"           count=1
t=2023-06-02T16:09:00+0800 lvl=trce msg="Pooled new future transaction"          hash=0xd48c70fb4bac26e784ee4650ad57aeeada21f4fc851594def99bc4967847361b from=0x3c286197C62C1A98d355AbEDd2c3915ECeBB8E5B to=0x0000000000000000000000000000000000000000
t=2023-06-02T16:09:00+0800 lvl=trce msg="Pooled new future transaction"          hash=0x55262952328365a862e07765a61e5aaf9cdc3b17c51ad7fecaf54abb8f56ab91 from=0x50D0b6Fb1C5EA22b2E581a6357ca4549E221557a to=0x0000000000000000000000000000000000000000
t=2023-06-02T16:09:00+0800 lvl=trce msg="Discarding freshly underpriced transaction" hash=0xbe5896cc2935266446750d9b56bc28c68707dc0f682fab331d8372d3029b1001 gasTipCap=7  gasFeeCap=307
t=2023-06-02T16:09:00+0800 lvl=trce msg="Pooled new future transaction"          hash=0x95916a6ceee8f9d7020baa854e07197b85f975a0dd0a5c94e2eaf5996f66bef9 from=0x842746EAc6f6923A845898FD50509D281B4d7AF9 to=0x0000000000000000000000000000000000000000
t=2023-06-02T16:09:00+0800 lvl=trce msg="Removed old queued transactions"        count=0
t=2023-06-02T16:09:00+0800 lvl=trce msg="Removed unpayable queued transactions"  count=0
t=2023-06-02T16:09:00+0800 lvl=trce msg="Promoted queued transactions"           count=1
t=2023-06-02T16:09:00+0800 lvl=trce msg="Pooled new future transaction"          hash=0x7d6084c84b3097464ed4c389db32f151a7120f01ef8ade8ed7e23e86218fe4b7 from=0xFa3BDC8D5458a2cFE93614054908869c0742Fdf3 to=0x0000000000000000000000000000000000000000
t=2023-06-02T16:09:00+0800 lvl=trce msg="Pooled new future transaction"          hash=0x7156001dd88acb375d921628af2bfb8819977b1811ded393393232eb996cd343 from=0x3c286197C62C1A98d355AbEDd2c3915ECeBB8E5B to=0x0000000000000000000000000000000000000000
t=2023-06-02T16:09:00+0800 lvl=trce msg="Pooled new future transaction"          hash=0x989d121f86ff30f967e55c9265a1b4ece385a20b7f9caf10b19a9dd392a29917 from=0x116119582f7387fA28Fc7D6f6de515384F543035 to=0x0000000000000000000000000000000000000000
t=2023-06-02T16:09:00+0800 lvl=trce msg="Pooled new future transaction"          hash=0x3bb711608cb7e500e53f5abcf37ce6599c83bece662e5600a6bbdc417e01f083 from=0x66e0851F1a162869024b4C9f6b1C4Fc5cb4832F1 to=0x0000000000000000000000000000000000000000
t=2023-06-02T16:09:00+0800 lvl=trce msg="Removed old queued transactions"        count=0
t=2023-06-02T16:09:00+0800 lvl=trce msg="Removed unpayable queued transactions"  count=0
t=2023-06-02T16:09:00+0800 lvl=trce msg="Promoted queued transactions"           count=0
t=2023-06-02T16:09:00+0800 lvl=trce msg="Pooled new future transaction"          hash=0x342bead4858b3a75c2a1d0ced4497686dc1faad51c4b9efee23b635a3aaa5d00 from=0x12C1b183e22f2da6dC38724815E399489CC759F2 to=0x0000000000000000000000000000000000000000
t=2023-06-02T16:09:00+0800 lvl=trce msg="Pooled new future transaction"          hash=0x92c605f371cb69dc39d4005e3ee1424cbf7b87f1eecefe8b42cf9e0866dd2290 from=0x12C1b183e22f2da6dC38724815E399489CC759F2 to=0x0000000000000000000000000000000000000000
t=2023-06-02T16:09:00+0800 lvl=trce msg="Pooled new future transaction"          hash=0x19f47809d2edf30eac4abbe281eeac984dbec5e0a8345741deb689ec2ed180b6 from=0x12C1b183e22f2da6dC38724815E399489CC759F2 to=0x0000000000000000000000000000000000000000
t=2023-06-02T16:09:00+0800 lvl=trce msg="Pooled new future transaction"          hash=0x5df79dc4b01da8da1c38b1b4f8086ce310c715bbb30a8a9f2437a1bfeb75134f from=0x12C1b183e22f2da6dC38724815E399489CC759F2 to=0x0000000000000000000000000000000000000000
t=2023-06-02T16:09:00+0800 lvl=trce msg="Discarding freshly underpriced transaction" hash=0xb1d6fb3223c8268648599e9de507127cbc85a4ee6f9c02a97d4ecb7a7e166460 gasTipCap=8  gasFeeCap=308
t=2023-06-02T16:09:00+0800 lvl=trce msg="Pooled new future transaction"          hash=0x2e42acd49953767b1d3843315ac2223ddf4c71ac62296ff6b2ae48045b49f155 from=0x12C1b183e22f2da6dC38724815E399489CC759F2 to=0x0000000000000000000000000000000000000000
t=2023-06-02T16:09:00+0800 lvl=trce msg="Pooled new future transaction"          hash=0xa75ada5b5dffe3ae643fa99185add1b1dc7b7fb0ae9fefd2999a123c62beaca7 from=0x64F33578FaabB90B2dC77d365F27D8a5A7E52f2B to=0x0000000000000000000000000000000000000000
t=2023-06-02T16:09:00+0800 lvl=trce msg="Pooled new future transaction"          hash=0x6ed38985d9afa77fdf5dd831461bbfdcf7dcba028d3ac9c6c52a1ab892ff5f68 from=0x12C1b183e22f2da6dC38724815E399489CC759F2 to=0x0000000000000000000000000000000000000000
t=2023-06-02T16:09:00+0800 lvl=trce msg="Discarding invalid transaction"         hash=0xb657322357b6da7d412ee6883c4e83625cff13e209f246a9c2a1bec23a95c2b1 err="oversized data"
t=2023-06-02T16:09:00+0800 lvl=trce msg="Removed old queued transactions"        count=0
t=2023-06-02T16:09:00+0800 lvl=trce msg="Removed unpayable queued transactions"  count=0
t=2023-06-02T16:09:00+0800 lvl=trce msg="Promoted queued transactions"           count=1
t=2023-06-02T16:09:00+0800 lvl=trce msg="Pooled new future transaction"          hash=0x9900577e939e83364b2d73cc0c736256a1022edc3d356a5cd2f56230c1bf3a5e from=0x50D0b6Fb1C5EA22b2E581a6357ca4549E221557a to=0x0000000000000000000000000000000000000000
t=2023-06-02T16:09:00+0800 lvl=trce msg="Pooled new future transaction"          hash=0xf122c547ac73447281fad849cf9c4a9fd4186b87a8d8e26decb33c0239ffd0b2 from=0x116119582f7387fA28Fc7D6f6de515384F543035 to=0x0000000000000000000000000000000000000000
t=2023-06-02T16:09:00+0800 lvl=trce msg="Pooled new future transaction"          hash=0x7cba918538b1d97b4cf7198f0b27aae0ca2e3299c56727a3b76e2bc346e1bf4d from=0x116119582f7387fA28Fc7D6f6de515384F543035 to=0x0000000000000000000000000000000000000000
t=2023-06-02T16:09:00+0800 lvl=trce msg="Pooled new future transaction"          hash=0xe7dbcfcd2cd92b20f7459a0646ff3a5149f8976964be9003cb9ded518f2d247e from=0xFa3BDC8D5458a2cFE93614054908869c0742Fdf3 to=0x0000000000000000000000000000000000000000
t=2023-06-02T16:09:00+0800 lvl=trce msg="Pooled new future transaction"          hash=0xd12c72232962105732b4d09f9c3b90fcdaeb0d09e3404e25557dbaec0e12cb22 from=0x7628e7c918DAaf4dfbF615023fDBcF72b8479bCe to=0x0000000000000000000000000000000000000000
t=2023-06-02T16:09:00+0800 lvl=trce msg="Removed old queued transactions"        count=0
t=2023-06-02T16:09:00+0800 lvl=trce msg="Removed unpayable queued transactions"  count=0
t=2023-06-02T16:09:00+0800 lvl=trce msg="Promoted queued transactions"           count=1
t=2023-06-02T16:09:00+0800 lvl=trce msg="Pooled new future transaction"          hash=0x3ec0a72517c0328c56dce2cb140961400ebc009115522fb33746d6d4d77dabd1 from=0xbf186BC9fa4975D227B3dC76067880ec67530CE9 to=0x0000000000000000000000000000000000000000
t=2023-06-02T16:09:00+0800 lvl=trce msg="Pooled new future transaction"          hash=0xebdefc45b9848c4f4c70ccf814c136d64c51975b0aa1c22980dd878deeb1ee5b from=0xbf186BC9fa4975D227B3dC76067880ec67530CE9 to=0x0000000000000000000000000000000000000000
t=2023-06-02T16:09:00+0800 lvl=trce msg="Pooled new future transaction"          hash=0x08a3ed8762fa82b035595d4856b3a1dbd47bcd0df6988c8702a0693f9264d9ca from=0xbf186BC9fa4975D227B3dC76067880ec67530CE9 to=0x0000000000000000000000000000000000000000
t=2023-06-02T16:09:00+0800 lvl=trce msg="Pooled new future transaction"          hash=0xd2ca407a2a4be25a7cda3a0c935cafd30f03427715395d8016cdb024f51fc176 from=0x44a6Ae12C4A0457140A041408a8EcE9ed9f24602 to=0x0000000000000000000000000000000000000000
t=2023-06-02T16:09:00+0800 lvl=trce msg="Pooled new future transaction"          hash=0xa07b0a3af4fd429323dcf9a492eaa08b40e61fbe24b57bb249f730c5f2fab039 from=0x44a6Ae12C4A0457140A041408a8EcE9ed9f24602 to=0x0000000000000000000000000000000000000000
t=2023-06-02T16:09:00+0800 lvl=trce msg="Pooled new future transaction"          hash=0x6c766e105e1b592c61aed06dc361b217262abe7226f80e129a0f3211a54db6cf from=0xbf186BC9fa4975D227B3dC76067880ec67530CE9 to=0x0000000000000000000000000000000000000000
t=2023-06-02T16:09:00+0800 lvl=trce msg="Discarding freshly underpriced transaction" hash=0x496a22595da60482d0573e1bc84d63a20eed9cc731d4607911a18ea68f31961b gasTipCap=9  gasFeeCap=309
t=2023-06-02T16:09:00+0800 lvl=trce msg="Pooled new future transaction"          hash=0x0870ebdb6807756a3cbb3167bdd8d6860bb545d99f1306e1042861b3bb67b8c5 from=0x7628e7c918DAaf4dfbF615023fDBcF72b8479bCe to=0x0000000000000000000000000000000000000000
t=2023-06-02T16:09:00+0800 lvl=trce msg="Pooled new future transaction"          hash=0x1fecd066a99b3c4dda14d4afa464e21c5d61d556d4b886dd34782c7ed82a501a from=0x003ceb6c4fFb50b0b4C4a8D0797275259CB566ff to=0x0000000000000000000000000000000000000000
t=2023-06-02T16:09:00+0800 lvl=trce msg="Removed old queued transactions"        count=0
t=2023-06-02T16:09:00+0800 lvl=trce msg="Removed unpayable queued transactions"  count=0
t=2023-06-02T16:09:00+0800 lvl=trce msg="Promoted queued transactions"           count=0
t=2023-06-02T16:09:00+0800 lvl=trce msg="Removed old queued transactions"        count=0
t=2023-06-02T16:09:00+0800 lvl=trce msg="Removed unpayable queued transactions"  count=0
t=2023-06-02T16:09:00+0800 lvl=trce msg="Promoted queued transactions"           count=1
t=2023-06-02T16:09:00+0800 lvl=trce msg="Pooled new future transaction"          hash=0x1be5c90ce83d521c96a48a16f5c6b705c33c791af5b91f7e4792b57719dd68b3 from=0x12C1b183e22f2da6dC38724815E399489CC759F2 to=0x0000000000000000000000000000000000000000
t=2023-06-02T16:09:00+0800 lvl=trce msg="Pooled new future transaction"          hash=0x8241e759d57a2fd5d029195f52d07d60085622de1f81c2b52546631dc264799a from=0x12C1b183e22f2da6dC38724815E399489CC759F2 to=0x0000000000000000000000000000000000000000
t=2023-06-02T16:09:00+0800 lvl=trce msg="Pooled new future transaction"          hash=0xfc37b492555a20670d3a9fe5577d23809e050ac72f5566a8168cd5f6cf01131c from=0x12C1b183e22f2da6dC38724815E399489CC759F2 to=0x0000000000000000000000000000000000000000
t=2023-06-02T16:09:00+0800 lvl=trce msg="Pooled new future transaction"          hash=0x8c2f16f0244a467121b4dee6db0dbc2467bdcbac5671741a875cc8f68a9d35d1 from=0x12C1b183e22f2da6dC38724815E399489CC759F2 to=0x0000000000000000000000000000000000000000
t=2023-06-02T16:09:00+0800 lvl=trce msg="Pooled new future transaction"          hash=0x785b8952dcad60d0309b89fe8bcb9980a96751f05c299f28bc55e1123440655e from=0xFa3BDC8D5458a2cFE93614054908869c0742Fdf3 to=0x0000000000000000000000000000000000000000
t=2023-06-02T16:09:00+0800 lvl=trce msg="Pooled new future transaction"          hash=0xe77104ab5414279874d9d8fbea49c1a7c72c88dc1023064e9584c88ec16729bc from=0x116119582f7387fA28Fc7D6f6de515384F543035 to=0x0000000000000000000000000000000000000000
t=2023-06-02T16:09:00+0800 lvl=trce msg="Pooled new future transaction"          hash=0x799709868edb6912f3002c7e0e77023d3ae2e9bdf7fab23cf9686fc5b8e666d5 from=0xFa3BDC8D5458a2cFE93614054908869c0742Fdf3 to=0x0000000000000000000000000000000000000000
t=2023-06-02T16:09:00+0800 lvl=trce msg="Pooled new future transaction"          hash=0xd05a9d161bba41905295a2749ed7e5ca97f240ad577b94648c79255167c3433d from=0x3c286197C62C1A98d355AbEDd2c3915ECeBB8E5B to=0x0000000000000000000000000000000000000000
t=2023-06-02T16:09:00+0800 lvl=trce msg="Pooled new future transaction"          hash=0x155ac2fee80bfd1fdc96325127df1c80e3f9ce7606925b7b3970388bf9680ab3 from=0xFa3BDC8D5458a2cFE93614054908869c0742Fdf3 to=0x0000000000000000000000000000000000000000
t=2023-06-02T16:09:00+0800 lvl=trce msg="Pooled new future transaction"          hash=0xb897d03847e1ccf625487163a9db3d2f8c7f537afd2e0d2a6b7c24e76d2f75d8 from=0x3c286197C62C1A98d355AbEDd2c3915ECeBB8E5B to=0x0000000000000000000000000000000000000000
t=2023-06-02T16:09:00+0800 lvl=trce msg="Pooled new future transaction"          hash=0x74348741524653d656276bd1294b74d3ea236b9a18519ae235720f964d603957 from=0x116119582f7387fA28Fc7D6f6de515384F543035 to=0x0000000000000000000000000000000000000000
t=2023-06-02T16:09:00+0800 lvl=trce msg="Pooled new future transaction"          hash=0x15e56550c4121767f955a9b3c67af0dae8d69baf207f6b015ffd617a47e4ace2 from=0x50D0b6Fb1C5EA22b2E581a6357ca4549E221557a to=0x0000000000000000000000000000000000000000
t=2023-06-02T16:09:00+0800 lvl=trce msg="Pooled new future transaction"          hash=0x96dbdbbebcdc8ddc386ec01253e748edb8f594c876a2d0d713a17e10a3a6e120 from=0x50D0b6Fb1C5EA22b2E581a6357ca4549E221557a to=0x0000000000000000000000000000000000000000
t=2023-06-02T16:09:00+0800 lvl=trce msg="Pooled new future transaction"          hash=0x5bf72ed67d08ef20ea6ca837a1bf6d1d6634e296638df2cc6fb7e7a7c2efd668 from=0x3c286197C62C1A98d355AbEDd2c3915ECeBB8E5B to=0x0000000000000000000000000000000000000000
t=2023-06-02T16:09:00+0800 lvl=trce msg="Discarding freshly underpriced transaction" hash=0xee3a88111240376cb54ebbd932469cdefd122cb3fad0e859c2a66eaf55a64019 gasTipCap=10 gasFeeCap=310
t=2023-06-02T16:09:00+0800 lvl=trce msg="Pooled new future transaction"          hash=0x1d2c7d6b3010eda32cbf077b8724416d44dcce4c1220d2d2f8aac694bfac04b1 from=0x50D0b6Fb1C5EA22b2E581a6357ca4549E221557a to=0x0000000000000000000000000000000000000000
t=2023-06-02T16:09:00+0800 lvl=trce msg="Pooled new future transaction"          hash=0xa50301fb384c8b8331d067e2b22c9af59e3d0f64cf3a2ff02a50d172f07bce73 from=0xDF76AACb73Df25b4380627365BdB42076653fa3d to=0x0000000000000000000000000000000000000000
t=2023-06-02T16:09:00+0800 lvl=trce msg="Removed old queued transactions"        count=0
t=2023-06-02T16:09:00+0800 lvl=trce msg="Removed unpayable queued transactions"  count=0
t=2023-06-02T16:09:00+0800 lvl=trce msg="Promoted queued transactions"           count=1
t=2023-06-02T16:09:00+0800 lvl=trce msg="Pooled new future transaction"          hash=0x497d9999359109dfb904adcbbf009ba7ad6f04ad27216b2665c1bd67ddea9577 from=0xFa3BDC8D5458a2cFE93614054908869c0742Fdf3 to=0x0000000000000000000000000000000000000000
t=2023-06-02T16:09:00+0800 lvl=trce msg="Pooled new future transaction"          hash=0x4c8be11ae6234e6108518a188b866bbc1409ca36d9661cbf97f8edad8baf490a from=0xFa3BDC8D5458a2cFE93614054908869c0742Fdf3 to=0x0000000000000000000000000000000000000000
t=2023-06-02T16:09:00+0800 lvl=trce msg="Pooled new future transaction"          hash=0xe5dd819d39a77417eeca35dfd199bb21090c63b2514eb2aff3aca8029fc76be5 from=0xFa3BDC8D5458a2cFE93614054908869c0742Fdf3 to=0x0000000000000000000000000000000000000000
t=2023-06-02T16:09:00+0800 lvl=trce msg="Pooled new future transaction"          hash=0x9715c0be91a73079055822e087de29d230fd72c4c1266a403cd73f50193c747f from=0x3c286197C62C1A98d355AbEDd2c3915ECeBB8E5B to=0x0000000000000000000000000000000000000000
t=2023-06-02T16:09:00+0800 lvl=trce msg="Pooled new future transaction"          hash=0xad8790574a47638e9bb7c6f41fd9aeae8058e90ad45740f27620d5d4b759ec5c from=0x12C1b183e22f2da6dC38724815E399489CC759F2 to=0x0000000000000000000000000000000000000000
t=2023-06-02T16:09:00+0800 lvl=trce msg="Pooled new future transaction"          hash=0xdd49636d896ae0c0bf953e7575ff41c3fd9db09b8da9853a39aa555a38083b2a from=0x12C1b183e22f2da6dC38724815E399489CC759F2 to=0x0000000000000000000000000000000000000000
t=2023-06-02T16:09:00+0800 lvl=trce msg="Discarding freshly underpriced transaction" hash=0x517f61f532493c087c7ee830b906d3f82b406c7f90313b97bad51dbb34e6769b gasTipCap=11 gasFeeCap=311
t=2023-06-02T16:09:00+0800 lvl=trce msg="Pooled new future transaction"          hash=0xdd6643aded5c89c5fe6a943ba184c72c73ef7dcfcfaee98c5138abb1635ea47c from=0x12C1b183e22f2da6dC38724815E399489CC759F2 to=0x0000000000000000000000000000000000000000
t=2023-06-02T16:09:00+0800 lvl=trce msg="Pooled new future transaction"          hash=0xe5c6e7565d39ca72392f33570103d20ffb2558d6ddeea7b9de8367ba9eacdc7a from=0xBEc7e084Bfa8250123FbFc47b1f0587d67E3dad0 to=0x0000000000000000000000000000000000000000
t=2023-06-02T16:09:00+0800 lvl=trce msg="Pooled new future transaction"          hash=0xfa2a86a1bf8bac0797195e45638bfe555083d822c9a10e97fe3dba5c197de9a2 from=0x12C1b183e22f2da6dC38724815E399489CC759F2 to=0x0000000000000000000000000000000000000000
t=2023-06-02T16:09:00+0800 lvl=trce msg="Pooled new future transaction"          hash=0xbea7b067b69123a7516c22a17814b71c5898e17f3b4b484525891bd9409ff40a from=0x12C1b183e22f2da6dC38724815E399489CC759F2 to=0x0000000000000000000000000000000000000000
t=2023-06-02T16:09:00+0800 lvl=trce msg="Pooled new future transaction"          hash=0x38e2df449978d27c1e8a2143f58fe6d29b341be00f0afbde7bb5ab1d31cc06ed from=0x12C1b183e22f2da6dC38724815E399489CC759F2 to=0x0000000000000000000000000000000000000000
t=2023-06-02T16:09:00+0800 lvl=trce msg="Pooled new future transaction"          hash=0xa9957f9d069acdf1694e5548fbe65491f2db76481121cfc99d1eb23309c1fa67 from=0x12C1b183e22f2da6dC38724815E399489CC759F2 to=0x0000000000000000000000000000000000000000
t=2023-06-02T16:09:00+0800 lvl=trce msg="Pooled new future transaction"          hash=0xef0f2eaea5c762ec3210874ca973b885e5072a7535a66916c5bff5d30f768614 from=0x12C1b183e22f2da6dC38724815E399489CC759F2 to=0x0000000000000000000000000000000000000000
t=2023-06-02T16:09:00+0800 lvl=trce msg="Pooled new future transaction"          hash=0x7d10e32dfd669f5fca9aca611d1b899cc5fa1a96fc374958ee351a1723c562bf from=0x12C1b183e22f2da6dC38724815E399489CC759F2 to=0x0000000000000000000000000000000000000000
t=2023-06-02T16:09:00+0800 lvl=trce msg="Pooled new future transaction"          hash=0x6262dc0a840b22734fcb2e9f9dcbb983f50714a25d420e5f42f6f2fa459c8e23 from=0x12C1b183e22f2da6dC38724815E399489CC759F2 to=0x0000000000000000000000000000000000000000
t=2023-06-02T16:09:00+0800 lvl=trce msg="Pooled new future transaction"          hash=0x6c30b776af7dedcdf318d9385d785356fc9a94556967bd26d5d1560b2cf13d9e from=0x12C1b183e22f2da6dC38724815E399489CC759F2 to=0x0000000000000000000000000000000000000000
t=2023-06-02T16:09:00+0800 lvl=trce msg="Pooled new future transaction"          hash=0xdeb3409e47d05e64f025b7da444f9e4ad554634ce4ec3880541505900c95b96d from=0x12C1b183e22f2da6dC38724815E399489CC759F2 to=0x0000000000000000000000000000000000000000
t=2023-06-02T16:09:00+0800 lvl=trce msg="Pooled new future transaction"          hash=0x2db785a7d5b20b52cce06ed9dc329c287324fe2a2eb1b2324629b44a3ea05129 from=0x12C1b183e22f2da6dC38724815E399489CC759F2 to=0x0000000000000000000000000000000000000000
t=2023-06-02T16:09:00+0800 lvl=trce msg="Pooled new future transaction"          hash=0x6bbb12382dda7f344413a77f6d37f31090135fe014ea838b48accbba349675ff from=0x12C1b183e22f2da6dC38724815E399489CC759F2 to=0x0000000000000000000000000000000000000000
t=2023-06-02T16:09:00+0800 lvl=trce msg="Pooled new future transaction"          hash=0xdd4b5127b9468484fdabd922b1e4c99fa2ef62df4d840069054de64e77676931 from=0xb0377EdaBd4877A9E81d1C9c402F4345ec6Afc05 to=0x0000000000000000000000000000000000000000
t=2023-06-02T16:09:00+0800 lvl=trce msg="Pooled new future transaction"          hash=0x7f9d4f29820118ff041da4ae4005ec02084507ac874c0864334e35b7f0be32e4 from=0x12C1b183e22f2da6dC38724815E399489CC759F2 to=0x0000000000000000000000000000000000000000
t=2023-06-02T16:09:00+0800 lvl=trce msg="Pooled new future transaction"          hash=0x8fbb03ba1b81ed092fb333384d6f4fea4152bc8034011735a3ae0cc6a4d1a10f from=0x12C1b183e22f2da6dC38724815E399489CC759F2 to=0x0000000000000000000000000000000000000000
t=2023-06-02T16:09:00+0800 lvl=trce msg="Pooled new future transaction"          hash=0xd41fbb7a46f2adcde0a1d172d3cac00e18100088472ba268c7dc0915617d6474 from=0xCFC47F30b04C66f86493cef54a9Af4fd12A8cD65 to=0x0000000000000000000000000000000000000000
t=2023-06-02T16:09:00+0800 lvl=trce msg="Pooled new future transaction"          hash=0x22dbabb54dcb700ef1adab2121672be44de91ea99b059805475f7e5f658866b0 from=0xCFC47F30b04C66f86493cef54a9Af4fd12A8cD65 to=0x0000000000000000000000000000000000000000
t=2023-06-02T16:09:00+0800 lvl=trce msg="Pooled new future transaction"          hash=0xd5d0cf5973271a79c9aebe972f610ef5ce9e77a13b6175ec9800598ccfb9aa64 from=0xbf186BC9fa4975D227B3dC76067880ec67530CE9 to=0x0000000000000000000000000000000000000000
t=2023-06-02T16:09:00+0800 lvl=trce msg="Pooled new future transaction"          hash=0x78ab78cd0a0060e7c96ab1c7fca88d5c7365b1ff8d8764e66fd5797855baf711 from=0xCFC47F30b04C66f86493cef54a9Af4fd12A8cD65 to=0x0000000000000000000000000000000000000000
t=2023-06-02T16:09:00+0800 lvl=trce msg="Pooled new future transaction"          hash=0xc636fe9c8a0140c2b1521fbe6b01179a2b17e089a4aaf97fc11c74f20a45c8d9 from=0xbf186BC9fa4975D227B3dC76067880ec67530CE9 to=0x0000000000000000000000000000000000000000
t=2023-06-02T16:09:00+0800 lvl=trce msg="Pooled new future transaction"          hash=0x48524e4ce52e1f149a58df33d0925ea7028ff736bd4b0d4a34bc7927f68b2172 from=0xCFC47F30b04C66f86493cef54a9Af4fd12A8cD65 to=0x0000000000000000000000000000000000000000
t=2023-06-02T16:09:00+0800 lvl=trce msg="Pooled new future transaction"          hash=0xf804fc283522a4eff6d26a136d936a021e10ee2341b151abb45f01e0f3704fe0 from=0xFa3BDC8D5458a2cFE93614054908869c0742Fdf3 to=0x0000000000000000000000000000000000000000
t=2023-06-02T16:09:00+0800 lvl=trce msg="Pooled new future transaction"          hash=0x5ec6daa88984bb3587253f147f863433bafc35ca9edc2f182e2d99006bcf54b1 from=0xCFC47F30b04C66f86493cef54a9Af4fd12A8cD65 to=0x0000000000000000000000000000000000000000
t=2023-06-02T16:09:00+0800 lvl=trce msg="Pooled new future transaction"          hash=0xd9093e4591a2baa199713b5f4c2728f8597541182fe185c360eaddcd385b916f from=0xCFC47F30b04C66f86493cef54a9Af4fd12A8cD65 to=0x0000000000000000000000000000000000000000
t=2023-06-02T16:09:00+0800 lvl=trce msg="Pooled new future transaction"          hash=0xa60a2b037d6ab860589696ce8c7b49f18373a3267017fee03b5c380d1b03bc10 from=0xCFC47F30b04C66f86493cef54a9Af4fd12A8cD65 to=0x0000000000000000000000000000000000000000
t=2023-06-02T16:09:00+0800 lvl=trce msg="Pooled new future transaction"          hash=0x43165d9fa728ae0a166f62e9a9b401db3c8bdf9740f2d9a8625d22797fdced88 from=0x44a6Ae12C4A0457140A041408a8EcE9ed9f24602 to=0x0000000000000000000000000000000000000000
t=2023-06-02T16:09:00+0800 lvl=trce msg="Pooled new future transaction"          hash=0x0fb9edb7c193750899797bc71d2457d8dbc5f40d321eeca6ce2d2c91c696bc88 from=0xCFC47F30b04C66f86493cef54a9Af4fd12A8cD65 to=0x0000000000000000000000000000000000000000
t=2023-06-02T16:09:00+0800 lvl=trce msg="Pooled new future transaction"          hash=0x41646311bda071a269735c0107a798df0dbf6987cab1f7a1dd1c46ad334902ec from=0xCFC47F30b04C66f86493cef54a9Af4fd12A8cD65 to=0x0000000000000000000000000000000000000000
t=2023-06-02T16:09:00+0800 lvl=trce msg="Pooled new future transaction"          hash=0x530466cdc298d2594ca9c17ee93369c8f504f2e561d84ca78688121611978ae1 from=0xCFC47F30b04C66f86493cef54a9Af4fd12A8cD65 to=0x0000000000000000000000000000000000000000
t=2023-06-02T16:09:00+0800 lvl=trce msg="Pooled new future transaction"          hash=0x47cc6eb518767fdad478c7b5dfbe4dbbe7d6533d52595fdc60dbd7303828c52b from=0xCFC47F30b04C66f86493cef54a9Af4fd12A8cD65 to=0x0000000000000000000000000000000000000000
t=2023-06-02T16:09:00+0800 lvl=trce msg="Pooled new future transaction"          hash=0x36f1460dc1d87e19ce0fbe3e0d6bc2c6fe2908842251e74d58d7f41157a2cdd6 from=0xCFC47F30b04C66f86493cef54a9Af4fd12A8cD65 to=0x0000000000000000000000000000000000000000
t=2023-06-02T16:09:00+0800 lvl=trce msg="Pooled new future transaction"          hash=0x06a1d3d0a1ec63dc887709c244917f096f653b1af4f54ee5303b1608cf3a9dd0 from=0xCFC47F30b04C66f86493cef54a9Af4fd12A8cD65 to=0x0000000000000000000000000000000000000000
t=2023-06-02T16:09:00+0800 lvl=trce msg="Pooled new future transaction"          hash=0x061eaa6e6b253658db43a2da6ca929b4bd7caa0ec34118da174989017435e1dd from=0xCFC47F30b04C66f86493cef54a9Af4fd12A8cD65 to=0x0000000000000000000000000000000000000000
t=2023-06-02T16:09:00+0800 lvl=trce msg="Pooled new future transaction"          hash=0x052bdb41ba66418e2e165fb3b867e51ca4bc0d6dae3edc153a2e843e3bef7707 from=0xFa3BDC8D5458a2cFE93614054908869c0742Fdf3 to=0x0000000000000000000000000000000000000000
t=2023-06-02T16:09:00+0800 lvl=trce msg="Pooled new future transaction"          hash=0xd72d9592238f50424091b2057e77288bcad6c2674dbcd646dbc4687f20b264ce from=0x50D0b6Fb1C5EA22b2E581a6357ca4549E221557a to=0x0000000000000000000000000000000000000000
t=2023-06-02T16:09:00+0800 lvl=trce msg="Pooled new future transaction"          hash=0xd4f8d86e576102d6ac3b31e47c13b017a0e9249c32751c589cf50b2ea50888b2 from=0xFa3BDC8D5458a2cFE93614054908869c0742Fdf3 to=0x0000000000000000000000000000000000000000
t=2023-06-02T16:09:00+0800 lvl=trce msg="Pooled new future transaction"          hash=0xc7a3f1efc0d4610a357f008be930c0b76bc8ee28169c6fb62d8e1c24763e4c8f from=0x116119582f7387fA28Fc7D6f6de515384F543035 to=0x0000000000000000000000000000000000000000
t=2023-06-02T16:09:00+0800 lvl=trce msg="Pooled new future transaction"          hash=0xc5e7756b221834ce4c1c4fbdc9c30eba4540740b9ff17a1d3f5210fd78129bb5 from=0x3c286197C62C1A98d355AbEDd2c3915ECeBB8E5B to=0x0000000000000000000000000000000000000000
t=2023-06-02T16:09:00+0800 lvl=trce msg="Pooled new future transaction"          hash=0x8aae1afa9d17f345aa5225b040b31b26e8bc8f6504c492491122887d7bc81235 from=0x50D0b6Fb1C5EA22b2E581a6357ca4549E221557a to=0x0000000000000000000000000000000000000000
t=2023-06-02T16:09:00+0800 lvl=trce msg="Pooled new future transaction"          hash=0x1d3730e0476cc9697c6a75c5e860a48277a3917787787de257594d8e83c1b4b4 from=0x50D0b6Fb1C5EA22b2E581a6357ca4549E221557a to=0x0000000000000000000000000000000000000000
t=2023-06-02T16:09:00+0800 lvl=trce msg="Pooled new future transaction"          hash=0xa63de2de7061382d9e2741e6591be3fef688d69b91c1a60654bdaa971ab9c334 from=0x50D0b6Fb1C5EA22b2E581a6357ca4549E221557a to=0x0000000000000000000000000000000000000000
t=2023-06-02T16:09:00+0800 lvl=trce msg="Pooled new future transaction"          hash=0xcce086629090aa80d6e8c651359d0dd8bde99997396c9c2ef6a5c1bb0b92db1f from=0x44a6Ae12C4A0457140A041408a8EcE9ed9f24602 to=0x0000000000000000000000000000000000000000
t=2023-06-02T16:09:00+0800 lvl=trce msg="Pooled new future transaction"          hash=0x6cad8530b23f86abd4bddfd4e27063098e01ca2968b985157e7e562844cac1c6 from=0x9BF12759c287b70FeE459c3F50e0b44808E87a35 to=0x0000000000000000000000000000000000000000
t=2023-06-02T16:09:00+0800 lvl=trce msg="Pooled new future transaction"          hash=0x0f850d07d195ee2f74857d474033d67b2195adb5051663380dceca3a67cdc632 from=0x44a6Ae12C4A0457140A041408a8EcE9ed9f24602 to=0x0000000000000000000000000000000000000000
t=2023-06-02T16:09:00+0800 lvl=trce msg="Pooled new future transaction"          hash=0x7cfbd32a2dfc1b97ab7c020f640fa6b49c4986ca27f92bdb77315d72db401dc1 from=0xBEc7e084Bfa8250123FbFc47b1f0587d67E3dad0 to=0x0000000000000000000000000000000000000000
t=2023-06-02T16:09:00+0800 lvl=trce msg="Removed old queued transactions"        count=0
t=2023-06-02T16:09:00+0800 lvl=trce msg="Pooled new future transaction"          hash=0xaac98f991d8f42f8c0c624ace4c3a4e75bd37219d274de1585cbdb0393f91911 from=0x44a6Ae12C4A0457140A041408a8EcE9ed9f24602 to=0x0000000000000000000000000000000000000000
t=2023-06-02T16:09:00+0800 lvl=trce msg="Removed unpayable queued transactions"  count=0
t=2023-06-02T16:09:00+0800 lvl=trce msg="Promoted queued transactions"           count=1
t=2023-06-02T16:09:00+0800 lvl=trce msg="Pooled new future transaction"          hash=0x496b880341a5488481ac865cd2b425086296312aa7e8d6fe08372ad85fa7cba9 from=0xBEc7e084Bfa8250123FbFc47b1f0587d67E3dad0 to=0x0000000000000000000000000000000000000000
t=2023-06-02T16:09:00+0800 lvl=trce msg="Pooled new future transaction"          hash=0x0a5a2748f267a398cbe21f108240630cd506b79690662980ae2470d3c4725250 from=0xbf186BC9fa4975D227B3dC76067880ec67530CE9 to=0x0000000000000000000000000000000000000000
t=2023-06-02T16:09:00+0800 lvl=trce msg="Pooled new future transaction"          hash=0xe22567001607849beaa1179b1f2e6867bbe58b10d81d9cc39fab5b062f06fce7 from=0xCFC47F30b04C66f86493cef54a9Af4fd12A8cD65 to=0x0000000000000000000000000000000000000000
t=2023-06-02T16:09:00+0800 lvl=trce msg="Pooled new future transaction"          hash=0x61f4f52f0f5e81c752894fed71cca1ef65670baf05f7a6a0585a090941136ef9 from=0xBEc7e084Bfa8250123FbFc47b1f0587d67E3dad0 to=0x0000000000000000000000000000000000000000
t=2023-06-02T16:09:00+0800 lvl=trce msg="Pooled new future transaction"          hash=0x0084f057760e6584cf137dda1b81f09b41861b31d1bcd6e243838156781943c8 from=0xCFC47F30b04C66f86493cef54a9Af4fd12A8cD65 to=0x0000000000000000000000000000000000000000
t=2023-06-02T16:09:00+0800 lvl=trce msg="Pooled new future transaction"          hash=0x0c227bff83bb418aabf256d7b5eaeb59e5c070eec9ff591a0477cc68ad6940b5 from=0xCFC47F30b04C66f86493cef54a9Af4fd12A8cD65 to=0x0000000000000000000000000000000000000000
t=2023-06-02T16:09:00+0800 lvl=trce msg="Pooled new future transaction"          hash=0xabbb52ea896efcff01d5e95b2e987f102adb1dcad59d7cc05fa5d10a9750bf31 from=0xCFC47F30b04C66f86493cef54a9Af4fd12A8cD65 to=0x0000000000000000000000000000000000000000
t=2023-06-02T16:09:00+0800 lvl=trce msg="Pooled new future transaction"          hash=0x698a19651ed1acde7f09f54ff7d1f183b0d11e983680819632bf8797f8cf4224 from=0xCFC47F30b04C66f86493cef54a9Af4fd12A8cD65 to=0x0000000000000000000000000000000000000000
t=2023-06-02T16:09:00+0800 lvl=trce msg="Pooled new future transaction"          hash=0x2d2deb43f951dd854298dd43eb7ffa5a14883f12dcf1134faf96b337844766a5 from=0xCFC47F30b04C66f86493cef54a9Af4fd12A8cD65 to=0x0000000000000000000000000000000000000000
t=2023-06-02T16:09:00+0800 lvl=trce msg="Pooled new future transaction"          hash=0xc8454cd77b2be8281051d652ff12fefd1ab91a7f8c55de5669195b3a760d5aaa from=0xCFC47F30b04C66f86493cef54a9Af4fd12A8cD65 to=0x0000000000000000000000000000000000000000
t=2023-06-02T16:09:00+0800 lvl=trce msg="Pooled new future transaction"          hash=0xc2cc04dc6a7674c883a308b37c1a0837b0df3631189f456fe1942ec8efe17fb8 from=0xCFC47F30b04C66f86493cef54a9Af4fd12A8cD65 to=0x0000000000000000000000000000000000000000
t=2023-06-02T16:09:00+0800 lvl=trce msg="Pooled new future transaction"          hash=0x94f76ca36a0df5869ff6b40b7d4cb8fa30e5e7d47e7ab3947e2336803dd3e00c from=0xCFC47F30b04C66f86493cef54a9Af4fd12A8cD65 to=0x0000000000000000000000000000000000000000
t=2023-06-02T16:09:00+0800 lvl=trce msg="Pooled new future transaction"          hash=0x6c54fbb398da498f6e134e3a92fdbc489e9b0140d9a63aa0cd1845e55adce732 from=0xCFC47F30b04C66f86493cef54a9Af4fd12A8cD65 to=0x0000000000000000000000000000000000000000
t=2023-06-02T16:09:00+0800 lvl=trce msg="Pooled new future transaction"          hash=0xcb5007fe2e50c6e2dc4438fe809e4205eca981014bbf3e87c46bef72a697ea64 from=0xbf186BC9fa4975D227B3dC76067880ec67530CE9 to=0x0000000000000000000000000000000000000000
t=2023-06-02T16:09:00+0800 lvl=trce msg="Pooled new future transaction"          hash=0x8e8726546144a038110735fa60eb953ae8c1c040ab2f5ddeb9f26aebe871bae6 from=0xbf186BC9fa4975D227B3dC76067880ec67530CE9 to=0x0000000000000000000000000000000000000000
t=2023-06-02T16:09:00+0800 lvl=trce msg="Pooled new future transaction"          hash=0x47dd01deee8b72205ddaad1553080090a706016b0b41f811d27b9a96f7d79b09 from=0xbf186BC9fa4975D227B3dC76067880ec67530CE9 to=0x0000000000000000000000000000000000000000
t=2023-06-02T16:09:00+0800 lvl=trce msg="Discarding freshly underpriced transaction" hash=0xf7cbd3866a225154df4938a5b62945a76fd6c3d1f646e5671b9e2f546b54a805 gasTipCap=12 gasFeeCap=312
t=2023-06-02T16:09:00+0800 lvl=trce msg="Pooled new future transaction"          hash=0xf23217c12b2dce71a9d1bc12bf18f30c6c54ec0aa3d38969e0caadf97684ba3b from=0xf03AcaC00F868ce30bdB2509c615E4ED207BC062 to=0x0000000000000000000000000000000000000000
t=2023-06-02T16:09:00+0800 lvl=trce msg="Removed old queued transactions"        count=0
t=2023-06-02T16:09:00+0800 lvl=trce msg="Removed unpayable queued transactions"  count=0
t=2023-06-02T16:09:00+0800 lvl=trce msg="Promoted queued transactions"           count=1
t=2023-06-02T16:09:00+0800 lvl=trce msg="Pooled new future transaction"          hash=0xe72b1a5f659b2ac390724ebc7fc40304723227adc355569bbc3a6e5e206dd800 from=0x66e0851F1a162869024b4C9f6b1C4Fc5cb4832F1 to=0x0000000000000000000000000000000000000000
t=2023-06-02T16:09:00+0800 lvl=trce msg="Removed old queued transactions"        count=0
t=2023-06-02T16:09:00+0800 lvl=trce msg="Pooled new future transaction"          hash=0xec24d5435db6ef56ffc7b0421e6aea00816037ce5a668b487634e94a0923c9e9 from=0xFa3BDC8D5458a2cFE93614054908869c0742Fdf3 to=0x0000000000000000000000000000000000000000
t=2023-06-02T16:09:00+0800 lvl=trce msg="Pooled new future transaction"          hash=0x8786022fe535a9bb707d33985204dd753c4986b5f45d1adbf18cefea703c8d0e from=0xFa3BDC8D5458a2cFE93614054908869c0742Fdf3 to=0x0000000000000000000000000000000000000000
t=2023-06-02T16:09:00+0800 lvl=trce msg="Pooled new future transaction"          hash=0xbec021581dadeabbc76cc99d0ccbfe79d30e433680f3477cd27445a4fe40e306 from=0x3c286197C62C1A98d355AbEDd2c3915ECeBB8E5B to=0x0000000000000000000000000000000000000000
t=2023-06-02T16:09:00+0800 lvl=trce msg="Pooled new future transaction"          hash=0xf2f4aeebff3725f9ab4f5cfeae3c1bcbbce7c79dc8edf6bca80e856acd342df0 from=0x3c286197C62C1A98d355AbEDd2c3915ECeBB8E5B to=0x0000000000000000000000000000000000000000
t=2023-06-02T16:09:00+0800 lvl=trce msg="Pooled new future transaction"          hash=0x95185ddcc4fe7281d84dd9bada4f6c5e75feda53e99f87f2ae8d33bc4b44af25 from=0xFa3BDC8D5458a2cFE93614054908869c0742Fdf3 to=0x0000000000000000000000000000000000000000
t=2023-06-02T16:09:00+0800 lvl=trce msg="Pooled new future transaction"          hash=0x3976111d9b7634c6b70438e17e47cb308c8ff4c970cf1d6a755451a0d3be528c from=0x3c286197C62C1A98d355AbEDd2c3915ECeBB8E5B to=0x0000000000000000000000000000000000000000
t=2023-06-02T16:09:00+0800 lvl=trce msg="Pooled new future transaction"          hash=0x67b0924c6675d7222635193f9958b65310a1dd83510e327e69a39c8365c927a3 from=0x50D0b6Fb1C5EA22b2E581a6357ca4549E221557a to=0x0000000000000000000000000000000000000000
t=2023-06-02T16:09:00+0800 lvl=trce msg="Pooled new future transaction"          hash=0xa45a1aee01781dbf74c98fea03ff4c341dce8d200415f2f6c8aa06745685409f from=0x3c286197C62C1A98d355AbEDd2c3915ECeBB8E5B to=0x0000000000000000000000000000000000000000
t=2023-06-02T16:09:00+0800 lvl=trce msg="Pooled new future transaction"          hash=0xc7c0b4a532d1347eecda171f8f65fd465e78e00095d401c951ebdeab520f4e36 from=0x50D0b6Fb1C5EA22b2E581a6357ca4549E221557a to=0x0000000000000000000000000000000000000000
t=2023-06-02T16:09:00+0800 lvl=trce msg="Pooled new future transaction"          hash=0x5c4f81da6a5266d85b666ded4af00af758b02d934c4fdfb3967208e5262558bc from=0x116119582f7387fA28Fc7D6f6de515384F543035 to=0x0000000000000000000000000000000000000000
t=2023-06-02T16:09:00+0800 lvl=trce msg="Pooled new future transaction"          hash=0x0be7a696a1a713b78b6ffbfe5399816e60c6ef0474398980e25ee64b04fda132 from=0xCFC47F30b04C66f86493cef54a9Af4fd12A8cD65 to=0x0000000000000000000000000000000000000000
t=2023-06-02T16:09:00+0800 lvl=trce msg="Pooled new future transaction"          hash=0x9b2c11ae111e12a552cca23a0c24bf91ed371e55523cfd1af006da8ca9e16999 from=0xCFC47F30b04C66f86493cef54a9Af4fd12A8cD65 to=0x0000000000000000000000000000000000000000
t=2023-06-02T16:09:00+0800 lvl=trce msg="Pooled new future transaction"          hash=0xbe3d4a4cc4033b909214a0cd1079b19370ef8eb26c0e471fab72c762f2c60e16 from=0xCFC47F30b04C66f86493cef54a9Af4fd12A8cD65 to=0x0000000000000000000000000000000000000000
t=2023-06-02T16:09:00+0800 lvl=trce msg="Pooled new future transaction"          hash=0x2dabe883cbae51401141ca4b674ba82e6e9b52607dbe0e2b6a5d4df0cc51988b from=0xCFC47F30b04C66f86493cef54a9Af4fd12A8cD65 to=0x0000000000000000000000000000000000000000
t=2023-06-02T16:09:00+0800 lvl=trce msg="Discarding freshly underpriced transaction" hash=0x86c81891b8feeb754db06ece4b5c713a6f0ee7af67775b8900131e9c780a9960 gasTipCap=13 gasFeeCap=313
t=2023-06-02T16:09:00+0800 lvl=trce msg="Pooled new future transaction"          hash=0x92b25450716ce22997c906ff07b0b124b9e868353a7b853607248814d7e0a6d5 from=0xCFC47F30b04C66f86493cef54a9Af4fd12A8cD65 to=0x0000000000000000000000000000000000000000
t=2023-06-02T16:09:00+0800 lvl=trce msg="Pooled new future transaction"          hash=0x0913172bdde19744d9e9b098e78e64be0c423b5a4bc92d6497b3ba328b8be5dd from=0xCFC47F30b04C66f86493cef54a9Af4fd12A8cD65 to=0x0000000000000000000000000000000000000000
t=2023-06-02T16:09:00+0800 lvl=trce msg="Pooled new future transaction"          hash=0x22eb0e62bcc88ffb537ee1268e21970b728e6c72a7bf40f2daad39a6cbf86015 from=0xCFC47F30b04C66f86493cef54a9Af4fd12A8cD65 to=0x0000000000000000000000000000000000000000
t=2023-06-02T16:09:00+0800 lvl=trce msg="Pooled new future transaction"          hash=0x4fe3bd59dbdc2f2aebdb138a073b67bf6328baaf5bd6eea55c8849cb86bbb36a from=0xCFC47F30b04C66f86493cef54a9Af4fd12A8cD65 to=0x0000000000000000000000000000000000000000
t=2023-06-02T16:09:00+0800 lvl=trce msg="Pooled new future transaction"          hash=0xf90e265ff4bebc53981859aea78900e2ca2dbd7b7133e6bb92fb24b00d49e658 from=0xCFC47F30b04C66f86493cef54a9Af4fd12A8cD65 to=0x0000000000000000000000000000000000000000
t=2023-06-02T16:09:00+0800 lvl=trce msg="Pooled new future transaction"          hash=0xf8cc76eda48175b9654b619d7335dcc3f11cca4ab3830ffdeb1cb8e20aa7b82e from=0xCFC47F30b04C66f86493cef54a9Af4fd12A8cD65 to=0x0000000000000000000000000000000000000000
t=2023-06-02T16:09:00+0800 lvl=trce msg="Pooled new future transaction"          hash=0x6bec603ee805b03370dd4fe9fc22ada5430b7d317796a606fb2d31572647540b from=0xCFC47F30b04C66f86493cef54a9Af4fd12A8cD65 to=0x0000000000000000000000000000000000000000
t=2023-06-02T16:09:00+0800 lvl=trce msg="Pooled new future transaction"          hash=0xbddc24a72ebdb4701082ba82833eaf208898e1ac1d94f423f3b52577c599d3d6 from=0xCFC47F30b04C66f86493cef54a9Af4fd12A8cD65 to=0x0000000000000000000000000000000000000000
t=2023-06-02T16:09:00+0800 lvl=trce msg="Pooled new future transaction"          hash=0x5dec4ccd6eec05fb06533bd8feb203c7979d1c0dd5d0abfad6577fe5ca09d71d from=0x9FBE556AFb073335ff64FF39946906999B29C1C9 to=0x0000000000000000000000000000000000000000
t=2023-06-02T16:09:00+0800 lvl=trce msg="Removed old queued transactions"        count=0
t=2023-06-02T16:09:00+0800 lvl=trce msg="Removed unpayable queued transactions"  count=0
t=2023-06-02T16:09:00+0800 lvl=trce msg="Promoted queued transactions"           count=1
t=2023-06-02T16:09:00+0800 lvl=trce msg="Removed unpayable queued transactions"  count=0
t=2023-06-02T16:09:00+0800 lvl=trce msg="Promoted queued transactions"           count=1
t=2023-06-02T16:09:00+0800 lvl=trce msg="Pooled new future transaction"          hash=0xea5af2fa00a6e8101cb01b57ab1a2990cc0f85d1bd5c75375ac4195c040e8b4b from=0x50D0b6Fb1C5EA22b2E581a6357ca4549E221557a to=0x0000000000000000000000000000000000000000
t=2023-06-02T16:09:00+0800 lvl=trce msg="Pooled new future transaction"          hash=0xee1f5aebe2ef0599e9789c86a4d8292fe52e8ba0367ce986fefd1dc72df5e88d from=0x3c286197C62C1A98d355AbEDd2c3915ECeBB8E5B to=0x0000000000000000000000000000000000000000
t=2023-06-02T16:09:00+0800 lvl=trce msg="Pooled new future transaction"          hash=0xa165c1a506bff29f7d4ed18f829e9edc122639185f19a0f68b4115a9db1dfaff from=0x50D0b6Fb1C5EA22b2E581a6357ca4549E221557a to=0x0000000000000000000000000000000000000000
t=2023-06-02T16:09:00+0800 lvl=trce msg="Pooled new future transaction"          hash=0xd9cfb76ce63eab3de71251c750406f15df338a8d9b9b79e2cc1ee36910da1a8f from=0x116119582f7387fA28Fc7D6f6de515384F543035 to=0x0000000000000000000000000000000000000000
t=2023-06-02T16:09:00+0800 lvl=trce msg="Pooled new future transaction"          hash=0xf69131f04dfb69500b7f90789ea1a761da5d298b290b10842800036aaec9e347 from=0xFa3BDC8D5458a2cFE93614054908869c0742Fdf3 to=0x0000000000000000000000000000000000000000
t=2023-06-02T16:09:00+0800 lvl=trce msg="Pooled new future transaction"          hash=0xb88921bfb165e5f8ab7f0aa31c08c366dca169f8cf81b271b3833a6595f5832c from=0x50D0b6Fb1C5EA22b2E581a6357ca4549E221557a to=0x0000000000000000000000000000000000000000
t=2023-06-02T16:09:00+0800 lvl=trce msg="Pooled new future transaction"          hash=0x9ff5aca960d26159a282709fdadde1d3fc8cd62c49a588065c07747f457763d1 from=0xFa3BDC8D5458a2cFE93614054908869c0742Fdf3 to=0x0000000000000000000000000000000000000000
t=2023-06-02T16:09:00+0800 lvl=trce msg="Pooled new future transaction"          hash=0xdfcad01e6495055a56179e47ecadfb953ec2a222a42333e48a75b08f3b2e8b46 from=0xFa3BDC8D5458a2cFE93614054908869c0742Fdf3 to=0x0000000000000000000000000000000000000000
t=2023-06-02T16:09:00+0800 lvl=trce msg="Pooled new future transaction"          hash=0xa33ba91c815ec35609c47cb0196ffa4713d5dd5ed9a7dccf3a0c954e0e50ed6e from=0x9BF12759c287b70FeE459c3F50e0b44808E87a35 to=0x0000000000000000000000000000000000000000
t=2023-06-02T16:09:00+0800 lvl=trce msg="Pooled new future transaction"          hash=0xecc645e518a600563ee1b69cdd4f7b2e9f6a251196c3ff5bbd4e25bd178eaca4 from=0xBEc7e084Bfa8250123FbFc47b1f0587d67E3dad0 to=0x0000000000000000000000000000000000000000
t=2023-06-02T16:09:00+0800 lvl=trce msg="Pooled new future transaction"          hash=0xb739b7bbf54c680aa10429d0f87c321c1e8d6ccd9c853f755488fb9928950874 from=0xBEc7e084Bfa8250123FbFc47b1f0587d67E3dad0 to=0x0000000000000000000000000000000000000000
t=2023-06-02T16:09:00+0800 lvl=trce msg="Pooled new future transaction"          hash=0xf25ebd3bb25b07294e4993ed055dd57282fb04b91ab635a32899cb0a1d33f4be from=0x44a6Ae12C4A0457140A041408a8EcE9ed9f24602 to=0x0000000000000000000000000000000000000000
t=2023-06-02T16:09:00+0800 lvl=trce msg="Pooled new future transaction"          hash=0x60844a457c7db298d8248795ff1e8adb4704f40bbffae478d3ac2bd139cb1dfc from=0x66e0851F1a162869024b4C9f6b1C4Fc5cb4832F1 to=0x0000000000000000000000000000000000000000
t=2023-06-02T16:09:00+0800 lvl=trce msg="Removed old queued transactions"        count=0
t=2023-06-02T16:09:00+0800 lvl=trce msg="Removed unpayable queued transactions"  count=0
t=2023-06-02T16:09:00+0800 lvl=trce msg="Promoted queued transactions"           count=0
t=2023-06-02T16:09:00+0800 lvl=trce msg="Pooled new future transaction"          hash=0xa5908161a32dceb74d4d862ce4651f4eaba75bd5f95b00ab3384d6427923843a from=0xCFC47F30b04C66f86493cef54a9Af4fd12A8cD65 to=0x0000000000000000000000000000000000000000
t=2023-06-02T16:09:00+0800 lvl=trce msg="Pooled new future transaction"          hash=0xdf5679516c475486faef38034887d359e5fe79ecdc74ddeb535248510f561721 from=0xCFC47F30b04C66f86493cef54a9Af4fd12A8cD65 to=0x0000000000000000000000000000000000000000
t=2023-06-02T16:09:00+0800 lvl=trce msg="Pooled new future transaction"          hash=0x04761a17aac77aba669932c8d7dc1287f90c4d58cb27192e328ebf9f9c365631 from=0xCFC47F30b04C66f86493cef54a9Af4fd12A8cD65 to=0x0000000000000000000000000000000000000000
t=2023-06-02T16:09:00+0800 lvl=trce msg="Pooled new future transaction"          hash=0xc4bd956b0b150f0f63082b4029462b02878b80188a4624fc49abf2757a7aea4a from=0xCFC47F30b04C66f86493cef54a9Af4fd12A8cD65 to=0x0000000000000000000000000000000000000000
t=2023-06-02T16:09:00+0800 lvl=trce msg="Discarding freshly underpriced transaction" hash=0x4edbb0aaa32558920c1f0b4855b4cc42c636be5e4835fd10b646e5bcd936db0b gasTipCap=14 gasFeeCap=314
t=2023-06-02T16:09:00+0800 lvl=trce msg="Pooled new future transaction"          hash=0x8e206ac3fb4d50dc1535a722dbc9de5a2a54d46e276e8c3d2adb796fcd4725e2 from=0xCFC47F30b04C66f86493cef54a9Af4fd12A8cD65 to=0x0000000000000000000000000000000000000000
t=2023-06-02T16:09:00+0800 lvl=trce msg="Pooled new future transaction"          hash=0x96b6cee1a18acbd394c9895cc9b35698fe33fcd7cdea1f6214dae757096d6814 from=0xCFC47F30b04C66f86493cef54a9Af4fd12A8cD65 to=0x0000000000000000000000000000000000000000
t=2023-06-02T16:09:00+0800 lvl=trce msg="Pooled new future transaction"          hash=0x11626d34a4c31790440699ca25cb9f71bab06d8cd1e3e0017851eaf9ee996141 from=0x7628e7c918DAaf4dfbF615023fDBcF72b8479bCe to=0x0000000000000000000000000000000000000000
t=2023-06-02T16:09:00+0800 lvl=trce msg="Pooled new future transaction"          hash=0x3ba8732db8bf3dab31687e5b9d80647c1963721f5fb7f9af9bef97ac5f8c3d27 from=0xCFC47F30b04C66f86493cef54a9Af4fd12A8cD65 to=0x0000000000000000000000000000000000000000
t=2023-06-02T16:09:00+0800 lvl=trce msg="Pooled new future transaction"          hash=0x7d2994efcc15a004a86fd796844c3fc258bd94359e93d799b0d6aad97032ce31 from=0xCFC47F30b04C66f86493cef54a9Af4fd12A8cD65 to=0x0000000000000000000000000000000000000000
t=2023-06-02T16:09:00+0800 lvl=trce msg="Pooled new future transaction"          hash=0xeb4d411451c00c1afb79ae47b24d8ad1cb5c806857085c4fb85fbc1a5491189f from=0xCFC47F30b04C66f86493cef54a9Af4fd12A8cD65 to=0x0000000000000000000000000000000000000000
t=2023-06-02T16:09:00+0800 lvl=trce msg="Pooled new future transaction"          hash=0x8fe6acfc8ec676302d92f2cf37436d8c4464c9c0422886c6fb9516df986c4062 from=0xCFC47F30b04C66f86493cef54a9Af4fd12A8cD65 to=0x0000000000000000000000000000000000000000
t=2023-06-02T16:09:00+0800 lvl=trce msg="Pooled new future transaction"          hash=0xf8a0b29ff68824d552881b8814c029b6c03ed0305f156714451cfd42f416dfde from=0xCFC47F30b04C66f86493cef54a9Af4fd12A8cD65 to=0x0000000000000000000000000000000000000000
t=2023-06-02T16:09:00+0800 lvl=trce msg="Pooled new future transaction"          hash=0x4fd385fae38685821333ba484fd7efcfed76804a8441b6926df2483a43f50e88 from=0x8F61bF9055A0d8899780Fe28632A9ec5B4A13f34 to=0x0000000000000000000000000000000000000000
t=2023-06-02T16:09:00+0800 lvl=trce msg="Removed old queued transactions"        count=0
t=2023-06-02T16:09:00+0800 lvl=trce msg="Removed old queued transactions"        count=0
t=2023-06-02T16:09:00+0800 lvl=trce msg="Removed unpayable queued transactions"  count=0
t=2023-06-02T16:09:00+0800 lvl=trce msg="Promoted queued transactions"           count=1
t=2023-06-02T16:09:00+0800 lvl=trce msg="Pooled new future transaction"          hash=0xe988598d56817702010bf9761d3b0c8c21b1035f87f05c8116b816f8821ac1fa from=0xbf186BC9fa4975D227B3dC76067880ec67530CE9 to=0x0000000000000000000000000000000000000000
t=2023-06-02T16:09:00+0800 lvl=trce msg="Pooled new future transaction"          hash=0x3ab531b4a0ae4cc3ed5ec67c0fd5a758abac2c349fbffecde4f323aa0f542ff4 from=0x44a6Ae12C4A0457140A041408a8EcE9ed9f24602 to=0x0000000000000000000000000000000000000000
t=2023-06-02T16:09:00+0800 lvl=trce msg="Pooled new future transaction"          hash=0x6b20f6a7465c225c503402f0289bbf20f2f1458afc0ef50a486b0ce35cff82f4 from=0xbf186BC9fa4975D227B3dC76067880ec67530CE9 to=0x0000000000000000000000000000000000000000
t=2023-06-02T16:09:00+0800 lvl=trce msg="Pooled new future transaction"          hash=0x2f3bd05a1d472fa1db7ed13b9dec216cd6f6617390f6846fad5847bc69de810b from=0x44a6Ae12C4A0457140A041408a8EcE9ed9f24602 to=0x0000000000000000000000000000000000000000
t=2023-06-02T16:09:00+0800 lvl=trce msg="Pooled new future transaction"          hash=0xdf3c7c985f7ca9f3da1752a3d747345908a6ad9e60c9c9b79188193f91d1992b from=0xbf186BC9fa4975D227B3dC76067880ec67530CE9 to=0x0000000000000000000000000000000000000000
t=2023-06-02T16:09:00+0800 lvl=trce msg="Pooled new future transaction"          hash=0x6b1eabdaa3bd6417370fe223ea80077b18e2b2cdcd3ba4edecb30f3a9d03db2c from=0x50D0b6Fb1C5EA22b2E581a6357ca4549E221557a to=0x0000000000000000000000000000000000000000
t=2023-06-02T16:09:00+0800 lvl=trce msg="Pooled new future transaction"          hash=0xb24bef05c903be0ca3c04a6077773f600c5725bf817313e308f4eaf334112267 from=0x3c286197C62C1A98d355AbEDd2c3915ECeBB8E5B to=0x0000000000000000000000000000000000000000
t=2023-06-02T16:09:00+0800 lvl=trce msg="Pooled new future transaction"          hash=0x32dc591fc1a33effe322d5cc20b9e8a4240c4e2bf0a98ac5eeba90e67ea70803 from=0xFa3BDC8D5458a2cFE93614054908869c0742Fdf3 to=0x0000000000000000000000000000000000000000
t=2023-06-02T16:09:00+0800 lvl=trce msg="Pooled new future transaction"          hash=0xddad8bff2b07602244a26c72cefb6ee3a0d3945226754a6faa94a4544fd39b79 from=0xFa3BDC8D5458a2cFE93614054908869c0742Fdf3 to=0x0000000000000000000000000000000000000000
t=2023-06-02T16:09:00+0800 lvl=trce msg="Pooled new future transaction"          hash=0x7a45eba3961c6fad907980d9082a37ff43e22866ef2313933234834773d0b32b from=0x50D0b6Fb1C5EA22b2E581a6357ca4549E221557a to=0x0000000000000000000000000000000000000000
t=2023-06-02T16:09:00+0800 lvl=trce msg="Pooled new future transaction"          hash=0xc864aabe27ef20cdfb23b534609a34341ed79c2161214ccb0a1b86e4febf906f from=0x50D0b6Fb1C5EA22b2E581a6357ca4549E221557a to=0x0000000000000000000000000000000000000000
t=2023-06-02T16:09:00+0800 lvl=trce msg="Pooled new future transaction"          hash=0x33365dfa8fe0db0a3f40ea9a30513e67cc9c1a4acd44ca048f7442dd114bccc5 from=0x7628e7c918DAaf4dfbF615023fDBcF72b8479bCe to=0x0000000000000000000000000000000000000000
t=2023-06-02T16:09:00+0800 lvl=trce msg="Removed old queued transactions"        count=0
t=2023-06-02T16:09:00+0800 lvl=trce msg="Removed unpayable queued transactions"  count=0
t=2023-06-02T16:09:00+0800 lvl=trce msg="Promoted queued transactions"           count=0
t=2023-06-02T16:09:00+0800 lvl=trce msg="Removed unpayable queued transactions"  count=0
t=2023-06-02T16:09:00+0800 lvl=trce msg="Promoted queued transactions"           count=1
t=2023-06-02T16:09:00+0800 lvl=trce msg="Pooled new future transaction"          hash=0xc35277e52581ab57baae7e852f0b65db2e0287d8d039f7c8867d155d2e3616de from=0xBEc7e084Bfa8250123FbFc47b1f0587d67E3dad0 to=0x0000000000000000000000000000000000000000
t=2023-06-02T16:09:00+0800 lvl=trce msg="Pooled new future transaction"          hash=0xcd3e4c1b08810e6c96924b6baf662f3c0b79dc13f818d927ac980f9df4784ef8 from=0x44a6Ae12C4A0457140A041408a8EcE9ed9f24602 to=0x0000000000000000000000000000000000000000
t=2023-06-02T16:09:00+0800 lvl=trce msg="Pooled new future transaction"          hash=0xf19e9a4a1d1c53b9d2701042a23e0d51951e2e2db14ce0551a056e8d76de95e8 from=0x9BF12759c287b70FeE459c3F50e0b44808E87a35 to=0x0000000000000000000000000000000000000000
t=2023-06-02T16:09:00+0800 lvl=trce msg="Pooled new future transaction"          hash=0x5679002ec65f5097670f1de7e927698db55caf7d0623a77da5a49e0c346cec58 from=0x9BF12759c287b70FeE459c3F50e0b44808E87a35 to=0x0000000000000000000000000000000000000000
t=2023-06-02T16:09:00+0800 lvl=trce msg="Pooled new future transaction"          hash=0x664abf5545415a1d0652cf8df8bd42bf16da2e2578395a8d7e86d8ad795e6bed from=0xBEc7e084Bfa8250123FbFc47b1f0587d67E3dad0 to=0x0000000000000000000000000000000000000000
t=2023-06-02T16:09:00+0800 lvl=trce msg="Pooled new future transaction"          hash=0x86e7e765654a430fe7ac0a937e0cff351a63d53d151e395dbc70cf197df8f757 from=0x66e0851F1a162869024b4C9f6b1C4Fc5cb4832F1 to=0x0000000000000000000000000000000000000000
t=2023-06-02T16:09:00+0800 lvl=trce msg="Pooled new future transaction"          hash=0x23f43bc5d1e7121179b2ed09f0a41f5da1702f1f0b4ba7eef8c3eb465549afd6 from=0xbf186BC9fa4975D227B3dC76067880ec67530CE9 to=0x0000000000000000000000000000000000000000
t=2023-06-02T16:09:00+0800 lvl=trce msg="Removed old queued transactions"        count=0
t=2023-06-02T16:09:00+0800 lvl=trce msg="Pooled new future transaction"          hash=0x034f19513b66f43a1075cf46df684d3f13f9104f1b6c6fba3f412acfdb0a9cf6 from=0x44a6Ae12C4A0457140A041408a8EcE9ed9f24602 to=0x0000000000000000000000000000000000000000
t=2023-06-02T16:09:00+0800 lvl=trce msg="Removed unpayable queued transactions"  count=0
t=2023-06-02T16:09:00+0800 lvl=trce msg="Promoted queued transactions"           count=1
t=2023-06-02T16:09:00+0800 lvl=trce msg="Pooled new future transaction"          hash=0xac57efec43939ad7a7ecc94667deb9fc629af5935752b851586ad4f011ab6b12 from=0xCFC47F30b04C66f86493cef54a9Af4fd12A8cD65 to=0x0000000000000000000000000000000000000000
t=2023-06-02T16:09:00+0800 lvl=trce msg="Pooled new future transaction"          hash=0xa2909793f4fe3d35da6de1b0a86b301e2558670a353b89cd7e086626e9c6a575 from=0xCFC47F30b04C66f86493cef54a9Af4fd12A8cD65 to=0x0000000000000000000000000000000000000000
t=2023-06-02T16:09:00+0800 lvl=trce msg="Pooled new future transaction"          hash=0x307d5b160b402443fc290c51583aec5536ee23629d26f6636af942a1c89f0ade from=0xCFC47F30b04C66f86493cef54a9Af4fd12A8cD65 to=0x0000000000000000000000000000000000000000
t=2023-06-02T16:09:00+0800 lvl=trce msg="Discarding freshly underpriced transaction" hash=0x321bb898eb51f037dacc8a9b3ffbd399ab9408b80320574343407df425003236 gasTipCap=15 gasFeeCap=315
t=2023-06-02T16:09:00+0800 lvl=trce msg="Pooled new future transaction"          hash=0x9b25706babc10ef5f170ebcb2747465ef1a17eb234d90b89584de557e48cf28c from=0xCFC47F30b04C66f86493cef54a9Af4fd12A8cD65 to=0x0000000000000000000000000000000000000000
t=2023-06-02T16:09:00+0800 lvl=trce msg="Pooled new future transaction"          hash=0x1a06fe7394c7efb41c6945d78369d7e6a82cfa1a6a87b746f8c5342b7cd56a40 from=0xCFC47F30b04C66f86493cef54a9Af4fd12A8cD65 to=0x0000000000000000000000000000000000000000
t=2023-06-02T16:09:00+0800 lvl=trce msg="Pooled new future transaction"          hash=0x426ce0ead60c1c0fab099827f95fabffbed5ed16dd89919fd996d0333e5a9a22 from=0x9BF12759c287b70FeE459c3F50e0b44808E87a35 to=0x0000000000000000000000000000000000000000
t=2023-06-02T16:09:00+0800 lvl=trce msg="Pooled new future transaction"          hash=0xf3b7abc5a5b719a9956b40e80df52da5288211c1a292a71d5f440fb887d94b27 from=0x66e0851F1a162869024b4C9f6b1C4Fc5cb4832F1 to=0x0000000000000000000000000000000000000000
t=2023-06-02T16:09:00+0800 lvl=trce msg="Removed old queued transactions"        count=0
t=2023-06-02T16:09:00+0800 lvl=trce msg="Removed unpayable queued transactions"  count=0
t=2023-06-02T16:09:00+0800 lvl=trce msg="Pooled new future transaction"          hash=0x4f9ac0d862cdfbfa69ed7e44bce091241d143d8d3d3c12b4db2163d3af56470a from=0xf3104B60e4D38510550d150208A8aF6e9BFB84bb to=0x0000000000000000000000000000000000000000
t=2023-06-02T16:09:00+0800 lvl=trce msg="Removed old queued transactions"        count=0
t=2023-06-02T16:09:00+0800 lvl=trce msg="Removed unpayable queued transactions"  count=0
t=2023-06-02T16:09:00+0800 lvl=trce msg="Promoted queued transactions"           count=1
t=2023-06-02T16:09:00+0800 lvl=trce msg="Pooled new future transaction"          hash=0x19fc0d8f190e2800fd92149946ad3eeb4b1b0c45abf285a0cf2028fe7183b0f0 from=0xbf186BC9fa4975D227B3dC76067880ec67530CE9 to=0x0000000000000000000000000000000000000000
t=2023-06-02T16:09:00+0800 lvl=trce msg="Pooled new future transaction"          hash=0x8d1b3c6e6cd97252bfe253b59e23dd033eb349830a841dc39c7bc344749a8d58 from=0x44a6Ae12C4A0457140A041408a8EcE9ed9f24602 to=0x0000000000000000000000000000000000000000
t=2023-06-02T16:09:00+0800 lvl=trce msg="Pooled new future transaction"          hash=0xe2d6c94d41b07aa8881abdf89fb4cf7514be7e8f53ab4f5c9944fd51ee1a731b from=0x116119582f7387fA28Fc7D6f6de515384F543035 to=0x0000000000000000000000000000000000000000
t=2023-06-02T16:09:00+0800 lvl=trce msg="Pooled new future transaction"          hash=0xb473a33a28b737ef994460893f89e08e1d4f7af3f2fd76f37ede0f84c1648bf5 from=0x3c286197C62C1A98d355AbEDd2c3915ECeBB8E5B to=0x0000000000000000000000000000000000000000
t=2023-06-02T16:09:00+0800 lvl=trce msg="Pooled new future transaction"          hash=0x83f5f9cae5c359053145f7e0fa45cda5da119af63d5b1aa0421685bab5b7f739 from=0x3c286197C62C1A98d355AbEDd2c3915ECeBB8E5B to=0x0000000000000000000000000000000000000000
t=2023-06-02T16:09:00+0800 lvl=trce msg="Pooled new future transaction"          hash=0xb94553068877fc58eae08cd05ff80832e148efde5e4b090e00a9f2e57a98464e from=0x3c286197C62C1A98d355AbEDd2c3915ECeBB8E5B to=0x0000000000000000000000000000000000000000
t=2023-06-02T16:09:00+0800 lvl=trce msg="Pooled new future transaction"          hash=0xf3398d838a28f465700819eb65b084b313bca8bbaf4576be041ac53227541057 from=0xFa3BDC8D5458a2cFE93614054908869c0742Fdf3 to=0x0000000000000000000000000000000000000000
t=2023-06-02T16:09:00+0800 lvl=trce msg="Pooled new future transaction"          hash=0x95844049f173b400e81b32f52a393f02f009d13f95f35e66b9b4218383ba55dc from=0xFa3BDC8D5458a2cFE93614054908869c0742Fdf3 to=0x0000000000000000000000000000000000000000
t=2023-06-02T16:09:00+0800 lvl=trce msg="Discarding freshly underpriced transaction" hash=0x45dc2fa535880acb8cc9272f1af0002b63a4d10f18821436b4f439747c190e78 gasTipCap=16 gasFeeCap=316
t=2023-06-02T16:09:00+0800 lvl=trce msg="Pooled new future transaction"          hash=0x844000fc2056f803402f8ba67650d7607413d2f5ebd188c4983b9eaa8e153a67 from=0xFa3BDC8D5458a2cFE93614054908869c0742Fdf3 to=0x0000000000000000000000000000000000000000
t=2023-06-02T16:09:00+0800 lvl=trce msg="Pooled new future transaction"          hash=0xbe3010dc235520cdca996659902ea318e4433ddf88f2e14c6dc5f7c5ab484615 from=0xf3e568F3CcD9eF534721C8476A90992bf72d15AD to=0x0000000000000000000000000000000000000000
t=2023-06-02T16:09:00+0800 lvl=trce msg="Pooled new future transaction"          hash=0xaad1ad73680659bb00549fc6caf373696f7522a1dccf4495f5467313647dc11f from=0x116119582f7387fA28Fc7D6f6de515384F543035 to=0x0000000000000000000000000000000000000000
t=2023-06-02T16:09:00+0800 lvl=trce msg="Removed old queued transactions"        count=0
t=2023-06-02T16:09:00+0800 lvl=trce msg="Removed unpayable queued transactions"  count=0
t=2023-06-02T16:09:00+0800 lvl=trce msg="Pooled new future transaction"          hash=0x796a5810101f9e39f18039d7fe49d64ed342e7900ca66b0342227bcd12b44e90 from=0xCFC47F30b04C66f86493cef54a9Af4fd12A8cD65 to=0x0000000000000000000000000000000000000000
t=2023-06-02T16:09:00+0800 lvl=trce msg="Pooled new future transaction"          hash=0x387f7ac91d2a0a774fdf7a92aad50f3d63a62d848dd92248bef740021616084c from=0xCFC47F30b04C66f86493cef54a9Af4fd12A8cD65 to=0x0000000000000000000000000000000000000000
t=2023-06-02T16:09:00+0800 lvl=trce msg="Pooled new future transaction"          hash=0xd8983300ecef297996e7eab70f8b4137901dba824a94d13b72d8c08062b9c9a8 from=0xCFC47F30b04C66f86493cef54a9Af4fd12A8cD65 to=0x0000000000000000000000000000000000000000
t=2023-06-02T16:09:00+0800 lvl=trce msg="Pooled new future transaction"          hash=0xd91ca7f3ffb643144ec5ce87c31598330cc562c7a51866b289743ade0912dbc5 from=0xCFC47F30b04C66f86493cef54a9Af4fd12A8cD65 to=0x0000000000000000000000000000000000000000
t=2023-06-02T16:09:00+0800 lvl=trce msg="Pooled new future transaction"          hash=0x1f4df65f7326eee5a865e03348fe25ec272094d591b78c9ac9963b83386a154a from=0xCFC47F30b04C66f86493cef54a9Af4fd12A8cD65 to=0x0000000000000000000000000000000000000000
t=2023-06-02T16:09:00+0800 lvl=trce msg="Pooled new future transaction"          hash=0xf226e2d24bba6ff8c7b34a102b761e7aef4f4143853512710151397dfd37a80d from=0xCFC47F30b04C66f86493cef54a9Af4fd12A8cD65 to=0x0000000000000000000000000000000000000000
t=2023-06-02T16:09:00+0800 lvl=trce msg="Pooled new future transaction"          hash=0x5bf7ab24f9df9542ac772c3590710196ae049dce5e459b2f311c4666fc816ba0 from=0xCFC47F30b04C66f86493cef54a9Af4fd12A8cD65 to=0x0000000000000000000000000000000000000000
t=2023-06-02T16:09:00+0800 lvl=trce msg="Pooled new future transaction"          hash=0x1ad920fe923506046aa20d02d781f08ebc4c9bb5c5cce4a0123ab67a05303f65 from=0xCFC47F30b04C66f86493cef54a9Af4fd12A8cD65 to=0x0000000000000000000000000000000000000000
t=2023-06-02T16:09:00+0800 lvl=trce msg="Pooled new future transaction"          hash=0x1fc5c8f3632e6d55f9a27525253677fa7ad8c0601705e676f31c2b7cb9a2487f from=0xCFC47F30b04C66f86493cef54a9Af4fd12A8cD65 to=0x0000000000000000000000000000000000000000
t=2023-06-02T16:09:00+0800 lvl=trce msg="Pooled new future transaction"          hash=0xb13549fef7e431f7fbe48e983c77c888b7d624a864866d2a539c7cbbb87f964e from=0xCFC47F30b04C66f86493cef54a9Af4fd12A8cD65 to=0x0000000000000000000000000000000000000000
t=2023-06-02T16:09:00+0800 lvl=trce msg="Pooled new future transaction"          hash=0x8112fdbdfb87a3ccd5e8daa2da5f123683f308279c002234580e9ed2e506a58c from=0xCFC47F30b04C66f86493cef54a9Af4fd12A8cD65 to=0x0000000000000000000000000000000000000000
t=2023-06-02T16:09:00+0800 lvl=trce msg="Pooled new future transaction"          hash=0xd9faf8a85bd2dfb1905c0176af5b9325269594979a9b49a2700803554862858b from=0xCFC47F30b04C66f86493cef54a9Af4fd12A8cD65 to=0x0000000000000000000000000000000000000000
t=2023-06-02T16:09:00+0800 lvl=trce msg="Pooled new future transaction"          hash=0xfceda817afdbd9711596c8b17041b5b9a4e11b827064c8f8ae92c5e439cab058 from=0xCFC47F30b04C66f86493cef54a9Af4fd12A8cD65 to=0x0000000000000000000000000000000000000000
t=2023-06-02T16:09:00+0800 lvl=trce msg="Pooled new future transaction"          hash=0x17f2ad211a3ed5e9f39ddaba37fb50469e9290091805c77cba4b7ce988d7a4ac from=0xCFC47F30b04C66f86493cef54a9Af4fd12A8cD65 to=0x0000000000000000000000000000000000000000
t=2023-06-02T16:09:00+0800 lvl=trce msg="Pooled new future transaction"          hash=0x6f4282dc8851ea77672f5f8c065e799479abf5c75f4a5274a0ab7eae76252e21 from=0xCFC47F30b04C66f86493cef54a9Af4fd12A8cD65 to=0x0000000000000000000000000000000000000000
t=2023-06-02T16:09:00+0800 lvl=trce msg="Pooled new future transaction"          hash=0xbcd168ef136dd52cf3f25b1adeb750425ba11845864cf74c5aba85af20d62b9f from=0xCFC47F30b04C66f86493cef54a9Af4fd12A8cD65 to=0x0000000000000000000000000000000000000000
t=2023-06-02T16:09:00+0800 lvl=trce msg="Pooled new future transaction"          hash=0x9cd17526914f27361c85235a90af6f6c414f8bdf9ba58eb1292233473410d186 from=0xCFC47F30b04C66f86493cef54a9Af4fd12A8cD65 to=0x0000000000000000000000000000000000000000
t=2023-06-02T16:09:00+0800 lvl=trce msg="Pooled new future transaction"          hash=0xf0c894d50a17612853c966fc870dde6b0d4d6372da29afb8c8a129b2502c3438 from=0xCFC47F30b04C66f86493cef54a9Af4fd12A8cD65 to=0x0000000000000000000000000000000000000000
t=2023-06-02T16:09:00+0800 lvl=trce msg="Pooled new future transaction"          hash=0xdfdb70679ab8e5e634387910ee2a5c9988145f1a147745fb8fa5b6d334c7759f from=0xCFC47F30b04C66f86493cef54a9Af4fd12A8cD65 to=0x0000000000000000000000000000000000000000
t=2023-06-02T16:09:00+0800 lvl=trce msg="Discarding invalid transaction"         hash=0x8bff717de06fdba8c18898733b51e8f05aada647d721628091aebeaddeb2c7b3 err="oversized data"
t=2023-06-02T16:09:00+0800 lvl=trce msg="Pooled new future transaction"          hash=0x7c9cd0861028bdb8e17226ed0957cced84a7c7f859c3af603a3995c395982e58 from=0xCFC47F30b04C66f86493cef54a9Af4fd12A8cD65 to=0x0000000000000000000000000000000000000000
t=2023-06-02T16:09:00+0800 lvl=trce msg="Pooled new future transaction"          hash=0xc977b5f4743a60e32c1f3f1c5ebae661b42e0740557e2455d6a5fdc4314949f0 from=0xCFC47F30b04C66f86493cef54a9Af4fd12A8cD65 to=0x0000000000000000000000000000000000000000
t=2023-06-02T16:09:00+0800 lvl=info msg="Transaction pool stopped"
--- PASS: TestTransactionAllowedTxSize (0.01s)
=== CONT  TestTransactionTipAboveFeeCap
t=2023-06-02T16:09:00+0800 lvl=trce msg="Pooled new future transaction"          hash=0xe511208827cb0ad2026bb97b5ee0ed7b65dbf9633f3d2b0d30c918f2004221b9 from=0xCFC47F30b04C66f86493cef54a9Af4fd12A8cD65 to=0x0000000000000000000000000000000000000000
t=2023-06-02T16:09:00+0800 lvl=trce msg="Promoted queued transactions"           count=0
t=2023-06-02T16:09:00+0800 lvl=trce msg="Pooled new future transaction"          hash=0xf5cd8bb52609175e2bbd4bfafeb9c0e994fd8df72d15e70a7f527fc7dc214041 from=0xCFC47F30b04C66f86493cef54a9Af4fd12A8cD65 to=0x0000000000000000000000000000000000000000
t=2023-06-02T16:09:00+0800 lvl=trce msg="Pooled new future transaction"          hash=0x493aa80ae821a002abfe05e211a6b13ce3cf53e346e5c9096071cdabcb9ccebc from=0xCFC47F30b04C66f86493cef54a9Af4fd12A8cD65 to=0x0000000000000000000000000000000000000000
t=2023-06-02T16:09:00+0800 lvl=trce msg="Pooled new future transaction"          hash=0x1a7a9cdffd20f49c2c8bae6cc47a8010db2af182f1c5f7a892766023bc3689d0 from=0xCFC47F30b04C66f86493cef54a9Af4fd12A8cD65 to=0x0000000000000000000000000000000000000000
t=2023-06-02T16:09:00+0800 lvl=trce msg="Pooled new future transaction"          hash=0x18ac1ccdb61e057e649890219e53d03297937064de3c9956e25ede7633184a39 from=0xCFC47F30b04C66f86493cef54a9Af4fd12A8cD65 to=0x0000000000000000000000000000000000000000
t=2023-06-02T16:09:00+0800 lvl=trce msg="Pooled new future transaction"          hash=0x225e086072f3bcdef446a823657d6411ff0c90f69193c3280ef4598223eddef3 from=0xCFC47F30b04C66f86493cef54a9Af4fd12A8cD65 to=0x0000000000000000000000000000000000000000
t=2023-06-02T16:09:00+0800 lvl=trce msg="Pooled new future transaction"          hash=0x0d86f4e7e7f8f6850d99b6f443fddd780dfdab7f291ce83a06156b752a1f2841 from=0xbf186BC9fa4975D227B3dC76067880ec67530CE9 to=0x0000000000000000000000000000000000000000
t=2023-06-02T16:09:00+0800 lvl=dbug msg="Reinjecting stale transactions"         count=0
t=2023-06-02T16:09:00+0800 lvl=trce msg="Pooled new future transaction"          hash=0x06403ce853a16ae6e3a0ebc0ba140f6fc2d7221aa6f7cb7f55995c8536013b94 from=0x9BF12759c287b70FeE459c3F50e0b44808E87a35 to=0x0000000000000000000000000000000000000000
t=2023-06-02T16:09:00+0800 lvl=trce msg="Pooled new future transaction"          hash=0xd13549ebdaf98df147afcd17f6270959992b7cf20bce2d9f2e433b38761d943e from=0xBEc7e084Bfa8250123FbFc47b1f0587d67E3dad0 to=0x0000000000000000000000000000000000000000
t=2023-06-02T16:09:00+0800 lvl=trce msg="Pooled new future transaction"          hash=0xd4d3ae5dc9c9c4a5334059c91687d3a1e618a5d291279c16ba7db871f0df2d18 from=0xbf186BC9fa4975D227B3dC76067880ec67530CE9 to=0x0000000000000000000000000000000000000000
t=2023-06-02T16:09:00+0800 lvl=trce msg="Pooled new future transaction"          hash=0x8d46192209ea5a831ca09585b6ef96c39ccb105571bf78784a62d412feaa643f from=0x9BF12759c287b70FeE459c3F50e0b44808E87a35 to=0x0000000000000000000000000000000000000000
t=2023-06-02T16:09:00+0800 lvl=trce msg="Pooled new future transaction"          hash=0x31178d44504bd4578b37ac94bf917c9db219e109f451a1817d72e55f0c40fe65 from=0x44a6Ae12C4A0457140A041408a8EcE9ed9f24602 to=0x0000000000000000000000000000000000000000
t=2023-06-02T16:09:00+0800 lvl=trce msg="Pooled new future transaction"          hash=0xa12ca9035a48eabf717698d4e267496561e8c0cf21385130f6812d5318ce364d from=0x44a6Ae12C4A0457140A041408a8EcE9ed9f24602 to=0x0000000000000000000000000000000000000000
t=2023-06-02T16:09:00+0800 lvl=trce msg="Pooled new future transaction"          hash=0xf565e1cf0e5c3934cf1ea3fa4160e1ca6adf28b040781c209c069f4ebba87bee from=0x7628e7c918DAaf4dfbF615023fDBcF72b8479bCe to=0x0000000000000000000000000000000000000000
t=2023-06-02T16:09:00+0800 lvl=trce msg="Removed old queued transactions"        count=0
t=2023-06-02T16:09:00+0800 lvl=trce msg="Removed unpayable queued transactions"  count=0
t=2023-06-02T16:09:00+0800 lvl=trce msg="Promoted queued transactions"           count=1
t=2023-06-02T16:09:00+0800 lvl=trce msg="Discarding invalid transaction"         hash=0x46e83a4b29d635f57ebac5294a9eaf4f2650a8acece85ca451d862d670a74050 err="max priority fee per gas higher than max fee per gas"
t=2023-06-02T16:09:00+0800 lvl=trce msg="Pooled new future transaction"          hash=0x2a3a4d39589dbcb8ac458f169c7d868f37ec66950c69386df507793e2a385d89 from=0xBEc7e084Bfa8250123FbFc47b1f0587d67E3dad0 to=0x0000000000000000000000000000000000000000
t=2023-06-02T16:09:00+0800 lvl=info msg="Transaction pool stopped"
--- PASS: TestTransactionTipAboveFeeCap (0.00s)
=== CONT  TestTransactionDoubleNonce
t=2023-06-02T16:09:00+0800 lvl=trce msg="Pooled new future transaction"          hash=0xabd1cd67181149431b805ea9cd43326f4907dff39b08b593c125ec0c6e68e8f8 from=0x44a6Ae12C4A0457140A041408a8EcE9ed9f24602 to=0x0000000000000000000000000000000000000000
t=2023-06-02T16:09:00+0800 lvl=trce msg="Pooled new future transaction"          hash=0xf6ac5135e46266e595c6a02badb503afb80dbdd4fc062669d3cdd2bbb33de487 from=0x9BF12759c287b70FeE459c3F50e0b44808E87a35 to=0x0000000000000000000000000000000000000000
t=2023-06-02T16:09:00+0800 lvl=trce msg="Pooled new future transaction"          hash=0xcd453f8e134823220ff5126c4688f90e00398ff26e39834d6fa69d78672ac945 from=0xbf186BC9fa4975D227B3dC76067880ec67530CE9 to=0x0000000000000000000000000000000000000000
t=2023-06-02T16:09:00+0800 lvl=trce msg="Pooled new future transaction"          hash=0xe9b32703ec0086fc877b385ec465d3131ca625ad3a829aae48a349e7edc15131 from=0xCFC47F30b04C66f86493cef54a9Af4fd12A8cD65 to=0x0000000000000000000000000000000000000000
t=2023-06-02T16:09:00+0800 lvl=trce msg="Pooled new future transaction"          hash=0x6ec360e948a81737e89fd9065cf8c919b92642b441e66b360ae277723ecb13c5 from=0xCFC47F30b04C66f86493cef54a9Af4fd12A8cD65 to=0x0000000000000000000000000000000000000000
t=2023-06-02T16:09:00+0800 lvl=dbug msg="Reinjecting stale transactions"         count=0
t=2023-06-02T16:09:00+0800 lvl=trce msg="Pooled new future transaction"          hash=0x9a256ee593fa7d53636e169577fced75400b38b789bbf966776b1d2bea977dbc from=0xCFC47F30b04C66f86493cef54a9Af4fd12A8cD65 to=0x0000000000000000000000000000000000000000
t=2023-06-02T16:09:00+0800 lvl=trce msg="Pooled new future transaction"          hash=0x40a28602d26bd787ef151e534739dc6ed3aa55c667c4dd10e1ce38703338300d from=0xCFC47F30b04C66f86493cef54a9Af4fd12A8cD65 to=0x0000000000000000000000000000000000000000
t=2023-06-02T16:09:00+0800 lvl=trce msg="Promoted queued transactions"           count=1
t=2023-06-02T16:09:00+0800 lvl=trce msg="Pooled new future transaction"          hash=0xf438bd44d0327bf67459da56a091051f2d03a481862ce5c76d587395e3ea3aaa from=0x7628e7c918DAaf4dfbF615023fDBcF72b8479bCe to=0x0000000000000000000000000000000000000000
t=2023-06-02T16:09:00+0800 lvl=trce msg="Removed old queued transactions"        count=0
t=2023-06-02T16:09:00+0800 lvl=trce msg="Pooled new future transaction"          hash=0xc2d9caf11594e62ad9a86d9e308899230877fd0cec4968b927a6d59dec963b1a from=0x44a6Ae12C4A0457140A041408a8EcE9ed9f24602 to=0x0000000000000000000000000000000000000000
t=2023-06-02T16:09:00+0800 lvl=trce msg="Pooled new future transaction"          hash=0x548a39f63a223b570fc58480ffbe247ba7862ff1950b2b4f2ac8b0257f333d16 from=0xbf186BC9fa4975D227B3dC76067880ec67530CE9 to=0x0000000000000000000000000000000000000000
t=2023-06-02T16:09:00+0800 lvl=trce msg="Pooled new future transaction"          hash=0x53ea800907ae8ccb82b34c3a19bf5151376d7c49a8cbd5d4a3cd7b72f55f6ca3 from=0xBEc7e084Bfa8250123FbFc47b1f0587d67E3dad0 to=0x0000000000000000000000000000000000000000
t=2023-06-02T16:09:00+0800 lvl=trce msg="Pooled new future transaction"          hash=0x87085d9c8941436f4c9165b2568481b8f29ef5f0924c1b5587c22dda7c875438 from=0xbf186BC9fa4975D227B3dC76067880ec67530CE9 to=0x0000000000000000000000000000000000000000
t=2023-06-02T16:09:00+0800 lvl=trce msg="Pooled new future transaction"          hash=0x04c7068ebb1e58a0182ab853f0b9cc3f57abc16cbeec2fdbf95473dbcc7e4b0e from=0x3c286197C62C1A98d355AbEDd2c3915ECeBB8E5B to=0x0000000000000000000000000000000000000000
t=2023-06-02T16:09:00+0800 lvl=trce msg="Pooled new future transaction"          hash=0xdf00c632cb5dda23a9f8effd4ee47539e0cdb44f3ba450d474a94072cfdc086f from=0x50D0b6Fb1C5EA22b2E581a6357ca4549E221557a to=0x0000000000000000000000000000000000000000
t=2023-06-02T16:09:00+0800 lvl=trce msg="Discarding freshly underpriced transaction" hash=0xabc5edba64a841d4274c68001aa856078e21994449bb1ed1df31d601842881fd gasTipCap=17 gasFeeCap=317
t=2023-06-02T16:09:00+0800 lvl=trce msg="Pooled new future transaction"          hash=0x81ecc1e28f0876e2b050f98cda888b1cfe441d8c0bcd8fa2f87b160bade9a68b from=0x116119582f7387fA28Fc7D6f6de515384F543035 to=0x0000000000000000000000000000000000000000
t=2023-06-02T16:09:00+0800 lvl=trce msg="Pooled new future transaction"          hash=0xcaf091048f9c79e898a92f377fb746a80350a0a604e4ccf2a03c5a26a853cea9 from=0xCFC47F30b04C66f86493cef54a9Af4fd12A8cD65 to=0x0000000000000000000000000000000000000000
t=2023-06-02T16:09:00+0800 lvl=trce msg="Pooled new future transaction"          hash=0xc83c21aecd5d1ec19bce5a797179dab00f1ad7b1528aea89532216a6f155e89f from=0x116119582f7387fA28Fc7D6f6de515384F543035 to=0x0000000000000000000000000000000000000000
t=2023-06-02T16:09:00+0800 lvl=trce msg="Pooled new future transaction"          hash=0x37894db77c1a8e02e7f8046423134f4a9ef765ede404a86a541d931c40894a50 from=0x116119582f7387fA28Fc7D6f6de515384F543035 to=0x0000000000000000000000000000000000000000
t=2023-06-02T16:09:00+0800 lvl=trce msg="Pooled new future transaction"          hash=0xce2488b7604d93260ea2c3098d93de08ef6fc7eb1609fdf4889ec613a12b39a2 from=0x50D0b6Fb1C5EA22b2E581a6357ca4549E221557a to=0x0000000000000000000000000000000000000000
t=2023-06-02T16:09:00+0800 lvl=trce msg="Pooled new future transaction"          hash=0x250c2b8f2281ce4df99b8f76bad6f61b9257bbfdb7bb740313b7cf868b720cb4 from=0x3c286197C62C1A98d355AbEDd2c3915ECeBB8E5B to=0x0000000000000000000000000000000000000000
t=2023-06-02T16:09:00+0800 lvl=trce msg="Pooled new future transaction"          hash=0xf2d13914a42d357f12f6d169a238485b83d682cd3d157989b886e411c5948af9 from=0x69C380FEEA9c2D474820A022e65d913715D87B25 to=0x0000000000000000000000000000000000000000
t=2023-06-02T16:09:00+0800 lvl=trce msg="Removed old queued transactions"        count=0
t=2023-06-02T16:09:00+0800 lvl=trce msg="Removed unpayable queued transactions"  count=0
t=2023-06-02T16:09:00+0800 lvl=trce msg="Promoted queued transactions"           count=1
t=2023-06-02T16:09:00+0800 lvl=trce msg="Pooled new future transaction"          hash=0xee31570b3860b2bdd7313cc32badfb8ad79e177cbae5b94455e40f629719551f from=0xCFC47F30b04C66f86493cef54a9Af4fd12A8cD65 to=0x0000000000000000000000000000000000000000
t=2023-06-02T16:09:00+0800 lvl=trce msg="Pooled new future transaction"          hash=0xffb66ae5e1b35d321ad1bc0be575a26a24d110ccadede8c7f47f3ae9aba5ccdb from=0x1b524b0a7543831a17E018274ea9D22c1E0007C4 to=0x0000000000000000000000000000000000000000
t=2023-06-02T16:09:00+0800 lvl=trce msg="Removed old queued transactions"        count=0
t=2023-06-02T16:09:00+0800 lvl=trce msg="Pooled new future transaction"          hash=0x35c203fff74a629cfd63f58c4fb7eb5449ba1ac6529ed19d5f8adb9b5ddfe230 from=0xCFC47F30b04C66f86493cef54a9Af4fd12A8cD65 to=0x0000000000000000000000000000000000000000
t=2023-06-02T16:09:00+0800 lvl=trce msg="Pooled new future transaction"          hash=0x6200377b423fdc6826c63af6cb91cd9345b80e3fdbe83d28002b852d9d089b6d from=0xCFC47F30b04C66f86493cef54a9Af4fd12A8cD65 to=0x0000000000000000000000000000000000000000
t=2023-06-02T16:09:00+0800 lvl=trce msg="Pooled new future transaction"          hash=0x1aa0fd1a255904b323fcb130bf0842465faf5e003730287b9a0c8fc03d08856e from=0xCFC47F30b04C66f86493cef54a9Af4fd12A8cD65 to=0x0000000000000000000000000000000000000000
t=2023-06-02T16:09:00+0800 lvl=trce msg="Pooled new future transaction"          hash=0x25a680fdc9ae5b3cb0741e017cfd7dfd4841f1ff20ff94705ae812a3bdc9689f from=0xCFC47F30b04C66f86493cef54a9Af4fd12A8cD65 to=0x0000000000000000000000000000000000000000
t=2023-06-02T16:09:00+0800 lvl=trce msg="Pooled new future transaction"          hash=0x33dd74a284d8e5d80c3180bf97eb0c04d474015f708acf397b12195aeb25ef98 from=0x9BF12759c287b70FeE459c3F50e0b44808E87a35 to=0x0000000000000000000000000000000000000000
t=2023-06-02T16:09:00+0800 lvl=trce msg="Pooled new future transaction"          hash=0x1d63b911412f8688ebd02717dd71680ce71a9d7ac9fdd272ab92ea51e5d0b25c from=0xCFC47F30b04C66f86493cef54a9Af4fd12A8cD65 to=0x0000000000000000000000000000000000000000
t=2023-06-02T16:09:00+0800 lvl=trce msg="Discarding freshly underpriced transaction" hash=0x21371c5cf7c6b4c00264f1b1ad289f6c4a512943dac5f91a967f9bd077718281 gasTipCap=18 gasFeeCap=318
t=2023-06-02T16:09:00+0800 lvl=trce msg="Pooled new future transaction"          hash=0xd2c25b43dc77bfb0980ed016a25e2cfe5afb9dadda1781ebd8a8ae5a1d21c438 from=0x34e6927Dd20bE8b73304061625Cbc6544F73Ed19 to=0x0000000000000000000000000000000000000000
t=2023-06-02T16:09:00+0800 lvl=trce msg="Removed old queued transactions"        count=0
t=2023-06-02T16:09:00+0800 lvl=trce msg="Removed unpayable queued transactions"  count=0
t=2023-06-02T16:09:00+0800 lvl=trce msg="Pooled new future transaction"          hash=0x23c83dcbf854aa4ca3aac58911fcbae27baa5ce651bc27327a1bcaf3e76b8bdb from=0x9BF12759c287b70FeE459c3F50e0b44808E87a35 to=0x0000000000000000000000000000000000000000
t=2023-06-02T16:09:00+0800 lvl=trce msg="Pooled new future transaction"          hash=0x53f2cb2d0583bde1bcfb3101b8931ec329ba8dab210fcd56e261a43060c133e7 from=0xBEc7e084Bfa8250123FbFc47b1f0587d67E3dad0 to=0x0000000000000000000000000000000000000000
t=2023-06-02T16:09:00+0800 lvl=trce msg="Pooled new future transaction"          hash=0x3f994f559497c5a347d1881a03c44fcab70bdff303146f9eafea67118395b732 from=0x9BF12759c287b70FeE459c3F50e0b44808E87a35 to=0x0000000000000000000000000000000000000000
t=2023-06-02T16:09:00+0800 lvl=trce msg="Pooled new future transaction"          hash=0xdda4e4bb881ed6373cfd7dd3e431bc4a16d23404f7647ce7b0cd7666903c7be8 from=0x44a6Ae12C4A0457140A041408a8EcE9ed9f24602 to=0x0000000000000000000000000000000000000000
t=2023-06-02T16:09:00+0800 lvl=trce msg="Pooled new future transaction"          hash=0x0246baf197c1d1df1804a0d41d9848ba9bfe4972ea59b213dc3a0a519816eb65 from=0xbf186BC9fa4975D227B3dC76067880ec67530CE9 to=0x0000000000000000000000000000000000000000
t=2023-06-02T16:09:00+0800 lvl=trce msg="Pooled new future transaction"          hash=0x028e00ae09c9845753e4383544eb6568dc44e3f1231f46afbcef78d75f3ec411 from=0x3c286197C62C1A98d355AbEDd2c3915ECeBB8E5B to=0x0000000000000000000000000000000000000000
t=2023-06-02T16:09:00+0800 lvl=trce msg="Pooled new future transaction"          hash=0x67fcde7b863bc3fbee21365bb8e49f565a5481cb0da979df1a59cb0b22c65694 from=0xBEc7e084Bfa8250123FbFc47b1f0587d67E3dad0 to=0x0000000000000000000000000000000000000000
t=2023-06-02T16:09:00+0800 lvl=trce msg="Pooled new future transaction"          hash=0xee69706b9d2a5c4faada36bccf4158d90a2f0578362f85408531007d835ffe43 from=0x3c286197C62C1A98d355AbEDd2c3915ECeBB8E5B to=0x0000000000000000000000000000000000000000
t=2023-06-02T16:09:00+0800 lvl=trce msg="Pooled new future transaction"          hash=0xcdd4f1440d42bde43d0759916f5eef212492c5a36fc26200a1299db46d43ccae from=0x116119582f7387fA28Fc7D6f6de515384F543035 to=0x0000000000000000000000000000000000000000
t=2023-06-02T16:09:00+0800 lvl=trce msg="Pooled new future transaction"          hash=0x5da2299a667f1067d4d6d76ba0b32ddccc271cdbdb0fec70a0d7776d83ddb387 from=0xFa3BDC8D5458a2cFE93614054908869c0742Fdf3 to=0x0000000000000000000000000000000000000000
t=2023-06-02T16:09:00+0800 lvl=trce msg="Pooled new future transaction"          hash=0x134ffc5a9a2d21343d9b5343a56b98b8e994a0b7c7769d7eb4d258edda2bc916 from=0x9BF12759c287b70FeE459c3F50e0b44808E87a35 to=0x0000000000000000000000000000000000000000
t=2023-06-02T16:09:00+0800 lvl=trce msg="Pooled new future transaction"          hash=0x3686546d1a7d6481b85d5503019c94ee7b0fe5ccb0f58b06d977d5e943067b79 from=0x50D0b6Fb1C5EA22b2E581a6357ca4549E221557a to=0x0000000000000000000000000000000000000000
t=2023-06-02T16:09:00+0800 lvl=trce msg="Pooled new future transaction"          hash=0xa8bfb4ead4e61ccc389207af9a7967c33ae75febcfc3bbadba9230cec8038769 from=0xBEc7e084Bfa8250123FbFc47b1f0587d67E3dad0 to=0x0000000000000000000000000000000000000000
t=2023-06-02T16:09:00+0800 lvl=trce msg="Pooled new future transaction"          hash=0x2c2306a04f9be0c1131ed6225feed12f83d079cb2a77092298b2f4b9e2695796 from=0xBEc7e084Bfa8250123FbFc47b1f0587d67E3dad0 to=0x0000000000000000000000000000000000000000
t=2023-06-02T16:09:00+0800 lvl=trce msg="Pooled new future transaction"          hash=0x48da6a291239fd1b812850ebce46b2c93de5e83925f83b599b26247b1ff2d670 from=0xbf186BC9fa4975D227B3dC76067880ec67530CE9 to=0x0000000000000000000000000000000000000000
t=2023-06-02T16:09:00+0800 lvl=trce msg="Pooled new future transaction"          hash=0x757e5aa28e19a66d683f946f57f70ab2f8b42b670ebf7fb2d7fb0ccf48690890 from=0xbf186BC9fa4975D227B3dC76067880ec67530CE9 to=0x0000000000000000000000000000000000000000
t=2023-06-02T16:09:00+0800 lvl=trce msg="Pooled new future transaction"          hash=0x009b83a2ccc190fa5823d7ff21d9ab1d90fa687ad0edc7396901e4ea9a3a02e6 from=0x9BF12759c287b70FeE459c3F50e0b44808E87a35 to=0x0000000000000000000000000000000000000000
t=2023-06-02T16:09:00+0800 lvl=trce msg="Pooled new future transaction"          hash=0x72ecd8bc56499e328884cbe3fc0880a1491a1dc8f50e9fc1f9863cbb8377fad1 from=0xFa3BDC8D5458a2cFE93614054908869c0742Fdf3 to=0x0000000000000000000000000000000000000000
t=2023-06-02T16:09:00+0800 lvl=trce msg="Pooled new future transaction"          hash=0x0f4097d73e328ce48b2b8f17b8970ba7b269f526f9821067e25589cff4bce011 from=0x50D0b6Fb1C5EA22b2E581a6357ca4549E221557a to=0x0000000000000000000000000000000000000000
t=2023-06-02T16:09:00+0800 lvl=trce msg="Pooled new future transaction"          hash=0xd0bd9696e875b47d6726f32f9f24695b1fc34bef074b8055f0c963f4a30a8a2b from=0xFa3BDC8D5458a2cFE93614054908869c0742Fdf3 to=0x0000000000000000000000000000000000000000
t=2023-06-02T16:09:00+0800 lvl=trce msg="Pooled new future transaction"          hash=0x5617b1f4451597da0c5bf4a3c1b83e677a310727dd1182f498f94876c4d83526 from=0x116119582f7387fA28Fc7D6f6de515384F543035 to=0x0000000000000000000000000000000000000000
t=2023-06-02T16:09:00+0800 lvl=trce msg="Pooled new future transaction"          hash=0x84a78cbe95aca2de25c73136ee1a6f9f4a33284921ab08c2f8742471e5ce6dc0 from=0x116119582f7387fA28Fc7D6f6de515384F543035 to=0x0000000000000000000000000000000000000000
t=2023-06-02T16:09:00+0800 lvl=trce msg="Pooled new future transaction"          hash=0x2ac04b1bedb0cbf1a9cbaaaf58e1df353937d2b4dce20954e70f441a32896904 from=0xCFC47F30b04C66f86493cef54a9Af4fd12A8cD65 to=0x0000000000000000000000000000000000000000
t=2023-06-02T16:09:00+0800 lvl=trce msg="Pooled new future transaction"          hash=0x5a75bd64a7835da2b85ce5b459a2dc8df2934543b8d6f35527b11774df0cef40 from=0x50D0b6Fb1C5EA22b2E581a6357ca4549E221557a to=0x0000000000000000000000000000000000000000
t=2023-06-02T16:09:00+0800 lvl=trce msg="Pooled new future transaction"          hash=0x21e0b56121f66cf87cefd7ae51a9d870ce1221736c42c260149611fd6ef8f280 from=0xCFC47F30b04C66f86493cef54a9Af4fd12A8cD65 to=0x0000000000000000000000000000000000000000
t=2023-06-02T16:09:00+0800 lvl=trce msg="Pooled new future transaction"          hash=0x6f1be3d80a10307c49ffd2825430e6b0235eabaa7cee785c1b2f6c3350296105 from=0xCFC47F30b04C66f86493cef54a9Af4fd12A8cD65 to=0x0000000000000000000000000000000000000000
t=2023-06-02T16:09:00+0800 lvl=trce msg="Pooled new future transaction"          hash=0x9b44a92e2e44ab5764e4667ae4d81b8118c34a65d9e47aaf95fd156e559d5226 from=0xCFC47F30b04C66f86493cef54a9Af4fd12A8cD65 to=0x0000000000000000000000000000000000000000
t=2023-06-02T16:09:00+0800 lvl=trce msg="Pooled new future transaction"          hash=0x0807c03fa8fc0cdcc783c088e47de1208cd7fbe3efef5e90a9fed09b7bed2313 from=0xCFC47F30b04C66f86493cef54a9Af4fd12A8cD65 to=0x0000000000000000000000000000000000000000
t=2023-06-02T16:09:00+0800 lvl=trce msg="Pooled new future transaction"          hash=0x2e01af5b7956cca0dd946c9149dd710cf52e60b1802cee813b2c5b56bca72f2a from=0xCFC47F30b04C66f86493cef54a9Af4fd12A8cD65 to=0x0000000000000000000000000000000000000000
t=2023-06-02T16:09:00+0800 lvl=trce msg="Pooled new future transaction"          hash=0x45d0e349ab0be7a7a66d6e57f08bdf5e571992e4c724b79f5696e4ac3a13b0d3 from=0x3c286197C62C1A98d355AbEDd2c3915ECeBB8E5B to=0x0000000000000000000000000000000000000000
t=2023-06-02T16:09:00+0800 lvl=trce msg="Pooled new future transaction"          hash=0x40e2bf356e0b7b21a886119a0714eac560daf3ba641ecdbc664997f96ff4525c from=0xCFC47F30b04C66f86493cef54a9Af4fd12A8cD65 to=0x0000000000000000000000000000000000000000
t=2023-06-02T16:09:00+0800 lvl=trce msg="Pooled new future transaction"          hash=0x29e7365736b8a9bcffd71f2331e8344d3e47e664350c5b5f1fbc97933679b524 from=0x50D0b6Fb1C5EA22b2E581a6357ca4549E221557a to=0x0000000000000000000000000000000000000000
t=2023-06-02T16:09:00+0800 lvl=trce msg="Pooled new future transaction"          hash=0xaa24142774c1bdffb76c3d8f7f19859883ad9dbf377f211c6c3f4b2c7a46ed91 from=0xCFC47F30b04C66f86493cef54a9Af4fd12A8cD65 to=0x0000000000000000000000000000000000000000
t=2023-06-02T16:09:00+0800 lvl=trce msg="Pooled new future transaction"          hash=0x4e049f41c486a005f79a48fbb28b9015bf7d4fbab148f07ecef992affe5e1c82 from=0xCFC47F30b04C66f86493cef54a9Af4fd12A8cD65 to=0x0000000000000000000000000000000000000000
t=2023-06-02T16:09:00+0800 lvl=trce msg="Pooled new future transaction"          hash=0x39da6a66e33fff7dfc33873ce74bfca7168ebb5e0136cd10dca46930419def2d from=0xCFC47F30b04C66f86493cef54a9Af4fd12A8cD65 to=0x0000000000000000000000000000000000000000
t=2023-06-02T16:09:00+0800 lvl=trce msg="Removed old queued transactions"        count=0
t=2023-06-02T16:09:00+0800 lvl=trce msg="Removed unpayable queued transactions"  count=0
t=2023-06-02T16:09:00+0800 lvl=trce msg="Pooled new future transaction"          hash=0x0aedb2bd03b1ea634b62b4951c45bced9c15dfd60152e516fab786b08202d745 from=0x50D0b6Fb1C5EA22b2E581a6357ca4549E221557a to=0x0000000000000000000000000000000000000000
t=2023-06-02T16:09:00+0800 lvl=trce msg="Pooled new future transaction"          hash=0xa175aba6bd5c1a73aa68fed799e5850822779f88ccb757310222046fda50cdc2 from=0x3c286197C62C1A98d355AbEDd2c3915ECeBB8E5B to=0x0000000000000000000000000000000000000000
t=2023-06-02T16:09:00+0800 lvl=trce msg="Pooled new future transaction"          hash=0xcd56ebd0cbbe66408e01e711118fecfd56d4a6fd13fa0362984555eb7908b10a from=0x116119582f7387fA28Fc7D6f6de515384F543035 to=0x0000000000000000000000000000000000000000
t=2023-06-02T16:09:00+0800 lvl=dbug msg="Reinjecting stale transactions"         count=0
t=2023-06-02T16:09:00+0800 lvl=trce msg="Removed unpayable queued transactions"  count=0
t=2023-06-02T16:09:00+0800 lvl=trce msg="Pooled new future transaction"          hash=0x26776d9c80a43942baa7fad2e6cd4895898a388aa3f8d0919536da2abc3497ea from=0x44a6Ae12C4A0457140A041408a8EcE9ed9f24602 to=0x0000000000000000000000000000000000000000
t=2023-06-02T16:09:00+0800 lvl=trce msg="Pooled new future transaction"          hash=0x759f99f92887b5be1c90548cb68001a22a5d6ffbe6852fa96830d547a4428384 from=0xFa3BDC8D5458a2cFE93614054908869c0742Fdf3 to=0x0000000000000000000000000000000000000000
t=2023-06-02T16:09:00+0800 lvl=trce msg="Pooled new future transaction"          hash=0xfb581584c9aac44f641608e3a811881f765322e1509b53e634b77647f68fe59c from=0x116119582f7387fA28Fc7D6f6de515384F543035 to=0x0000000000000000000000000000000000000000
t=2023-06-02T16:09:00+0800 lvl=trce msg="Pooled new future transaction"          hash=0x23a8ccf82d78534eb5ce9bfd30efe2fc0bdc39dd7465cf2c2a56055e50a4734a from=0x50D0b6Fb1C5EA22b2E581a6357ca4549E221557a to=0x0000000000000000000000000000000000000000
t=2023-06-02T16:09:00+0800 lvl=trce msg="Pooled new future transaction"          hash=0xdf10c55baa17358317566df65ee58e8ae1b2dd38d10a47a4cfdc1212c0339312 from=0x50D0b6Fb1C5EA22b2E581a6357ca4549E221557a to=0x0000000000000000000000000000000000000000
t=2023-06-02T16:09:00+0800 lvl=trce msg="Pooled new future transaction"          hash=0xe3cb43373d7fd52057484fb366b33b2756f4139d6819473ed968a1a5eb7ebd0e from=0x116119582f7387fA28Fc7D6f6de515384F543035 to=0x0000000000000000000000000000000000000000
t=2023-06-02T16:09:00+0800 lvl=trce msg="Pooled new future transaction"          hash=0xa1399560e2d05ab39dea1d4220702179ab86a01870ef3f4c499d609e2cf471c8 from=0xbf186BC9fa4975D227B3dC76067880ec67530CE9 to=0x0000000000000000000000000000000000000000
t=2023-06-02T16:09:00+0800 lvl=trce msg="Pooled new future transaction"          hash=0xfdafdb4ad702d5dab1e3a89d97719d59901876f35c8bd1852eb3646796898068 from=0xBEc7e084Bfa8250123FbFc47b1f0587d67E3dad0 to=0x0000000000000000000000000000000000000000
t=2023-06-02T16:09:00+0800 lvl=trce msg="Pooled new future transaction"          hash=0x70068a4b74b442ad5685dfb2162896d0cfb2357ca04887201beab247d4bfe4ab from=0xBEc7e084Bfa8250123FbFc47b1f0587d67E3dad0 to=0x0000000000000000000000000000000000000000
t=2023-06-02T16:09:00+0800 lvl=trce msg="Promoted queued transactions"           count=1
t=2023-06-02T16:09:00+0800 lvl=trce msg="Promoted queued transactions"           count=100
t=2023-06-02T16:09:00+0800 lvl=trce msg="Removed old queued transactions"        count=0
t=2023-06-02T16:09:00+0800 lvl=trce msg="Removed unpayable queued transactions"  count=0
t=2023-06-02T16:09:00+0800 lvl=trce msg="Pooled new future transaction"          hash=0x53225d4b86331cff1a42b42b0fb117ed2850ce7d6b172df181816eb0e100e699 from=0x986a6f7Ffc8eaCd9A910640A06eF9D8900C3526f to=0x0000000000000000000000000000000000000000
t=2023-06-02T16:09:00+0800 lvl=trce msg="Pooled new future transaction"          hash=0x614b2bf635d51275a132d41bd06f259a3615d31b596a3230577a540e4fb8c07c from=0xC9955F89D781c5d3B8551187e8A44954502aa7Cd to=0x0000000000000000000000000000000000000000
t=2023-06-02T16:09:00+0800 lvl=trce msg="Promoted queued transactions"           count=200
t=2023-06-02T16:09:00+0800 lvl=trce msg="Pooled new future transaction"          hash=0x2382b8ba305a16de6bec0b2132c6d79424216722fb4d137dd17a00c09cdc1e44 from=0x986a6f7Ffc8eaCd9A910640A06eF9D8900C3526f to=0x0000000000000000000000000000000000000000
t=2023-06-02T16:09:00+0800 lvl=trce msg="Removed old queued transactions"        count=0
t=2023-06-02T16:09:00+0800 lvl=trce msg="Removed unpayable queued transactions"  count=0
t=2023-06-02T16:09:00+0800 lvl=trce msg="Promoted queued transactions"           count=0
t=2023-06-02T16:09:00+0800 lvl=trce msg="Discarding freshly underpriced transaction" hash=0xda66384e3a6e1253a88e85be041688b08cec4ca9d841a70d86f13ac92ed9080a gasTipCap=19 gasFeeCap=319
t=2023-06-02T16:09:00+0800 lvl=trce msg="Discarding freshly underpriced transaction" hash=0x36fc65186c415365fb63793ea9ec04f8e8dd12ef056d7576a74b896d920dbdab gasTipCap=2  gasFeeCap=3
t=2023-06-02T16:09:00+0800 lvl=trce msg="Pooled new future transaction"          hash=0x6975398bc93bfdd34312c3340b91b8a204b2d2229539fcdccd1d858e9456187d from=0x8b3Af9A10A949849c926A9E013dd28054dDE0852 to=0x0000000000000000000000000000000000000000
t=2023-06-02T16:09:00+0800 lvl=trce msg="Removed old queued transactions"        count=0
t=2023-06-02T16:09:00+0800 lvl=trce msg="Removed unpayable queued transactions"  count=0
t=2023-06-02T16:09:00+0800 lvl=trce msg="Pooled new future transaction"          hash=0xbaadcc5601369d21bdbf6e968ab3dee2628a05a503e2c1ef2d24da4e4a07f389 from=0xbfB5d9a35a3751df7dEF36368E0c8d774042C192 to=0x0000000000000000000000000000000000000000
t=2023-06-02T16:09:00+0800 lvl=trce msg="Removed old queued transactions"        count=0
t=2023-06-02T16:09:00+0800 lvl=trce msg="Removed unpayable queued transactions"  count=0
t=2023-06-02T16:09:00+0800 lvl=trce msg="Pooled new future transaction"          hash=0xcbd9a2cf6fdaae1043498f89125ccbdb755ae50dead45633081bb73ff0e9d568 from=0xC9955F89D781c5d3B8551187e8A44954502aa7Cd to=0x0000000000000000000000000000000000000000
t=2023-06-02T16:09:00+0800 lvl=trce msg="Pooled new future transaction"          hash=0x1a2a208282a75bccc78f9b14bf626974601aba1206156510418273c41b6373d2 from=0x116119582f7387fA28Fc7D6f6de515384F543035 to=0x0000000000000000000000000000000000000000
t=2023-06-02T16:09:00+0800 lvl=trce msg="Pooled new future transaction"          hash=0x4599e66d0706ee9b6c7fba2e0d812168bd8b40eb5a6fedf8b3c7ca4492fe8655 from=0x50D0b6Fb1C5EA22b2E581a6357ca4549E221557a to=0x0000000000000000000000000000000000000000
t=2023-06-02T16:09:00+0800 lvl=trce msg="Pooled new future transaction"          hash=0x40f7460440ee1564b76b931c279320dee998d7c22db0b153bf70ca9ffa718ef6 from=0xFa3BDC8D5458a2cFE93614054908869c0742Fdf3 to=0x0000000000000000000000000000000000000000
t=2023-06-02T16:09:00+0800 lvl=trce msg="Pooled new future transaction"          hash=0x3483b4add690ace3ed00d320f324a14618505132252ee8ac0652baf5d529987f from=0xFa3BDC8D5458a2cFE93614054908869c0742Fdf3 to=0x0000000000000000000000000000000000000000
t=2023-06-02T16:09:00+0800 lvl=trce msg="Pooled new future transaction"          hash=0x9f1c2e333833b82dd0e4440ab0d9cdca2c039c0f1f3a4c65b19c1ae7af72a069 from=0xFa3BDC8D5458a2cFE93614054908869c0742Fdf3 to=0x0000000000000000000000000000000000000000
t=2023-06-02T16:09:00+0800 lvl=trce msg="Pooled new future transaction"          hash=0x65c3eae148dd49fb2778c7e9c2a434875169b979928a462e38cf5293e3933165 from=0x116119582f7387fA28Fc7D6f6de515384F543035 to=0x0000000000000000000000000000000000000000
t=2023-06-02T16:09:00+0800 lvl=trce msg="Pooled new future transaction"          hash=0x5dfd3f6ce76398db80c55762e933e43c4d88433a6af4ebbf885137a645ac1a9b from=0x50D0b6Fb1C5EA22b2E581a6357ca4549E221557a to=0x0000000000000000000000000000000000000000
t=2023-06-02T16:09:00+0800 lvl=trce msg="Promoted queued transactions"           count=1
t=2023-06-02T16:09:00+0800 lvl=trce msg="Pooled new future transaction"          hash=0xc252ca8f698d4d64ce50a5c55353d6c22fec1e4de035956c764ebf9897a35802 from=0xbf186BC9fa4975D227B3dC76067880ec67530CE9 to=0x0000000000000000000000000000000000000000
t=2023-06-02T16:09:00+0800 lvl=trce msg="Pooled new future transaction"          hash=0x649bfc23fecbaf0822a1b2336d20c1179fae528249f3a74f0da7ec525ecdbadd from=0xbf186BC9fa4975D227B3dC76067880ec67530CE9 to=0x0000000000000000000000000000000000000000
t=2023-06-02T16:09:00+0800 lvl=trce msg="Pooled new future transaction"          hash=0x37162e0fdacb4c8ffec12a98a08991f901ee5e4868b7e9de976d4d04119cc446 from=0xbf186BC9fa4975D227B3dC76067880ec67530CE9 to=0x0000000000000000000000000000000000000000
t=2023-06-02T16:09:00+0800 lvl=trce msg="Pooled new future transaction"          hash=0xc861abe3de81ec1d344d1b6ed023a07796c2f36c837767872da01accdbe4b084 from=0xbf186BC9fa4975D227B3dC76067880ec67530CE9 to=0x0000000000000000000000000000000000000000
t=2023-06-02T16:09:00+0800 lvl=trce msg="Pooled new future transaction"          hash=0xc3bc1866918a90cdd8a6c9ccae0bfdaae62d10af92eda6f74c0b088bdfa733e6 from=0xBEc7e084Bfa8250123FbFc47b1f0587d67E3dad0 to=0x0000000000000000000000000000000000000000
t=2023-06-02T16:09:00+0800 lvl=trce msg="Pooled new future transaction"          hash=0x224ef57295f212ae60b7e2c1b3d60c2c512ec1f06841b05e8a383a0ca9e27d0b from=0x9BF12759c287b70FeE459c3F50e0b44808E87a35 to=0x0000000000000000000000000000000000000000
t=2023-06-02T16:09:00+0800 lvl=trce msg="Pooled new future transaction"          hash=0x6146e75995ebf5193fb22a541d2817ba20edec0e260cd0075391182018d1ce2e from=0x44a6Ae12C4A0457140A041408a8EcE9ed9f24602 to=0x0000000000000000000000000000000000000000
t=2023-06-02T16:09:00+0800 lvl=trce msg="Pooled new future transaction"          hash=0x09ade173004b7a7d0852d0f3b00ca2600083be466e9808074aa0e7bf03a89b09 from=0xBEc7e084Bfa8250123FbFc47b1f0587d67E3dad0 to=0x0000000000000000000000000000000000000000
t=2023-06-02T16:09:00+0800 lvl=trce msg="Removed unpayable queued transactions"  count=0
t=2023-06-02T16:09:00+0800 lvl=trce msg="Promoted queued transactions"           count=0
t=2023-06-02T16:09:00+0800 lvl=trce msg="Removed old queued transactions"        count=0
t=2023-06-02T16:09:00+0800 lvl=trce msg="Removed unpayable queued transactions"  count=0
t=2023-06-02T16:09:00+0800 lvl=trce msg="Promoted queued transactions"           count=1
t=2023-06-02T16:09:00+0800 lvl=trce msg="Discarding freshly underpriced transaction" hash=0x13fd2dfe177adb4376475f83a1f449bd871ab6d64814ee6c2115dd6598756735 gasTipCap=20 gasFeeCap=320
t=2023-06-02T16:09:00+0800 lvl=dbug msg="Reinjecting stale transactions"         count=0
t=2023-06-02T16:09:00+0800 lvl=trce msg="Pooled new future transaction"          hash=0x49af95f745f3dff1de9f7211c8dd05e9b2a7b3c53f4d53a689f3b258a75f30ef from=0xccbA239eacf14f47D71109EDF5C553eDf0BA271f to=0x0000000000000000000000000000000000000000
t=2023-06-02T16:09:00+0800 lvl=trce msg="Pooled new future transaction"          hash=0x5f8c6982883aca706869153bc8471e2d7858282956d1f8f86629e86f3e6ea9e2 from=0x116119582f7387fA28Fc7D6f6de515384F543035 to=0x0000000000000000000000000000000000000000
t=2023-06-02T16:09:00+0800 lvl=dbug msg="Reinjecting stale transactions"         count=0
t=2023-06-02T16:09:00+0800 lvl=trce msg="Pooled new future transaction"          hash=0x1021e67bef90a38bc15eca7c8502a102b2e41d9971893fd22851aab1b623d524 from=0x50D0b6Fb1C5EA22b2E581a6357ca4549E221557a to=0x0000000000000000000000000000000000000000
t=2023-06-02T16:09:00+0800 lvl=trce msg="Pooled new future transaction"          hash=0x504d35f3b6a48d45767efe4d5bf7ac52f4db799e58d3291e0b4ff3449ab47ad7 from=0x66e0851F1a162869024b4C9f6b1C4Fc5cb4832F1 to=0x0000000000000000000000000000000000000000
t=2023-06-02T16:09:00+0800 lvl=trce msg="Pooled new future transaction"          hash=0x8c44650ebbbcd2fb85301d7a96591ff838097188264eea63c9f2909ae739c672 from=0x3c286197C62C1A98d355AbEDd2c3915ECeBB8E5B to=0x0000000000000000000000000000000000000000
t=2023-06-02T16:09:00+0800 lvl=trce msg="Removed old queued transactions"        count=0
t=2023-06-02T16:09:00+0800 lvl=trce msg="Pooled new future transaction"          hash=0xdf2e1b0d8152635d9eb670b7e78d2dce9a6ae6dd42a861be47154936f7f182c4 from=0xFa3BDC8D5458a2cFE93614054908869c0742Fdf3 to=0x0000000000000000000000000000000000000000
t=2023-06-02T16:09:00+0800 lvl=trce msg="Pooled new future transaction"          hash=0x5acd8154af2f08b78fb79ea93eb888502cc985dea07d04e8475ab7d73d361e83 from=0xFa3BDC8D5458a2cFE93614054908869c0742Fdf3 to=0x0000000000000000000000000000000000000000
t=2023-06-02T16:09:00+0800 lvl=trce msg="Pooled new future transaction"          hash=0x89c1a86b247d6465af67aa43b4c1915d82ee968d14e02954031eff9befb76f95 from=0xFa3BDC8D5458a2cFE93614054908869c0742Fdf3 to=0x0000000000000000000000000000000000000000
t=2023-06-02T16:09:00+0800 lvl=trce msg="Pooled new future transaction"          hash=0x8810d021cf2ef2f5f63fb9f036aac4f5f7fdbdb60f508aff58d2d5f97264dca4 from=0x50D0b6Fb1C5EA22b2E581a6357ca4549E221557a to=0x0000000000000000000000000000000000000000
t=2023-06-02T16:09:00+0800 lvl=trce msg="Pooled new future transaction"          hash=0x82e962d5d7e1be692361d644a123327df863e9592bf75ab7f9dd16764af000b2 from=0x116119582f7387fA28Fc7D6f6de515384F543035 to=0x0000000000000000000000000000000000000000
t=2023-06-02T16:09:00+0800 lvl=trce msg="Pooled new future transaction"          hash=0xf42b5e54e84c392ce7a3aab3adde0f16aba9852dfe9ab15233f4352690578221 from=0x116119582f7387fA28Fc7D6f6de515384F543035 to=0x0000000000000000000000000000000000000000
t=2023-06-02T16:09:00+0800 lvl=trce msg="Pooled new future transaction"          hash=0x59986e29218ca666bb823a70095dea170be30a318160a452135f871abed8972c from=0xFa3BDC8D5458a2cFE93614054908869c0742Fdf3 to=0x0000000000000000000000000000000000000000
t=2023-06-02T16:09:00+0800 lvl=trce msg="Pooled new future transaction"          hash=0xf4e0c49e55075b155fff542bc92ef92b12060b6479849abcdba7eae8709a941a from=0x50D0b6Fb1C5EA22b2E581a6357ca4549E221557a to=0x0000000000000000000000000000000000000000
t=2023-06-02T16:09:00+0800 lvl=trce msg="Removed unpayable pending transaction"  hash=0x27743d373317474ce40f850cdff20d409e2e76c59a9c5f83bb3177765d19d029
t=2023-06-02T16:09:00+0800 lvl=trce msg="Pooled new future transaction"          hash=0x3a978fcd46429494cf14ea76e64e1b853603c4a7535d658294f9dc5b96406919 from=0x50D0b6Fb1C5EA22b2E581a6357ca4549E221557a to=0x0000000000000000000000000000000000000000
t=2023-06-02T16:09:00+0800 lvl=trce msg="Pooled new future transaction"          hash=0x6b60425cebddf85a32d90b8c982f5492b2e75e39fc27804ec34e706c1804f194 from=0x3c286197C62C1A98d355AbEDd2c3915ECeBB8E5B to=0x0000000000000000000000000000000000000000
t=2023-06-02T16:09:00+0800 lvl=trce msg="Pooled new future transaction"          hash=0x908558cdbd127652fd976b44abf04a067dab2c56a68e8afe1c097b58d7e9af3f from=0xFa3BDC8D5458a2cFE93614054908869c0742Fdf3 to=0x0000000000000000000000000000000000000000
t=2023-06-02T16:09:00+0800 lvl=trce msg="Pooled new future transaction"          hash=0x88d5b2d41131daa52ac96ff5772d0a2d748a768952141fdc3bc56794e64db61a from=0x116119582f7387fA28Fc7D6f6de515384F543035 to=0x0000000000000000000000000000000000000000
t=2023-06-02T16:09:00+0800 lvl=trce msg="Pooled new future transaction"          hash=0xbee0a14da86c36bf86f58e5060c95490fdcc5480928109dad5eac4ee24423113 from=0x3c286197C62C1A98d355AbEDd2c3915ECeBB8E5B to=0x0000000000000000000000000000000000000000
t=2023-06-02T16:09:00+0800 lvl=trce msg="Pooled new future transaction"          hash=0xe3ca3f243083b1d4d3295c5e3d2658d631a8aad04fa8cba3ac730ed4dcf802c5 from=0x116119582f7387fA28Fc7D6f6de515384F543035 to=0x0000000000000000000000000000000000000000
t=2023-06-02T16:09:00+0800 lvl=trce msg="Pooled new future transaction"          hash=0x1164cf8aef11bf9de9561875d276cf83d794e2f7192dc6dac7c32bf65c36808c from=0xFa3BDC8D5458a2cFE93614054908869c0742Fdf3 to=0x0000000000000000000000000000000000000000
t=2023-06-02T16:09:00+0800 lvl=trce msg="Pooled new future transaction"          hash=0xa6a55ede199bbd4d8bf2bdacc5245ebe893861cc66d543bbb0d2ed020eb8d0a3 from=0x3c286197C62C1A98d355AbEDd2c3915ECeBB8E5B to=0x0000000000000000000000000000000000000000
t=2023-06-02T16:09:00+0800 lvl=trce msg="Pooled new future transaction"          hash=0x485aa6c59e49c5cf30628125897d802027f5aaae87dc09e13eb571c965ebcff0 from=0xFa3BDC8D5458a2cFE93614054908869c0742Fdf3 to=0x0000000000000000000000000000000000000000
t=2023-06-02T16:09:00+0800 lvl=trce msg="Removed unpayable pending transaction"  hash=0x723d0d96b42695ab7326fc9b378ac50cd058b20cca518419775c389b8ff83658
t=2023-06-02T16:09:00+0800 lvl=trce msg="Pooled new future transaction"          hash=0xe5e035a367d28a3749901185c9cc04672f055dd0d9caece961ede8cc0e2b2acd from=0x3c286197C62C1A98d355AbEDd2c3915ECeBB8E5B to=0x0000000000000000000000000000000000000000
t=2023-06-02T16:09:00+0800 lvl=trce msg="Pooled new future transaction"          hash=0x8cf3634a57fc5d58e75eb6c6711a3cbb98a394ac950e15826130f09aa809c0da from=0x50D0b6Fb1C5EA22b2E581a6357ca4549E221557a to=0x0000000000000000000000000000000000000000
t=2023-06-02T16:09:00+0800 lvl=trce msg="Pooled new future transaction"          hash=0x43caa2a0cec6d5591c5704baa6d27e97f84af71bfb9984af538152e84b9e7150 from=0x50D0b6Fb1C5EA22b2E581a6357ca4549E221557a to=0x0000000000000000000000000000000000000000
t=2023-06-02T16:09:00+0800 lvl=trce msg="Pooled new future transaction"          hash=0x6902ec310bf2a35b3059e0900d7ac1e2a151fcdb3ed6bb6527a6a466c1e608d3 from=0xFa3BDC8D5458a2cFE93614054908869c0742Fdf3 to=0x0000000000000000000000000000000000000000
t=2023-06-02T16:09:00+0800 lvl=trce msg="Removed unpayable pending transaction"  hash=0x64e898fbd7a5bfdd8a0005a56d05b59b607952014186c8fec218e9587be25c61
t=2023-06-02T16:09:00+0800 lvl=trce msg="Removed unpayable pending transaction"  hash=0x21199d7d1073e8999b74209adc8293198b289e3bd400e53f25148235e4221b29
t=2023-06-02T16:09:00+0800 lvl=trce msg="Removed unpayable pending transaction"  hash=0x24c82dd692de9caae35b2cb6d8f5e5e619eab05658f149539f4aa6e3f676e762
t=2023-06-02T16:09:00+0800 lvl=trce msg="Removed unpayable pending transaction"  hash=0xd5786595d05628f1e0335b8dd37510e594b897dc04516b7691eb0e9204cb50f1
t=2023-06-02T16:09:00+0800 lvl=trce msg="Removed unpayable pending transaction"  hash=0x75bd52cbd65802219f37ea372fa3003d6007ab5c536f965d69e2e9b6b70b1650
t=2023-06-02T16:09:00+0800 lvl=trce msg="Removed unpayable pending transaction"  hash=0xef0f2eaea5c762ec3210874ca973b885e5072a7535a66916c5bff5d30f768614
t=2023-06-02T16:09:00+0800 lvl=trce msg="Removed unpayable pending transaction"  hash=0x8fbb03ba1b81ed092fb333384d6f4fea4152bc8034011735a3ae0cc6a4d1a10f
t=2023-06-02T16:09:00+0800 lvl=trce msg="Removed unpayable pending transaction"  hash=0x6c411246375e79ec1d88bd8609a88f852d8ed5e2bf796e5f223cee8194ce66ec
t=2023-06-02T16:09:00+0800 lvl=trce msg="Removed unpayable pending transaction"  hash=0xa12902f1824713cb5ea0dda7969b44ca57d02a940dbfc1e93ea96fd6bd65549f
t=2023-06-02T16:09:00+0800 lvl=trce msg="Removed unpayable pending transaction"  hash=0x32b3521ab9066052de421eee5cf7cda4190cd9584b21b8c759a9770923a3e587
t=2023-06-02T16:09:00+0800 lvl=trce msg="Removed unpayable pending transaction"  hash=0x8241e759d57a2fd5d029195f52d07d60085622de1f81c2b52546631dc264799a
t=2023-06-02T16:09:00+0800 lvl=trce msg="Removed unpayable pending transaction"  hash=0xab7ad6d8afe5bfe4bda2bf081fdb4b7cc779039ec9511f7b27092cd3866c683b
t=2023-06-02T16:09:00+0800 lvl=trce msg="Removed unpayable pending transaction"  hash=0x6262dc0a840b22734fcb2e9f9dcbb983f50714a25d420e5f42f6f2fa459c8e23
t=2023-06-02T16:09:00+0800 lvl=trce msg="Removed unpayable pending transaction"  hash=0xecacd473c508758af6165487695339a40b59fbd9a948bb74ecbdb0b7bb399022
t=2023-06-02T16:09:00+0800 lvl=trce msg="Removed unpayable pending transaction"  hash=0x1c420be44e408c74e4d5e942e1a3e4b9cc351506d9792df3fc5a76da240e2172
t=2023-06-02T16:09:00+0800 lvl=trce msg="Removed unpayable pending transaction"  hash=0xc8bb50a412f46ac7e1df2dc79b6ce936cf6d495d3f2c32abd157af2d4fce78a9
t=2023-06-02T16:09:00+0800 lvl=trce msg="Removed unpayable pending transaction"  hash=0x8a9789cd289898489c811cab01321d72d0c31fb580c12c5b121d95fa71ccb694
t=2023-06-02T16:09:00+0800 lvl=trce msg="Pooled new future transaction"          hash=0xb922f9743f7257d8a16122c113ccc2377017c597e9697886a21a4264939c229d from=0xbf186BC9fa4975D227B3dC76067880ec67530CE9 to=0x0000000000000000000000000000000000000000
t=2023-06-02T16:09:00+0800 lvl=trce msg="Pooled new future transaction"          hash=0x7dbebd079dc3a4933732c577c7bc84446ab5915acc322dd0dafbd13b30d1f26c from=0xbf186BC9fa4975D227B3dC76067880ec67530CE9 to=0x0000000000000000000000000000000000000000
t=2023-06-02T16:09:00+0800 lvl=trce msg="Pooled new future transaction"          hash=0x7ab618917ffa0681eba2d54d8234cc13834e1cce2a2b910c171f7442c4511af3 from=0x44a6Ae12C4A0457140A041408a8EcE9ed9f24602 to=0x0000000000000000000000000000000000000000
t=2023-06-02T16:09:00+0800 lvl=trce msg="Removed unpayable queued transactions"  count=0
t=2023-06-02T16:09:00+0800 lvl=trce msg="Pooled new future transaction"          hash=0x84cf0b39c0e429f526a2535a5f9c55b13102228883418cf0139641cc38fb86af from=0x44a6Ae12C4A0457140A041408a8EcE9ed9f24602 to=0x0000000000000000000000000000000000000000
t=2023-06-02T16:09:00+0800 lvl=trce msg="Pooled new future transaction"          hash=0x4af9ba46be3b09c4f389619d6fcd039143a5c6ffdbd5d07660fbef687c5ce355 from=0xbf186BC9fa4975D227B3dC76067880ec67530CE9 to=0x0000000000000000000000000000000000000000
t=2023-06-02T16:09:00+0800 lvl=trce msg="Pooled new future transaction"          hash=0xd43730cd08155a0d438ce0f00cb7e0842f5d72a985bd5101fc9f4e4059458312 from=0xbf186BC9fa4975D227B3dC76067880ec67530CE9 to=0x0000000000000000000000000000000000000000
t=2023-06-02T16:09:00+0800 lvl=trce msg="Promoted queued transactions"           count=1
t=2023-06-02T16:09:00+0800 lvl=trce msg="Pooled new future transaction"          hash=0x6de354fc72ef466721874e9a4b40aecbcf8b217e9f4a24a999580807a3160195 from=0x44a6Ae12C4A0457140A041408a8EcE9ed9f24602 to=0x0000000000000000000000000000000000000000
t=2023-06-02T16:09:00+0800 lvl=info msg="Transaction pool stopped"
t=2023-06-02T16:09:00+0800 lvl=trce msg="Discarding freshly underpriced transaction" hash=0x6755d7cb15a54f13982720e99e1a63bc28e77852fea13dc58d38b2b554b408ea gasTipCap=3  gasFeeCap=3
--- PASS: TestTransactionDoubleNonce (0.00s)
=== CONT  TestTransactionChainFork
t=2023-06-02T16:09:00+0800 lvl=trce msg="Pooled new future transaction"          hash=0x5e96690372a4851cf8ebaae96f40a28606e0df0e9f59e7880afa46798d5a4045 from=0x72c6f14d58c101178f66c5CEBE51a29408f85Ebb to=0x0000000000000000000000000000000000000000
t=2023-06-02T16:09:00+0800 lvl=trce msg="Removed old queued transactions"        count=0
t=2023-06-02T16:09:00+0800 lvl=trce msg="Promoted queued transactions"           count=0
t=2023-06-02T16:09:00+0800 lvl=trce msg="Removed unpayable queued transactions"  count=0
t=2023-06-02T16:09:00+0800 lvl=trce msg="Promoted queued transactions"           count=1
t=2023-06-02T16:09:00+0800 lvl=trce msg="Discarding invalid transaction"         hash=0xefbec86b0c3da9ea9e630d6294c8afec706d1ba3f8e1c49bcc77fd85948a7e41 err="transaction underpriced"
t=2023-06-02T16:09:00+0800 lvl=trce msg="Removed old queued transactions"        count=0
t=2023-06-02T16:09:00+0800 lvl=trce msg="Pooled new future transaction"          hash=0x6872710be87d55f1f7062dacd700b2f2a0f151af6239f747546510bd5fed346e from=0x3c286197C62C1A98d355AbEDd2c3915ECeBB8E5B to=0x0000000000000000000000000000000000000000
t=2023-06-02T16:09:00+0800 lvl=trce msg="Removed unpayable queued transactions"  count=0
t=2023-06-02T16:09:00+0800 lvl=trce msg="Discarding freshly underpriced transaction" hash=0x66e75ff88721361a250037b8aae3634ae88dd4247859d7171af11073c84d7964 gasTipCap=4  gasFeeCap=4
t=2023-06-02T16:09:00+0800 lvl=trce msg="Promoted queued transactions"           count=1
t=2023-06-02T16:09:00+0800 lvl=info msg="Setting new local account"              address=0x25bdD2760a7ba9bc6F1e184aacDcbaD79BC81073
t=2023-06-02T16:09:00+0800 lvl=dbug msg="Reinjecting stale transactions"         count=0
t=2023-06-02T16:09:00+0800 lvl=trce msg="Pooled new future transaction"          hash=0xb4bfb4fcaf360fd84ed233bfa881d527be4de866a835912377eeea59e0be31d8 from=0xFa3BDC8D5458a2cFE93614054908869c0742Fdf3 to=0x0000000000000000000000000000000000000000
t=2023-06-02T16:09:00+0800 lvl=trce msg="Pooled new future transaction"          hash=0x36cae8e5df8b97f79edad8e8bc36d4474d8f36d1a45b6fdc8929e3e4b64f5ef5 from=0xFa3BDC8D5458a2cFE93614054908869c0742Fdf3 to=0x0000000000000000000000000000000000000000
t=2023-06-02T16:09:00+0800 lvl=trce msg="Pooled new future transaction"          hash=0xf255efc71df1967ea97680e8ff81873f18f478805aa3276e97cde30c3d3f1ed7 from=0xFa3BDC8D5458a2cFE93614054908869c0742Fdf3 to=0x0000000000000000000000000000000000000000
t=2023-06-02T16:09:00+0800 lvl=trce msg="Pooled new future transaction"          hash=0x85f9c7739b418cab83f1acdd8daff1f47e439cf75ba882b884c3059967f622c3 from=0xFa3BDC8D5458a2cFE93614054908869c0742Fdf3 to=0x0000000000000000000000000000000000000000
t=2023-06-02T16:09:00+0800 lvl=trce msg="Pooled new future transaction"          hash=0x228b90496d6a1276ff3165b43fb5e1b79a58699c8b5ddb489a3d6a5a14d4cd53 from=0x25bdD2760a7ba9bc6F1e184aacDcbaD79BC81073 to=0x0000000000000000000000000000000000000000
t=2023-06-02T16:09:00+0800 lvl=trce msg="Promoted queued transactions"           count=1
t=2023-06-02T16:09:00+0800 lvl=trce msg="Pooled new future transaction"          hash=0xd7e48f9b71469320128e1e2f78d3899df200f4af5d0959d1bbcf6da5f0265c3d from=0xBEc7e084Bfa8250123FbFc47b1f0587d67E3dad0 to=0x0000000000000000000000000000000000000000
t=2023-06-02T16:09:00+0800 lvl=trce msg="Pooled new future transaction"          hash=0xdc4edd55696d4f6214e48e0f8f1401c5b8eeff528d40e97cdf5a2632a15e7975 from=0xbf186BC9fa4975D227B3dC76067880ec67530CE9 to=0x0000000000000000000000000000000000000000
t=2023-06-02T16:09:00+0800 lvl=trce msg="Pooled new future transaction"          hash=0x54d45cf1ec784d421095c82c3156d4644ddab12bda81142378cd536cd0c4a7a7 from=0xbf186BC9fa4975D227B3dC76067880ec67530CE9 to=0x0000000000000000000000000000000000000000
t=2023-06-02T16:09:00+0800 lvl=trce msg="Pooled new future transaction"          hash=0x7ab28b3f85fa3c41c70225ce85b01085fe348d35519b06f0b462ffeecc6abcfa from=0x9BF12759c287b70FeE459c3F50e0b44808E87a35 to=0x0000000000000000000000000000000000000000
t=2023-06-02T16:09:00+0800 lvl=trce msg="Pooled new future transaction"          hash=0x523f5bda9ef0499a19aaf47305574ee282250d3762671b1d7278de6291cff96f from=0xBEc7e084Bfa8250123FbFc47b1f0587d67E3dad0 to=0x0000000000000000000000000000000000000000
t=2023-06-02T16:09:00+0800 lvl=trce msg="Pooled new future transaction"          hash=0x9a9c16629f937c1ea86fb5f943aaf4dd497b8462991ca1e3f471e82017ffa404 from=0x9BF12759c287b70FeE459c3F50e0b44808E87a35 to=0x0000000000000000000000000000000000000000
t=2023-06-02T16:09:00+0800 lvl=trce msg="Pooled new future transaction"          hash=0x075034f8f22b63a085eee8acce47efa45f6247b492dce47274507ee0e8d55266 from=0xBEc7e084Bfa8250123FbFc47b1f0587d67E3dad0 to=0x0000000000000000000000000000000000000000
t=2023-06-02T16:09:00+0800 lvl=trce msg="Pooled new future transaction"          hash=0x9d0fde2b5d36e415bea3cb0bc495160cb7407eba94f5a2be7bc4d6a5a440a8f5 from=0xbf186BC9fa4975D227B3dC76067880ec67530CE9 to=0x0000000000000000000000000000000000000000
t=2023-06-02T16:09:00+0800 lvl=trce msg="Pooled new future transaction"          hash=0x4b2a1e5e5615884a252224514cf9e6cd1812c49c7debcf7dce6ce001bf065842 from=0xBEc7e084Bfa8250123FbFc47b1f0587d67E3dad0 to=0x0000000000000000000000000000000000000000
t=2023-06-02T16:09:00+0800 lvl=trce msg="Pooled new future transaction"          hash=0x5673682d5d85c22016e3c829b5081a08c3567a09c6ced194fa67f345bb22d1b7 from=0x9BF12759c287b70FeE459c3F50e0b44808E87a35 to=0x0000000000000000000000000000000000000000
t=2023-06-02T16:09:00+0800 lvl=trce msg="Pooled new future transaction"          hash=0xbe8800f573e6f71f60783b73544bb501dfc5f7f3624eb6b53ae6145a4d2cd188 from=0x66e0851F1a162869024b4C9f6b1C4Fc5cb4832F1 to=0x0000000000000000000000000000000000000000
t=2023-06-02T16:09:00+0800 lvl=trce msg="Removed old queued transactions"        count=0
t=2023-06-02T16:09:00+0800 lvl=trce msg="Removed unpayable queued transactions"  count=0
t=2023-06-02T16:09:00+0800 lvl=trce msg="Discarding freshly underpriced transaction" hash=0x1075cf288796956b9d5ccbfe3f105c34d1fc95c2a1135dae1c237c356a0c25c3 gasTipCap=3  gasFeeCap=3
t=2023-06-02T16:09:00+0800 lvl=trce msg="Promoted queued transactions"           count=0
t=2023-06-02T16:09:00+0800 lvl=trce msg="Discarding invalid transaction"         hash=0x1229fe205e98dfd723c9bb51ee37bf72261f20e0d156f2fff235b0d37b7ebd9e err="transaction underpriced"
t=2023-06-02T16:09:00+0800 lvl=info msg="Setting new local account"              address=0x40aA086A611215242133eC48AAd05BD58173073c
t=2023-06-02T16:09:00+0800 lvl=trce msg="Pooled new future transaction"          hash=0x77b044e22366e5f832e355ce78db06d70b0ea44372f9dc48c0ba2c91c9b55d39 from=0x40aA086A611215242133eC48AAd05BD58173073c to=0x0000000000000000000000000000000000000000
t=2023-06-02T16:09:00+0800 lvl=trce msg="Removed unpayable pending transaction"  hash=0x6ed38985d9afa77fdf5dd831461bbfdcf7dcba028d3ac9c6c52a1ab892ff5f68
t=2023-06-02T16:09:00+0800 lvl=trce msg="Removed unpayable pending transaction"  hash=0xdd49636d896ae0c0bf953e7575ff41c3fd9db09b8da9853a39aa555a38083b2a
t=2023-06-02T16:09:00+0800 lvl=trce msg="Removed unpayable pending transaction"  hash=0x2f5ac6c53a0dbc3c5113caeaa578c77ceb0b2d3440d5e7ddd5298a2574de4df1
t=2023-06-02T16:09:00+0800 lvl=trce msg="Removed unpayable pending transaction"  hash=0x5df79dc4b01da8da1c38b1b4f8086ce310c715bbb30a8a9f2437a1bfeb75134f
t=2023-06-02T16:09:00+0800 lvl=trce msg="Discarding invalid transaction"         hash=0xf9d586f08e2a262160d889f02db58bcab4e875975e9e1d6aee63de6dffa0ddb6 err="transaction underpriced"
t=2023-06-02T16:09:00+0800 lvl=trce msg="Removed unpayable pending transaction"  hash=0x8c4fd49c75164f42752fcb48d99eda54e58050cb2e51d669ec362d3b7ba9394f
t=2023-06-02T16:09:00+0800 lvl=trce msg="Pooled new future transaction"          hash=0x9416b40dbc4ef82346965bb596bc14578450dbdb86dd777749d4ab6013c2b653 from=0x7628e7c918DAaf4dfbF615023fDBcF72b8479bCe to=0x0000000000000000000000000000000000000000
t=2023-06-02T16:09:00+0800 lvl=trce msg="Removed old queued transactions"        count=0
t=2023-06-02T16:09:00+0800 lvl=trce msg="Removed unpayable queued transactions"  count=0
t=2023-06-02T16:09:00+0800 lvl=trce msg="Pooled new future transaction"          hash=0x79ec7b06a9a077640fada1b7797908e7721c2cabedfa0329d641edc0314cf5ad from=0x1b524b0a7543831a17E018274ea9D22c1E0007C4 to=0x0000000000000000000000000000000000000000
t=2023-06-02T16:09:00+0800 lvl=trce msg="Removed unpayable pending transaction"  hash=0x6bbb12382dda7f344413a77f6d37f31090135fe014ea838b48accbba349675ff
t=2023-06-02T16:09:00+0800 lvl=trce msg="Removed unpayable pending transaction"  hash=0x1691974a2606423b21e13ef4e44d2f5636a8bfbd9f270f11191f7ba13dbe08a7
t=2023-06-02T16:09:00+0800 lvl=trce msg="Removed unpayable pending transaction"  hash=0x5263f919e1a5fdc21231c0ec4ab041e8a3ed43702b73a73ed04196815acb0dd4
t=2023-06-02T16:09:00+0800 lvl=trce msg="Removed unpayable pending transaction"  hash=0x29a4e82f367bece288eb25effd05d175736f57bce722ff66558b59f73955cb8d
t=2023-06-02T16:09:00+0800 lvl=trce msg="Removed unpayable pending transaction"  hash=0x8d076c8c6114dd2cf0bf60f577262887e6b0639283420ee36fe268e41734ba66
t=2023-06-02T16:09:00+0800 lvl=trce msg="Removed unpayable pending transaction"  hash=0x59d79a16b500f51ec026f66286e79f1eb3080e517b8f18e654a614276f4e3097
t=2023-06-02T16:09:00+0800 lvl=trce msg="Removed unpayable pending transaction"  hash=0x9a00f09490546f33ec8c43ebe4df2dfc96db0c7cb7eb1c79171b359b3f0b5864
t=2023-06-02T16:09:00+0800 lvl=trce msg="Removed unpayable pending transaction"  hash=0x7d65f369bdfb0450a81617ade032cd95ea387f5b4c04423250f15043cd0e8362
t=2023-06-02T16:09:00+0800 lvl=trce msg="Removed unpayable pending transaction"  hash=0x7faeec2dfe26bf249a2280919ea4906e1e5e712e9c4199485570599b01966c7b
t=2023-06-02T16:09:00+0800 lvl=trce msg="Removed unpayable pending transaction"  hash=0xd56eee2bb087b0a0e644ff1ce7a0aa288e7386f90fe9ce20296098db04575c7d
t=2023-06-02T16:09:00+0800 lvl=trce msg="Removed unpayable pending transaction"  hash=0x8c2f16f0244a467121b4dee6db0dbc2467bdcbac5671741a875cc8f68a9d35d1
t=2023-06-02T16:09:00+0800 lvl=trce msg="Removed unpayable pending transaction"  hash=0xdeb3409e47d05e64f025b7da444f9e4ad554634ce4ec3880541505900c95b96d
t=2023-06-02T16:09:00+0800 lvl=trce msg="Removed unpayable pending transaction"  hash=0x0f7b559ba89b99905f3aeff499d97419eb0d954739781e6acfae58b1c7af7b84
t=2023-06-02T16:09:00+0800 lvl=trce msg="Removed unpayable pending transaction"  hash=0x42e3ba6ba0e3dbf2c819b2800979e667b6f0878f49ce7dee55d2b4eb5ebe6e2b
t=2023-06-02T16:09:00+0800 lvl=trce msg="Pooled new future transaction"          hash=0x78ab5205028d473b03e326215afb740142dfb124eb4ac45938872bfc28594e0d from=0x50D0b6Fb1C5EA22b2E581a6357ca4549E221557a to=0x0000000000000000000000000000000000000000
t=2023-06-02T16:09:00+0800 lvl=trce msg="Pooled new future transaction"          hash=0xd9a9b1b3dfc9c4a817359e98bf935c9a3bbd69912a1a39551ceac4c9eadb8c97 from=0xFa3BDC8D5458a2cFE93614054908869c0742Fdf3 to=0x0000000000000000000000000000000000000000
t=2023-06-02T16:09:00+0800 lvl=dbug msg="Reinjecting stale transactions"         count=0
t=2023-06-02T16:09:00+0800 lvl=trce msg="Removed old queued transactions"        count=0
t=2023-06-02T16:09:00+0800 lvl=trce msg="Removed unpayable queued transactions"  count=0
t=2023-06-02T16:09:00+0800 lvl=trce msg="Promoted queued transactions"           count=1
t=2023-06-02T16:09:00+0800 lvl=trce msg="Pooled new future transaction"          hash=0x41b8146afcbf25fe1384cbc29450bbea26abe5002ff3a96b3798e382ad005f28 from=0x1b524b0a7543831a17E018274ea9D22c1E0007C4 to=0x0000000000000000000000000000000000000000
t=2023-06-02T16:09:00+0800 lvl=trce msg="Discarding freshly underpriced transaction" hash=0x2122b4b902906b075f71e7fab1bcf4c23dd519b994e2e388b2aed3ffb9c759a8 gasTipCap=1  gasFeeCap=401
t=2023-06-02T16:09:00+0800 lvl=trce msg="Pooled new future transaction"          hash=0x8a33a4a927aec4c288e661260398d2841ca6eb3110b95e5ae2d79d4f644c01f1 from=0x71CF659079996FB532a92E6B54bf480Cb725A679 to=0x0000000000000000000000000000000000000000
t=2023-06-02T16:09:00+0800 lvl=trce msg="Discarding invalid transaction"         hash=0xe42bf51dd1801fa86572b1c8784d30a29bbb15032d0382eb0a1b0da80543b844 err="transaction underpriced"
t=2023-06-02T16:09:00+0800 lvl=trce msg="Removed old queued transactions"        count=0
t=2023-06-02T16:09:00+0800 lvl=trce msg="Removed unpayable queued transactions"  count=0
t=2023-06-02T16:09:00+0800 lvl=trce msg="Pooled new future transaction"          hash=0xcfccdee5a6e8ff49483f0f88676ee7db34c4a0318035726972a1d8b9d22c32fe from=0x00C51EFb77e3B3F4Be050b1D71BB078e4a390454 to=0x0000000000000000000000000000000000000000
t=2023-06-02T16:09:00+0800 lvl=trce msg="Promoted queued transactions"           count=1
t=2023-06-02T16:09:00+0800 lvl=trce msg="Discarding invalid transaction"         hash=0x52e54d786e2b8a45d403977528ea7e5b8ecfeceeff578109b6b5de03bfa12178 err="transaction underpriced"
t=2023-06-02T16:09:00+0800 lvl=trce msg="Promoted queued transactions"           count=1
t=2023-06-02T16:09:00+0800 lvl=trce msg="Removed unpayable pending transaction"  hash=0x717c9f096de3b53d1aa7704fa9eb3d9d0eccc0390ed48fe068b71d8134ac8ed0
t=2023-06-02T16:09:00+0800 lvl=trce msg="Removed unpayable pending transaction"  hash=0x355847e216d3e5dc9d5c3ba3010763fab5ea44acc1fa9480407343fbaf712849
t=2023-06-02T16:09:00+0800 lvl=trce msg="Removed unpayable pending transaction"  hash=0xc3c7b9babc6285cc8cee049d82db1fa319610bae7d97cfbca5c65da001fbd1f8
t=2023-06-02T16:09:00+0800 lvl=trce msg="Removed unpayable pending transaction"  hash=0xccf882b383bdc3ea651ac26bbf89572149c4236fb9d0aa271eb701800dcab2cf
t=2023-06-02T16:09:00+0800 lvl=trce msg="Removed unpayable pending transaction"  hash=0x92c605f371cb69dc39d4005e3ee1424cbf7b87f1eecefe8b42cf9e0866dd2290
t=2023-06-02T16:09:00+0800 lvl=trce msg="Removed unpayable pending transaction"  hash=0x163690ded8a91d4cb66495cee1fd9c4f3309dfca8581cdf91a253f95d7eeb1bd
t=2023-06-02T16:09:00+0800 lvl=trce msg="Pooled new future transaction"          hash=0xb8275d4ced5f1c689239ee32bcd9cf7b733bded2150a758ceed846148c5a8241 from=0x1b524b0a7543831a17E018274ea9D22c1E0007C4 to=0x0000000000000000000000000000000000000000
t=2023-06-02T16:09:00+0800 lvl=trce msg="Removed unpayable pending transaction"  hash=0xcc45a8488ecb0d591be1ac4681b64052991710f810e3aa25e5672483cdcad9c1
t=2023-06-02T16:09:00+0800 lvl=trce msg="Removed unpayable pending transaction"  hash=0xf1717e05ec4173923dc2570841f01b34f0af2e40a21d8d32ef4673c890a3acc5
t=2023-06-02T16:09:00+0800 lvl=trce msg="Removed unpayable pending transaction"  hash=0x18e5ba56a6ca592d2da2e2cecbc202f2a520a63521e7834e792a0dae22017cd9
t=2023-06-02T16:09:00+0800 lvl=trce msg="Removed unpayable pending transaction"  hash=0x8295e1b0c42cca702a3c7791aad93967e037fd365216c5c8f04010fbacc52efa
t=2023-06-02T16:09:00+0800 lvl=trce msg="Discarding invalid transaction"         hash=0xaf7b1ac79ab42350c9dce8701dcbe8d2d4e29eb2c2be40e35a2fb333280e3951 err="transaction underpriced"
t=2023-06-02T16:09:00+0800 lvl=trce msg="Removed unpayable pending transaction"  hash=0xfa2a86a1bf8bac0797195e45638bfe555083d822c9a10e97fe3dba5c197de9a2
t=2023-06-02T16:09:00+0800 lvl=trce msg="Removed unpayable pending transaction"  hash=0x38e2df449978d27c1e8a2143f58fe6d29b341be00f0afbde7bb5ab1d31cc06ed
t=2023-06-02T16:09:00+0800 lvl=trce msg="Discarding freshly underpriced transaction" hash=0x0442031e68dd8a94720de168781b25d4d3f4d2465457d1b960292c3ab8224e50 gasTipCap=1  gasFeeCap=516
t=2023-06-02T16:09:00+0800 lvl=trce msg="Pooled new future transaction"          hash=0xe5f5bb1e25876f3faf30c827405699f9f45ee54235e5b91866be9e1f17091324 from=0xe65fB8fA853fAF289B6EEC9c22cf8b584a9c748E to=0x0000000000000000000000000000000000000000
t=2023-06-02T16:09:00+0800 lvl=trce msg="Removed old queued transactions"        count=0
t=2023-06-02T16:09:00+0800 lvl=trce msg="Removed unpayable queued transactions"  count=0
t=2023-06-02T16:09:00+0800 lvl=trce msg="Promoted queued transactions"           count=1
t=2023-06-02T16:09:00+0800 lvl=trce msg="Demoting pending transaction"           hash=0xbea7b067b69123a7516c22a17814b71c5898e17f3b4b484525891bd9409ff40a
t=2023-06-02T16:09:00+0800 lvl=trce msg="Demoting pending transaction"           hash=0xc09cbae413ea9cc4c880080aa9011d22a06b4ccd50a30d9d3a819b5a67181298
t=2023-06-02T16:09:00+0800 lvl=trce msg="Demoting pending transaction"           hash=0x5bf6d1fe28bed2ec9573f6787ea97418ac5929b709132d56c636ab69a3af5d45
t=2023-06-02T16:09:00+0800 lvl=dbug msg="Reinjecting stale transactions"         count=0
t=2023-06-02T16:09:00+0800 lvl=trce msg="Demoting pending transaction"           hash=0xd6b68d055ae3df5dea1e145e828d909fc23228c1bd24b2d570dc724dba7f1647
t=2023-06-02T16:09:00+0800 lvl=trce msg="Demoting pending transaction"           hash=0x47a8929cc35d0e0cf4edea586a81e85d3c094e9f286369d3d56456b240e683ab
t=2023-06-02T16:09:00+0800 lvl=trce msg="Demoting pending transaction"           hash=0xa9957f9d069acdf1694e5548fbe65491f2db76481121cfc99d1eb23309c1fa67
t=2023-06-02T16:09:00+0800 lvl=trce msg="Demoting pending transaction"           hash=0xad8790574a47638e9bb7c6f41fd9aeae8058e90ad45740f27620d5d4b759ec5c
t=2023-06-02T16:09:00+0800 lvl=trce msg="Demoting pending transaction"           hash=0x5f71e38d991fd5361a1b6dd3c961dba5501bde859480a91d853744a381d7bfe8
t=2023-06-02T16:09:00+0800 lvl=trce msg="Pooled new future transaction"          hash=0xcfccdee5a6e8ff49483f0f88676ee7db34c4a0318035726972a1d8b9d22c32fe from=0x00C51EFb77e3B3F4Be050b1D71BB078e4a390454 to=0x0000000000000000000000000000000000000000
t=2023-06-02T16:09:00+0800 lvl=info msg="Transaction pool stopped"
--- PASS: TestTransactionChainFork (0.00s)
=== CONT  TestTransactionVeryHighValues
t=2023-06-02T16:09:00+0800 lvl=trce msg="Demoting pending transaction"           hash=0x07bd96ccedd0f8c1f2a14d78245fc7dddc30c51f1dc8c0d74a20c0a82233cd35
t=2023-06-02T16:09:00+0800 lvl=trce msg="Demoting pending transaction"           hash=0x93fbc8d8a12728b8256b6e2e25ca906fdcab225aaedaba368aab8f2b3c1aa769
t=2023-06-02T16:09:00+0800 lvl=trce msg="Demoting pending transaction"           hash=0x8cce7d83e5b418b5286c71a96947b8eac967ceaadc464224b6ab4a8e5beb4059
t=2023-06-02T16:09:00+0800 lvl=trce msg="Demoting pending transaction"           hash=0xd9d24629b98c7c08d50ae35ea93f7f473abc11bfd6cd601c3e5aa3c0356a1eb2
t=2023-06-02T16:09:00+0800 lvl=trce msg="Demoting pending transaction"           hash=0x68e8f5647ddc250d0131c156200677af9f92924823941d1351eeb593b7a8d4ac
t=2023-06-02T16:09:00+0800 lvl=trce msg="Demoting pending transaction"           hash=0x4f97e9acd65bb96d4c74016023049c9e0a3dd935f78ccf22ced15f7d6662a946
t=2023-06-02T16:09:00+0800 lvl=trce msg="Discarding freshly underpriced transaction" hash=0x7fa77d304ca51eaa6509c299ed96177db0e895e94128fea358f7e18ca3157d13 gasTipCap=2  gasFeeCap=402
t=2023-06-02T16:09:00+0800 lvl=trce msg="Pooled new future transaction"          hash=0xb4132fa8523fe5a668f4b831112bcb806e67b44964146eced6240d61fefdeb03 from=0x94fd18faC275Fa8980f35fAe62F49a3950754eEF to=0x0000000000000000000000000000000000000000
t=2023-06-02T16:09:00+0800 lvl=trce msg="Removed old queued transactions"        count=0
t=2023-06-02T16:09:00+0800 lvl=trce msg="Removed unpayable queued transactions"  count=0
t=2023-06-02T16:09:00+0800 lvl=trce msg="Promoted queued transactions"           count=1
t=2023-06-02T16:09:00+0800 lvl=trce msg="Demoting pending transaction"           hash=0x3eddf3f1e78fd247b1d9701bab6fa71ca3b6ddccea1ceb6a01a674f6b4a254cb
t=2023-06-02T16:09:00+0800 lvl=trce msg="Demoting pending transaction"           hash=0x303b434e5437ce56883f41bb39f90845cda4e0a326014af79b55f0dd3c232783
t=2023-06-02T16:09:00+0800 lvl=trce msg="Demoting pending transaction"           hash=0x2fdccbcf4fa21c532ded7460dbdbfcbd3389a8b7c13043a7f94fcc918f939d9f
t=2023-06-02T16:09:00+0800 lvl=trce msg="Demoting pending transaction"           hash=0x2e42acd49953767b1d3843315ac2223ddf4c71ac62296ff6b2ae48045b49f155
t=2023-06-02T16:09:00+0800 lvl=trce msg="Demoting pending transaction"           hash=0x1be5c90ce83d521c96a48a16f5c6b705c33c791af5b91f7e4792b57719dd68b3
t=2023-06-02T16:09:00+0800 lvl=trce msg="Demoting pending transaction"           hash=0xd4cbdc1e2c7eb5b5abe839112c09d49b2b4085cbc7c4398b8e6574c0e6efe020
t=2023-06-02T16:09:00+0800 lvl=trce msg="Demoting pending transaction"           hash=0xdc29fb7ada48d07157d28a1c47411affb7ddb0cb356329d059e99666beedea3d
t=2023-06-02T16:09:00+0800 lvl=trce msg="Demoting pending transaction"           hash=0xdd6643aded5c89c5fe6a943ba184c72c73ef7dcfcfaee98c5138abb1635ea47c
t=2023-06-02T16:09:00+0800 lvl=trce msg="Demoting pending transaction"           hash=0xb9e7b835eeb8777e113bc07531b065a29574af1d261008cae4c773ed2bd07092
t=2023-06-02T16:09:00+0800 lvl=trce msg="Demoting pending transaction"           hash=0x33b183585b626f261b99fc2308be18a6dda78567bb237a466ed76cbe5a1d44cb
t=2023-06-02T16:09:00+0800 lvl=trce msg="Demoting pending transaction"           hash=0x11c670332521d5dbe53fb556ac1bce663c73fcad486ed35e9f5d9bb601a05b55
t=2023-06-02T16:09:00+0800 lvl=trce msg="Demoting pending transaction"           hash=0x7d10e32dfd669f5fca9aca611d1b899cc5fa1a96fc374958ee351a1723c562bf
t=2023-06-02T16:09:00+0800 lvl=trce msg="Demoting pending transaction"           hash=0x04dbd5edaffca8dee3d16e67356ca5c1530e928a0739747edcd597a49edff6b8
t=2023-06-02T16:09:00+0800 lvl=trce msg="Demoting pending transaction"           hash=0xc6dc67daebab6a7fcc61705e269e75b9aa5d8cb1834194988bcb9ee80df4ed5d
t=2023-06-02T16:09:00+0800 lvl=trce msg="Demoting pending transaction"           hash=0x504ddcaa2e4f3618be7d944a3d4180eb5d27207802a6d35c953e5add8faea4ef
t=2023-06-02T16:09:00+0800 lvl=trce msg="Demoting pending transaction"           hash=0x6b4b4823a94d2c8dc18ff6f8975601c38cf4dc9163d65c72fd8a557d967dc500
t=2023-06-02T16:09:00+0800 lvl=trce msg="Demoting pending transaction"           hash=0x19f47809d2edf30eac4abbe281eeac984dbec5e0a8345741deb689ec2ed180b6
t=2023-06-02T16:09:00+0800 lvl=trce msg="Demoting pending transaction"           hash=0x24acdadcb24e4c29413fe21d80f570c9f19511c93a9bbf659be92e9316211dce
t=2023-06-02T16:09:00+0800 lvl=trce msg="Demoting pending transaction"           hash=0x5aa7fb367fa18e4a9b930000735110ed0dd0ec692c8e881a5a5ec8d30a4fb14c
t=2023-06-02T16:09:00+0800 lvl=trce msg="Demoting pending transaction"           hash=0x7ea744bf0a368eb08e56957e58fbba04a4f4d98bef946ca675cf93df0086de82
t=2023-06-02T16:09:00+0800 lvl=trce msg="Demoting pending transaction"           hash=0x079656b873ab40b3779ac27213a9c19b76434a0d677b4b6cc2f25463dc934e69
t=2023-06-02T16:09:00+0800 lvl=trce msg="Discarding freshly underpriced transaction" hash=0x95916a6ceee8f9d7020baa854e07197b85f975a0dd0a5c94e2eaf5996f66bef9 gasTipCap=3  gasFeeCap=403
t=2023-06-02T16:09:00+0800 lvl=trce msg="Pooled new future transaction"          hash=0x8e889d22c8fb29d9238dc8c5729fdb5ed5e14e33873f8dd96710c6756da3b667 from=0x43018A56c08dC0D64d1318876A58923c45ff5276 to=0x0000000000000000000000000000000000000000
t=2023-06-02T16:09:00+0800 lvl=trce msg="Removed old queued transactions"        count=0
t=2023-06-02T16:09:00+0800 lvl=trce msg="Removed unpayable queued transactions"  count=0
t=2023-06-02T16:09:00+0800 lvl=trce msg="Promoted queued transactions"           count=1
t=2023-06-02T16:09:00+0800 lvl=trce msg="Pooled new future transaction"          hash=0x525a912e3dbcd33cb54bcd1e45b2051b0349041fd79b6b38cf33368d7c8572e6 from=0x7628e7c918DAaf4dfbF615023fDBcF72b8479bCe to=0x0000000000000000000000000000000000000000
t=2023-06-02T16:09:00+0800 lvl=trce msg="Removed old queued transactions"        count=0
t=2023-06-02T16:09:00+0800 lvl=trce msg="Removed unpayable queued transactions"  count=0
t=2023-06-02T16:09:00+0800 lvl=trce msg="Removed old queued transactions"        count=0
t=2023-06-02T16:09:00+0800 lvl=trce msg="Pooled new future transaction"          hash=0x88cd6c3fd062387e7900eab1838f59ff32b686a63f29fc5c8378de385ceb73fc from=0xFa3BDC8D5458a2cFE93614054908869c0742Fdf3 to=0x0000000000000000000000000000000000000000
t=2023-06-02T16:09:00+0800 lvl=trce msg="Pooled new future transaction"          hash=0x7a848c98bf3e66a8661b8c8b7dc74086b0c116cc6e993a896460b65fc627d161 from=0x9BF12759c287b70FeE459c3F50e0b44808E87a35 to=0x0000000000000000000000000000000000000000
t=2023-06-02T16:09:00+0800 lvl=trce msg="Promoted queued transactions"           count=0
t=2023-06-02T16:09:00+0800 lvl=trce msg="Demoting pending transaction"           hash=0x97692b614ecfc56cc6697fbfb98c6564847726da8a8ed397be3491d81d2a80c9
t=2023-06-02T16:09:00+0800 lvl=trce msg="Removed unpayable queued transactions"  count=0
t=2023-06-02T16:09:00+0800 lvl=trce msg="Demoting pending transaction"           hash=0x2681c05ad71c52b980b7f35f5170f6070a05eb6ef62d39de5c96093858d498a9
t=2023-06-02T16:09:00+0800 lvl=trce msg="Promoted queued transactions"           count=1
t=2023-06-02T16:09:00+0800 lvl=trce msg="Pooled new future transaction"          hash=0x27c2213a8bce5751f3512a00c98ce9e6d5b1201db11e8661dde00305d5053efe from=0x3c286197C62C1A98d355AbEDd2c3915ECeBB8E5B to=0x0000000000000000000000000000000000000000
t=2023-06-02T16:09:00+0800 lvl=trce msg="Pooled new future transaction"          hash=0x2df1d3ae35090ffe45df9261b866de6c04f2aafe8be32a0e55b64e1e51704f1e from=0x50D0b6Fb1C5EA22b2E581a6357ca4549E221557a to=0x0000000000000000000000000000000000000000
t=2023-06-02T16:09:00+0800 lvl=trce msg="Pooled new future transaction"          hash=0x004a627f1017220e81c2f884a9845c1f71303e4f97b28644427ca3d4836983b5 from=0x116119582f7387fA28Fc7D6f6de515384F543035 to=0x0000000000000000000000000000000000000000
t=2023-06-02T16:09:00+0800 lvl=trce msg="Pooled new future transaction"          hash=0x767597bb955daadc9af1359ab457e1f3dc3bf641acef9ad7fa60226d1a6cc1c7 from=0x50D0b6Fb1C5EA22b2E581a6357ca4549E221557a to=0x0000000000000000000000000000000000000000
t=2023-06-02T16:09:00+0800 lvl=trce msg="Pooled new future transaction"          hash=0xa62178bbad1ca2a1630e0cbf2b103c724b422ffedfa9937df6777d8734ae4894 from=0x66e0851F1a162869024b4C9f6b1C4Fc5cb4832F1 to=0x0000000000000000000000000000000000000000
t=2023-06-02T16:09:00+0800 lvl=trce msg="Removed old queued transactions"        count=0
t=2023-06-02T16:09:00+0800 lvl=trce msg="Discarding freshly underpriced transaction" hash=0xa75ada5b5dffe3ae643fa99185add1b1dc7b7fb0ae9fefd2999a123c62beaca7 gasTipCap=4  gasFeeCap=404
t=2023-06-02T16:09:00+0800 lvl=trce msg="Pooled new future transaction"          hash=0xf5d4f427bd0d805e810078e025299eb745c5cd2661acff7efaa53c32d58795e1 from=0x7B4CC426AaB96d403cd616bbf5dD451133376dBd to=0x0000000000000000000000000000000000000000
t=2023-06-02T16:09:00+0800 lvl=trce msg="Removed old queued transactions"        count=0
t=2023-06-02T16:09:00+0800 lvl=trce msg="Removed unpayable queued transactions"  count=0
t=2023-06-02T16:09:00+0800 lvl=trce msg="Promoted queued transactions"           count=1
t=2023-06-02T16:09:00+0800 lvl=trce msg="Pooled new future transaction"          hash=0x8b739dbe0ed9aafa519b90244f9f0502d6fd8b0338139f00c171d7b5b59e1677 from=0x50D0b6Fb1C5EA22b2E581a6357ca4549E221557a to=0x0000000000000000000000000000000000000000
t=2023-06-02T16:09:00+0800 lvl=trce msg="Pooled new future transaction"          hash=0xb4c5632460db1c108b2058add6fa3db5113427353d0e902fbf2d2cdec9ba3a35 from=0x3c286197C62C1A98d355AbEDd2c3915ECeBB8E5B to=0x0000000000000000000000000000000000000000
t=2023-06-02T16:09:00+0800 lvl=trce msg="Pooled new future transaction"          hash=0x9776e21634678e3c80742ed5ae90fdc0cebba9a27eba328e29bc6b504030a502 from=0x50D0b6Fb1C5EA22b2E581a6357ca4549E221557a to=0x0000000000000000000000000000000000000000
t=2023-06-02T16:09:00+0800 lvl=trce msg="Pooled new future transaction"          hash=0xdcc928b7a7377603cf8ff4807fdf0605b363f6ed4e6fe239a37075f759869faa from=0x50D0b6Fb1C5EA22b2E581a6357ca4549E221557a to=0x0000000000000000000000000000000000000000
t=2023-06-02T16:09:00+0800 lvl=trce msg="Pooled new future transaction"          hash=0xab9f2807978ec07e4c10708e50682fdaee6d9459af8699bda8254d7eff29f349 from=0x116119582f7387fA28Fc7D6f6de515384F543035 to=0x0000000000000000000000000000000000000000
t=2023-06-02T16:09:00+0800 lvl=trce msg="Pooled new future transaction"          hash=0x2470bdbb091e3b951b41f276fa40a35724a4a2cbd57d7f34df7210cd0d0b2c91 from=0x3c286197C62C1A98d355AbEDd2c3915ECeBB8E5B to=0x0000000000000000000000000000000000000000
t=2023-06-02T16:09:00+0800 lvl=trce msg="Discarding freshly underpriced transaction" hash=0x459c01b250d7c2804f1b5b3525a21e57b81d73340665b92a7921e1829c76814c gasTipCap=1  gasFeeCap=517
t=2023-06-02T16:09:00+0800 lvl=trce msg="Pooled new future transaction"          hash=0xb2221d25bb2c9fc06f3221130e6ecb8f58099e906f1b37b719d9ce3f3436d364 from=0xC46656c6D000AfC072F480d80209c4086E609961 to=0x0000000000000000000000000000000000000000
t=2023-06-02T16:09:00+0800 lvl=trce msg="Removed old queued transactions"        count=0
t=2023-06-02T16:09:00+0800 lvl=trce msg="Removed unpayable queued transactions"  count=0
t=2023-06-02T16:09:00+0800 lvl=trce msg="Promoted queued transactions"           count=1
t=2023-06-02T16:09:00+0800 lvl=trce msg="Demoting pending transaction"           hash=0xa78b04325a5db9401c42d9a19e9ff47c72fa6797d2baf7e055c8c0ee130846df
t=2023-06-02T16:09:00+0800 lvl=trce msg="Demoting pending transaction"           hash=0xfc37b492555a20670d3a9fe5577d23809e050ac72f5566a8168cd5f6cf01131c
t=2023-06-02T16:09:00+0800 lvl=trce msg="Demoting pending transaction"           hash=0xe3a0f7b09732466c9245cd6ac67e50415ab482652368359851480204c0b71cfb
t=2023-06-02T16:09:00+0800 lvl=trce msg="Demoting pending transaction"           hash=0x6c30b776af7dedcdf318d9385d785356fc9a94556967bd26d5d1560b2cf13d9e
t=2023-06-02T16:09:00+0800 lvl=trce msg="Demoting pending transaction"           hash=0xf8f1ed65d0e93266185bf62950dd2d0b589e43b191d614a75d94a1ae80212e75
t=2023-06-02T16:09:00+0800 lvl=trce msg="Demoting pending transaction"           hash=0xa2a8782fb24eb94ac0e70b1d1a31702fdfa630886cc48b2cf7ada4f0a8542712
t=2023-06-02T16:09:00+0800 lvl=trce msg="Demoting pending transaction"           hash=0x7f9d4f29820118ff041da4ae4005ec02084507ac874c0864334e35b7f0be32e4
t=2023-06-02T16:09:00+0800 lvl=trce msg="Demoting pending transaction"           hash=0x12119ee406b9edc559e0c0268ce0078772aee2bd1a9e773b0dcae1d7a10d96ed
t=2023-06-02T16:09:00+0800 lvl=trce msg="Demoting pending transaction"           hash=0x2db785a7d5b20b52cce06ed9dc329c287324fe2a2eb1b2324629b44a3ea05129
t=2023-06-02T16:09:00+0800 lvl=trce msg="Demoting pending transaction"           hash=0xdc82984b46877bee4be21cb2b774dc741f881ec9155eb46d7454fcf4a2f4bb70
t=2023-06-02T16:09:00+0800 lvl=trce msg="Demoting pending transaction"           hash=0xb76eb66a3822ee3c82eb3b09e1802266d0d16671fbb7bff4d8a1235c697799c4
t=2023-06-02T16:09:00+0800 lvl=trce msg="Demoting pending transaction"           hash=0x342bead4858b3a75c2a1d0ced4497686dc1faad51c4b9efee23b635a3aaa5d00
t=2023-06-02T16:09:00+0800 lvl=trce msg="Pooled new future transaction"          hash=0xb50aab86176c49912030810fb5a9adfa3671aac9f96ee34c9eedcecf4d14e73e from=0xbf186BC9fa4975D227B3dC76067880ec67530CE9 to=0x0000000000000000000000000000000000000000
t=2023-06-02T16:09:00+0800 lvl=trce msg="Pooled new future transaction"          hash=0xb9c6fa753c3afcb1a0df762cc5981091fefa1e5b8c26b238aa67ff8a14426073 from=0x44a6Ae12C4A0457140A041408a8EcE9ed9f24602 to=0x0000000000000000000000000000000000000000
t=2023-06-02T16:09:00+0800 lvl=trce msg="Pooled new future transaction"          hash=0xc6a3025caa6325e3eac338d259e25e5a0dc601f8439643f5bab8fc95f30c026d from=0x9BF12759c287b70FeE459c3F50e0b44808E87a35 to=0x0000000000000000000000000000000000000000
t=2023-06-02T16:09:00+0800 lvl=trce msg="Pooled new future transaction"          hash=0xcaeb308740526d90e4954bd07822e1c644f903d8130b83c4fab8e291f3767eca from=0xbf186BC9fa4975D227B3dC76067880ec67530CE9 to=0x0000000000000000000000000000000000000000
t=2023-06-02T16:09:00+0800 lvl=trce msg="Discarding freshly underpriced transaction" hash=0x195ec402ebf811302f1ee743426075edc6e6dc1485a2d51a4901226e86801d25 gasTipCap=1  gasFeeCap=518
t=2023-06-02T16:09:00+0800 lvl=trce msg="Pooled new future transaction"          hash=0x48cac0ea8dd75aa31feb116e40bbc61ae128628f89d76667b7cf4f0a1c8cffd4 from=0x9BF12759c287b70FeE459c3F50e0b44808E87a35 to=0x0000000000000000000000000000000000000000
t=2023-06-02T16:09:00+0800 lvl=trce msg="Pooled new future transaction"          hash=0x20a3f9fe99616e269dbc6867b390b2d59bc39b2e5e624ac5aafd408bd8ed9149 from=0x3AE11D260C3a12D1C59b96f21f2FFc3784a41239 to=0x0000000000000000000000000000000000000000
t=2023-06-02T16:09:00+0800 lvl=trce msg="Pooled new future transaction"          hash=0x9552f4e0326b66fedddc6e8cc2b43c356699c97ee603d3b9cad13bd2f1aac144 from=0x9BF12759c287b70FeE459c3F50e0b44808E87a35 to=0x0000000000000000000000000000000000000000
t=2023-06-02T16:09:00+0800 lvl=trce msg="Removed old queued transactions"        count=0
t=2023-06-02T16:09:00+0800 lvl=trce msg="Removed unpayable queued transactions"  count=0
t=2023-06-02T16:09:00+0800 lvl=trce msg="Removed unpayable queued transactions"  count=0
t=2023-06-02T16:09:00+0800 lvl=trce msg="Promoted queued transactions"           count=1
t=2023-06-02T16:09:00+0800 lvl=dbug msg="Reinjecting stale transactions"         count=0
t=2023-06-02T16:09:00+0800 lvl=trce msg="Pooled new future transaction"          hash=0x6ec082522f2b73d934da8d2c1ae6ada426450f3c77d7dc6ba05357182d6e1972 from=0xbf186BC9fa4975D227B3dC76067880ec67530CE9 to=0x0000000000000000000000000000000000000000
t=2023-06-02T16:09:00+0800 lvl=trce msg="Pooled new future transaction"          hash=0x5805fee8cae2c9037b20623ebd34e61899b72e9a4582feedf2becc111639451e from=0xbf186BC9fa4975D227B3dC76067880ec67530CE9 to=0x0000000000000000000000000000000000000000
t=2023-06-02T16:09:00+0800 lvl=trce msg="Pooled new future transaction"          hash=0x2cb41e602fbb0e30b710fb88c45b5a1601b619ddcaa3cb655a776ac1db7ac897 from=0xbf186BC9fa4975D227B3dC76067880ec67530CE9 to=0x0000000000000000000000000000000000000000
t=2023-06-02T16:09:00+0800 lvl=trce msg="Discarding invalid transaction"         hash=0xd57fd75dfbd3655dad2f01ee5380d3d08ce8859881d406c827f907b5d64d1d2d err="max priority fee per gas higher than 2^256-1"
t=2023-06-02T16:09:00+0800 lvl=trce msg="Pooled new future transaction"          hash=0x6867f59614c4c79f515237a7ca726a6cbb3beb190f29452273e37c036381426f from=0xBEc7e084Bfa8250123FbFc47b1f0587d67E3dad0 to=0x0000000000000000000000000000000000000000
t=2023-06-02T16:09:00+0800 lvl=trce msg="Pooled new future transaction"          hash=0x0c96d2e73ae0d5957f54227cf8b518b978ac8db4afd16cf78bad1abd4328bf2b from=0xBEc7e084Bfa8250123FbFc47b1f0587d67E3dad0 to=0x0000000000000000000000000000000000000000
t=2023-06-02T16:09:00+0800 lvl=trce msg="Pooled new future transaction"          hash=0x982da34ba193a0824f554defcb83802d507bcc71c62a6cd8a5dc7d3ba0e4622e from=0x9BF12759c287b70FeE459c3F50e0b44808E87a35 to=0x0000000000000000000000000000000000000000
t=2023-06-02T16:09:00+0800 lvl=trce msg="Pooled new future transaction"          hash=0x5bc24ee42458e235d92f3a40060a90eb7fb9f93ea17ad8e11bbccd1d249364e8 from=0x9BF12759c287b70FeE459c3F50e0b44808E87a35 to=0x0000000000000000000000000000000000000000
t=2023-06-02T16:09:00+0800 lvl=trce msg="Pooled new future transaction"          hash=0x8f3cba0ac3a4674f8aae0127a4530e3fecc197657b1b2375b305afbc5a9533fd from=0x66e0851F1a162869024b4C9f6b1C4Fc5cb4832F1 to=0x0000000000000000000000000000000000000000
t=2023-06-02T16:09:00+0800 lvl=trce msg="Removed old queued transactions"        count=0
t=2023-06-02T16:09:00+0800 lvl=trce msg="Removed unpayable queued transactions"  count=0
t=2023-06-02T16:09:00+0800 lvl=trce msg="Promoted queued transactions"           count=0
t=2023-06-02T16:09:00+0800 lvl=trce msg="Promoted queued transactions"           count=1
t=2023-06-02T16:09:00+0800 lvl=trce msg="Pooled new future transaction"          hash=0x801e66629b8eef17b80b5a018b648c4cd54e0cfa8eff89eae126d29c0af52b87 from=0x3c286197C62C1A98d355AbEDd2c3915ECeBB8E5B to=0x0000000000000000000000000000000000000000
t=2023-06-02T16:09:00+0800 lvl=trce msg="Pooled new future transaction"          hash=0x7bf17bcfcd30f7fd6afd958c6d1d275a32104503a45abd0357c644a3db5ce625 from=0xFa3BDC8D5458a2cFE93614054908869c0742Fdf3 to=0x0000000000000000000000000000000000000000
t=2023-06-02T16:09:00+0800 lvl=trce msg="Pooled new future transaction"          hash=0xfe003675e4fe0b3f91d5a734ef5427ca2ef515465ecf5ae6f22fd48b72e39c8d from=0xFa3BDC8D5458a2cFE93614054908869c0742Fdf3 to=0x0000000000000000000000000000000000000000
t=2023-06-02T16:09:00+0800 lvl=trce msg="Pooled new future transaction"          hash=0x401f2b45ccdba1f36d32d6986483f57ed6ca034be6ef221a3f32c6cf68e8b22e from=0x116119582f7387fA28Fc7D6f6de515384F543035 to=0x0000000000000000000000000000000000000000
t=2023-06-02T16:09:00+0800 lvl=trce msg="Pooled new future transaction"          hash=0xbe5e9ddb7efc20d8e215ff059a7e0f824279f2c60c1ace3460e989711f8074b1 from=0x7628e7c918DAaf4dfbF615023fDBcF72b8479bCe to=0x0000000000000000000000000000000000000000
t=2023-06-02T16:09:00+0800 lvl=trce msg="Pooled new future transaction"          hash=0xa9aaeb623513309cbfdd788f4ebf933b588609f19586b887f68a050665b2f80c from=0x116119582f7387fA28Fc7D6f6de515384F543035 to=0x0000000000000000000000000000000000000000
t=2023-06-02T16:09:00+0800 lvl=trce msg="Pooled new future transaction"          hash=0x79eec514e8e115bef2dc2ad75324355695b8994c5bec770e23129ae2346472fe from=0x116119582f7387fA28Fc7D6f6de515384F543035 to=0x0000000000000000000000000000000000000000
t=2023-06-02T16:09:00+0800 lvl=trce msg="Pooled new future transaction"          hash=0x6abaaa31443523a9394fc798070340fea25fd1ebdc1dd3af31ef04e3b58b8425 from=0x3c286197C62C1A98d355AbEDd2c3915ECeBB8E5B to=0x0000000000000000000000000000000000000000
t=2023-06-02T16:09:00+0800 lvl=trce msg="Pooled new future transaction"          hash=0x8e18b3fe4d6ce80fdaab097c52536b596102c47c9b043a5e383c52ac1ee3dc30 from=0xD2013DE62ACb861258BC712e53229eeA4e6d460C to=0x0000000000000000000000000000000000000000
t=2023-06-02T16:09:00+0800 lvl=trce msg="Pooled new future transaction"          hash=0xbceb224a5cdf8021408e99a130c8963d0fa4612bcc9f384826abf8f7d35d0f10 from=0x50D0b6Fb1C5EA22b2E581a6357ca4549E221557a to=0x0000000000000000000000000000000000000000
t=2023-06-02T16:09:00+0800 lvl=trce msg="Pooled new future transaction"          hash=0xd3686d22d9e3b3ad4cfc836148ab2664235723fd1a4ced18dfc02f35f3ebec9d from=0x116119582f7387fA28Fc7D6f6de515384F543035 to=0x0000000000000000000000000000000000000000
t=2023-06-02T16:09:00+0800 lvl=trce msg="Pooled new future transaction"          hash=0x2a789a875dd1e6f2393a4e99e61d9bca6186910203751ec516ee7422d9b22880 from=0x50D0b6Fb1C5EA22b2E581a6357ca4549E221557a to=0x0000000000000000000000000000000000000000
t=2023-06-02T16:09:00+0800 lvl=trce msg="Pooled new future transaction"          hash=0xd47457ca358a37688c0c05e51ccbafcf10bec840d74124ed77730a4b78c84fa6 from=0x50D0b6Fb1C5EA22b2E581a6357ca4549E221557a to=0x0000000000000000000000000000000000000000
t=2023-06-02T16:09:00+0800 lvl=trce msg="Pooled new future transaction"          hash=0x594e030f441916e8f3163466e26478fe766d48ff3101a24468826e4a43a7f3fe from=0x3c286197C62C1A98d355AbEDd2c3915ECeBB8E5B to=0x0000000000000000000000000000000000000000
t=2023-06-02T16:09:00+0800 lvl=trce msg="Removed old queued transactions"        count=0
t=2023-06-02T16:09:00+0800 lvl=trce msg="Discarding freshly underpriced transaction" hash=0xb6467e86c93431d9ca777d8f8baaffc14c461f0d3c36a2da6b607fd92676e141 gasTipCap=1  gasFeeCap=519
t=2023-06-02T16:09:00+0800 lvl=trce msg="Pooled new future transaction"          hash=0x2ae327812de00d90f2648abd6b42ed3ebdca0759644c84f8d89043872a33f9b5 from=0x9Efb72e50e919954A21FEd0706CdB035279e55D5 to=0x0000000000000000000000000000000000000000
t=2023-06-02T16:09:00+0800 lvl=trce msg="Removed old queued transactions"        count=0
t=2023-06-02T16:09:00+0800 lvl=trce msg="Removed unpayable queued transactions"  count=0
t=2023-06-02T16:09:00+0800 lvl=trce msg="Promoted queued transactions"           count=1
t=2023-06-02T16:09:00+0800 lvl=trce msg="Removed old queued transactions"        count=0
t=2023-06-02T16:09:00+0800 lvl=trce msg="Removed unpayable queued transactions"  count=0
t=2023-06-02T16:09:00+0800 lvl=trce msg="Promoted queued transactions"           count=1
t=2023-06-02T16:09:00+0800 lvl=trce msg="Discarding invalid transaction"         hash=0x06c48ca6e978a41213905c916b0ffa4b97520c0784502a36fb201db00afdcf3a err="max fee per gas higher than 2^256-1"
t=2023-06-02T16:09:00+0800 lvl=trce msg="Removed unpayable pending transaction"  hash=0x6200377b423fdc6826c63af6cb91cd9345b80e3fdbe83d28002b852d9d089b6d
t=2023-06-02T16:09:00+0800 lvl=trce msg="Removed unpayable pending transaction"  hash=0x0be7a696a1a713b78b6ffbfe5399816e60c6ef0474398980e25ee64b04fda132
t=2023-06-02T16:09:00+0800 lvl=info msg="Transaction pool stopped"
--- PASS: TestTransactionVeryHighValues (0.00s)
=== CONT  TestTransactionQueue2
t=2023-06-02T16:09:00+0800 lvl=trce msg="Removed unpayable pending transaction"  hash=0xf90e265ff4bebc53981859aea78900e2ca2dbd7b7133e6bb92fb24b00d49e658
t=2023-06-02T16:09:00+0800 lvl=trce msg="Removed unpayable pending transaction"  hash=0x3ba8732db8bf3dab31687e5b9d80647c1963721f5fb7f9af9bef97ac5f8c3d27
t=2023-06-02T16:09:00+0800 lvl=trce msg="Pooled new future transaction"          hash=0x251474f9a9a503acde62e94ba2db6a1f51efe9f2cd3e38bbbd07643805070dea from=0x50D0b6Fb1C5EA22b2E581a6357ca4549E221557a to=0x0000000000000000000000000000000000000000
t=2023-06-02T16:09:00+0800 lvl=trce msg="Pooled new future transaction"          hash=0x543b814a80ff37ce8cbc509d5c706299adeadf0bd83745ed5c3ef799c64b8ac4 from=0x3c286197C62C1A98d355AbEDd2c3915ECeBB8E5B to=0x0000000000000000000000000000000000000000
t=2023-06-02T16:09:00+0800 lvl=trce msg="Pooled new future transaction"          hash=0x90f30b9a00034d5733e0a0c84c5f631bef687e7f1cbd1e7757a7a999fc41138c from=0x7628e7c918DAaf4dfbF615023fDBcF72b8479bCe to=0x0000000000000000000000000000000000000000
t=2023-06-02T16:09:00+0800 lvl=dbug msg="Reinjecting stale transactions"         count=0
t=2023-06-02T16:09:00+0800 lvl=trce msg="Pooled new future transaction"          hash=0x4d690e8ac1ad03ebf438f37a3d87671349579f45ba440e67627afe77c1f9b94a from=0x50D0b6Fb1C5EA22b2E581a6357ca4549E221557a to=0x0000000000000000000000000000000000000000
t=2023-06-02T16:09:00+0800 lvl=trce msg="Pooled new future transaction"          hash=0xad39ccc44f90cff879e313d14015cc42bdaee683793852e8c48baeb6f64ee219 from=0x116119582f7387fA28Fc7D6f6de515384F543035 to=0x0000000000000000000000000000000000000000
t=2023-06-02T16:09:00+0800 lvl=trce msg="Pooled new future transaction"          hash=0x4eeab10838eaa1180fa007002be229ca2e63883ea6f47af89aeca0b8b34abcfc from=0x50D0b6Fb1C5EA22b2E581a6357ca4549E221557a to=0x0000000000000000000000000000000000000000
t=2023-06-02T16:09:00+0800 lvl=trce msg="Pooled new future transaction"          hash=0x7206378e5d2314e34ea2e964562b93ee86975862cff38c27ee2217b3fd3df3d4 from=0x50D0b6Fb1C5EA22b2E581a6357ca4549E221557a to=0x0000000000000000000000000000000000000000
t=2023-06-02T16:09:00+0800 lvl=trce msg="Discarding freshly underpriced transaction" hash=0xf5d4f427bd0d805e810078e025299eb745c5cd2661acff7efaa53c32d58795e1 gasTipCap=1  gasFeeCap=600
t=2023-06-02T16:09:00+0800 lvl=trce msg="Pooled new future transaction"          hash=0x814eb5f50be2357158c778828da19569f39ff64a0e118362e0735745eb8c30ec from=0xa2f9F144113257dBA316fd448d13E25c829d0Bb6 to=0x0000000000000000000000000000000000000000
t=2023-06-02T16:09:00+0800 lvl=trce msg="Removed old queued transactions"        count=0
t=2023-06-02T16:09:00+0800 lvl=trce msg="Removed unpayable queued transactions"  count=0
t=2023-06-02T16:09:00+0800 lvl=trce msg="Promoted queued transactions"           count=1
t=2023-06-02T16:09:00+0800 lvl=dbug msg="Reinjecting stale transactions"         count=0
t=2023-06-02T16:09:00+0800 lvl=trce msg="Removed unpayable queued transactions"  count=0
t=2023-06-02T16:09:00+0800 lvl=trce msg="Promoted queued transactions"           count=2
t=2023-06-02T16:09:00+0800 lvl=trce msg="Pooled new future transaction"          hash=0xcd0da258ee89e9d4977f889b6b75176076432270eb04e82641ab548d89703146 from=0x9BF12759c287b70FeE459c3F50e0b44808E87a35 to=0x0000000000000000000000000000000000000000
t=2023-06-02T16:09:00+0800 lvl=trce msg="Pooled new future transaction"          hash=0xba38ee01fe579e494eb3eb6a0331b1391334e47ebcd90ea1ac36794ca526441f from=0xBEc7e084Bfa8250123FbFc47b1f0587d67E3dad0 to=0x0000000000000000000000000000000000000000
t=2023-06-02T16:09:00+0800 lvl=trce msg="Pooled new future transaction"          hash=0xff9bc28bfadce23daaf38e329e067718b382a6a041450dc4761b73da1a714090 from=0x9BF12759c287b70FeE459c3F50e0b44808E87a35 to=0x0000000000000000000000000000000000000000
t=2023-06-02T16:09:00+0800 lvl=trce msg="Discarding freshly underpriced transaction" hash=0xb2221d25bb2c9fc06f3221130e6ecb8f58099e906f1b37b719d9ce3f3436d364 gasTipCap=1  gasFeeCap=601
t=2023-06-02T16:09:00+0800 lvl=trce msg="Pooled new future transaction"          hash=0xeab5778bbe9e53996c389580b1f7cad37e7405dd46be730a8acdeb5cb7633edf from=0xbf186BC9fa4975D227B3dC76067880ec67530CE9 to=0x0000000000000000000000000000000000000000
t=2023-06-02T16:09:00+0800 lvl=trce msg="Removed old queued transactions"        count=0
t=2023-06-02T16:09:00+0800 lvl=trce msg="Pooled new future transaction"          hash=0x0c4e3a02eaa0042e943837b0ced02d0d8aeac2437697d5ec1fd0cb0541e6a7b0 from=0xbf186BC9fa4975D227B3dC76067880ec67530CE9 to=0x0000000000000000000000000000000000000000
t=2023-06-02T16:09:00+0800 lvl=trce msg="Removed unpayable queued transactions"  count=0
t=2023-06-02T16:09:00+0800 lvl=trce msg="Promoted queued transactions"           count=1
t=2023-06-02T16:09:00+0800 lvl=trce msg="Pooled new future transaction"          hash=0x6c726d0ac27fb27d0bb100114e92bd58ae99f6aaeeec0aa66b5312bc3b793978 from=0xBEc7e084Bfa8250123FbFc47b1f0587d67E3dad0 to=0x0000000000000000000000000000000000000000
t=2023-06-02T16:09:00+0800 lvl=trce msg="Removed unpayable pending transaction"  hash=0x78ab78cd0a0060e7c96ab1c7fca88d5c7365b1ff8d8764e66fd5797855baf711
t=2023-06-02T16:09:00+0800 lvl=trce msg="Pooled new future transaction"          hash=0x5c27a6efd35438fb867c4223e156742df05e7d165da18b65f3c5dbc8dfba19c4 from=0xbf186BC9fa4975D227B3dC76067880ec67530CE9 to=0x0000000000000000000000000000000000000000
t=2023-06-02T16:09:00+0800 lvl=trce msg="Removed unpayable pending transaction"  hash=0x41646311bda071a269735c0107a798df0dbf6987cab1f7a1dd1c46ad334902ec
t=2023-06-02T16:09:00+0800 lvl=trce msg="Removed unpayable pending transaction"  hash=0xc8454cd77b2be8281051d652ff12fefd1ab91a7f8c55de5669195b3a760d5aaa
t=2023-06-02T16:09:00+0800 lvl=trce msg="Removed unpayable pending transaction"  hash=0xee31570b3860b2bdd7313cc32badfb8ad79e177cbae5b94455e40f629719551f
t=2023-06-02T16:09:00+0800 lvl=info msg="Transaction pool stopped"
t=2023-06-02T16:09:00+0800 lvl=trce msg="Removed unpayable pending transaction"  hash=0xa2909793f4fe3d35da6de1b0a86b301e2558670a353b89cd7e086626e9c6a575
--- PASS: TestTransactionQueue2 (0.00s)
=== CONT  TestTransactionNegativeValue
t=2023-06-02T16:09:00+0800 lvl=trce msg="Removed unpayable pending transaction"  hash=0x796a5810101f9e39f18039d7fe49d64ed342e7900ca66b0342227bcd12b44e90
t=2023-06-02T16:09:00+0800 lvl=trce msg="Removed unpayable pending transaction"  hash=0x6f4282dc8851ea77672f5f8c065e799479abf5c75f4a5274a0ab7eae76252e21
t=2023-06-02T16:09:00+0800 lvl=trce msg="Removed unpayable pending transaction"  hash=0x225e086072f3bcdef446a823657d6411ff0c90f69193c3280ef4598223eddef3
t=2023-06-02T16:09:00+0800 lvl=trce msg="Removed unpayable pending transaction"  hash=0x6ec360e948a81737e89fd9065cf8c919b92642b441e66b360ae277723ecb13c5
t=2023-06-02T16:09:00+0800 lvl=trce msg="Removed unpayable pending transaction"  hash=0xa5908161a32dceb74d4d862ce4651f4eaba75bd5f95b00ab3384d6427923843a
t=2023-06-02T16:09:00+0800 lvl=trce msg="Pooled new future transaction"          hash=0x0e21c8b0d25a6ebacff5d0a7df96db100c0478396c3f3615a3d9cf84d9046d0a from=0xbf186BC9fa4975D227B3dC76067880ec67530CE9 to=0x0000000000000000000000000000000000000000
t=2023-06-02T16:09:00+0800 lvl=trce msg="Pooled new future transaction"          hash=0x4722c269c2a732265c6c17dd5d5b88ef1de58afc0521a0a7fe15eef16730ac79 from=0x44a6Ae12C4A0457140A041408a8EcE9ed9f24602 to=0x0000000000000000000000000000000000000000
t=2023-06-02T16:09:00+0800 lvl=trce msg="Pooled new future transaction"          hash=0xe46b311ae2f42287ef8a2709f792ace0d67fdd4554f75f975e955e2bc973c6b4 from=0xbf186BC9fa4975D227B3dC76067880ec67530CE9 to=0x0000000000000000000000000000000000000000
t=2023-06-02T16:09:00+0800 lvl=dbug msg="Reinjecting stale transactions"         count=0
t=2023-06-02T16:09:00+0800 lvl=trce msg="Pooled new future transaction"          hash=0xc270a9bd51a8041072942d03733ac0f04400991bad7ce72ba57e560ceef48212 from=0xBEc7e084Bfa8250123FbFc47b1f0587d67E3dad0 to=0x0000000000000000000000000000000000000000
t=2023-06-02T16:09:00+0800 lvl=trce msg="Pooled new future transaction"          hash=0x9d85ac3deac4a2563acce6e9cac9ca943a441bc76eab250949ab6aef04589955 from=0x7970828e2587EA897B0dCf07bBd6E6fDb8ADE183 to=0x0000000000000000000000000000000000000000
t=2023-06-02T16:09:00+0800 lvl=trce msg="Pooled new future transaction"          hash=0xd836357f47d621976db63f4fe0084e79dacedd88ae9746bf6f8d2918b25e1258 from=0x44a6Ae12C4A0457140A041408a8EcE9ed9f24602 to=0x0000000000000000000000000000000000000000
t=2023-06-02T16:09:00+0800 lvl=trce msg="Removed old queued transactions"        count=0
t=2023-06-02T16:09:00+0800 lvl=trce msg="Removed unpayable queued transactions"  count=0
t=2023-06-02T16:09:00+0800 lvl=trce msg="Promoted queued transactions"           count=1
t=2023-06-02T16:09:00+0800 lvl=trce msg="Pooled new future transaction"          hash=0xb3cdab6c8e8e8dfa808875c1199997a540a5e69fe7749bc240a3effdba1fd120 from=0x44a6Ae12C4A0457140A041408a8EcE9ed9f24602 to=0x0000000000000000000000000000000000000000
t=2023-06-02T16:09:00+0800 lvl=trce msg="Pooled new future transaction"          hash=0x0060c88faabdf0a897475086d8eec7363801cca8747ad36eb88d179e137466cf from=0xBEc7e084Bfa8250123FbFc47b1f0587d67E3dad0 to=0x0000000000000000000000000000000000000000
t=2023-06-02T16:09:00+0800 lvl=trce msg="Discarding invalid transaction"         hash=0xc5d2460186f7233c927e7db2dcc703c0e500b653ca82273b7bfad8045d85a470 err="negative value"
t=2023-06-02T16:09:00+0800 lvl=trce msg="Pooled new future transaction"          hash=0xc5eda943b2a79c793c02d0c33afb181db3206254bb99116ff60581c6711c71a6 from=0x9BF12759c287b70FeE459c3F50e0b44808E87a35 to=0x0000000000000000000000000000000000000000
t=2023-06-02T16:09:00+0800 lvl=info msg="Transaction pool stopped"
--- PASS: TestTransactionNegativeValue (0.00s)
=== CONT  TestTransactionQueue
t=2023-06-02T16:09:00+0800 lvl=trce msg="Pooled new future transaction"          hash=0x7008dc9f8f384e4eaa3fd42db6ac23bc2c79537c20dfc6108164ef4b34ef2a4e from=0x9BF12759c287b70FeE459c3F50e0b44808E87a35 to=0x0000000000000000000000000000000000000000
t=2023-06-02T16:09:00+0800 lvl=trce msg="Pooled new future transaction"          hash=0x5906ae97b5947ee1dd15b4086c32d25856eb2868be590a9054c180ff75ea41d7 from=0xBEc7e084Bfa8250123FbFc47b1f0587d67E3dad0 to=0x0000000000000000000000000000000000000000
t=2023-06-02T16:09:00+0800 lvl=trce msg="Pooled new future transaction"          hash=0x64a225f2d629df4631487ae26778c2834175e188e4b60a2bce53786113cc833a from=0x44a6Ae12C4A0457140A041408a8EcE9ed9f24602 to=0x0000000000000000000000000000000000000000
t=2023-06-02T16:09:00+0800 lvl=trce msg="Discarding freshly underpriced transaction" hash=0x20a3f9fe99616e269dbc6867b390b2d59bc39b2e5e624ac5aafd408bd8ed9149 gasTipCap=1  gasFeeCap=602
t=2023-06-02T16:09:00+0800 lvl=dbug msg="Reinjecting stale transactions"         count=0
t=2023-06-02T16:09:00+0800 lvl=trce msg="Pooled new future transaction"          hash=0x229d899f2c64c8c66ba5534e71bcea6eccb4b84e16687d54aecba4dc3908bc0c from=0x8077F924B18954E7D9f4f455cDce5a939d0a2ae7 to=0x0000000000000000000000000000000000000000
t=2023-06-02T16:09:00+0800 lvl=trce msg="Removed old queued transactions"        count=0
t=2023-06-02T16:09:00+0800 lvl=trce msg="Removed unpayable pending transaction"  hash=0xfceda817afdbd9711596c8b17041b5b9a4e11b827064c8f8ae92c5e439cab058
t=2023-06-02T16:09:00+0800 lvl=trce msg="Removed unpayable pending transaction"  hash=0xf5cd8bb52609175e2bbd4bfafeb9c0e994fd8df72d15e70a7f527fc7dc214041
t=2023-06-02T16:09:00+0800 lvl=trce msg="Removed unpayable pending transaction"  hash=0x6bec603ee805b03370dd4fe9fc22ada5430b7d317796a606fb2d31572647540b
t=2023-06-02T16:09:00+0800 lvl=trce msg="Removed unpayable pending transaction"  hash=0x1f4df65f7326eee5a865e03348fe25ec272094d591b78c9ac9963b83386a154a
t=2023-06-02T16:09:00+0800 lvl=trce msg="Removed unpayable pending transaction"  hash=0xa60a2b037d6ab860589696ce8c7b49f18373a3267017fee03b5c380d1b03bc10
t=2023-06-02T16:09:00+0800 lvl=trce msg="Removed unpayable pending transaction"  hash=0x25a680fdc9ae5b3cb0741e017cfd7dfd4841f1ff20ff94705ae812a3bdc9689f
t=2023-06-02T16:09:00+0800 lvl=trce msg="Removed unpayable pending transaction"  hash=0x40e2bf356e0b7b21a886119a0714eac560daf3ba641ecdbc664997f96ff4525c
t=2023-06-02T16:09:00+0800 lvl=trce msg="Removed unpayable pending transaction"  hash=0x0c227bff83bb418aabf256d7b5eaeb59e5c070eec9ff591a0477cc68ad6940b5
t=2023-06-02T16:09:00+0800 lvl=trce msg="Removed unpayable pending transaction"  hash=0x22eb0e62bcc88ffb537ee1268e21970b728e6c72a7bf40f2daad39a6cbf86015
t=2023-06-02T16:09:00+0800 lvl=trce msg="Removed unpayable pending transaction"  hash=0x8112fdbdfb87a3ccd5e8daa2da5f123683f308279c002234580e9ed2e506a58c
t=2023-06-02T16:09:00+0800 lvl=dbug msg="Reinjecting stale transactions"         count=0
t=2023-06-02T16:09:00+0800 lvl=trce msg="Pooled new future transaction"          hash=0x319c3ac533eb344483d7269f5d752f4bdd47de6b19108967b7a2efdc842c9946 from=0x9BF12759c287b70FeE459c3F50e0b44808E87a35 to=0x0000000000000000000000000000000000000000
t=2023-06-02T16:09:00+0800 lvl=trce msg="Pooled new future transaction"          hash=0x00f7d8c1d62d493bd14c715eebfe9132f19baa3a171bab672359df4741b34b77 from=0x44a6Ae12C4A0457140A041408a8EcE9ed9f24602 to=0x0000000000000000000000000000000000000000
t=2023-06-02T16:09:00+0800 lvl=trce msg="Pooled new future transaction"          hash=0x30a13c817009160cb31367f842937d57e9986805cd857bab45faab4fe12cfa3a from=0x9BF12759c287b70FeE459c3F50e0b44808E87a35 to=0x0000000000000000000000000000000000000000
t=2023-06-02T16:09:00+0800 lvl=trce msg="Removed old queued transactions"        count=0
t=2023-06-02T16:09:00+0800 lvl=trce msg="Removed unpayable queued transactions"  count=0
t=2023-06-02T16:09:00+0800 lvl=trce msg="Promoted queued transactions"           count=1
t=2023-06-02T16:09:00+0800 lvl=trce msg="Removed unpayable pending transaction"  hash=0xeb4d411451c00c1afb79ae47b24d8ad1cb5c806857085c4fb85fbc1a5491189f
t=2023-06-02T16:09:00+0800 lvl=trce msg="Removed unpayable pending transaction"  hash=0x06a1d3d0a1ec63dc887709c244917f096f653b1af4f54ee5303b1608cf3a9dd0
t=2023-06-02T16:09:00+0800 lvl=trce msg="Removed unpayable pending transaction"  hash=0xbe3d4a4cc4033b909214a0cd1079b19370ef8eb26c0e471fab72c762f2c60e16
t=2023-06-02T16:09:00+0800 lvl=trce msg="Removed unpayable pending transaction"  hash=0x5ec6daa88984bb3587253f147f863433bafc35ca9edc2f182e2d99006bcf54b1
t=2023-06-02T16:09:00+0800 lvl=trce msg="Removed unpayable pending transaction"  hash=0xf8a0b29ff68824d552881b8814c029b6c03ed0305f156714451cfd42f416dfde
t=2023-06-02T16:09:00+0800 lvl=trce msg="Removed unpayable pending transaction"  hash=0x0807c03fa8fc0cdcc783c088e47de1208cd7fbe3efef5e90a9fed09b7bed2313
t=2023-06-02T16:09:00+0800 lvl=trce msg="Removed unpayable pending transaction"  hash=0x92b25450716ce22997c906ff07b0b124b9e868353a7b853607248814d7e0a6d5
t=2023-06-02T16:09:00+0800 lvl=trce msg="Removed unpayable pending transaction"  hash=0x8e206ac3fb4d50dc1535a722dbc9de5a2a54d46e276e8c3d2adb796fcd4725e2
t=2023-06-02T16:09:00+0800 lvl=trce msg="Removed unpayable pending transaction"  hash=0x9cd17526914f27361c85235a90af6f6c414f8bdf9ba58eb1292233473410d186
t=2023-06-02T16:09:00+0800 lvl=trce msg="Removed unpayable pending transaction"  hash=0xd8983300ecef297996e7eab70f8b4137901dba824a94d13b72d8c08062b9c9a8
t=2023-06-02T16:09:00+0800 lvl=trce msg="Removed unpayable pending transaction"  hash=0xdfdb70679ab8e5e634387910ee2a5c9988145f1a147745fb8fa5b6d334c7759f
t=2023-06-02T16:09:00+0800 lvl=trce msg="Removed unpayable pending transaction"  hash=0xd41fbb7a46f2adcde0a1d172d3cac00e18100088472ba268c7dc0915617d6474
t=2023-06-02T16:09:00+0800 lvl=trce msg="Removed unpayable pending transaction"  hash=0x9b25706babc10ef5f170ebcb2747465ef1a17eb234d90b89584de557e48cf28c
t=2023-06-02T16:09:00+0800 lvl=trce msg="Removed unpayable pending transaction"  hash=0x2ac04b1bedb0cbf1a9cbaaaf58e1df353937d2b4dce20954e70f441a32896904
t=2023-06-02T16:09:00+0800 lvl=trce msg="Removed unpayable pending transaction"  hash=0x4e049f41c486a005f79a48fbb28b9015bf7d4fbab148f07ecef992affe5e1c82
t=2023-06-02T16:09:00+0800 lvl=trce msg="Removed unpayable pending transaction"  hash=0x1a7a9cdffd20f49c2c8bae6cc47a8010db2af182f1c5f7a892766023bc3689d0
t=2023-06-02T16:09:00+0800 lvl=trce msg="Removed unpayable pending transaction"  hash=0x40a28602d26bd787ef151e534739dc6ed3aa55c667c4dd10e1ce38703338300d
t=2023-06-02T16:09:00+0800 lvl=trce msg="Pooled new future transaction"          hash=0x125d4653450f099187604ccb4499e2fd4c43ff9209378894badf42757ac41102 from=0xBEc7e084Bfa8250123FbFc47b1f0587d67E3dad0 to=0x0000000000000000000000000000000000000000
t=2023-06-02T16:09:00+0800 lvl=trce msg="Pooled new future transaction"          hash=0x521434a9700653425385700cf4b14c512a49920959d09131f046b8ef04684563 from=0x9BF12759c287b70FeE459c3F50e0b44808E87a35 to=0x0000000000000000000000000000000000000000
t=2023-06-02T16:09:00+0800 lvl=trce msg="Pooled new future transaction"          hash=0x1bbf2f224cd507f44c0ce1c3dc88dd91721a31ce8fd170650489c7e072a443cf from=0xBEc7e084Bfa8250123FbFc47b1f0587d67E3dad0 to=0x0000000000000000000000000000000000000000
t=2023-06-02T16:09:00+0800 lvl=trce msg="Pooled new future transaction"          hash=0x708eecb5db3753bf293b5e875200637b15be5d408fcddf62846fda58c33da394 from=0xbf186BC9fa4975D227B3dC76067880ec67530CE9 to=0x0000000000000000000000000000000000000000
t=2023-06-02T16:09:00+0800 lvl=trce msg="Pooled new future transaction"          hash=0x1756792cf925c7120b1493dbd803d66911bac6e5087c98eab6dc45d364faea03 from=0x50D0b6Fb1C5EA22b2E581a6357ca4549E221557a to=0x0000000000000000000000000000000000000000
t=2023-06-02T16:09:00+0800 lvl=trce msg="Pooled new future transaction"          hash=0x91968689fd3495c127156d69c364c72bd9d0ab6936f4f46d95a60d9d75c2eba4 from=0x44a6Ae12C4A0457140A041408a8EcE9ed9f24602 to=0x0000000000000000000000000000000000000000
t=2023-06-02T16:09:00+0800 lvl=trce msg="Pooled new future transaction"          hash=0x4b3f87f777a9ad54503f3ca11d784f65103b61dfe70d8a21bd7f5867dd186ffa from=0xBEc7e084Bfa8250123FbFc47b1f0587d67E3dad0 to=0x0000000000000000000000000000000000000000
t=2023-06-02T16:09:00+0800 lvl=trce msg="Pooled new future transaction"          hash=0xe12e60a92e8953c378504b54616781422a9e08f035ac85b2e98e6fc9b1422e08 from=0xFa3BDC8D5458a2cFE93614054908869c0742Fdf3 to=0x0000000000000000000000000000000000000000
t=2023-06-02T16:09:00+0800 lvl=trce msg="Pooled new future transaction"          hash=0x4ce34f7b9690806b59b4f9a0d83be53b078be95a4b0455aef618b2cca74885ea from=0x116119582f7387fA28Fc7D6f6de515384F543035 to=0x0000000000000000000000000000000000000000
t=2023-06-02T16:09:00+0800 lvl=trce msg="Pooled new future transaction"          hash=0x1635f4451ae83198e0f2fd0d6fdf700efc68fe4d0ab4895e507110614a15a63d from=0x116119582f7387fA28Fc7D6f6de515384F543035 to=0x0000000000000000000000000000000000000000
t=2023-06-02T16:09:00+0800 lvl=trce msg="Pooled new future transaction"          hash=0x6fa56f8a659f8d2593e6cf5c5d6098b9069b6705ca1e6b67b408ee2e172c7d07 from=0x3c286197C62C1A98d355AbEDd2c3915ECeBB8E5B to=0x0000000000000000000000000000000000000000
t=2023-06-02T16:09:00+0800 lvl=trce msg="Pooled new future transaction"          hash=0x7442e18e01dd85842a46569533aa6bfaaceb9cfc3fbffafbab2e78dddb6a8078 from=0xFa3BDC8D5458a2cFE93614054908869c0742Fdf3 to=0x0000000000000000000000000000000000000000
t=2023-06-02T16:09:00+0800 lvl=trce msg="Removed old queued transactions"        count=1
t=2023-06-02T16:09:00+0800 lvl=trce msg="Removed unpayable queued transactions"  count=0
t=2023-06-02T16:09:00+0800 lvl=trce msg="Promoted queued transactions"           count=0
t=2023-06-02T16:09:00+0800 lvl=trce msg="Pooled new future transaction"          hash=0xc081c7ec24a109486dcbb77724e94399df0f0fb1319c183ef7efe0f8e90ddbbc from=0x44a6Ae12C4A0457140A041408a8EcE9ed9f24602 to=0x0000000000000000000000000000000000000000
t=2023-06-02T16:09:00+0800 lvl=trce msg="Pooled new future transaction"          hash=0x81c5c8906767a07765fe2f0232bc232a5fad9cdf9de7be80ed43a87dfabb0f84 from=0xbf186BC9fa4975D227B3dC76067880ec67530CE9 to=0x0000000000000000000000000000000000000000
t=2023-06-02T16:09:00+0800 lvl=trce msg="Pooled new future transaction"          hash=0x3daabe75ef6cbd0c094cfa7f65be5608f4f7a08f97c796ee9f4ce0d780f3a6fe from=0x9BF12759c287b70FeE459c3F50e0b44808E87a35 to=0x0000000000000000000000000000000000000000
t=2023-06-02T16:09:00+0800 lvl=info msg="Transaction pool stopped"
--- PASS: TestTransactionQueue (0.00s)
t=2023-06-02T16:09:00+0800 lvl=trce msg="Pooled new future transaction"          hash=0xf1b17e14e13f7422ddb5fb93e710838b33133e8894f4c75ee01469e1cbb6aa05 from=0x44a6Ae12C4A0457140A041408a8EcE9ed9f24602 to=0x0000000000000000000000000000000000000000
=== CONT  TestInvalidTransactions
t=2023-06-02T16:09:00+0800 lvl=trce msg="Pooled new future transaction"          hash=0x1ac957cc4f3769e596e9054cb7b9038cd183e21364d265f05115fee411ebdad9 from=0x44a6Ae12C4A0457140A041408a8EcE9ed9f24602 to=0x0000000000000000000000000000000000000000
t=2023-06-02T16:09:00+0800 lvl=trce msg="Pooled new future transaction"          hash=0xb171cae6e11399e96be1376217cbe3d78ff1b8d9f6470a69b1ff9ae78be7805a from=0xBEc7e084Bfa8250123FbFc47b1f0587d67E3dad0 to=0x0000000000000000000000000000000000000000
t=2023-06-02T16:09:00+0800 lvl=trce msg="Pooled new future transaction"          hash=0x4f635ea92f0d80210d2e48f4c9d62dc59396763106be15af36d9068555000853 from=0xbf186BC9fa4975D227B3dC76067880ec67530CE9 to=0x0000000000000000000000000000000000000000
t=2023-06-02T16:09:00+0800 lvl=trce msg="Removed unpayable queued transactions"  count=0
t=2023-06-02T16:09:00+0800 lvl=trce msg="Pooled new future transaction"          hash=0xa128e2cb0192c9250a6bfae1b55e384ca53ade38f8118451d71aa4f6ddcf9b75 from=0x44a6Ae12C4A0457140A041408a8EcE9ed9f24602 to=0x0000000000000000000000000000000000000000
t=2023-06-02T16:09:00+0800 lvl=trce msg="Promoted queued transactions"           count=1
t=2023-06-02T16:09:00+0800 lvl=trce msg="Pooled new future transaction"          hash=0xb1dbaf038368e9e97ff5e893e88b6f4983f286766821de97bed7a2d22823138f from=0xbf186BC9fa4975D227B3dC76067880ec67530CE9 to=0x0000000000000000000000000000000000000000
t=2023-06-02T16:09:00+0800 lvl=dbug msg="Reinjecting stale transactions"         count=0
t=2023-06-02T16:09:00+0800 lvl=trce msg="Pooled new future transaction"          hash=0x10e579f9a38dc53a92313792fbf92aa82387c4b9e4d802de684c33c68f0cfb60 from=0xBEc7e084Bfa8250123FbFc47b1f0587d67E3dad0 to=0x0000000000000000000000000000000000000000
t=2023-06-02T16:09:00+0800 lvl=trce msg="Pooled new future transaction"          hash=0xabd15c6a6ae5d41db84b53c35cde1abc4e985ab429a46d96392709f2a2456c97 from=0x9BF12759c287b70FeE459c3F50e0b44808E87a35 to=0x0000000000000000000000000000000000000000
t=2023-06-02T16:09:00+0800 lvl=trce msg="Pooled new future transaction"          hash=0x7af5168fe072bd18ac89498c85c6bbfc47b18d6c9e6aea9bdbef32630fcefbd3 from=0x9BF12759c287b70FeE459c3F50e0b44808E87a35 to=0x0000000000000000000000000000000000000000
t=2023-06-02T16:09:00+0800 lvl=trce msg="Pooled new future transaction"          hash=0x3c9dbdb924820a616491206d999da3325a000cc6cf645b71d9a8773d0bd7f2af from=0xBEc7e084Bfa8250123FbFc47b1f0587d67E3dad0 to=0x0000000000000000000000000000000000000000
t=2023-06-02T16:09:00+0800 lvl=trce msg="Pooled new future transaction"          hash=0xdb1a951b6ff715f46b5ceb47c905cf490e9c7b5fe30898c2c74960c68c91210c from=0xBEc7e084Bfa8250123FbFc47b1f0587d67E3dad0 to=0x0000000000000000000000000000000000000000
t=2023-06-02T16:09:00+0800 lvl=trce msg="Removed unpayable pending transaction"  hash=0xe22567001607849beaa1179b1f2e6867bbe58b10d81d9cc39fab5b062f06fce7
t=2023-06-02T16:09:00+0800 lvl=trce msg="Removed unpayable pending transaction"  hash=0x47cc6eb518767fdad478c7b5dfbe4dbbe7d6533d52595fdc60dbd7303828c52b
t=2023-06-02T16:09:00+0800 lvl=trce msg="Discarding invalid transaction"         hash=0xed97637dd5659395651b126ec1def1dc9c67213744534784f14a1f1a030e8c9f err="insufficient funds for gas * price + value"
t=2023-06-02T16:09:00+0800 lvl=trce msg="Removed unpayable pending transaction"  hash=0x1fc5c8f3632e6d55f9a27525253677fa7ad8c0601705e676f31c2b7cb9a2487f
t=2023-06-02T16:09:00+0800 lvl=trce msg="Removed unpayable pending transaction"  hash=0x6f1be3d80a10307c49ffd2825430e6b0235eabaa7cee785c1b2f6c3350296105
t=2023-06-02T16:09:00+0800 lvl=trce msg="Removed unpayable pending transaction"  hash=0x698a19651ed1acde7f09f54ff7d1f183b0d11e983680819632bf8797f8cf4224
t=2023-06-02T16:09:00+0800 lvl=trce msg="Removed unpayable pending transaction"  hash=0x04761a17aac77aba669932c8d7dc1287f90c4d58cb27192e328ebf9f9c365631
t=2023-06-02T16:09:00+0800 lvl=trce msg="Removed unpayable pending transaction"  hash=0x5bf7ab24f9df9542ac772c3590710196ae049dce5e459b2f311c4666fc816ba0
t=2023-06-02T16:09:00+0800 lvl=trce msg="Removed unpayable pending transaction"  hash=0xc977b5f4743a60e32c1f3f1c5ebae661b42e0740557e2455d6a5fdc4314949f0
t=2023-06-02T16:09:00+0800 lvl=trce msg="Removed unpayable pending transaction"  hash=0x94f76ca36a0df5869ff6b40b7d4cb8fa30e5e7d47e7ab3947e2336803dd3e00c
t=2023-06-02T16:09:00+0800 lvl=trce msg="Demoting pending transaction"           hash=0x7c9cd0861028bdb8e17226ed0957cced84a7c7f859c3af603a3995c395982e58
t=2023-06-02T16:09:00+0800 lvl=trce msg="Discarding invalid transaction"         hash=0xed97637dd5659395651b126ec1def1dc9c67213744534784f14a1f1a030e8c9f err="intrinsic gas too low"
t=2023-06-02T16:09:00+0800 lvl=trce msg="Pooled new future transaction"          hash=0x2226681c2b67641ce1dbca507f3b21c47873501a8d716faa14f1ae9863d162a1 from=0xFa3BDC8D5458a2cFE93614054908869c0742Fdf3 to=0x0000000000000000000000000000000000000000
t=2023-06-02T16:09:00+0800 lvl=trce msg="Discarding invalid transaction"         hash=0x8dae670053e4658d2136dd86c7381a79ba64188c83b8789bc896ec14597a3df6 err="nonce too low"
t=2023-06-02T16:09:00+0800 lvl=trce msg="Pooled new future transaction"          hash=0x7e6771d3a5306a25ccc1f82a7625c0b7a46bd8844dbc13cee10111701b6ebcde from=0xFa3BDC8D5458a2cFE93614054908869c0742Fdf3 to=0x0000000000000000000000000000000000000000
t=2023-06-02T16:09:00+0800 lvl=trce msg="Pooled new future transaction"          hash=0xb7897a052d17278e5fa2ddc73aec4818a57cd0cea1ddebbe64ba67529e3fd45f from=0xFa3BDC8D5458a2cFE93614054908869c0742Fdf3 to=0x0000000000000000000000000000000000000000
t=2023-06-02T16:09:00+0800 lvl=trce msg="Pooled new future transaction"          hash=0xb42f0568b03ffab7e28095efb32703f7b315735c11cadc9e0a30ae2ea504299e from=0xFa3BDC8D5458a2cFE93614054908869c0742Fdf3 to=0x0000000000000000000000000000000000000000
t=2023-06-02T16:09:00+0800 lvl=trce msg="Discarding freshly underpriced transaction" hash=0x2ae327812de00d90f2648abd6b42ed3ebdca0759644c84f8d89043872a33f9b5 gasTipCap=1  gasFeeCap=603
t=2023-06-02T16:09:00+0800 lvl=trce msg="Pooled new future transaction"          hash=0x712505bf713354f8beeb09d43f2a68a287578b1303cc343ecb8d2df8827354d8 from=0xFa3BDC8D5458a2cFE93614054908869c0742Fdf3 to=0x0000000000000000000000000000000000000000
t=2023-06-02T16:09:00+0800 lvl=trce msg="Pooled new future transaction"          hash=0x420503e1094df58a24b43be62dd36d7f03d372bf688d25bc5125049b36c83b01 from=0x3c286197C62C1A98d355AbEDd2c3915ECeBB8E5B to=0x0000000000000000000000000000000000000000
t=2023-06-02T16:09:00+0800 lvl=trce msg="Pooled new future transaction"          hash=0x10d93d48526bdcb81a2bb8d076df30e458de3eaf4b89ccc3dc65b4fafc7de7bb from=0x3c286197C62C1A98d355AbEDd2c3915ECeBB8E5B to=0x0000000000000000000000000000000000000000
t=2023-06-02T16:09:00+0800 lvl=trce msg="Discarding invalid transaction"         hash=0x203e0ccd54b2737b147bf316ffa34e38c74b648c971c97036822937831db86a4 err="transaction underpriced"
t=2023-06-02T16:09:00+0800 lvl=trce msg="Pooled new future transaction"          hash=0xc53ef36a854360a00b066a059c7a23073b47911849a1c0e2ff16dff68b853e20 from=0xFa3BDC8D5458a2cFE93614054908869c0742Fdf3 to=0x0000000000000000000000000000000000000000
t=2023-06-02T16:09:00+0800 lvl=info msg="Setting new local account"              address=0x97a8754E47471b125085fbE23F9AC2187af321cF
t=2023-06-02T16:09:00+0800 lvl=trce msg="Pooled new future transaction"          hash=0x39672065d867a1678e203d623daf35bfa018561f9a2e6a2e781d5b9efce01095 from=0x116119582f7387fA28Fc7D6f6de515384F543035 to=0x0000000000000000000000000000000000000000
t=2023-06-02T16:09:00+0800 lvl=trce msg="Pooled new future transaction"          hash=0x203e0ccd54b2737b147bf316ffa34e38c74b648c971c97036822937831db86a4 from=0x97a8754E47471b125085fbE23F9AC2187af321cF to=0x0000000000000000000000000000000000000000
t=2023-06-02T16:09:00+0800 lvl=trce msg="Pooled new future transaction"          hash=0xd752f8234b96d312b0732e1cdcbd78c3271852eaf00db7ef5763447303fdf1b4 from=0x7b2741d4173cEa5bE729554cf3D10b9327B8f007 to=0x0000000000000000000000000000000000000000
t=2023-06-02T16:09:00+0800 lvl=trce msg="Removed old queued transactions"        count=0
t=2023-06-02T16:09:00+0800 lvl=trce msg="Removed unpayable queued transactions"  count=0
t=2023-06-02T16:09:00+0800 lvl=trce msg="Promoted queued transactions"           count=1
t=2023-06-02T16:09:00+0800 lvl=trce msg="Demoting pending transaction"           hash=0x493aa80ae821a002abfe05e211a6b13ce3cf53e346e5c9096071cdabcb9ccebc
t=2023-06-02T16:09:00+0800 lvl=trce msg="Demoting pending transaction"           hash=0xdf5679516c475486faef38034887d359e5fe79ecdc74ddeb535248510f561721
t=2023-06-02T16:09:00+0800 lvl=trce msg="Demoting pending transaction"           hash=0xf226e2d24bba6ff8c7b34a102b761e7aef4f4143853512710151397dfd37a80d
t=2023-06-02T16:09:00+0800 lvl=trce msg="Demoting pending transaction"           hash=0x9b44a92e2e44ab5764e4667ae4d81b8118c34a65d9e47aaf95fd156e559d5226
t=2023-06-02T16:09:00+0800 lvl=trce msg="Demoting pending transaction"           hash=0x6c54fbb398da498f6e134e3a92fdbc489e9b0140d9a63aa0cd1845e55adce732
t=2023-06-02T16:09:00+0800 lvl=trce msg="Demoting pending transaction"           hash=0xac57efec43939ad7a7ecc94667deb9fc629af5935752b851586ad4f011ab6b12
t=2023-06-02T16:09:00+0800 lvl=trce msg="Demoting pending transaction"           hash=0x1aa0fd1a255904b323fcb130bf0842465faf5e003730287b9a0c8fc03d08856e
t=2023-06-02T16:09:00+0800 lvl=trce msg="Demoting pending transaction"           hash=0x21e0b56121f66cf87cefd7ae51a9d870ce1221736c42c260149611fd6ef8f280
t=2023-06-02T16:09:00+0800 lvl=trce msg="Demoting pending transaction"           hash=0xabbb52ea896efcff01d5e95b2e987f102adb1dcad59d7cc05fa5d10a9750bf31
t=2023-06-02T16:09:00+0800 lvl=trce msg="Demoting pending transaction"           hash=0xbddc24a72ebdb4701082ba82833eaf208898e1ac1d94f423f3b52577c599d3d6
t=2023-06-02T16:09:00+0800 lvl=trce msg="Demoting pending transaction"           hash=0x0084f057760e6584cf137dda1b81f09b41861b31d1bcd6e243838156781943c8
t=2023-06-02T16:09:00+0800 lvl=trce msg="Pooled new future transaction"          hash=0x2b51cd6a043c00a8c171eca779320fe251e32a9111a160bc3f24360bf51bd888 from=0xBEc7e084Bfa8250123FbFc47b1f0587d67E3dad0 to=0x0000000000000000000000000000000000000000
t=2023-06-02T16:09:00+0800 lvl=trce msg="Pooled new future transaction"          hash=0x3a376948a62350d959cf3f78f788bc92c230aca62e84312e1b12c9e276c4b3e5 from=0x9BF12759c287b70FeE459c3F50e0b44808E87a35 to=0x0000000000000000000000000000000000000000
t=2023-06-02T16:09:00+0800 lvl=trce msg="Pooled new future transaction"          hash=0x0ae8f099fdbfde0d26a528dd883bf497ba8f4e5453344c88a71ad4bf6972c67a from=0x9BF12759c287b70FeE459c3F50e0b44808E87a35 to=0x0000000000000000000000000000000000000000
t=2023-06-02T16:09:00+0800 lvl=trce msg="Pooled new future transaction"          hash=0xe99e8b7d76176981ea69539c33c8a1e6f944442b0407f7ddcedc8898cc75869c from=0x9BF12759c287b70FeE459c3F50e0b44808E87a35 to=0x0000000000000000000000000000000000000000
t=2023-06-02T16:09:00+0800 lvl=trce msg="Removed old queued transactions"        count=0
t=2023-06-02T16:09:00+0800 lvl=trce msg="Pooled new future transaction"          hash=0x31372747bbc613a2a5025132316e7e4e0f3bd65073e4ebbc98893e8e21ee7e8c from=0x116119582f7387fA28Fc7D6f6de515384F543035 to=0x0000000000000000000000000000000000000000
t=2023-06-02T16:09:00+0800 lvl=trce msg="Removed unpayable queued transactions"  count=0
t=2023-06-02T16:09:00+0800 lvl=trce msg="Promoted queued transactions"           count=0
t=2023-06-02T16:09:00+0800 lvl=trce msg="Pooled new future transaction"          hash=0x1986b5ffe0e62a2b1fabc37a7b141850523aa888fa6d73859b230affb8755762 from=0x3c286197C62C1A98d355AbEDd2c3915ECeBB8E5B to=0x0000000000000000000000000000000000000000
t=2023-06-02T16:09:00+0800 lvl=trce msg="Pooled new future transaction"          hash=0x411d3044ea71ced1352c27034fc5e98e6af36e74c7719473fb5a3a9aec51bcf2 from=0x116119582f7387fA28Fc7D6f6de515384F543035 to=0x0000000000000000000000000000000000000000
t=2023-06-02T16:09:00+0800 lvl=trce msg="Pooled new future transaction"          hash=0x7bae467260619d2a6da00393226e1cebee61829659988efcc0282e07768d676c from=0xFa3BDC8D5458a2cFE93614054908869c0742Fdf3 to=0x0000000000000000000000000000000000000000
t=2023-06-02T16:09:00+0800 lvl=trce msg="Pooled new future transaction"          hash=0x642123bd1cb76aa850ac74b35f869671530018c16962e58fccbf3ff895629542 from=0x50D0b6Fb1C5EA22b2E581a6357ca4549E221557a to=0x0000000000000000000000000000000000000000
t=2023-06-02T16:09:00+0800 lvl=trce msg="Pooled new future transaction"          hash=0x631f214560f56a06b0ff3dd33d0105ab232b607193ed30b1144a164e178dcf7d from=0x3c286197C62C1A98d355AbEDd2c3915ECeBB8E5B to=0x0000000000000000000000000000000000000000
t=2023-06-02T16:09:00+0800 lvl=trce msg="Pooled new future transaction"          hash=0xd0e13110d46411d668c4b1f67e83d0761fe7bbea0d3fc78e7c34bcc914b22e83 from=0xFa3BDC8D5458a2cFE93614054908869c0742Fdf3 to=0x0000000000000000000000000000000000000000
t=2023-06-02T16:09:00+0800 lvl=trce msg="Pooled new future transaction"          hash=0x6bf5f5ca1f0673c4c0aa47877660334e8b39a1a56d194ba99d52f8b82ce7ee4d from=0x116119582f7387fA28Fc7D6f6de515384F543035 to=0x0000000000000000000000000000000000000000
t=2023-06-02T16:09:00+0800 lvl=trce msg="Pooled new future transaction"          hash=0x3e65ee18941ef40eedef9bc7fc1ae81ad2db40241363d541084911577128f540 from=0x50D0b6Fb1C5EA22b2E581a6357ca4549E221557a to=0x0000000000000000000000000000000000000000
t=2023-06-02T16:09:00+0800 lvl=trce msg="Pooled new future transaction"          hash=0x3b7bfe4509dbcf5e9212389848bc00e846f06e1a1b1cb8d8764a80c4022cd9ef from=0x50D0b6Fb1C5EA22b2E581a6357ca4549E221557a to=0x0000000000000000000000000000000000000000
t=2023-06-02T16:09:00+0800 lvl=trce msg="Demoting pending transaction"           hash=0xc4bd956b0b150f0f63082b4029462b02878b80188a4624fc49abf2757a7aea4a
t=2023-06-02T16:09:00+0800 lvl=trce msg="Pooled new future transaction"          hash=0xeb62b99b001edf1851fffbbd9b2c13d87e621517672772fd41ad53676153c236 from=0x116119582f7387fA28Fc7D6f6de515384F543035 to=0x0000000000000000000000000000000000000000
t=2023-06-02T16:09:00+0800 lvl=trce msg="Demoting pending transaction"           hash=0x8fe6acfc8ec676302d92f2cf37436d8c4464c9c0422886c6fb9516df986c4062
t=2023-06-02T16:09:00+0800 lvl=trce msg="Demoting pending transaction"           hash=0xd9093e4591a2baa199713b5f4c2728f8597541182fe185c360eaddcd385b916f
t=2023-06-02T16:09:00+0800 lvl=trce msg="Pooled new future transaction"          hash=0x6370c9fc047e5b06bf05763babe787316bc331a5a797b936761b009b5b8f9fe7 from=0x116119582f7387fA28Fc7D6f6de515384F543035 to=0x0000000000000000000000000000000000000000
t=2023-06-02T16:09:00+0800 lvl=trce msg="Pooled new future transaction"          hash=0x152b5f5996a643924dc0ab60e8e1d9cf95ee4a5d8977ee9df498c7d27a99a101 from=0x116119582f7387fA28Fc7D6f6de515384F543035 to=0x0000000000000000000000000000000000000000
t=2023-06-02T16:09:00+0800 lvl=trce msg="Pooled new future transaction"          hash=0x4d1b5b78084b9dd318b0e9f505d60a4a6acc4bf11cc3e23c2a63590cc4fe30b2 from=0x66e0851F1a162869024b4C9f6b1C4Fc5cb4832F1 to=0x0000000000000000000000000000000000000000
t=2023-06-02T16:09:00+0800 lvl=trce msg="Removed old queued transactions"        count=0
t=2023-06-02T16:09:00+0800 lvl=trce msg="Removed unpayable queued transactions"  count=0
t=2023-06-02T16:09:00+0800 lvl=trce msg="Demoting pending transaction"           hash=0x0fb9edb7c193750899797bc71d2457d8dbc5f40d321eeca6ce2d2c91c696bc88
t=2023-06-02T16:09:00+0800 lvl=trce msg="Demoting pending transaction"           hash=0x530466cdc298d2594ca9c17ee93369c8f504f2e561d84ca78688121611978ae1
t=2023-06-02T16:09:00+0800 lvl=trce msg="Demoting pending transaction"           hash=0xb13549fef7e431f7fbe48e983c77c888b7d624a864866d2a539c7cbbb87f964e
t=2023-06-02T16:09:00+0800 lvl=trce msg="Demoting pending transaction"           hash=0x1d63b911412f8688ebd02717dd71680ce71a9d7ac9fdd272ab92ea51e5d0b25c
t=2023-06-02T16:09:00+0800 lvl=trce msg="Demoting pending transaction"           hash=0x2e01af5b7956cca0dd946c9149dd710cf52e60b1802cee813b2c5b56bca72f2a
t=2023-06-02T16:09:00+0800 lvl=trce msg="Demoting pending transaction"           hash=0xaa24142774c1bdffb76c3d8f7f19859883ad9dbf377f211c6c3f4b2c7a46ed91
t=2023-06-02T16:09:00+0800 lvl=trce msg="Demoting pending transaction"           hash=0x387f7ac91d2a0a774fdf7a92aad50f3d63a62d848dd92248bef740021616084c
t=2023-06-02T16:09:00+0800 lvl=trce msg="Demoting pending transaction"           hash=0xf0c894d50a17612853c966fc870dde6b0d4d6372da29afb8c8a129b2502c3438
t=2023-06-02T16:09:00+0800 lvl=trce msg="Demoting pending transaction"           hash=0xbcd168ef136dd52cf3f25b1adeb750425ba11845864cf74c5aba85af20d62b9f
t=2023-06-02T16:09:00+0800 lvl=trce msg="Demoting pending transaction"           hash=0x18ac1ccdb61e057e649890219e53d03297937064de3c9956e25ede7633184a39
t=2023-06-02T16:09:00+0800 lvl=trce msg="Demoting pending transaction"           hash=0xe9b32703ec0086fc877b385ec465d3131ca625ad3a829aae48a349e7edc15131
t=2023-06-02T16:09:00+0800 lvl=trce msg="Demoting pending transaction"           hash=0x061eaa6e6b253658db43a2da6ca929b4bd7caa0ec34118da174989017435e1dd
t=2023-06-02T16:09:00+0800 lvl=trce msg="Demoting pending transaction"           hash=0x0913172bdde19744d9e9b098e78e64be0c423b5a4bc92d6497b3ba328b8be5dd
t=2023-06-02T16:09:00+0800 lvl=trce msg="Demoting pending transaction"           hash=0x307d5b160b402443fc290c51583aec5536ee23629d26f6636af942a1c89f0ade
t=2023-06-02T16:09:00+0800 lvl=trce msg="Pooled new future transaction"          hash=0x15e1dbdb6fa0e109b8d31831caf6169f208f482d179f33e6f92311df557fb51b from=0x9BF12759c287b70FeE459c3F50e0b44808E87a35 to=0x0000000000000000000000000000000000000000
t=2023-06-02T16:09:00+0800 lvl=trce msg="Pooled new future transaction"          hash=0x184a0842e07717c173029951d7f5ade3c7c33e7dfad208fb11affb775f931f50 from=0xbf186BC9fa4975D227B3dC76067880ec67530CE9 to=0x0000000000000000000000000000000000000000
t=2023-06-02T16:09:00+0800 lvl=trce msg="Pooled new future transaction"          hash=0xdbaa44ca404f99f6a2d25551f47eebfd1102c91aec33f2e277be6088c506fee5 from=0x9BF12759c287b70FeE459c3F50e0b44808E87a35 to=0x0000000000000000000000000000000000000000
t=2023-06-02T16:09:00+0800 lvl=trce msg="Pooled new future transaction"          hash=0x13f5b6fb4ed990da4721eb3cb6dedbbb62226c712c04a4d8fd55b5ea6955d08d from=0xBEc7e084Bfa8250123FbFc47b1f0587d67E3dad0 to=0x0000000000000000000000000000000000000000
t=2023-06-02T16:09:00+0800 lvl=trce msg="Removed old queued transactions"        count=0
t=2023-06-02T16:09:00+0800 lvl=trce msg="Removed unpayable queued transactions"  count=0
t=2023-06-02T16:09:00+0800 lvl=trce msg="Promoted queued transactions"           count=0
t=2023-06-02T16:09:00+0800 lvl=trce msg="Discarding freshly underpriced transaction" hash=0x814eb5f50be2357158c778828da19569f39ff64a0e118362e0735745eb8c30ec gasTipCap=1  gasFeeCap=604
t=2023-06-02T16:09:00+0800 lvl=trce msg="Pooled new future transaction"          hash=0x149457fb97b9f6173905151252a7fa463ce436b865b0b5bf33a1dc1c62706b39 from=0x2f81A5A4aD31BF079d1C127b9D3dF87b4D27099b to=0x0000000000000000000000000000000000000000
t=2023-06-02T16:09:00+0800 lvl=trce msg="Removed old queued transactions"        count=0
t=2023-06-02T16:09:00+0800 lvl=trce msg="Removed unpayable queued transactions"  count=0
t=2023-06-02T16:09:00+0800 lvl=trce msg="Promoted queued transactions"           count=1
t=2023-06-02T16:09:00+0800 lvl=trce msg="Pooled new future transaction"          hash=0xfcb673348b08e4dd03515ff2b42f440d5a11a57063fdbf4acd9727dbdf8f7cf2 from=0xFa3BDC8D5458a2cFE93614054908869c0742Fdf3 to=0x0000000000000000000000000000000000000000
t=2023-06-02T16:09:00+0800 lvl=info msg="Transaction pool stopped"
--- PASS: TestInvalidTransactions (0.00s)
t=2023-06-02T16:09:00+0800 lvl=trce msg="Pooled new future transaction"          hash=0x89cc409b5b8426aebe740aa2a1ea648a04f12e76293b36cc435317ddff4f5c9f from=0x116119582f7387fA28Fc7D6f6de515384F543035 to=0x0000000000000000000000000000000000000000
t=2023-06-02T16:09:00+0800 lvl=trce msg="Pooled new future transaction"          hash=0x4f648eb17fceff08550f3316a309a75ef454f3101f68d436268f48a663d58370 from=0xFa3BDC8D5458a2cFE93614054908869c0742Fdf3 to=0x0000000000000000000000000000000000000000
t=2023-06-02T16:09:00+0800 lvl=trce msg="Pooled new future transaction"          hash=0x5457f1f972a0ee0ca889479d324d62966279e3c0e1d7c0b8994be4c9a48287e2 from=0x3c286197C62C1A98d355AbEDd2c3915ECeBB8E5B to=0x0000000000000000000000000000000000000000
t=2023-06-02T16:09:00+0800 lvl=trce msg="Pooled new future transaction"          hash=0x5c79fa0bce052372bb2a950dfadfe367fb72094311268b208efe8b3ef1acb1d9 from=0xFa3BDC8D5458a2cFE93614054908869c0742Fdf3 to=0x0000000000000000000000000000000000000000
t=2023-06-02T16:09:00+0800 lvl=trce msg="Pooled new future transaction"          hash=0x2c527d32fa2de55788c3fc07026e7d58aaab05a0b27a0ce9338259a4bcf4cb6c from=0xFa3BDC8D5458a2cFE93614054908869c0742Fdf3 to=0x0000000000000000000000000000000000000000
t=2023-06-02T16:09:00+0800 lvl=trce msg="Pooled new future transaction"          hash=0x4089c19b503425d600432f3f53ea691ef3bea952ebb855beb61da93f03c89873 from=0x3c286197C62C1A98d355AbEDd2c3915ECeBB8E5B to=0x0000000000000000000000000000000000000000
t=2023-06-02T16:09:00+0800 lvl=trce msg="Pooled new future transaction"          hash=0x224e316be1ae1638dc223000e16f39c5e5c92c304d65594c0cecc80def9b9bcc from=0x116119582f7387fA28Fc7D6f6de515384F543035 to=0x0000000000000000000000000000000000000000
t=2023-06-02T16:09:00+0800 lvl=trce msg="Discarding freshly underpriced transaction" hash=0x9d85ac3deac4a2563acce6e9cac9ca943a441bc76eab250949ab6aef04589955 gasTipCap=1  gasFeeCap=605
t=2023-06-02T16:09:00+0800 lvl=trce msg="Pooled new future transaction"          hash=0x0f1c32e856f4aa52ad1de982f16eeee043a54f6086b1cd554d08233969f7c236 from=0xb734cCc3c01000e909B9E783932a318451D1BDD0 to=0x0000000000000000000000000000000000000000
t=2023-06-02T16:09:00+0800 lvl=trce msg="Demoting pending transaction"           hash=0xf8cc76eda48175b9654b619d7335dcc3f11cca4ab3830ffdeb1cb8e20aa7b82e
t=2023-06-02T16:09:00+0800 lvl=trce msg="Demoting pending transaction"           hash=0x48524e4ce52e1f149a58df33d0925ea7028ff736bd4b0d4a34bc7927f68b2172
t=2023-06-02T16:09:00+0800 lvl=trce msg="Demoting pending transaction"           hash=0xd9faf8a85bd2dfb1905c0176af5b9325269594979a9b49a2700803554862858b
t=2023-06-02T16:09:00+0800 lvl=trce msg="Demoting pending transaction"           hash=0xcaf091048f9c79e898a92f377fb746a80350a0a604e4ccf2a03c5a26a853cea9
t=2023-06-02T16:09:00+0800 lvl=trce msg="Demoting pending transaction"           hash=0x36f1460dc1d87e19ce0fbe3e0d6bc2c6fe2908842251e74d58d7f41157a2cdd6
t=2023-06-02T16:09:00+0800 lvl=trce msg="Demoting pending transaction"           hash=0xe511208827cb0ad2026bb97b5ee0ed7b65dbf9633f3d2b0d30c918f2004221b9
t=2023-06-02T16:09:00+0800 lvl=trce msg="Demoting pending transaction"           hash=0x2dabe883cbae51401141ca4b674ba82e6e9b52607dbe0e2b6a5d4df0cc51988b
t=2023-06-02T16:09:00+0800 lvl=trce msg="Demoting pending transaction"           hash=0x17f2ad211a3ed5e9f39ddaba37fb50469e9290091805c77cba4b7ce988d7a4ac
t=2023-06-02T16:09:00+0800 lvl=trce msg="Demoting pending transaction"           hash=0xd91ca7f3ffb643144ec5ce87c31598330cc562c7a51866b289743ade0912dbc5
t=2023-06-02T16:09:00+0800 lvl=trce msg="Demoting pending transaction"           hash=0x1ad920fe923506046aa20d02d781f08ebc4c9bb5c5cce4a0123ab67a05303f65
t=2023-06-02T16:09:00+0800 lvl=trce msg="Pooled new future transaction"          hash=0x4f61fae0c7789854274f0bf897cc564cbe546b0b133ac10abbdf6a4dad053751 from=0x116119582f7387fA28Fc7D6f6de515384F543035 to=0x0000000000000000000000000000000000000000
t=2023-06-02T16:09:00+0800 lvl=trce msg="Pooled new future transaction"          hash=0x58acfc6eb2697d8b89e26b6633bee585c41dd20e554791e6abff4b6111c4b110 from=0x50D0b6Fb1C5EA22b2E581a6357ca4549E221557a to=0x0000000000000000000000000000000000000000
t=2023-06-02T16:09:00+0800 lvl=trce msg="Pooled new future transaction"          hash=0x2db2adbc97eb91a8860239619e646d578cb5cea4c82c7902614efe769e5dcffd from=0x50D0b6Fb1C5EA22b2E581a6357ca4549E221557a to=0x0000000000000000000000000000000000000000
t=2023-06-02T16:09:00+0800 lvl=trce msg="Pooled new future transaction"          hash=0xd97aecad3faf1a4a2a6546b32bc3f448823434322b98da0437f508b22abf7f1a from=0x50D0b6Fb1C5EA22b2E581a6357ca4549E221557a to=0x0000000000000000000000000000000000000000
t=2023-06-02T16:09:00+0800 lvl=trce msg="Pooled new future transaction"          hash=0x95f615ad4d0edfaf9ca1c153722770e80226c498ae39aa423e20f74b4d47953a from=0x44a6Ae12C4A0457140A041408a8EcE9ed9f24602 to=0x0000000000000000000000000000000000000000
t=2023-06-02T16:09:00+0800 lvl=trce msg="Pooled new future transaction"          hash=0xb9b9c0587c61362834dba1e335c879250ef42fc9d50797b9dd059fe535571bd6 from=0x116119582f7387fA28Fc7D6f6de515384F543035 to=0x0000000000000000000000000000000000000000
t=2023-06-02T16:09:00+0800 lvl=trce msg="Pooled new future transaction"          hash=0x3b816b7a23415cdb6766d31da661616b0ad7514634dd72bcf516c59e68961dd1 from=0x9BF12759c287b70FeE459c3F50e0b44808E87a35 to=0x0000000000000000000000000000000000000000
t=2023-06-02T16:09:00+0800 lvl=trce msg="Pooled new future transaction"          hash=0xd60072935c7022b685e90c8ae2cecc11cd0a70c67ea32caaccdf43150cc89971 from=0x44a6Ae12C4A0457140A041408a8EcE9ed9f24602 to=0x0000000000000000000000000000000000000000
t=2023-06-02T16:09:00+0800 lvl=trce msg="Pooled new future transaction"          hash=0xfed25a1b667418e14fffa6e384a7943bd78c858f8df23ad66b5ea31dd8f69360 from=0x44a6Ae12C4A0457140A041408a8EcE9ed9f24602 to=0x0000000000000000000000000000000000000000
t=2023-06-02T16:09:00+0800 lvl=trce msg="Pooled new future transaction"          hash=0x8dc4885bc6f8806a3aede7d259c715939e924ae68026b434415aed1ee85b317d from=0x50D0b6Fb1C5EA22b2E581a6357ca4549E221557a to=0x0000000000000000000000000000000000000000
t=2023-06-02T16:09:00+0800 lvl=trce msg="Pooled new future transaction"          hash=0x41b60e11b5578c161b9377e96c93f4d2b228d61a4acc9e61aa30edfafc0e4037 from=0x44a6Ae12C4A0457140A041408a8EcE9ed9f24602 to=0x0000000000000000000000000000000000000000
t=2023-06-02T16:09:00+0800 lvl=trce msg="Pooled new future transaction"          hash=0x0e0242d0cc779dd332e169eb7986d7fd47e137ad70b02d955bddf1cdbea7c386 from=0x3c286197C62C1A98d355AbEDd2c3915ECeBB8E5B to=0x0000000000000000000000000000000000000000
t=2023-06-02T16:09:00+0800 lvl=trce msg="Pooled new future transaction"          hash=0x29c41b6d42450bba72716e5296e1cbf94ca9ea83c5e04a3efb959eff52e53fca from=0xFa3BDC8D5458a2cFE93614054908869c0742Fdf3 to=0x0000000000000000000000000000000000000000
t=2023-06-02T16:09:00+0800 lvl=trce msg="Pooled new future transaction"          hash=0xea2269d92a12cafde1dd16f6a62d1bfeb8974db7cbe99650d38465fdaf6bbb78 from=0xFa3BDC8D5458a2cFE93614054908869c0742Fdf3 to=0x0000000000000000000000000000000000000000
t=2023-06-02T16:09:00+0800 lvl=trce msg="Pooled new future transaction"          hash=0x463bdc44c19b59ef4829326640b9ca94a4ecf5b21ec102458edac1a4aa56d78a from=0x3c286197C62C1A98d355AbEDd2c3915ECeBB8E5B to=0x0000000000000000000000000000000000000000
t=2023-06-02T16:09:00+0800 lvl=trce msg="Pooled new future transaction"          hash=0x7fe1bd7f2dec1d6833107830e986ec5a7582df2348e116d38a44131b01499f3a from=0xFa3BDC8D5458a2cFE93614054908869c0742Fdf3 to=0x0000000000000000000000000000000000000000
t=2023-06-02T16:09:00+0800 lvl=trce msg="Pooled new future transaction"          hash=0xa7ef4ff67dcd8dd87c4d3ea4a47ca6ec7614d7d98fd8d6138c4d55d3e7aab4e2 from=0x50D0b6Fb1C5EA22b2E581a6357ca4549E221557a to=0x0000000000000000000000000000000000000000
t=2023-06-02T16:09:00+0800 lvl=trce msg="Pooled new future transaction"          hash=0x738a2e20e5e0661e70755d3ef7cdfa27d6f2e5f2a249d54231de4cf18c30bf60 from=0x116119582f7387fA28Fc7D6f6de515384F543035 to=0x0000000000000000000000000000000000000000
t=2023-06-02T16:09:00+0800 lvl=trce msg="Pooled new future transaction"          hash=0x6d34f340a36e22f4686febc68ccdec402370121bd046f2e97737dd2cc8305620 from=0x44a6Ae12C4A0457140A041408a8EcE9ed9f24602 to=0x0000000000000000000000000000000000000000
t=2023-06-02T16:09:00+0800 lvl=trce msg="Pooled new future transaction"          hash=0xd4c66f5d3d28f8a164737d5cd65bc640928502713b15a084a4e0792067be8d29 from=0xbf186BC9fa4975D227B3dC76067880ec67530CE9 to=0x0000000000000000000000000000000000000000
t=2023-06-02T16:09:00+0800 lvl=trce msg="Pooled new future transaction"          hash=0xb1bc2fbe0b32e8817ab99e959fa127b52ea1fd72f4490d9c75e483a5bbe71c34 from=0x9BF12759c287b70FeE459c3F50e0b44808E87a35 to=0x0000000000000000000000000000000000000000
t=2023-06-02T16:09:00+0800 lvl=trce msg="Pooled new future transaction"          hash=0x178afe9aa35603cda4a619a6b057c61d9a67b15710cd0d875b07d46cd3788c28 from=0x9BF12759c287b70FeE459c3F50e0b44808E87a35 to=0x0000000000000000000000000000000000000000
t=2023-06-02T16:09:00+0800 lvl=trce msg="Demoting pending transaction"           hash=0x2d2deb43f951dd854298dd43eb7ffa5a14883f12dcf1134faf96b337844766a5
t=2023-06-02T16:09:00+0800 lvl=trce msg="Demoting pending transaction"           hash=0x96b6cee1a18acbd394c9895cc9b35698fe33fcd7cdea1f6214dae757096d6814
t=2023-06-02T16:09:00+0800 lvl=trce msg="Demoting pending transaction"           hash=0x7d2994efcc15a004a86fd796844c3fc258bd94359e93d799b0d6aad97032ce31
t=2023-06-02T16:09:00+0800 lvl=trce msg="Demoting pending transaction"           hash=0x35c203fff74a629cfd63f58c4fb7eb5449ba1ac6529ed19d5f8adb9b5ddfe230
t=2023-06-02T16:09:00+0800 lvl=trce msg="Demoting pending transaction"           hash=0x39da6a66e33fff7dfc33873ce74bfca7168ebb5e0136cd10dca46930419def2d
t=2023-06-02T16:09:00+0800 lvl=trce msg="Demoting pending transaction"           hash=0x4fe3bd59dbdc2f2aebdb138a073b67bf6328baaf5bd6eea55c8849cb86bbb36a
t=2023-06-02T16:09:00+0800 lvl=trce msg="Demoting pending transaction"           hash=0x1a06fe7394c7efb41c6945d78369d7e6a82cfa1a6a87b746f8c5342b7cd56a40
t=2023-06-02T16:09:00+0800 lvl=trce msg="Demoting pending transaction"           hash=0x9a256ee593fa7d53636e169577fced75400b38b789bbf966776b1d2bea977dbc
t=2023-06-02T16:09:00+0800 lvl=trce msg="Demoting pending transaction"           hash=0x9b2c11ae111e12a552cca23a0c24bf91ed371e55523cfd1af006da8ca9e16999
t=2023-06-02T16:09:00+0800 lvl=trce msg="Demoting pending transaction"           hash=0x22dbabb54dcb700ef1adab2121672be44de91ea99b059805475f7e5f658866b0
t=2023-06-02T16:09:00+0800 lvl=trce msg="Demoting pending transaction"           hash=0xc2cc04dc6a7674c883a308b37c1a0837b0df3631189f456fe1942ec8efe17fb8
t=2023-06-02T16:09:00+0800 lvl=trce msg="Promoted queued transactions"           count=1
t=2023-06-02T16:09:00+0800 lvl=trce msg="Removed old queued transactions"        count=0
t=2023-06-02T16:09:00+0800 lvl=trce msg="Removed unpayable queued transactions"  count=0
t=2023-06-02T16:09:00+0800 lvl=trce msg="Promoted queued transactions"           count=1
t=2023-06-02T16:09:00+0800 lvl=info msg="Transaction pool stopped"
--- PASS: TestTransactionPostponing (0.05s)
t=2023-06-02T16:09:00+0800 lvl=trce msg="Pooled new future transaction"          hash=0xea3c279c32272851fe99a46a7d709f5ddf9bb20d1e98a272498d9f078181994c from=0x50D0b6Fb1C5EA22b2E581a6357ca4549E221557a to=0x0000000000000000000000000000000000000000
t=2023-06-02T16:09:00+0800 lvl=trce msg="Pooled new future transaction"          hash=0x148e4e344beba3222ea0770565d36b79c935ce791327a3b3d09bfb965d74187e from=0x116119582f7387fA28Fc7D6f6de515384F543035 to=0x0000000000000000000000000000000000000000
t=2023-06-02T16:09:00+0800 lvl=trce msg="Pooled new future transaction"          hash=0xc1706ec0078c5c3ce1645a07744b5f87e0c202f681deb9058aea0bd733dbc3c2 from=0x116119582f7387fA28Fc7D6f6de515384F543035 to=0x0000000000000000000000000000000000000000
t=2023-06-02T16:09:00+0800 lvl=trce msg="Pooled new future transaction"          hash=0xa5bd41ad6fb783d63437192a8c0235c908ec75a03256b143fe36bf870c896a6a from=0x116119582f7387fA28Fc7D6f6de515384F543035 to=0x0000000000000000000000000000000000000000
t=2023-06-02T16:09:00+0800 lvl=trce msg="Pooled new future transaction"          hash=0xb9c4116d4060f2251c1c89dc1aa64e84eb59523eb13e8caeb2c0c394b49ee978 from=0x116119582f7387fA28Fc7D6f6de515384F543035 to=0x0000000000000000000000000000000000000000
t=2023-06-02T16:09:00+0800 lvl=trce msg="Pooled new future transaction"          hash=0xe8bc300ee18d47bc01aad42afc26e54ba8bc831cc32e384f9173e7a7b98d08a5 from=0x116119582f7387fA28Fc7D6f6de515384F543035 to=0x0000000000000000000000000000000000000000
t=2023-06-02T16:09:00+0800 lvl=trce msg="Pooled new future transaction"          hash=0xfd1bdb893e748ef423695710b651d25115176b56023b464df40507ca36826deb from=0x116119582f7387fA28Fc7D6f6de515384F543035 to=0x0000000000000000000000000000000000000000
t=2023-06-02T16:09:00+0800 lvl=trce msg="Pooled new future transaction"          hash=0x06efa41bebcbb6670f258c484f719030d6805c0ffaa2b44ee657bc45f256ff7a from=0x116119582f7387fA28Fc7D6f6de515384F543035 to=0x0000000000000000000000000000000000000000
t=2023-06-02T16:09:00+0800 lvl=trce msg="Discarding freshly underpriced transaction" hash=0x229d899f2c64c8c66ba5534e71bcea6eccb4b84e16687d54aecba4dc3908bc0c gasTipCap=1  gasFeeCap=606
t=2023-06-02T16:09:00+0800 lvl=trce msg="Pooled new future transaction"          hash=0xbba8f5cb8a20ab68cb25423117be56ce357c8ef5370739c6f09b5ac064fa809e from=0xFa3BDC8D5458a2cFE93614054908869c0742Fdf3 to=0x0000000000000000000000000000000000000000
t=2023-06-02T16:09:00+0800 lvl=trce msg="Pooled new future transaction"          hash=0xf9f5599473123b7a3e40adcc61cdebff350429d9e0d94ff12c33f3f4bb9926ca from=0xbf186BC9fa4975D227B3dC76067880ec67530CE9 to=0x0000000000000000000000000000000000000000
t=2023-06-02T16:09:00+0800 lvl=trce msg="Pooled new future transaction"          hash=0x692b03a8e2c84b5c68fc81cfb6c9452f0f870484ca2a5cc4cfd4397c115d0201 from=0xBEc7e084Bfa8250123FbFc47b1f0587d67E3dad0 to=0x0000000000000000000000000000000000000000
t=2023-06-02T16:09:00+0800 lvl=trce msg="Pooled new future transaction"          hash=0xf29f6a0d43f9290306aadcc5870f487c9fe6f2b11e99b00645968affe2509ddb from=0xcDC3011E9F1808f978C01856b37d484cA71Fe02c to=0x0000000000000000000000000000000000000000
t=2023-06-02T16:09:00+0800 lvl=trce msg="Removed old queued transactions"        count=0
t=2023-06-02T16:09:00+0800 lvl=trce msg="Removed unpayable queued transactions"  count=0
t=2023-06-02T16:09:00+0800 lvl=trce msg="Promoted queued transactions"           count=1
t=2023-06-02T16:09:00+0800 lvl=trce msg="Pooled new future transaction"          hash=0x0614649590a1a325a15cdc88a9493a69cadb75b6d685b7d713849105b78ca5e4 from=0x66e0851F1a162869024b4C9f6b1C4Fc5cb4832F1 to=0x0000000000000000000000000000000000000000
t=2023-06-02T16:09:00+0800 lvl=trce msg="Removed old queued transactions"        count=0
t=2023-06-02T16:09:00+0800 lvl=trce msg="Removed unpayable queued transactions"  count=0
t=2023-06-02T16:09:00+0800 lvl=trce msg="Promoted queued transactions"           count=0
t=2023-06-02T16:09:00+0800 lvl=trce msg="Pooled new future transaction"          hash=0xac51b2ec94d710718ef17d7a21f25d12871519b15610a4c943dca8d550073cb1 from=0x116119582f7387fA28Fc7D6f6de515384F543035 to=0x0000000000000000000000000000000000000000
t=2023-06-02T16:09:00+0800 lvl=trce msg="Pooled new future transaction"          hash=0x5fb1179b07e9ee7afd12be3dcec01c3e195a0d24b4354936654ae86ba2d44421 from=0x116119582f7387fA28Fc7D6f6de515384F543035 to=0x0000000000000000000000000000000000000000
t=2023-06-02T16:09:00+0800 lvl=trce msg="Pooled new future transaction"          hash=0xe62c29fcfe6fe3d748574fbe471ed9c56928aebb775bac155616d506b3ef39c3 from=0x3c286197C62C1A98d355AbEDd2c3915ECeBB8E5B to=0x0000000000000000000000000000000000000000
t=2023-06-02T16:09:00+0800 lvl=trce msg="Pooled new future transaction"          hash=0xf258928c653bf34852f0498406f6db3488c5a4c7133925e88919dba13f3652c1 from=0x7628e7c918DAaf4dfbF615023fDBcF72b8479bCe to=0x0000000000000000000000000000000000000000
t=2023-06-02T16:09:00+0800 lvl=trce msg="Discarding freshly underpriced transaction" hash=0xd752f8234b96d312b0732e1cdcbd78c3271852eaf00db7ef5763447303fdf1b4 gasTipCap=1  gasFeeCap=607
t=2023-06-02T16:09:00+0800 lvl=trce msg="Pooled new future transaction"          hash=0x531f6300d306f05618bf710c414892ec28e7a061729869d2cbdd42871764f871 from=0xFa3BDC8D5458a2cFE93614054908869c0742Fdf3 to=0x0000000000000000000000000000000000000000
t=2023-06-02T16:09:00+0800 lvl=trce msg="Removed old queued transactions"        count=0
t=2023-06-02T16:09:00+0800 lvl=trce msg="Pooled new future transaction"          hash=0x5697bf72074297f4c86999902ce6081d7ed936f12f3479f40c48d20a6c2e0bcf from=0x116119582f7387fA28Fc7D6f6de515384F543035 to=0x0000000000000000000000000000000000000000
t=2023-06-02T16:09:00+0800 lvl=trce msg="Pooled new future transaction"          hash=0xa54a92ac747dcee97292178227a045af4a1c562664df9b04619c4b1b2e680e4f from=0x3c286197C62C1A98d355AbEDd2c3915ECeBB8E5B to=0x0000000000000000000000000000000000000000
t=2023-06-02T16:09:00+0800 lvl=trce msg="Pooled new future transaction"          hash=0xbe6ecbda9fc860f2d0f252905469587b7c56be0f23b31f0f383ae6d4277f06c7 from=0x6ccAA9774f863402AA9FAa2e352ebbD141b034cA to=0x0000000000000000000000000000000000000000
t=2023-06-02T16:09:00+0800 lvl=trce msg="Pooled new future transaction"          hash=0x27cae0e7a0c5b91f105b27577bcf354c1dfe928a8b3dab776798fe14b890c969 from=0xFa3BDC8D5458a2cFE93614054908869c0742Fdf3 to=0x0000000000000000000000000000000000000000
t=2023-06-02T16:09:00+0800 lvl=trce msg="Pooled new future transaction"          hash=0x39ff2ea71d8305370babf46f985cf953e8de0760382e9408d022ec2801b61026 from=0x50D0b6Fb1C5EA22b2E581a6357ca4549E221557a to=0x0000000000000000000000000000000000000000
t=2023-06-02T16:09:00+0800 lvl=trce msg="Pooled new future transaction"          hash=0xfe70bfb6445037950a92697bd41240b56b36f2e9ceab6f119a5c881f419ba9c9 from=0x44a6Ae12C4A0457140A041408a8EcE9ed9f24602 to=0x0000000000000000000000000000000000000000
t=2023-06-02T16:09:00+0800 lvl=trce msg="Pooled new future transaction"          hash=0x7d0d2382f135a1cd74ac4a4f52e86c4fdfdc2bfad229d6710a514fb0012009f7 from=0x116119582f7387fA28Fc7D6f6de515384F543035 to=0x0000000000000000000000000000000000000000
t=2023-06-02T16:09:00+0800 lvl=trce msg="Pooled new future transaction"          hash=0x4eb12464c7fe367a11db40ebbcfd410aed2d03c9ff62dc3ebfe77683ba7eee2c from=0xFa3BDC8D5458a2cFE93614054908869c0742Fdf3 to=0x0000000000000000000000000000000000000000
t=2023-06-02T16:09:00+0800 lvl=trce msg="Removed unpayable queued transactions"  count=0
t=2023-06-02T16:09:00+0800 lvl=trce msg="Pooled new future transaction"          hash=0xbd715304771eaf053b940fb1eaf3127e2efe12b0273e72cd4c6ca56721646a33 from=0x3c286197C62C1A98d355AbEDd2c3915ECeBB8E5B to=0x0000000000000000000000000000000000000000
t=2023-06-02T16:09:00+0800 lvl=trce msg="Pooled new future transaction"          hash=0xe6c4cd0d1b641fcc2524e472d02fd1f1c0b657cb73d0ce6a30e3add8b0f08e50 from=0xFa3BDC8D5458a2cFE93614054908869c0742Fdf3 to=0x0000000000000000000000000000000000000000
t=2023-06-02T16:09:00+0800 lvl=trce msg="Removed old queued transactions"        count=0
t=2023-06-02T16:09:00+0800 lvl=trce msg="Removed unpayable queued transactions"  count=0
t=2023-06-02T16:09:00+0800 lvl=trce msg="Pooled new future transaction"          hash=0xffd51f2fbe3d4185b9e184d9dee103c8fc3861b82904aa27b580c04892a0d05c from=0x3c286197C62C1A98d355AbEDd2c3915ECeBB8E5B to=0x0000000000000000000000000000000000000000
t=2023-06-02T16:09:00+0800 lvl=trce msg="Promoted queued transactions"           count=1
t=2023-06-02T16:09:00+0800 lvl=trce msg="Pooled new future transaction"          hash=0xbeb31b9920d88d72171219f9e266b4f74f985ca9ffb27ab7f9875104210fb8e1 from=0x116119582f7387fA28Fc7D6f6de515384F543035 to=0x0000000000000000000000000000000000000000
t=2023-06-02T16:09:00+0800 lvl=trce msg="Pooled new future transaction"          hash=0xef937a28a47c98c16289626f0525dff8735a11fa74d9720c05631091d0862996 from=0xBEc7e084Bfa8250123FbFc47b1f0587d67E3dad0 to=0x0000000000000000000000000000000000000000
t=2023-06-02T16:09:00+0800 lvl=trce msg="Pooled new future transaction"          hash=0x07dd47b9992f4bd0fad0801385df6a4903c1d9f76c823ee2015f8fe8795df112 from=0x44a6Ae12C4A0457140A041408a8EcE9ed9f24602 to=0x0000000000000000000000000000000000000000
t=2023-06-02T16:09:00+0800 lvl=trce msg="Pooled new future transaction"          hash=0xe36422495229e3efff2f3a0f1c3c9f0d69c8d28048d221e3e2f367bbcd79b76b from=0xbf186BC9fa4975D227B3dC76067880ec67530CE9 to=0x0000000000000000000000000000000000000000
t=2023-06-02T16:09:00+0800 lvl=trce msg="Pooled new future transaction"          hash=0xbd29787dbcab6af6f0a2a5a6c450d526a0566f185d0b84de8ff60549e0029f94 from=0x7628e7c918DAaf4dfbF615023fDBcF72b8479bCe to=0x0000000000000000000000000000000000000000
t=2023-06-02T16:09:00+0800 lvl=trce msg="Removed old queued transactions"        count=0
t=2023-06-02T16:09:00+0800 lvl=trce msg="Removed unpayable queued transactions"  count=0
t=2023-06-02T16:09:00+0800 lvl=trce msg="Promoted queued transactions"           count=0
t=2023-06-02T16:09:00+0800 lvl=trce msg="Promoted queued transactions"           count=1
t=2023-06-02T16:09:00+0800 lvl=trce msg="Pooled new future transaction"          hash=0x5231dd1f121ca736fa04750d0518b515f435c56389c089711917916592929abe from=0x9BF12759c287b70FeE459c3F50e0b44808E87a35 to=0x0000000000000000000000000000000000000000
t=2023-06-02T16:09:00+0800 lvl=trce msg="Pooled new future transaction"          hash=0xbe1b31807ef9b9cd6c6e2f7c99769389569ce1b68b105ac1aa4d12c5b5df589f from=0x44a6Ae12C4A0457140A041408a8EcE9ed9f24602 to=0x0000000000000000000000000000000000000000
t=2023-06-02T16:09:00+0800 lvl=trce msg="Pooled new future transaction"          hash=0xb639975bb4da037785bb7610a0f4b68a54f5e0f2fd5521ad0b5fa9a96f2e7080 from=0xBEc7e084Bfa8250123FbFc47b1f0587d67E3dad0 to=0x0000000000000000000000000000000000000000
t=2023-06-02T16:09:00+0800 lvl=trce msg="Pooled new future transaction"          hash=0x19822429f48dee49d722953e9d650a4ea7358e3d1d2715944cf553cfc461df84 from=0xbf186BC9fa4975D227B3dC76067880ec67530CE9 to=0x0000000000000000000000000000000000000000
t=2023-06-02T16:09:00+0800 lvl=trce msg="Pooled new future transaction"          hash=0x4b4d22f791381d1cbf105f9b3b97cb8793800bb0520cad7fd6f0b4246ce025db from=0x9BF12759c287b70FeE459c3F50e0b44808E87a35 to=0x0000000000000000000000000000000000000000
t=2023-06-02T16:09:00+0800 lvl=trce msg="Pooled new future transaction"          hash=0xb285ec963c7820451a8bbf88f0df5a84208927b31bb6b13297b1b18afd06573f from=0xBEc7e084Bfa8250123FbFc47b1f0587d67E3dad0 to=0x0000000000000000000000000000000000000000
t=2023-06-02T16:09:00+0800 lvl=trce msg="Pooled new future transaction"          hash=0x9cc9bf3799219c86778bfe5fb8327c8fae9140ecaacd9721ff506bae42c847ff from=0xbf186BC9fa4975D227B3dC76067880ec67530CE9 to=0x0000000000000000000000000000000000000000
t=2023-06-02T16:09:00+0800 lvl=trce msg="Pooled new future transaction"          hash=0x080dfe915f7e21c42750a7713ed4ac05e28b45e39369c550298b1833231fd52d from=0x9BF12759c287b70FeE459c3F50e0b44808E87a35 to=0x0000000000000000000000000000000000000000
t=2023-06-02T16:09:00+0800 lvl=trce msg="Pooled new future transaction"          hash=0x64c12297ede990ab768989b866a163f495131145936b2e4d4fe19a0caaa81bd6 from=0x9BF12759c287b70FeE459c3F50e0b44808E87a35 to=0x0000000000000000000000000000000000000000
t=2023-06-02T16:09:00+0800 lvl=trce msg="Pooled new future transaction"          hash=0x48e3592100c53417efe257dd2bcedb46cf8bf067ee0e9aaaf9189cb30f29f46b from=0xBEc7e084Bfa8250123FbFc47b1f0587d67E3dad0 to=0x0000000000000000000000000000000000000000
t=2023-06-02T16:09:00+0800 lvl=trce msg="Pooled new future transaction"          hash=0x832230ab8b0b57b31ab404ca5395a7a70142f5fb457b14d41ee027a6d6657d6d from=0x44a6Ae12C4A0457140A041408a8EcE9ed9f24602 to=0x0000000000000000000000000000000000000000
t=2023-06-02T16:09:00+0800 lvl=trce msg="Discarding freshly underpriced transaction" hash=0x149457fb97b9f6173905151252a7fa463ce436b865b0b5bf33a1dc1c62706b39 gasTipCap=1  gasFeeCap=608
t=2023-06-02T16:09:00+0800 lvl=trce msg="Pooled new future transaction"          hash=0xd5d3b57cf60e58ca3a9a98ce297d25725a6c94e6eb6bb4b276cebd9662e39177 from=0xBEc7e084Bfa8250123FbFc47b1f0587d67E3dad0 to=0x0000000000000000000000000000000000000000
t=2023-06-02T16:09:00+0800 lvl=trce msg="Pooled new future transaction"          hash=0x05b0eec21bbc5dd1ee067eaf849600dbe4c9571738f77daf6c98bba55fc379e9 from=0x66e0851F1a162869024b4C9f6b1C4Fc5cb4832F1 to=0x0000000000000000000000000000000000000000
t=2023-06-02T16:09:00+0800 lvl=trce msg="Pooled new future transaction"          hash=0xc827ff4796f9395614ed0e235b88b72333173483546f14c46031bd39e569ebb8 from=0xbf186BC9fa4975D227B3dC76067880ec67530CE9 to=0x0000000000000000000000000000000000000000
t=2023-06-02T16:09:00+0800 lvl=trce msg="Removed old queued transactions"        count=0
t=2023-06-02T16:09:00+0800 lvl=trce msg="Pooled new future transaction"          hash=0x1cc39a17fe2180dd58d2622ec13ea9373e1f5d59dcbc301295aa39872cce17f3 from=0xbf186BC9fa4975D227B3dC76067880ec67530CE9 to=0x0000000000000000000000000000000000000000
t=2023-06-02T16:09:00+0800 lvl=trce msg="Pooled new future transaction"          hash=0x8f71910b827ac239ac2c0be8028f331effa4104850ecacd12bce658cad213218 from=0x44a6Ae12C4A0457140A041408a8EcE9ed9f24602 to=0x0000000000000000000000000000000000000000
t=2023-06-02T16:09:00+0800 lvl=trce msg="Pooled new future transaction"          hash=0xf6f63c3fd8a240d93c212cfcf9e570b1e579f818bf61dbc721f0cfc44caf8809 from=0xBEc7e084Bfa8250123FbFc47b1f0587d67E3dad0 to=0x0000000000000000000000000000000000000000
t=2023-06-02T16:09:00+0800 lvl=trce msg="Removed unpayable queued transactions"  count=0
t=2023-06-02T16:09:00+0800 lvl=trce msg="Pooled new future transaction"          hash=0x56c23656b2ecf04484577bebdec59947a42919382ca1225679ae5a4f011d51bd from=0xbf186BC9fa4975D227B3dC76067880ec67530CE9 to=0x0000000000000000000000000000000000000000
t=2023-06-02T16:09:00+0800 lvl=trce msg="Promoted queued transactions"           count=1
t=2023-06-02T16:09:00+0800 lvl=trce msg="Pooled new future transaction"          hash=0x0abd7d0723b166a9279ce5bbb93ec71f9f53e82a3e5f755a4210fb3a60029fe7 from=0x9BF12759c287b70FeE459c3F50e0b44808E87a35 to=0x0000000000000000000000000000000000000000
t=2023-06-02T16:09:00+0800 lvl=trce msg="Pooled new future transaction"          hash=0xa876399b4701fe8632ccdca93d748494e10d64226545f42189cb337208ea539f from=0x167ff7357aFCAabE4A65daad0D4c0Ae6B7411622 to=0x0000000000000000000000000000000000000000
t=2023-06-02T16:09:00+0800 lvl=trce msg="Pooled new future transaction"          hash=0x50f105b2d0f5567e252da54c9f96dc5c2c364db9baffb276ee0911d846afefc1 from=0xbf186BC9fa4975D227B3dC76067880ec67530CE9 to=0x0000000000000000000000000000000000000000
t=2023-06-02T16:09:00+0800 lvl=trce msg="Removed old queued transactions"        count=0
t=2023-06-02T16:09:00+0800 lvl=trce msg="Removed unpayable queued transactions"  count=0
t=2023-06-02T16:09:00+0800 lvl=trce msg="Pooled new future transaction"          hash=0x9770419c474d9c867ddddbf62156ab41d2c59a5e084f54b7bde21d7b861d8ebc from=0x9BF12759c287b70FeE459c3F50e0b44808E87a35 to=0x0000000000000000000000000000000000000000
t=2023-06-02T16:09:00+0800 lvl=trce msg="Promoted queued transactions"           count=1
t=2023-06-02T16:09:00+0800 lvl=trce msg="Pooled new future transaction"          hash=0x911419e7171b6ae699c9f7f48bf7232754d6fa44bf418e8e9d82fbe8f4eeccf3 from=0xBEc7e084Bfa8250123FbFc47b1f0587d67E3dad0 to=0x0000000000000000000000000000000000000000
t=2023-06-02T16:09:00+0800 lvl=trce msg="Pooled new future transaction"          hash=0x67c3c7f6756e22b5ac16614754c1be327f8e79c06d2f328d146e6ea1e0272d76 from=0x44a6Ae12C4A0457140A041408a8EcE9ed9f24602 to=0x0000000000000000000000000000000000000000
t=2023-06-02T16:09:00+0800 lvl=trce msg="Pooled new future transaction"          hash=0x3370f849668c08803dc77ac4801f6088a1adb3dcc15bc2867950ced9f4379a47 from=0xBEc7e084Bfa8250123FbFc47b1f0587d67E3dad0 to=0x0000000000000000000000000000000000000000
t=2023-06-02T16:09:00+0800 lvl=trce msg="Pooled new future transaction"          hash=0xa0f181267d297d23e1068b392897b4f81c4d763cd1b24fbfa67c35352080713b from=0x9BF12759c287b70FeE459c3F50e0b44808E87a35 to=0x0000000000000000000000000000000000000000
t=2023-06-02T16:09:00+0800 lvl=trce msg="Pooled new future transaction"          hash=0xcaf49aaaec3c5837ce10a8de01beabca59887b32161f0a13bd50de959a47a5fe from=0x116119582f7387fA28Fc7D6f6de515384F543035 to=0x0000000000000000000000000000000000000000
t=2023-06-02T16:09:00+0800 lvl=trce msg="Pooled new future transaction"          hash=0xfbe184c558ea2cba7155d1f059097e129e07e627262a6db1cce348844b70fa8f from=0xFa3BDC8D5458a2cFE93614054908869c0742Fdf3 to=0x0000000000000000000000000000000000000000
t=2023-06-02T16:09:00+0800 lvl=trce msg="Pooled new future transaction"          hash=0xd478fdf4046be5d2dc673bc222d58789691ef2a8d2f2f085389d8d8c39e735d9 from=0xFa3BDC8D5458a2cFE93614054908869c0742Fdf3 to=0x0000000000000000000000000000000000000000
t=2023-06-02T16:09:00+0800 lvl=trce msg="Discarding freshly underpriced transaction" hash=0x0f1c32e856f4aa52ad1de982f16eeee043a54f6086b1cd554d08233969f7c236 gasTipCap=1  gasFeeCap=609
t=2023-06-02T16:09:00+0800 lvl=trce msg="Pooled new future transaction"          hash=0x2052d07e0a839cf3b5afc5832c64674d376165f2ea8e097a8c32f64bf61e225f from=0x378AfD7FE71F1729443461Eb3Ec2D5ed73B8DCea to=0x0000000000000000000000000000000000000000
t=2023-06-02T16:09:00+0800 lvl=trce msg="Removed old queued transactions"        count=0
t=2023-06-02T16:09:00+0800 lvl=trce msg="Pooled new future transaction"          hash=0xd36b2c2dc37ac922a92343f92ecea55dc0f9d73ecf2b56765664493e3cc564cb from=0x66e0851F1a162869024b4C9f6b1C4Fc5cb4832F1 to=0x0000000000000000000000000000000000000000
t=2023-06-02T16:09:00+0800 lvl=trce msg="Removed old queued transactions"        count=0
t=2023-06-02T16:09:00+0800 lvl=trce msg="Removed unpayable queued transactions"  count=0
t=2023-06-02T16:09:00+0800 lvl=trce msg="Promoted queued transactions"           count=0
t=2023-06-02T16:09:00+0800 lvl=trce msg="Pooled new future transaction"          hash=0xda420d3654f2cca03208e8f22a303ac2667ce6c52c1a09a47ca3b4ca4acda9f1 from=0x116119582f7387fA28Fc7D6f6de515384F543035 to=0x0000000000000000000000000000000000000000
t=2023-06-02T16:09:00+0800 lvl=trce msg="Pooled new future transaction"          hash=0xb74ff2f8d49401827c4ff49e9327efcac0575ef549ca6bc91a157a3f088e97f9 from=0x116119582f7387fA28Fc7D6f6de515384F543035 to=0x0000000000000000000000000000000000000000
t=2023-06-02T16:09:00+0800 lvl=trce msg="Pooled new future transaction"          hash=0x9331ac3ea1d798649f2854536a211608ba81c274de3717d8306dc52ae0673f06 from=0x3c286197C62C1A98d355AbEDd2c3915ECeBB8E5B to=0x0000000000000000000000000000000000000000
t=2023-06-02T16:09:00+0800 lvl=trce msg="Pooled new future transaction"          hash=0x56bcf207787fe550ee56461d36989a0699f81f488da20a3d188d00ccbe6fe450 from=0x116119582f7387fA28Fc7D6f6de515384F543035 to=0x0000000000000000000000000000000000000000
t=2023-06-02T16:09:00+0800 lvl=trce msg="Pooled new future transaction"          hash=0x23cb636c033533c59dcfbda61c635f6b128280ddcda52d0ea8ef5ed57fb49f97 from=0xFa3BDC8D5458a2cFE93614054908869c0742Fdf3 to=0x0000000000000000000000000000000000000000
t=2023-06-02T16:09:00+0800 lvl=trce msg="Pooled new future transaction"          hash=0x69a8c6d7a05a0c058aae9b4c51206cfd4827a404ad68c6ef4c6d4198c2c587b1 from=0x3c286197C62C1A98d355AbEDd2c3915ECeBB8E5B to=0x0000000000000000000000000000000000000000
t=2023-06-02T16:09:00+0800 lvl=trce msg="Pooled new future transaction"          hash=0xa2990d6a0b04a5b298fbe76bdd1a8d1694a9aed9c21ef0d474723426fcf34f8b from=0x116119582f7387fA28Fc7D6f6de515384F543035 to=0x0000000000000000000000000000000000000000
t=2023-06-02T16:09:00+0800 lvl=trce msg="Pooled new future transaction"          hash=0x5b62e4683168aea77a9d5c93245f9c8d252d2bde874e8f4a2832d35f935ebbab from=0x116119582f7387fA28Fc7D6f6de515384F543035 to=0x0000000000000000000000000000000000000000
t=2023-06-02T16:09:00+0800 lvl=trce msg="Pooled new future transaction"          hash=0xb71bb73892f82c0f039e8bf84037632422c9b71a82dc385213550f88ced73af7 from=0x44a6Ae12C4A0457140A041408a8EcE9ed9f24602 to=0x0000000000000000000000000000000000000000
t=2023-06-02T16:09:00+0800 lvl=trce msg="Pooled new future transaction"          hash=0x299b850c4bbb03c34933b9e4be90457093e88060126691324899e489982aee80 from=0x7628e7c918DAaf4dfbF615023fDBcF72b8479bCe to=0x0000000000000000000000000000000000000000
t=2023-06-02T16:09:00+0800 lvl=trce msg="Removed old queued transactions"        count=0
t=2023-06-02T16:09:00+0800 lvl=trce msg="Removed unpayable queued transactions"  count=0
t=2023-06-02T16:09:00+0800 lvl=trce msg="Promoted queued transactions"           count=1
t=2023-06-02T16:09:00+0800 lvl=trce msg="Pooled new future transaction"          hash=0xd25cd4d47ceefd01a65992fa7a769ce0c0d4fef5d43bf9fb14e131c43332462b from=0xbf186BC9fa4975D227B3dC76067880ec67530CE9 to=0x0000000000000000000000000000000000000000
t=2023-06-02T16:09:00+0800 lvl=trce msg="Pooled new future transaction"          hash=0xa8ab30edf9648176acc8169dd16a397b12827355909984e6d30fd8fd4db5de9e from=0xBEc7e084Bfa8250123FbFc47b1f0587d67E3dad0 to=0x0000000000000000000000000000000000000000
t=2023-06-02T16:09:00+0800 lvl=trce msg="Pooled new future transaction"          hash=0x45347f74e21b88f078abea49c05f823047b435601b5b799d01366fcba000b192 from=0x44a6Ae12C4A0457140A041408a8EcE9ed9f24602 to=0x0000000000000000000000000000000000000000
t=2023-06-02T16:09:00+0800 lvl=trce msg="Pooled new future transaction"          hash=0xa6c099cffc4d54314d94694fec95a56d4f55f93819b32b122998afa097219086 from=0xBEc7e084Bfa8250123FbFc47b1f0587d67E3dad0 to=0x0000000000000000000000000000000000000000
t=2023-06-02T16:09:00+0800 lvl=trce msg="Pooled new future transaction"          hash=0x3eec7318c008c73c09afc3f74780aa2b4326579e2edb7ea3a35993be7d7b118e from=0x44a6Ae12C4A0457140A041408a8EcE9ed9f24602 to=0x0000000000000000000000000000000000000000
t=2023-06-02T16:09:00+0800 lvl=trce msg="Pooled new future transaction"          hash=0x1c6e8c9dc4d74033f1355fdacf4d2b5fb4a0f165ff45b81c58ccfa3f9876c466 from=0xBEc7e084Bfa8250123FbFc47b1f0587d67E3dad0 to=0x0000000000000000000000000000000000000000
t=2023-06-02T16:09:00+0800 lvl=trce msg="Pooled new future transaction"          hash=0x3f573ad4e1132428ac2347080cd4984899dd7261aab15bbf411686cbafe9f175 from=0xBEc7e084Bfa8250123FbFc47b1f0587d67E3dad0 to=0x0000000000000000000000000000000000000000
t=2023-06-02T16:09:00+0800 lvl=trce msg="Pooled new future transaction"          hash=0x9ab79b412f6621401526eb14f19e44f02b4804f7de7ae38caf0080f79fa8bc72 from=0x7628e7c918DAaf4dfbF615023fDBcF72b8479bCe to=0x0000000000000000000000000000000000000000
t=2023-06-02T16:09:00+0800 lvl=trce msg="Removed old queued transactions"        count=0
t=2023-06-02T16:09:00+0800 lvl=trce msg="Removed unpayable queued transactions"  count=0
t=2023-06-02T16:09:00+0800 lvl=trce msg="Promoted queued transactions"           count=0
t=2023-06-02T16:09:00+0800 lvl=trce msg="Pooled new future transaction"          hash=0x1b357dfb8e3a7da1325a5d732971e934b979b9c72474d351e3b5a125c4942baa from=0x3c286197C62C1A98d355AbEDd2c3915ECeBB8E5B to=0x0000000000000000000000000000000000000000
t=2023-06-02T16:09:00+0800 lvl=trce msg="Pooled new future transaction"          hash=0x518bc9346c897c9311bb3f5c1054b296224c6ff0474c6fdc23944af2e6064e0a from=0x3c286197C62C1A98d355AbEDd2c3915ECeBB8E5B to=0x0000000000000000000000000000000000000000
t=2023-06-02T16:09:00+0800 lvl=trce msg="Pooled new future transaction"          hash=0x0e1eeb05554142f43b52892fbd80ca5c34b89c35b7f1b13d358463c37e16a230 from=0x50D0b6Fb1C5EA22b2E581a6357ca4549E221557a to=0x0000000000000000000000000000000000000000
t=2023-06-02T16:09:00+0800 lvl=trce msg="Pooled new future transaction"          hash=0xc6d405a9cb710964b604e8ad6ef3164b2286b6bce6fb7b6b8c8749ef0851e275 from=0x116119582f7387fA28Fc7D6f6de515384F543035 to=0x0000000000000000000000000000000000000000
t=2023-06-02T16:09:00+0800 lvl=trce msg="Pooled new future transaction"          hash=0x824cf3a259555e946301c5913316398b5d2477f4c2a8c71be5942239b511c70a from=0x66e0851F1a162869024b4C9f6b1C4Fc5cb4832F1 to=0x0000000000000000000000000000000000000000
t=2023-06-02T16:09:00+0800 lvl=trce msg="Removed old queued transactions"        count=0
t=2023-06-02T16:09:00+0800 lvl=trce msg="Removed unpayable queued transactions"  count=0
t=2023-06-02T16:09:00+0800 lvl=trce msg="Promoted queued transactions"           count=1
t=2023-06-02T16:09:00+0800 lvl=trce msg="Pooled new future transaction"          hash=0xec38eeb1aeffb828a8c0f99e875d15d911696941faca388ca0c40faf5623f872 from=0xbf186BC9fa4975D227B3dC76067880ec67530CE9 to=0x0000000000000000000000000000000000000000
t=2023-06-02T16:09:00+0800 lvl=trce msg="Pooled new future transaction"          hash=0xb74271c82543cb0e1e2c9dea5628bbba7a5a25ab14957c5065f724b115b08318 from=0xBEc7e084Bfa8250123FbFc47b1f0587d67E3dad0 to=0x0000000000000000000000000000000000000000
t=2023-06-02T16:09:00+0800 lvl=trce msg="Pooled new future transaction"          hash=0xdca06792c2888d86718c751bb414fe54783552fd60d8053b599d5aa402c7f614 from=0x44a6Ae12C4A0457140A041408a8EcE9ed9f24602 to=0x0000000000000000000000000000000000000000
t=2023-06-02T16:09:00+0800 lvl=trce msg="Pooled new future transaction"          hash=0x9ba363e48df84c4820e8cbf4ace0b13717dab68404894e3dfe53371868f8dce5 from=0x9BF12759c287b70FeE459c3F50e0b44808E87a35 to=0x0000000000000000000000000000000000000000
t=2023-06-02T16:09:00+0800 lvl=trce msg="Pooled new future transaction"          hash=0x067e358ae440f881ec83d42eae6d492aab8c38a2c157bf54a9a161d9755690a5 from=0xBEc7e084Bfa8250123FbFc47b1f0587d67E3dad0 to=0x0000000000000000000000000000000000000000
t=2023-06-02T16:09:00+0800 lvl=trce msg="Pooled new future transaction"          hash=0x1f2d3e862014e021255c6dcee7f6bf84c8b6a7d1b45e81832c17537558416b05 from=0x116119582f7387fA28Fc7D6f6de515384F543035 to=0x0000000000000000000000000000000000000000
t=2023-06-02T16:09:00+0800 lvl=trce msg="Pooled new future transaction"          hash=0xb6c2fa13fcdbf2bb5a057f7c8a20c7e6cbf90398efcd2eae41e3457d9eeb7e75 from=0xBEc7e084Bfa8250123FbFc47b1f0587d67E3dad0 to=0x0000000000000000000000000000000000000000
t=2023-06-02T16:09:00+0800 lvl=trce msg="Pooled new future transaction"          hash=0x63bf8050764718590157e02213184d7d90cd59f8438845488d35455ebd6e26df from=0x44a6Ae12C4A0457140A041408a8EcE9ed9f24602 to=0x0000000000000000000000000000000000000000
t=2023-06-02T16:09:00+0800 lvl=trce msg="Pooled new future transaction"          hash=0x4a350f2e9b20080d457e980270cf684ba3d20d69ecd9d62277265b9821cc2e20 from=0xbf186BC9fa4975D227B3dC76067880ec67530CE9 to=0x0000000000000000000000000000000000000000
t=2023-06-02T16:09:00+0800 lvl=trce msg="Pooled new future transaction"          hash=0x8baf03ffb47bfcb36222ebeeb4877b9910a63da3fdc7ccbaf7636be124b54986 from=0x9BF12759c287b70FeE459c3F50e0b44808E87a35 to=0x0000000000000000000000000000000000000000
t=2023-06-02T16:09:00+0800 lvl=trce msg="Pooled new future transaction"          hash=0xd6b7d9f46787501ba1af8afb00200f83eb0547afc591cf177feebe318abfa42f from=0xbf186BC9fa4975D227B3dC76067880ec67530CE9 to=0x0000000000000000000000000000000000000000
t=2023-06-02T16:09:00+0800 lvl=trce msg="Pooled new future transaction"          hash=0x45f211707f2fce3b6bda33f403a5ba4e0808d2b356277b2feda35f87ae90659a from=0x9BF12759c287b70FeE459c3F50e0b44808E87a35 to=0x0000000000000000000000000000000000000000
t=2023-06-02T16:09:00+0800 lvl=trce msg="Pooled new future transaction"          hash=0xd2d12bbf0813a5efe4ddedb3f1991d857ddfdfdc1c15afdc91e2f43f8dca0cd2 from=0xbf186BC9fa4975D227B3dC76067880ec67530CE9 to=0x0000000000000000000000000000000000000000
t=2023-06-02T16:09:00+0800 lvl=trce msg="Pooled new future transaction"          hash=0xf57e06cd9f4734c0911b4ffd7dca01055a535dfc0284fdcc16f1ed3ef04fa892 from=0xbf186BC9fa4975D227B3dC76067880ec67530CE9 to=0x0000000000000000000000000000000000000000
t=2023-06-02T16:09:00+0800 lvl=trce msg="Pooled new future transaction"          hash=0x7b0d2584e5f7dddd420310ef27213efec6d9646ec7344d45eaa617fb52ae1d10 from=0xbf186BC9fa4975D227B3dC76067880ec67530CE9 to=0x0000000000000000000000000000000000000000
t=2023-06-02T16:09:00+0800 lvl=trce msg="Pooled new future transaction"          hash=0xdd03212015b1e2189e4224d568b5faface9c3c60f1ee5af0edbc17b6200ab9ff from=0xbf186BC9fa4975D227B3dC76067880ec67530CE9 to=0x0000000000000000000000000000000000000000
t=2023-06-02T16:09:00+0800 lvl=trce msg="Pooled new future transaction"          hash=0xa29921ee22490a194d48b4823d71960b44d43a572905630641592f12a801a9f0 from=0x66e0851F1a162869024b4C9f6b1C4Fc5cb4832F1 to=0x0000000000000000000000000000000000000000
t=2023-06-02T16:09:00+0800 lvl=trce msg="Removed old queued transactions"        count=0
t=2023-06-02T16:09:00+0800 lvl=trce msg="Removed unpayable queued transactions"  count=0
t=2023-06-02T16:09:00+0800 lvl=trce msg="Promoted queued transactions"           count=0
t=2023-06-02T16:09:00+0800 lvl=trce msg="Pooled new future transaction"          hash=0x944a5dfa2ff19b10fbedfe3e4802f93ac54cac3f31dc2451be20cfbf6f2ed3a9 from=0x50D0b6Fb1C5EA22b2E581a6357ca4549E221557a to=0x0000000000000000000000000000000000000000
t=2023-06-02T16:09:00+0800 lvl=trce msg="Pooled new future transaction"          hash=0x42c75bdb2371acb5cb31c5bc6eff031919182e9cb6ee26a05ddd7f49d57b3c60 from=0x3c286197C62C1A98d355AbEDd2c3915ECeBB8E5B to=0x0000000000000000000000000000000000000000
t=2023-06-02T16:09:00+0800 lvl=trce msg="Pooled new future transaction"          hash=0x73fc8a391729b16cddd04227deb326a9754c5e1347dfcc717766d086b1d5acb1 from=0x50D0b6Fb1C5EA22b2E581a6357ca4549E221557a to=0x0000000000000000000000000000000000000000
t=2023-06-02T16:09:00+0800 lvl=trce msg="Pooled new future transaction"          hash=0x729d9e00ed8bbb6075f8088c1469b0e4be34e48a5967efc8df3da8d57607338b from=0xFa3BDC8D5458a2cFE93614054908869c0742Fdf3 to=0x0000000000000000000000000000000000000000
t=2023-06-02T16:09:00+0800 lvl=trce msg="Pooled new future transaction"          hash=0xab0058107d2426dd5f0c352cfec64858e403bf852ceecc35b45c32b5ec749b64 from=0x50D0b6Fb1C5EA22b2E581a6357ca4549E221557a to=0x0000000000000000000000000000000000000000
t=2023-06-02T16:09:00+0800 lvl=trce msg="Pooled new future transaction"          hash=0x5443cec167d887f1ccdf4a784732a5a120bd281384567fd22bdbfea53082f9ba from=0x3c286197C62C1A98d355AbEDd2c3915ECeBB8E5B to=0x0000000000000000000000000000000000000000
t=2023-06-02T16:09:00+0800 lvl=trce msg="Pooled new future transaction"          hash=0x0940cba49ffac1b7bcc532c76b27c6649e9ee6ad43529ebe0478c2e581383617 from=0x50D0b6Fb1C5EA22b2E581a6357ca4549E221557a to=0x0000000000000000000000000000000000000000
t=2023-06-02T16:09:00+0800 lvl=trce msg="Removed unpayable queued transactions"  count=0
t=2023-06-02T16:09:00+0800 lvl=trce msg="Pooled new future transaction"          hash=0xb138699fe823ded067652980160ef5ae85febf3fe896ae3617fc31e74e87e675 from=0x44a6Ae12C4A0457140A041408a8EcE9ed9f24602 to=0x0000000000000000000000000000000000000000
t=2023-06-02T16:09:00+0800 lvl=trce msg="Pooled new future transaction"          hash=0xbc47cc81c0fb81e3096c9418ffeaeecdf4bbe6eff37e55ccfc3f7f698a146652 from=0xbf186BC9fa4975D227B3dC76067880ec67530CE9 to=0x0000000000000000000000000000000000000000
t=2023-06-02T16:09:00+0800 lvl=trce msg="Pooled new future transaction"          hash=0x151ddee9b267bb9182fdf660cf025f2240c034002dc536ec0b0081df2bdb6fa5 from=0x7628e7c918DAaf4dfbF615023fDBcF72b8479bCe to=0x0000000000000000000000000000000000000000
t=2023-06-02T16:09:00+0800 lvl=trce msg="Removed old queued transactions"        count=0
t=2023-06-02T16:09:00+0800 lvl=trce msg="Removed unpayable queued transactions"  count=0
t=2023-06-02T16:09:00+0800 lvl=trce msg="Promoted queued transactions"           count=1
t=2023-06-02T16:09:00+0800 lvl=trce msg="Pooled new future transaction"          hash=0xfeddb55e7d57e37f6c443bca050fcd242d6cb4bba00dd47ec48acfc3fc8ddbad from=0x3c286197C62C1A98d355AbEDd2c3915ECeBB8E5B to=0x0000000000000000000000000000000000000000
t=2023-06-02T16:09:00+0800 lvl=trce msg="Pooled new future transaction"          hash=0x5137442a71d3cd9179ec4bcd3f6e13d7106824f80919ed9e4a7f41cdd3863773 from=0x50D0b6Fb1C5EA22b2E581a6357ca4549E221557a to=0x0000000000000000000000000000000000000000
t=2023-06-02T16:09:00+0800 lvl=trce msg="Pooled new future transaction"          hash=0x03a76090e9215aa71916b6852960ceaffa640c7d9c3bef66b357395a1dbdd5cd from=0xFa3BDC8D5458a2cFE93614054908869c0742Fdf3 to=0x0000000000000000000000000000000000000000
t=2023-06-02T16:09:00+0800 lvl=trce msg="Pooled new future transaction"          hash=0xfb60863e78003b83eb6f7f8f83b55d4a75f979d106e9063c44df0e094cd4821e from=0xFa3BDC8D5458a2cFE93614054908869c0742Fdf3 to=0x0000000000000000000000000000000000000000
t=2023-06-02T16:09:00+0800 lvl=trce msg="Pooled new future transaction"          hash=0x2bee9d26946bc121d7eac9873c11d34949c1df7102a10eb5d60d1e7d6bf68fcd from=0xFa3BDC8D5458a2cFE93614054908869c0742Fdf3 to=0x0000000000000000000000000000000000000000
t=2023-06-02T16:09:00+0800 lvl=trce msg="Pooled new future transaction"          hash=0x027f3a35a651f2b679fa6070c9100fd05a59c9753bcdcbfb1dc2c5e39f8192f1 from=0x3c286197C62C1A98d355AbEDd2c3915ECeBB8E5B to=0x0000000000000000000000000000000000000000
t=2023-06-02T16:09:00+0800 lvl=trce msg="Pooled new future transaction"          hash=0x21f897af6ed4a8336797b8bd43c81c978685447634a3b71f18cfe46e39480fbb from=0x50D0b6Fb1C5EA22b2E581a6357ca4549E221557a to=0x0000000000000000000000000000000000000000
t=2023-06-02T16:09:00+0800 lvl=trce msg="Pooled new future transaction"          hash=0x96b7a54833046bb2e50a20cdb8e1006249ae1b16b59bcd3c111bb36859cd9028 from=0x116119582f7387fA28Fc7D6f6de515384F543035 to=0x0000000000000000000000000000000000000000
t=2023-06-02T16:09:00+0800 lvl=trce msg="Pooled new future transaction"          hash=0x62ac215d65b3fb878f33cdf434acbf95b995cec60ff70b97c6bffc9dc21c52e4 from=0xFa3BDC8D5458a2cFE93614054908869c0742Fdf3 to=0x0000000000000000000000000000000000000000
t=2023-06-02T16:09:00+0800 lvl=trce msg="Pooled new future transaction"          hash=0xa84ed27e55c450c9548c33abbfefd50d2c7d95fe8ba950e1a26890b58afe4518 from=0x7628e7c918DAaf4dfbF615023fDBcF72b8479bCe to=0x0000000000000000000000000000000000000000
t=2023-06-02T16:09:00+0800 lvl=trce msg="Removed old queued transactions"        count=0
t=2023-06-02T16:09:00+0800 lvl=trce msg="Promoted queued transactions"           count=1
t=2023-06-02T16:09:00+0800 lvl=trce msg="Pooled new future transaction"          hash=0xc83f25392f1158ed9711121b49e0545af06df7a8e164c4578b8095b04c9c5b2d from=0x44a6Ae12C4A0457140A041408a8EcE9ed9f24602 to=0x0000000000000000000000000000000000000000
t=2023-06-02T16:09:00+0800 lvl=trce msg="Pooled new future transaction"          hash=0xfad6d5bbb9362e81cacf6e95c67fc2a90598661645e532bc96ea9b4aa8151e8d from=0x44a6Ae12C4A0457140A041408a8EcE9ed9f24602 to=0x0000000000000000000000000000000000000000
t=2023-06-02T16:09:00+0800 lvl=trce msg="Pooled new future transaction"          hash=0x8b5d82f9b004e9b966db9ec7f6d0e05d269354f74f3e5ee40dede751206dd2c3 from=0xbf186BC9fa4975D227B3dC76067880ec67530CE9 to=0x0000000000000000000000000000000000000000
t=2023-06-02T16:09:00+0800 lvl=trce msg="Pooled new future transaction"          hash=0x6901ce3391181cf923c4bcbc0775d47acc435be785d0d6ad8f3ecafa41784ab9 from=0xbf186BC9fa4975D227B3dC76067880ec67530CE9 to=0x0000000000000000000000000000000000000000
t=2023-06-02T16:09:00+0800 lvl=trce msg="Pooled new future transaction"          hash=0xff7696b7678cf6aa28ade60ba14664b47f594050031651a652f4c52b73160472 from=0x3c286197C62C1A98d355AbEDd2c3915ECeBB8E5B to=0x0000000000000000000000000000000000000000
t=2023-06-02T16:09:00+0800 lvl=trce msg="Pooled new future transaction"          hash=0x632176d2b2020bc789414068fd2efc1a615874c68ce1a814ddcb61afd17389c3 from=0x3c286197C62C1A98d355AbEDd2c3915ECeBB8E5B to=0x0000000000000000000000000000000000000000
t=2023-06-02T16:09:00+0800 lvl=trce msg="Pooled new future transaction"          hash=0xe6aadc12c7548a43675bb00d2e57d95c26dac11ae88a44dce958ae8b86734cf7 from=0x50D0b6Fb1C5EA22b2E581a6357ca4549E221557a to=0x0000000000000000000000000000000000000000
t=2023-06-02T16:09:00+0800 lvl=trce msg="Pooled new future transaction"          hash=0x9e721339ee4b1fcca254b511836996b102e056ec89081d395b3e83ef8d9e21f5 from=0x116119582f7387fA28Fc7D6f6de515384F543035 to=0x0000000000000000000000000000000000000000
t=2023-06-02T16:09:00+0800 lvl=trce msg="Removed unpayable queued transactions"  count=0
t=2023-06-02T16:09:00+0800 lvl=trce msg="Promoted queued transactions"           count=0
t=2023-06-02T16:09:00+0800 lvl=trce msg="Discarding freshly underpriced transaction" hash=0xf29f6a0d43f9290306aadcc5870f487c9fe6f2b11e99b00645968affe2509ddb gasTipCap=1  gasFeeCap=610
t=2023-06-02T16:09:00+0800 lvl=trce msg="Pooled new future transaction"          hash=0x525adfdae8426f4251e7c7b5793b34898142437835be1379db17536d0d34be0e from=0xE25A93E4B8AbCdE3c48d7c697cf09f6EFBA61De3 to=0x0000000000000000000000000000000000000000
t=2023-06-02T16:09:00+0800 lvl=trce msg="Removed old queued transactions"        count=0
t=2023-06-02T16:09:00+0800 lvl=trce msg="Removed unpayable queued transactions"  count=0
t=2023-06-02T16:09:00+0800 lvl=trce msg="Promoted queued transactions"           count=1
t=2023-06-02T16:09:00+0800 lvl=trce msg="Pooled new future transaction"          hash=0x97eefba6a0e6a486e00853ce63ab9e5e6bc36c7635cfb864dad7d1553dd58783 from=0xBEc7e084Bfa8250123FbFc47b1f0587d67E3dad0 to=0x0000000000000000000000000000000000000000
t=2023-06-02T16:09:00+0800 lvl=trce msg="Pooled new future transaction"          hash=0x1d6699f209e5ce5ec37ee296334c497cbacf9f26083b9d82af86feb27858d6bb from=0xBEc7e084Bfa8250123FbFc47b1f0587d67E3dad0 to=0x0000000000000000000000000000000000000000
t=2023-06-02T16:09:00+0800 lvl=trce msg="Pooled new future transaction"          hash=0xf47161eb5602ab22f645db85444a0cc613f549fffe4a385d096a0339a132ff8a from=0x44a6Ae12C4A0457140A041408a8EcE9ed9f24602 to=0x0000000000000000000000000000000000000000
t=2023-06-02T16:09:00+0800 lvl=trce msg="Pooled new future transaction"          hash=0x26f415a3a313101be6cdca4175a5876f18532a760537e7445c29d405b124647c from=0xbf186BC9fa4975D227B3dC76067880ec67530CE9 to=0x0000000000000000000000000000000000000000
t=2023-06-02T16:09:00+0800 lvl=trce msg="Pooled new future transaction"          hash=0xd8d5afbe16fb9e9fd40c90f90dbe69e97bffe94fee9610d716825a0ebfc0d05f from=0x3c286197C62C1A98d355AbEDd2c3915ECeBB8E5B to=0x0000000000000000000000000000000000000000
t=2023-06-02T16:09:00+0800 lvl=trce msg="Pooled new future transaction"          hash=0xf0909e53d01cd41c5b4b77c80946279cf048da3275234c5b3a505e5d128ccef6 from=0x116119582f7387fA28Fc7D6f6de515384F543035 to=0x0000000000000000000000000000000000000000
t=2023-06-02T16:09:00+0800 lvl=trce msg="Pooled new future transaction"          hash=0x0e39074826dae8d98bf2ce71f90834cc5e61816b4508eb5dcd06f47cfa7f7cef from=0x50D0b6Fb1C5EA22b2E581a6357ca4549E221557a to=0x0000000000000000000000000000000000000000
t=2023-06-02T16:09:00+0800 lvl=trce msg="Pooled new future transaction"          hash=0x1119837fdc72ecf63e2e591cce6c361869facef171ddb82987bf5bae26aea399 from=0x3c286197C62C1A98d355AbEDd2c3915ECeBB8E5B to=0x0000000000000000000000000000000000000000
t=2023-06-02T16:09:00+0800 lvl=trce msg="Pooled new future transaction"          hash=0x7cdd0ffa038472e9a3215798aa866763c829bc1171a5093056e5a0e70f872ae5 from=0x3c286197C62C1A98d355AbEDd2c3915ECeBB8E5B to=0x0000000000000000000000000000000000000000
t=2023-06-02T16:09:00+0800 lvl=trce msg="Discarding freshly underpriced transaction" hash=0xbe6ecbda9fc860f2d0f252905469587b7c56be0f23b31f0f383ae6d4277f06c7 gasTipCap=1  gasFeeCap=611
t=2023-06-02T16:09:00+0800 lvl=trce msg="Pooled new future transaction"          hash=0x9e8103a7adac7468352c4aa88cff3f9f0b5d411c6bfa4619599098e047f63bfd from=0xFa3BDC8D5458a2cFE93614054908869c0742Fdf3 to=0x0000000000000000000000000000000000000000
t=2023-06-02T16:09:00+0800 lvl=trce msg="Pooled new future transaction"          hash=0xd65b4b2537e1e2c0c45fd42292a488df50fa666548e8d294f87df49254ebc736 from=0x116119582f7387fA28Fc7D6f6de515384F543035 to=0x0000000000000000000000000000000000000000
t=2023-06-02T16:09:00+0800 lvl=trce msg="Pooled new future transaction"          hash=0x98ae82e7e1c75ced19cf00e040c1e963596005f6297b25934cc92510bd9d31e5 from=0x116119582f7387fA28Fc7D6f6de515384F543035 to=0x0000000000000000000000000000000000000000
t=2023-06-02T16:09:00+0800 lvl=trce msg="Pooled new future transaction"          hash=0x222edc26f534fb4a74c914da66f26fb94143ccf9275679b88be12e96b5d427f5 from=0x50D0b6Fb1C5EA22b2E581a6357ca4549E221557a to=0x0000000000000000000000000000000000000000
t=2023-06-02T16:09:00+0800 lvl=trce msg="Pooled new future transaction"          hash=0x523e26b9886ee5374b568532c2eb84623694d5a39cf0a648722c9e43e6bd4a3d from=0x66e0851F1a162869024b4C9f6b1C4Fc5cb4832F1 to=0x0000000000000000000000000000000000000000
t=2023-06-02T16:09:00+0800 lvl=trce msg="Pooled new future transaction"          hash=0x4d5bb238a595923ab33096a9ddf625a2db0aa4439659ef018e903a0d86498f75 from=0x50D0b6Fb1C5EA22b2E581a6357ca4549E221557a to=0x0000000000000000000000000000000000000000
t=2023-06-02T16:09:00+0800 lvl=trce msg="Pooled new future transaction"          hash=0x4d04c8e6e65ad5c37f5887defaf5f96ade7b04cf3e70ca4304bd934e324e8445 from=0x50D0b6Fb1C5EA22b2E581a6357ca4549E221557a to=0x0000000000000000000000000000000000000000
t=2023-06-02T16:09:00+0800 lvl=trce msg="Pooled new future transaction"          hash=0x94be627ebad14d376db30492a30490961b4d093bce548014d6787d75c934b67e from=0xFa3BDC8D5458a2cFE93614054908869c0742Fdf3 to=0x0000000000000000000000000000000000000000
t=2023-06-02T16:09:00+0800 lvl=trce msg="Pooled new future transaction"          hash=0xd852b44910e5b1c33e00bdac3b3a4f664aa87b31e401b070890d16b8d0929220 from=0x116119582f7387fA28Fc7D6f6de515384F543035 to=0x0000000000000000000000000000000000000000
t=2023-06-02T16:09:00+0800 lvl=trce msg="Pooled new future transaction"          hash=0xe793fb18680ee5a8a8dada0991e55d3b86e10d5caadecbf471cd70169090855b from=0x50D0b6Fb1C5EA22b2E581a6357ca4549E221557a to=0x0000000000000000000000000000000000000000
t=2023-06-02T16:09:00+0800 lvl=trce msg="Pooled new future transaction"          hash=0x27dd9925817cbac443a894daa8097cc35d519b24f9d4a876d88e2d83c1e3b211 from=0xFa3BDC8D5458a2cFE93614054908869c0742Fdf3 to=0x0000000000000000000000000000000000000000
t=2023-06-02T16:09:00+0800 lvl=trce msg="Pooled new future transaction"          hash=0x68e24de30d46b9ab7b450cad1716fb7fdc1eb93170502a55e2a2ed04635a08b9 from=0x50D0b6Fb1C5EA22b2E581a6357ca4549E221557a to=0x0000000000000000000000000000000000000000
t=2023-06-02T16:09:00+0800 lvl=trce msg="Pooled new future transaction"          hash=0xf0f88eb67b2fc05bdde1986dac2ad29b8f437cf5cea8ea7ef3881cbce93bfd47 from=0x50D0b6Fb1C5EA22b2E581a6357ca4549E221557a to=0x0000000000000000000000000000000000000000
t=2023-06-02T16:09:00+0800 lvl=trce msg="Pooled new future transaction"          hash=0xe491e9f976ccf442726114341113892deafb6ed68e68f8c54262b98a19a3fec5 from=0x3c286197C62C1A98d355AbEDd2c3915ECeBB8E5B to=0x0000000000000000000000000000000000000000
t=2023-06-02T16:09:00+0800 lvl=trce msg="Pooled new future transaction"          hash=0xaafa5cbe4083bf932b446e7be182a5e0312f21163a9318559526fa48f4ad913c from=0x84567e99F1d7373063CAD9c635a46326F7361D63 to=0x0000000000000000000000000000000000000000
t=2023-06-02T16:09:00+0800 lvl=trce msg="Pooled new future transaction"          hash=0x695cb1b73de14a84b35da3c6f27d23c198c2b7c8abfaf81375b3b0d954281fa0 from=0xFa3BDC8D5458a2cFE93614054908869c0742Fdf3 to=0x0000000000000000000000000000000000000000
t=2023-06-02T16:09:00+0800 lvl=trce msg="Removed old queued transactions"        count=0
t=2023-06-02T16:09:00+0800 lvl=trce msg="Pooled new future transaction"          hash=0x4e786ef008aedbac6021024235174092432b4090314c59aa9d4f172a6685a25c from=0x3c286197C62C1A98d355AbEDd2c3915ECeBB8E5B to=0x0000000000000000000000000000000000000000
t=2023-06-02T16:09:00+0800 lvl=trce msg="Removed unpayable queued transactions"  count=0
t=2023-06-02T16:09:00+0800 lvl=trce msg="Pooled new future transaction"          hash=0x25500b6e688ddb3ba59031d107a1713e9b2655e4cc4b1186ecac2bad3a885069 from=0x3c286197C62C1A98d355AbEDd2c3915ECeBB8E5B to=0x0000000000000000000000000000000000000000
t=2023-06-02T16:09:00+0800 lvl=trce msg="Promoted queued transactions"           count=1
t=2023-06-02T16:09:00+0800 lvl=trce msg="Pooled new future transaction"          hash=0x0af20dfb6f931ef98cf3d06c88828f4af572d56fe1a2197cfcd55b5d20ff74ad from=0x116119582f7387fA28Fc7D6f6de515384F543035 to=0x0000000000000000000000000000000000000000
t=2023-06-02T16:09:00+0800 lvl=trce msg="Pooled new future transaction"          hash=0xf136688762d4aadac42f92d597d94ecd1fc6a7fad3722269154fad83eb9cb9dc from=0x116119582f7387fA28Fc7D6f6de515384F543035 to=0x0000000000000000000000000000000000000000
t=2023-06-02T16:09:00+0800 lvl=trce msg="Pooled new future transaction"          hash=0xc55de1e7a315301ae3cb82a1da5aada1898c8bd657468301010ae65e457096aa from=0x3c286197C62C1A98d355AbEDd2c3915ECeBB8E5B to=0x0000000000000000000000000000000000000000
t=2023-06-02T16:09:00+0800 lvl=trce msg="Pooled new future transaction"          hash=0x1ce4c647f5a0a81d6b0aa97ecaae24bb59d0d69758e0958936f92e8d839ec6d9 from=0xFa3BDC8D5458a2cFE93614054908869c0742Fdf3 to=0x0000000000000000000000000000000000000000
t=2023-06-02T16:09:00+0800 lvl=trce msg="Pooled new future transaction"          hash=0x2db77de24080f4f16e85ce76bda8d48d4889f5bf4c1dd6a7114a6b52d0cd0cc1 from=0x3c286197C62C1A98d355AbEDd2c3915ECeBB8E5B to=0x0000000000000000000000000000000000000000
t=2023-06-02T16:09:00+0800 lvl=trce msg="Pooled new future transaction"          hash=0x2f03a3669111192771411611320b69bf7b8a34bc4f34c4d998f19a0f702f93bc from=0x50D0b6Fb1C5EA22b2E581a6357ca4549E221557a to=0x0000000000000000000000000000000000000000
t=2023-06-02T16:09:00+0800 lvl=trce msg="Pooled new future transaction"          hash=0x799ff014c98622d966c9c3ec248b5015166ce06f2c57297b95785ee6f7073f35 from=0x3c286197C62C1A98d355AbEDd2c3915ECeBB8E5B to=0x0000000000000000000000000000000000000000
t=2023-06-02T16:09:00+0800 lvl=trce msg="Removed old queued transactions"        count=0
t=2023-06-02T16:09:00+0800 lvl=trce msg="Removed unpayable queued transactions"  count=0
t=2023-06-02T16:09:00+0800 lvl=trce msg="Promoted queued transactions"           count=1
t=2023-06-02T16:09:00+0800 lvl=trce msg="Discarding freshly underpriced transaction" hash=0xa876399b4701fe8632ccdca93d748494e10d64226545f42189cb337208ea539f gasTipCap=1  gasFeeCap=612
t=2023-06-02T16:09:00+0800 lvl=trce msg="Pooled new future transaction"          hash=0x8244343524feaeaf7443bfa7f900c95f798b6c72050bcf6d043298f96ba92677 from=0x081e779848D0200925324fC9c78773b79cE31C46 to=0x0000000000000000000000000000000000000000
t=2023-06-02T16:09:00+0800 lvl=trce msg="Pooled new future transaction"          hash=0xe2dcacc8289ee90365678cbe3e71d1b51d6b3ea2177fa1831d767cbcd062b598 from=0x116119582f7387fA28Fc7D6f6de515384F543035 to=0x0000000000000000000000000000000000000000
t=2023-06-02T16:09:00+0800 lvl=trce msg="Removed old queued transactions"        count=0
t=2023-06-02T16:09:00+0800 lvl=trce msg="Pooled new future transaction"          hash=0xdf51e0da7ec711e04687fa2490f75a5fec2c340fa98554dd2d01bce16eb821bd from=0x116119582f7387fA28Fc7D6f6de515384F543035 to=0x0000000000000000000000000000000000000000
t=2023-06-02T16:09:00+0800 lvl=trce msg="Pooled new future transaction"          hash=0x950aa814a6da18437a5ed4f9b74f8f8268392054d88cdc0e5de37c75a3d860ad from=0x116119582f7387fA28Fc7D6f6de515384F543035 to=0x0000000000000000000000000000000000000000
t=2023-06-02T16:09:00+0800 lvl=trce msg="Pooled new future transaction"          hash=0xcaa32523f9e45ddebf913a284bc670e3e127220542b0e1f63ddd8516f5f0019d from=0x3c286197C62C1A98d355AbEDd2c3915ECeBB8E5B to=0x0000000000000000000000000000000000000000
t=2023-06-02T16:09:00+0800 lvl=trce msg="Pooled new future transaction"          hash=0x4e50b97cd6460ca515b8ce31148467d934e216acc4bd7ca106dd1590b877d33d from=0x3c286197C62C1A98d355AbEDd2c3915ECeBB8E5B to=0x0000000000000000000000000000000000000000
t=2023-06-02T16:09:00+0800 lvl=trce msg="Pooled new future transaction"          hash=0x986a79cc42bd88577ae50da6d04f145a85782a1b2400542dcc9eca163979e2b1 from=0x66e0851F1a162869024b4C9f6b1C4Fc5cb4832F1 to=0x0000000000000000000000000000000000000000
t=2023-06-02T16:09:00+0800 lvl=trce msg="Pooled new future transaction"          hash=0x53ac4fc03132146df7f223bfc02404a6bf8208363beda38f42c90f7347d58020 from=0xFa3BDC8D5458a2cFE93614054908869c0742Fdf3 to=0x0000000000000000000000000000000000000000
t=2023-06-02T16:09:00+0800 lvl=trce msg="Removed old queued transactions"        count=0
t=2023-06-02T16:09:00+0800 lvl=trce msg="Removed unpayable queued transactions"  count=0
t=2023-06-02T16:09:00+0800 lvl=trce msg="Promoted queued transactions"           count=0
t=2023-06-02T16:09:00+0800 lvl=trce msg="Removed unpayable queued transactions"  count=0
t=2023-06-02T16:09:00+0800 lvl=trce msg="Promoted queued transactions"           count=1
t=2023-06-02T16:09:00+0800 lvl=trce msg="Pooled new future transaction"          hash=0xb47c8fa52cd406ac02bac808ec8950c929a91b496a2eeda8670cdcb9cf0136ad from=0x3c286197C62C1A98d355AbEDd2c3915ECeBB8E5B to=0x0000000000000000000000000000000000000000
t=2023-06-02T16:09:00+0800 lvl=trce msg="Pooled new future transaction"          hash=0x5993e513c49070e89e2b8934b715f090951153894795b7ce7c4b4f6f70ce5100 from=0xFa3BDC8D5458a2cFE93614054908869c0742Fdf3 to=0x0000000000000000000000000000000000000000
t=2023-06-02T16:09:00+0800 lvl=trce msg="Pooled new future transaction"          hash=0xc35f61b83eecbcf71c46270b6eb99f4dae65470b1c983526ded3bb70766ccc0e from=0x3c286197C62C1A98d355AbEDd2c3915ECeBB8E5B to=0x0000000000000000000000000000000000000000
t=2023-06-02T16:09:00+0800 lvl=trce msg="Pooled new future transaction"          hash=0x9df670e52f94fa4d7cada3eb74e77f95ae8628bcb331cc01c38c985f5a60f092 from=0x50D0b6Fb1C5EA22b2E581a6357ca4549E221557a to=0x0000000000000000000000000000000000000000
t=2023-06-02T16:09:00+0800 lvl=trce msg="Pooled new future transaction"          hash=0xc9d593fe79a540181f381932009522867db3993cc38304f048f689104935e2f4 from=0x3c286197C62C1A98d355AbEDd2c3915ECeBB8E5B to=0x0000000000000000000000000000000000000000
t=2023-06-02T16:09:00+0800 lvl=trce msg="Pooled new future transaction"          hash=0x3dfa246b44bbbd5049345be79eecdd51aae92430d763b8e863aef50cd3ff87e5 from=0x50D0b6Fb1C5EA22b2E581a6357ca4549E221557a to=0x0000000000000000000000000000000000000000
t=2023-06-02T16:09:00+0800 lvl=trce msg="Pooled new future transaction"          hash=0xc910121801f21b4dff0a4a3395d4944870115315d56f10b2290470be938a71d6 from=0xbf186BC9fa4975D227B3dC76067880ec67530CE9 to=0x0000000000000000000000000000000000000000
t=2023-06-02T16:09:00+0800 lvl=trce msg="Pooled new future transaction"          hash=0x42d1f547087de188f4e97ba5aad875133819bf709c185854cb7dfe2faebc2a18 from=0x7628e7c918DAaf4dfbF615023fDBcF72b8479bCe to=0x0000000000000000000000000000000000000000
t=2023-06-02T16:09:00+0800 lvl=trce msg="Pooled new future transaction"          hash=0xf4dfc34d68950884087c848a73e680b13e031f0d21ae14a6ffc0b9eec677b00d from=0x44a6Ae12C4A0457140A041408a8EcE9ed9f24602 to=0x0000000000000000000000000000000000000000
t=2023-06-02T16:09:00+0800 lvl=trce msg="Pooled new future transaction"          hash=0xbf4491c25276177ed5e901549c4381d44fa4436936292fbf2030e45017c0cc9b from=0x116119582f7387fA28Fc7D6f6de515384F543035 to=0x0000000000000000000000000000000000000000
t=2023-06-02T16:09:00+0800 lvl=trce msg="Pooled new future transaction"          hash=0x91e0ed46890777350bf7a811e6c4deb9451afd3b8c82cca68b794c4d88dfcd3a from=0xBEc7e084Bfa8250123FbFc47b1f0587d67E3dad0 to=0x0000000000000000000000000000000000000000
t=2023-06-02T16:09:00+0800 lvl=trce msg="Pooled new future transaction"          hash=0xbc612740c03b6fc296cc92a818f9b6c0b5f80f644790bd846ddff89d50ad97b2 from=0xBEc7e084Bfa8250123FbFc47b1f0587d67E3dad0 to=0x0000000000000000000000000000000000000000
t=2023-06-02T16:09:00+0800 lvl=trce msg="Discarding freshly underpriced transaction" hash=0x2052d07e0a839cf3b5afc5832c64674d376165f2ea8e097a8c32f64bf61e225f gasTipCap=1  gasFeeCap=613
t=2023-06-02T16:09:00+0800 lvl=trce msg="Pooled new future transaction"          hash=0x9ccd0801a9c6799ebc1dd261f1a053fa01ca28fa596ed839e21d1123b5761d97 from=0x44a6Ae12C4A0457140A041408a8EcE9ed9f24602 to=0x0000000000000000000000000000000000000000
t=2023-06-02T16:09:00+0800 lvl=trce msg="Pooled new future transaction"          hash=0x1593094b75247c6880dc448db5239c5e132f2fff7fe7ad1b748fb4ccab0be44a from=0xbf186BC9fa4975D227B3dC76067880ec67530CE9 to=0x0000000000000000000000000000000000000000
t=2023-06-02T16:09:00+0800 lvl=trce msg="Pooled new future transaction"          hash=0x5bf407fcc89bf897597040ed740b96588da1058d680f82c6128f357758091d75 from=0xbf186BC9fa4975D227B3dC76067880ec67530CE9 to=0x0000000000000000000000000000000000000000
t=2023-06-02T16:09:00+0800 lvl=trce msg="Pooled new future transaction"          hash=0x5c5b5c1c5b3bc1bb1db543c63abe28030a8a91eb8a004bf3a70ce6f45a64c9d4 from=0xBEc7e084Bfa8250123FbFc47b1f0587d67E3dad0 to=0x0000000000000000000000000000000000000000
t=2023-06-02T16:09:00+0800 lvl=trce msg="Pooled new future transaction"          hash=0xbf216707741e53ba52ee14e4bd1d4b2feca62d8729458fa2e1d94064073e173a from=0xbf186BC9fa4975D227B3dC76067880ec67530CE9 to=0x0000000000000000000000000000000000000000
t=2023-06-02T16:09:00+0800 lvl=trce msg="Pooled new future transaction"          hash=0xf0c514fc6ada1273ebfce9234b4888a603b603e2f8e480b09a648d66f17cf13e from=0x9BF12759c287b70FeE459c3F50e0b44808E87a35 to=0x0000000000000000000000000000000000000000
t=2023-06-02T16:09:00+0800 lvl=trce msg="Pooled new future transaction"          hash=0xeb23dd651ec5e102579f358bb265dd325a59b965e574baf664adc6f1836e4621 from=0x50D0b6Fb1C5EA22b2E581a6357ca4549E221557a to=0x0000000000000000000000000000000000000000
t=2023-06-02T16:09:00+0800 lvl=trce msg="Pooled new future transaction"          hash=0xa7ad9940f8f55766d777483e7db66d6a1e7ecf030245d2de58699866c1a5e7e8 from=0x50D0b6Fb1C5EA22b2E581a6357ca4549E221557a to=0x0000000000000000000000000000000000000000
t=2023-06-02T16:09:00+0800 lvl=trce msg="Pooled new future transaction"          hash=0x50d89ab899f230f497eed10630696987f053baa4ecacd922745ceb6fce988731 from=0xFa3BDC8D5458a2cFE93614054908869c0742Fdf3 to=0x0000000000000000000000000000000000000000
t=2023-06-02T16:09:00+0800 lvl=trce msg="Pooled new future transaction"          hash=0x6fe64447a7c7832c16a62fa6f1def8309c8394d7f82aaa712c47c4d36985985e from=0x50D0b6Fb1C5EA22b2E581a6357ca4549E221557a to=0x0000000000000000000000000000000000000000
t=2023-06-02T16:09:00+0800 lvl=trce msg="Pooled new future transaction"          hash=0x8bfe61a3593a4e73ba966ea986c66136f5d4365a74c3ce1ff1d81597492cc7b9 from=0xE6EC84a838D94b1ebDAfF1D9B6D9E818F193FA04 to=0x0000000000000000000000000000000000000000
t=2023-06-02T16:09:00+0800 lvl=trce msg="Removed old queued transactions"        count=0
t=2023-06-02T16:09:00+0800 lvl=trce msg="Removed unpayable queued transactions"  count=0
t=2023-06-02T16:09:00+0800 lvl=trce msg="Promoted queued transactions"           count=1
t=2023-06-02T16:09:00+0800 lvl=trce msg="Removed old queued transactions"        count=0
t=2023-06-02T16:09:00+0800 lvl=trce msg="Removed unpayable queued transactions"  count=0
t=2023-06-02T16:09:00+0800 lvl=trce msg="Promoted queued transactions"           count=1
t=2023-06-02T16:09:00+0800 lvl=trce msg="Pooled new future transaction"          hash=0x00beaf6a61c29a2839929e6466e01774847e2e33a87a134f36e65cd67c0663d2 from=0xbf186BC9fa4975D227B3dC76067880ec67530CE9 to=0x0000000000000000000000000000000000000000
t=2023-06-02T16:09:00+0800 lvl=trce msg="Pooled new future transaction"          hash=0x0459519d0c8470405c6b1184c21ecbeb9168a847f34f719f265c6243385bb753 from=0x9BF12759c287b70FeE459c3F50e0b44808E87a35 to=0x0000000000000000000000000000000000000000
t=2023-06-02T16:09:00+0800 lvl=trce msg="Pooled new future transaction"          hash=0xe11f87fe8f3930818662ece25c3626ed3251ccf317851c80b2f383c041f34d56 from=0x44a6Ae12C4A0457140A041408a8EcE9ed9f24602 to=0x0000000000000000000000000000000000000000
t=2023-06-02T16:09:00+0800 lvl=trce msg="Pooled new future transaction"          hash=0x24ad71a61b26961c552e79ef0446aa32ccb4c8db1869cd2733af5a0d58261cb4 from=0xBEc7e084Bfa8250123FbFc47b1f0587d67E3dad0 to=0x0000000000000000000000000000000000000000
t=2023-06-02T16:09:00+0800 lvl=trce msg="Pooled new future transaction"          hash=0x3da426111c9ed96a58df112b1191e5e62f372b222f97d81e323b80356e2f51ec from=0x44a6Ae12C4A0457140A041408a8EcE9ed9f24602 to=0x0000000000000000000000000000000000000000
t=2023-06-02T16:09:00+0800 lvl=trce msg="Pooled new future transaction"          hash=0x98abf157d205fd21de14735fbed076cd570eaa16c6b479b9de34e83c9536cb3b from=0xbf186BC9fa4975D227B3dC76067880ec67530CE9 to=0x0000000000000000000000000000000000000000
t=2023-06-02T16:09:00+0800 lvl=trce msg="Pooled new future transaction"          hash=0x3f542a1f9f528c9cb5037dc710d77a0e7378991d0b6b14a824980419e3032779 from=0x7628e7c918DAaf4dfbF615023fDBcF72b8479bCe to=0x0000000000000000000000000000000000000000
t=2023-06-02T16:09:00+0800 lvl=trce msg="Removed old queued transactions"        count=0
t=2023-06-02T16:09:00+0800 lvl=trce msg="Removed unpayable queued transactions"  count=0
t=2023-06-02T16:09:00+0800 lvl=trce msg="Promoted queued transactions"           count=0
t=2023-06-02T16:09:00+0800 lvl=trce msg="Pooled new future transaction"          hash=0x71dff15586201f06b06191883152203a8125053dde07c76c0b54002901e5de53 from=0x50D0b6Fb1C5EA22b2E581a6357ca4549E221557a to=0x0000000000000000000000000000000000000000
t=2023-06-02T16:09:00+0800 lvl=trce msg="Pooled new future transaction"          hash=0xa0fb53f87ec6cfcaf69ffd23a16f82840e12c3308e4080d922a8fa3928f4f02b from=0xFa3BDC8D5458a2cFE93614054908869c0742Fdf3 to=0x0000000000000000000000000000000000000000
t=2023-06-02T16:09:00+0800 lvl=trce msg="Pooled new future transaction"          hash=0xe9e6625d0d564633694faa1a5fd54bc28dc0aa9c37eed6a31ab409036fd0dac8 from=0x116119582f7387fA28Fc7D6f6de515384F543035 to=0x0000000000000000000000000000000000000000
t=2023-06-02T16:09:00+0800 lvl=trce msg="Pooled new future transaction"          hash=0x772b7f0f96a35675180979e4ee0b8b2304db4547f6f0787a8a27d3e0c9b70e78 from=0x9BF12759c287b70FeE459c3F50e0b44808E87a35 to=0x0000000000000000000000000000000000000000
t=2023-06-02T16:09:00+0800 lvl=trce msg="Pooled new future transaction"          hash=0x39f7cf360ba00c193a80cc3a4e1141b54ed5814dfb57b54059ab1fd51d6e6ee9 from=0x44a6Ae12C4A0457140A041408a8EcE9ed9f24602 to=0x0000000000000000000000000000000000000000
t=2023-06-02T16:09:00+0800 lvl=trce msg="Pooled new future transaction"          hash=0x83b1e667462f5b1cb06e3c64754cfdb12e9460608bac33cd82581710f0cb0721 from=0x66e0851F1a162869024b4C9f6b1C4Fc5cb4832F1 to=0x0000000000000000000000000000000000000000
t=2023-06-02T16:09:00+0800 lvl=trce msg="Removed old queued transactions"        count=0
t=2023-06-02T16:09:00+0800 lvl=trce msg="Pooled new future transaction"          hash=0xd7f8b9f046866d603caf00a071b40029a6989e4f5b875dd2e140545fb2ef77d6 from=0x44a6Ae12C4A0457140A041408a8EcE9ed9f24602 to=0x0000000000000000000000000000000000000000
t=2023-06-02T16:09:00+0800 lvl=trce msg="Pooled new future transaction"          hash=0x8f16afb818c8512d022840530e9e090c2062100d7292470b0797aa0a2133d98e from=0xBEc7e084Bfa8250123FbFc47b1f0587d67E3dad0 to=0x0000000000000000000000000000000000000000
t=2023-06-02T16:09:00+0800 lvl=trce msg="Pooled new future transaction"          hash=0xfe8206b9f3f75b328bbd41afac869d164b050ae0822b702d1ac0ef09b2fe0df8 from=0x9BF12759c287b70FeE459c3F50e0b44808E87a35 to=0x0000000000000000000000000000000000000000
t=2023-06-02T16:09:00+0800 lvl=trce msg="Pooled new future transaction"          hash=0x34397a41203c83e8631a9ee03a710fbf8e7bb4868a459d0006b12e2012254f4b from=0xBEc7e084Bfa8250123FbFc47b1f0587d67E3dad0 to=0x0000000000000000000000000000000000000000
t=2023-06-02T16:09:00+0800 lvl=trce msg="Pooled new future transaction"          hash=0x8f729ec8db2083471f3e95ec7a299025fc0b5f18dfe52f9a61a8a80c890d4097 from=0x9BF12759c287b70FeE459c3F50e0b44808E87a35 to=0x0000000000000000000000000000000000000000
t=2023-06-02T16:09:00+0800 lvl=trce msg="Pooled new future transaction"          hash=0x8220178108dfbfae0d50fe369af65b6d3623e6e0ad99b129bf75fffab85bbb7e from=0xBEc7e084Bfa8250123FbFc47b1f0587d67E3dad0 to=0x0000000000000000000000000000000000000000
t=2023-06-02T16:09:00+0800 lvl=trce msg="Pooled new future transaction"          hash=0xddff7fc0ce0c1765e96457d9e5176d6191b5cce9b411c4b570aef00ac45bd93c from=0xbf186BC9fa4975D227B3dC76067880ec67530CE9 to=0x0000000000000000000000000000000000000000
t=2023-06-02T16:09:00+0800 lvl=trce msg="Pooled new future transaction"          hash=0x39029d65e9ec5c79a99bccc766ce807f932d04ba3f270ea27809cf8e6faa5934 from=0x116119582f7387fA28Fc7D6f6de515384F543035 to=0x0000000000000000000000000000000000000000
t=2023-06-02T16:09:00+0800 lvl=trce msg="Pooled new future transaction"          hash=0xcbfdda3ee682ef07048bec650cd149d805601209c39ddd008a858c1afa4571c5 from=0xBEc7e084Bfa8250123FbFc47b1f0587d67E3dad0 to=0x0000000000000000000000000000000000000000
t=2023-06-02T16:09:00+0800 lvl=trce msg="Pooled new future transaction"          hash=0xb26ff1f62d25d355a696f5fd8e90c38e936fd27ede9c82a361626554c3a4a7b6 from=0xFa3BDC8D5458a2cFE93614054908869c0742Fdf3 to=0x0000000000000000000000000000000000000000
t=2023-06-02T16:09:00+0800 lvl=trce msg="Pooled new future transaction"          hash=0xed5054f9215d60000bac6d663c002a880f550a854add6ab30f55918d97b5b357 from=0x50D0b6Fb1C5EA22b2E581a6357ca4549E221557a to=0x0000000000000000000000000000000000000000
t=2023-06-02T16:09:00+0800 lvl=trce msg="Pooled new future transaction"          hash=0x9b488d6e55066e0e3aef5f2b2a9b7f60b03baeb94db121e1278091665cf2c9c2 from=0x3c286197C62C1A98d355AbEDd2c3915ECeBB8E5B to=0x0000000000000000000000000000000000000000
t=2023-06-02T16:09:00+0800 lvl=trce msg="Pooled new future transaction"          hash=0xf06f38f5488894eb8296b7bf69bea29ae4f6597b9e45023efdd6a267085dea4f from=0x3c286197C62C1A98d355AbEDd2c3915ECeBB8E5B to=0x0000000000000000000000000000000000000000
t=2023-06-02T16:09:00+0800 lvl=trce msg="Pooled new future transaction"          hash=0xdb6bb7536f20b3258d363f39d5c7387af7e9d366cc98d16a6328deab8a548641 from=0x44a6Ae12C4A0457140A041408a8EcE9ed9f24602 to=0x0000000000000000000000000000000000000000
t=2023-06-02T16:09:00+0800 lvl=trce msg="Pooled new future transaction"          hash=0x02a227cabd0dae4cf88a86878fdf59375df61998a4c7e0bbe2212652ab742f27 from=0x3c286197C62C1A98d355AbEDd2c3915ECeBB8E5B to=0x0000000000000000000000000000000000000000
t=2023-06-02T16:09:00+0800 lvl=trce msg="Pooled new future transaction"          hash=0x620f6737f34447097fe8f46d67d2e0ee69aaf6c43c9f7d0e04242b002b247677 from=0x116119582f7387fA28Fc7D6f6de515384F543035 to=0x0000000000000000000000000000000000000000
t=2023-06-02T16:09:00+0800 lvl=trce msg="Pooled new future transaction"          hash=0xc185552b937ccde80e99711bc6c4aaebc16285c4c18d974278cf932535af0134 from=0xFa3BDC8D5458a2cFE93614054908869c0742Fdf3 to=0x0000000000000000000000000000000000000000
t=2023-06-02T16:09:00+0800 lvl=trce msg="Pooled new future transaction"          hash=0x1a82be3db837631c8d34637892c4f991412e2184c3674ceb0868290f62256065 from=0x116119582f7387fA28Fc7D6f6de515384F543035 to=0x0000000000000000000000000000000000000000
t=2023-06-02T16:09:00+0800 lvl=trce msg="Pooled new future transaction"          hash=0xc397ef85b9c04ab8e62e8e631f816273a15a53fd0824b717b9afed9fc94e2d21 from=0xFa3BDC8D5458a2cFE93614054908869c0742Fdf3 to=0x0000000000000000000000000000000000000000
t=2023-06-02T16:09:00+0800 lvl=trce msg="Pooled new future transaction"          hash=0xce88197ac53f9613d3a4f27f68a5e67d11724f0e0d3d84a9b201698e2fa16006 from=0xFa3BDC8D5458a2cFE93614054908869c0742Fdf3 to=0x0000000000000000000000000000000000000000
t=2023-06-02T16:09:00+0800 lvl=trce msg="Pooled new future transaction"          hash=0xf1a822c82b8453692d6181a330e29dd60a7de5c693d90e1e3ae6de61bba96553 from=0x44a6Ae12C4A0457140A041408a8EcE9ed9f24602 to=0x0000000000000000000000000000000000000000
t=2023-06-02T16:09:00+0800 lvl=trce msg="Pooled new future transaction"          hash=0xb4a6c32067dfa678f789f337102a3e2ff97c70c5de53f6f0f11618b54a0fe892 from=0x50D0b6Fb1C5EA22b2E581a6357ca4549E221557a to=0x0000000000000000000000000000000000000000
t=2023-06-02T16:09:00+0800 lvl=trce msg="Pooled new future transaction"          hash=0x19b3cb781d73446f5cc51def1392c5f5e90c12a9f94424da450fae18bb688823 from=0x50D0b6Fb1C5EA22b2E581a6357ca4549E221557a to=0x0000000000000000000000000000000000000000
t=2023-06-02T16:09:00+0800 lvl=trce msg="Removed old queued transactions"        count=0
t=2023-06-02T16:09:00+0800 lvl=trce msg="Removed unpayable queued transactions"  count=0
t=2023-06-02T16:09:00+0800 lvl=trce msg="Promoted queued transactions"           count=0
t=2023-06-02T16:09:00+0800 lvl=trce msg="Removed cap-exceeding queued transaction" hash=0x19b3cb781d73446f5cc51def1392c5f5e90c12a9f94424da450fae18bb688823
t=2023-06-02T16:09:00+0800 lvl=trce msg="Removed cap-exceeding queued transaction" hash=0xb4a6c32067dfa678f789f337102a3e2ff97c70c5de53f6f0f11618b54a0fe892
t=2023-06-02T16:09:00+0800 lvl=trce msg="Pooled new future transaction"          hash=0x3cb2eea0ff37b7397efb2007ec33c8256529f395609a0705986f886245fe0905 from=0x9BF12759c287b70FeE459c3F50e0b44808E87a35 to=0x0000000000000000000000000000000000000000
t=2023-06-02T16:09:00+0800 lvl=trce msg="Pooled new future transaction"          hash=0xb1ba6bacdcb0dad59933f75784347a6377b2593636ba5952243ad90a5b56ffbe from=0x44a6Ae12C4A0457140A041408a8EcE9ed9f24602 to=0x0000000000000000000000000000000000000000
t=2023-06-02T16:09:00+0800 lvl=trce msg="Pooled new future transaction"          hash=0x6834cb5c87d772c6e6ab53e925f84db534026024ca062e0f1ac928aff4e0ab10 from=0x9BF12759c287b70FeE459c3F50e0b44808E87a35 to=0x0000000000000000000000000000000000000000
t=2023-06-02T16:09:00+0800 lvl=trce msg="Pooled new future transaction"          hash=0x574f03a85c5ca05e61686202392047645885838472e0687b5a858c8965ea7a31 from=0x44a6Ae12C4A0457140A041408a8EcE9ed9f24602 to=0x0000000000000000000000000000000000000000
t=2023-06-02T16:09:00+0800 lvl=trce msg="Pooled new future transaction"          hash=0x8bbff98490c0aac4dc83896b3c10c204d416afa6d1a949181648a5770a2cb4e5 from=0x9BF12759c287b70FeE459c3F50e0b44808E87a35 to=0x0000000000000000000000000000000000000000
t=2023-06-02T16:09:00+0800 lvl=trce msg="Pooled new future transaction"          hash=0xdadc2dc7d2776e5fe646a13a9e1ae3bfb665384c73b70c145ff4c7b8c5973abc from=0x44a6Ae12C4A0457140A041408a8EcE9ed9f24602 to=0x0000000000000000000000000000000000000000
t=2023-06-02T16:09:00+0800 lvl=trce msg="Pooled new future transaction"          hash=0x3a27beadec2df3aefb120f43143b851eef661ff74667a85bab9948142af50cf5 from=0x9BF12759c287b70FeE459c3F50e0b44808E87a35 to=0x0000000000000000000000000000000000000000
t=2023-06-02T16:09:00+0800 lvl=trce msg="Pooled new future transaction"          hash=0xff25192569e61f13b353780d09ec1c3597996e0aea5a796f23b108c27e34fe5f from=0x44a6Ae12C4A0457140A041408a8EcE9ed9f24602 to=0x0000000000000000000000000000000000000000
t=2023-06-02T16:09:00+0800 lvl=trce msg="Pooled new future transaction"          hash=0xe1978078ff2502caeb69fa63056b43a960cc1225cb8e91f872288708e7444d1d from=0x9BF12759c287b70FeE459c3F50e0b44808E87a35 to=0x0000000000000000000000000000000000000000
t=2023-06-02T16:09:00+0800 lvl=trce msg="Removed unpayable queued transactions"  count=0
t=2023-06-02T16:09:00+0800 lvl=trce msg="Pooled new future transaction"          hash=0x815b77334708ee3c34b8bf13e89e4e5c84f5095dbf19c8f615efd2113e4ccaec from=0xBEc7e084Bfa8250123FbFc47b1f0587d67E3dad0 to=0x0000000000000000000000000000000000000000
t=2023-06-02T16:09:00+0800 lvl=trce msg="Promoted queued transactions"           count=1
t=2023-06-02T16:09:00+0800 lvl=trce msg="Pooled new future transaction"          hash=0xd256078615c7ad0ab73964938d5d841b4534418ae6e6699ce08ae43b3ced7eb4 from=0xBEc7e084Bfa8250123FbFc47b1f0587d67E3dad0 to=0x0000000000000000000000000000000000000000
t=2023-06-02T16:09:00+0800 lvl=trce msg="Discarding freshly underpriced transaction" hash=0x525adfdae8426f4251e7c7b5793b34898142437835be1379db17536d0d34be0e gasTipCap=1  gasFeeCap=614
t=2023-06-02T16:09:00+0800 lvl=trce msg="Pooled new future transaction"          hash=0xf860f5d34397ace8e72c7476f0fb8cb4e3d49b8938c5c9b1e5a54dcf5ebf9f19 from=0xbf186BC9fa4975D227B3dC76067880ec67530CE9 to=0x0000000000000000000000000000000000000000
t=2023-06-02T16:09:00+0800 lvl=trce msg="Pooled new future transaction"          hash=0x8d4de066c5e506d3aaeba49331d8f4ab05364a57b577f6c3a66b651a3b4e25ac from=0xbf186BC9fa4975D227B3dC76067880ec67530CE9 to=0x0000000000000000000000000000000000000000
t=2023-06-02T16:09:00+0800 lvl=trce msg="Pooled new future transaction"          hash=0xba832eaeafb03a9cb448addaddc58bc3981c47baaf4ebade8604b572303ed2f6 from=0x3aC180d0BD83e97d686919958cecD94b2c008CeB to=0x0000000000000000000000000000000000000000
t=2023-06-02T16:09:00+0800 lvl=trce msg="Removed old queued transactions"        count=0
t=2023-06-02T16:09:00+0800 lvl=trce msg="Removed unpayable queued transactions"  count=0
t=2023-06-02T16:09:00+0800 lvl=trce msg="Promoted queued transactions"           count=1
t=2023-06-02T16:09:00+0800 lvl=trce msg="Removed cap-exceeding queued transaction" hash=0xed5054f9215d60000bac6d663c002a880f550a854add6ab30f55918d97b5b357
t=2023-06-02T16:09:00+0800 lvl=trce msg="Removed cap-exceeding queued transaction" hash=0x71dff15586201f06b06191883152203a8125053dde07c76c0b54002901e5de53
t=2023-06-02T16:09:00+0800 lvl=trce msg="Removed cap-exceeding queued transaction" hash=0x6fe64447a7c7832c16a62fa6f1def8309c8394d7f82aaa712c47c4d36985985e
t=2023-06-02T16:09:00+0800 lvl=trce msg="Removed cap-exceeding queued transaction" hash=0xa7ad9940f8f55766d777483e7db66d6a1e7ecf030245d2de58699866c1a5e7e8
t=2023-06-02T16:09:00+0800 lvl=trce msg="Removed cap-exceeding queued transaction" hash=0xeb23dd651ec5e102579f358bb265dd325a59b965e574baf664adc6f1836e4621
t=2023-06-02T16:09:00+0800 lvl=trce msg="Removed cap-exceeding queued transaction" hash=0x3dfa246b44bbbd5049345be79eecdd51aae92430d763b8e863aef50cd3ff87e5
t=2023-06-02T16:09:00+0800 lvl=trce msg="Removed cap-exceeding queued transaction" hash=0x9df670e52f94fa4d7cada3eb74e77f95ae8628bcb331cc01c38c985f5a60f092
t=2023-06-02T16:09:00+0800 lvl=trce msg="Removed cap-exceeding queued transaction" hash=0x2f03a3669111192771411611320b69bf7b8a34bc4f34c4d998f19a0f702f93bc
t=2023-06-02T16:09:00+0800 lvl=trce msg="Removed cap-exceeding queued transaction" hash=0xf0f88eb67b2fc05bdde1986dac2ad29b8f437cf5cea8ea7ef3881cbce93bfd47
t=2023-06-02T16:09:00+0800 lvl=trce msg="Removed cap-exceeding queued transaction" hash=0x68e24de30d46b9ab7b450cad1716fb7fdc1eb93170502a55e2a2ed04635a08b9
t=2023-06-02T16:09:00+0800 lvl=trce msg="Removed cap-exceeding queued transaction" hash=0xe793fb18680ee5a8a8dada0991e55d3b86e10d5caadecbf471cd70169090855b
t=2023-06-02T16:09:00+0800 lvl=trce msg="Removed cap-exceeding queued transaction" hash=0x4d04c8e6e65ad5c37f5887defaf5f96ade7b04cf3e70ca4304bd934e324e8445
t=2023-06-02T16:09:00+0800 lvl=trce msg="Pooled new future transaction"          hash=0x86782b781d2d7356e5f815bd1ca423d4d2c6fea7654ef7f641355b8c26cb6bcb from=0x9BF12759c287b70FeE459c3F50e0b44808E87a35 to=0x0000000000000000000000000000000000000000
t=2023-06-02T16:09:00+0800 lvl=trce msg="Pooled new future transaction"          hash=0xd456c1a4d8dae4b00a829ee05aef89abe10d131be22167b742d7180194ff6651 from=0x9BF12759c287b70FeE459c3F50e0b44808E87a35 to=0x0000000000000000000000000000000000000000
t=2023-06-02T16:09:00+0800 lvl=trce msg="Pooled new future transaction"          hash=0x521cab7961ed4c6eab91890ca5ca5a3890b61b25285cf0971595ceea4a639f66 from=0x9BF12759c287b70FeE459c3F50e0b44808E87a35 to=0x0000000000000000000000000000000000000000
t=2023-06-02T16:09:00+0800 lvl=trce msg="Pooled new future transaction"          hash=0xa053dd355e7a73243e687c3caf7c316471dd5cf0ba6d2fdd3f171078e1036266 from=0xbf186BC9fa4975D227B3dC76067880ec67530CE9 to=0x0000000000000000000000000000000000000000
t=2023-06-02T16:09:00+0800 lvl=trce msg="Pooled new future transaction"          hash=0x22b7bed86b5d310af16f6e3c79110029b3d52226fcdca7b472155bbef1d21c34 from=0xBEc7e084Bfa8250123FbFc47b1f0587d67E3dad0 to=0x0000000000000000000000000000000000000000
t=2023-06-02T16:09:00+0800 lvl=trce msg="Pooled new future transaction"          hash=0x619fc4fb3c82eee59ef89702798f3eb74146aca7e428241de2a205137c464465 from=0xBEc7e084Bfa8250123FbFc47b1f0587d67E3dad0 to=0x0000000000000000000000000000000000000000
t=2023-06-02T16:09:00+0800 lvl=trce msg="Pooled new future transaction"          hash=0x8dfb55245f659fa9586139ad9ef7dea499cf24015490bb8f18cc35740bf98cbe from=0xbf186BC9fa4975D227B3dC76067880ec67530CE9 to=0x0000000000000000000000000000000000000000
t=2023-06-02T16:09:00+0800 lvl=trce msg="Discarding freshly underpriced transaction" hash=0xaafa5cbe4083bf932b446e7be182a5e0312f21163a9318559526fa48f4ad913c gasTipCap=1  gasFeeCap=615
t=2023-06-02T16:09:00+0800 lvl=trce msg="Pooled new future transaction"          hash=0x0c8b67499ec6b6378cefbdc3f85a86213eb19b3d0a3b1d064d3b8e034bba2efd from=0xDc97A7e6Ade34Db22F3D4c96f6371f9668d29133 to=0x0000000000000000000000000000000000000000
t=2023-06-02T16:09:00+0800 lvl=trce msg="Removed old queued transactions"        count=0
t=2023-06-02T16:09:00+0800 lvl=trce msg="Removed unpayable queued transactions"  count=0
t=2023-06-02T16:09:00+0800 lvl=trce msg="Promoted queued transactions"           count=1
t=2023-06-02T16:09:00+0800 lvl=trce msg="Removed cap-exceeding queued transaction" hash=0x4d5bb238a595923ab33096a9ddf625a2db0aa4439659ef018e903a0d86498f75
t=2023-06-02T16:09:00+0800 lvl=trce msg="Removed cap-exceeding queued transaction" hash=0x222edc26f534fb4a74c914da66f26fb94143ccf9275679b88be12e96b5d427f5
t=2023-06-02T16:09:00+0800 lvl=trce msg="Removed cap-exceeding queued transaction" hash=0x0e39074826dae8d98bf2ce71f90834cc5e61816b4508eb5dcd06f47cfa7f7cef
t=2023-06-02T16:09:00+0800 lvl=trce msg="Removed cap-exceeding queued transaction" hash=0xe6aadc12c7548a43675bb00d2e57d95c26dac11ae88a44dce958ae8b86734cf7
t=2023-06-02T16:09:00+0800 lvl=trce msg="Removed cap-exceeding queued transaction" hash=0x21f897af6ed4a8336797b8bd43c81c978685447634a3b71f18cfe46e39480fbb
t=2023-06-02T16:09:00+0800 lvl=trce msg="Removed cap-exceeding queued transaction" hash=0x5137442a71d3cd9179ec4bcd3f6e13d7106824f80919ed9e4a7f41cdd3863773
t=2023-06-02T16:09:00+0800 lvl=trce msg="Removed cap-exceeding queued transaction" hash=0x0940cba49ffac1b7bcc532c76b27c6649e9ee6ad43529ebe0478c2e581383617
t=2023-06-02T16:09:00+0800 lvl=trce msg="Removed cap-exceeding queued transaction" hash=0xab0058107d2426dd5f0c352cfec64858e403bf852ceecc35b45c32b5ec749b64
t=2023-06-02T16:09:00+0800 lvl=trce msg="Pooled new future transaction"          hash=0x32f475927d1c76342e296612e93cfda8de10f5893e5b879b7eee54248def536b from=0xbf186BC9fa4975D227B3dC76067880ec67530CE9 to=0x0000000000000000000000000000000000000000
t=2023-06-02T16:09:00+0800 lvl=trce msg="Pooled new future transaction"          hash=0x04e256200dc73c8d9e57b0121e5ad68674f9b30b0b97d96488b670d7b9a0ff10 from=0xbf186BC9fa4975D227B3dC76067880ec67530CE9 to=0x0000000000000000000000000000000000000000
t=2023-06-02T16:09:00+0800 lvl=trce msg="Pooled new future transaction"          hash=0x677680e141362f324d327543383210cc3a97be74cf26735df03f98b3d48e34e4 from=0x9BF12759c287b70FeE459c3F50e0b44808E87a35 to=0x0000000000000000000000000000000000000000
t=2023-06-02T16:09:00+0800 lvl=trce msg="Pooled new future transaction"          hash=0x872d6310ca50ee0da86cdd9d58c37afbddd3ee098e6257d20bef15f235d87d90 from=0x44a6Ae12C4A0457140A041408a8EcE9ed9f24602 to=0x0000000000000000000000000000000000000000
t=2023-06-02T16:09:00+0800 lvl=trce msg="Pooled new future transaction"          hash=0x76bf33aeedd13f65b0772db5163eec28b75ed2cbf7c3a67ec28d46bf174e5815 from=0x44a6Ae12C4A0457140A041408a8EcE9ed9f24602 to=0x0000000000000000000000000000000000000000
t=2023-06-02T16:09:00+0800 lvl=trce msg="Discarding freshly underpriced transaction" hash=0x1fecd066a99b3c4dda14d4afa464e21c5d61d556d4b886dd34782c7ed82a501a gasTipCap=5  gasFeeCap=405
t=2023-06-02T16:09:00+0800 lvl=trce msg="Pooled new future transaction"          hash=0xea3686ccdecd8245d3e95f7e901b32b63bde559266207c352034826263aa5e4b from=0xEbB94E819cbd64649DA8b4F1468b5cDD85072Cf5 to=0x0000000000000000000000000000000000000000
t=2023-06-02T16:09:00+0800 lvl=trce msg="Removed old queued transactions"        count=0
t=2023-06-02T16:09:00+0800 lvl=trce msg="Removed unpayable queued transactions"  count=0
t=2023-06-02T16:09:00+0800 lvl=trce msg="Pooled new future transaction"          hash=0x55d82ddcac883c72f5ac376a17f4410c6f2c48a111506e61f9e26106bb3a9a20 from=0x66e0851F1a162869024b4C9f6b1C4Fc5cb4832F1 to=0x0000000000000000000000000000000000000000
t=2023-06-02T16:09:00+0800 lvl=trce msg="Removed old queued transactions"        count=0
t=2023-06-02T16:09:00+0800 lvl=trce msg="Removed unpayable queued transactions"  count=0
t=2023-06-02T16:09:00+0800 lvl=trce msg="Promoted queued transactions"           count=0
t=2023-06-02T16:09:00+0800 lvl=trce msg="Pooled new future transaction"          hash=0x32d86327ab646e4803fed6f06fb0360c7602543498a78935c85894a1762ab53d from=0x9BF12759c287b70FeE459c3F50e0b44808E87a35 to=0x0000000000000000000000000000000000000000
t=2023-06-02T16:09:00+0800 lvl=trce msg="Pooled new future transaction"          hash=0x972ba12e34e2d165a5f2e3759768d9688f8b34879011ae9e47ad634490ed1300 from=0xBEc7e084Bfa8250123FbFc47b1f0587d67E3dad0 to=0x0000000000000000000000000000000000000000
t=2023-06-02T16:09:00+0800 lvl=trce msg="Pooled new future transaction"          hash=0xa44fdde78e65c003621ccfdd4dcc55a8436c3435fe25059cd0f64962cf21c853 from=0xBEc7e084Bfa8250123FbFc47b1f0587d67E3dad0 to=0x0000000000000000000000000000000000000000
t=2023-06-02T16:09:00+0800 lvl=trce msg="Pooled new future transaction"          hash=0xa82ac9057685c648c9cdb7beb89c7695b215b98dec4c776f0fff6fdcd1a939db from=0x9BF12759c287b70FeE459c3F50e0b44808E87a35 to=0x0000000000000000000000000000000000000000
t=2023-06-02T16:09:00+0800 lvl=trce msg="Pooled new future transaction"          hash=0xc95de900d0127203a230b29c0ecddda077f4c708c90252c00de85b3d9c76e7c1 from=0xbf186BC9fa4975D227B3dC76067880ec67530CE9 to=0x0000000000000000000000000000000000000000
t=2023-06-02T16:09:00+0800 lvl=trce msg="Pooled new future transaction"          hash=0x1da8aeff9c69b35bf82526fb21d11963def31442c964d2855490aef99bc03bcc from=0x9BF12759c287b70FeE459c3F50e0b44808E87a35 to=0x0000000000000000000000000000000000000000
t=2023-06-02T16:09:00+0800 lvl=trce msg="Pooled new future transaction"          hash=0xb67bbb5b55d89eaa05425854b2a69ee5018936494c8baedd455477c85b55e4de from=0xbf186BC9fa4975D227B3dC76067880ec67530CE9 to=0x0000000000000000000000000000000000000000
t=2023-06-02T16:09:00+0800 lvl=trce msg="Pooled new future transaction"          hash=0x6ccfa8ab9fb147e65081c3faba37d0039718704970dba2daef4fe8dd0fa77c5c from=0x9BF12759c287b70FeE459c3F50e0b44808E87a35 to=0x0000000000000000000000000000000000000000
t=2023-06-02T16:09:00+0800 lvl=trce msg="Pooled new future transaction"          hash=0xfee187e5fdc09ed53a58c527c253cf482211302c5e45110d9d2862bd619f0b80 from=0x9BF12759c287b70FeE459c3F50e0b44808E87a35 to=0x0000000000000000000000000000000000000000
t=2023-06-02T16:09:00+0800 lvl=trce msg="Pooled new future transaction"          hash=0x3d8f5bc25b5ec1e23111c51f514899e1d0b3ce0e8883774b54dbcc430ce65682 from=0xBEc7e084Bfa8250123FbFc47b1f0587d67E3dad0 to=0x0000000000000000000000000000000000000000
t=2023-06-02T16:09:00+0800 lvl=trce msg="Pooled new future transaction"          hash=0xcf4ccb629fed94a0d6778c4042069e16c1334336363e28606b02ecbbd05358a7 from=0x7628e7c918DAaf4dfbF615023fDBcF72b8479bCe to=0x0000000000000000000000000000000000000000
t=2023-06-02T16:09:00+0800 lvl=trce msg="Removed old queued transactions"        count=0
t=2023-06-02T16:09:00+0800 lvl=trce msg="Removed unpayable queued transactions"  count=0
t=2023-06-02T16:09:00+0800 lvl=trce msg="Promoted queued transactions"           count=1
t=2023-06-02T16:09:00+0800 lvl=trce msg="Removed cap-exceeding queued transaction" hash=0x73fc8a391729b16cddd04227deb326a9754c5e1347dfcc717766d086b1d5acb1
t=2023-06-02T16:09:00+0800 lvl=trce msg="Removed cap-exceeding queued transaction" hash=0x944a5dfa2ff19b10fbedfe3e4802f93ac54cac3f31dc2451be20cfbf6f2ed3a9
t=2023-06-02T16:09:00+0800 lvl=trce msg="Removed cap-exceeding queued transaction" hash=0x0e1eeb05554142f43b52892fbd80ca5c34b89c35b7f1b13d358463c37e16a230
t=2023-06-02T16:09:00+0800 lvl=trce msg="Removed cap-exceeding queued transaction" hash=0x39ff2ea71d8305370babf46f985cf953e8de0760382e9408d022ec2801b61026
t=2023-06-02T16:09:00+0800 lvl=trce msg="Removed cap-exceeding queued transaction" hash=0xea3c279c32272851fe99a46a7d709f5ddf9bb20d1e98a272498d9f078181994c
t=2023-06-02T16:09:00+0800 lvl=trce msg="Removed cap-exceeding queued transaction" hash=0xa7ef4ff67dcd8dd87c4d3ea4a47ca6ec7614d7d98fd8d6138c4d55d3e7aab4e2
t=2023-06-02T16:09:00+0800 lvl=trce msg="Removed cap-exceeding queued transaction" hash=0x8dc4885bc6f8806a3aede7d259c715939e924ae68026b434415aed1ee85b317d
t=2023-06-02T16:09:00+0800 lvl=trce msg="Removed cap-exceeding queued transaction" hash=0xd97aecad3faf1a4a2a6546b32bc3f448823434322b98da0437f508b22abf7f1a
t=2023-06-02T16:09:00+0800 lvl=trce msg="Removed cap-exceeding queued transaction" hash=0x2db2adbc97eb91a8860239619e646d578cb5cea4c82c7902614efe769e5dcffd
t=2023-06-02T16:09:00+0800 lvl=trce msg="Removed cap-exceeding queued transaction" hash=0x58acfc6eb2697d8b89e26b6633bee585c41dd20e554791e6abff4b6111c4b110
t=2023-06-02T16:09:00+0800 lvl=trce msg="Removed cap-exceeding queued transaction" hash=0x3b7bfe4509dbcf5e9212389848bc00e846f06e1a1b1cb8d8764a80c4022cd9ef
t=2023-06-02T16:09:00+0800 lvl=trce msg="Promoted queued transactions"           count=1
t=2023-06-02T16:09:00+0800 lvl=trce msg="Removed cap-exceeding queued transaction" hash=0x3e65ee18941ef40eedef9bc7fc1ae81ad2db40241363d541084911577128f540
t=2023-06-02T16:09:00+0800 lvl=trce msg="Removed cap-exceeding queued transaction" hash=0x642123bd1cb76aa850ac74b35f869671530018c16962e58fccbf3ff895629542
t=2023-06-02T16:09:00+0800 lvl=trce msg="Pooled new future transaction"          hash=0x909db7f756e41689de37c7c47a8b464855a98fc39376ee270f847b1c89d63cdd from=0x7628e7c918DAaf4dfbF615023fDBcF72b8479bCe to=0x0000000000000000000000000000000000000000
t=2023-06-02T16:09:00+0800 lvl=trce msg="Removed old queued transactions"        count=0
t=2023-06-02T16:09:00+0800 lvl=trce msg="Removed unpayable queued transactions"  count=0
t=2023-06-02T16:09:00+0800 lvl=trce msg="Removed cap-exceeding queued transaction" hash=0x1756792cf925c7120b1493dbd803d66911bac6e5087c98eab6dc45d364faea03
t=2023-06-02T16:09:00+0800 lvl=trce msg="Removed cap-exceeding queued transaction" hash=0x7206378e5d2314e34ea2e964562b93ee86975862cff38c27ee2217b3fd3df3d4
t=2023-06-02T16:09:00+0800 lvl=trce msg="Removed cap-exceeding queued transaction" hash=0x4eeab10838eaa1180fa007002be229ca2e63883ea6f47af89aeca0b8b34abcfc
t=2023-06-02T16:09:00+0800 lvl=trce msg="Removed cap-exceeding queued transaction" hash=0x4d690e8ac1ad03ebf438f37a3d87671349579f45ba440e67627afe77c1f9b94a
t=2023-06-02T16:09:00+0800 lvl=trce msg="Removed cap-exceeding queued transaction" hash=0x251474f9a9a503acde62e94ba2db6a1f51efe9f2cd3e38bbbd07643805070dea
t=2023-06-02T16:09:00+0800 lvl=trce msg="Removed cap-exceeding queued transaction" hash=0xd47457ca358a37688c0c05e51ccbafcf10bec840d74124ed77730a4b78c84fa6
t=2023-06-02T16:09:00+0800 lvl=trce msg="Removed cap-exceeding queued transaction" hash=0x2a789a875dd1e6f2393a4e99e61d9bca6186910203751ec516ee7422d9b22880
t=2023-06-02T16:09:00+0800 lvl=trce msg="Removed cap-exceeding queued transaction" hash=0xbceb224a5cdf8021408e99a130c8963d0fa4612bcc9f384826abf8f7d35d0f10
t=2023-06-02T16:09:00+0800 lvl=trce msg="Removed cap-exceeding queued transaction" hash=0xdcc928b7a7377603cf8ff4807fdf0605b363f6ed4e6fe239a37075f759869faa
t=2023-06-02T16:09:00+0800 lvl=trce msg="Removed cap-exceeding queued transaction" hash=0x9776e21634678e3c80742ed5ae90fdc0cebba9a27eba328e29bc6b504030a502
t=2023-06-02T16:09:00+0800 lvl=trce msg="Removed cap-exceeding queued transaction" hash=0x8b739dbe0ed9aafa519b90244f9f0502d6fd8b0338139f00c171d7b5b59e1677
t=2023-06-02T16:09:00+0800 lvl=trce msg="Removed cap-exceeding queued transaction" hash=0x767597bb955daadc9af1359ab457e1f3dc3bf641acef9ad7fa60226d1a6cc1c7
t=2023-06-02T16:09:00+0800 lvl=trce msg="Discarding freshly underpriced transaction" hash=0xa50301fb384c8b8331d067e2b22c9af59e3d0f64cf3a2ff02a50d172f07bce73 gasTipCap=6  gasFeeCap=406
t=2023-06-02T16:09:00+0800 lvl=trce msg="Removed cap-exceeding queued transaction" hash=0x2df1d3ae35090ffe45df9261b866de6c04f2aafe8be32a0e55b64e1e51704f1e
t=2023-06-02T16:09:00+0800 lvl=trce msg="Removed cap-exceeding queued transaction" hash=0x78ab5205028d473b03e326215afb740142dfb124eb4ac45938872bfc28594e0d
t=2023-06-02T16:09:00+0800 lvl=trce msg="Pooled new future transaction"          hash=0xb56b300ca0259d3f0f6e1d8505b12b4981abfe5b98ac7d850a9a67ed4763b973 from=0xed6e3F5ec8411e61310674d0c14b7681dEBdC78C to=0x0000000000000000000000000000000000000000
t=2023-06-02T16:09:00+0800 lvl=trce msg="Removed old queued transactions"        count=0
t=2023-06-02T16:09:00+0800 lvl=trce msg="Removed unpayable queued transactions"  count=0
t=2023-06-02T16:09:00+0800 lvl=trce msg="Promoted queued transactions"           count=1
t=2023-06-02T16:09:00+0800 lvl=trce msg="Pooled new future transaction"          hash=0xd56721af6f0e7169e3fd20505c77a5d12079bc510145a77394e5589eae75c8bc from=0x9BF12759c287b70FeE459c3F50e0b44808E87a35 to=0x0000000000000000000000000000000000000000
t=2023-06-02T16:09:00+0800 lvl=trce msg="Pooled new future transaction"          hash=0xfe3f3378d0130ee7bd7fcb75eb5930ac61365af4a980e8cba2358de848054a8a from=0x9BF12759c287b70FeE459c3F50e0b44808E87a35 to=0x0000000000000000000000000000000000000000
t=2023-06-02T16:09:00+0800 lvl=trce msg="Pooled new future transaction"          hash=0xb1fd41ec0dce12b7f6651570b70f8521418cdb694a4d7176925145faa1a9929d from=0xbf186BC9fa4975D227B3dC76067880ec67530CE9 to=0x0000000000000000000000000000000000000000
t=2023-06-02T16:09:00+0800 lvl=trce msg="Removed cap-exceeding queued transaction" hash=0x43caa2a0cec6d5591c5704baa6d27e97f84af71bfb9984af538152e84b9e7150
t=2023-06-02T16:09:00+0800 lvl=trce msg="Removed cap-exceeding queued transaction" hash=0x8cf3634a57fc5d58e75eb6c6711a3cbb98a394ac950e15826130f09aa809c0da
t=2023-06-02T16:09:00+0800 lvl=trce msg="Pooled new future transaction"          hash=0xd6232e27253001ec722984741361e947c194af81cb2a417754003dedb12154d9 from=0x44a6Ae12C4A0457140A041408a8EcE9ed9f24602 to=0x0000000000000000000000000000000000000000
t=2023-06-02T16:09:00+0800 lvl=trce msg="Pooled new future transaction"          hash=0xdb41fd8455eb73b2425c052aa5ecb9fa476d4ba29bd86b4d8508728a158b1dfb from=0xBEc7e084Bfa8250123FbFc47b1f0587d67E3dad0 to=0x0000000000000000000000000000000000000000
t=2023-06-02T16:09:00+0800 lvl=trce msg="Pooled new future transaction"          hash=0x9fff5d39e6e3e72a255e1d700223179c055cbd4d72ea0db02c51b7442508434d from=0x9BF12759c287b70FeE459c3F50e0b44808E87a35 to=0x0000000000000000000000000000000000000000
t=2023-06-02T16:09:00+0800 lvl=trce msg="Discarding freshly underpriced transaction" hash=0xdd4b5127b9468484fdabd922b1e4c99fa2ef62df4d840069054de64e77676931 gasTipCap=7  gasFeeCap=407
t=2023-06-02T16:09:00+0800 lvl=trce msg="Pooled new future transaction"          hash=0xc5edcfdee7a8315a975d6a9dfdbcee2c475b75a6a16c433bf9d27e1454b01677 from=0x7E5aDaFF56B8370D4A4376762651219D6Ded1fB5 to=0x0000000000000000000000000000000000000000
t=2023-06-02T16:09:00+0800 lvl=trce msg="Removed old queued transactions"        count=0
t=2023-06-02T16:09:00+0800 lvl=trce msg="Removed unpayable queued transactions"  count=0
t=2023-06-02T16:09:00+0800 lvl=trce msg="Removed cap-exceeding queued transaction" hash=0x3a978fcd46429494cf14ea76e64e1b853603c4a7535d658294f9dc5b96406919
t=2023-06-02T16:09:00+0800 lvl=trce msg="Removed cap-exceeding queued transaction" hash=0xf4e0c49e55075b155fff542bc92ef92b12060b6479849abcdba7eae8709a941a
t=2023-06-02T16:09:00+0800 lvl=trce msg="Removed cap-exceeding queued transaction" hash=0x8810d021cf2ef2f5f63fb9f036aac4f5f7fdbdb60f508aff58d2d5f97264dca4
t=2023-06-02T16:09:00+0800 lvl=trce msg="Removed cap-exceeding queued transaction" hash=0x1021e67bef90a38bc15eca7c8502a102b2e41d9971893fd22851aab1b623d524
t=2023-06-02T16:09:00+0800 lvl=trce msg="Removed cap-exceeding queued transaction" hash=0x5dfd3f6ce76398db80c55762e933e43c4d88433a6af4ebbf885137a645ac1a9b
t=2023-06-02T16:09:00+0800 lvl=trce msg="Removed cap-exceeding queued transaction" hash=0x4599e66d0706ee9b6c7fba2e0d812168bd8b40eb5a6fedf8b3c7ca4492fe8655
t=2023-06-02T16:09:00+0800 lvl=trce msg="Removed cap-exceeding queued transaction" hash=0xdf10c55baa17358317566df65ee58e8ae1b2dd38d10a47a4cfdc1212c0339312
t=2023-06-02T16:09:00+0800 lvl=trce msg="Removed cap-exceeding queued transaction" hash=0x23a8ccf82d78534eb5ce9bfd30efe2fc0bdc39dd7465cf2c2a56055e50a4734a
t=2023-06-02T16:09:00+0800 lvl=trce msg="Removed cap-exceeding queued transaction" hash=0x0aedb2bd03b1ea634b62b4951c45bced9c15dfd60152e516fab786b08202d745
t=2023-06-02T16:09:00+0800 lvl=trce msg="Removed cap-exceeding queued transaction" hash=0x29e7365736b8a9bcffd71f2331e8344d3e47e664350c5b5f1fbc97933679b524
t=2023-06-02T16:09:00+0800 lvl=trce msg="Removed cap-exceeding queued transaction" hash=0x5a75bd64a7835da2b85ce5b459a2dc8df2934543b8d6f35527b11774df0cef40
t=2023-06-02T16:09:00+0800 lvl=trce msg="Removed cap-exceeding queued transaction" hash=0x0f4097d73e328ce48b2b8f17b8970ba7b269f526f9821067e25589cff4bce011
t=2023-06-02T16:09:00+0800 lvl=trce msg="Removed cap-exceeding queued transaction" hash=0x3686546d1a7d6481b85d5503019c94ee7b0fe5ccb0f58b06d977d5e943067b79
t=2023-06-02T16:09:00+0800 lvl=trce msg="Pooled new future transaction"          hash=0x7f710147b5dd048d97de840adc32a1d0d99a5b92eba5d0362f8c646e779a58b3 from=0xBEc7e084Bfa8250123FbFc47b1f0587d67E3dad0 to=0x0000000000000000000000000000000000000000
t=2023-06-02T16:09:00+0800 lvl=trce msg="Pooled new future transaction"          hash=0x6c6070baa720b77703e5ce44b1f7d62b3a21b3b17a857e473a71472fc4420c03 from=0xbf186BC9fa4975D227B3dC76067880ec67530CE9 to=0x0000000000000000000000000000000000000000
t=2023-06-02T16:09:00+0800 lvl=trce msg="Pooled new future transaction"          hash=0xdd718eb5b09c44b0dff7511a2b906bf249fedeab2ff79d60dbbf44e477966e84 from=0x44a6Ae12C4A0457140A041408a8EcE9ed9f24602 to=0x0000000000000000000000000000000000000000
t=2023-06-02T16:09:00+0800 lvl=trce msg="Pooled new future transaction"          hash=0xbc6dd25dd72390c2323d79be1c7a237659912a8317369eb8f89ff5c244076935 from=0xBEc7e084Bfa8250123FbFc47b1f0587d67E3dad0 to=0x0000000000000000000000000000000000000000
t=2023-06-02T16:09:00+0800 lvl=trce msg="Pooled new future transaction"          hash=0x8f227541a1c2ddbf2f9acffb8addca3ce7d2b23626d583b7aedc9037721834e2 from=0xBEc7e084Bfa8250123FbFc47b1f0587d67E3dad0 to=0x0000000000000000000000000000000000000000
t=2023-06-02T16:09:00+0800 lvl=trce msg="Promoted queued transactions"           count=0
t=2023-06-02T16:09:00+0800 lvl=trce msg="Pooled new future transaction"          hash=0x89901e6538734de0b977981bea9dcef002cad1064655fd54f09b913f7bcf1641 from=0xbf186BC9fa4975D227B3dC76067880ec67530CE9 to=0x0000000000000000000000000000000000000000
t=2023-06-02T16:09:00+0800 lvl=trce msg="Pooled new future transaction"          hash=0x37fa6238ce02e637efb2a382cdc85a3e02ae9f3e35d2b2d418973411f99170e7 from=0x44a6Ae12C4A0457140A041408a8EcE9ed9f24602 to=0x0000000000000000000000000000000000000000
t=2023-06-02T16:09:00+0800 lvl=trce msg="Pooled new future transaction"          hash=0xdee1100b863f7a4c99f28e08d417b864ccbdf0375b51bf36d95078f9d024ae03 from=0xBEc7e084Bfa8250123FbFc47b1f0587d67E3dad0 to=0x0000000000000000000000000000000000000000
t=2023-06-02T16:09:00+0800 lvl=trce msg="Pooled new future transaction"          hash=0x61bdf02d2fe4afd68bfd33be19c0e93c023f2401082c28c2e2aae166ee9c0962 from=0xbf186BC9fa4975D227B3dC76067880ec67530CE9 to=0x0000000000000000000000000000000000000000
t=2023-06-02T16:09:00+0800 lvl=trce msg="Pooled new future transaction"          hash=0x84a6accddfdb6f8c292f9d65888f2718570c86cca97d7bdbe877dcd64a88b826 from=0x44a6Ae12C4A0457140A041408a8EcE9ed9f24602 to=0x0000000000000000000000000000000000000000
t=2023-06-02T16:09:00+0800 lvl=trce msg="Pooled new future transaction"          hash=0xdfff5142ae7375441d51529ea6e6ae7c0dec98d7f7652a6b91afb8b3963ff18c from=0x9BF12759c287b70FeE459c3F50e0b44808E87a35 to=0x0000000000000000000000000000000000000000
t=2023-06-02T16:09:00+0800 lvl=trce msg="Promoted queued transactions"           count=1
t=2023-06-02T16:09:00+0800 lvl=trce msg="Pooled new future transaction"          hash=0xfa26ee84bd6d8c94b89f4a8b9f26d637a62cd84d7da0ff8637022bfc62e220f7 from=0x66e0851F1a162869024b4C9f6b1C4Fc5cb4832F1 to=0x0000000000000000000000000000000000000000
t=2023-06-02T16:09:00+0800 lvl=trce msg="Removed old queued transactions"        count=0
t=2023-06-02T16:09:00+0800 lvl=trce msg="Removed unpayable queued transactions"  count=0
t=2023-06-02T16:09:00+0800 lvl=trce msg="Removed cap-exceeding queued transaction" hash=0xce2488b7604d93260ea2c3098d93de08ef6fc7eb1609fdf4889ec613a12b39a2
t=2023-06-02T16:09:00+0800 lvl=trce msg="Removed cap-exceeding queued transaction" hash=0xdf00c632cb5dda23a9f8effd4ee47539e0cdb44f3ba450d474a94072cfdc086f
t=2023-06-02T16:09:00+0800 lvl=trce msg="Removed cap-exceeding queued transaction" hash=0xc864aabe27ef20cdfb23b534609a34341ed79c2161214ccb0a1b86e4febf906f
t=2023-06-02T16:09:00+0800 lvl=trce msg="Removed cap-exceeding queued transaction" hash=0x7a45eba3961c6fad907980d9082a37ff43e22866ef2313933234834773d0b32b
t=2023-06-02T16:09:00+0800 lvl=trce msg="Removed cap-exceeding queued transaction" hash=0x6b1eabdaa3bd6417370fe223ea80077b18e2b2cdcd3ba4edecb30f3a9d03db2c
t=2023-06-02T16:09:00+0800 lvl=trce msg="Pooled new future transaction"          hash=0x9faff91d685b9a5d205e6b0a777ce65b81304c868b35965fbd25c628bbd0ebaa from=0x9BF12759c287b70FeE459c3F50e0b44808E87a35 to=0x0000000000000000000000000000000000000000
t=2023-06-02T16:09:00+0800 lvl=trce msg="Pooled new future transaction"          hash=0x2cf90d04aed5fcd5accd40e476b429e33ffe51f97b98293c25b1da367f6ef7af from=0xbf186BC9fa4975D227B3dC76067880ec67530CE9 to=0x0000000000000000000000000000000000000000
t=2023-06-02T16:09:00+0800 lvl=trce msg="Pooled new future transaction"          hash=0xf6be2534d269d2e893115991cf77674887c31bffe962450a9aa7467ba6fd2c77 from=0xBEc7e084Bfa8250123FbFc47b1f0587d67E3dad0 to=0x0000000000000000000000000000000000000000
t=2023-06-02T16:09:00+0800 lvl=trce msg="Pooled new future transaction"          hash=0x000e588b168058e6a3b32b9eed23bfb25875890ee3f83c95c9aa2c5a68b9b6c5 from=0xBEc7e084Bfa8250123FbFc47b1f0587d67E3dad0 to=0x0000000000000000000000000000000000000000
t=2023-06-02T16:09:00+0800 lvl=trce msg="Pooled new future transaction"          hash=0xcc9e6569e071b219ffcc2e0282203fc6f546ae282c5614c91339f266484145bf from=0x44a6Ae12C4A0457140A041408a8EcE9ed9f24602 to=0x0000000000000000000000000000000000000000
t=2023-06-02T16:09:00+0800 lvl=trce msg="Pooled new future transaction"          hash=0xfb46f9d130d7b5728c834cfb12c7c4540791f693dee91b3e8c35a8f7f9adb219 from=0x44a6Ae12C4A0457140A041408a8EcE9ed9f24602 to=0x0000000000000000000000000000000000000000
t=2023-06-02T16:09:00+0800 lvl=trce msg="Discarding freshly underpriced transaction" hash=0xf23217c12b2dce71a9d1bc12bf18f30c6c54ec0aa3d38969e0caadf97684ba3b gasTipCap=8  gasFeeCap=408
t=2023-06-02T16:09:00+0800 lvl=trce msg="Pooled new future transaction"          hash=0xdaa045e6e2c0cb0a4cb211542d6ca8dd81c5230a02cfd7ee1152a04dc4064180 from=0x6EDC24d4F9d33d25F3F5C46942D96b97DaDb8474 to=0x0000000000000000000000000000000000000000
t=2023-06-02T16:09:00+0800 lvl=trce msg="Removed old queued transactions"        count=0
t=2023-06-02T16:09:00+0800 lvl=trce msg="Removed unpayable queued transactions"  count=0
t=2023-06-02T16:09:00+0800 lvl=trce msg="Promoted queued transactions"           count=1
t=2023-06-02T16:09:00+0800 lvl=trce msg="Promoted queued transactions"           count=1
t=2023-06-02T16:09:00+0800 lvl=trce msg="Pooled new future transaction"          hash=0x4adb89d5c78b51e5b79cdac23147e424ea1dae74b38df52f16a4edc1b000982b from=0xbf186BC9fa4975D227B3dC76067880ec67530CE9 to=0x0000000000000000000000000000000000000000
t=2023-06-02T16:09:00+0800 lvl=trce msg="Pooled new future transaction"          hash=0xfc4b841731a324901aebcd4c887edf486bb4fbde5344f3ad8655d222ec639311 from=0x9BF12759c287b70FeE459c3F50e0b44808E87a35 to=0x0000000000000000000000000000000000000000
t=2023-06-02T16:09:00+0800 lvl=trce msg="Pooled new future transaction"          hash=0xd41481f98b5b2128101402724f76970a1350c6a2e8fca365e58c6f5d182f45dd from=0xbf186BC9fa4975D227B3dC76067880ec67530CE9 to=0x0000000000000000000000000000000000000000
t=2023-06-02T16:09:00+0800 lvl=trce msg="Pooled new future transaction"          hash=0x59545cb9e382b8f436bca6f7771b35d188c8abb1f3f77ff157af9fe4e8ae783c from=0x9BF12759c287b70FeE459c3F50e0b44808E87a35 to=0x0000000000000000000000000000000000000000
t=2023-06-02T16:09:00+0800 lvl=trce msg="Pooled new future transaction"          hash=0x750afebe12c5f79bdc09946816dd3cd7fa94aab46952669bb08f1d18751f5411 from=0x44a6Ae12C4A0457140A041408a8EcE9ed9f24602 to=0x0000000000000000000000000000000000000000
t=2023-06-02T16:09:00+0800 lvl=trce msg="Pooled new future transaction"          hash=0x7698a8d101bfabab61a8af99fb7bb32c9d8b9b167b64045ad4e9549a552da5fd from=0x9BF12759c287b70FeE459c3F50e0b44808E87a35 to=0x0000000000000000000000000000000000000000
t=2023-06-02T16:09:00+0800 lvl=trce msg="Pooled new future transaction"          hash=0x8e2a9388d6177a444a17034ed3cc6a4442d02c2ac6458255b56403d2a9224adb from=0x44a6Ae12C4A0457140A041408a8EcE9ed9f24602 to=0x0000000000000000000000000000000000000000
t=2023-06-02T16:09:00+0800 lvl=trce msg="Removed cap-exceeding queued transaction" hash=0xb88921bfb165e5f8ab7f0aa31c08c366dca169f8cf81b271b3833a6595f5832c
t=2023-06-02T16:09:00+0800 lvl=trce msg="Pooled new future transaction"          hash=0xb6390376640c54a52057ab7a88a23ed0ad76c1ecdc6ca696755811b5fed05727 from=0xBEc7e084Bfa8250123FbFc47b1f0587d67E3dad0 to=0x0000000000000000000000000000000000000000
t=2023-06-02T16:09:00+0800 lvl=trce msg="Pooled new future transaction"          hash=0x33efb546bd30f16f12b28d02500383e617329a565332a6aeb59dac703346a3c1 from=0xBEc7e084Bfa8250123FbFc47b1f0587d67E3dad0 to=0x0000000000000000000000000000000000000000
t=2023-06-02T16:09:00+0800 lvl=trce msg="Pooled new future transaction"          hash=0xa3710b9611637546d944b9a8b177cf416ea6d948fa0e9a425271fa55de74e4c2 from=0x9BF12759c287b70FeE459c3F50e0b44808E87a35 to=0x0000000000000000000000000000000000000000
t=2023-06-02T16:09:00+0800 lvl=trce msg="Pooled new future transaction"          hash=0x37382a58cc960068c0680c93704afa9a80f1e1ede96e5de22edc15b94191b1bd from=0x9BF12759c287b70FeE459c3F50e0b44808E87a35 to=0x0000000000000000000000000000000000000000
t=2023-06-02T16:09:00+0800 lvl=trce msg="Discarding freshly underpriced transaction" hash=0x5dec4ccd6eec05fb06533bd8feb203c7979d1c0dd5d0abfad6577fe5ca09d71d gasTipCap=9  gasFeeCap=409
t=2023-06-02T16:09:00+0800 lvl=trce msg="Pooled new future transaction"          hash=0xf0b1d514378de785425565ea10b8efd482fd018d8257f450f20d48ae102b6c31 from=0xBEc7e084Bfa8250123FbFc47b1f0587d67E3dad0 to=0x0000000000000000000000000000000000000000
t=2023-06-02T16:09:00+0800 lvl=trce msg="Pooled new future transaction"          hash=0xc5226a0b64aaac452d822d101ac7119ab18a2e444af15ca801ada47a39f8b4f8 from=0x66e0851F1a162869024b4C9f6b1C4Fc5cb4832F1 to=0x0000000000000000000000000000000000000000
t=2023-06-02T16:09:00+0800 lvl=trce msg="Pooled new future transaction"          hash=0x94f57681850d238b6dbe01687b8927a60fe728f5d6367bc65f647a3f4705eb22 from=0xBEc7e084Bfa8250123FbFc47b1f0587d67E3dad0 to=0x0000000000000000000000000000000000000000
t=2023-06-02T16:09:00+0800 lvl=trce msg="Pooled new future transaction"          hash=0xe368fb823a706c1b2abb11d2a304a5450cbccc73f8b584602c62dd51dcc874eb from=0xBEc7e084Bfa8250123FbFc47b1f0587d67E3dad0 to=0x0000000000000000000000000000000000000000
t=2023-06-02T16:09:00+0800 lvl=trce msg="Pooled new future transaction"          hash=0x659ec69ef84faa320cd86ef62adca4533e506493b04181d8aecab71b9f3427b4 from=0x2Cf1aD6532C7E7B60657cb4943A28cA99B188E20 to=0x0000000000000000000000000000000000000000
t=2023-06-02T16:09:00+0800 lvl=trce msg="Removed old queued transactions"        count=0
t=2023-06-02T16:09:00+0800 lvl=trce msg="Removed cap-exceeding queued transaction" hash=0xa165c1a506bff29f7d4ed18f829e9edc122639185f19a0f68b4115a9db1dfaff
t=2023-06-02T16:09:00+0800 lvl=trce msg="Removed cap-exceeding queued transaction" hash=0xea5af2fa00a6e8101cb01b57ab1a2990cc0f85d1bd5c75375ac4195c040e8b4b
t=2023-06-02T16:09:00+0800 lvl=trce msg="Removed cap-exceeding queued transaction" hash=0xc7c0b4a532d1347eecda171f8f65fd465e78e00095d401c951ebdeab520f4e36
t=2023-06-02T16:09:00+0800 lvl=trce msg="Removed cap-exceeding queued transaction" hash=0x67b0924c6675d7222635193f9958b65310a1dd83510e327e69a39c8365c927a3
t=2023-06-02T16:09:00+0800 lvl=trce msg="Removed cap-exceeding queued transaction" hash=0xa63de2de7061382d9e2741e6591be3fef688d69b91c1a60654bdaa971ab9c334
t=2023-06-02T16:09:00+0800 lvl=trce msg="Removed cap-exceeding queued transaction" hash=0x1d3730e0476cc9697c6a75c5e860a48277a3917787787de257594d8e83c1b4b4
t=2023-06-02T16:09:00+0800 lvl=trce msg="Removed old queued transactions"        count=0
t=2023-06-02T16:09:00+0800 lvl=trce msg="Removed unpayable queued transactions"  count=0
t=2023-06-02T16:09:00+0800 lvl=trce msg="Promoted queued transactions"           count=0
t=2023-06-02T16:09:00+0800 lvl=trce msg="Pooled new future transaction"          hash=0x250be80072d6690e992e141791ebca89eed725319bd2fb7aa0903fb0c7a0804a from=0x44a6Ae12C4A0457140A041408a8EcE9ed9f24602 to=0x0000000000000000000000000000000000000000
t=2023-06-02T16:09:00+0800 lvl=trce msg="Pooled new future transaction"          hash=0x20a7976e1e085af614626e9ae0256e1617ecbd5e944ff677afd7dfd0379ffa28 from=0xBEc7e084Bfa8250123FbFc47b1f0587d67E3dad0 to=0x0000000000000000000000000000000000000000
t=2023-06-02T16:09:00+0800 lvl=trce msg="Pooled new future transaction"          hash=0x034288c47a452cc7592c7963c19749c5c477d62cd8988e1dcea3f0acaa08f9b2 from=0x44a6Ae12C4A0457140A041408a8EcE9ed9f24602 to=0x0000000000000000000000000000000000000000
t=2023-06-02T16:09:00+0800 lvl=trce msg="Pooled new future transaction"          hash=0xf2a24ff5b78828a3382a89d396dae417335c837967324623dfe2b315a6fd6e32 from=0x44a6Ae12C4A0457140A041408a8EcE9ed9f24602 to=0x0000000000000000000000000000000000000000
t=2023-06-02T16:09:00+0800 lvl=trce msg="Pooled new future transaction"          hash=0xf3720615f295382654ddc82aff312b2e18a927e15c8a79ed4e69ae94858b2517 from=0x44a6Ae12C4A0457140A041408a8EcE9ed9f24602 to=0x0000000000000000000000000000000000000000
t=2023-06-02T16:09:00+0800 lvl=trce msg="Pooled new future transaction"          hash=0xcda04e71615dc8b6a50e32a9133a6a2f3c3c68f0ce6227bc8cee07aa2362faa5 from=0xBEc7e084Bfa8250123FbFc47b1f0587d67E3dad0 to=0x0000000000000000000000000000000000000000
t=2023-06-02T16:09:00+0800 lvl=trce msg="Pooled new future transaction"          hash=0x018caa8d67fb55a480cfd4d122fdd25145bc5d55abfd8fe00a85938fcd468277 from=0x9BF12759c287b70FeE459c3F50e0b44808E87a35 to=0x0000000000000000000000000000000000000000
t=2023-06-02T16:09:00+0800 lvl=trce msg="Pooled new future transaction"          hash=0x87599e40a930e1a9c275f0e8774af82f778c5b3fb20d5a8ead6cca1fc1a61d45 from=0x44a6Ae12C4A0457140A041408a8EcE9ed9f24602 to=0x0000000000000000000000000000000000000000
t=2023-06-02T16:09:00+0800 lvl=trce msg="Removed unpayable queued transactions"  count=0
t=2023-06-02T16:09:00+0800 lvl=trce msg="Promoted queued transactions"           count=1
t=2023-06-02T16:09:00+0800 lvl=trce msg="Pooled new future transaction"          hash=0x7f732d3d9e4e81106faf9be4f1de89f709be16798abd5b528b1668464a133007 from=0x7628e7c918DAaf4dfbF615023fDBcF72b8479bCe to=0x0000000000000000000000000000000000000000
t=2023-06-02T16:09:00+0800 lvl=trce msg="Removed old queued transactions"        count=0
t=2023-06-02T16:09:00+0800 lvl=trce msg="Removed unpayable queued transactions"  count=0
t=2023-06-02T16:09:00+0800 lvl=trce msg="Promoted queued transactions"           count=1
t=2023-06-02T16:09:00+0800 lvl=trce msg="Removed cap-exceeding queued transaction" hash=0x8aae1afa9d17f345aa5225b040b31b26e8bc8f6504c492491122887d7bc81235
t=2023-06-02T16:09:00+0800 lvl=trce msg="Removed cap-exceeding queued transaction" hash=0xd72d9592238f50424091b2057e77288bcad6c2674dbcd646dbc4687f20b264ce
t=2023-06-02T16:09:00+0800 lvl=trce msg="Removed cap-exceeding queued transaction" hash=0x1d2c7d6b3010eda32cbf077b8724416d44dcce4c1220d2d2f8aac694bfac04b1
t=2023-06-02T16:09:00+0800 lvl=trce msg="Removed cap-exceeding queued transaction" hash=0x96dbdbbebcdc8ddc386ec01253e748edb8f594c876a2d0d713a17e10a3a6e120
t=2023-06-02T16:09:00+0800 lvl=trce msg="Removed old queued transactions"        count=0
t=2023-06-02T16:09:00+0800 lvl=trce msg="Removed unpayable queued transactions"  count=0
t=2023-06-02T16:09:00+0800 lvl=trce msg="Promoted queued transactions"           count=0
t=2023-06-02T16:09:00+0800 lvl=trce msg="Removed cap-exceeding queued transaction" hash=0x1a82be3db837631c8d34637892c4f991412e2184c3674ceb0868290f62256065
t=2023-06-02T16:09:00+0800 lvl=trce msg="Removed cap-exceeding queued transaction" hash=0x620f6737f34447097fe8f46d67d2e0ee69aaf6c43c9f7d0e04242b002b247677
t=2023-06-02T16:09:00+0800 lvl=trce msg="Removed cap-exceeding queued transaction" hash=0x39029d65e9ec5c79a99bccc766ce807f932d04ba3f270ea27809cf8e6faa5934
t=2023-06-02T16:09:00+0800 lvl=trce msg="Removed cap-exceeding queued transaction" hash=0xe9e6625d0d564633694faa1a5fd54bc28dc0aa9c37eed6a31ab409036fd0dac8
t=2023-06-02T16:09:00+0800 lvl=trce msg="Removed cap-exceeding queued transaction" hash=0xbf4491c25276177ed5e901549c4381d44fa4436936292fbf2030e45017c0cc9b
t=2023-06-02T16:09:00+0800 lvl=trce msg="Pooled new future transaction"          hash=0x91ac240b0e09a0f833463bfcefc270e57c4bb61c72df53e4f1d489ea1dbd0c52 from=0xBEc7e084Bfa8250123FbFc47b1f0587d67E3dad0 to=0x0000000000000000000000000000000000000000
t=2023-06-02T16:09:00+0800 lvl=trce msg="Pooled new future transaction"          hash=0x003a5910f47ec6dfc689e89f58d31a14be5455d5b754a2ab037cafff78be0e9c from=0x44a6Ae12C4A0457140A041408a8EcE9ed9f24602 to=0x0000000000000000000000000000000000000000
t=2023-06-02T16:09:00+0800 lvl=trce msg="Pooled new future transaction"          hash=0x9d5c429226b8b1d4f6bc2552f06b7885ab72b0d689cead3ff05e3dac8e7d054d from=0x9BF12759c287b70FeE459c3F50e0b44808E87a35 to=0x0000000000000000000000000000000000000000
t=2023-06-02T16:09:00+0800 lvl=trce msg="Pooled new future transaction"          hash=0x76cfddae09999ec084eedda1a5bc07f8d484126ebd06677cdfb56fa48b7aea30 from=0x9BF12759c287b70FeE459c3F50e0b44808E87a35 to=0x0000000000000000000000000000000000000000
t=2023-06-02T16:09:00+0800 lvl=trce msg="Pooled new future transaction"          hash=0x5844cd0473b28791a82e21f0015a9b668e067cb48074faf0238a2359c10e850d from=0xBEc7e084Bfa8250123FbFc47b1f0587d67E3dad0 to=0x0000000000000000000000000000000000000000
t=2023-06-02T16:09:00+0800 lvl=trce msg="Pooled new future transaction"          hash=0x16fea93d581b75d3f8bb08716ee7b97099835ae42284073d2b17e04106869591 from=0x9BF12759c287b70FeE459c3F50e0b44808E87a35 to=0x0000000000000000000000000000000000000000
t=2023-06-02T16:09:00+0800 lvl=trce msg="Pooled new future transaction"          hash=0xe7653110e9f0d5db1358f380516c0ef0faaf4a816da2df16526b6124512739af from=0x7628e7c918DAaf4dfbF615023fDBcF72b8479bCe to=0x0000000000000000000000000000000000000000
t=2023-06-02T16:09:00+0800 lvl=trce msg="Removed old queued transactions"        count=0
t=2023-06-02T16:09:00+0800 lvl=trce msg="Removed unpayable queued transactions"  count=0
t=2023-06-02T16:09:00+0800 lvl=trce msg="Promoted queued transactions"           count=0
t=2023-06-02T16:09:00+0800 lvl=trce msg="Discarding freshly underpriced transaction" hash=0x4fd385fae38685821333ba484fd7efcfed76804a8441b6926df2483a43f50e88 gasTipCap=10 gasFeeCap=410
t=2023-06-02T16:09:00+0800 lvl=trce msg="Pooled new future transaction"          hash=0x01a8a17d4b158ee0b3a8f5f7b1bef731462fa5ef57c0f76bb74c1d54449fd8a8 from=0x43a9F52444b7af8341884e73A1660f0b897678A5 to=0x0000000000000000000000000000000000000000
t=2023-06-02T16:09:00+0800 lvl=trce msg="Removed old queued transactions"        count=0
t=2023-06-02T16:09:00+0800 lvl=trce msg="Removed unpayable queued transactions"  count=0
t=2023-06-02T16:09:00+0800 lvl=trce msg="Removed cap-exceeding queued transaction" hash=0x950aa814a6da18437a5ed4f9b74f8f8268392054d88cdc0e5de37c75a3d860ad
t=2023-06-02T16:09:00+0800 lvl=trce msg="Promoted queued transactions"           count=1
t=2023-06-02T16:09:00+0800 lvl=trce msg="Removed cap-exceeding queued transaction" hash=0xdf51e0da7ec711e04687fa2490f75a5fec2c340fa98554dd2d01bce16eb821bd
t=2023-06-02T16:09:00+0800 lvl=trce msg="Removed cap-exceeding queued transaction" hash=0xe2dcacc8289ee90365678cbe3e71d1b51d6b3ea2177fa1831d767cbcd062b598
t=2023-06-02T16:09:00+0800 lvl=trce msg="Removed cap-exceeding queued transaction" hash=0xf136688762d4aadac42f92d597d94ecd1fc6a7fad3722269154fad83eb9cb9dc
t=2023-06-02T16:09:00+0800 lvl=trce msg="Removed cap-exceeding queued transaction" hash=0x0af20dfb6f931ef98cf3d06c88828f4af572d56fe1a2197cfcd55b5d20ff74ad
t=2023-06-02T16:09:00+0800 lvl=trce msg="Removed cap-exceeding queued transaction" hash=0xd852b44910e5b1c33e00bdac3b3a4f664aa87b31e401b070890d16b8d0929220
t=2023-06-02T16:09:00+0800 lvl=trce msg="Removed cap-exceeding queued transaction" hash=0x98ae82e7e1c75ced19cf00e040c1e963596005f6297b25934cc92510bd9d31e5
t=2023-06-02T16:09:00+0800 lvl=trce msg="Removed cap-exceeding queued transaction" hash=0xd65b4b2537e1e2c0c45fd42292a488df50fa666548e8d294f87df49254ebc736
t=2023-06-02T16:09:00+0800 lvl=trce msg="Removed cap-exceeding queued transaction" hash=0xf0909e53d01cd41c5b4b77c80946279cf048da3275234c5b3a505e5d128ccef6
t=2023-06-02T16:09:00+0800 lvl=trce msg="Removed cap-exceeding queued transaction" hash=0x9e721339ee4b1fcca254b511836996b102e056ec89081d395b3e83ef8d9e21f5
t=2023-06-02T16:09:00+0800 lvl=trce msg="Removed cap-exceeding queued transaction" hash=0x96b7a54833046bb2e50a20cdb8e1006249ae1b16b59bcd3c111bb36859cd9028
t=2023-06-02T16:09:00+0800 lvl=trce msg="Removed cap-exceeding queued transaction" hash=0x1f2d3e862014e021255c6dcee7f6bf84c8b6a7d1b45e81832c17537558416b05
t=2023-06-02T16:09:00+0800 lvl=trce msg="Removed cap-exceeding queued transaction" hash=0xc6d405a9cb710964b604e8ad6ef3164b2286b6bce6fb7b6b8c8749ef0851e275
t=2023-06-02T16:09:00+0800 lvl=trce msg="Pooled new future transaction"          hash=0xd53593f023ab326e62c33e76072dc9fa9236b531a6b03c7dbd7b03491e5d7f59 from=0x66e0851F1a162869024b4C9f6b1C4Fc5cb4832F1 to=0x0000000000000000000000000000000000000000
t=2023-06-02T16:09:00+0800 lvl=trce msg="Removed old queued transactions"        count=0
t=2023-06-02T16:09:00+0800 lvl=trce msg="Removed unpayable queued transactions"  count=0
t=2023-06-02T16:09:00+0800 lvl=trce msg="Pooled new future transaction"          hash=0xe96bdc833c268d2f5e71a6ea7fbae8ba9ed2c31549994154f5a5a5140e500f08 from=0x9BF12759c287b70FeE459c3F50e0b44808E87a35 to=0x0000000000000000000000000000000000000000
t=2023-06-02T16:09:00+0800 lvl=trce msg="Pooled new future transaction"          hash=0xc658efc4c2f420fb745bd8609c40dbf5a6a1d5c2e7c3091b6f7b6b6cf1a42045 from=0xbf186BC9fa4975D227B3dC76067880ec67530CE9 to=0x0000000000000000000000000000000000000000
t=2023-06-02T16:09:00+0800 lvl=trce msg="Pooled new future transaction"          hash=0x1d93dd5f051089bca4aa00e58e11211e5e6ef9516e6ef4a7d32669481fc335f7 from=0x44a6Ae12C4A0457140A041408a8EcE9ed9f24602 to=0x0000000000000000000000000000000000000000
t=2023-06-02T16:09:00+0800 lvl=trce msg="Pooled new future transaction"          hash=0xe179ea24094b8080e810b46a507741236ccc1b138abbe030889689ad5791545e from=0x44a6Ae12C4A0457140A041408a8EcE9ed9f24602 to=0x0000000000000000000000000000000000000000
t=2023-06-02T16:09:00+0800 lvl=trce msg="Removed cap-exceeding queued transaction" hash=0x5b62e4683168aea77a9d5c93245f9c8d252d2bde874e8f4a2832d35f935ebbab
t=2023-06-02T16:09:00+0800 lvl=trce msg="Removed cap-exceeding queued transaction" hash=0xa2990d6a0b04a5b298fbe76bdd1a8d1694a9aed9c21ef0d474723426fcf34f8b
t=2023-06-02T16:09:00+0800 lvl=trce msg="Discarding freshly underpriced transaction" hash=0x4f9ac0d862cdfbfa69ed7e44bce091241d143d8d3d3c12b4db2163d3af56470a gasTipCap=11 gasFeeCap=411
t=2023-06-02T16:09:00+0800 lvl=trce msg="Pooled new future transaction"          hash=0x820476b520ad30478fec96597b355ee3043cd0b7a21cd0e1695530bf96f888fa from=0xC0c1706322ec88F9B93E8A964c1345EC889e5eD6 to=0x0000000000000000000000000000000000000000
t=2023-06-02T16:09:00+0800 lvl=trce msg="Removed old queued transactions"        count=0
t=2023-06-02T16:09:00+0800 lvl=trce msg="Removed unpayable queued transactions"  count=0
t=2023-06-02T16:09:00+0800 lvl=trce msg="Promoted queued transactions"           count=1
t=2023-06-02T16:09:00+0800 lvl=trce msg="Removed cap-exceeding queued transaction" hash=0x56bcf207787fe550ee56461d36989a0699f81f488da20a3d188d00ccbe6fe450
t=2023-06-02T16:09:00+0800 lvl=trce msg="Removed cap-exceeding queued transaction" hash=0xb74ff2f8d49401827c4ff49e9327efcac0575ef549ca6bc91a157a3f088e97f9
t=2023-06-02T16:09:00+0800 lvl=trce msg="Removed cap-exceeding queued transaction" hash=0xda420d3654f2cca03208e8f22a303ac2667ce6c52c1a09a47ca3b4ca4acda9f1
t=2023-06-02T16:09:00+0800 lvl=trce msg="Removed cap-exceeding queued transaction" hash=0xcaf49aaaec3c5837ce10a8de01beabca59887b32161f0a13bd50de959a47a5fe
t=2023-06-02T16:09:00+0800 lvl=trce msg="Removed cap-exceeding queued transaction" hash=0xbeb31b9920d88d72171219f9e266b4f74f985ca9ffb27ab7f9875104210fb8e1
t=2023-06-02T16:09:00+0800 lvl=trce msg="Removed cap-exceeding queued transaction" hash=0x7d0d2382f135a1cd74ac4a4f52e86c4fdfdc2bfad229d6710a514fb0012009f7
t=2023-06-02T16:09:00+0800 lvl=trce msg="Removed cap-exceeding queued transaction" hash=0x5697bf72074297f4c86999902ce6081d7ed936f12f3479f40c48d20a6c2e0bcf
t=2023-06-02T16:09:00+0800 lvl=trce msg="Removed cap-exceeding queued transaction" hash=0x5fb1179b07e9ee7afd12be3dcec01c3e195a0d24b4354936654ae86ba2d44421
t=2023-06-02T16:09:00+0800 lvl=trce msg="Removed cap-exceeding queued transaction" hash=0xac51b2ec94d710718ef17d7a21f25d12871519b15610a4c943dca8d550073cb1
t=2023-06-02T16:09:00+0800 lvl=trce msg="Removed cap-exceeding queued transaction" hash=0x06efa41bebcbb6670f258c484f719030d6805c0ffaa2b44ee657bc45f256ff7a
t=2023-06-02T16:09:00+0800 lvl=trce msg="Removed cap-exceeding queued transaction" hash=0xfd1bdb893e748ef423695710b651d25115176b56023b464df40507ca36826deb
t=2023-06-02T16:09:00+0800 lvl=trce msg="Removed cap-exceeding queued transaction" hash=0xe8bc300ee18d47bc01aad42afc26e54ba8bc831cc32e384f9173e7a7b98d08a5
t=2023-06-02T16:09:00+0800 lvl=trce msg="Removed cap-exceeding queued transaction" hash=0xb9c4116d4060f2251c1c89dc1aa64e84eb59523eb13e8caeb2c0c394b49ee978
t=2023-06-02T16:09:00+0800 lvl=trce msg="Removed cap-exceeding queued transaction" hash=0xa5bd41ad6fb783d63437192a8c0235c908ec75a03256b143fe36bf870c896a6a
t=2023-06-02T16:09:00+0800 lvl=trce msg="Removed cap-exceeding queued transaction" hash=0xc1706ec0078c5c3ce1645a07744b5f87e0c202f681deb9058aea0bd733dbc3c2
t=2023-06-02T16:09:00+0800 lvl=trce msg="Removed cap-exceeding queued transaction" hash=0x148e4e344beba3222ea0770565d36b79c935ce791327a3b3d09bfb965d74187e
t=2023-06-02T16:09:00+0800 lvl=trce msg="Removed cap-exceeding queued transaction" hash=0x738a2e20e5e0661e70755d3ef7cdfa27d6f2e5f2a249d54231de4cf18c30bf60
t=2023-06-02T16:09:00+0800 lvl=trce msg="Removed cap-exceeding queued transaction" hash=0xb9b9c0587c61362834dba1e335c879250ef42fc9d50797b9dd059fe535571bd6
t=2023-06-02T16:09:00+0800 lvl=trce msg="Removed cap-exceeding queued transaction" hash=0x4f61fae0c7789854274f0bf897cc564cbe546b0b133ac10abbdf6a4dad053751
t=2023-06-02T16:09:00+0800 lvl=trce msg="Removed cap-exceeding queued transaction" hash=0x224e316be1ae1638dc223000e16f39c5e5c92c304d65594c0cecc80def9b9bcc
t=2023-06-02T16:09:00+0800 lvl=trce msg="Removed cap-exceeding queued transaction" hash=0x89cc409b5b8426aebe740aa2a1ea648a04f12e76293b36cc435317ddff4f5c9f
t=2023-06-02T16:09:00+0800 lvl=trce msg="Removed cap-exceeding queued transaction" hash=0x152b5f5996a643924dc0ab60e8e1d9cf95ee4a5d8977ee9df498c7d27a99a101
t=2023-06-02T16:09:00+0800 lvl=trce msg="Removed cap-exceeding queued transaction" hash=0x6370c9fc047e5b06bf05763babe787316bc331a5a797b936761b009b5b8f9fe7
t=2023-06-02T16:09:00+0800 lvl=trce msg="Removed cap-exceeding queued transaction" hash=0xeb62b99b001edf1851fffbbd9b2c13d87e621517672772fd41ad53676153c236
t=2023-06-02T16:09:00+0800 lvl=trce msg="Removed cap-exceeding queued transaction" hash=0x6bf5f5ca1f0673c4c0aa47877660334e8b39a1a56d194ba99d52f8b82ce7ee4d
t=2023-06-02T16:09:00+0800 lvl=trce msg="Removed cap-exceeding queued transaction" hash=0x411d3044ea71ced1352c27034fc5e98e6af36e74c7719473fb5a3a9aec51bcf2
t=2023-06-02T16:09:00+0800 lvl=trce msg="Pooled new future transaction"          hash=0xc2549526e8a7fc7d7d363874a6d5cbd014b8c5b58118e0844b503690a267cd0d from=0x44a6Ae12C4A0457140A041408a8EcE9ed9f24602 to=0x0000000000000000000000000000000000000000
t=2023-06-02T16:09:00+0800 lvl=trce msg="Pooled new future transaction"          hash=0xeee10af46f1307146e972526bf7c95023911254f2b2e1d68d880cdd54a7939fb from=0x9BF12759c287b70FeE459c3F50e0b44808E87a35 to=0x0000000000000000000000000000000000000000
t=2023-06-02T16:09:00+0800 lvl=trce msg="Pooled new future transaction"          hash=0x081760de6f19d975bdea4c1a7567eb15763f839b42fbac889028286b7bc9b079 from=0xbf186BC9fa4975D227B3dC76067880ec67530CE9 to=0x0000000000000000000000000000000000000000
t=2023-06-02T16:09:00+0800 lvl=trce msg="Pooled new future transaction"          hash=0x122729204ffa115b9fe23edb86e30b82640aa28b693c83e674024520af6b0e9b from=0xbf186BC9fa4975D227B3dC76067880ec67530CE9 to=0x0000000000000000000000000000000000000000
t=2023-06-02T16:09:00+0800 lvl=trce msg="Pooled new future transaction"          hash=0x4d51c256791b6756728e2a439d0c0c42080ba5c9b6f0a0f6bb2a894d544265f1 from=0x9BF12759c287b70FeE459c3F50e0b44808E87a35 to=0x0000000000000000000000000000000000000000
t=2023-06-02T16:09:00+0800 lvl=trce msg="Pooled new future transaction"          hash=0xda2df364085302bdca73290bdfb1729d258e56ffee7ec79fa9692be07060ab4f from=0xbf186BC9fa4975D227B3dC76067880ec67530CE9 to=0x0000000000000000000000000000000000000000
t=2023-06-02T16:09:00+0800 lvl=trce msg="Pooled new future transaction"          hash=0xeb07d7f0762750ff34578819664348f9152e16293d2da12cc025d7db5a51e3f2 from=0x44a6Ae12C4A0457140A041408a8EcE9ed9f24602 to=0x0000000000000000000000000000000000000000
t=2023-06-02T16:09:00+0800 lvl=trce msg="Pooled new future transaction"          hash=0x30c4a6e9cadf31e1c42a2af2e5363f86028b4468ae406ebf39ec93822d9e84f4 from=0xBEc7e084Bfa8250123FbFc47b1f0587d67E3dad0 to=0x0000000000000000000000000000000000000000
t=2023-06-02T16:09:00+0800 lvl=trce msg="Pooled new future transaction"          hash=0xb07eecbc11e0f0117cc99c2ed36244018b844c1a8210090f0851866508fd17a4 from=0xBEc7e084Bfa8250123FbFc47b1f0587d67E3dad0 to=0x0000000000000000000000000000000000000000
t=2023-06-02T16:09:00+0800 lvl=trce msg="Pooled new future transaction"          hash=0xf058b241348e1b5c8ee0c3f9477a2f701ef6fd948dde606cb5f2f1ea2de531a4 from=0x9BF12759c287b70FeE459c3F50e0b44808E87a35 to=0x0000000000000000000000000000000000000000
t=2023-06-02T16:09:00+0800 lvl=trce msg="Discarding freshly underpriced transaction" hash=0xbe3010dc235520cdca996659902ea318e4433ddf88f2e14c6dc5f7c5ab484615 gasTipCap=12 gasFeeCap=412
t=2023-06-02T16:09:00+0800 lvl=trce msg="Pooled new future transaction"          hash=0x71ad19f92d54a67d8414cdeb66cba315c4589716ff228afa4e32264e101dc94f from=0x0E2166E9f7D1Cd0A54F6E8C0920822fD4125909D to=0x0000000000000000000000000000000000000000
t=2023-06-02T16:09:00+0800 lvl=trce msg="Removed old queued transactions"        count=0
t=2023-06-02T16:09:00+0800 lvl=trce msg="Removed unpayable queued transactions"  count=0
t=2023-06-02T16:09:00+0800 lvl=trce msg="Promoted queued transactions"           count=1
t=2023-06-02T16:09:00+0800 lvl=trce msg="Removed cap-exceeding queued transaction" hash=0x31372747bbc613a2a5025132316e7e4e0f3bd65073e4ebbc98893e8e21ee7e8c
t=2023-06-02T16:09:00+0800 lvl=trce msg="Removed cap-exceeding queued transaction" hash=0x39672065d867a1678e203d623daf35bfa018561f9a2e6a2e781d5b9efce01095
t=2023-06-02T16:09:00+0800 lvl=trce msg="Removed cap-exceeding queued transaction" hash=0x1635f4451ae83198e0f2fd0d6fdf700efc68fe4d0ab4895e507110614a15a63d
t=2023-06-02T16:09:00+0800 lvl=trce msg="Removed cap-exceeding queued transaction" hash=0x4ce34f7b9690806b59b4f9a0d83be53b078be95a4b0455aef618b2cca74885ea
t=2023-06-02T16:09:00+0800 lvl=trce msg="Removed cap-exceeding queued transaction" hash=0xad39ccc44f90cff879e313d14015cc42bdaee683793852e8c48baeb6f64ee219
t=2023-06-02T16:09:00+0800 lvl=trce msg="Removed cap-exceeding queued transaction" hash=0xd3686d22d9e3b3ad4cfc836148ab2664235723fd1a4ced18dfc02f35f3ebec9d
t=2023-06-02T16:09:00+0800 lvl=trce msg="Removed cap-exceeding queued transaction" hash=0x79eec514e8e115bef2dc2ad75324355695b8994c5bec770e23129ae2346472fe
t=2023-06-02T16:09:00+0800 lvl=trce msg="Removed cap-exceeding queued transaction" hash=0xa9aaeb623513309cbfdd788f4ebf933b588609f19586b887f68a050665b2f80c
t=2023-06-02T16:09:00+0800 lvl=trce msg="Removed cap-exceeding queued transaction" hash=0x401f2b45ccdba1f36d32d6986483f57ed6ca034be6ef221a3f32c6cf68e8b22e
t=2023-06-02T16:09:00+0800 lvl=trce msg="Removed cap-exceeding queued transaction" hash=0xab9f2807978ec07e4c10708e50682fdaee6d9459af8699bda8254d7eff29f349
t=2023-06-02T16:09:00+0800 lvl=trce msg="Removed cap-exceeding queued transaction" hash=0x004a627f1017220e81c2f884a9845c1f71303e4f97b28644427ca3d4836983b5
t=2023-06-02T16:09:00+0800 lvl=trce msg="Promoted queued transactions"           count=1
t=2023-06-02T16:09:00+0800 lvl=trce msg="Pooled new future transaction"          hash=0x5ea0943284233b08065ed3e35e3ddddf646996eaf4f124d2eb08cb035e0ff547 from=0x9BF12759c287b70FeE459c3F50e0b44808E87a35 to=0x0000000000000000000000000000000000000000
t=2023-06-02T16:09:00+0800 lvl=trce msg="Pooled new future transaction"          hash=0xf9a2ee89fa4ddce55454c9ff7e2b85ead30fb4873c8834a684172b8e3c151fbe from=0xBEc7e084Bfa8250123FbFc47b1f0587d67E3dad0 to=0x0000000000000000000000000000000000000000
t=2023-06-02T16:09:00+0800 lvl=trce msg="Pooled new future transaction"          hash=0x0b52cbfe5d90236a9034b43551f66a7a891007ff170d3b9c5526a9afe8ff295e from=0x44a6Ae12C4A0457140A041408a8EcE9ed9f24602 to=0x0000000000000000000000000000000000000000
t=2023-06-02T16:09:00+0800 lvl=trce msg="Pooled new future transaction"          hash=0x137e0f7cd24985b0d5e2e2cee5d3ee190ac6f9e61eb921f341601b5943a69f41 from=0x44a6Ae12C4A0457140A041408a8EcE9ed9f24602 to=0x0000000000000000000000000000000000000000
t=2023-06-02T16:09:00+0800 lvl=trce msg="Pooled new future transaction"          hash=0x51554f2986089a0dc2000994ebe1e425a84c1861d6686b76ecab4980ed8767df from=0x44a6Ae12C4A0457140A041408a8EcE9ed9f24602 to=0x0000000000000000000000000000000000000000
t=2023-06-02T16:09:00+0800 lvl=trce msg="Pooled new future transaction"          hash=0x9d157be4d618125acdae52284c399e9fbe130e3b7ee52c81bc2ee066fe3f3d7a from=0x66e0851F1a162869024b4C9f6b1C4Fc5cb4832F1 to=0x0000000000000000000000000000000000000000
t=2023-06-02T16:09:00+0800 lvl=trce msg="Pooled new future transaction"          hash=0x2a0191bb2582dd6877a423fb0761ed85fb96405a1be589b0d18a8e68452a3e53 from=0x9BF12759c287b70FeE459c3F50e0b44808E87a35 to=0x0000000000000000000000000000000000000000
t=2023-06-02T16:09:00+0800 lvl=trce msg="Pooled new future transaction"          hash=0x4bd0eb5ad31c586cb385f49cc3421bf413c34c28a9213c39bc0d5322b7dd838d from=0x9BF12759c287b70FeE459c3F50e0b44808E87a35 to=0x0000000000000000000000000000000000000000
t=2023-06-02T16:09:00+0800 lvl=trce msg="Pooled new future transaction"          hash=0x1c2c274497bd9a06d03b6a8ed02dfe982c52286edda612512c4241d9bd5a679c from=0x9BF12759c287b70FeE459c3F50e0b44808E87a35 to=0x0000000000000000000000000000000000000000
t=2023-06-02T16:09:00+0800 lvl=trce msg="Pooled new future transaction"          hash=0xf66a954cc776952615c13e238e019aa80a6e9c82637813857875f40175cf9268 from=0x9BF12759c287b70FeE459c3F50e0b44808E87a35 to=0x0000000000000000000000000000000000000000
t=2023-06-02T16:09:00+0800 lvl=trce msg="Pooled new future transaction"          hash=0x7dcd8bfe58a05eee0f816954b4bd11dd8b29733f285145dbc2e3f130a13bd795 from=0xbf186BC9fa4975D227B3dC76067880ec67530CE9 to=0x0000000000000000000000000000000000000000
t=2023-06-02T16:09:00+0800 lvl=trce msg="Pooled new future transaction"          hash=0xa1dc71529257eb0a3305f90d7eadb61ecb6a4338a0bd2bd4c0bd311bfc86bb7d from=0x9BF12759c287b70FeE459c3F50e0b44808E87a35 to=0x0000000000000000000000000000000000000000
t=2023-06-02T16:09:00+0800 lvl=trce msg="Removed old queued transactions"        count=0
t=2023-06-02T16:09:00+0800 lvl=trce msg="Removed unpayable queued transactions"  count=0
t=2023-06-02T16:09:00+0800 lvl=trce msg="Promoted queued transactions"           count=0
t=2023-06-02T16:09:00+0800 lvl=trce msg="Discarding freshly underpriced transaction" hash=0xf2d13914a42d357f12f6d169a238485b83d682cd3d157989b886e411c5948af9 gasTipCap=13 gasFeeCap=413
t=2023-06-02T16:09:00+0800 lvl=trce msg="Pooled new future transaction"          hash=0xd949b887274fd0ddf7960d41b23fe80e36c73e26389b9fef924135f35342056a from=0x24474197a844c692fe4Ee810161405d0F7103Bb5 to=0x0000000000000000000000000000000000000000
t=2023-06-02T16:09:00+0800 lvl=trce msg="Removed old queued transactions"        count=0
t=2023-06-02T16:09:00+0800 lvl=trce msg="Removed unpayable queued transactions"  count=0
t=2023-06-02T16:09:00+0800 lvl=trce msg="Promoted queued transactions"           count=1
t=2023-06-02T16:09:00+0800 lvl=trce msg="Removed cap-exceeding queued transaction" hash=0xe3ca3f243083b1d4d3295c5e3d2658d631a8aad04fa8cba3ac730ed4dcf802c5
t=2023-06-02T16:09:00+0800 lvl=trce msg="Removed cap-exceeding queued transaction" hash=0x88d5b2d41131daa52ac96ff5772d0a2d748a768952141fdc3bc56794e64db61a
t=2023-06-02T16:09:00+0800 lvl=trce msg="Removed cap-exceeding queued transaction" hash=0xf42b5e54e84c392ce7a3aab3adde0f16aba9852dfe9ab15233f4352690578221
t=2023-06-02T16:09:00+0800 lvl=trce msg="Removed cap-exceeding queued transaction" hash=0x82e962d5d7e1be692361d644a123327df863e9592bf75ab7f9dd16764af000b2
t=2023-06-02T16:09:00+0800 lvl=trce msg="Removed cap-exceeding queued transaction" hash=0x5f8c6982883aca706869153bc8471e2d7858282956d1f8f86629e86f3e6ea9e2
t=2023-06-02T16:09:00+0800 lvl=trce msg="Removed cap-exceeding queued transaction" hash=0x65c3eae148dd49fb2778c7e9c2a434875169b979928a462e38cf5293e3933165
t=2023-06-02T16:09:00+0800 lvl=trce msg="Pooled new future transaction"          hash=0xc4a4dce65331b17507f29525cb4d4ed5f73964bb94675f54aeec9434a1b5c35e from=0x7628e7c918DAaf4dfbF615023fDBcF72b8479bCe to=0x0000000000000000000000000000000000000000
t=2023-06-02T16:09:00+0800 lvl=trce msg="Removed old queued transactions"        count=0
t=2023-06-02T16:09:00+0800 lvl=trce msg="Removed unpayable queued transactions"  count=0
t=2023-06-02T16:09:00+0800 lvl=trce msg="Promoted queued transactions"           count=1
t=2023-06-02T16:09:00+0800 lvl=trce msg="Removed cap-exceeding queued transaction" hash=0x1a2a208282a75bccc78f9b14bf626974601aba1206156510418273c41b6373d2
t=2023-06-02T16:09:00+0800 lvl=trce msg="Removed cap-exceeding queued transaction" hash=0xe3cb43373d7fd52057484fb366b33b2756f4139d6819473ed968a1a5eb7ebd0e
t=2023-06-02T16:09:00+0800 lvl=trce msg="Removed cap-exceeding queued transaction" hash=0xfb581584c9aac44f641608e3a811881f765322e1509b53e634b77647f68fe59c
t=2023-06-02T16:09:00+0800 lvl=trce msg="Removed cap-exceeding queued transaction" hash=0xcd56ebd0cbbe66408e01e711118fecfd56d4a6fd13fa0362984555eb7908b10a
t=2023-06-02T16:09:00+0800 lvl=trce msg="Removed cap-exceeding queued transaction" hash=0x84a78cbe95aca2de25c73136ee1a6f9f4a33284921ab08c2f8742471e5ce6dc0
t=2023-06-02T16:09:00+0800 lvl=trce msg="Removed cap-exceeding queued transaction" hash=0x5617b1f4451597da0c5bf4a3c1b83e677a310727dd1182f498f94876c4d83526
t=2023-06-02T16:09:00+0800 lvl=trce msg="Removed cap-exceeding queued transaction" hash=0xcdd4f1440d42bde43d0759916f5eef212492c5a36fc26200a1299db46d43ccae
t=2023-06-02T16:09:00+0800 lvl=trce msg="Removed cap-exceeding queued transaction" hash=0x37894db77c1a8e02e7f8046423134f4a9ef765ede404a86a541d931c40894a50
t=2023-06-02T16:09:00+0800 lvl=trce msg="Removed cap-exceeding queued transaction" hash=0xc83c21aecd5d1ec19bce5a797179dab00f1ad7b1528aea89532216a6f155e89f
t=2023-06-02T16:09:00+0800 lvl=trce msg="Removed cap-exceeding queued transaction" hash=0x81ecc1e28f0876e2b050f98cda888b1cfe441d8c0bcd8fa2f87b160bade9a68b
t=2023-06-02T16:09:00+0800 lvl=trce msg="Removed cap-exceeding queued transaction" hash=0xaad1ad73680659bb00549fc6caf373696f7522a1dccf4495f5467313647dc11f
t=2023-06-02T16:09:00+0800 lvl=trce msg="Removed cap-exceeding queued transaction" hash=0xe2d6c94d41b07aa8881abdf89fb4cf7514be7e8f53ab4f5c9944fd51ee1a731b
t=2023-06-02T16:09:00+0800 lvl=trce msg="Removed cap-exceeding queued transaction" hash=0xd9cfb76ce63eab3de71251c750406f15df338a8d9b9b79e2cc1ee36910da1a8f
t=2023-06-02T16:09:00+0800 lvl=trce msg="Removed cap-exceeding queued transaction" hash=0x5c4f81da6a5266d85b666ded4af00af758b02d934c4fdfb3967208e5262558bc
t=2023-06-02T16:09:00+0800 lvl=trce msg="Removed cap-exceeding queued transaction" hash=0xc7a3f1efc0d4610a357f008be930c0b76bc8ee28169c6fb62d8e1c24763e4c8f
t=2023-06-02T16:09:00+0800 lvl=trce msg="Removed cap-exceeding queued transaction" hash=0x74348741524653d656276bd1294b74d3ea236b9a18519ae235720f964d603957
t=2023-06-02T16:09:00+0800 lvl=trce msg="Pooled new future transaction"          hash=0x44d002d86545f3e4e33fd493038d1c7ba22e658a436c2f0e33424557cd617a4f from=0x44a6Ae12C4A0457140A041408a8EcE9ed9f24602 to=0x0000000000000000000000000000000000000000
t=2023-06-02T16:09:00+0800 lvl=trce msg="Pooled new future transaction"          hash=0xf29eb2e2dcf8c0f8f8efc58919dac882da6fdda3bcec1362f223f16ceada8d38 from=0x7628e7c918DAaf4dfbF615023fDBcF72b8479bCe to=0x0000000000000000000000000000000000000000
t=2023-06-02T16:09:00+0800 lvl=trce msg="Removed old queued transactions"        count=0
t=2023-06-02T16:09:00+0800 lvl=trce msg="Removed unpayable queued transactions"  count=0
t=2023-06-02T16:09:00+0800 lvl=trce msg="Promoted queued transactions"           count=0
t=2023-06-02T16:09:00+0800 lvl=trce msg="Pooled new future transaction"          hash=0xcc3777c5808de7cf1a2c24228597c6a6d75c751531b2b6edd2eb13b3fca330cd from=0xbf186BC9fa4975D227B3dC76067880ec67530CE9 to=0x0000000000000000000000000000000000000000
t=2023-06-02T16:09:00+0800 lvl=trce msg="Pooled new future transaction"          hash=0xf97d6dbb2e043caf2b43ff52280356d37753bace46ed1ab31f9b9bb3e4de65df from=0x44a6Ae12C4A0457140A041408a8EcE9ed9f24602 to=0x0000000000000000000000000000000000000000
t=2023-06-02T16:09:00+0800 lvl=trce msg="Pooled new future transaction"          hash=0x6365302e1c8572d1ac792ecaf7e82a7162b727608bc0d48b6985e858838dbce0 from=0x9BF12759c287b70FeE459c3F50e0b44808E87a35 to=0x0000000000000000000000000000000000000000
t=2023-06-02T16:09:00+0800 lvl=trce msg="Pooled new future transaction"          hash=0x4ef492b3b3f04e4ab79f8152ce951cd47ae67b6e231b501a3b8da5f249e9154a from=0x9BF12759c287b70FeE459c3F50e0b44808E87a35 to=0x0000000000000000000000000000000000000000
t=2023-06-02T16:09:00+0800 lvl=trce msg="Discarding freshly underpriced transaction" hash=0xd2c25b43dc77bfb0980ed016a25e2cfe5afb9dadda1781ebd8a8ae5a1d21c438 gasTipCap=14 gasFeeCap=414
t=2023-06-02T16:09:00+0800 lvl=trce msg="Pooled new future transaction"          hash=0x39707159746820ec7649c7cb5344a2eb9ec9543b70f6961b85577d71ce8e2a7a from=0x9D248356Af70d7AE53Ed709bCCe8ACDA4e6E5b5F to=0x0000000000000000000000000000000000000000
t=2023-06-02T16:09:00+0800 lvl=trce msg="Removed old queued transactions"        count=0
t=2023-06-02T16:09:00+0800 lvl=trce msg="Pooled new future transaction"          hash=0xbe7c756309d622fd67e47117d517c20f2cc6e3008e4382dbfec824896dd0fc46 from=0xBEc7e084Bfa8250123FbFc47b1f0587d67E3dad0 to=0x0000000000000000000000000000000000000000
t=2023-06-02T16:09:00+0800 lvl=trce msg="Pooled new future transaction"          hash=0x6639a14b95d78ff1c3b58e580257714eaea92e5ddfced55a0a03d37a8af4a937 from=0x44a6Ae12C4A0457140A041408a8EcE9ed9f24602 to=0x0000000000000000000000000000000000000000
t=2023-06-02T16:09:00+0800 lvl=trce msg="Pooled new future transaction"          hash=0x840ca9319f4f5f96e634ecb948d39b4f8f11aa92a4ea175660c2e7726e83d158 from=0xbf186BC9fa4975D227B3dC76067880ec67530CE9 to=0x0000000000000000000000000000000000000000
t=2023-06-02T16:09:00+0800 lvl=trce msg="Pooled new future transaction"          hash=0xbbbb9538bdc136cf928a41c473b4121a6c2d7d00e3a0a39c40dd3a68ad48747f from=0x66e0851F1a162869024b4C9f6b1C4Fc5cb4832F1 to=0x0000000000000000000000000000000000000000
t=2023-06-02T16:09:00+0800 lvl=trce msg="Pooled new future transaction"          hash=0x56e17b2e3d9e72856bb0524709d463f6f3400959924e46adc521463800ff030e from=0xBEc7e084Bfa8250123FbFc47b1f0587d67E3dad0 to=0x0000000000000000000000000000000000000000
t=2023-06-02T16:09:00+0800 lvl=trce msg="Removed old queued transactions"        count=0
t=2023-06-02T16:09:00+0800 lvl=trce msg="Removed unpayable queued transactions"  count=0
t=2023-06-02T16:09:00+0800 lvl=trce msg="Promoted queued transactions"           count=1
t=2023-06-02T16:09:00+0800 lvl=trce msg="Removed cap-exceeding queued transaction" hash=0xe77104ab5414279874d9d8fbea49c1a7c72c88dc1023064e9584c88ec16729bc
t=2023-06-02T16:09:00+0800 lvl=trce msg="Removed cap-exceeding queued transaction" hash=0x7cba918538b1d97b4cf7198f0b27aae0ca2e3299c56727a3b76e2bc346e1bf4d
t=2023-06-02T16:09:00+0800 lvl=trce msg="Removed cap-exceeding queued transaction" hash=0xf122c547ac73447281fad849cf9c4a9fd4186b87a8d8e26decb33c0239ffd0b2
t=2023-06-02T16:09:00+0800 lvl=trce msg="Removed old queued transactions"        count=0
t=2023-06-02T16:09:00+0800 lvl=trce msg="Removed unpayable queued transactions"  count=0
t=2023-06-02T16:09:00+0800 lvl=trce msg="Removed unpayable queued transactions"  count=0
t=2023-06-02T16:09:00+0800 lvl=trce msg="Pooled new future transaction"          hash=0x43c461a71f290d6f6726487361b81ae94ddbc81d076fa3cdcd5f30bfc5834284 from=0x66e0851F1a162869024b4C9f6b1C4Fc5cb4832F1 to=0x0000000000000000000000000000000000000000
t=2023-06-02T16:09:00+0800 lvl=trce msg="Pooled new future transaction"          hash=0x844df2623117d24b9ee7d6b07f9fc2dcbabc03036eb5457a8c58433f6fa62053 from=0xBEc7e084Bfa8250123FbFc47b1f0587d67E3dad0 to=0x0000000000000000000000000000000000000000
t=2023-06-02T16:09:00+0800 lvl=trce msg="Pooled new future transaction"          hash=0xe6335688ed7e553c88f8e3118f35df06fd81bacaebb68bb229a62cc0d323aa70 from=0xbf186BC9fa4975D227B3dC76067880ec67530CE9 to=0x0000000000000000000000000000000000000000
t=2023-06-02T16:09:00+0800 lvl=trce msg="Pooled new future transaction"          hash=0x280c43b1b16adc21e542dc3dc290282d32d0ba139e3430045b6cf06da551b074 from=0x44a6Ae12C4A0457140A041408a8EcE9ed9f24602 to=0x0000000000000000000000000000000000000000
t=2023-06-02T16:09:00+0800 lvl=trce msg="Pooled new future transaction"          hash=0xfc7a3797e63670ca7bb1d95d83fee7eb92368aeb1731e92cf2823a97d199a473 from=0xBEc7e084Bfa8250123FbFc47b1f0587d67E3dad0 to=0x0000000000000000000000000000000000000000
t=2023-06-02T16:09:00+0800 lvl=trce msg="Pooled new future transaction"          hash=0x05f5eff8210515431996c4829e73c1b1ab00158e970f843ddfacb8c79da9d936 from=0xBEc7e084Bfa8250123FbFc47b1f0587d67E3dad0 to=0x0000000000000000000000000000000000000000
t=2023-06-02T16:09:00+0800 lvl=trce msg="Promoted queued transactions"           count=1
t=2023-06-02T16:09:00+0800 lvl=trce msg="Pooled new future transaction"          hash=0xa1c5d13a1b2d1aabd1a680598188521dec26b6a06b93fac6dd9adf4b76dc1f9a from=0x9BF12759c287b70FeE459c3F50e0b44808E87a35 to=0x0000000000000000000000000000000000000000
t=2023-06-02T16:09:00+0800 lvl=trce msg="Pooled new future transaction"          hash=0xc95f1ac735d8db76545df85730da335a3fcf21ddd642747953a4842ab806a52a from=0xbf186BC9fa4975D227B3dC76067880ec67530CE9 to=0x0000000000000000000000000000000000000000
t=2023-06-02T16:09:00+0800 lvl=trce msg="Pooled new future transaction"          hash=0x08326efbb3d41ea17703331a8d5f49172910b897778d83fccd4a24077616d9c4 from=0x44a6Ae12C4A0457140A041408a8EcE9ed9f24602 to=0x0000000000000000000000000000000000000000
t=2023-06-02T16:09:00+0800 lvl=trce msg="Pooled new future transaction"          hash=0xf854ca5de072378ae4769db6655b5051a0a6031f914de752a72af6008003f84c from=0x44a6Ae12C4A0457140A041408a8EcE9ed9f24602 to=0x0000000000000000000000000000000000000000
t=2023-06-02T16:09:00+0800 lvl=trce msg="Pooled new future transaction"          hash=0x0c3cd37aa3f8708d646fb4d7d9eda1acb3b186513811bac3eb1385c27439f0e1 from=0x44a6Ae12C4A0457140A041408a8EcE9ed9f24602 to=0x0000000000000000000000000000000000000000
t=2023-06-02T16:09:00+0800 lvl=trce msg="Promoted queued transactions"           count=0
t=2023-06-02T16:09:00+0800 lvl=trce msg="Removed cap-exceeding queued transaction" hash=0x02a227cabd0dae4cf88a86878fdf59375df61998a4c7e0bbe2212652ab742f27
t=2023-06-02T16:09:00+0800 lvl=trce msg="Removed cap-exceeding queued transaction" hash=0xf06f38f5488894eb8296b7bf69bea29ae4f6597b9e45023efdd6a267085dea4f
t=2023-06-02T16:09:00+0800 lvl=trce msg="Removed cap-exceeding queued transaction" hash=0x9b488d6e55066e0e3aef5f2b2a9b7f60b03baeb94db121e1278091665cf2c9c2
t=2023-06-02T16:09:00+0800 lvl=trce msg="Removed cap-exceeding queued transaction" hash=0xc9d593fe79a540181f381932009522867db3993cc38304f048f689104935e2f4
t=2023-06-02T16:09:00+0800 lvl=trce msg="Removed cap-exceeding queued transaction" hash=0xc35f61b83eecbcf71c46270b6eb99f4dae65470b1c983526ded3bb70766ccc0e
t=2023-06-02T16:09:00+0800 lvl=trce msg="Removed cap-exceeding queued transaction" hash=0xb47c8fa52cd406ac02bac808ec8950c929a91b496a2eeda8670cdcb9cf0136ad
t=2023-06-02T16:09:00+0800 lvl=trce msg="Removed cap-exceeding queued transaction" hash=0x4e50b97cd6460ca515b8ce31148467d934e216acc4bd7ca106dd1590b877d33d
t=2023-06-02T16:09:00+0800 lvl=trce msg="Removed old queued transactions"        count=0
t=2023-06-02T16:09:00+0800 lvl=trce msg="Removed unpayable queued transactions"  count=0
t=2023-06-02T16:09:00+0800 lvl=trce msg="Promoted queued transactions"           count=0
t=2023-06-02T16:09:00+0800 lvl=trce msg="Pooled new future transaction"          hash=0x5f5d2144fd71647f11de9dee4081b77126f907263325749fa94ec024246f4c0a from=0x9BF12759c287b70FeE459c3F50e0b44808E87a35 to=0x0000000000000000000000000000000000000000
t=2023-06-02T16:09:00+0800 lvl=trce msg="Pooled new future transaction"          hash=0x95c2e35895351755e9dacbf91d7a25496c2890da267f5e11ea76fdac408a3b2d from=0xbf186BC9fa4975D227B3dC76067880ec67530CE9 to=0x0000000000000000000000000000000000000000
t=2023-06-02T16:09:00+0800 lvl=trce msg="Pooled new future transaction"          hash=0xbdbeb859dc562298c1f061aea91534175ded32b3b6dfe87106a3aa437489acb6 from=0xBEc7e084Bfa8250123FbFc47b1f0587d67E3dad0 to=0x0000000000000000000000000000000000000000
t=2023-06-02T16:09:00+0800 lvl=trce msg="Pooled new future transaction"          hash=0xb036896238e1a57873a15204690cfc660b69004f3dcf1778c0cfa8c0e8fabedc from=0xbf186BC9fa4975D227B3dC76067880ec67530CE9 to=0x0000000000000000000000000000000000000000
t=2023-06-02T16:09:00+0800 lvl=trce msg="Pooled new future transaction"          hash=0x64e8cd714d63e0daf13602de8a05d1aaae7314f3ae0ea552fdba15e9d2a056de from=0x44a6Ae12C4A0457140A041408a8EcE9ed9f24602 to=0x0000000000000000000000000000000000000000
t=2023-06-02T16:09:00+0800 lvl=trce msg="Pooled new future transaction"          hash=0x17eff7646d019287d060f78b8bdf2513312250c862aeab9499de9d7623b1a4fe from=0xBEc7e084Bfa8250123FbFc47b1f0587d67E3dad0 to=0x0000000000000000000000000000000000000000
t=2023-06-02T16:09:00+0800 lvl=trce msg="Pooled new future transaction"          hash=0x349bebd6633891e12988157ccca42e084f5a1463d57415bbdcc4eca93cdc36be from=0x9BF12759c287b70FeE459c3F50e0b44808E87a35 to=0x0000000000000000000000000000000000000000
t=2023-06-02T16:09:00+0800 lvl=trce msg="Pooled new future transaction"          hash=0x0e7eb09149f7e1136a7099f7c61a9e0fb4502753012f8d55f693210f4171c76f from=0x44a6Ae12C4A0457140A041408a8EcE9ed9f24602 to=0x0000000000000000000000000000000000000000
t=2023-06-02T16:09:00+0800 lvl=trce msg="Pooled new future transaction"          hash=0xcd3ce40ce25794b91f045548ba6c79c103909a5f1c895716a92457509f8b9d6d from=0xBEc7e084Bfa8250123FbFc47b1f0587d67E3dad0 to=0x0000000000000000000000000000000000000000
t=2023-06-02T16:09:00+0800 lvl=trce msg="Pooled new future transaction"          hash=0xcc476eb77fe5bb6f86c37e558663402214250d9f257cf48718c70740b2dfcd9c from=0x44a6Ae12C4A0457140A041408a8EcE9ed9f24602 to=0x0000000000000000000000000000000000000000
t=2023-06-02T16:09:00+0800 lvl=trce msg="Pooled new future transaction"          hash=0x333ac490e04a7cbf4ad369d770b8105093e7819664a81fafeddcc540d62be14f from=0x9BF12759c287b70FeE459c3F50e0b44808E87a35 to=0x0000000000000000000000000000000000000000
t=2023-06-02T16:09:00+0800 lvl=trce msg="Removed cap-exceeding queued transaction" hash=0xcaa32523f9e45ddebf913a284bc670e3e127220542b0e1f63ddd8516f5f0019d
t=2023-06-02T16:09:00+0800 lvl=trce msg="Pooled new future transaction"          hash=0xe1cec3e1f9a882b802cacde335189537050963d3a8118505af90fde498f4dbe7 from=0xBEc7e084Bfa8250123FbFc47b1f0587d67E3dad0 to=0x0000000000000000000000000000000000000000
t=2023-06-02T16:09:00+0800 lvl=trce msg="Removed cap-exceeding queued transaction" hash=0x799ff014c98622d966c9c3ec248b5015166ce06f2c57297b95785ee6f7073f35
t=2023-06-02T16:09:00+0800 lvl=trce msg="Removed cap-exceeding queued transaction" hash=0x2db77de24080f4f16e85ce76bda8d48d4889f5bf4c1dd6a7114a6b52d0cd0cc1
t=2023-06-02T16:09:00+0800 lvl=trce msg="Removed cap-exceeding queued transaction" hash=0xc55de1e7a315301ae3cb82a1da5aada1898c8bd657468301010ae65e457096aa
t=2023-06-02T16:09:00+0800 lvl=trce msg="Removed cap-exceeding queued transaction" hash=0x25500b6e688ddb3ba59031d107a1713e9b2655e4cc4b1186ecac2bad3a885069
t=2023-06-02T16:09:00+0800 lvl=trce msg="Removed cap-exceeding queued transaction" hash=0x4e786ef008aedbac6021024235174092432b4090314c59aa9d4f172a6685a25c
t=2023-06-02T16:09:00+0800 lvl=trce msg="Removed cap-exceeding queued transaction" hash=0xe491e9f976ccf442726114341113892deafb6ed68e68f8c54262b98a19a3fec5
t=2023-06-02T16:09:00+0800 lvl=trce msg="Removed cap-exceeding queued transaction" hash=0x7cdd0ffa038472e9a3215798aa866763c829bc1171a5093056e5a0e70f872ae5
t=2023-06-02T16:09:00+0800 lvl=trce msg="Removed cap-exceeding queued transaction" hash=0x1119837fdc72ecf63e2e591cce6c361869facef171ddb82987bf5bae26aea399
t=2023-06-02T16:09:00+0800 lvl=trce msg="Removed cap-exceeding queued transaction" hash=0xd8d5afbe16fb9e9fd40c90f90dbe69e97bffe94fee9610d716825a0ebfc0d05f
t=2023-06-02T16:09:00+0800 lvl=trce msg="Removed cap-exceeding queued transaction" hash=0x632176d2b2020bc789414068fd2efc1a615874c68ce1a814ddcb61afd17389c3
t=2023-06-02T16:09:00+0800 lvl=trce msg="Removed cap-exceeding queued transaction" hash=0xff7696b7678cf6aa28ade60ba14664b47f594050031651a652f4c52b73160472
t=2023-06-02T16:09:00+0800 lvl=trce msg="Removed cap-exceeding queued transaction" hash=0x027f3a35a651f2b679fa6070c9100fd05a59c9753bcdcbfb1dc2c5e39f8192f1
t=2023-06-02T16:09:00+0800 lvl=trce msg="Removed cap-exceeding queued transaction" hash=0xfeddb55e7d57e37f6c443bca050fcd242d6cb4bba00dd47ec48acfc3fc8ddbad
t=2023-06-02T16:09:00+0800 lvl=trce msg="Removed cap-exceeding queued transaction" hash=0x5443cec167d887f1ccdf4a784732a5a120bd281384567fd22bdbfea53082f9ba
t=2023-06-02T16:09:00+0800 lvl=trce msg="Pooled new future transaction"          hash=0x68949f1111d95e80ae489640f86f747d4559b980b017f076bb9ec14ba06c7814 from=0x7628e7c918DAaf4dfbF615023fDBcF72b8479bCe to=0x0000000000000000000000000000000000000000
t=2023-06-02T16:09:00+0800 lvl=trce msg="Pooled new future transaction"          hash=0xf7e7c1ed59a1387645cf3403704f6f8e622cfa7d82e80070e7b3a356362941ac from=0x44a6Ae12C4A0457140A041408a8EcE9ed9f24602 to=0x0000000000000000000000000000000000000000
t=2023-06-02T16:09:00+0800 lvl=trce msg="Pooled new future transaction"          hash=0xa0df9799094f2b066a20e669f0d81c77517335134af7c7895911b963c2449dcc from=0xbf186BC9fa4975D227B3dC76067880ec67530CE9 to=0x0000000000000000000000000000000000000000
t=2023-06-02T16:09:00+0800 lvl=trce msg="Pooled new future transaction"          hash=0x71ad84dcb07331f86c7cda3d0c9d86510186e5036582da7128350eb76aa37c99 from=0x44a6Ae12C4A0457140A041408a8EcE9ed9f24602 to=0x0000000000000000000000000000000000000000
t=2023-06-02T16:09:00+0800 lvl=trce msg="Pooled new future transaction"          hash=0x59d3c1720c8b93d3537dc8e2c1608614a9c8f43903c249a89977686a72ad06e9 from=0x9BF12759c287b70FeE459c3F50e0b44808E87a35 to=0x0000000000000000000000000000000000000000
t=2023-06-02T16:09:00+0800 lvl=trce msg="Pooled new future transaction"          hash=0xe2b9571b3df5c18d3179efed3ca5c2e0cffff5abefc1fb22991255c20a18dd65 from=0x9BF12759c287b70FeE459c3F50e0b44808E87a35 to=0x0000000000000000000000000000000000000000
t=2023-06-02T16:09:00+0800 lvl=trce msg="Pooled new future transaction"          hash=0x459aa70fd9dd8dfde9b97c02cc1e00b1eead8783ac608323ae38e2edbe96b6cf from=0xBEc7e084Bfa8250123FbFc47b1f0587d67E3dad0 to=0x0000000000000000000000000000000000000000
t=2023-06-02T16:09:00+0800 lvl=trce msg="Removed cap-exceeding queued transaction" hash=0x42c75bdb2371acb5cb31c5bc6eff031919182e9cb6ee26a05ddd7f49d57b3c60
t=2023-06-02T16:09:00+0800 lvl=trce msg="Pooled new future transaction"          hash=0x3802d8cbb003f07ba8a894d4c1f1127a032a0338a67cb8d264bd99356fbe435a from=0x44a6Ae12C4A0457140A041408a8EcE9ed9f24602 to=0x0000000000000000000000000000000000000000
t=2023-06-02T16:09:00+0800 lvl=trce msg="Pooled new future transaction"          hash=0x15c900363c125373ce892211a701fdb974d702d55cf9d8e65dccf737bbebf3aa from=0xBEc7e084Bfa8250123FbFc47b1f0587d67E3dad0 to=0x0000000000000000000000000000000000000000
t=2023-06-02T16:09:00+0800 lvl=trce msg="Pooled new future transaction"          hash=0x2c57bb64e4531b9bc5f81ca4775be1a2ffb2cd73b6338b489c9aaf42bd2fd0be from=0x9BF12759c287b70FeE459c3F50e0b44808E87a35 to=0x0000000000000000000000000000000000000000
t=2023-06-02T16:09:00+0800 lvl=trce msg="Pooled new future transaction"          hash=0x39d0518b9b9776d0747c8d497e0bf7c1debc8c435c82d482416df1fd3828bd7d from=0x44a6Ae12C4A0457140A041408a8EcE9ed9f24602 to=0x0000000000000000000000000000000000000000
t=2023-06-02T16:09:00+0800 lvl=trce msg="Pooled new future transaction"          hash=0x0ddfa677cb30b5896b8749c992e0f5464c3147970e1225230058178fe0cdab35 from=0x44a6Ae12C4A0457140A041408a8EcE9ed9f24602 to=0x0000000000000000000000000000000000000000
t=2023-06-02T16:09:00+0800 lvl=trce msg="Pooled new future transaction"          hash=0x7d6e9e88307452ae4ab4980bfa5505ddfb1badb204c5440877fc40ab4ee8ebcc from=0xbf186BC9fa4975D227B3dC76067880ec67530CE9 to=0x0000000000000000000000000000000000000000
t=2023-06-02T16:09:00+0800 lvl=trce msg="Pooled new future transaction"          hash=0x40a11131acf8ba24014bb96471a5469be3857c80c5d9f900d0939907b76159c4 from=0x44a6Ae12C4A0457140A041408a8EcE9ed9f24602 to=0x0000000000000000000000000000000000000000
t=2023-06-02T16:09:00+0800 lvl=trce msg="Pooled new future transaction"          hash=0x57ad92e70db01d5a06e7c3265b1c85d5205925b0fb98d2240622d59887471dcd from=0x44a6Ae12C4A0457140A041408a8EcE9ed9f24602 to=0x0000000000000000000000000000000000000000
t=2023-06-02T16:09:00+0800 lvl=trce msg="Pooled new future transaction"          hash=0xd6ff686ccc7accaea23239348f3ff145e70254ff94cba346ed038924f0d37bfd from=0x44a6Ae12C4A0457140A041408a8EcE9ed9f24602 to=0x0000000000000000000000000000000000000000
t=2023-06-02T16:09:00+0800 lvl=trce msg="Pooled new future transaction"          hash=0x87f312e281ed77dad7f17d0b16300b5d5a5333e365c33eae3dd1d517fc679f8d from=0x44a6Ae12C4A0457140A041408a8EcE9ed9f24602 to=0x0000000000000000000000000000000000000000
t=2023-06-02T16:09:00+0800 lvl=trce msg="Pooled new future transaction"          hash=0x64387ed4dbd7617fa7fd2a3a31d3e5cfc041b59f5eb4e21153cbf928cedb0b4d from=0xBEc7e084Bfa8250123FbFc47b1f0587d67E3dad0 to=0x0000000000000000000000000000000000000000
t=2023-06-02T16:09:00+0800 lvl=trce msg="Pooled new future transaction"          hash=0x0a02c52bf187cf5b7c9fd3278252e22fd1d7cd8de9860baec0b9f7c9e76a7428 from=0xbf186BC9fa4975D227B3dC76067880ec67530CE9 to=0x0000000000000000000000000000000000000000
t=2023-06-02T16:09:00+0800 lvl=trce msg="Removed cap-exceeding queued transaction" hash=0x518bc9346c897c9311bb3f5c1054b296224c6ff0474c6fdc23944af2e6064e0a
t=2023-06-02T16:09:00+0800 lvl=trce msg="Pooled new future transaction"          hash=0x3a882456811f0608ce81359cd18b1023f9b81927b2bcb70f7cb5fc8a01d6da21 from=0x9BF12759c287b70FeE459c3F50e0b44808E87a35 to=0x0000000000000000000000000000000000000000
t=2023-06-02T16:09:00+0800 lvl=trce msg="Removed cap-exceeding queued transaction" hash=0x1b357dfb8e3a7da1325a5d732971e934b979b9c72474d351e3b5a125c4942baa
t=2023-06-02T16:09:00+0800 lvl=trce msg="Removed cap-exceeding queued transaction" hash=0x69a8c6d7a05a0c058aae9b4c51206cfd4827a404ad68c6ef4c6d4198c2c587b1
t=2023-06-02T16:09:00+0800 lvl=trce msg="Removed cap-exceeding queued transaction" hash=0x9331ac3ea1d798649f2854536a211608ba81c274de3717d8306dc52ae0673f06
t=2023-06-02T16:09:00+0800 lvl=trce msg="Removed cap-exceeding queued transaction" hash=0xffd51f2fbe3d4185b9e184d9dee103c8fc3861b82904aa27b580c04892a0d05c
t=2023-06-02T16:09:00+0800 lvl=trce msg="Removed cap-exceeding queued transaction" hash=0xbd715304771eaf053b940fb1eaf3127e2efe12b0273e72cd4c6ca56721646a33
t=2023-06-02T16:09:00+0800 lvl=trce msg="Removed cap-exceeding queued transaction" hash=0xa54a92ac747dcee97292178227a045af4a1c562664df9b04619c4b1b2e680e4f
t=2023-06-02T16:09:00+0800 lvl=trce msg="Removed old queued transactions"        count=0
t=2023-06-02T16:09:00+0800 lvl=trce msg="Removed unpayable queued transactions"  count=0
t=2023-06-02T16:09:00+0800 lvl=trce msg="Promoted queued transactions"           count=1
t=2023-06-02T16:09:00+0800 lvl=trce msg="Pooled new future transaction"          hash=0xef2416bc2be0f6dec40b07d70c27ac78c9c4bd9f436ca446c6fd41fc8d0d9839 from=0x9BF12759c287b70FeE459c3F50e0b44808E87a35 to=0x0000000000000000000000000000000000000000
t=2023-06-02T16:09:00+0800 lvl=trce msg="Pooled new future transaction"          hash=0x3506f4f5af85ef19110a0c479d35c70b07bea0e5c034ac69444593aa8f5d9baa from=0xbf186BC9fa4975D227B3dC76067880ec67530CE9 to=0x0000000000000000000000000000000000000000
t=2023-06-02T16:09:00+0800 lvl=trce msg="Pooled new future transaction"          hash=0xd7b74f802a13078a672759ad0efd6ea8237a91f06e94d628eb3d590100b68579 from=0xBEc7e084Bfa8250123FbFc47b1f0587d67E3dad0 to=0x0000000000000000000000000000000000000000
t=2023-06-02T16:09:00+0800 lvl=trce msg="Discarding freshly underpriced transaction" hash=0xbaadcc5601369d21bdbf6e968ab3dee2628a05a503e2c1ef2d24da4e4a07f389 gasTipCap=15 gasFeeCap=415
t=2023-06-02T16:09:00+0800 lvl=trce msg="Pooled new future transaction"          hash=0x45ac98fbb03144a5c9d9a5045e7b3fc6118f8194bf7a79b38ade71d072aedb85 from=0x7628e7c918DAaf4dfbF615023fDBcF72b8479bCe to=0x0000000000000000000000000000000000000000
t=2023-06-02T16:09:00+0800 lvl=trce msg="Removed old queued transactions"        count=0
t=2023-06-02T16:09:00+0800 lvl=trce msg="Removed unpayable queued transactions"  count=0
t=2023-06-02T16:09:00+0800 lvl=trce msg="Promoted queued transactions"           count=0
t=2023-06-02T16:09:00+0800 lvl=trce msg="Pooled new future transaction"          hash=0xe58cb4b4f41c0c1c3a704362275472ef5f4ecfa881d1963a92188ef2dd456dc0 from=0xba67461321722CE550E6E685BB1Bd02E8f36fe1d to=0x0000000000000000000000000000000000000000
t=2023-06-02T16:09:00+0800 lvl=trce msg="Removed old queued transactions"        count=0
t=2023-06-02T16:09:00+0800 lvl=trce msg="Removed unpayable queued transactions"  count=0
t=2023-06-02T16:09:00+0800 lvl=trce msg="Promoted queued transactions"           count=1
t=2023-06-02T16:09:00+0800 lvl=trce msg="Pooled new future transaction"          hash=0x96c1aa2c12b6de85820019067e57aeabcd5fdc2fadf60fa5f89226f5ced5da0a from=0x44a6Ae12C4A0457140A041408a8EcE9ed9f24602 to=0x0000000000000000000000000000000000000000
t=2023-06-02T16:09:00+0800 lvl=trce msg="Pooled new future transaction"          hash=0xf76a8d7c14f43c8e029a79e5f978c21b5e84cd2be16462e37637be6c857322ec from=0xBEc7e084Bfa8250123FbFc47b1f0587d67E3dad0 to=0x0000000000000000000000000000000000000000
t=2023-06-02T16:09:00+0800 lvl=trce msg="Pooled new future transaction"          hash=0xfcb60671d2fe96c4c203042fd93db1a9e7ec009f99a189d708b46740eccaebe4 from=0xbf186BC9fa4975D227B3dC76067880ec67530CE9 to=0x0000000000000000000000000000000000000000
t=2023-06-02T16:09:00+0800 lvl=trce msg="Pooled new future transaction"          hash=0x882431d90aff08125e02bab085a887d790332fb0d50f94aef4fc705237344343 from=0x9BF12759c287b70FeE459c3F50e0b44808E87a35 to=0x0000000000000000000000000000000000000000
t=2023-06-02T16:09:00+0800 lvl=trce msg="Pooled new future transaction"          hash=0xecd821779f7a9508e65dfe5176d8c1ac836ce8e8772e23fdd314ecc99141c111 from=0x44a6Ae12C4A0457140A041408a8EcE9ed9f24602 to=0x0000000000000000000000000000000000000000
t=2023-06-02T16:09:00+0800 lvl=trce msg="Removed cap-exceeding queued transaction" hash=0xe62c29fcfe6fe3d748574fbe471ed9c56928aebb775bac155616d506b3ef39c3
t=2023-06-02T16:09:00+0800 lvl=trce msg="Pooled new future transaction"          hash=0x022bc5976cbb493c46500e685be00e87bb4f0105814a5ae6a3c117eee360eedc from=0x9BF12759c287b70FeE459c3F50e0b44808E87a35 to=0x0000000000000000000000000000000000000000
t=2023-06-02T16:09:00+0800 lvl=trce msg="Removed cap-exceeding queued transaction" hash=0x463bdc44c19b59ef4829326640b9ca94a4ecf5b21ec102458edac1a4aa56d78a
t=2023-06-02T16:09:00+0800 lvl=trce msg="Pooled new future transaction"          hash=0x83d6511f6e8054d51a6d42809d6bc0f26a277c2999367b79d53688d1c886b6e3 from=0x44a6Ae12C4A0457140A041408a8EcE9ed9f24602 to=0x0000000000000000000000000000000000000000
t=2023-06-02T16:09:00+0800 lvl=trce msg="Discarding freshly underpriced transaction" hash=0x49af95f745f3dff1de9f7211c8dd05e9b2a7b3c53f4d53a689f3b258a75f30ef gasTipCap=16 gasFeeCap=416
t=2023-06-02T16:09:00+0800 lvl=trce msg="Pooled new future transaction"          hash=0xc1830f1d62248dbd0886c21363cf70604d6d9dc2c69728c209d293589bd5fa48 from=0xC6C9937691fd8E9DaE942c9Fd05F7851854e6430 to=0x0000000000000000000000000000000000000000
t=2023-06-02T16:09:00+0800 lvl=trce msg="Removed old queued transactions"        count=0
t=2023-06-02T16:09:00+0800 lvl=trce msg="Removed unpayable queued transactions"  count=0
t=2023-06-02T16:09:00+0800 lvl=trce msg="Promoted queued transactions"           count=1
t=2023-06-02T16:09:00+0800 lvl=trce msg="Removed cap-exceeding queued transaction" hash=0x0e0242d0cc779dd332e169eb7986d7fd47e137ad70b02d955bddf1cdbea7c386
t=2023-06-02T16:09:00+0800 lvl=trce msg="Removed cap-exceeding queued transaction" hash=0x4089c19b503425d600432f3f53ea691ef3bea952ebb855beb61da93f03c89873
t=2023-06-02T16:09:00+0800 lvl=trce msg="Removed cap-exceeding queued transaction" hash=0x5457f1f972a0ee0ca889479d324d62966279e3c0e1d7c0b8994be4c9a48287e2
t=2023-06-02T16:09:00+0800 lvl=trce msg="Removed cap-exceeding queued transaction" hash=0x631f214560f56a06b0ff3dd33d0105ab232b607193ed30b1144a164e178dcf7d
t=2023-06-02T16:09:00+0800 lvl=trce msg="Pooled new future transaction"          hash=0x885894e3e800fc129ce9582bd4fa90cbdd7244273b003fb89b1d21476a64ba4d from=0xbf186BC9fa4975D227B3dC76067880ec67530CE9 to=0x0000000000000000000000000000000000000000
t=2023-06-02T16:09:00+0800 lvl=trce msg="Pooled new future transaction"          hash=0xd2907c89388564337acc7a33601641ff267e0ed95950b15b8af722180819932c from=0xbf186BC9fa4975D227B3dC76067880ec67530CE9 to=0x0000000000000000000000000000000000000000
t=2023-06-02T16:09:00+0800 lvl=trce msg="Pooled new future transaction"          hash=0xafe8fefa18668c73fb6b78b124e76c2b8b35a6aba0fccb5a9a6f4760e88bfacd from=0xBEc7e084Bfa8250123FbFc47b1f0587d67E3dad0 to=0x0000000000000000000000000000000000000000
t=2023-06-02T16:09:00+0800 lvl=trce msg="Pooled new future transaction"          hash=0xbebc41415358a4b15a4f0e9f0736b40a0725084b13d9a96f89232dc0c5b76872 from=0x44a6Ae12C4A0457140A041408a8EcE9ed9f24602 to=0x0000000000000000000000000000000000000000
t=2023-06-02T16:09:00+0800 lvl=trce msg="Pooled new future transaction"          hash=0xfc03104063d39e31837db2840783a9698fd2d3ac4776e16567614ea83047ec84 from=0x66e0851F1a162869024b4C9f6b1C4Fc5cb4832F1 to=0x0000000000000000000000000000000000000000
t=2023-06-02T16:09:00+0800 lvl=trce msg="Removed old queued transactions"        count=0
t=2023-06-02T16:09:00+0800 lvl=trce msg="Removed unpayable queued transactions"  count=0
t=2023-06-02T16:09:00+0800 lvl=trce msg="Promoted queued transactions"           count=1
t=2023-06-02T16:09:00+0800 lvl=trce msg="Removed cap-exceeding queued transaction" hash=0x1986b5ffe0e62a2b1fabc37a7b141850523aa888fa6d73859b230affb8755762
t=2023-06-02T16:09:00+0800 lvl=trce msg="Discarding freshly underpriced transaction" hash=0x8a33a4a927aec4c288e661260398d2841ca6eb3110b95e5ae2d79d4f644c01f1 gasTipCap=17 gasFeeCap=417
t=2023-06-02T16:09:00+0800 lvl=trce msg="Pooled new future transaction"          hash=0x5550e41f3115104a7c4edc428ee3cf6233f76c29cf44189efcea0844e0ad9afd from=0x41EBbA1A63C3BDa1F3c9579D27bAF8f080e241AF to=0x0000000000000000000000000000000000000000
t=2023-06-02T16:09:00+0800 lvl=trce msg="Removed cap-exceeding queued transaction" hash=0x10d93d48526bdcb81a2bb8d076df30e458de3eaf4b89ccc3dc65b4fafc7de7bb
t=2023-06-02T16:09:00+0800 lvl=trce msg="Removed old queued transactions"        count=0
t=2023-06-02T16:09:00+0800 lvl=trce msg="Removed unpayable queued transactions"  count=0
t=2023-06-02T16:09:00+0800 lvl=trce msg="Promoted queued transactions"           count=1
t=2023-06-02T16:09:00+0800 lvl=trce msg="Removed cap-exceeding queued transaction" hash=0x420503e1094df58a24b43be62dd36d7f03d372bf688d25bc5125049b36c83b01
t=2023-06-02T16:09:00+0800 lvl=trce msg="Removed cap-exceeding queued transaction" hash=0x6fa56f8a659f8d2593e6cf5c5d6098b9069b6705ca1e6b67b408ee2e172c7d07
t=2023-06-02T16:09:00+0800 lvl=trce msg="Removed cap-exceeding queued transaction" hash=0x543b814a80ff37ce8cbc509d5c706299adeadf0bd83745ed5c3ef799c64b8ac4
t=2023-06-02T16:09:00+0800 lvl=trce msg="Removed cap-exceeding queued transaction" hash=0x594e030f441916e8f3163466e26478fe766d48ff3101a24468826e4a43a7f3fe
t=2023-06-02T16:09:00+0800 lvl=trce msg="Removed cap-exceeding queued transaction" hash=0x6abaaa31443523a9394fc798070340fea25fd1ebdc1dd3af31ef04e3b58b8425
t=2023-06-02T16:09:00+0800 lvl=trce msg="Removed cap-exceeding queued transaction" hash=0x801e66629b8eef17b80b5a018b648c4cd54e0cfa8eff89eae126d29c0af52b87
t=2023-06-02T16:09:00+0800 lvl=trce msg="Removed cap-exceeding queued transaction" hash=0x2470bdbb091e3b951b41f276fa40a35724a4a2cbd57d7f34df7210cd0d0b2c91
t=2023-06-02T16:09:00+0800 lvl=trce msg="Pooled new future transaction"          hash=0x0aa3af62f626438a22fe6a17193518554d4c3585104108a58a6391f91eec97c6 from=0x66e0851F1a162869024b4C9f6b1C4Fc5cb4832F1 to=0x0000000000000000000000000000000000000000
t=2023-06-02T16:09:00+0800 lvl=trce msg="Removed old queued transactions"        count=0
t=2023-06-02T16:09:00+0800 lvl=trce msg="Removed unpayable queued transactions"  count=0
t=2023-06-02T16:09:00+0800 lvl=trce msg="Promoted queued transactions"           count=0
t=2023-06-02T16:09:00+0800 lvl=trce msg="Removed cap-exceeding queued transaction" hash=0xb4c5632460db1c108b2058add6fa3db5113427353d0e902fbf2d2cdec9ba3a35
t=2023-06-02T16:09:00+0800 lvl=trce msg="Removed cap-exceeding queued transaction" hash=0x27c2213a8bce5751f3512a00c98ce9e6d5b1201db11e8661dde00305d5053efe
t=2023-06-02T16:09:00+0800 lvl=trce msg="Removed cap-exceeding queued transaction" hash=0x6872710be87d55f1f7062dacd700b2f2a0f151af6239f747546510bd5fed346e
t=2023-06-02T16:09:00+0800 lvl=trce msg="Removed cap-exceeding queued transaction" hash=0xe5e035a367d28a3749901185c9cc04672f055dd0d9caece961ede8cc0e2b2acd
t=2023-06-02T16:09:00+0800 lvl=trce msg="Removed cap-exceeding queued transaction" hash=0xa6a55ede199bbd4d8bf2bdacc5245ebe893861cc66d543bbb0d2ed020eb8d0a3
t=2023-06-02T16:09:00+0800 lvl=info msg="Transaction pool stopped"
--- PASS: TestTransactionPoolStableUnderpricing (0.13s)
t=2023-06-02T16:09:00+0800 lvl=trce msg="Removed cap-exceeding queued transaction" hash=0xbee0a14da86c36bf86f58e5060c95490fdcc5480928109dad5eac4ee24423113
t=2023-06-02T16:09:00+0800 lvl=trce msg="Removed cap-exceeding queued transaction" hash=0x6b60425cebddf85a32d90b8c982f5492b2e75e39fc27804ec34e706c1804f194
t=2023-06-02T16:09:00+0800 lvl=trce msg="Removed cap-exceeding queued transaction" hash=0x8c44650ebbbcd2fb85301d7a96591ff838097188264eea63c9f2909ae739c672
t=2023-06-02T16:09:00+0800 lvl=trce msg="Removed cap-exceeding queued transaction" hash=0xa175aba6bd5c1a73aa68fed799e5850822779f88ccb757310222046fda50cdc2
t=2023-06-02T16:09:00+0800 lvl=trce msg="Removed cap-exceeding queued transaction" hash=0x45d0e349ab0be7a7a66d6e57f08bdf5e571992e4c724b79f5696e4ac3a13b0d3
t=2023-06-02T16:09:00+0800 lvl=trce msg="Removed cap-exceeding queued transaction" hash=0xee69706b9d2a5c4faada36bccf4158d90a2f0578362f85408531007d835ffe43
t=2023-06-02T16:09:00+0800 lvl=trce msg="Removed cap-exceeding queued transaction" hash=0x028e00ae09c9845753e4383544eb6568dc44e3f1231f46afbcef78d75f3ec411
t=2023-06-02T16:09:00+0800 lvl=trce msg="Removed cap-exceeding queued transaction" hash=0x250c2b8f2281ce4df99b8f76bad6f61b9257bbfdb7bb740313b7cf868b720cb4
t=2023-06-02T16:09:00+0800 lvl=trce msg="Removed cap-exceeding queued transaction" hash=0x04c7068ebb1e58a0182ab853f0b9cc3f57abc16cbeec2fdbf95473dbcc7e4b0e
t=2023-06-02T16:09:00+0800 lvl=trce msg="Removed cap-exceeding queued transaction" hash=0xb94553068877fc58eae08cd05ff80832e148efde5e4b090e00a9f2e57a98464e
t=2023-06-02T16:09:00+0800 lvl=trce msg="Removed cap-exceeding queued transaction" hash=0x83f5f9cae5c359053145f7e0fa45cda5da119af63d5b1aa0421685bab5b7f739
t=2023-06-02T16:09:00+0800 lvl=trce msg="Removed cap-exceeding queued transaction" hash=0xb473a33a28b737ef994460893f89e08e1d4f7af3f2fd76f37ede0f84c1648bf5
t=2023-06-02T16:09:00+0800 lvl=trce msg="Removed cap-exceeding queued transaction" hash=0xb24bef05c903be0ca3c04a6077773f600c5725bf817313e308f4eaf334112267
t=2023-06-02T16:09:00+0800 lvl=trce msg="Removed cap-exceeding queued transaction" hash=0xee1f5aebe2ef0599e9789c86a4d8292fe52e8ba0367ce986fefd1dc72df5e88d
t=2023-06-02T16:09:00+0800 lvl=trce msg="Pooled new future transaction"          hash=0x4ecc360cd8dfd1db2707dad7dd7e099cfd193e67dc2be8c20a15f48b88206e59 from=0x44a6Ae12C4A0457140A041408a8EcE9ed9f24602 to=0x0000000000000000000000000000000000000000
t=2023-06-02T16:09:00+0800 lvl=trce msg="Pooled new future transaction"          hash=0xf7f5b77f5907661b610f49062f046eb6a7f93480e88606bb717e841be57f2a91 from=0x7628e7c918DAaf4dfbF615023fDBcF72b8479bCe to=0x0000000000000000000000000000000000000000
t=2023-06-02T16:09:00+0800 lvl=trce msg="Removed old queued transactions"        count=0
t=2023-06-02T16:09:00+0800 lvl=trce msg="Pooled new future transaction"          hash=0xb77bd4408a2e6f059b28e0c9779f3e965a3166e9ab24cd9ec4c9f583cc12c596 from=0x9BF12759c287b70FeE459c3F50e0b44808E87a35 to=0x0000000000000000000000000000000000000000
t=2023-06-02T16:09:00+0800 lvl=trce msg="Pooled new future transaction"          hash=0xa5a0596a5f4aaaf00fd4603d04f662cab329392ab667c6d3558110b2e1229051 from=0x44a6Ae12C4A0457140A041408a8EcE9ed9f24602 to=0x0000000000000000000000000000000000000000
t=2023-06-02T16:09:00+0800 lvl=trce msg="Pooled new future transaction"          hash=0xdad82498efbafd5d093c8b70ce15d61f41ec113139043ade4c46be1e10baa5d7 from=0xBEc7e084Bfa8250123FbFc47b1f0587d67E3dad0 to=0x0000000000000000000000000000000000000000
t=2023-06-02T16:09:00+0800 lvl=trce msg="Removed old queued transactions"        count=0
t=2023-06-02T16:09:00+0800 lvl=trce msg="Pooled new future transaction"          hash=0xad98ee8db90ca388e3994b57437ae97ac5b973a6a0bdb649539a1bdb2cf0b280 from=0x9BF12759c287b70FeE459c3F50e0b44808E87a35 to=0x0000000000000000000000000000000000000000
t=2023-06-02T16:09:00+0800 lvl=trce msg="Pooled new future transaction"          hash=0x61b13faefd24a12b19bf2c64e36e7343d32ccac046022d4b7265f328014c3dd3 from=0x9BF12759c287b70FeE459c3F50e0b44808E87a35 to=0x0000000000000000000000000000000000000000
t=2023-06-02T16:09:00+0800 lvl=trce msg="Pooled new future transaction"          hash=0x49f8cf80b0b85cff3ed2d1a5a202886573eb5e02b0c861e77be0be91b6d916bb from=0x44a6Ae12C4A0457140A041408a8EcE9ed9f24602 to=0x0000000000000000000000000000000000000000
t=2023-06-02T16:09:00+0800 lvl=trce msg="Removed unpayable queued transactions"  count=0
t=2023-06-02T16:09:00+0800 lvl=trce msg="Promoted queued transactions"           count=1
t=2023-06-02T16:09:00+0800 lvl=trce msg="Removed unpayable queued transactions"  count=0
t=2023-06-02T16:09:00+0800 lvl=trce msg="Promoted queued transactions"           count=0
t=2023-06-02T16:09:00+0800 lvl=trce msg="Removed cap-exceeding queued transaction" hash=0xce88197ac53f9613d3a4f27f68a5e67d11724f0e0d3d84a9b201698e2fa16006
t=2023-06-02T16:09:00+0800 lvl=trce msg="Removed cap-exceeding queued transaction" hash=0xc397ef85b9c04ab8e62e8e631f816273a15a53fd0824b717b9afed9fc94e2d21
t=2023-06-02T16:09:00+0800 lvl=trce msg="Removed cap-exceeding queued transaction" hash=0xc185552b937ccde80e99711bc6c4aaebc16285c4c18d974278cf932535af0134
t=2023-06-02T16:09:00+0800 lvl=trce msg="Removed cap-exceeding queued transaction" hash=0xb26ff1f62d25d355a696f5fd8e90c38e936fd27ede9c82a361626554c3a4a7b6
t=2023-06-02T16:09:00+0800 lvl=trce msg="Removed cap-exceeding queued transaction" hash=0xa0fb53f87ec6cfcaf69ffd23a16f82840e12c3308e4080d922a8fa3928f4f02b
t=2023-06-02T16:09:00+0800 lvl=trce msg="Removed cap-exceeding queued transaction" hash=0x50d89ab899f230f497eed10630696987f053baa4ecacd922745ceb6fce988731
t=2023-06-02T16:09:00+0800 lvl=trce msg="Removed cap-exceeding queued transaction" hash=0x5993e513c49070e89e2b8934b715f090951153894795b7ce7c4b4f6f70ce5100
t=2023-06-02T16:09:00+0800 lvl=trce msg="Removed cap-exceeding queued transaction" hash=0x53ac4fc03132146df7f223bfc02404a6bf8208363beda38f42c90f7347d58020
t=2023-06-02T16:09:00+0800 lvl=trce msg="Removed cap-exceeding queued transaction" hash=0x1ce4c647f5a0a81d6b0aa97ecaae24bb59d0d69758e0958936f92e8d839ec6d9
t=2023-06-02T16:09:00+0800 lvl=trce msg="Removed cap-exceeding queued transaction" hash=0x695cb1b73de14a84b35da3c6f27d23c198c2b7c8abfaf81375b3b0d954281fa0
t=2023-06-02T16:09:00+0800 lvl=trce msg="Removed cap-exceeding queued transaction" hash=0x27dd9925817cbac443a894daa8097cc35d519b24f9d4a876d88e2d83c1e3b211
t=2023-06-02T16:09:00+0800 lvl=trce msg="Removed cap-exceeding queued transaction" hash=0x94be627ebad14d376db30492a30490961b4d093bce548014d6787d75c934b67e
t=2023-06-02T16:09:00+0800 lvl=trce msg="Removed cap-exceeding queued transaction" hash=0x9e8103a7adac7468352c4aa88cff3f9f0b5d411c6bfa4619599098e047f63bfd
t=2023-06-02T16:09:00+0800 lvl=trce msg="Removed cap-exceeding queued transaction" hash=0x62ac215d65b3fb878f33cdf434acbf95b995cec60ff70b97c6bffc9dc21c52e4
t=2023-06-02T16:09:00+0800 lvl=trce msg="Removed cap-exceeding queued transaction" hash=0x2bee9d26946bc121d7eac9873c11d34949c1df7102a10eb5d60d1e7d6bf68fcd
t=2023-06-02T16:09:00+0800 lvl=trce msg="Removed cap-exceeding queued transaction" hash=0xfb60863e78003b83eb6f7f8f83b55d4a75f979d106e9063c44df0e094cd4821e
t=2023-06-02T16:09:00+0800 lvl=trce msg="Removed cap-exceeding queued transaction" hash=0x03a76090e9215aa71916b6852960ceaffa640c7d9c3bef66b357395a1dbdd5cd
t=2023-06-02T16:09:00+0800 lvl=trce msg="Removed cap-exceeding queued transaction" hash=0x729d9e00ed8bbb6075f8088c1469b0e4be34e48a5967efc8df3da8d57607338b
t=2023-06-02T16:09:00+0800 lvl=trce msg="Discarding freshly underpriced transaction" hash=0xe5f5bb1e25876f3faf30c827405699f9f45ee54235e5b91866be9e1f17091324 gasTipCap=18 gasFeeCap=418
t=2023-06-02T16:09:00+0800 lvl=trce msg="Pooled new future transaction"          hash=0xd94d5e20975f320ece7a7f467f4e8d103c0d7b58e45ac11ea63a3de887d7022e from=0x16A98E380100dA38D1153942574aff9f38aE061C to=0x0000000000000000000000000000000000000000
t=2023-06-02T16:09:00+0800 lvl=trce msg="Removed old queued transactions"        count=0
t=2023-06-02T16:09:00+0800 lvl=trce msg="Removed unpayable queued transactions"  count=0
t=2023-06-02T16:09:00+0800 lvl=trce msg="Promoted queued transactions"           count=1
t=2023-06-02T16:09:00+0800 lvl=trce msg="Pooled new future transaction"          hash=0x637b2f9c134eef5f4d9e4d62df565a6a39c9c0a460ff24280dab5558fb833b18 from=0x44a6Ae12C4A0457140A041408a8EcE9ed9f24602 to=0x0000000000000000000000000000000000000000
t=2023-06-02T16:09:00+0800 lvl=trce msg="Pooled new future transaction"          hash=0x45941ea48cfd033007e6342a7dd9b8bb0bfac88eda980adf38647fbade9afbca from=0x7628e7c918DAaf4dfbF615023fDBcF72b8479bCe to=0x0000000000000000000000000000000000000000
t=2023-06-02T16:09:00+0800 lvl=trce msg="Removed old queued transactions"        count=0
t=2023-06-02T16:09:00+0800 lvl=trce msg="Removed unpayable queued transactions"  count=0
t=2023-06-02T16:09:00+0800 lvl=trce msg="Pooled new future transaction"          hash=0xc56ee1dbdf6a0ca2c2fcba10639b345362aee6c3e599aacfc7a78e9fed5141ba from=0x44a6Ae12C4A0457140A041408a8EcE9ed9f24602 to=0x0000000000000000000000000000000000000000
t=2023-06-02T16:09:00+0800 lvl=trce msg="Pooled new future transaction"          hash=0xcff77c9a30ee739d5bb043e63d29773f2a38de3ba45a16636c58f05b775b6766 from=0x44a6Ae12C4A0457140A041408a8EcE9ed9f24602 to=0x0000000000000000000000000000000000000000
t=2023-06-02T16:09:00+0800 lvl=trce msg="Pooled new future transaction"          hash=0x5162a9a76b11569beaa1f68a7fdca1ba089a07b851785405926b42304b7ed1d5 from=0xBEc7e084Bfa8250123FbFc47b1f0587d67E3dad0 to=0x0000000000000000000000000000000000000000
t=2023-06-02T16:09:00+0800 lvl=trce msg="Pooled new future transaction"          hash=0x37579bde21843653fdeadc8f8cfafd3de07c62455212d2511326ca0643f39b2c from=0xbf186BC9fa4975D227B3dC76067880ec67530CE9 to=0x0000000000000000000000000000000000000000
t=2023-06-02T16:09:00+0800 lvl=trce msg="Removed cap-exceeding queued transaction" hash=0x23cb636c033533c59dcfbda61c635f6b128280ddcda52d0ea8ef5ed57fb49f97
t=2023-06-02T16:09:00+0800 lvl=trce msg="Pooled new future transaction"          hash=0xadf8448e722ab949699b9573e632b6c3686a4ccde41d9fb71a30de61fa384e0d from=0x9BF12759c287b70FeE459c3F50e0b44808E87a35 to=0x0000000000000000000000000000000000000000
t=2023-06-02T16:09:00+0800 lvl=trce msg="Pooled new future transaction"          hash=0x3ce4472175e3cc35d47cbb4ea2792ee06e2c629dfc17b15db0ae64bb8acd756a from=0xBEc7e084Bfa8250123FbFc47b1f0587d67E3dad0 to=0x0000000000000000000000000000000000000000
t=2023-06-02T16:09:00+0800 lvl=trce msg="Pooled new future transaction"          hash=0x95a2b8b05de05cf4e527a47f55658c6edc8de291333f73cd38b090e4321ec9bb from=0x9BF12759c287b70FeE459c3F50e0b44808E87a35 to=0x0000000000000000000000000000000000000000
t=2023-06-02T16:09:00+0800 lvl=trce msg="Pooled new future transaction"          hash=0x3e68f3c68522c9d3bd536a44a889ed568bb1a9c78e25df9406912363b31c8ec7 from=0xbf186BC9fa4975D227B3dC76067880ec67530CE9 to=0x0000000000000000000000000000000000000000
t=2023-06-02T16:09:00+0800 lvl=trce msg="Pooled new future transaction"          hash=0x60f715449b536d04b4d518e9edacf74a0c38cbf4cce4202876df9146d5dc0b28 from=0xbf186BC9fa4975D227B3dC76067880ec67530CE9 to=0x0000000000000000000000000000000000000000
t=2023-06-02T16:09:00+0800 lvl=trce msg="Pooled new future transaction"          hash=0xca850eabee5bc61d36947fd2c55357b45e6bdf0ee0e58e794463348b8fb297f9 from=0xbf186BC9fa4975D227B3dC76067880ec67530CE9 to=0x0000000000000000000000000000000000000000
t=2023-06-02T16:09:00+0800 lvl=trce msg="Pooled new future transaction"          hash=0xf5b641a2883f4482e1905513802375459a4d256f71c52378e8ed26f22ed48a7c from=0x9BF12759c287b70FeE459c3F50e0b44808E87a35 to=0x0000000000000000000000000000000000000000
t=2023-06-02T16:09:00+0800 lvl=trce msg="Discarding freshly underpriced transaction" hash=0xb4132fa8523fe5a668f4b831112bcb806e67b44964146eced6240d61fefdeb03 gasTipCap=19 gasFeeCap=419
t=2023-06-02T16:09:00+0800 lvl=trce msg="Pooled new future transaction"          hash=0xcd3366cad2cdda06adcb18208e72a623efb7fd4ddbf41146a3b6cfb548ec6afb from=0xEB18306733b8C1BdEAf8d6C7b2CC52DE32cd1e31 to=0x0000000000000000000000000000000000000000
t=2023-06-02T16:09:00+0800 lvl=trce msg="Removed old queued transactions"        count=0
t=2023-06-02T16:09:00+0800 lvl=trce msg="Removed cap-exceeding queued transaction" hash=0xd478fdf4046be5d2dc673bc222d58789691ef2a8d2f2f085389d8d8c39e735d9
t=2023-06-02T16:09:00+0800 lvl=trce msg="Removed cap-exceeding queued transaction" hash=0xfbe184c558ea2cba7155d1f059097e129e07e627262a6db1cce348844b70fa8f
t=2023-06-02T16:09:00+0800 lvl=trce msg="Removed cap-exceeding queued transaction" hash=0xe6c4cd0d1b641fcc2524e472d02fd1f1c0b657cb73d0ce6a30e3add8b0f08e50
t=2023-06-02T16:09:00+0800 lvl=trce msg="Removed cap-exceeding queued transaction" hash=0x4eb12464c7fe367a11db40ebbcfd410aed2d03c9ff62dc3ebfe77683ba7eee2c
t=2023-06-02T16:09:00+0800 lvl=trce msg="Removed cap-exceeding queued transaction" hash=0x27cae0e7a0c5b91f105b27577bcf354c1dfe928a8b3dab776798fe14b890c969
t=2023-06-02T16:09:00+0800 lvl=trce msg="Removed cap-exceeding queued transaction" hash=0x531f6300d306f05618bf710c414892ec28e7a061729869d2cbdd42871764f871
t=2023-06-02T16:09:00+0800 lvl=trce msg="Removed cap-exceeding queued transaction" hash=0xbba8f5cb8a20ab68cb25423117be56ce357c8ef5370739c6f09b5ac064fa809e
t=2023-06-02T16:09:00+0800 lvl=trce msg="Removed cap-exceeding queued transaction" hash=0x7fe1bd7f2dec1d6833107830e986ec5a7582df2348e116d38a44131b01499f3a
t=2023-06-02T16:09:00+0800 lvl=trce msg="Removed cap-exceeding queued transaction" hash=0xea2269d92a12cafde1dd16f6a62d1bfeb8974db7cbe99650d38465fdaf6bbb78
t=2023-06-02T16:09:00+0800 lvl=trce msg="Removed cap-exceeding queued transaction" hash=0x29c41b6d42450bba72716e5296e1cbf94ca9ea83c5e04a3efb959eff52e53fca
t=2023-06-02T16:09:00+0800 lvl=trce msg="Removed cap-exceeding queued transaction" hash=0x2c527d32fa2de55788c3fc07026e7d58aaab05a0b27a0ce9338259a4bcf4cb6c
t=2023-06-02T16:09:00+0800 lvl=trce msg="Removed cap-exceeding queued transaction" hash=0x5c79fa0bce052372bb2a950dfadfe367fb72094311268b208efe8b3ef1acb1d9
t=2023-06-02T16:09:00+0800 lvl=trce msg="Removed cap-exceeding queued transaction" hash=0x4f648eb17fceff08550f3316a309a75ef454f3101f68d436268f48a663d58370
t=2023-06-02T16:09:00+0800 lvl=trce msg="Promoted queued transactions"           count=0
t=2023-06-02T16:09:00+0800 lvl=trce msg="Pooled new future transaction"          hash=0x538a71a73bd4da06d402eb6648a5ebb57609472d565dc0ac4c777613b51592f6 from=0xBEc7e084Bfa8250123FbFc47b1f0587d67E3dad0 to=0x0000000000000000000000000000000000000000
t=2023-06-02T16:09:00+0800 lvl=trce msg="Pooled new future transaction"          hash=0x7da41e274aaf3921f47409a42fbe841f9d53b826e29df870a751e455df100f6c from=0x44a6Ae12C4A0457140A041408a8EcE9ed9f24602 to=0x0000000000000000000000000000000000000000
t=2023-06-02T16:09:00+0800 lvl=trce msg="Removed unpayable queued transactions"  count=0
t=2023-06-02T16:09:00+0800 lvl=trce msg="Pooled new future transaction"          hash=0xcc817c601a013e6c00a67171697627561b6bc69406216d379c7755ed6fab0693 from=0xBEc7e084Bfa8250123FbFc47b1f0587d67E3dad0 to=0x0000000000000000000000000000000000000000
t=2023-06-02T16:09:00+0800 lvl=trce msg="Promoted queued transactions"           count=1
t=2023-06-02T16:09:00+0800 lvl=trce msg="Pooled new future transaction"          hash=0x36d92a8880c1e478ecf7bc6ea27385b3d930dd4cd7a9069f121a3d7d496dad4c from=0xBEc7e084Bfa8250123FbFc47b1f0587d67E3dad0 to=0x0000000000000000000000000000000000000000
t=2023-06-02T16:09:00+0800 lvl=trce msg="Pooled new future transaction"          hash=0x8e1c9bb768eed7c2bcf549c9d9c5fb881239d86374454f1431886399b01bf0c2 from=0x9BF12759c287b70FeE459c3F50e0b44808E87a35 to=0x0000000000000000000000000000000000000000
t=2023-06-02T16:09:00+0800 lvl=trce msg="Pooled new future transaction"          hash=0x26b051287eacdecffb8ee5a4f754b0888d3cc0e9ae107596cc8d2afaf7480744 from=0x9BF12759c287b70FeE459c3F50e0b44808E87a35 to=0x0000000000000000000000000000000000000000
t=2023-06-02T16:09:00+0800 lvl=trce msg="Pooled new future transaction"          hash=0xcd6787012b5685efe40309336f8e2d3217f5a5cec9cc996c326a04fc1a3d0b80 from=0xBEc7e084Bfa8250123FbFc47b1f0587d67E3dad0 to=0x0000000000000000000000000000000000000000
t=2023-06-02T16:09:00+0800 lvl=trce msg="Removed cap-exceeding queued transaction" hash=0xfcb673348b08e4dd03515ff2b42f440d5a11a57063fdbf4acd9727dbdf8f7cf2
t=2023-06-02T16:09:00+0800 lvl=trce msg="Removed cap-exceeding queued transaction" hash=0xd0e13110d46411d668c4b1f67e83d0761fe7bbea0d3fc78e7c34bcc914b22e83
t=2023-06-02T16:09:00+0800 lvl=trce msg="Removed cap-exceeding queued transaction" hash=0x7bae467260619d2a6da00393226e1cebee61829659988efcc0282e07768d676c
t=2023-06-02T16:09:00+0800 lvl=trce msg="Discarding freshly underpriced transaction" hash=0x8e889d22c8fb29d9238dc8c5729fdb5ed5e14e33873f8dd96710c6756da3b667 gasTipCap=20 gasFeeCap=420
t=2023-06-02T16:09:00+0800 lvl=trce msg="Pooled new future transaction"          hash=0xeaa45e51f65997cd20f4fc48ccd7f178796e6b5f2b60b0db50b6ade0b20de892 from=0x2ad4Fc6AF8939674233bc3855f4a57c3E761f687 to=0x0000000000000000000000000000000000000000
t=2023-06-02T16:09:00+0800 lvl=trce msg="Removed old queued transactions"        count=0
t=2023-06-02T16:09:00+0800 lvl=trce msg="Removed unpayable queued transactions"  count=0
t=2023-06-02T16:09:00+0800 lvl=trce msg="Removed cap-exceeding queued transaction" hash=0xc53ef36a854360a00b066a059c7a23073b47911849a1c0e2ff16dff68b853e20
t=2023-06-02T16:09:00+0800 lvl=trce msg="Removed cap-exceeding queued transaction" hash=0x712505bf713354f8beeb09d43f2a68a287578b1303cc343ecb8d2df8827354d8
t=2023-06-02T16:09:00+0800 lvl=trce msg="Removed cap-exceeding queued transaction" hash=0xb42f0568b03ffab7e28095efb32703f7b315735c11cadc9e0a30ae2ea504299e
t=2023-06-02T16:09:00+0800 lvl=trce msg="Removed cap-exceeding queued transaction" hash=0xb7897a052d17278e5fa2ddc73aec4818a57cd0cea1ddebbe64ba67529e3fd45f
t=2023-06-02T16:09:00+0800 lvl=trce msg="Removed cap-exceeding queued transaction" hash=0x7e6771d3a5306a25ccc1f82a7625c0b7a46bd8844dbc13cee10111701b6ebcde
t=2023-06-02T16:09:00+0800 lvl=trce msg="Removed cap-exceeding queued transaction" hash=0x2226681c2b67641ce1dbca507f3b21c47873501a8d716faa14f1ae9863d162a1
t=2023-06-02T16:09:00+0800 lvl=trce msg="Removed cap-exceeding queued transaction" hash=0x7442e18e01dd85842a46569533aa6bfaaceb9cfc3fbffafbab2e78dddb6a8078
t=2023-06-02T16:09:00+0800 lvl=trce msg="Pooled new future transaction"          hash=0x4f0c0a20d80df54ec84e90efe29bcde1a31a84bc042d4a4865d305cee5163223 from=0x44a6Ae12C4A0457140A041408a8EcE9ed9f24602 to=0x0000000000000000000000000000000000000000
t=2023-06-02T16:09:00+0800 lvl=trce msg="Pooled new future transaction"          hash=0x1bc0a58427bf0ee778ea872cfe7366deac353e46768ecb74b72800271a5a6bef from=0xbf186BC9fa4975D227B3dC76067880ec67530CE9 to=0x0000000000000000000000000000000000000000
t=2023-06-02T16:09:00+0800 lvl=trce msg="Pooled new future transaction"          hash=0xfb9cc20c5a6785d2a60047eda491db109493756afb49e6ae2f9c0ccd6af7187b from=0x66e0851F1a162869024b4C9f6b1C4Fc5cb4832F1 to=0x0000000000000000000000000000000000000000
t=2023-06-02T16:09:00+0800 lvl=trce msg="Removed old queued transactions"        count=0
t=2023-06-02T16:09:00+0800 lvl=trce msg="Promoted queued transactions"           count=1
t=2023-06-02T16:09:00+0800 lvl=trce msg="Removed cap-exceeding queued transaction" hash=0xe12e60a92e8953c378504b54616781422a9e08f035ac85b2e98e6fc9b1422e08
t=2023-06-02T16:09:00+0800 lvl=trce msg="Removed cap-exceeding queued transaction" hash=0xfe003675e4fe0b3f91d5a734ef5427ca2ef515465ecf5ae6f22fd48b72e39c8d
t=2023-06-02T16:09:00+0800 lvl=trce msg="Removed cap-exceeding queued transaction" hash=0x7bf17bcfcd30f7fd6afd958c6d1d275a32104503a45abd0357c644a3db5ce625
t=2023-06-02T16:09:00+0800 lvl=trce msg="Removed cap-exceeding queued transaction" hash=0x88cd6c3fd062387e7900eab1838f59ff32b686a63f29fc5c8378de385ceb73fc
t=2023-06-02T16:09:00+0800 lvl=trce msg="Removed cap-exceeding queued transaction" hash=0xd9a9b1b3dfc9c4a817359e98bf935c9a3bbd69912a1a39551ceac4c9eadb8c97
t=2023-06-02T16:09:00+0800 lvl=trce msg="Pooled new future transaction"          hash=0x53c96c691c586648d71e5e945f906b8a288ca15c11c88da482f664258eee39c2 from=0xBEc7e084Bfa8250123FbFc47b1f0587d67E3dad0 to=0x0000000000000000000000000000000000000000
t=2023-06-02T16:09:00+0800 lvl=trce msg="Pooled new future transaction"          hash=0xf58951072e38c8c6f8142593497786d0bfd3db93a9f604871362e823bcd115ac from=0xBEc7e084Bfa8250123FbFc47b1f0587d67E3dad0 to=0x0000000000000000000000000000000000000000
t=2023-06-02T16:09:00+0800 lvl=trce msg="Pooled new future transaction"          hash=0xb1abbfeb4fd209ee883652eba4c4e4047dcdbfcb24d6b9c490966a4649a3134e from=0xbf186BC9fa4975D227B3dC76067880ec67530CE9 to=0x0000000000000000000000000000000000000000
t=2023-06-02T16:09:00+0800 lvl=trce msg="Pooled new future transaction"          hash=0x139675d0c922099aa43f78fdf6d3901dc7027db32c98bbc061a0a4fe19760ece from=0x44a6Ae12C4A0457140A041408a8EcE9ed9f24602 to=0x0000000000000000000000000000000000000000
t=2023-06-02T16:09:00+0800 lvl=trce msg="Removed unpayable queued transactions"  count=0
t=2023-06-02T16:09:00+0800 lvl=trce msg="Promoted queued transactions"           count=1
t=2023-06-02T16:09:00+0800 lvl=trce msg="Discarding freshly underpriced transaction" hash=0xea3686ccdecd8245d3e95f7e901b32b63bde559266207c352034826263aa5e4b gasTipCap=1  gasFeeCap=501
t=2023-06-02T16:09:00+0800 lvl=trce msg="Pooled new future transaction"          hash=0xbe8464e717094687a9f6b8060b0ae6766336b03a911623465104eed75509f7a5 from=0xD90d63CB1534ae3941c3d1b4eE60045fDB395394 to=0x0000000000000000000000000000000000000000
t=2023-06-02T16:09:00+0800 lvl=trce msg="Removed old queued transactions"        count=0
t=2023-06-02T16:09:00+0800 lvl=trce msg="Removed unpayable queued transactions"  count=0
t=2023-06-02T16:09:00+0800 lvl=trce msg="Promoted queued transactions"           count=1
t=2023-06-02T16:09:00+0800 lvl=trce msg="Removed cap-exceeding queued transaction" hash=0x85f9c7739b418cab83f1acdd8daff1f47e439cf75ba882b884c3059967f622c3
t=2023-06-02T16:09:00+0800 lvl=trce msg="Removed cap-exceeding queued transaction" hash=0xf255efc71df1967ea97680e8ff81873f18f478805aa3276e97cde30c3d3f1ed7
t=2023-06-02T16:09:00+0800 lvl=trce msg="Removed cap-exceeding queued transaction" hash=0x36cae8e5df8b97f79edad8e8bc36d4474d8f36d1a45b6fdc8929e3e4b64f5ef5
t=2023-06-02T16:09:00+0800 lvl=trce msg="Removed cap-exceeding queued transaction" hash=0xb4bfb4fcaf360fd84ed233bfa881d527be4de866a835912377eeea59e0be31d8
t=2023-06-02T16:09:00+0800 lvl=trce msg="Removed cap-exceeding queued transaction" hash=0x6902ec310bf2a35b3059e0900d7ac1e2a151fcdb3ed6bb6527a6a466c1e608d3
t=2023-06-02T16:09:00+0800 lvl=trce msg="Removed cap-exceeding queued transaction" hash=0x485aa6c59e49c5cf30628125897d802027f5aaae87dc09e13eb571c965ebcff0
t=2023-06-02T16:09:00+0800 lvl=trce msg="Removed cap-exceeding queued transaction" hash=0x1164cf8aef11bf9de9561875d276cf83d794e2f7192dc6dac7c32bf65c36808c
t=2023-06-02T16:09:00+0800 lvl=trce msg="Removed cap-exceeding queued transaction" hash=0x908558cdbd127652fd976b44abf04a067dab2c56a68e8afe1c097b58d7e9af3f
t=2023-06-02T16:09:00+0800 lvl=trce msg="Removed cap-exceeding queued transaction" hash=0x59986e29218ca666bb823a70095dea170be30a318160a452135f871abed8972c
t=2023-06-02T16:09:00+0800 lvl=trce msg="Pooled new future transaction"          hash=0x41f111f0a3a29524cb031a57153d9460300513a0d006c64d6b998a42389c7d23 from=0xbf186BC9fa4975D227B3dC76067880ec67530CE9 to=0x0000000000000000000000000000000000000000
t=2023-06-02T16:09:00+0800 lvl=trce msg="Pooled new future transaction"          hash=0xdbe60e5f6d6c4ed7fc0aefb442d2c38f7b82a7acdb4fea296c17b814a7a3c9c0 from=0xBEc7e084Bfa8250123FbFc47b1f0587d67E3dad0 to=0x0000000000000000000000000000000000000000
t=2023-06-02T16:09:00+0800 lvl=trce msg="Pooled new future transaction"          hash=0x276544569f52c32a1cfb96f116dac82b96c7e7043f44190e4d9c413937ceb91a from=0x9BF12759c287b70FeE459c3F50e0b44808E87a35 to=0x0000000000000000000000000000000000000000
t=2023-06-02T16:09:00+0800 lvl=trce msg="Pooled new future transaction"          hash=0x45207fb9a0611c76f250cb053d64896ebeab85344849b0b12c9b710b32d362af from=0xbf186BC9fa4975D227B3dC76067880ec67530CE9 to=0x0000000000000000000000000000000000000000
t=2023-06-02T16:09:00+0800 lvl=trce msg="Pooled new future transaction"          hash=0xb4a52f592e68bfd0613e3c76da228af8e2df210cbf181c37259b450121dbabf8 from=0x9BF12759c287b70FeE459c3F50e0b44808E87a35 to=0x0000000000000000000000000000000000000000
t=2023-06-02T16:09:00+0800 lvl=trce msg="Discarding freshly underpriced transaction" hash=0x8244343524feaeaf7443bfa7f900c95f798b6c72050bcf6d043298f96ba92677 gasTipCap=1  gasFeeCap=616
t=2023-06-02T16:09:00+0800 lvl=trce msg="Pooled new future transaction"          hash=0xfc7591d1f6ca58ece5b03f947231a363321d4989d8bc298da96a504888ac030d from=0xf8a4a2C4Fad95ee5dF075ec05e83DBa577865Ac6 to=0x0000000000000000000000000000000000000000
t=2023-06-02T16:09:00+0800 lvl=trce msg="Removed old queued transactions"        count=0
t=2023-06-02T16:09:00+0800 lvl=trce msg="Removed unpayable queued transactions"  count=0
t=2023-06-02T16:09:00+0800 lvl=trce msg="Promoted queued transactions"           count=1
t=2023-06-02T16:09:00+0800 lvl=trce msg="Pooled new future transaction"          hash=0x6cebd937b819e17cf69685614ee1b14cc5c1d765438b6d19dd66fadb0f7d2425 from=0x66e0851F1a162869024b4C9f6b1C4Fc5cb4832F1 to=0x0000000000000000000000000000000000000000
t=2023-06-02T16:09:00+0800 lvl=trce msg="Removed old queued transactions"        count=0
t=2023-06-02T16:09:00+0800 lvl=trce msg="Pooled new future transaction"          hash=0xe4660509e652f4c4a558813738e8d16c04d167c7685120e8ac88ab52e05c6795 from=0xbf186BC9fa4975D227B3dC76067880ec67530CE9 to=0x0000000000000000000000000000000000000000
t=2023-06-02T16:09:00+0800 lvl=trce msg="Pooled new future transaction"          hash=0xf535220a598c0f525eafd484d4599e0528c4075a58b463ab9b9d33f6dab90ed1 from=0xbf186BC9fa4975D227B3dC76067880ec67530CE9 to=0x0000000000000000000000000000000000000000
t=2023-06-02T16:09:00+0800 lvl=trce msg="Pooled new future transaction"          hash=0xfb9946cf8381fe425db92271eb8862f253610e833e6464162faee8f5335bfede from=0xBEc7e084Bfa8250123FbFc47b1f0587d67E3dad0 to=0x0000000000000000000000000000000000000000
t=2023-06-02T16:09:00+0800 lvl=trce msg="Pooled new future transaction"          hash=0x3c7bdd0e01f9a9fcc06b8a3cfe807f003ca2ca01006e116a4c00a869246647ef from=0xbf186BC9fa4975D227B3dC76067880ec67530CE9 to=0x0000000000000000000000000000000000000000
t=2023-06-02T16:09:00+0800 lvl=trce msg="Removed cap-exceeding queued transaction" hash=0x89c1a86b247d6465af67aa43b4c1915d82ee968d14e02954031eff9befb76f95
t=2023-06-02T16:09:00+0800 lvl=trce msg="Removed cap-exceeding queued transaction" hash=0x5acd8154af2f08b78fb79ea93eb888502cc985dea07d04e8475ab7d73d361e83
t=2023-06-02T16:09:00+0800 lvl=trce msg="Removed cap-exceeding queued transaction" hash=0xdf2e1b0d8152635d9eb670b7e78d2dce9a6ae6dd42a861be47154936f7f182c4
t=2023-06-02T16:09:00+0800 lvl=trce msg="Discarding freshly underpriced transaction" hash=0xb56b300ca0259d3f0f6e1d8505b12b4981abfe5b98ac7d850a9a67ed4763b973 gasTipCap=2  gasFeeCap=502
t=2023-06-02T16:09:00+0800 lvl=trce msg="Pooled new future transaction"          hash=0xe8bd76c11fcf433f2c56c8ed6b6995657190ed128f905c9b2bf5cc09457e7a74 from=0xA34d3338a328aB7a3ea99c656fc9945f8D2658a1 to=0x0000000000000000000000000000000000000000
t=2023-06-02T16:09:00+0800 lvl=trce msg="Removed old queued transactions"        count=0
t=2023-06-02T16:09:00+0800 lvl=trce msg="Removed unpayable queued transactions"  count=0
t=2023-06-02T16:09:00+0800 lvl=trce msg="Promoted queued transactions"           count=1
t=2023-06-02T16:09:00+0800 lvl=trce msg="Removed unpayable queued transactions"  count=0
t=2023-06-02T16:09:00+0800 lvl=trce msg="Promoted queued transactions"           count=0
t=2023-06-02T16:09:00+0800 lvl=trce msg="Removed cap-exceeding queued transaction" hash=0x9f1c2e333833b82dd0e4440ab0d9cdca2c039c0f1f3a4c65b19c1ae7af72a069
t=2023-06-02T16:09:00+0800 lvl=trce msg="Removed cap-exceeding queued transaction" hash=0x3483b4add690ace3ed00d320f324a14618505132252ee8ac0652baf5d529987f
t=2023-06-02T16:09:00+0800 lvl=trce msg="Removed cap-exceeding queued transaction" hash=0x40f7460440ee1564b76b931c279320dee998d7c22db0b153bf70ca9ffa718ef6
t=2023-06-02T16:09:00+0800 lvl=trce msg="Removed cap-exceeding queued transaction" hash=0x759f99f92887b5be1c90548cb68001a22a5d6ffbe6852fa96830d547a4428384
t=2023-06-02T16:09:00+0800 lvl=trce msg="Removed cap-exceeding queued transaction" hash=0xd0bd9696e875b47d6726f32f9f24695b1fc34bef074b8055f0c963f4a30a8a2b
t=2023-06-02T16:09:00+0800 lvl=trce msg="Removed cap-exceeding queued transaction" hash=0x72ecd8bc56499e328884cbe3fc0880a1491a1dc8f50e9fc1f9863cbb8377fad1
t=2023-06-02T16:09:00+0800 lvl=trce msg="Removed cap-exceeding queued transaction" hash=0x5da2299a667f1067d4d6d76ba0b32ddccc271cdbdb0fec70a0d7776d83ddb387
t=2023-06-02T16:09:00+0800 lvl=trce msg="Removed cap-exceeding queued transaction" hash=0x844000fc2056f803402f8ba67650d7607413d2f5ebd188c4983b9eaa8e153a67
t=2023-06-02T16:09:00+0800 lvl=trce msg="Removed cap-exceeding queued transaction" hash=0x95844049f173b400e81b32f52a393f02f009d13f95f35e66b9b4218383ba55dc
t=2023-06-02T16:09:00+0800 lvl=trce msg="Removed cap-exceeding queued transaction" hash=0xf3398d838a28f465700819eb65b084b313bca8bbaf4576be041ac53227541057
t=2023-06-02T16:09:00+0800 lvl=trce msg="Pooled new future transaction"          hash=0xee71f587538ce095d547aee125818b91c2462b8421297eb97c97cee4c6ded0ac from=0xBEc7e084Bfa8250123FbFc47b1f0587d67E3dad0 to=0x0000000000000000000000000000000000000000
t=2023-06-02T16:09:00+0800 lvl=trce msg="Pooled new future transaction"          hash=0x4901ebd7d262f96461f13c0424a3b71a3f1f4a558d9d934c653c5284b9f0cc90 from=0x9BF12759c287b70FeE459c3F50e0b44808E87a35 to=0x0000000000000000000000000000000000000000
t=2023-06-02T16:09:00+0800 lvl=trce msg="Pooled new future transaction"          hash=0x5177e4e4b8b2378e6f229df3d8f7eb473bf08c1f1984b0223a1986896c9c512d from=0x44a6Ae12C4A0457140A041408a8EcE9ed9f24602 to=0x0000000000000000000000000000000000000000
t=2023-06-02T16:09:00+0800 lvl=trce msg="Pooled new future transaction"          hash=0xf9b46ff62baa9073e8c76ab1c0cf83297a6d99c89d99de20b9dc6bc40582bc2d from=0x44a6Ae12C4A0457140A041408a8EcE9ed9f24602 to=0x0000000000000000000000000000000000000000
t=2023-06-02T16:09:00+0800 lvl=trce msg="Pooled new future transaction"          hash=0x399007b79f8b9c1bf0870cc2afd2c16d9a4ef061718c716b4a5af50919a21023 from=0x7628e7c918DAaf4dfbF615023fDBcF72b8479bCe to=0x0000000000000000000000000000000000000000
t=2023-06-02T16:09:00+0800 lvl=trce msg="Pooled new future transaction"          hash=0xa482d9a85e8341f5bfb4f7671b1c10edba840e8cc76b0232c1506750e50d8a91 from=0x44a6Ae12C4A0457140A041408a8EcE9ed9f24602 to=0x0000000000000000000000000000000000000000
t=2023-06-02T16:09:00+0800 lvl=trce msg="Pooled new future transaction"          hash=0xb5b5fc25571a22bf7e5cd861f2472a4732d4b090720863d206ea178bacb5359a from=0xBEc7e084Bfa8250123FbFc47b1f0587d67E3dad0 to=0x0000000000000000000000000000000000000000
t=2023-06-02T16:09:00+0800 lvl=trce msg="Discarding freshly underpriced transaction" hash=0xc5edcfdee7a8315a975d6a9dfdbcee2c475b75a6a16c433bf9d27e1454b01677 gasTipCap=3  gasFeeCap=503
t=2023-06-02T16:09:00+0800 lvl=trce msg="Pooled new future transaction"          hash=0x6d792179c4f7aea862959095defb89738e3f36246ebeda4652e72d96dc7d4c01 from=0x487dC3725c627FCF164508d5642CF07f97E0bF21 to=0x0000000000000000000000000000000000000000
t=2023-06-02T16:09:00+0800 lvl=trce msg="Removed old queued transactions"        count=0
t=2023-06-02T16:09:00+0800 lvl=trce msg="Removed unpayable queued transactions"  count=0
t=2023-06-02T16:09:00+0800 lvl=trce msg="Promoted queued transactions"           count=1
t=2023-06-02T16:09:00+0800 lvl=trce msg="Removed old queued transactions"        count=0
t=2023-06-02T16:09:00+0800 lvl=trce msg="Removed unpayable queued transactions"  count=0
t=2023-06-02T16:09:00+0800 lvl=trce msg="Promoted queued transactions"           count=1
t=2023-06-02T16:09:00+0800 lvl=trce msg="Removed cap-exceeding queued transaction" hash=0xddad8bff2b07602244a26c72cefb6ee3a0d3945226754a6faa94a4544fd39b79
t=2023-06-02T16:09:00+0800 lvl=trce msg="Removed cap-exceeding queued transaction" hash=0x32dc591fc1a33effe322d5cc20b9e8a4240c4e2bf0a98ac5eeba90e67ea70803
t=2023-06-02T16:09:00+0800 lvl=trce msg="Removed cap-exceeding queued transaction" hash=0xdfcad01e6495055a56179e47ecadfb953ec2a222a42333e48a75b08f3b2e8b46
t=2023-06-02T16:09:00+0800 lvl=trce msg="Removed cap-exceeding queued transaction" hash=0x9ff5aca960d26159a282709fdadde1d3fc8cd62c49a588065c07747f457763d1
t=2023-06-02T16:09:00+0800 lvl=trce msg="Removed cap-exceeding queued transaction" hash=0xf69131f04dfb69500b7f90789ea1a761da5d298b290b10842800036aaec9e347
t=2023-06-02T16:09:00+0800 lvl=trce msg="Removed cap-exceeding queued transaction" hash=0x95185ddcc4fe7281d84dd9bada4f6c5e75feda53e99f87f2ae8d33bc4b44af25
t=2023-06-02T16:09:00+0800 lvl=trce msg="Removed cap-exceeding queued transaction" hash=0x8786022fe535a9bb707d33985204dd753c4986b5f45d1adbf18cefea703c8d0e
t=2023-06-02T16:09:00+0800 lvl=trce msg="Removed cap-exceeding queued transaction" hash=0xec24d5435db6ef56ffc7b0421e6aea00816037ce5a668b487634e94a0923c9e9
t=2023-06-02T16:09:00+0800 lvl=trce msg="Pooled new future transaction"          hash=0x74838b61e9658d1177fe66eff630e5302e0f1c89e478de8b7b5fc7d9d46dd06b from=0xbf186BC9fa4975D227B3dC76067880ec67530CE9 to=0x0000000000000000000000000000000000000000
t=2023-06-02T16:09:00+0800 lvl=trce msg="Pooled new future transaction"          hash=0x3336d9edb559817905543abf16c1d9ba57ed0d40cdcfec17c5d9b01ac118527d from=0xBEc7e084Bfa8250123FbFc47b1f0587d67E3dad0 to=0x0000000000000000000000000000000000000000
t=2023-06-02T16:09:00+0800 lvl=trce msg="Discarding freshly underpriced transaction" hash=0xdaa045e6e2c0cb0a4cb211542d6ca8dd81c5230a02cfd7ee1152a04dc4064180 gasTipCap=4  gasFeeCap=504
t=2023-06-02T16:09:00+0800 lvl=trce msg="Pooled new future transaction"          hash=0x8e1a7e86659f02dc634d652ffb21d0b2876010e95205683ade65d4a333d8d927 from=0xFFC2a7f870c4C0dac02D84C6ecd90b0A995BF579 to=0x0000000000000000000000000000000000000000
t=2023-06-02T16:09:00+0800 lvl=trce msg="Removed old queued transactions"        count=0
t=2023-06-02T16:09:00+0800 lvl=trce msg="Removed unpayable queued transactions"  count=0
t=2023-06-02T16:09:00+0800 lvl=trce msg="Pooled new future transaction"          hash=0x6ac9cfed846a577f8ea3775df285e604460ab6dc6f7cf3184b3886e318725760 from=0x44a6Ae12C4A0457140A041408a8EcE9ed9f24602 to=0x0000000000000000000000000000000000000000
t=2023-06-02T16:09:00+0800 lvl=trce msg="Pooled new future transaction"          hash=0x5a68ad23c9d17d74c72a075b580e0c0e1e86cf522e4b72066ac0f6d18e770178 from=0x44a6Ae12C4A0457140A041408a8EcE9ed9f24602 to=0x0000000000000000000000000000000000000000
t=2023-06-02T16:09:00+0800 lvl=trce msg="Pooled new future transaction"          hash=0x0b9995729ed99ecd8bd26c9f2afd1af8585e3ab08e08090690cd56cceb86efb6 from=0x44a6Ae12C4A0457140A041408a8EcE9ed9f24602 to=0x0000000000000000000000000000000000000000
t=2023-06-02T16:09:00+0800 lvl=trce msg="Pooled new future transaction"          hash=0x4516161b0a3a7fba5be99c909fc703abea000ba8b9a31cb4587acd7924fd4191 from=0xBEc7e084Bfa8250123FbFc47b1f0587d67E3dad0 to=0x0000000000000000000000000000000000000000
t=2023-06-02T16:09:00+0800 lvl=trce msg="Removed cap-exceeding queued transaction" hash=0xd4f8d86e576102d6ac3b31e47c13b017a0e9249c32751c589cf50b2ea50888b2
t=2023-06-02T16:09:00+0800 lvl=trce msg="Pooled new future transaction"          hash=0x7b045076cb0cacd01e1d3c8b70fa2c5b3daa2885152472c751b841c3dc32e567 from=0x9BF12759c287b70FeE459c3F50e0b44808E87a35 to=0x0000000000000000000000000000000000000000
t=2023-06-02T16:09:00+0800 lvl=trce msg="Removed cap-exceeding queued transaction" hash=0x052bdb41ba66418e2e165fb3b867e51ca4bc0d6dae3edc153a2e843e3bef7707
t=2023-06-02T16:09:00+0800 lvl=trce msg="Removed cap-exceeding queued transaction" hash=0xf804fc283522a4eff6d26a136d936a021e10ee2341b151abb45f01e0f3704fe0
t=2023-06-02T16:09:00+0800 lvl=trce msg="Pooled new future transaction"          hash=0xb336219088167ad320824115cd5863d3aa27824285cffcfa316fcee4a1e7686e from=0xBEc7e084Bfa8250123FbFc47b1f0587d67E3dad0 to=0x0000000000000000000000000000000000000000
t=2023-06-02T16:09:00+0800 lvl=trce msg="Removed cap-exceeding queued transaction" hash=0xe5dd819d39a77417eeca35dfd199bb21090c63b2514eb2aff3aca8029fc76be5
t=2023-06-02T16:09:00+0800 lvl=trce msg="Pooled new future transaction"          hash=0x47dba053b15663f7b96cade381cf3cf65563a76bbf64660779619eaf5d6aadee from=0x44a6Ae12C4A0457140A041408a8EcE9ed9f24602 to=0x0000000000000000000000000000000000000000
t=2023-06-02T16:09:00+0800 lvl=trce msg="Pooled new future transaction"          hash=0xc3f1f9e644d1c95ac3506ad629decc2165dca9e846f04b687d713fe0dcecf7bc from=0xbf186BC9fa4975D227B3dC76067880ec67530CE9 to=0x0000000000000000000000000000000000000000
t=2023-06-02T16:09:00+0800 lvl=trce msg="Removed old queued transactions"        count=0
t=2023-06-02T16:09:00+0800 lvl=trce msg="Removed unpayable queued transactions"  count=0
t=2023-06-02T16:09:00+0800 lvl=trce msg="Removed cap-exceeding queued transaction" hash=0x4c8be11ae6234e6108518a188b866bbc1409ca36d9661cbf97f8edad8baf490a
t=2023-06-02T16:09:00+0800 lvl=trce msg="Removed cap-exceeding queued transaction" hash=0x497d9999359109dfb904adcbbf009ba7ad6f04ad27216b2665c1bd67ddea9577
t=2023-06-02T16:09:00+0800 lvl=trce msg="Removed cap-exceeding queued transaction" hash=0x155ac2fee80bfd1fdc96325127df1c80e3f9ce7606925b7b3970388bf9680ab3
t=2023-06-02T16:09:00+0800 lvl=trce msg="Removed cap-exceeding queued transaction" hash=0x799709868edb6912f3002c7e0e77023d3ae2e9bdf7fab23cf9686fc5b8e666d5
t=2023-06-02T16:09:00+0800 lvl=trce msg="Removed cap-exceeding queued transaction" hash=0x785b8952dcad60d0309b89fe8bcb9980a96751f05c299f28bc55e1123440655e
t=2023-06-02T16:09:00+0800 lvl=trce msg="Promoted queued transactions"           count=1
t=2023-06-02T16:09:00+0800 lvl=trce msg="Pooled new future transaction"          hash=0xf2e903c04c48dbdce34dfd00949126cbeded5bcdaa1f4f3373a302b9b1d1c816 from=0x7628e7c918DAaf4dfbF615023fDBcF72b8479bCe to=0x0000000000000000000000000000000000000000
t=2023-06-02T16:09:00+0800 lvl=trce msg="Removed old queued transactions"        count=0
t=2023-06-02T16:09:00+0800 lvl=trce msg="Removed unpayable queued transactions"  count=0
t=2023-06-02T16:09:00+0800 lvl=trce msg="Promoted queued transactions"           count=0
t=2023-06-02T16:09:00+0800 lvl=trce msg="Promoted queued transactions"           count=0
t=2023-06-02T16:09:00+0800 lvl=trce msg="Removed cap-exceeding queued transaction" hash=0x47dba053b15663f7b96cade381cf3cf65563a76bbf64660779619eaf5d6aadee
t=2023-06-02T16:09:00+0800 lvl=trce msg="Removed cap-exceeding queued transaction" hash=0x0b9995729ed99ecd8bd26c9f2afd1af8585e3ab08e08090690cd56cceb86efb6
t=2023-06-02T16:09:00+0800 lvl=trce msg="Removed cap-exceeding queued transaction" hash=0x5a68ad23c9d17d74c72a075b580e0c0e1e86cf522e4b72066ac0f6d18e770178
t=2023-06-02T16:09:00+0800 lvl=trce msg="Removed cap-exceeding queued transaction" hash=0x6ac9cfed846a577f8ea3775df285e604460ab6dc6f7cf3184b3886e318725760
t=2023-06-02T16:09:00+0800 lvl=trce msg="Removed cap-exceeding queued transaction" hash=0xa482d9a85e8341f5bfb4f7671b1c10edba840e8cc76b0232c1506750e50d8a91
t=2023-06-02T16:09:00+0800 lvl=trce msg="Removed cap-exceeding queued transaction" hash=0xf9b46ff62baa9073e8c76ab1c0cf83297a6d99c89d99de20b9dc6bc40582bc2d
t=2023-06-02T16:09:00+0800 lvl=trce msg="Removed cap-exceeding queued transaction" hash=0x5177e4e4b8b2378e6f229df3d8f7eb473bf08c1f1984b0223a1986896c9c512d
t=2023-06-02T16:09:00+0800 lvl=trce msg="Removed cap-exceeding queued transaction" hash=0x139675d0c922099aa43f78fdf6d3901dc7027db32c98bbc061a0a4fe19760ece
t=2023-06-02T16:09:00+0800 lvl=trce msg="Removed cap-exceeding queued transaction" hash=0x4f0c0a20d80df54ec84e90efe29bcde1a31a84bc042d4a4865d305cee5163223
t=2023-06-02T16:09:00+0800 lvl=trce msg="Removed cap-exceeding queued transaction" hash=0x7da41e274aaf3921f47409a42fbe841f9d53b826e29df870a751e455df100f6c
t=2023-06-02T16:09:00+0800 lvl=trce msg="Removed cap-exceeding queued transaction" hash=0xcff77c9a30ee739d5bb043e63d29773f2a38de3ba45a16636c58f05b775b6766
t=2023-06-02T16:09:00+0800 lvl=trce msg="Removed cap-exceeding queued transaction" hash=0xc56ee1dbdf6a0ca2c2fcba10639b345362aee6c3e599aacfc7a78e9fed5141ba
t=2023-06-02T16:09:00+0800 lvl=trce msg="Removed cap-exceeding queued transaction" hash=0x637b2f9c134eef5f4d9e4d62df565a6a39c9c0a460ff24280dab5558fb833b18
t=2023-06-02T16:09:00+0800 lvl=trce msg="Removed cap-exceeding queued transaction" hash=0x49f8cf80b0b85cff3ed2d1a5a202886573eb5e02b0c861e77be0be91b6d916bb
t=2023-06-02T16:09:00+0800 lvl=trce msg="Removed cap-exceeding queued transaction" hash=0xa5a0596a5f4aaaf00fd4603d04f662cab329392ab667c6d3558110b2e1229051
t=2023-06-02T16:09:00+0800 lvl=trce msg="Removed cap-exceeding queued transaction" hash=0xe7dbcfcd2cd92b20f7459a0646ff3a5149f8976964be9003cb9ded518f2d247e
t=2023-06-02T16:09:00+0800 lvl=trce msg="Removed cap-exceeding queued transaction" hash=0x7d6084c84b3097464ed4c389db32f151a7120f01ef8ade8ed7e23e86218fe4b7
t=2023-06-02T16:09:00+0800 lvl=trce msg="Removed cap-exceeding queued transaction" hash=0x591ff7258b8b0ad0656dbb40c90ce109fb296553b266c044f6822a832776411c
t=2023-06-02T16:09:00+0800 lvl=trce msg="Removed cap-exceeding queued transaction" hash=0x013726ed6308c980cbd992b2448a9ebd7fd970955115f87752541f6ba603ac96
t=2023-06-02T16:09:00+0800 lvl=trce msg="Removed cap-exceeding queued transaction" hash=0x74c26218cd2086124ecec0e761616250bb86004290552a4ff679491fcc1cd73d
t=2023-06-02T16:09:00+0800 lvl=trce msg="Discarding freshly underpriced transaction" hash=0x8bfe61a3593a4e73ba966ea986c66136f5d4365a74c3ce1ff1d81597492cc7b9 gasTipCap=1  gasFeeCap=617
t=2023-06-02T16:09:00+0800 lvl=trce msg="Pooled new future transaction"          hash=0x07593e913dd0e579ebd77436c1dfa92c152d33462a69e9a9e3701b489d3cacce from=0xE997508664c5f0CD2124881dE96824214a462Ad8 to=0x0000000000000000000000000000000000000000
t=2023-06-02T16:09:00+0800 lvl=trce msg="Removed old queued transactions"        count=0
t=2023-06-02T16:09:00+0800 lvl=trce msg="Removed unpayable queued transactions"  count=0
t=2023-06-02T16:09:00+0800 lvl=trce msg="Removed cap-exceeding queued transaction" hash=0x4ecc360cd8dfd1db2707dad7dd7e099cfd193e67dc2be8c20a15f48b88206e59
t=2023-06-02T16:09:00+0800 lvl=trce msg="Removed cap-exceeding queued transaction" hash=0xbebc41415358a4b15a4f0e9f0736b40a0725084b13d9a96f89232dc0c5b76872
t=2023-06-02T16:09:00+0800 lvl=trce msg="Pooled new future transaction"          hash=0xe070472fc84de625b328477f72398a84ef6505ad5fa8953b4dfeb2fdd103769a from=0x66e0851F1a162869024b4C9f6b1C4Fc5cb4832F1 to=0x0000000000000000000000000000000000000000
t=2023-06-02T16:09:00+0800 lvl=trce msg="Removed old queued transactions"        count=0
t=2023-06-02T16:09:00+0800 lvl=trce msg="Removed unpayable queued transactions"  count=0
t=2023-06-02T16:09:00+0800 lvl=trce msg="Promoted queued transactions"           count=1
t=2023-06-02T16:09:00+0800 lvl=trce msg="Removed cap-exceeding queued transaction" hash=0x83d6511f6e8054d51a6d42809d6bc0f26a277c2999367b79d53688d1c886b6e3
t=2023-06-02T16:09:00+0800 lvl=trce msg="Removed cap-exceeding queued transaction" hash=0xecd821779f7a9508e65dfe5176d8c1ac836ce8e8772e23fdd314ecc99141c111
t=2023-06-02T16:09:00+0800 lvl=trce msg="Removed cap-exceeding queued transaction" hash=0x96c1aa2c12b6de85820019067e57aeabcd5fdc2fadf60fa5f89226f5ced5da0a
t=2023-06-02T16:09:00+0800 lvl=trce msg="Removed cap-exceeding queued transaction" hash=0x87f312e281ed77dad7f17d0b16300b5d5a5333e365c33eae3dd1d517fc679f8d
t=2023-06-02T16:09:00+0800 lvl=trce msg="Removed cap-exceeding queued transaction" hash=0xd6ff686ccc7accaea23239348f3ff145e70254ff94cba346ed038924f0d37bfd
t=2023-06-02T16:09:00+0800 lvl=trce msg="Removed cap-exceeding queued transaction" hash=0x57ad92e70db01d5a06e7c3265b1c85d5205925b0fb98d2240622d59887471dcd
t=2023-06-02T16:09:00+0800 lvl=trce msg="Removed cap-exceeding queued transaction" hash=0x40a11131acf8ba24014bb96471a5469be3857c80c5d9f900d0939907b76159c4
t=2023-06-02T16:09:00+0800 lvl=trce msg="Removed cap-exceeding queued transaction" hash=0x0ddfa677cb30b5896b8749c992e0f5464c3147970e1225230058178fe0cdab35
t=2023-06-02T16:09:00+0800 lvl=trce msg="Removed cap-exceeding queued transaction" hash=0x39d0518b9b9776d0747c8d497e0bf7c1debc8c435c82d482416df1fd3828bd7d
t=2023-06-02T16:09:00+0800 lvl=trce msg="Removed cap-exceeding queued transaction" hash=0x3802d8cbb003f07ba8a894d4c1f1127a032a0338a67cb8d264bd99356fbe435a
t=2023-06-02T16:09:00+0800 lvl=trce msg="Removed cap-exceeding queued transaction" hash=0x71ad84dcb07331f86c7cda3d0c9d86510186e5036582da7128350eb76aa37c99
t=2023-06-02T16:09:00+0800 lvl=trce msg="Removed cap-exceeding queued transaction" hash=0xf7e7c1ed59a1387645cf3403704f6f8e622cfa7d82e80070e7b3a356362941ac
t=2023-06-02T16:09:00+0800 lvl=trce msg="Removed cap-exceeding queued transaction" hash=0xcc476eb77fe5bb6f86c37e558663402214250d9f257cf48718c70740b2dfcd9c
t=2023-06-02T16:09:00+0800 lvl=trce msg="Removed cap-exceeding queued transaction" hash=0x0e7eb09149f7e1136a7099f7c61a9e0fb4502753012f8d55f693210f4171c76f
t=2023-06-02T16:09:00+0800 lvl=trce msg="Promoted queued transactions"           count=1
t=2023-06-02T16:09:00+0800 lvl=trce msg="Removed cap-exceeding queued transaction" hash=0x64e8cd714d63e0daf13602de8a05d1aaae7314f3ae0ea552fdba15e9d2a056de
t=2023-06-02T16:09:00+0800 lvl=trce msg="Removed cap-exceeding queued transaction" hash=0x0c3cd37aa3f8708d646fb4d7d9eda1acb3b186513811bac3eb1385c27439f0e1
t=2023-06-02T16:09:00+0800 lvl=trce msg="Removed cap-exceeding queued transaction" hash=0xf854ca5de072378ae4769db6655b5051a0a6031f914de752a72af6008003f84c
t=2023-06-02T16:09:00+0800 lvl=trce msg="Removed cap-exceeding queued transaction" hash=0x08326efbb3d41ea17703331a8d5f49172910b897778d83fccd4a24077616d9c4
t=2023-06-02T16:09:00+0800 lvl=trce msg="Removed cap-exceeding queued transaction" hash=0x280c43b1b16adc21e542dc3dc290282d32d0ba139e3430045b6cf06da551b074
t=2023-06-02T16:09:00+0800 lvl=trce msg="Removed cap-exceeding queued transaction" hash=0x6639a14b95d78ff1c3b58e580257714eaea92e5ddfced55a0a03d37a8af4a937
t=2023-06-02T16:09:00+0800 lvl=trce msg="Removed cap-exceeding queued transaction" hash=0xf97d6dbb2e043caf2b43ff52280356d37753bace46ed1ab31f9b9bb3e4de65df
t=2023-06-02T16:09:00+0800 lvl=trce msg="Removed cap-exceeding queued transaction" hash=0x44d002d86545f3e4e33fd493038d1c7ba22e658a436c2f0e33424557cd617a4f
t=2023-06-02T16:09:00+0800 lvl=trce msg="Removed cap-exceeding queued transaction" hash=0x51554f2986089a0dc2000994ebe1e425a84c1861d6686b76ecab4980ed8767df
t=2023-06-02T16:09:00+0800 lvl=trce msg="Removed cap-exceeding queued transaction" hash=0x137e0f7cd24985b0d5e2e2cee5d3ee190ac6f9e61eb921f341601b5943a69f41
t=2023-06-02T16:09:00+0800 lvl=trce msg="Removed cap-exceeding queued transaction" hash=0x0b52cbfe5d90236a9034b43551f66a7a891007ff170d3b9c5526a9afe8ff295e
t=2023-06-02T16:09:00+0800 lvl=trce msg="Removed cap-exceeding queued transaction" hash=0xeb07d7f0762750ff34578819664348f9152e16293d2da12cc025d7db5a51e3f2
t=2023-06-02T16:09:00+0800 lvl=trce msg="Removed cap-exceeding queued transaction" hash=0xc2549526e8a7fc7d7d363874a6d5cbd014b8c5b58118e0844b503690a267cd0d
t=2023-06-02T16:09:00+0800 lvl=trce msg="Pooled new future transaction"          hash=0xdb72c0f27b389716c936f8f3ed8c3ad00364a649f3cb80f96aab30e64fc31b92 from=0x66e0851F1a162869024b4C9f6b1C4Fc5cb4832F1 to=0x0000000000000000000000000000000000000000
t=2023-06-02T16:09:00+0800 lvl=trce msg="Removed cap-exceeding queued transaction" hash=0xe179ea24094b8080e810b46a507741236ccc1b138abbe030889689ad5791545e
t=2023-06-02T16:09:00+0800 lvl=trce msg="Removed cap-exceeding queued transaction" hash=0x1d93dd5f051089bca4aa00e58e11211e5e6ef9516e6ef4a7d32669481fc335f7
t=2023-06-02T16:09:00+0800 lvl=trce msg="Removed cap-exceeding queued transaction" hash=0x003a5910f47ec6dfc689e89f58d31a14be5455d5b754a2ab037cafff78be0e9c
t=2023-06-02T16:09:00+0800 lvl=trce msg="Removed cap-exceeding queued transaction" hash=0x87599e40a930e1a9c275f0e8774af82f778c5b3fb20d5a8ead6cca1fc1a61d45
t=2023-06-02T16:09:00+0800 lvl=trce msg="Removed cap-exceeding queued transaction" hash=0xf3720615f295382654ddc82aff312b2e18a927e15c8a79ed4e69ae94858b2517
t=2023-06-02T16:09:00+0800 lvl=trce msg="Removed cap-exceeding queued transaction" hash=0xf2a24ff5b78828a3382a89d396dae417335c837967324623dfe2b315a6fd6e32
t=2023-06-02T16:09:00+0800 lvl=trce msg="Removed cap-exceeding queued transaction" hash=0x034288c47a452cc7592c7963c19749c5c477d62cd8988e1dcea3f0acaa08f9b2
t=2023-06-02T16:09:00+0800 lvl=trce msg="Removed cap-exceeding queued transaction" hash=0x250be80072d6690e992e141791ebca89eed725319bd2fb7aa0903fb0c7a0804a
t=2023-06-02T16:09:00+0800 lvl=trce msg="Removed cap-exceeding queued transaction" hash=0x8e2a9388d6177a444a17034ed3cc6a4442d02c2ac6458255b56403d2a9224adb
t=2023-06-02T16:09:00+0800 lvl=trce msg="Removed cap-exceeding queued transaction" hash=0x750afebe12c5f79bdc09946816dd3cd7fa94aab46952669bb08f1d18751f5411
t=2023-06-02T16:09:00+0800 lvl=trce msg="Removed cap-exceeding queued transaction" hash=0xfb46f9d130d7b5728c834cfb12c7c4540791f693dee91b3e8c35a8f7f9adb219
t=2023-06-02T16:09:00+0800 lvl=trce msg="Removed cap-exceeding queued transaction" hash=0xcc9e6569e071b219ffcc2e0282203fc6f546ae282c5614c91339f266484145bf
t=2023-06-02T16:09:00+0800 lvl=trce msg="Removed old queued transactions"        count=0
t=2023-06-02T16:09:00+0800 lvl=trce msg="Removed unpayable queued transactions"  count=0
t=2023-06-02T16:09:00+0800 lvl=trce msg="Promoted queued transactions"           count=0
t=2023-06-02T16:09:00+0800 lvl=trce msg="Removed cap-exceeding queued transaction" hash=0x84a6accddfdb6f8c292f9d65888f2718570c86cca97d7bdbe877dcd64a88b826
t=2023-06-02T16:09:00+0800 lvl=trce msg="Removed cap-exceeding queued transaction" hash=0x37fa6238ce02e637efb2a382cdc85a3e02ae9f3e35d2b2d418973411f99170e7
t=2023-06-02T16:09:00+0800 lvl=trce msg="Removed cap-exceeding queued transaction" hash=0xdd718eb5b09c44b0dff7511a2b906bf249fedeab2ff79d60dbbf44e477966e84
t=2023-06-02T16:09:00+0800 lvl=trce msg="Removed cap-exceeding queued transaction" hash=0xd6232e27253001ec722984741361e947c194af81cb2a417754003dedb12154d9
t=2023-06-02T16:09:00+0800 lvl=trce msg="Removed cap-exceeding queued transaction" hash=0x76bf33aeedd13f65b0772db5163eec28b75ed2cbf7c3a67ec28d46bf174e5815
t=2023-06-02T16:09:00+0800 lvl=trce msg="Removed cap-exceeding queued transaction" hash=0x872d6310ca50ee0da86cdd9d58c37afbddd3ee098e6257d20bef15f235d87d90
t=2023-06-02T16:09:00+0800 lvl=trce msg="Removed cap-exceeding queued transaction" hash=0xff25192569e61f13b353780d09ec1c3597996e0aea5a796f23b108c27e34fe5f
t=2023-06-02T16:09:00+0800 lvl=trce msg="Removed cap-exceeding queued transaction" hash=0xdadc2dc7d2776e5fe646a13a9e1ae3bfb665384c73b70c145ff4c7b8c5973abc
t=2023-06-02T16:09:00+0800 lvl=trce msg="Removed cap-exceeding queued transaction" hash=0x574f03a85c5ca05e61686202392047645885838472e0687b5a858c8965ea7a31
t=2023-06-02T16:09:00+0800 lvl=trce msg="Removed cap-exceeding queued transaction" hash=0xb1ba6bacdcb0dad59933f75784347a6377b2593636ba5952243ad90a5b56ffbe
t=2023-06-02T16:09:00+0800 lvl=trce msg="Removed cap-exceeding queued transaction" hash=0xf1a822c82b8453692d6181a330e29dd60a7de5c693d90e1e3ae6de61bba96553
t=2023-06-02T16:09:00+0800 lvl=trce msg="Removed cap-exceeding queued transaction" hash=0xdb6bb7536f20b3258d363f39d5c7387af7e9d366cc98d16a6328deab8a548641
t=2023-06-02T16:09:00+0800 lvl=trce msg="Discarding freshly underpriced transaction" hash=0xba832eaeafb03a9cb448addaddc58bc3981c47baaf4ebade8604b572303ed2f6 gasTipCap=1  gasFeeCap=618
t=2023-06-02T16:09:00+0800 lvl=trce msg="Pooled new future transaction"          hash=0xb49009a4eb69979f4e29e3c5a00bd42f58dd46b1500d1fc869dbfdbaf45d6543 from=0x3036e4388Ebbbe75dD1bBDf270Abb4442d71ac71 to=0x0000000000000000000000000000000000000000
t=2023-06-02T16:09:00+0800 lvl=trce msg="Removed old queued transactions"        count=0
t=2023-06-02T16:09:00+0800 lvl=trce msg="Removed unpayable queued transactions"  count=0
t=2023-06-02T16:09:00+0800 lvl=trce msg="Pooled new future transaction"          hash=0xd0e1a3591f5ca0f09f220e817f15057ce5215d27270881b121a513e35474a400 from=0x7628e7c918DAaf4dfbF615023fDBcF72b8479bCe to=0x0000000000000000000000000000000000000000
t=2023-06-02T16:09:00+0800 lvl=trce msg="Removed old queued transactions"        count=0
t=2023-06-02T16:09:00+0800 lvl=trce msg="Removed unpayable queued transactions"  count=0
t=2023-06-02T16:09:00+0800 lvl=trce msg="Promoted queued transactions"           count=1
t=2023-06-02T16:09:00+0800 lvl=trce msg="Promoted queued transactions"           count=1
t=2023-06-02T16:09:00+0800 lvl=trce msg="Removed cap-exceeding queued transaction" hash=0xd7f8b9f046866d603caf00a071b40029a6989e4f5b875dd2e140545fb2ef77d6
t=2023-06-02T16:09:00+0800 lvl=trce msg="Removed cap-exceeding queued transaction" hash=0x39f7cf360ba00c193a80cc3a4e1141b54ed5814dfb57b54059ab1fd51d6e6ee9
t=2023-06-02T16:09:00+0800 lvl=trce msg="Removed cap-exceeding queued transaction" hash=0x3da426111c9ed96a58df112b1191e5e62f372b222f97d81e323b80356e2f51ec
t=2023-06-02T16:09:00+0800 lvl=trce msg="Removed cap-exceeding queued transaction" hash=0xe11f87fe8f3930818662ece25c3626ed3251ccf317851c80b2f383c041f34d56
t=2023-06-02T16:09:00+0800 lvl=trce msg="Removed cap-exceeding queued transaction" hash=0x9ccd0801a9c6799ebc1dd261f1a053fa01ca28fa596ed839e21d1123b5761d97
t=2023-06-02T16:09:00+0800 lvl=trce msg="Removed cap-exceeding queued transaction" hash=0xf4dfc34d68950884087c848a73e680b13e031f0d21ae14a6ffc0b9eec677b00d
t=2023-06-02T16:09:00+0800 lvl=trce msg="Removed cap-exceeding queued transaction" hash=0xf47161eb5602ab22f645db85444a0cc613f549fffe4a385d096a0339a132ff8a
t=2023-06-02T16:09:00+0800 lvl=trce msg="Removed cap-exceeding queued transaction" hash=0xfad6d5bbb9362e81cacf6e95c67fc2a90598661645e532bc96ea9b4aa8151e8d
t=2023-06-02T16:09:00+0800 lvl=trce msg="Removed cap-exceeding queued transaction" hash=0xc83f25392f1158ed9711121b49e0545af06df7a8e164c4578b8095b04c9c5b2d
t=2023-06-02T16:09:00+0800 lvl=trce msg="Removed cap-exceeding queued transaction" hash=0xb138699fe823ded067652980160ef5ae85febf3fe896ae3617fc31e74e87e675
t=2023-06-02T16:09:00+0800 lvl=trce msg="Removed cap-exceeding queued transaction" hash=0x63bf8050764718590157e02213184d7d90cd59f8438845488d35455ebd6e26df
t=2023-06-02T16:09:00+0800 lvl=trce msg="Removed cap-exceeding queued transaction" hash=0xdca06792c2888d86718c751bb414fe54783552fd60d8053b599d5aa402c7f614
t=2023-06-02T16:09:00+0800 lvl=trce msg="Pooled new future transaction"          hash=0x224f0270958dea17cc1b0af34da7bfadbdd4d91ff6fb71b18eb6d833bfd6063d from=0x7628e7c918DAaf4dfbF615023fDBcF72b8479bCe to=0x0000000000000000000000000000000000000000
t=2023-06-02T16:09:00+0800 lvl=trce msg="Removed old queued transactions"        count=0
t=2023-06-02T16:09:00+0800 lvl=trce msg="Removed unpayable queued transactions"  count=0
t=2023-06-02T16:09:00+0800 lvl=trce msg="Promoted queued transactions"           count=0
t=2023-06-02T16:09:00+0800 lvl=trce msg="Removed cap-exceeding queued transaction" hash=0x3eec7318c008c73c09afc3f74780aa2b4326579e2edb7ea3a35993be7d7b118e
t=2023-06-02T16:09:00+0800 lvl=trce msg="Removed cap-exceeding queued transaction" hash=0x45347f74e21b88f078abea49c05f823047b435601b5b799d01366fcba000b192
t=2023-06-02T16:09:00+0800 lvl=trce msg="Removed cap-exceeding queued transaction" hash=0xb71bb73892f82c0f039e8bf84037632422c9b71a82dc385213550f88ced73af7
t=2023-06-02T16:09:00+0800 lvl=trce msg="Removed cap-exceeding queued transaction" hash=0x67c3c7f6756e22b5ac16614754c1be327f8e79c06d2f328d146e6ea1e0272d76
t=2023-06-02T16:09:00+0800 lvl=trce msg="Removed cap-exceeding queued transaction" hash=0x8f71910b827ac239ac2c0be8028f331effa4104850ecacd12bce658cad213218
t=2023-06-02T16:09:00+0800 lvl=trce msg="Removed cap-exceeding queued transaction" hash=0x832230ab8b0b57b31ab404ca5395a7a70142f5fb457b14d41ee027a6d6657d6d
t=2023-06-02T16:09:00+0800 lvl=trce msg="Removed old queued transactions"        count=0
t=2023-06-02T16:09:00+0800 lvl=trce msg="Removed unpayable queued transactions"  count=0
t=2023-06-02T16:09:00+0800 lvl=trce msg="Promoted queued transactions"           count=0
t=2023-06-02T16:09:00+0800 lvl=trce msg="Removed cap-exceeding queued transaction" hash=0xc3f1f9e644d1c95ac3506ad629decc2165dca9e846f04b687d713fe0dcecf7bc
t=2023-06-02T16:09:00+0800 lvl=trce msg="Discarding freshly underpriced transaction" hash=0x0c8b67499ec6b6378cefbdc3f85a86213eb19b3d0a3b1d064d3b8e034bba2efd gasTipCap=1  gasFeeCap=619
t=2023-06-02T16:09:00+0800 lvl=trce msg="Pooled new future transaction"          hash=0xe4e1b7aae6d6267487bd5450449d5a26c7b1b817831890558b025f36d613263e from=0x08d1d52CE5304e607b60d7e5789FF83cd507BEAf to=0x0000000000000000000000000000000000000000
t=2023-06-02T16:09:00+0800 lvl=trce msg="Removed old queued transactions"        count=0
t=2023-06-02T16:09:00+0800 lvl=trce msg="Removed unpayable queued transactions"  count=0
t=2023-06-02T16:09:00+0800 lvl=trce msg="Promoted queued transactions"           count=1
t=2023-06-02T16:09:00+0800 lvl=trce msg="Removed cap-exceeding queued transaction" hash=0x74838b61e9658d1177fe66eff630e5302e0f1c89e478de8b7b5fc7d9d46dd06b
t=2023-06-02T16:09:00+0800 lvl=trce msg="Removed cap-exceeding queued transaction" hash=0x3c7bdd0e01f9a9fcc06b8a3cfe807f003ca2ca01006e116a4c00a869246647ef
t=2023-06-02T16:09:00+0800 lvl=trce msg="Removed cap-exceeding queued transaction" hash=0xf535220a598c0f525eafd484d4599e0528c4075a58b463ab9b9d33f6dab90ed1
t=2023-06-02T16:09:00+0800 lvl=trce msg="Removed cap-exceeding queued transaction" hash=0xe4660509e652f4c4a558813738e8d16c04d167c7685120e8ac88ab52e05c6795
t=2023-06-02T16:09:00+0800 lvl=trce msg="Pooled new future transaction"          hash=0xffb63c4e13a24927aca7ee1b0b94155cb4c018571fbec7fbdadfbf0cfd6bd188 from=0x66e0851F1a162869024b4C9f6b1C4Fc5cb4832F1 to=0x0000000000000000000000000000000000000000
t=2023-06-02T16:09:00+0800 lvl=trce msg="Removed old queued transactions"        count=0
t=2023-06-02T16:09:00+0800 lvl=trce msg="Removed unpayable queued transactions"  count=0
t=2023-06-02T16:09:00+0800 lvl=trce msg="Promoted queued transactions"           count=1
t=2023-06-02T16:09:00+0800 lvl=trce msg="Removed cap-exceeding queued transaction" hash=0x45207fb9a0611c76f250cb053d64896ebeab85344849b0b12c9b710b32d362af
t=2023-06-02T16:09:00+0800 lvl=trce msg="Removed cap-exceeding queued transaction" hash=0x41f111f0a3a29524cb031a57153d9460300513a0d006c64d6b998a42389c7d23
t=2023-06-02T16:09:00+0800 lvl=trce msg="Removed cap-exceeding queued transaction" hash=0xb1abbfeb4fd209ee883652eba4c4e4047dcdbfcb24d6b9c490966a4649a3134e
t=2023-06-02T16:09:00+0800 lvl=trce msg="Removed cap-exceeding queued transaction" hash=0x1bc0a58427bf0ee778ea872cfe7366deac353e46768ecb74b72800271a5a6bef
t=2023-06-02T16:09:00+0800 lvl=trce msg="Removed cap-exceeding queued transaction" hash=0xca850eabee5bc61d36947fd2c55357b45e6bdf0ee0e58e794463348b8fb297f9
t=2023-06-02T16:09:00+0800 lvl=trce msg="Removed cap-exceeding queued transaction" hash=0x60f715449b536d04b4d518e9edacf74a0c38cbf4cce4202876df9146d5dc0b28
t=2023-06-02T16:09:00+0800 lvl=trce msg="Removed cap-exceeding queued transaction" hash=0x3e68f3c68522c9d3bd536a44a889ed568bb1a9c78e25df9406912363b31c8ec7
t=2023-06-02T16:09:00+0800 lvl=trce msg="Removed cap-exceeding queued transaction" hash=0x37579bde21843653fdeadc8f8cfafd3de07c62455212d2511326ca0643f39b2c
t=2023-06-02T16:09:00+0800 lvl=trce msg="Removed cap-exceeding queued transaction" hash=0xd2907c89388564337acc7a33601641ff267e0ed95950b15b8af722180819932c
t=2023-06-02T16:09:00+0800 lvl=trce msg="Removed cap-exceeding queued transaction" hash=0x885894e3e800fc129ce9582bd4fa90cbdd7244273b003fb89b1d21476a64ba4d
t=2023-06-02T16:09:00+0800 lvl=trce msg="Removed cap-exceeding queued transaction" hash=0xfcb60671d2fe96c4c203042fd93db1a9e7ec009f99a189d708b46740eccaebe4
t=2023-06-02T16:09:00+0800 lvl=trce msg="Removed cap-exceeding queued transaction" hash=0x3506f4f5af85ef19110a0c479d35c70b07bea0e5c034ac69444593aa8f5d9baa
t=2023-06-02T16:09:00+0800 lvl=trce msg="Removed cap-exceeding queued transaction" hash=0x0a02c52bf187cf5b7c9fd3278252e22fd1d7cd8de9860baec0b9f7c9e76a7428
t=2023-06-02T16:09:00+0800 lvl=trce msg="Removed cap-exceeding queued transaction" hash=0x7d6e9e88307452ae4ab4980bfa5505ddfb1badb204c5440877fc40ab4ee8ebcc
t=2023-06-02T16:09:00+0800 lvl=trce msg="Removed cap-exceeding queued transaction" hash=0xa0df9799094f2b066a20e669f0d81c77517335134af7c7895911b963c2449dcc
t=2023-06-02T16:09:00+0800 lvl=trce msg="Removed cap-exceeding queued transaction" hash=0xb036896238e1a57873a15204690cfc660b69004f3dcf1778c0cfa8c0e8fabedc
t=2023-06-02T16:09:00+0800 lvl=trce msg="Removed cap-exceeding queued transaction" hash=0x95c2e35895351755e9dacbf91d7a25496c2890da267f5e11ea76fdac408a3b2d
t=2023-06-02T16:09:00+0800 lvl=trce msg="Removed cap-exceeding queued transaction" hash=0xc95f1ac735d8db76545df85730da335a3fcf21ddd642747953a4842ab806a52a
t=2023-06-02T16:09:00+0800 lvl=trce msg="Discarding freshly underpriced transaction" hash=0x8e1a7e86659f02dc634d652ffb21d0b2876010e95205683ade65d4a333d8d927 gasTipCap=1  gasFeeCap=700
t=2023-06-02T16:09:00+0800 lvl=trce msg="Pooled new future transaction"          hash=0x8e9900570c8461533d120bdfa02b6a8241f2ef6dc3c22e504fae88c4d468d4e4 from=0x66e0851F1a162869024b4C9f6b1C4Fc5cb4832F1 to=0x0000000000000000000000000000000000000000
t=2023-06-02T16:09:00+0800 lvl=trce msg="Removed old queued transactions"        count=0
t=2023-06-02T16:09:00+0800 lvl=trce msg="Removed unpayable queued transactions"  count=0
t=2023-06-02T16:09:00+0800 lvl=trce msg="Promoted queued transactions"           count=0
t=2023-06-02T16:09:00+0800 lvl=trce msg="Pooled new future transaction"          hash=0xfc98b67d6a3561eeea8cc97b38be00549c63f54835a4d77e86ac23c3fd48c6d8 from=0x42D5adB0AdAF402d6E6058f6585b030fdc282330 to=0x0000000000000000000000000000000000000000
t=2023-06-02T16:09:00+0800 lvl=trce msg="Removed old queued transactions"        count=0
t=2023-06-02T16:09:00+0800 lvl=trce msg="Removed unpayable queued transactions"  count=0
t=2023-06-02T16:09:00+0800 lvl=trce msg="Promoted queued transactions"           count=1
t=2023-06-02T16:09:00+0800 lvl=trce msg="Removed cap-exceeding queued transaction" hash=0xe6335688ed7e553c88f8e3118f35df06fd81bacaebb68bb229a62cc0d323aa70
t=2023-06-02T16:09:00+0800 lvl=trce msg="Removed cap-exceeding queued transaction" hash=0x840ca9319f4f5f96e634ecb948d39b4f8f11aa92a4ea175660c2e7726e83d158
t=2023-06-02T16:09:00+0800 lvl=trce msg="Removed cap-exceeding queued transaction" hash=0xcc3777c5808de7cf1a2c24228597c6a6d75c751531b2b6edd2eb13b3fca330cd
t=2023-06-02T16:09:00+0800 lvl=trce msg="Removed cap-exceeding queued transaction" hash=0x7dcd8bfe58a05eee0f816954b4bd11dd8b29733f285145dbc2e3f130a13bd795
t=2023-06-02T16:09:00+0800 lvl=trce msg="Removed cap-exceeding queued transaction" hash=0xda2df364085302bdca73290bdfb1729d258e56ffee7ec79fa9692be07060ab4f
t=2023-06-02T16:09:00+0800 lvl=trce msg="Removed cap-exceeding queued transaction" hash=0x122729204ffa115b9fe23edb86e30b82640aa28b693c83e674024520af6b0e9b
t=2023-06-02T16:09:00+0800 lvl=trce msg="Removed cap-exceeding queued transaction" hash=0x081760de6f19d975bdea4c1a7567eb15763f839b42fbac889028286b7bc9b079
t=2023-06-02T16:09:00+0800 lvl=trce msg="Removed cap-exceeding queued transaction" hash=0xc658efc4c2f420fb745bd8609c40dbf5a6a1d5c2e7c3091b6f7b6b6cf1a42045
t=2023-06-02T16:09:00+0800 lvl=trce msg="Removed cap-exceeding queued transaction" hash=0xd41481f98b5b2128101402724f76970a1350c6a2e8fca365e58c6f5d182f45dd
t=2023-06-02T16:09:00+0800 lvl=trce msg="Removed cap-exceeding queued transaction" hash=0x4adb89d5c78b51e5b79cdac23147e424ea1dae74b38df52f16a4edc1b000982b
t=2023-06-02T16:09:00+0800 lvl=trce msg="Pooled new future transaction"          hash=0xa9b490633d60fc3f8747a116162088b3a74f43f0c22946d3b9500f31e9f18a5b from=0x7628e7c918DAaf4dfbF615023fDBcF72b8479bCe to=0x0000000000000000000000000000000000000000
t=2023-06-02T16:09:00+0800 lvl=trce msg="Removed old queued transactions"        count=0
t=2023-06-02T16:09:00+0800 lvl=trce msg="Removed unpayable queued transactions"  count=0
t=2023-06-02T16:09:00+0800 lvl=trce msg="Removed cap-exceeding queued transaction" hash=0x2cf90d04aed5fcd5accd40e476b429e33ffe51f97b98293c25b1da367f6ef7af
t=2023-06-02T16:09:00+0800 lvl=trce msg="Removed cap-exceeding queued transaction" hash=0x61bdf02d2fe4afd68bfd33be19c0e93c023f2401082c28c2e2aae166ee9c0962
t=2023-06-02T16:09:00+0800 lvl=trce msg="Removed cap-exceeding queued transaction" hash=0x89901e6538734de0b977981bea9dcef002cad1064655fd54f09b913f7bcf1641
t=2023-06-02T16:09:00+0800 lvl=trce msg="Removed cap-exceeding queued transaction" hash=0x6c6070baa720b77703e5ce44b1f7d62b3a21b3b17a857e473a71472fc4420c03
t=2023-06-02T16:09:00+0800 lvl=trce msg="Removed cap-exceeding queued transaction" hash=0xb1fd41ec0dce12b7f6651570b70f8521418cdb694a4d7176925145faa1a9929d
t=2023-06-02T16:09:00+0800 lvl=trce msg="Removed cap-exceeding queued transaction" hash=0xb67bbb5b55d89eaa05425854b2a69ee5018936494c8baedd455477c85b55e4de
t=2023-06-02T16:09:00+0800 lvl=trce msg="Removed cap-exceeding queued transaction" hash=0xc95de900d0127203a230b29c0ecddda077f4c708c90252c00de85b3d9c76e7c1
t=2023-06-02T16:09:00+0800 lvl=trce msg="Promoted queued transactions"           count=1
t=2023-06-02T16:09:00+0800 lvl=trce msg="Removed cap-exceeding queued transaction" hash=0x04e256200dc73c8d9e57b0121e5ad68674f9b30b0b97d96488b670d7b9a0ff10
t=2023-06-02T16:09:00+0800 lvl=trce msg="Removed cap-exceeding queued transaction" hash=0x32f475927d1c76342e296612e93cfda8de10f5893e5b879b7eee54248def536b
t=2023-06-02T16:09:00+0800 lvl=trce msg="Removed cap-exceeding queued transaction" hash=0x8dfb55245f659fa9586139ad9ef7dea499cf24015490bb8f18cc35740bf98cbe
t=2023-06-02T16:09:00+0800 lvl=trce msg="Discarding freshly underpriced transaction" hash=0x07593e913dd0e579ebd77436c1dfa92c152d33462a69e9a9e3701b489d3cacce gasTipCap=1  gasFeeCap=701
t=2023-06-02T16:09:00+0800 lvl=trce msg="Pooled new future transaction"          hash=0xb10f559dc4dd02cd56e01f236ec5e977d8e32b60b803c1bfa0cfeab2ad7f92a3 from=0x9AfCE24d15C9bd09684509503DC3FB8E97F3B43A to=0x0000000000000000000000000000000000000000
t=2023-06-02T16:09:00+0800 lvl=trce msg="Removed old queued transactions"        count=0
t=2023-06-02T16:09:00+0800 lvl=trce msg="Removed unpayable queued transactions"  count=0
t=2023-06-02T16:09:00+0800 lvl=trce msg="Promoted queued transactions"           count=1
t=2023-06-02T16:09:00+0800 lvl=trce msg="Removed cap-exceeding queued transaction" hash=0xa053dd355e7a73243e687c3caf7c316471dd5cf0ba6d2fdd3f171078e1036266
t=2023-06-02T16:09:00+0800 lvl=trce msg="Removed cap-exceeding queued transaction" hash=0x8d4de066c5e506d3aaeba49331d8f4ab05364a57b577f6c3a66b651a3b4e25ac
t=2023-06-02T16:09:00+0800 lvl=trce msg="Removed cap-exceeding queued transaction" hash=0xf860f5d34397ace8e72c7476f0fb8cb4e3d49b8938c5c9b1e5a54dcf5ebf9f19
t=2023-06-02T16:09:00+0800 lvl=trce msg="Pooled new future transaction"          hash=0xd831052b5dd9d0c1330222e26afc8d7cd7fbd90ae79fd7cf81f4441a9c82f897 from=0x7628e7c918DAaf4dfbF615023fDBcF72b8479bCe to=0x0000000000000000000000000000000000000000
t=2023-06-02T16:09:00+0800 lvl=trce msg="Removed old queued transactions"        count=0
t=2023-06-02T16:09:00+0800 lvl=trce msg="Removed unpayable queued transactions"  count=0
t=2023-06-02T16:09:00+0800 lvl=trce msg="Promoted queued transactions"           count=0
t=2023-06-02T16:09:00+0800 lvl=trce msg="Removed cap-exceeding queued transaction" hash=0xddff7fc0ce0c1765e96457d9e5176d6191b5cce9b411c4b570aef00ac45bd93c
t=2023-06-02T16:09:00+0800 lvl=trce msg="Removed cap-exceeding queued transaction" hash=0x98abf157d205fd21de14735fbed076cd570eaa16c6b479b9de34e83c9536cb3b
t=2023-06-02T16:09:00+0800 lvl=trce msg="Removed cap-exceeding queued transaction" hash=0x00beaf6a61c29a2839929e6466e01774847e2e33a87a134f36e65cd67c0663d2
t=2023-06-02T16:09:00+0800 lvl=trce msg="Removed cap-exceeding queued transaction" hash=0xbf216707741e53ba52ee14e4bd1d4b2feca62d8729458fa2e1d94064073e173a
t=2023-06-02T16:09:00+0800 lvl=trce msg="Removed cap-exceeding queued transaction" hash=0x5bf407fcc89bf897597040ed740b96588da1058d680f82c6128f357758091d75
t=2023-06-02T16:09:00+0800 lvl=trce msg="Removed cap-exceeding queued transaction" hash=0x1593094b75247c6880dc448db5239c5e132f2fff7fe7ad1b748fb4ccab0be44a
t=2023-06-02T16:09:00+0800 lvl=trce msg="Removed cap-exceeding queued transaction" hash=0xc910121801f21b4dff0a4a3395d4944870115315d56f10b2290470be938a71d6
t=2023-06-02T16:09:00+0800 lvl=trce msg="Removed cap-exceeding queued transaction" hash=0x26f415a3a313101be6cdca4175a5876f18532a760537e7445c29d405b124647c
t=2023-06-02T16:09:00+0800 lvl=trce msg="Removed cap-exceeding queued transaction" hash=0x6901ce3391181cf923c4bcbc0775d47acc435be785d0d6ad8f3ecafa41784ab9
t=2023-06-02T16:09:00+0800 lvl=trce msg="Removed cap-exceeding queued transaction" hash=0x8b5d82f9b004e9b966db9ec7f6d0e05d269354f74f3e5ee40dede751206dd2c3
t=2023-06-02T16:09:00+0800 lvl=trce msg="Removed cap-exceeding queued transaction" hash=0xbc47cc81c0fb81e3096c9418ffeaeecdf4bbe6eff37e55ccfc3f7f698a146652
t=2023-06-02T16:09:00+0800 lvl=trce msg="Removed cap-exceeding queued transaction" hash=0xdd03212015b1e2189e4224d568b5faface9c3c60f1ee5af0edbc17b6200ab9ff
t=2023-06-02T16:09:00+0800 lvl=trce msg="Removed cap-exceeding queued transaction" hash=0x7b0d2584e5f7dddd420310ef27213efec6d9646ec7344d45eaa617fb52ae1d10
t=2023-06-02T16:09:00+0800 lvl=trce msg="Removed cap-exceeding queued transaction" hash=0xf57e06cd9f4734c0911b4ffd7dca01055a535dfc0284fdcc16f1ed3ef04fa892
t=2023-06-02T16:09:00+0800 lvl=trce msg="Removed cap-exceeding queued transaction" hash=0xd2d12bbf0813a5efe4ddedb3f1991d857ddfdfdc1c15afdc91e2f43f8dca0cd2
t=2023-06-02T16:09:00+0800 lvl=trce msg="Discarding freshly underpriced transaction" hash=0xb49009a4eb69979f4e29e3c5a00bd42f58dd46b1500d1fc869dbfdbaf45d6543 gasTipCap=1  gasFeeCap=702
t=2023-06-02T16:09:00+0800 lvl=trce msg="Pooled new future transaction"          hash=0x6ab554ac2353e9ed0f3aec9211c8036fcdde2847aa17d41c1bdc641c084163e3 from=0x2648Ba745A7eCec9c7734A060791651BE42C4BfA to=0x0000000000000000000000000000000000000000
t=2023-06-02T16:09:00+0800 lvl=trce msg="Removed old queued transactions"        count=0
t=2023-06-02T16:09:00+0800 lvl=trce msg="Removed unpayable queued transactions"  count=0
t=2023-06-02T16:09:00+0800 lvl=trce msg="Promoted queued transactions"           count=1
t=2023-06-02T16:09:00+0800 lvl=trce msg="Removed cap-exceeding queued transaction" hash=0xd6b7d9f46787501ba1af8afb00200f83eb0547afc591cf177feebe318abfa42f
t=2023-06-02T16:09:00+0800 lvl=trce msg="Removed cap-exceeding queued transaction" hash=0x4a350f2e9b20080d457e980270cf684ba3d20d69ecd9d62277265b9821cc2e20
t=2023-06-02T16:09:00+0800 lvl=trce msg="Removed cap-exceeding queued transaction" hash=0xec38eeb1aeffb828a8c0f99e875d15d911696941faca388ca0c40faf5623f872
t=2023-06-02T16:09:00+0800 lvl=trce msg="Removed cap-exceeding queued transaction" hash=0xd25cd4d47ceefd01a65992fa7a769ce0c0d4fef5d43bf9fb14e131c43332462b
t=2023-06-02T16:09:00+0800 lvl=trce msg="Removed cap-exceeding queued transaction" hash=0x50f105b2d0f5567e252da54c9f96dc5c2c364db9baffb276ee0911d846afefc1
t=2023-06-02T16:09:00+0800 lvl=trce msg="Removed cap-exceeding queued transaction" hash=0x56c23656b2ecf04484577bebdec59947a42919382ca1225679ae5a4f011d51bd
t=2023-06-02T16:09:00+0800 lvl=trce msg="Removed cap-exceeding queued transaction" hash=0x1cc39a17fe2180dd58d2622ec13ea9373e1f5d59dcbc301295aa39872cce17f3
t=2023-06-02T16:09:00+0800 lvl=trce msg="Removed cap-exceeding queued transaction" hash=0xc827ff4796f9395614ed0e235b88b72333173483546f14c46031bd39e569ebb8
t=2023-06-02T16:09:00+0800 lvl=trce msg="Removed cap-exceeding queued transaction" hash=0x9cc9bf3799219c86778bfe5fb8327c8fae9140ecaacd9721ff506bae42c847ff
t=2023-06-02T16:09:00+0800 lvl=trce msg="Removed cap-exceeding queued transaction" hash=0x19822429f48dee49d722953e9d650a4ea7358e3d1d2715944cf553cfc461df84
t=2023-06-02T16:09:00+0800 lvl=trce msg="Pooled new future transaction"          hash=0xb60f51852426b19c730b938ebd105f21d12c3342e30d952cef4c4b79caae31ea from=0x66e0851F1a162869024b4C9f6b1C4Fc5cb4832F1 to=0x0000000000000000000000000000000000000000
t=2023-06-02T16:09:00+0800 lvl=trce msg="Removed old queued transactions"        count=0
t=2023-06-02T16:09:00+0800 lvl=trce msg="Removed cap-exceeding queued transaction" hash=0xe36422495229e3efff2f3a0f1c3c9f0d69c8d28048d221e3e2f367bbcd79b76b
t=2023-06-02T16:09:00+0800 lvl=trce msg="Removed cap-exceeding queued transaction" hash=0xf9f5599473123b7a3e40adcc61cdebff350429d9e0d94ff12c33f3f4bb9926ca
t=2023-06-02T16:09:00+0800 lvl=trce msg="Discarding freshly underpriced transaction" hash=0xe4e1b7aae6d6267487bd5450449d5a26c7b1b817831890558b025f36d613263e gasTipCap=1  gasFeeCap=703
t=2023-06-02T16:09:00+0800 lvl=trce msg="Pooled new future transaction"          hash=0xe85e3454c41c80ca51269cf4fa52036f2839501fd0c3c71fcdf1644e7df0a80c from=0x0458058Af26D3D21fCf7E429e143d114084b1553 to=0x0000000000000000000000000000000000000000
t=2023-06-02T16:09:00+0800 lvl=trce msg="Removed old queued transactions"        count=0
t=2023-06-02T16:09:00+0800 lvl=trce msg="Removed unpayable queued transactions"  count=0
t=2023-06-02T16:09:00+0800 lvl=trce msg="Promoted queued transactions"           count=1
t=2023-06-02T16:09:00+0800 lvl=trce msg="Removed cap-exceeding queued transaction" hash=0xd4c66f5d3d28f8a164737d5cd65bc640928502713b15a084a4e0792067be8d29
t=2023-06-02T16:09:00+0800 lvl=trce msg="Removed cap-exceeding queued transaction" hash=0x184a0842e07717c173029951d7f5ade3c7c33e7dfad208fb11affb775f931f50
t=2023-06-02T16:09:00+0800 lvl=trce msg="Removed cap-exceeding queued transaction" hash=0xb1dbaf038368e9e97ff5e893e88b6f4983f286766821de97bed7a2d22823138f
t=2023-06-02T16:09:00+0800 lvl=trce msg="Removed cap-exceeding queued transaction" hash=0x4f635ea92f0d80210d2e48f4c9d62dc59396763106be15af36d9068555000853
t=2023-06-02T16:09:00+0800 lvl=trce msg="Removed cap-exceeding queued transaction" hash=0x81c5c8906767a07765fe2f0232bc232a5fad9cdf9de7be80ed43a87dfabb0f84
t=2023-06-02T16:09:00+0800 lvl=trce msg="Removed cap-exceeding queued transaction" hash=0x708eecb5db3753bf293b5e875200637b15be5d408fcddf62846fda58c33da394
t=2023-06-02T16:09:00+0800 lvl=trce msg="Removed cap-exceeding queued transaction" hash=0xe46b311ae2f42287ef8a2709f792ace0d67fdd4554f75f975e955e2bc973c6b4
t=2023-06-02T16:09:00+0800 lvl=trce msg="Removed cap-exceeding queued transaction" hash=0x0e21c8b0d25a6ebacff5d0a7df96db100c0478396c3f3615a3d9cf84d9046d0a
t=2023-06-02T16:09:00+0800 lvl=trce msg="Removed unpayable queued transactions"  count=0
t=2023-06-02T16:09:00+0800 lvl=trce msg="Promoted queued transactions"           count=1
t=2023-06-02T16:09:00+0800 lvl=trce msg="Discarding freshly underpriced transaction" hash=0xfc98b67d6a3561eeea8cc97b38be00549c63f54835a4d77e86ac23c3fd48c6d8 gasTipCap=1  gasFeeCap=704
t=2023-06-02T16:09:00+0800 lvl=trce msg="Pooled new future transaction"          hash=0x0fcb89b23631bd155ece47a5e1917ec31dcdc4d2b141d36f3b220936dc5098a6 from=0x85eAD89954c16bCAb7A93a3a6de36abAb2b4dc3b to=0x0000000000000000000000000000000000000000
t=2023-06-02T16:09:00+0800 lvl=trce msg="Removed old queued transactions"        count=0
t=2023-06-02T16:09:00+0800 lvl=trce msg="Removed unpayable queued transactions"  count=0
t=2023-06-02T16:09:00+0800 lvl=trce msg="Promoted queued transactions"           count=0
t=2023-06-02T16:09:00+0800 lvl=trce msg="Removed old queued transactions"        count=0
t=2023-06-02T16:09:00+0800 lvl=trce msg="Removed unpayable queued transactions"  count=0
t=2023-06-02T16:09:00+0800 lvl=trce msg="Removed cap-exceeding queued transaction" hash=0x7b045076cb0cacd01e1d3c8b70fa2c5b3daa2885152472c751b841c3dc32e567
t=2023-06-02T16:09:00+0800 lvl=trce msg="Promoted queued transactions"           count=1
t=2023-06-02T16:09:00+0800 lvl=trce msg="Removed cap-exceeding queued transaction" hash=0x4901ebd7d262f96461f13c0424a3b71a3f1f4a558d9d934c653c5284b9f0cc90
t=2023-06-02T16:09:00+0800 lvl=trce msg="Removed cap-exceeding queued transaction" hash=0xb4a52f592e68bfd0613e3c76da228af8e2df210cbf181c37259b450121dbabf8
t=2023-06-02T16:09:00+0800 lvl=trce msg="Removed cap-exceeding queued transaction" hash=0x276544569f52c32a1cfb96f116dac82b96c7e7043f44190e4d9c413937ceb91a
t=2023-06-02T16:09:00+0800 lvl=trce msg="Removed cap-exceeding queued transaction" hash=0x26b051287eacdecffb8ee5a4f754b0888d3cc0e9ae107596cc8d2afaf7480744
t=2023-06-02T16:09:00+0800 lvl=trce msg="Removed cap-exceeding queued transaction" hash=0x8e1c9bb768eed7c2bcf549c9d9c5fb881239d86374454f1431886399b01bf0c2
t=2023-06-02T16:09:00+0800 lvl=trce msg="Pooled new future transaction"          hash=0x40c2076240b6c91a94e5e4feff7cf759a45157908547f413e2bcc17e789e5c3a from=0x66e0851F1a162869024b4C9f6b1C4Fc5cb4832F1 to=0x0000000000000000000000000000000000000000
t=2023-06-02T16:09:00+0800 lvl=trce msg="Removed old queued transactions"        count=0
t=2023-06-02T16:09:00+0800 lvl=trce msg="Removed unpayable queued transactions"  count=0
t=2023-06-02T16:09:00+0800 lvl=trce msg="Promoted queued transactions"           count=0
t=2023-06-02T16:09:00+0800 lvl=trce msg="Removed cap-exceeding queued transaction" hash=0xf5b641a2883f4482e1905513802375459a4d256f71c52378e8ed26f22ed48a7c
t=2023-06-02T16:09:00+0800 lvl=trce msg="Removed cap-exceeding queued transaction" hash=0x95a2b8b05de05cf4e527a47f55658c6edc8de291333f73cd38b090e4321ec9bb
t=2023-06-02T16:09:00+0800 lvl=trce msg="Removed cap-exceeding queued transaction" hash=0xadf8448e722ab949699b9573e632b6c3686a4ccde41d9fb71a30de61fa384e0d
t=2023-06-02T16:09:00+0800 lvl=trce msg="Removed cap-exceeding queued transaction" hash=0x61b13faefd24a12b19bf2c64e36e7343d32ccac046022d4b7265f328014c3dd3
t=2023-06-02T16:09:00+0800 lvl=trce msg="Removed cap-exceeding queued transaction" hash=0xad98ee8db90ca388e3994b57437ae97ac5b973a6a0bdb649539a1bdb2cf0b280
t=2023-06-02T16:09:00+0800 lvl=trce msg="Removed cap-exceeding queued transaction" hash=0xb77bd4408a2e6f059b28e0c9779f3e965a3166e9ab24cd9ec4c9f583cc12c596
t=2023-06-02T16:09:00+0800 lvl=trce msg="Removed cap-exceeding queued transaction" hash=0x022bc5976cbb493c46500e685be00e87bb4f0105814a5ae6a3c117eee360eedc
t=2023-06-02T16:09:00+0800 lvl=trce msg="Removed cap-exceeding queued transaction" hash=0x882431d90aff08125e02bab085a887d790332fb0d50f94aef4fc705237344343
t=2023-06-02T16:09:00+0800 lvl=trce msg="Removed cap-exceeding queued transaction" hash=0xef2416bc2be0f6dec40b07d70c27ac78c9c4bd9f436ca446c6fd41fc8d0d9839
t=2023-06-02T16:09:00+0800 lvl=trce msg="Removed cap-exceeding queued transaction" hash=0x3a882456811f0608ce81359cd18b1023f9b81927b2bcb70f7cb5fc8a01d6da21
t=2023-06-02T16:09:00+0800 lvl=trce msg="Removed cap-exceeding queued transaction" hash=0x2c57bb64e4531b9bc5f81ca4775be1a2ffb2cd73b6338b489c9aaf42bd2fd0be
t=2023-06-02T16:09:00+0800 lvl=trce msg="Removed cap-exceeding queued transaction" hash=0xe2b9571b3df5c18d3179efed3ca5c2e0cffff5abefc1fb22991255c20a18dd65
t=2023-06-02T16:09:00+0800 lvl=trce msg="Removed cap-exceeding queued transaction" hash=0x59d3c1720c8b93d3537dc8e2c1608614a9c8f43903c249a89977686a72ad06e9
t=2023-06-02T16:09:00+0800 lvl=trce msg="Removed cap-exceeding queued transaction" hash=0x333ac490e04a7cbf4ad369d770b8105093e7819664a81fafeddcc540d62be14f
t=2023-06-02T16:09:00+0800 lvl=trce msg="Removed cap-exceeding queued transaction" hash=0x349bebd6633891e12988157ccca42e084f5a1463d57415bbdcc4eca93cdc36be
t=2023-06-02T16:09:00+0800 lvl=trce msg="Removed cap-exceeding queued transaction" hash=0x5f5d2144fd71647f11de9dee4081b77126f907263325749fa94ec024246f4c0a
t=2023-06-02T16:09:00+0800 lvl=trce msg="Discarding freshly underpriced transaction" hash=0xb10f559dc4dd02cd56e01f236ec5e977d8e32b60b803c1bfa0cfeab2ad7f92a3 gasTipCap=1  gasFeeCap=705
t=2023-06-02T16:09:00+0800 lvl=trce msg="Pooled new future transaction"          hash=0x37cf502a68575c10f46e92ac0e1f4c2db954568df7a0108463572fde04cbc5a7 from=0x74E001cF9979378Dc72b7ac1d7fC5Ed9206FDbda to=0x0000000000000000000000000000000000000000
t=2023-06-02T16:09:00+0800 lvl=trce msg="Removed old queued transactions"        count=0
t=2023-06-02T16:09:00+0800 lvl=trce msg="Removed unpayable queued transactions"  count=0
t=2023-06-02T16:09:00+0800 lvl=trce msg="Promoted queued transactions"           count=1
t=2023-06-02T16:09:00+0800 lvl=trce msg="Removed cap-exceeding queued transaction" hash=0xa1c5d13a1b2d1aabd1a680598188521dec26b6a06b93fac6dd9adf4b76dc1f9a
t=2023-06-02T16:09:00+0800 lvl=trce msg="Removed cap-exceeding queued transaction" hash=0x4ef492b3b3f04e4ab79f8152ce951cd47ae67b6e231b501a3b8da5f249e9154a
t=2023-06-02T16:09:00+0800 lvl=trce msg="Removed cap-exceeding queued transaction" hash=0x6365302e1c8572d1ac792ecaf7e82a7162b727608bc0d48b6985e858838dbce0
t=2023-06-02T16:09:00+0800 lvl=trce msg="Removed cap-exceeding queued transaction" hash=0xa1dc71529257eb0a3305f90d7eadb61ecb6a4338a0bd2bd4c0bd311bfc86bb7d
t=2023-06-02T16:09:00+0800 lvl=trce msg="Removed cap-exceeding queued transaction" hash=0xf66a954cc776952615c13e238e019aa80a6e9c82637813857875f40175cf9268
t=2023-06-02T16:09:00+0800 lvl=trce msg="Removed cap-exceeding queued transaction" hash=0x1c2c274497bd9a06d03b6a8ed02dfe982c52286edda612512c4241d9bd5a679c
t=2023-06-02T16:09:00+0800 lvl=trce msg="Removed cap-exceeding queued transaction" hash=0x4bd0eb5ad31c586cb385f49cc3421bf413c34c28a9213c39bc0d5322b7dd838d
t=2023-06-02T16:09:00+0800 lvl=trce msg="Removed cap-exceeding queued transaction" hash=0x2a0191bb2582dd6877a423fb0761ed85fb96405a1be589b0d18a8e68452a3e53
t=2023-06-02T16:09:00+0800 lvl=trce msg="Removed cap-exceeding queued transaction" hash=0x5ea0943284233b08065ed3e35e3ddddf646996eaf4f124d2eb08cb035e0ff547
t=2023-06-02T16:09:00+0800 lvl=trce msg="Removed cap-exceeding queued transaction" hash=0xf058b241348e1b5c8ee0c3f9477a2f701ef6fd948dde606cb5f2f1ea2de531a4
t=2023-06-02T16:09:00+0800 lvl=trce msg="Removed cap-exceeding queued transaction" hash=0x4d51c256791b6756728e2a439d0c0c42080ba5c9b6f0a0f6bb2a894d544265f1
t=2023-06-02T16:09:00+0800 lvl=trce msg="Pooled new future transaction"          hash=0x96aabc15c13f0fe5ed3290bc310b5d5398180b765296ed267093fb8d36c6e90b from=0x7628e7c918DAaf4dfbF615023fDBcF72b8479bCe to=0x0000000000000000000000000000000000000000
t=2023-06-02T16:09:00+0800 lvl=trce msg="Removed old queued transactions"        count=0
t=2023-06-02T16:09:00+0800 lvl=trce msg="Removed unpayable queued transactions"  count=0
t=2023-06-02T16:09:00+0800 lvl=trce msg="Promoted queued transactions"           count=1
t=2023-06-02T16:09:00+0800 lvl=trce msg="Removed cap-exceeding queued transaction" hash=0xeee10af46f1307146e972526bf7c95023911254f2b2e1d68d880cdd54a7939fb
t=2023-06-02T16:09:00+0800 lvl=trce msg="Removed cap-exceeding queued transaction" hash=0xe96bdc833c268d2f5e71a6ea7fbae8ba9ed2c31549994154f5a5a5140e500f08
t=2023-06-02T16:09:00+0800 lvl=trce msg="Removed cap-exceeding queued transaction" hash=0x16fea93d581b75d3f8bb08716ee7b97099835ae42284073d2b17e04106869591
t=2023-06-02T16:09:00+0800 lvl=trce msg="Discarding freshly underpriced transaction" hash=0x6ab554ac2353e9ed0f3aec9211c8036fcdde2847aa17d41c1bdc641c084163e3 gasTipCap=1  gasFeeCap=706
t=2023-06-02T16:09:00+0800 lvl=trce msg="Pooled new future transaction"          hash=0xefc550c65ba28f0bf03585b4a6ae445fc3806b5f5c79a00a4877c272f19b0ab6 from=0xBF8cA4f2d3250fE8e9FCdC089273F099E706d7C1 to=0x0000000000000000000000000000000000000000
t=2023-06-02T16:09:00+0800 lvl=trce msg="Removed old queued transactions"        count=0
t=2023-06-02T16:09:00+0800 lvl=trce msg="Removed unpayable queued transactions"  count=0
t=2023-06-02T16:09:00+0800 lvl=trce msg="Promoted queued transactions"           count=1
t=2023-06-02T16:09:00+0800 lvl=trce msg="Removed cap-exceeding queued transaction" hash=0x76cfddae09999ec084eedda1a5bc07f8d484126ebd06677cdfb56fa48b7aea30
t=2023-06-02T16:09:00+0800 lvl=trce msg="Removed cap-exceeding queued transaction" hash=0x9d5c429226b8b1d4f6bc2552f06b7885ab72b0d689cead3ff05e3dac8e7d054d
t=2023-06-02T16:09:00+0800 lvl=trce msg="Removed cap-exceeding queued transaction" hash=0x018caa8d67fb55a480cfd4d122fdd25145bc5d55abfd8fe00a85938fcd468277
t=2023-06-02T16:09:00+0800 lvl=trce msg="Removed cap-exceeding queued transaction" hash=0x37382a58cc960068c0680c93704afa9a80f1e1ede96e5de22edc15b94191b1bd
t=2023-06-02T16:09:00+0800 lvl=trce msg="Removed cap-exceeding queued transaction" hash=0xa3710b9611637546d944b9a8b177cf416ea6d948fa0e9a425271fa55de74e4c2
t=2023-06-02T16:09:00+0800 lvl=trce msg="Removed cap-exceeding queued transaction" hash=0x7698a8d101bfabab61a8af99fb7bb32c9d8b9b167b64045ad4e9549a552da5fd
t=2023-06-02T16:09:00+0800 lvl=trce msg="Removed cap-exceeding queued transaction" hash=0x59545cb9e382b8f436bca6f7771b35d188c8abb1f3f77ff157af9fe4e8ae783c
t=2023-06-02T16:09:00+0800 lvl=trce msg="Pooled new future transaction"          hash=0x6dbb23e85f61a8c6fa25ed43d820fb6ca215a70ffe0a5954441dc87d6d90f8d4 from=0x7628e7c918DAaf4dfbF615023fDBcF72b8479bCe to=0x0000000000000000000000000000000000000000
t=2023-06-02T16:09:00+0800 lvl=trce msg="Removed old queued transactions"        count=0
t=2023-06-02T16:09:00+0800 lvl=trce msg="Removed unpayable queued transactions"  count=0
t=2023-06-02T16:09:00+0800 lvl=trce msg="Promoted queued transactions"           count=0
t=2023-06-02T16:09:00+0800 lvl=trce msg="Removed cap-exceeding queued transaction" hash=0xfc4b841731a324901aebcd4c887edf486bb4fbde5344f3ad8655d222ec639311
t=2023-06-02T16:09:00+0800 lvl=trce msg="Removed cap-exceeding queued transaction" hash=0x9faff91d685b9a5d205e6b0a777ce65b81304c868b35965fbd25c628bbd0ebaa
t=2023-06-02T16:09:00+0800 lvl=trce msg="Removed cap-exceeding queued transaction" hash=0xdfff5142ae7375441d51529ea6e6ae7c0dec98d7f7652a6b91afb8b3963ff18c
t=2023-06-02T16:09:00+0800 lvl=trce msg="Removed cap-exceeding queued transaction" hash=0x9fff5d39e6e3e72a255e1d700223179c055cbd4d72ea0db02c51b7442508434d
t=2023-06-02T16:09:00+0800 lvl=trce msg="Removed cap-exceeding queued transaction" hash=0xfe3f3378d0130ee7bd7fcb75eb5930ac61365af4a980e8cba2358de848054a8a
t=2023-06-02T16:09:00+0800 lvl=trce msg="Removed cap-exceeding queued transaction" hash=0xd56721af6f0e7169e3fd20505c77a5d12079bc510145a77394e5589eae75c8bc
t=2023-06-02T16:09:00+0800 lvl=trce msg="Removed cap-exceeding queued transaction" hash=0xfee187e5fdc09ed53a58c527c253cf482211302c5e45110d9d2862bd619f0b80
t=2023-06-02T16:09:00+0800 lvl=trce msg="Removed cap-exceeding queued transaction" hash=0x6ccfa8ab9fb147e65081c3faba37d0039718704970dba2daef4fe8dd0fa77c5c
t=2023-06-02T16:09:00+0800 lvl=trce msg="Removed cap-exceeding queued transaction" hash=0x1da8aeff9c69b35bf82526fb21d11963def31442c964d2855490aef99bc03bcc
t=2023-06-02T16:09:00+0800 lvl=trce msg="Removed cap-exceeding queued transaction" hash=0xa82ac9057685c648c9cdb7beb89c7695b215b98dec4c776f0fff6fdcd1a939db
t=2023-06-02T16:09:00+0800 lvl=trce msg="Removed cap-exceeding queued transaction" hash=0x32d86327ab646e4803fed6f06fb0360c7602543498a78935c85894a1762ab53d
t=2023-06-02T16:09:00+0800 lvl=trce msg="Removed cap-exceeding queued transaction" hash=0x677680e141362f324d327543383210cc3a97be74cf26735df03f98b3d48e34e4
t=2023-06-02T16:09:00+0800 lvl=trce msg="Removed cap-exceeding queued transaction" hash=0x521cab7961ed4c6eab91890ca5ca5a3890b61b25285cf0971595ceea4a639f66
t=2023-06-02T16:09:00+0800 lvl=trce msg="Removed cap-exceeding queued transaction" hash=0xd456c1a4d8dae4b00a829ee05aef89abe10d131be22167b742d7180194ff6651
t=2023-06-02T16:09:00+0800 lvl=trce msg="Removed cap-exceeding queued transaction" hash=0x86782b781d2d7356e5f815bd1ca423d4d2c6fea7654ef7f641355b8c26cb6bcb
t=2023-06-02T16:09:00+0800 lvl=trce msg="Discarding freshly underpriced transaction" hash=0xe85e3454c41c80ca51269cf4fa52036f2839501fd0c3c71fcdf1644e7df0a80c gasTipCap=1  gasFeeCap=707
t=2023-06-02T16:09:00+0800 lvl=trce msg="Pooled new future transaction"          hash=0x5fb70c34ec32c27f66202abc4f76c666555da3cfd0546c4745d05a09c2726aaa from=0x648D1f126b14a921f1e29b0d19a35a1c42e02E5C to=0x0000000000000000000000000000000000000000
t=2023-06-02T16:09:00+0800 lvl=trce msg="Removed old queued transactions"        count=0
t=2023-06-02T16:09:00+0800 lvl=trce msg="Removed unpayable queued transactions"  count=0
t=2023-06-02T16:09:00+0800 lvl=trce msg="Promoted queued transactions"           count=1
t=2023-06-02T16:09:00+0800 lvl=trce msg="Removed cap-exceeding queued transaction" hash=0xe1978078ff2502caeb69fa63056b43a960cc1225cb8e91f872288708e7444d1d
t=2023-06-02T16:09:00+0800 lvl=trce msg="Removed cap-exceeding queued transaction" hash=0x3a27beadec2df3aefb120f43143b851eef661ff74667a85bab9948142af50cf5
t=2023-06-02T16:09:00+0800 lvl=trce msg="Pooled new future transaction"          hash=0x7a4e17433019cb25ad4144c7c27ae1be514d5ae3019ba64949e420be772cd700 from=0x66e0851F1a162869024b4C9f6b1C4Fc5cb4832F1 to=0x0000000000000000000000000000000000000000
t=2023-06-02T16:09:00+0800 lvl=trce msg="Removed old queued transactions"        count=0
t=2023-06-02T16:09:00+0800 lvl=trce msg="Removed unpayable queued transactions"  count=0
t=2023-06-02T16:09:00+0800 lvl=trce msg="Promoted queued transactions"           count=1
t=2023-06-02T16:09:00+0800 lvl=trce msg="Removed cap-exceeding queued transaction" hash=0x8bbff98490c0aac4dc83896b3c10c204d416afa6d1a949181648a5770a2cb4e5
t=2023-06-02T16:09:00+0800 lvl=trce msg="Removed cap-exceeding queued transaction" hash=0x6834cb5c87d772c6e6ab53e925f84db534026024ca062e0f1ac928aff4e0ab10
t=2023-06-02T16:09:00+0800 lvl=trce msg="Removed cap-exceeding queued transaction" hash=0x3cb2eea0ff37b7397efb2007ec33c8256529f395609a0705986f886245fe0905
t=2023-06-02T16:09:00+0800 lvl=trce msg="Removed cap-exceeding queued transaction" hash=0x8f729ec8db2083471f3e95ec7a299025fc0b5f18dfe52f9a61a8a80c890d4097
t=2023-06-02T16:09:00+0800 lvl=trce msg="Removed cap-exceeding queued transaction" hash=0xfe8206b9f3f75b328bbd41afac869d164b050ae0822b702d1ac0ef09b2fe0df8
t=2023-06-02T16:09:00+0800 lvl=trce msg="Removed cap-exceeding queued transaction" hash=0x772b7f0f96a35675180979e4ee0b8b2304db4547f6f0787a8a27d3e0c9b70e78
t=2023-06-02T16:09:00+0800 lvl=trce msg="Removed cap-exceeding queued transaction" hash=0x0459519d0c8470405c6b1184c21ecbeb9168a847f34f719f265c6243385bb753
t=2023-06-02T16:09:00+0800 lvl=trce msg="Removed cap-exceeding queued transaction" hash=0xf0c514fc6ada1273ebfce9234b4888a603b603e2f8e480b09a648d66f17cf13e
t=2023-06-02T16:09:00+0800 lvl=trce msg="Removed cap-exceeding queued transaction" hash=0x45f211707f2fce3b6bda33f403a5ba4e0808d2b356277b2feda35f87ae90659a
t=2023-06-02T16:09:00+0800 lvl=trce msg="Removed cap-exceeding queued transaction" hash=0x8baf03ffb47bfcb36222ebeeb4877b9910a63da3fdc7ccbaf7636be124b54986
t=2023-06-02T16:09:00+0800 lvl=trce msg="Removed cap-exceeding queued transaction" hash=0x9ba363e48df84c4820e8cbf4ace0b13717dab68404894e3dfe53371868f8dce5
t=2023-06-02T16:09:00+0800 lvl=trce msg="Removed cap-exceeding queued transaction" hash=0xa0f181267d297d23e1068b392897b4f81c4d763cd1b24fbfa67c35352080713b
t=2023-06-02T16:09:00+0800 lvl=trce msg="Removed cap-exceeding queued transaction" hash=0x9770419c474d9c867ddddbf62156ab41d2c59a5e084f54b7bde21d7b861d8ebc
t=2023-06-02T16:09:00+0800 lvl=trce msg="Discarding freshly underpriced transaction" hash=0x0fcb89b23631bd155ece47a5e1917ec31dcdc4d2b141d36f3b220936dc5098a6 gasTipCap=1  gasFeeCap=708
t=2023-06-02T16:09:00+0800 lvl=trce msg="Pooled new future transaction"          hash=0x85a45a0a7ae2b83cdc52aa1e91a32aa5d89b39179218ceb8a52ff486a66d00d7 from=0x47313cC992B0d50929FA0Bd84a64423dEAf1C566 to=0x0000000000000000000000000000000000000000
t=2023-06-02T16:09:00+0800 lvl=trce msg="Removed old queued transactions"        count=0
t=2023-06-02T16:09:00+0800 lvl=trce msg="Removed unpayable queued transactions"  count=0
t=2023-06-02T16:09:00+0800 lvl=trce msg="Promoted queued transactions"           count=1
t=2023-06-02T16:09:00+0800 lvl=trce msg="Removed cap-exceeding queued transaction" hash=0x0abd7d0723b166a9279ce5bbb93ec71f9f53e82a3e5f755a4210fb3a60029fe7
t=2023-06-02T16:09:00+0800 lvl=trce msg="Removed old queued transactions"        count=0
t=2023-06-02T16:09:00+0800 lvl=trce msg="Removed unpayable queued transactions"  count=0
t=2023-06-02T16:09:00+0800 lvl=trce msg="Promoted queued transactions"           count=0
t=2023-06-02T16:09:00+0800 lvl=trce msg="Pooled new future transaction"          hash=0xa93b9bdf15443e7b5629fe2d8666d12624f6618c1042a1e86360d78cbf6ecc0a from=0x66e0851F1a162869024b4C9f6b1C4Fc5cb4832F1 to=0x0000000000000000000000000000000000000000
t=2023-06-02T16:09:00+0800 lvl=trce msg="Removed cap-exceeding queued transaction" hash=0xb336219088167ad320824115cd5863d3aa27824285cffcfa316fcee4a1e7686e
t=2023-06-02T16:09:00+0800 lvl=trce msg="Removed cap-exceeding queued transaction" hash=0x4516161b0a3a7fba5be99c909fc703abea000ba8b9a31cb4587acd7924fd4191
t=2023-06-02T16:09:00+0800 lvl=trce msg="Removed cap-exceeding queued transaction" hash=0x3336d9edb559817905543abf16c1d9ba57ed0d40cdcfec17c5d9b01ac118527d
t=2023-06-02T16:09:00+0800 lvl=trce msg="Removed old queued transactions"        count=0
t=2023-06-02T16:09:00+0800 lvl=trce msg="Removed unpayable queued transactions"  count=0
t=2023-06-02T16:09:00+0800 lvl=trce msg="Promoted queued transactions"           count=0
t=2023-06-02T16:09:00+0800 lvl=trce msg="Removed cap-exceeding queued transaction" hash=0xb5b5fc25571a22bf7e5cd861f2472a4732d4b090720863d206ea178bacb5359a
t=2023-06-02T16:09:00+0800 lvl=trce msg="Removed cap-exceeding queued transaction" hash=0xee71f587538ce095d547aee125818b91c2462b8421297eb97c97cee4c6ded0ac
t=2023-06-02T16:09:00+0800 lvl=trce msg="Removed cap-exceeding queued transaction" hash=0xfb9946cf8381fe425db92271eb8862f253610e833e6464162faee8f5335bfede
t=2023-06-02T16:09:00+0800 lvl=trce msg="Removed cap-exceeding queued transaction" hash=0xdbe60e5f6d6c4ed7fc0aefb442d2c38f7b82a7acdb4fea296c17b814a7a3c9c0
t=2023-06-02T16:09:00+0800 lvl=trce msg="Removed cap-exceeding queued transaction" hash=0xf58951072e38c8c6f8142593497786d0bfd3db93a9f604871362e823bcd115ac
t=2023-06-02T16:09:00+0800 lvl=trce msg="Removed cap-exceeding queued transaction" hash=0x53c96c691c586648d71e5e945f906b8a288ca15c11c88da482f664258eee39c2
t=2023-06-02T16:09:00+0800 lvl=trce msg="Removed cap-exceeding queued transaction" hash=0xcd6787012b5685efe40309336f8e2d3217f5a5cec9cc996c326a04fc1a3d0b80
t=2023-06-02T16:09:00+0800 lvl=trce msg="Removed cap-exceeding queued transaction" hash=0x36d92a8880c1e478ecf7bc6ea27385b3d930dd4cd7a9069f121a3d7d496dad4c
t=2023-06-02T16:09:00+0800 lvl=trce msg="Removed cap-exceeding queued transaction" hash=0xcc817c601a013e6c00a67171697627561b6bc69406216d379c7755ed6fab0693
t=2023-06-02T16:09:00+0800 lvl=trce msg="Removed cap-exceeding queued transaction" hash=0x538a71a73bd4da06d402eb6648a5ebb57609472d565dc0ac4c777613b51592f6
t=2023-06-02T16:09:00+0800 lvl=trce msg="Removed cap-exceeding queued transaction" hash=0x3ce4472175e3cc35d47cbb4ea2792ee06e2c629dfc17b15db0ae64bb8acd756a
t=2023-06-02T16:09:00+0800 lvl=trce msg="Removed cap-exceeding queued transaction" hash=0x5162a9a76b11569beaa1f68a7fdca1ba089a07b851785405926b42304b7ed1d5
t=2023-06-02T16:09:00+0800 lvl=trce msg="Removed cap-exceeding queued transaction" hash=0xdad82498efbafd5d093c8b70ce15d61f41ec113139043ade4c46be1e10baa5d7
t=2023-06-02T16:09:00+0800 lvl=trce msg="Removed cap-exceeding queued transaction" hash=0xafe8fefa18668c73fb6b78b124e76c2b8b35a6aba0fccb5a9a6f4760e88bfacd
t=2023-06-02T16:09:00+0800 lvl=trce msg="Removed cap-exceeding queued transaction" hash=0xf76a8d7c14f43c8e029a79e5f978c21b5e84cd2be16462e37637be6c857322ec
t=2023-06-02T16:09:00+0800 lvl=trce msg="Removed cap-exceeding queued transaction" hash=0xd7b74f802a13078a672759ad0efd6ea8237a91f06e94d628eb3d590100b68579
t=2023-06-02T16:09:00+0800 lvl=trce msg="Removed cap-exceeding queued transaction" hash=0x64387ed4dbd7617fa7fd2a3a31d3e5cfc041b59f5eb4e21153cbf928cedb0b4d
t=2023-06-02T16:09:00+0800 lvl=trce msg="Removed cap-exceeding queued transaction" hash=0x15c900363c125373ce892211a701fdb974d702d55cf9d8e65dccf737bbebf3aa
t=2023-06-02T16:09:00+0800 lvl=trce msg="Discarding freshly underpriced transaction" hash=0x37cf502a68575c10f46e92ac0e1f4c2db954568df7a0108463572fde04cbc5a7 gasTipCap=1  gasFeeCap=709
t=2023-06-02T16:09:00+0800 lvl=trce msg="Pooled new future transaction"          hash=0x91da05c6edb9d179064c999d029c137079519421393ff4e0aef9453faeb46e4c from=0xE6FEf0e84760548D2af7e6D02981B063D7f7F599 to=0x0000000000000000000000000000000000000000
t=2023-06-02T16:09:00+0800 lvl=trce msg="Pooled new future transaction"          hash=0xb6eddbc06edfd2c0b55768606f0ad45ae718e4b9af7cb490add6fa5b7e390dc2 from=0x7628e7c918DAaf4dfbF615023fDBcF72b8479bCe to=0x0000000000000000000000000000000000000000
t=2023-06-02T16:09:00+0800 lvl=trce msg="Removed old queued transactions"        count=0
t=2023-06-02T16:09:00+0800 lvl=trce msg="Removed unpayable queued transactions"  count=0
t=2023-06-02T16:09:00+0800 lvl=trce msg="Promoted queued transactions"           count=1
t=2023-06-02T16:09:00+0800 lvl=trce msg="Removed old queued transactions"        count=0
t=2023-06-02T16:09:00+0800 lvl=trce msg="Removed unpayable queued transactions"  count=0
t=2023-06-02T16:09:00+0800 lvl=trce msg="Promoted queued transactions"           count=1
t=2023-06-02T16:09:00+0800 lvl=trce msg="Removed cap-exceeding queued transaction" hash=0x459aa70fd9dd8dfde9b97c02cc1e00b1eead8783ac608323ae38e2edbe96b6cf
t=2023-06-02T16:09:00+0800 lvl=trce msg="Removed cap-exceeding queued transaction" hash=0xe1cec3e1f9a882b802cacde335189537050963d3a8118505af90fde498f4dbe7
t=2023-06-02T16:09:00+0800 lvl=trce msg="Removed cap-exceeding queued transaction" hash=0xcd3ce40ce25794b91f045548ba6c79c103909a5f1c895716a92457509f8b9d6d
t=2023-06-02T16:09:00+0800 lvl=trce msg="Removed cap-exceeding queued transaction" hash=0x17eff7646d019287d060f78b8bdf2513312250c862aeab9499de9d7623b1a4fe
t=2023-06-02T16:09:00+0800 lvl=trce msg="Removed cap-exceeding queued transaction" hash=0xbdbeb859dc562298c1f061aea91534175ded32b3b6dfe87106a3aa437489acb6
t=2023-06-02T16:09:00+0800 lvl=trce msg="Removed cap-exceeding queued transaction" hash=0x05f5eff8210515431996c4829e73c1b1ab00158e970f843ddfacb8c79da9d936
t=2023-06-02T16:09:00+0800 lvl=trce msg="Removed cap-exceeding queued transaction" hash=0xfc7a3797e63670ca7bb1d95d83fee7eb92368aeb1731e92cf2823a97d199a473
t=2023-06-02T16:09:00+0800 lvl=trce msg="Removed cap-exceeding queued transaction" hash=0x844df2623117d24b9ee7d6b07f9fc2dcbabc03036eb5457a8c58433f6fa62053
t=2023-06-02T16:09:00+0800 lvl=trce msg="Removed cap-exceeding queued transaction" hash=0x56e17b2e3d9e72856bb0524709d463f6f3400959924e46adc521463800ff030e
t=2023-06-02T16:09:00+0800 lvl=trce msg="Removed cap-exceeding queued transaction" hash=0xbe7c756309d622fd67e47117d517c20f2cc6e3008e4382dbfec824896dd0fc46
t=2023-06-02T16:09:00+0800 lvl=trce msg="Removed cap-exceeding queued transaction" hash=0xf9a2ee89fa4ddce55454c9ff7e2b85ead30fb4873c8834a684172b8e3c151fbe
t=2023-06-02T16:09:00+0800 lvl=trce msg="Removed cap-exceeding queued transaction" hash=0xb07eecbc11e0f0117cc99c2ed36244018b844c1a8210090f0851866508fd17a4
t=2023-06-02T16:09:00+0800 lvl=trce msg="Removed cap-exceeding queued transaction" hash=0x30c4a6e9cadf31e1c42a2af2e5363f86028b4468ae406ebf39ec93822d9e84f4
t=2023-06-02T16:09:00+0800 lvl=trce msg="Pooled new future transaction"          hash=0xdfecbbedfb78212b156286a58cd5f53c9d9fc54a6cc3c68560a40bd10d8e0964 from=0x7628e7c918DAaf4dfbF615023fDBcF72b8479bCe to=0x0000000000000000000000000000000000000000
t=2023-06-02T16:09:00+0800 lvl=trce msg="Removed old queued transactions"        count=0
t=2023-06-02T16:09:00+0800 lvl=trce msg="Removed unpayable queued transactions"  count=0
t=2023-06-02T16:09:00+0800 lvl=trce msg="Promoted queued transactions"           count=0
t=2023-06-02T16:09:00+0800 lvl=trce msg="Removed cap-exceeding queued transaction" hash=0x5844cd0473b28791a82e21f0015a9b668e067cb48074faf0238a2359c10e850d
t=2023-06-02T16:09:00+0800 lvl=trce msg="Removed cap-exceeding queued transaction" hash=0x91ac240b0e09a0f833463bfcefc270e57c4bb61c72df53e4f1d489ea1dbd0c52
t=2023-06-02T16:09:00+0800 lvl=trce msg="Removed cap-exceeding queued transaction" hash=0xcda04e71615dc8b6a50e32a9133a6a2f3c3c68f0ce6227bc8cee07aa2362faa5
t=2023-06-02T16:09:00+0800 lvl=trce msg="Removed cap-exceeding queued transaction" hash=0x20a7976e1e085af614626e9ae0256e1617ecbd5e944ff677afd7dfd0379ffa28
t=2023-06-02T16:09:00+0800 lvl=trce msg="Removed cap-exceeding queued transaction" hash=0xe368fb823a706c1b2abb11d2a304a5450cbccc73f8b584602c62dd51dcc874eb
t=2023-06-02T16:09:00+0800 lvl=trce msg="Removed cap-exceeding queued transaction" hash=0x94f57681850d238b6dbe01687b8927a60fe728f5d6367bc65f647a3f4705eb22
t=2023-06-02T16:09:00+0800 lvl=trce msg="Removed cap-exceeding queued transaction" hash=0xf0b1d514378de785425565ea10b8efd482fd018d8257f450f20d48ae102b6c31
t=2023-06-02T16:09:00+0800 lvl=trce msg="Removed cap-exceeding queued transaction" hash=0x33efb546bd30f16f12b28d02500383e617329a565332a6aeb59dac703346a3c1
t=2023-06-02T16:09:00+0800 lvl=trce msg="Removed cap-exceeding queued transaction" hash=0xb6390376640c54a52057ab7a88a23ed0ad76c1ecdc6ca696755811b5fed05727
t=2023-06-02T16:09:00+0800 lvl=trce msg="Removed cap-exceeding queued transaction" hash=0x000e588b168058e6a3b32b9eed23bfb25875890ee3f83c95c9aa2c5a68b9b6c5
t=2023-06-02T16:09:00+0800 lvl=trce msg="Removed cap-exceeding queued transaction" hash=0xf6be2534d269d2e893115991cf77674887c31bffe962450a9aa7467ba6fd2c77
t=2023-06-02T16:09:00+0800 lvl=trce msg="Removed cap-exceeding queued transaction" hash=0xdee1100b863f7a4c99f28e08d417b864ccbdf0375b51bf36d95078f9d024ae03
t=2023-06-02T16:09:00+0800 lvl=trce msg="Removed cap-exceeding queued transaction" hash=0x8f227541a1c2ddbf2f9acffb8addca3ce7d2b23626d583b7aedc9037721834e2
t=2023-06-02T16:09:00+0800 lvl=trce msg="Removed cap-exceeding queued transaction" hash=0xbc6dd25dd72390c2323d79be1c7a237659912a8317369eb8f89ff5c244076935
t=2023-06-02T16:09:00+0800 lvl=trce msg="Removed cap-exceeding queued transaction" hash=0x7f710147b5dd048d97de840adc32a1d0d99a5b92eba5d0362f8c646e779a58b3
t=2023-06-02T16:09:00+0800 lvl=trce msg="Removed cap-exceeding queued transaction" hash=0xdb41fd8455eb73b2425c052aa5ecb9fa476d4ba29bd86b4d8508728a158b1dfb
t=2023-06-02T16:09:00+0800 lvl=trce msg="Removed cap-exceeding queued transaction" hash=0x3d8f5bc25b5ec1e23111c51f514899e1d0b3ce0e8883774b54dbcc430ce65682
t=2023-06-02T16:09:00+0800 lvl=trce msg="Removed cap-exceeding queued transaction" hash=0xa44fdde78e65c003621ccfdd4dcc55a8436c3435fe25059cd0f64962cf21c853
t=2023-06-02T16:09:00+0800 lvl=trce msg="Discarding freshly underpriced transaction" hash=0xefc550c65ba28f0bf03585b4a6ae445fc3806b5f5c79a00a4877c272f19b0ab6 gasTipCap=1  gasFeeCap=710
t=2023-06-02T16:09:00+0800 lvl=trce msg="Pooled new future transaction"          hash=0x4b878a0d05cf79d7edac2ddde91da1a1b0caac0d655b7cb523387f42068567d9 from=0x5B4e6C759Ee7ef1AfBd726E35963fa4438f83532 to=0x0000000000000000000000000000000000000000
t=2023-06-02T16:09:00+0800 lvl=trce msg="Removed old queued transactions"        count=0
t=2023-06-02T16:09:00+0800 lvl=trce msg="Removed unpayable queued transactions"  count=0
t=2023-06-02T16:09:00+0800 lvl=trce msg="Promoted queued transactions"           count=1
t=2023-06-02T16:09:00+0800 lvl=trce msg="Pooled new future transaction"          hash=0x8cca905a44e5f2dab833f45edb13af61baa7c4eee762833fed23f903349a6027 from=0x66e0851F1a162869024b4C9f6b1C4Fc5cb4832F1 to=0x0000000000000000000000000000000000000000
t=2023-06-02T16:09:00+0800 lvl=trce msg="Removed old queued transactions"        count=0
t=2023-06-02T16:09:00+0800 lvl=trce msg="Removed cap-exceeding queued transaction" hash=0x972ba12e34e2d165a5f2e3759768d9688f8b34879011ae9e47ad634490ed1300
t=2023-06-02T16:09:00+0800 lvl=trce msg="Removed cap-exceeding queued transaction" hash=0x619fc4fb3c82eee59ef89702798f3eb74146aca7e428241de2a205137c464465
t=2023-06-02T16:09:00+0800 lvl=trce msg="Removed cap-exceeding queued transaction" hash=0x22b7bed86b5d310af16f6e3c79110029b3d52226fcdca7b472155bbef1d21c34
t=2023-06-02T16:09:00+0800 lvl=trce msg="Removed cap-exceeding queued transaction" hash=0xd256078615c7ad0ab73964938d5d841b4534418ae6e6699ce08ae43b3ced7eb4
t=2023-06-02T16:09:00+0800 lvl=trce msg="Removed cap-exceeding queued transaction" hash=0x815b77334708ee3c34b8bf13e89e4e5c84f5095dbf19c8f615efd2113e4ccaec
t=2023-06-02T16:09:00+0800 lvl=trce msg="Removed cap-exceeding queued transaction" hash=0xcbfdda3ee682ef07048bec650cd149d805601209c39ddd008a858c1afa4571c5
t=2023-06-02T16:09:00+0800 lvl=trce msg="Removed cap-exceeding queued transaction" hash=0x8220178108dfbfae0d50fe369af65b6d3623e6e0ad99b129bf75fffab85bbb7e
t=2023-06-02T16:09:00+0800 lvl=trce msg="Removed cap-exceeding queued transaction" hash=0x34397a41203c83e8631a9ee03a710fbf8e7bb4868a459d0006b12e2012254f4b
t=2023-06-02T16:09:00+0800 lvl=trce msg="Removed cap-exceeding queued transaction" hash=0x8f16afb818c8512d022840530e9e090c2062100d7292470b0797aa0a2133d98e
t=2023-06-02T16:09:00+0800 lvl=trce msg="Removed cap-exceeding queued transaction" hash=0x24ad71a61b26961c552e79ef0446aa32ccb4c8db1869cd2733af5a0d58261cb4
t=2023-06-02T16:09:00+0800 lvl=trce msg="Removed unpayable queued transactions"  count=0
t=2023-06-02T16:09:00+0800 lvl=trce msg="Promoted queued transactions"           count=1
t=2023-06-02T16:09:00+0800 lvl=trce msg="Removed cap-exceeding queued transaction" hash=0x5c5b5c1c5b3bc1bb1db543c63abe28030a8a91eb8a004bf3a70ce6f45a64c9d4
t=2023-06-02T16:09:00+0800 lvl=trce msg="Removed cap-exceeding queued transaction" hash=0xbc612740c03b6fc296cc92a818f9b6c0b5f80f644790bd846ddff89d50ad97b2
t=2023-06-02T16:09:00+0800 lvl=trce msg="Removed cap-exceeding queued transaction" hash=0x91e0ed46890777350bf7a811e6c4deb9451afd3b8c82cca68b794c4d88dfcd3a
t=2023-06-02T16:09:00+0800 lvl=trce msg="Removed cap-exceeding queued transaction" hash=0x1d6699f209e5ce5ec37ee296334c497cbacf9f26083b9d82af86feb27858d6bb
t=2023-06-02T16:09:00+0800 lvl=trce msg="Removed cap-exceeding queued transaction" hash=0x97eefba6a0e6a486e00853ce63ab9e5e6bc36c7635cfb864dad7d1553dd58783
t=2023-06-02T16:09:00+0800 lvl=trce msg="Removed cap-exceeding queued transaction" hash=0xb6c2fa13fcdbf2bb5a057f7c8a20c7e6cbf90398efcd2eae41e3457d9eeb7e75
t=2023-06-02T16:09:00+0800 lvl=trce msg="Removed cap-exceeding queued transaction" hash=0x067e358ae440f881ec83d42eae6d492aab8c38a2c157bf54a9a161d9755690a5
t=2023-06-02T16:09:00+0800 lvl=trce msg="Removed cap-exceeding queued transaction" hash=0xb74271c82543cb0e1e2c9dea5628bbba7a5a25ab14957c5065f724b115b08318
t=2023-06-02T16:09:00+0800 lvl=trce msg="Removed cap-exceeding queued transaction" hash=0x3f573ad4e1132428ac2347080cd4984899dd7261aab15bbf411686cbafe9f175
t=2023-06-02T16:09:00+0800 lvl=trce msg="Removed cap-exceeding queued transaction" hash=0x1c6e8c9dc4d74033f1355fdacf4d2b5fb4a0f165ff45b81c58ccfa3f9876c466
t=2023-06-02T16:09:00+0800 lvl=trce msg="Removed cap-exceeding queued transaction" hash=0xa6c099cffc4d54314d94694fec95a56d4f55f93819b32b122998afa097219086
t=2023-06-02T16:09:00+0800 lvl=trce msg="Discarding freshly underpriced transaction" hash=0x5fb70c34ec32c27f66202abc4f76c666555da3cfd0546c4745d05a09c2726aaa gasTipCap=1  gasFeeCap=711
t=2023-06-02T16:09:00+0800 lvl=trce msg="Pooled new future transaction"          hash=0x6162eaec217e3642406486562b6df3c31299b2df2d7f5bf516686c57c42f338c from=0x37491F7cf63250221d127537E67439C243b0ae56 to=0x0000000000000000000000000000000000000000
t=2023-06-02T16:09:00+0800 lvl=trce msg="Removed old queued transactions"        count=0
t=2023-06-02T16:09:00+0800 lvl=trce msg="Removed unpayable queued transactions"  count=0
t=2023-06-02T16:09:00+0800 lvl=trce msg="Promoted queued transactions"           count=1
t=2023-06-02T16:09:00+0800 lvl=trce msg="Removed cap-exceeding queued transaction" hash=0xa8ab30edf9648176acc8169dd16a397b12827355909984e6d30fd8fd4db5de9e
t=2023-06-02T16:09:00+0800 lvl=trce msg="Pooled new future transaction"          hash=0xc0f35fef02bbd94364fd505b67e3237a22b255889c02a21c14390969f71a58e8 from=0x66e0851F1a162869024b4C9f6b1C4Fc5cb4832F1 to=0x0000000000000000000000000000000000000000
t=2023-06-02T16:09:00+0800 lvl=trce msg="Removed old queued transactions"        count=0
t=2023-06-02T16:09:00+0800 lvl=trce msg="Removed unpayable queued transactions"  count=0
t=2023-06-02T16:09:00+0800 lvl=trce msg="Promoted queued transactions"           count=0
t=2023-06-02T16:09:00+0800 lvl=trce msg="Removed cap-exceeding queued transaction" hash=0x3370f849668c08803dc77ac4801f6088a1adb3dcc15bc2867950ced9f4379a47
t=2023-06-02T16:09:00+0800 lvl=trce msg="Removed cap-exceeding queued transaction" hash=0x911419e7171b6ae699c9f7f48bf7232754d6fa44bf418e8e9d82fbe8f4eeccf3
t=2023-06-02T16:09:00+0800 lvl=trce msg="Discarding freshly underpriced transaction" hash=0x85a45a0a7ae2b83cdc52aa1e91a32aa5d89b39179218ceb8a52ff486a66d00d7 gasTipCap=1  gasFeeCap=712
t=2023-06-02T16:09:00+0800 lvl=trce msg="Pooled new future transaction"          hash=0x3346f680f9c463b3e70a46137fcde5511a9a4269242859b24b48f58896299b00 from=0xe4D6BAe16D733300F396E3FE0D7654A510151102 to=0x0000000000000000000000000000000000000000
t=2023-06-02T16:09:00+0800 lvl=trce msg="Removed old queued transactions"        count=0
t=2023-06-02T16:09:00+0800 lvl=trce msg="Removed unpayable queued transactions"  count=0
t=2023-06-02T16:09:00+0800 lvl=trce msg="Promoted queued transactions"           count=1
t=2023-06-02T16:09:00+0800 lvl=trce msg="Pooled new future transaction"          hash=0xaf365f42e903553c08eb8b6a1afb1c874a2943a9c6076c38222c3e61ddeb027c from=0x7628e7c918DAaf4dfbF615023fDBcF72b8479bCe to=0x0000000000000000000000000000000000000000
t=2023-06-02T16:09:00+0800 lvl=trce msg="Removed old queued transactions"        count=0
t=2023-06-02T16:09:00+0800 lvl=trce msg="Removed unpayable queued transactions"  count=0
t=2023-06-02T16:09:00+0800 lvl=trce msg="Promoted queued transactions"           count=1
t=2023-06-02T16:09:00+0800 lvl=trce msg="Pooled new future transaction"          hash=0x6ab71bcab9b1723de6f546980f7cc59946f4af62dd2f0b6bfc5639c095ce0c02 from=0x7628e7c918DAaf4dfbF615023fDBcF72b8479bCe to=0x0000000000000000000000000000000000000000
t=2023-06-02T16:09:00+0800 lvl=trce msg="Removed old queued transactions"        count=0
t=2023-06-02T16:09:00+0800 lvl=trce msg="Discarding freshly underpriced transaction" hash=0x91da05c6edb9d179064c999d029c137079519421393ff4e0aef9453faeb46e4c gasTipCap=1  gasFeeCap=713
t=2023-06-02T16:09:00+0800 lvl=trce msg="Pooled new future transaction"          hash=0x8cbc5defb819e26e36826872fcccbf69028f3eed2fb26fb2e08c708c10a3a5e1 from=0xCAaA108262c3468D7fD9a5bCC972ce27bBB64077 to=0x0000000000000000000000000000000000000000
t=2023-06-02T16:09:00+0800 lvl=trce msg="Removed old queued transactions"        count=0
t=2023-06-02T16:09:00+0800 lvl=trce msg="Removed unpayable queued transactions"  count=0
t=2023-06-02T16:09:00+0800 lvl=trce msg="Promoted queued transactions"           count=1
t=2023-06-02T16:09:00+0800 lvl=trce msg="Removed unpayable queued transactions"  count=0
t=2023-06-02T16:09:00+0800 lvl=trce msg="Promoted queued transactions"           count=0
t=2023-06-02T16:09:00+0800 lvl=trce msg="Pooled new future transaction"          hash=0x9d243789e05d9e04990a3d1bbba749f4ef0fa982c033853608c043f19d2f908d from=0x66e0851F1a162869024b4C9f6b1C4Fc5cb4832F1 to=0x0000000000000000000000000000000000000000
t=2023-06-02T16:09:00+0800 lvl=trce msg="Discarding freshly underpriced transaction" hash=0x4b878a0d05cf79d7edac2ddde91da1a1b0caac0d655b7cb523387f42068567d9 gasTipCap=1  gasFeeCap=714
t=2023-06-02T16:09:00+0800 lvl=trce msg="Removed old queued transactions"        count=0
t=2023-06-02T16:09:00+0800 lvl=trce msg="Pooled new future transaction"          hash=0x79ffe539f18855a00c08d378ca53e747e6b4bcd3f0c11020b898b9e8f481196a from=0xA04000A599335B32f02E9Ec953A683940e525275 to=0x0000000000000000000000000000000000000000
t=2023-06-02T16:09:00+0800 lvl=trce msg="Removed unpayable queued transactions"  count=0
t=2023-06-02T16:09:00+0800 lvl=trce msg="Promoted queued transactions"           count=1
t=2023-06-02T16:09:00+0800 lvl=trce msg="Removed old queued transactions"        count=0
t=2023-06-02T16:09:00+0800 lvl=trce msg="Removed unpayable queued transactions"  count=0
t=2023-06-02T16:09:00+0800 lvl=trce msg="Promoted queued transactions"           count=1
t=2023-06-02T16:09:00+0800 lvl=trce msg="Pooled new future transaction"          hash=0x4e9900da513f178bf5db9e5d5a569267837ec1fa3225f7e88839607e7e8b3964 from=0x66e0851F1a162869024b4C9f6b1C4Fc5cb4832F1 to=0x0000000000000000000000000000000000000000
t=2023-06-02T16:09:00+0800 lvl=trce msg="Removed old queued transactions"        count=0
t=2023-06-02T16:09:00+0800 lvl=trce msg="Removed unpayable queued transactions"  count=0
t=2023-06-02T16:09:00+0800 lvl=trce msg="Promoted queued transactions"           count=0
t=2023-06-02T16:09:00+0800 lvl=trce msg="Discarding freshly underpriced transaction" hash=0x6162eaec217e3642406486562b6df3c31299b2df2d7f5bf516686c57c42f338c gasTipCap=1  gasFeeCap=715
t=2023-06-02T16:09:00+0800 lvl=trce msg="Pooled new future transaction"          hash=0xc024e1b8cd629ffbaad669e736d8ffd5f869bb0dd2c3ae0d4a12ecdb44a88c38 from=0x0d37D49E452Ef1E781E663dfbfA24c14C267F8FD to=0x0000000000000000000000000000000000000000
t=2023-06-02T16:09:00+0800 lvl=trce msg="Removed old queued transactions"        count=0
t=2023-06-02T16:09:00+0800 lvl=trce msg="Removed unpayable queued transactions"  count=0
t=2023-06-02T16:09:00+0800 lvl=trce msg="Promoted queued transactions"           count=1
t=2023-06-02T16:09:00+0800 lvl=trce msg="Pooled new future transaction"          hash=0x2657849c73f85212e8a96a5a6233c3bd65af4a72e21090561b42cacb50a815c7 from=0x7628e7c918DAaf4dfbF615023fDBcF72b8479bCe to=0x0000000000000000000000000000000000000000
t=2023-06-02T16:09:00+0800 lvl=trce msg="Removed old queued transactions"        count=0
t=2023-06-02T16:09:00+0800 lvl=trce msg="Removed unpayable queued transactions"  count=0
t=2023-06-02T16:09:00+0800 lvl=trce msg="Promoted queued transactions"           count=1
t=2023-06-02T16:09:00+0800 lvl=trce msg="Discarding freshly underpriced transaction" hash=0x659ec69ef84faa320cd86ef62adca4533e506493b04181d8aecab71b9f3427b4 gasTipCap=5  gasFeeCap=505
t=2023-06-02T16:09:00+0800 lvl=trce msg="Pooled new future transaction"          hash=0xd745b1950ddfd04e79a1c02dfbb97d760458cac21ce0b005961754460ad11177 from=0x948FE58A6323C8aDf6BB9eefdA91A9FEb70067e9 to=0x0000000000000000000000000000000000000000
t=2023-06-02T16:09:00+0800 lvl=trce msg="Pooled new future transaction"          hash=0x6301b7182e565c186b7d49ecf9b8e779330cb61f631f93fb8425841995151158 from=0x7628e7c918DAaf4dfbF615023fDBcF72b8479bCe to=0x0000000000000000000000000000000000000000
t=2023-06-02T16:09:00+0800 lvl=trce msg="Removed old queued transactions"        count=0
t=2023-06-02T16:09:00+0800 lvl=trce msg="Removed unpayable queued transactions"  count=0
t=2023-06-02T16:09:00+0800 lvl=trce msg="Removed old queued transactions"        count=0
t=2023-06-02T16:09:00+0800 lvl=trce msg="Removed unpayable queued transactions"  count=0
t=2023-06-02T16:09:00+0800 lvl=trce msg="Promoted queued transactions"           count=1
t=2023-06-02T16:09:00+0800 lvl=trce msg="Promoted queued transactions"           count=0
t=2023-06-02T16:09:00+0800 lvl=trce msg="Pooled new future transaction"          hash=0x694534f9f88c325df0fb8da5412b8af9213de4630940b0ce1ad07448978757f5 from=0x66e0851F1a162869024b4C9f6b1C4Fc5cb4832F1 to=0x0000000000000000000000000000000000000000
t=2023-06-02T16:09:00+0800 lvl=trce msg="Discarding freshly underpriced transaction" hash=0x01a8a17d4b158ee0b3a8f5f7b1bef731462fa5ef57c0f76bb74c1d54449fd8a8 gasTipCap=6  gasFeeCap=506
t=2023-06-02T16:09:00+0800 lvl=trce msg="Pooled new future transaction"          hash=0x112811f8973515b1e554a6f0d8ba28ad9d930fe0788f6dc9eb7c9ba56ec3e549 from=0x58309330aC24BeC79Dd957573359CAB66124Bae7 to=0x0000000000000000000000000000000000000000
t=2023-06-02T16:09:00+0800 lvl=trce msg="Removed old queued transactions"        count=0
t=2023-06-02T16:09:00+0800 lvl=trce msg="Removed old queued transactions"        count=0
t=2023-06-02T16:09:00+0800 lvl=trce msg="Removed unpayable queued transactions"  count=0
t=2023-06-02T16:09:00+0800 lvl=trce msg="Promoted queued transactions"           count=1
t=2023-06-02T16:09:00+0800 lvl=trce msg="Removed unpayable queued transactions"  count=0
t=2023-06-02T16:09:00+0800 lvl=trce msg="Promoted queued transactions"           count=1
t=2023-06-02T16:09:00+0800 lvl=trce msg="Pooled new future transaction"          hash=0x15ca577409b27a32078cc840da3bdbf6c1ed73d0aabfcd3e0e59f4927573ff7d from=0x66e0851F1a162869024b4C9f6b1C4Fc5cb4832F1 to=0x0000000000000000000000000000000000000000
t=2023-06-02T16:09:00+0800 lvl=trce msg="Removed old queued transactions"        count=0
t=2023-06-02T16:09:00+0800 lvl=trce msg="Removed unpayable queued transactions"  count=0
t=2023-06-02T16:09:00+0800 lvl=trce msg="Discarding freshly underpriced transaction" hash=0x820476b520ad30478fec96597b355ee3043cd0b7a21cd0e1695530bf96f888fa gasTipCap=7  gasFeeCap=507
t=2023-06-02T16:09:00+0800 lvl=trce msg="Pooled new future transaction"          hash=0xfa7452fe454d537ede9db63c736a8283f7ef4eca75c8ed366f53ad1b100551f0 from=0x31e032074611C20099f8bBB6Fb927e885617ad1E to=0x0000000000000000000000000000000000000000
t=2023-06-02T16:09:00+0800 lvl=trce msg="Removed old queued transactions"        count=0
t=2023-06-02T16:09:00+0800 lvl=trce msg="Removed unpayable queued transactions"  count=0
t=2023-06-02T16:09:00+0800 lvl=trce msg="Promoted queued transactions"           count=1
t=2023-06-02T16:09:00+0800 lvl=trce msg="Promoted queued transactions"           count=0
t=2023-06-02T16:09:00+0800 lvl=trce msg="Pooled new future transaction"          hash=0xa400ed7d341dda0d49bb2cea14c9f9c0111afdbe3950157f5b777885534e5145 from=0x7628e7c918DAaf4dfbF615023fDBcF72b8479bCe to=0x0000000000000000000000000000000000000000
t=2023-06-02T16:09:00+0800 lvl=trce msg="Discarding freshly underpriced transaction" hash=0x71ad19f92d54a67d8414cdeb66cba315c4589716ff228afa4e32264e101dc94f gasTipCap=8  gasFeeCap=508
t=2023-06-02T16:09:00+0800 lvl=trce msg="Removed old queued transactions"        count=0
t=2023-06-02T16:09:00+0800 lvl=trce msg="Pooled new future transaction"          hash=0x2e3e82f3a81f3175041fee73e096cacf2ad6025be02e6e2e0880a1da874b7543 from=0x0fF3584127AD1A7c6634950f75F1458390C353dF to=0x0000000000000000000000000000000000000000
t=2023-06-02T16:09:00+0800 lvl=trce msg="Removed old queued transactions"        count=0
t=2023-06-02T16:09:00+0800 lvl=trce msg="Removed unpayable queued transactions"  count=0
t=2023-06-02T16:09:00+0800 lvl=trce msg="Removed unpayable queued transactions"  count=0
t=2023-06-02T16:09:00+0800 lvl=trce msg="Promoted queued transactions"           count=1
t=2023-06-02T16:09:00+0800 lvl=trce msg="Promoted queued transactions"           count=1
t=2023-06-02T16:09:00+0800 lvl=trce msg="Pooled new future transaction"          hash=0xfd4104f8355ceed38d50d85ccca0e75894b757cfbafa38af75468351d09148b0 from=0x7628e7c918DAaf4dfbF615023fDBcF72b8479bCe to=0x0000000000000000000000000000000000000000
t=2023-06-02T16:09:00+0800 lvl=trce msg="Removed old queued transactions"        count=0
t=2023-06-02T16:09:00+0800 lvl=trce msg="Removed unpayable queued transactions"  count=0
t=2023-06-02T16:09:00+0800 lvl=trce msg="Promoted queued transactions"           count=0
t=2023-06-02T16:09:00+0800 lvl=trce msg="Discarding freshly underpriced transaction" hash=0xd949b887274fd0ddf7960d41b23fe80e36c73e26389b9fef924135f35342056a gasTipCap=9  gasFeeCap=509
t=2023-06-02T16:09:00+0800 lvl=trce msg="Pooled new future transaction"          hash=0xf8cb232d69c5b823344ff96b206d68dfd9c34460d9700f8659fe585c461d7d08 from=0xbcD81177A90D705b19e88630661547f0A92DbAB0 to=0x0000000000000000000000000000000000000000
t=2023-06-02T16:09:00+0800 lvl=trce msg="Removed old queued transactions"        count=0
t=2023-06-02T16:09:00+0800 lvl=trce msg="Removed unpayable queued transactions"  count=0
t=2023-06-02T16:09:00+0800 lvl=trce msg="Promoted queued transactions"           count=1
t=2023-06-02T16:09:00+0800 lvl=trce msg="Pooled new future transaction"          hash=0x0cf258b5144d59ae72fcf945ca4c4ebea69b0d18d4b2dc8d07939bf740b63e53 from=0x66e0851F1a162869024b4C9f6b1C4Fc5cb4832F1 to=0x0000000000000000000000000000000000000000
t=2023-06-02T16:09:00+0800 lvl=trce msg="Removed old queued transactions"        count=0
t=2023-06-02T16:09:00+0800 lvl=trce msg="Removed unpayable queued transactions"  count=0
t=2023-06-02T16:09:00+0800 lvl=trce msg="Promoted queued transactions"           count=1
t=2023-06-02T16:09:00+0800 lvl=trce msg="Pooled new future transaction"          hash=0x2a2d9d308516b8f193d8785bedddf5b2e29bd0adb80b42c66dbfbab0044ada90 from=0x66e0851F1a162869024b4C9f6b1C4Fc5cb4832F1 to=0x0000000000000000000000000000000000000000
t=2023-06-02T16:09:00+0800 lvl=trce msg="Discarding freshly underpriced transaction" hash=0x39707159746820ec7649c7cb5344a2eb9ec9543b70f6961b85577d71ce8e2a7a gasTipCap=10 gasFeeCap=510
t=2023-06-02T16:09:00+0800 lvl=trce msg="Pooled new future transaction"          hash=0xdc0fc1c2c59b15fe9d5495affba7f393fe758279d4257d7784deeb6c83dbe845 from=0x17a91dE227f7D8FF25F62ea384050cD7984C9E71 to=0x0000000000000000000000000000000000000000
t=2023-06-02T16:09:00+0800 lvl=trce msg="Removed old queued transactions"        count=0
t=2023-06-02T16:09:00+0800 lvl=trce msg="Removed unpayable queued transactions"  count=0
t=2023-06-02T16:09:00+0800 lvl=trce msg="Promoted queued transactions"           count=1
t=2023-06-02T16:09:00+0800 lvl=trce msg="Removed old queued transactions"        count=0
t=2023-06-02T16:09:00+0800 lvl=trce msg="Removed unpayable queued transactions"  count=0
t=2023-06-02T16:09:00+0800 lvl=trce msg="Promoted queued transactions"           count=0
t=2023-06-02T16:09:00+0800 lvl=trce msg="Pooled new future transaction"          hash=0xcef5b98cea9a979fdbd2845eb23a231e3b1235f0d17058f088c0386e5431b192 from=0x7628e7c918DAaf4dfbF615023fDBcF72b8479bCe to=0x0000000000000000000000000000000000000000
t=2023-06-02T16:09:00+0800 lvl=trce msg="Removed old queued transactions"        count=0
t=2023-06-02T16:09:00+0800 lvl=trce msg="Removed unpayable queued transactions"  count=0
t=2023-06-02T16:09:00+0800 lvl=trce msg="Promoted queued transactions"           count=1
t=2023-06-02T16:09:00+0800 lvl=trce msg="Discarding freshly underpriced transaction" hash=0xe58cb4b4f41c0c1c3a704362275472ef5f4ecfa881d1963a92188ef2dd456dc0 gasTipCap=11 gasFeeCap=511
t=2023-06-02T16:09:00+0800 lvl=trce msg="Pooled new future transaction"          hash=0xde02d72cbd1ae3e13606a9d857794bf5961b28caf3f832ba85c692cce930066d from=0x5e260eb6242bB7016795D8750E3E162247300b73 to=0x0000000000000000000000000000000000000000
t=2023-06-02T16:09:00+0800 lvl=trce msg="Removed old queued transactions"        count=0
t=2023-06-02T16:09:00+0800 lvl=trce msg="Removed unpayable queued transactions"  count=0
t=2023-06-02T16:09:00+0800 lvl=trce msg="Promoted queued transactions"           count=1
t=2023-06-02T16:09:00+0800 lvl=trce msg="Pooled new future transaction"          hash=0xbbe640e159bcef600276c24a69d1faada02025e8a1033d18d421e0f1014fe39f from=0x7628e7c918DAaf4dfbF615023fDBcF72b8479bCe to=0x0000000000000000000000000000000000000000
t=2023-06-02T16:09:00+0800 lvl=trce msg="Removed old queued transactions"        count=0
t=2023-06-02T16:09:00+0800 lvl=trce msg="Removed unpayable queued transactions"  count=0
t=2023-06-02T16:09:00+0800 lvl=trce msg="Promoted queued transactions"           count=0
t=2023-06-02T16:09:00+0800 lvl=trce msg="Discarding freshly underpriced transaction" hash=0xc1830f1d62248dbd0886c21363cf70604d6d9dc2c69728c209d293589bd5fa48 gasTipCap=12 gasFeeCap=512
t=2023-06-02T16:09:00+0800 lvl=trce msg="Pooled new future transaction"          hash=0xc1e93a6f7fa0efab2738252b05de99b4b195a5cfb3f49a1a9622e14a4c5852e9 from=0xF6eef037BbD9b2C1Fde18AF82002A9d3FF6b110E to=0x0000000000000000000000000000000000000000
t=2023-06-02T16:09:00+0800 lvl=trce msg="Pooled new future transaction"          hash=0xdf576cddb8121eadffd3cbbe8f58de50bbb429a5e702e7f29bfcf8791d519125 from=0x66e0851F1a162869024b4C9f6b1C4Fc5cb4832F1 to=0x0000000000000000000000000000000000000000
t=2023-06-02T16:09:00+0800 lvl=trce msg="Removed old queued transactions"        count=0
t=2023-06-02T16:09:00+0800 lvl=trce msg="Removed unpayable queued transactions"  count=0
t=2023-06-02T16:09:00+0800 lvl=trce msg="Promoted queued transactions"           count=1
t=2023-06-02T16:09:00+0800 lvl=trce msg="Removed old queued transactions"        count=0
t=2023-06-02T16:09:00+0800 lvl=trce msg="Removed unpayable queued transactions"  count=0
t=2023-06-02T16:09:00+0800 lvl=trce msg="Promoted queued transactions"           count=1
t=2023-06-02T16:09:00+0800 lvl=trce msg="Pooled new future transaction"          hash=0xf2fd342eaef201c85b6b203824a427daed896743f728fb7b9902fe14c7b3543d from=0x66e0851F1a162869024b4C9f6b1C4Fc5cb4832F1 to=0x0000000000000000000000000000000000000000
t=2023-06-02T16:09:00+0800 lvl=trce msg="Removed old queued transactions"        count=0
t=2023-06-02T16:09:00+0800 lvl=trce msg="Removed unpayable queued transactions"  count=0
t=2023-06-02T16:09:00+0800 lvl=trce msg="Promoted queued transactions"           count=0
t=2023-06-02T16:09:00+0800 lvl=trce msg="Discarding freshly underpriced transaction" hash=0x5550e41f3115104a7c4edc428ee3cf6233f76c29cf44189efcea0844e0ad9afd gasTipCap=13 gasFeeCap=513
t=2023-06-02T16:09:00+0800 lvl=trce msg="Pooled new future transaction"          hash=0x3fc0331b03168d957c1889ccb50b39b840849a8011a5a9014a9047faada3ea0a from=0xFfB85032F4C2be8E36547FF77479ce9096f8D02c to=0x0000000000000000000000000000000000000000
t=2023-06-02T16:09:00+0800 lvl=trce msg="Removed old queued transactions"        count=0
t=2023-06-02T16:09:00+0800 lvl=trce msg="Pooled new future transaction"          hash=0x390337bd409311435a30ddc43992bdc02264c9f9723458913e369269306057de from=0x7628e7c918DAaf4dfbF615023fDBcF72b8479bCe to=0x0000000000000000000000000000000000000000
t=2023-06-02T16:09:00+0800 lvl=trce msg="Removed old queued transactions"        count=0
t=2023-06-02T16:09:00+0800 lvl=trce msg="Removed unpayable queued transactions"  count=0
t=2023-06-02T16:09:00+0800 lvl=trce msg="Promoted queued transactions"           count=1
t=2023-06-02T16:09:00+0800 lvl=trce msg="Removed unpayable queued transactions"  count=0
t=2023-06-02T16:09:00+0800 lvl=trce msg="Promoted queued transactions"           count=1
t=2023-06-02T16:09:00+0800 lvl=trce msg="Pooled new future transaction"          hash=0xe1581f75b4799634efb85a76d564e5d77528e7c8a7eb60da81a7d746b49df055 from=0x7628e7c918DAaf4dfbF615023fDBcF72b8479bCe to=0x0000000000000000000000000000000000000000
t=2023-06-02T16:09:00+0800 lvl=trce msg="Removed old queued transactions"        count=0
t=2023-06-02T16:09:00+0800 lvl=trce msg="Removed unpayable queued transactions"  count=0
t=2023-06-02T16:09:00+0800 lvl=trce msg="Promoted queued transactions"           count=0
t=2023-06-02T16:09:00+0800 lvl=trce msg="Discarding freshly underpriced transaction" hash=0xd94d5e20975f320ece7a7f467f4e8d103c0d7b58e45ac11ea63a3de887d7022e gasTipCap=14 gasFeeCap=514
t=2023-06-02T16:09:00+0800 lvl=trce msg="Pooled new future transaction"          hash=0x368b216ecc24c1e3ada741cca5cb2b66ea3ccf9f13f1635e1abfe60a1ae57e66 from=0x0A9903171D70426aD04c6f7560A84f0a7AC3bC34 to=0x0000000000000000000000000000000000000000
t=2023-06-02T16:09:00+0800 lvl=trce msg="Removed old queued transactions"        count=0
t=2023-06-02T16:09:00+0800 lvl=trce msg="Removed unpayable queued transactions"  count=0
t=2023-06-02T16:09:00+0800 lvl=trce msg="Promoted queued transactions"           count=1
t=2023-06-02T16:09:00+0800 lvl=trce msg="Pooled new future transaction"          hash=0x2ab202d322d118771a036cdd6d162bcab66b7d3b9599e0bfbe28b2093d890242 from=0x66e0851F1a162869024b4C9f6b1C4Fc5cb4832F1 to=0x0000000000000000000000000000000000000000
t=2023-06-02T16:09:00+0800 lvl=trce msg="Removed old queued transactions"        count=0
t=2023-06-02T16:09:00+0800 lvl=trce msg="Removed unpayable queued transactions"  count=0
t=2023-06-02T16:09:00+0800 lvl=trce msg="Promoted queued transactions"           count=1
t=2023-06-02T16:09:00+0800 lvl=trce msg="Discarding freshly underpriced transaction" hash=0xcd3366cad2cdda06adcb18208e72a623efb7fd4ddbf41146a3b6cfb548ec6afb gasTipCap=15 gasFeeCap=515
t=2023-06-02T16:09:00+0800 lvl=trce msg="Pooled new future transaction"          hash=0xf8e975d8f36d5f7db61c946aeb5557022c912281d0cfb55fc10abdcb4db6fbfa from=0xcFE325bf204053E79D7Ce1491eD63789eDd0113f to=0x0000000000000000000000000000000000000000
t=2023-06-02T16:09:00+0800 lvl=trce msg="Removed old queued transactions"        count=0
t=2023-06-02T16:09:00+0800 lvl=trce msg="Removed unpayable queued transactions"  count=0
t=2023-06-02T16:09:00+0800 lvl=trce msg="Promoted queued transactions"           count=1
t=2023-06-02T16:09:00+0800 lvl=trce msg="Pooled new future transaction"          hash=0x56e6702681476edd1ee405c38c41354588c2b69a17ed5e4c152d2a2d5bd89579 from=0x66e0851F1a162869024b4C9f6b1C4Fc5cb4832F1 to=0x0000000000000000000000000000000000000000
t=2023-06-02T16:09:00+0800 lvl=trce msg="Removed old queued transactions"        count=0
t=2023-06-02T16:09:00+0800 lvl=trce msg="Removed unpayable queued transactions"  count=0
t=2023-06-02T16:09:00+0800 lvl=trce msg="Promoted queued transactions"           count=0
t=2023-06-02T16:09:00+0800 lvl=trce msg="Discarding freshly underpriced transaction" hash=0xeaa45e51f65997cd20f4fc48ccd7f178796e6b5f2b60b0db50b6ade0b20de892 gasTipCap=16 gasFeeCap=516
t=2023-06-02T16:09:00+0800 lvl=trce msg="Pooled new future transaction"          hash=0xa02e761569014538cdde7f63534d5c7ef74765941f755d37da6d28e4e63debb5 from=0xA2aBCa4AB81397DBC608C676570029137b7BE419 to=0x0000000000000000000000000000000000000000
t=2023-06-02T16:09:00+0800 lvl=trce msg="Removed old queued transactions"        count=0
t=2023-06-02T16:09:00+0800 lvl=trce msg="Removed unpayable queued transactions"  count=0
t=2023-06-02T16:09:00+0800 lvl=trce msg="Promoted queued transactions"           count=1
t=2023-06-02T16:09:00+0800 lvl=trce msg="Pooled new future transaction"          hash=0xe242d38f29e4c01f86a0d989987d8c066a56edc7391ddbf52fc1e8cd72af3e7f from=0x7628e7c918DAaf4dfbF615023fDBcF72b8479bCe to=0x0000000000000000000000000000000000000000
t=2023-06-02T16:09:00+0800 lvl=trce msg="Removed old queued transactions"        count=0
t=2023-06-02T16:09:00+0800 lvl=trce msg="Removed unpayable queued transactions"  count=0
t=2023-06-02T16:09:00+0800 lvl=trce msg="Promoted queued transactions"           count=1
t=2023-06-02T16:09:00+0800 lvl=trce msg="Discarding freshly underpriced transaction" hash=0xbe8464e717094687a9f6b8060b0ae6766336b03a911623465104eed75509f7a5 gasTipCap=17 gasFeeCap=517
t=2023-06-02T16:09:00+0800 lvl=trce msg="Pooled new future transaction"          hash=0x98a1be8c639b110eee9e30494f38dd3bf8f89ea17436c48d50725198067cae98 from=0xC27F1cfB4F0557c0dD896551Dae2A4a423fd6810 to=0x0000000000000000000000000000000000000000
t=2023-06-02T16:09:00+0800 lvl=trce msg="Removed old queued transactions"        count=0
t=2023-06-02T16:09:00+0800 lvl=trce msg="Removed unpayable queued transactions"  count=0
t=2023-06-02T16:09:00+0800 lvl=trce msg="Promoted queued transactions"           count=1
t=2023-06-02T16:09:00+0800 lvl=trce msg="Pooled new future transaction"          hash=0xb2894d6ddc3f1bf48ce6ff12b504f5d95c9eb4621663548e7aa672ffb1439bf8 from=0x7628e7c918DAaf4dfbF615023fDBcF72b8479bCe to=0x0000000000000000000000000000000000000000
t=2023-06-02T16:09:00+0800 lvl=trce msg="Removed old queued transactions"        count=0
t=2023-06-02T16:09:00+0800 lvl=trce msg="Removed unpayable queued transactions"  count=0
t=2023-06-02T16:09:00+0800 lvl=trce msg="Promoted queued transactions"           count=0
t=2023-06-02T16:09:00+0800 lvl=trce msg="Discarding freshly underpriced transaction" hash=0xfc7591d1f6ca58ece5b03f947231a363321d4989d8bc298da96a504888ac030d gasTipCap=18 gasFeeCap=518
t=2023-06-02T16:09:00+0800 lvl=trce msg="Pooled new future transaction"          hash=0xfcb086d9abb5b6153d58a6ed5df8181d028472312b36e9efd62f3e0ecf98fb33 from=0x66e0851F1a162869024b4C9f6b1C4Fc5cb4832F1 to=0x0000000000000000000000000000000000000000
t=2023-06-02T16:09:00+0800 lvl=trce msg="Pooled new future transaction"          hash=0x94b42df44033547e29b173ec4c66bdb6ade2f5f36c9dddee8f12f4a23707c22b from=0x5e3280D5bc7a4e9DEd2780517137E647B2Ad50a3 to=0x0000000000000000000000000000000000000000
t=2023-06-02T16:09:00+0800 lvl=trce msg="Removed old queued transactions"        count=0
t=2023-06-02T16:09:00+0800 lvl=trce msg="Removed old queued transactions"        count=0
t=2023-06-02T16:09:00+0800 lvl=trce msg="Removed unpayable queued transactions"  count=0
t=2023-06-02T16:09:00+0800 lvl=trce msg="Promoted queued transactions"           count=1
t=2023-06-02T16:09:00+0800 lvl=trce msg="Removed unpayable queued transactions"  count=0
t=2023-06-02T16:09:00+0800 lvl=trce msg="Promoted queued transactions"           count=1
t=2023-06-02T16:09:00+0800 lvl=trce msg="Pooled new future transaction"          hash=0x1a51005e4d717f9981acc77bf13dacf509528eed447714d46fdd82c6270f2095 from=0x66e0851F1a162869024b4C9f6b1C4Fc5cb4832F1 to=0x0000000000000000000000000000000000000000
t=2023-06-02T16:09:00+0800 lvl=trce msg="Removed old queued transactions"        count=0
t=2023-06-02T16:09:00+0800 lvl=trce msg="Removed unpayable queued transactions"  count=0
t=2023-06-02T16:09:00+0800 lvl=trce msg="Promoted queued transactions"           count=0
t=2023-06-02T16:09:00+0800 lvl=trce msg="Discarding freshly underpriced transaction" hash=0xe8bd76c11fcf433f2c56c8ed6b6995657190ed128f905c9b2bf5cc09457e7a74 gasTipCap=19 gasFeeCap=519
t=2023-06-02T16:09:00+0800 lvl=trce msg="Pooled new future transaction"          hash=0x9cdcdfafac1ac65b0b27e2c86bd331cb6674ad111d364cfc03777020ea48de3f from=0xF676d937C094A7ab43e354635b5242D358B4ad92 to=0x0000000000000000000000000000000000000000
t=2023-06-02T16:09:00+0800 lvl=trce msg="Removed old queued transactions"        count=0
t=2023-06-02T16:09:00+0800 lvl=trce msg="Pooled new future transaction"          hash=0x281c748a9d5beee9db56bf3be8a6423f8af80b372adf5b43df1806d13e240312 from=0x7628e7c918DAaf4dfbF615023fDBcF72b8479bCe to=0x0000000000000000000000000000000000000000
t=2023-06-02T16:09:00+0800 lvl=trce msg="Removed old queued transactions"        count=0
t=2023-06-02T16:09:00+0800 lvl=trce msg="Removed unpayable queued transactions"  count=0
t=2023-06-02T16:09:00+0800 lvl=trce msg="Promoted queued transactions"           count=1
t=2023-06-02T16:09:00+0800 lvl=trce msg="Removed unpayable queued transactions"  count=0
t=2023-06-02T16:09:00+0800 lvl=trce msg="Promoted queued transactions"           count=1
t=2023-06-02T16:09:00+0800 lvl=trce msg="Pooled new future transaction"          hash=0x2e13c0d13e25a74f3ba59b94cf715fe0923d735487d70ebd639f87710e1e958d from=0x7628e7c918DAaf4dfbF615023fDBcF72b8479bCe to=0x0000000000000000000000000000000000000000
t=2023-06-02T16:09:00+0800 lvl=trce msg="Removed old queued transactions"        count=0
t=2023-06-02T16:09:00+0800 lvl=trce msg="Discarding freshly underpriced transaction" hash=0x6d792179c4f7aea862959095defb89738e3f36246ebeda4652e72d96dc7d4c01 gasTipCap=20 gasFeeCap=520
t=2023-06-02T16:09:00+0800 lvl=trce msg="Pooled new future transaction"          hash=0x38d359d7a509f84d7e248f397582c1c4e2e3cc442a446dc8221ee7008eab8c16 from=0xb463285AC1128A7DD32732758D24893EC48dCE72 to=0x0000000000000000000000000000000000000000
t=2023-06-02T16:09:00+0800 lvl=trce msg="Removed old queued transactions"        count=0
t=2023-06-02T16:09:00+0800 lvl=trce msg="Removed unpayable queued transactions"  count=0
t=2023-06-02T16:09:00+0800 lvl=trce msg="Promoted queued transactions"           count=1
t=2023-06-02T16:09:00+0800 lvl=trce msg="Removed unpayable queued transactions"  count=0
t=2023-06-02T16:09:00+0800 lvl=trce msg="Promoted queued transactions"           count=0
t=2023-06-02T16:09:00+0800 lvl=trce msg="Pooled new future transaction"          hash=0x6f25cc593268be45cb08306a0ebeb2052cc0532b2de72b1e3edf857801050137 from=0x66e0851F1a162869024b4C9f6b1C4Fc5cb4832F1 to=0x0000000000000000000000000000000000000000
t=2023-06-02T16:09:00+0800 lvl=trce msg="Removed old queued transactions"        count=0
t=2023-06-02T16:09:00+0800 lvl=trce msg="Discarding freshly underpriced transaction" hash=0xd745b1950ddfd04e79a1c02dfbb97d760458cac21ce0b005961754460ad11177 gasTipCap=1  gasFeeCap=601
t=2023-06-02T16:09:00+0800 lvl=trce msg="Pooled new future transaction"          hash=0x9c00c3b31445197aaf79b8c210dc3516f1dbeec4486036de6443123073322f59 from=0x56B6e8c4d5C5cb4D4A200A15227DaEd7EBdcbac5 to=0x0000000000000000000000000000000000000000
t=2023-06-02T16:09:00+0800 lvl=trce msg="Removed old queued transactions"        count=0
t=2023-06-02T16:09:00+0800 lvl=trce msg="Removed unpayable queued transactions"  count=0
t=2023-06-02T16:09:00+0800 lvl=trce msg="Promoted queued transactions"           count=1
t=2023-06-02T16:09:00+0800 lvl=trce msg="Removed unpayable queued transactions"  count=0
t=2023-06-02T16:09:00+0800 lvl=trce msg="Promoted queued transactions"           count=1
t=2023-06-02T16:09:00+0800 lvl=trce msg="Pooled new future transaction"          hash=0x2623ac72490e9950d35c4bb2c4c3ed84a651cacfaa297a0faf81840e49017a55 from=0x66e0851F1a162869024b4C9f6b1C4Fc5cb4832F1 to=0x0000000000000000000000000000000000000000
t=2023-06-02T16:09:00+0800 lvl=trce msg="Removed old queued transactions"        count=0
t=2023-06-02T16:09:00+0800 lvl=trce msg="Removed unpayable queued transactions"  count=0
t=2023-06-02T16:09:00+0800 lvl=trce msg="Discarding freshly underpriced transaction" hash=0x3346f680f9c463b3e70a46137fcde5511a9a4269242859b24b48f58896299b00 gasTipCap=1  gasFeeCap=716
t=2023-06-02T16:09:00+0800 lvl=trce msg="Pooled new future transaction"          hash=0x1249d1890dce4c5b4172b5b0ef6553594ae13d8a968c18de1e0ba367719fffde from=0x4ab41fff694Ab17b4Ef28D4717901E2BBa0E622f to=0x0000000000000000000000000000000000000000
t=2023-06-02T16:09:00+0800 lvl=trce msg="Removed old queued transactions"        count=0
t=2023-06-02T16:09:00+0800 lvl=trce msg="Removed unpayable queued transactions"  count=0
t=2023-06-02T16:09:00+0800 lvl=trce msg="Promoted queued transactions"           count=1
t=2023-06-02T16:09:00+0800 lvl=trce msg="Promoted queued transactions"           count=0
t=2023-06-02T16:09:00+0800 lvl=trce msg="Pooled new future transaction"          hash=0x8a352d9f1d2674d1b74f38f8d8d3e6c1070f9759240268ea47357cc58cd56784 from=0x7628e7c918DAaf4dfbF615023fDBcF72b8479bCe to=0x0000000000000000000000000000000000000000
t=2023-06-02T16:09:00+0800 lvl=trce msg="Removed old queued transactions"        count=0
t=2023-06-02T16:09:00+0800 lvl=trce msg="Removed unpayable queued transactions"  count=0
t=2023-06-02T16:09:00+0800 lvl=trce msg="Promoted queued transactions"           count=1
t=2023-06-02T16:09:00+0800 lvl=trce msg="Discarding freshly underpriced transaction" hash=0x112811f8973515b1e554a6f0d8ba28ad9d930fe0788f6dc9eb7c9ba56ec3e549 gasTipCap=2  gasFeeCap=602
t=2023-06-02T16:09:00+0800 lvl=trce msg="Pooled new future transaction"          hash=0xd18f9513eb2d8f638046b7477cba16f261c9ddcde6017bcf73156a6562ec53d3 from=0xcF73c2EC34E22eF3D8BA74ab83e9cfEaf95d9438 to=0x0000000000000000000000000000000000000000
t=2023-06-02T16:09:00+0800 lvl=trce msg="Removed old queued transactions"        count=0
t=2023-06-02T16:09:00+0800 lvl=trce msg="Removed unpayable queued transactions"  count=0
t=2023-06-02T16:09:00+0800 lvl=trce msg="Promoted queued transactions"           count=1
t=2023-06-02T16:09:00+0800 lvl=trce msg="Pooled new future transaction"          hash=0x107b07367dcdb1329763440b46f19874a6134ecdaf3f13b8c8b5bdc79c19cc0b from=0x7628e7c918DAaf4dfbF615023fDBcF72b8479bCe to=0x0000000000000000000000000000000000000000
t=2023-06-02T16:09:00+0800 lvl=trce msg="Removed old queued transactions"        count=0
t=2023-06-02T16:09:00+0800 lvl=trce msg="Removed unpayable queued transactions"  count=0
t=2023-06-02T16:09:00+0800 lvl=trce msg="Promoted queued transactions"           count=0
t=2023-06-02T16:09:00+0800 lvl=trce msg="Discarding freshly underpriced transaction" hash=0xfa7452fe454d537ede9db63c736a8283f7ef4eca75c8ed366f53ad1b100551f0 gasTipCap=3  gasFeeCap=603
t=2023-06-02T16:09:00+0800 lvl=trce msg="Pooled new future transaction"          hash=0x846690cece77697d74525641f2bda59eec17e497727054056104a0cf7621dec4 from=0x9e33B0470eDA37b2CD4Ccf22Fc7efBD79f722d52 to=0x0000000000000000000000000000000000000000
t=2023-06-02T16:09:00+0800 lvl=trce msg="Removed old queued transactions"        count=0
t=2023-06-02T16:09:00+0800 lvl=trce msg="Removed unpayable queued transactions"  count=0
t=2023-06-02T16:09:00+0800 lvl=trce msg="Promoted queued transactions"           count=1
t=2023-06-02T16:09:00+0800 lvl=trce msg="Pooled new future transaction"          hash=0xd08151be369cfd890d11d2e1d6b6b6e390b328a7ba2fa02f7c02d630bd1adf66 from=0x66e0851F1a162869024b4C9f6b1C4Fc5cb4832F1 to=0x0000000000000000000000000000000000000000
t=2023-06-02T16:09:00+0800 lvl=trce msg="Removed old queued transactions"        count=0
t=2023-06-02T16:09:00+0800 lvl=trce msg="Removed unpayable queued transactions"  count=0
t=2023-06-02T16:09:00+0800 lvl=trce msg="Promoted queued transactions"           count=1
t=2023-06-02T16:09:00+0800 lvl=trce msg="Pooled new future transaction"          hash=0x75e77b2ae5083a12d54a7478ed2ea28488c4cfb76da994ed6ba36032cebb0ab3 from=0x66e0851F1a162869024b4C9f6b1C4Fc5cb4832F1 to=0x0000000000000000000000000000000000000000
t=2023-06-02T16:09:00+0800 lvl=trce msg="Removed old queued transactions"        count=0
t=2023-06-02T16:09:00+0800 lvl=trce msg="Removed unpayable queued transactions"  count=0
t=2023-06-02T16:09:00+0800 lvl=trce msg="Promoted queued transactions"           count=0
t=2023-06-02T16:09:00+0800 lvl=trce msg="Discarding freshly underpriced transaction" hash=0x2e3e82f3a81f3175041fee73e096cacf2ad6025be02e6e2e0880a1da874b7543 gasTipCap=4  gasFeeCap=604
t=2023-06-02T16:09:00+0800 lvl=trce msg="Pooled new future transaction"          hash=0xe48cc1a21aa6be0997e79288b6dc718bdfb2f219b7e29509a2f3c358f4176391 from=0xDFa6902f3dF6cd0F05e8DE5952198DA73cC41bAC to=0x0000000000000000000000000000000000000000
t=2023-06-02T16:09:00+0800 lvl=trce msg="Removed old queued transactions"        count=0
t=2023-06-02T16:09:00+0800 lvl=trce msg="Removed unpayable queued transactions"  count=0
t=2023-06-02T16:09:00+0800 lvl=trce msg="Promoted queued transactions"           count=1
t=2023-06-02T16:09:00+0800 lvl=trce msg="Pooled new future transaction"          hash=0x9e23d62da871c0070a000cf21962c26bcd0d6fe1e4bfed90b7fa895d215b80ec from=0x7628e7c918DAaf4dfbF615023fDBcF72b8479bCe to=0x0000000000000000000000000000000000000000
t=2023-06-02T16:09:00+0800 lvl=trce msg="Removed old queued transactions"        count=0
t=2023-06-02T16:09:00+0800 lvl=trce msg="Removed unpayable queued transactions"  count=0
t=2023-06-02T16:09:00+0800 lvl=trce msg="Promoted queued transactions"           count=1
t=2023-06-02T16:09:00+0800 lvl=trce msg="Discarding freshly underpriced transaction" hash=0x8cbc5defb819e26e36826872fcccbf69028f3eed2fb26fb2e08c708c10a3a5e1 gasTipCap=1  gasFeeCap=717
t=2023-06-02T16:09:00+0800 lvl=trce msg="Pooled new future transaction"          hash=0x29e36aa3391ec185651aa3e8e5d275e23b450f94a316f521441374c82e291e48 from=0x3e16F51DC0F881771a45d25b9f0d7228101317Ac to=0x0000000000000000000000000000000000000000
t=2023-06-02T16:09:00+0800 lvl=trce msg="Removed old queued transactions"        count=0
t=2023-06-02T16:09:00+0800 lvl=trce msg="Removed unpayable queued transactions"  count=0
t=2023-06-02T16:09:00+0800 lvl=trce msg="Promoted queued transactions"           count=1
t=2023-06-02T16:09:00+0800 lvl=trce msg="Pooled new future transaction"          hash=0x93f5ce13e7ec052354092c4dc8bea30b8c65da76f45656a7bcc22c98287c6144 from=0x7628e7c918DAaf4dfbF615023fDBcF72b8479bCe to=0x0000000000000000000000000000000000000000
t=2023-06-02T16:09:00+0800 lvl=trce msg="Removed old queued transactions"        count=0
t=2023-06-02T16:09:00+0800 lvl=trce msg="Removed unpayable queued transactions"  count=0
t=2023-06-02T16:09:00+0800 lvl=trce msg="Promoted queued transactions"           count=0
t=2023-06-02T16:09:00+0800 lvl=trce msg="Discarding freshly underpriced transaction" hash=0x79ffe539f18855a00c08d378ca53e747e6b4bcd3f0c11020b898b9e8f481196a gasTipCap=1  gasFeeCap=718
t=2023-06-02T16:09:00+0800 lvl=trce msg="Pooled new future transaction"          hash=0xbe46800d33c9a4164cdf6bcdbb1ccba935aca3392abe4f83c9a51072bbe8e427 from=0x66e0851F1a162869024b4C9f6b1C4Fc5cb4832F1 to=0x0000000000000000000000000000000000000000
t=2023-06-02T16:09:00+0800 lvl=trce msg="Pooled new future transaction"          hash=0x4fa18f3824648c8950eeca38ff504425061bac6806e9d196030c0f066fff0642 from=0x9FB533E671703f76f57178C91beb183C92463De5 to=0x0000000000000000000000000000000000000000
t=2023-06-02T16:09:00+0800 lvl=trce msg="Removed old queued transactions"        count=0
t=2023-06-02T16:09:00+0800 lvl=trce msg="Removed old queued transactions"        count=0
t=2023-06-02T16:09:00+0800 lvl=trce msg="Removed unpayable queued transactions"  count=0
t=2023-06-02T16:09:00+0800 lvl=trce msg="Removed unpayable queued transactions"  count=0
t=2023-06-02T16:09:00+0800 lvl=trce msg="Promoted queued transactions"           count=1
t=2023-06-02T16:09:00+0800 lvl=trce msg="Promoted queued transactions"           count=1
t=2023-06-02T16:09:00+0800 lvl=trce msg="Pooled new future transaction"          hash=0x0dc57dcadb50e3d9d0baca4fdc18e785e46f155fc7aa8365991a1db685ee156f from=0x66e0851F1a162869024b4C9f6b1C4Fc5cb4832F1 to=0x0000000000000000000000000000000000000000
t=2023-06-02T16:09:00+0800 lvl=trce msg="Discarding freshly underpriced transaction" hash=0xc024e1b8cd629ffbaad669e736d8ffd5f869bb0dd2c3ae0d4a12ecdb44a88c38 gasTipCap=1  gasFeeCap=719
t=2023-06-02T16:09:00+0800 lvl=trce msg="Removed old queued transactions"        count=0
t=2023-06-02T16:09:00+0800 lvl=trce msg="Removed unpayable queued transactions"  count=0
t=2023-06-02T16:09:00+0800 lvl=trce msg="Promoted queued transactions"           count=0
t=2023-06-02T16:09:00+0800 lvl=trce msg="Pooled new future transaction"          hash=0x23ac16e196feb28c61de93ce5397583e50064a831b07f42f0a13de73dc39a1e6 from=0x558bA8ed1319Ad48d654D3eD52cAAeAdd951B8a9 to=0x0000000000000000000000000000000000000000
t=2023-06-02T16:09:00+0800 lvl=trce msg="Removed old queued transactions"        count=0
t=2023-06-02T16:09:00+0800 lvl=trce msg="Removed unpayable queued transactions"  count=0
t=2023-06-02T16:09:00+0800 lvl=trce msg="Promoted queued transactions"           count=1
t=2023-06-02T16:09:00+0800 lvl=trce msg="Pooled new future transaction"          hash=0xb225072d25d5d690302999749a359379ab8fd4f1c105700c59d523ad434a5f1f from=0x7628e7c918DAaf4dfbF615023fDBcF72b8479bCe to=0x0000000000000000000000000000000000000000
t=2023-06-02T16:09:00+0800 lvl=trce msg="Removed old queued transactions"        count=0
t=2023-06-02T16:09:00+0800 lvl=trce msg="Removed unpayable queued transactions"  count=0
t=2023-06-02T16:09:00+0800 lvl=trce msg="Promoted queued transactions"           count=1
t=2023-06-02T16:09:00+0800 lvl=trce msg="Pooled new future transaction"          hash=0xeab0f01d18fa1b363dfbe00e4d6f3e1a90b89d446f2176b7f62021a17980535c from=0x7628e7c918DAaf4dfbF615023fDBcF72b8479bCe to=0x0000000000000000000000000000000000000000
t=2023-06-02T16:09:00+0800 lvl=trce msg="Removed old queued transactions"        count=0
t=2023-06-02T16:09:00+0800 lvl=trce msg="Removed unpayable queued transactions"  count=0
t=2023-06-02T16:09:00+0800 lvl=trce msg="Promoted queued transactions"           count=0
t=2023-06-02T16:09:00+0800 lvl=trce msg="Discarding freshly underpriced transaction" hash=0xe48cc1a21aa6be0997e79288b6dc718bdfb2f219b7e29509a2f3c358f4176391 gasTipCap=1  gasFeeCap=800
t=2023-06-02T16:09:00+0800 lvl=trce msg="Pooled new future transaction"          hash=0x1ca8f5e8a68f8c1b9468be253bd0cc32f7fb3f553d1fa204a20ec5d029deeb6b from=0x62c61e32C2bC54c4B1DbDa57095c27C8A08D0eD3 to=0x0000000000000000000000000000000000000000
t=2023-06-02T16:09:00+0800 lvl=trce msg="Removed old queued transactions"        count=0
t=2023-06-02T16:09:00+0800 lvl=trce msg="Removed unpayable queued transactions"  count=0
t=2023-06-02T16:09:00+0800 lvl=trce msg="Promoted queued transactions"           count=1
t=2023-06-02T16:09:00+0800 lvl=trce msg="Pooled new future transaction"          hash=0xd1f05e3758eed201b0464927bf8738f7cdd6e8726cd89069a51f88bbc05a27fe from=0x66e0851F1a162869024b4C9f6b1C4Fc5cb4832F1 to=0x0000000000000000000000000000000000000000
t=2023-06-02T16:09:00+0800 lvl=trce msg="Removed old queued transactions"        count=0
t=2023-06-02T16:09:00+0800 lvl=trce msg="Removed unpayable queued transactions"  count=0
t=2023-06-02T16:09:00+0800 lvl=trce msg="Promoted queued transactions"           count=1
t=2023-06-02T16:09:00+0800 lvl=trce msg="Pooled new future transaction"          hash=0x4f3b46d78cdfe46a27eba4748d002cf839d7a31e56e473323ad1669c79e30573 from=0x66e0851F1a162869024b4C9f6b1C4Fc5cb4832F1 to=0x0000000000000000000000000000000000000000
t=2023-06-02T16:09:00+0800 lvl=trce msg="Removed old queued transactions"        count=0
t=2023-06-02T16:09:00+0800 lvl=trce msg="Removed unpayable queued transactions"  count=0
t=2023-06-02T16:09:00+0800 lvl=trce msg="Promoted queued transactions"           count=0
t=2023-06-02T16:09:00+0800 lvl=trce msg="Discarding freshly underpriced transaction" hash=0x29e36aa3391ec185651aa3e8e5d275e23b450f94a316f521441374c82e291e48 gasTipCap=1  gasFeeCap=801
t=2023-06-02T16:09:00+0800 lvl=trce msg="Pooled new future transaction"          hash=0x077ac57d7eece619bd029b8bcbc4f58c1d6995da9e4b14e24960f8c9c1e7704f from=0xdc06B6dB7b5A58Bf605AD59f459348528255F7Ef to=0x0000000000000000000000000000000000000000
t=2023-06-02T16:09:00+0800 lvl=trce msg="Removed old queued transactions"        count=0
t=2023-06-02T16:09:00+0800 lvl=trce msg="Pooled new future transaction"          hash=0xf498f260b9fab3cbbb9ddea13caed13ff6981e792da76ebec08212b73a0c87cf from=0x7628e7c918DAaf4dfbF615023fDBcF72b8479bCe to=0x0000000000000000000000000000000000000000
t=2023-06-02T16:09:00+0800 lvl=trce msg="Removed old queued transactions"        count=0
t=2023-06-02T16:09:00+0800 lvl=trce msg="Removed unpayable queued transactions"  count=0
t=2023-06-02T16:09:00+0800 lvl=trce msg="Promoted queued transactions"           count=1
t=2023-06-02T16:09:00+0800 lvl=trce msg="Removed unpayable queued transactions"  count=0
t=2023-06-02T16:09:00+0800 lvl=trce msg="Promoted queued transactions"           count=1
t=2023-06-02T16:09:00+0800 lvl=trce msg="Pooled new future transaction"          hash=0x5460357e56ed2dddd5c00bcddb922ff26c382ef47c028457d31e917f6072cd3a from=0x7628e7c918DAaf4dfbF615023fDBcF72b8479bCe to=0x0000000000000000000000000000000000000000
t=2023-06-02T16:09:00+0800 lvl=trce msg="Discarding freshly underpriced transaction" hash=0x4fa18f3824648c8950eeca38ff504425061bac6806e9d196030c0f066fff0642 gasTipCap=1  gasFeeCap=802
t=2023-06-02T16:09:00+0800 lvl=trce msg="Removed old queued transactions"        count=0
t=2023-06-02T16:09:00+0800 lvl=trce msg="Pooled new future transaction"          hash=0xa595fa9e5e4269b4e3461b005569f7f7748427e4a2d97adaec653f971b515b04 from=0x046b61d35E8cdA366a599d77B4Cf3178766ED7f1 to=0x0000000000000000000000000000000000000000
t=2023-06-02T16:09:00+0800 lvl=trce msg="Removed old queued transactions"        count=0
t=2023-06-02T16:09:00+0800 lvl=trce msg="Removed unpayable queued transactions"  count=0
t=2023-06-02T16:09:00+0800 lvl=trce msg="Removed unpayable queued transactions"  count=0
t=2023-06-02T16:09:00+0800 lvl=trce msg="Promoted queued transactions"           count=0
t=2023-06-02T16:09:00+0800 lvl=trce msg="Promoted queued transactions"           count=1
t=2023-06-02T16:09:00+0800 lvl=trce msg="Pooled new future transaction"          hash=0x48a630e0955f5a711880aa39b0d00c3a4010aa841a86a9d3ad8a2730734f5d1e from=0x66e0851F1a162869024b4C9f6b1C4Fc5cb4832F1 to=0x0000000000000000000000000000000000000000
t=2023-06-02T16:09:00+0800 lvl=trce msg="Removed old queued transactions"        count=0
t=2023-06-02T16:09:00+0800 lvl=trce msg="Removed unpayable queued transactions"  count=0
t=2023-06-02T16:09:00+0800 lvl=trce msg="Promoted queued transactions"           count=1
t=2023-06-02T16:09:00+0800 lvl=trce msg="Discarding freshly underpriced transaction" hash=0x23ac16e196feb28c61de93ce5397583e50064a831b07f42f0a13de73dc39a1e6 gasTipCap=1  gasFeeCap=803
t=2023-06-02T16:09:00+0800 lvl=trce msg="Pooled new future transaction"          hash=0xe423a4b405c5f393706b88d672fe5d77186750dd0a15352ec0ca392f1d5c7b8f from=0x8602e8a3258b4C97d0c40a7dE5c61d2E7ceAF6cE to=0x0000000000000000000000000000000000000000
t=2023-06-02T16:09:00+0800 lvl=trce msg="Removed old queued transactions"        count=0
t=2023-06-02T16:09:00+0800 lvl=trce msg="Removed unpayable queued transactions"  count=0
t=2023-06-02T16:09:00+0800 lvl=trce msg="Promoted queued transactions"           count=1
t=2023-06-02T16:09:00+0800 lvl=trce msg="Pooled new future transaction"          hash=0x4eb6e418ea7b0782f399f119cd9f78990dc920b62f9c6162e1f50ad2066bfc3a from=0x66e0851F1a162869024b4C9f6b1C4Fc5cb4832F1 to=0x0000000000000000000000000000000000000000
t=2023-06-02T16:09:00+0800 lvl=trce msg="Removed old queued transactions"        count=0
t=2023-06-02T16:09:00+0800 lvl=trce msg="Removed unpayable queued transactions"  count=0
t=2023-06-02T16:09:00+0800 lvl=trce msg="Promoted queued transactions"           count=0
t=2023-06-02T16:09:00+0800 lvl=trce msg="Pooled new future transaction"          hash=0x06c5244a7b745f9f211259531484efc90b8b25a18738e54d5113bc774941919d from=0x7628e7c918DAaf4dfbF615023fDBcF72b8479bCe to=0x0000000000000000000000000000000000000000
t=2023-06-02T16:09:00+0800 lvl=trce msg="Removed old queued transactions"        count=0
t=2023-06-02T16:09:00+0800 lvl=trce msg="Removed unpayable queued transactions"  count=0
t=2023-06-02T16:09:00+0800 lvl=trce msg="Discarding freshly underpriced transaction" hash=0x1ca8f5e8a68f8c1b9468be253bd0cc32f7fb3f553d1fa204a20ec5d029deeb6b gasTipCap=1  gasFeeCap=804
t=2023-06-02T16:09:00+0800 lvl=trce msg="Pooled new future transaction"          hash=0xa818b7f54497092041e30c2ec6414ab26a4759a768cbc35d6c771f6f31f8da11 from=0x299ee5144A06A6BCA8c2FFf87308773fc375494f to=0x0000000000000000000000000000000000000000
t=2023-06-02T16:09:00+0800 lvl=trce msg="Removed old queued transactions"        count=0
t=2023-06-02T16:09:00+0800 lvl=trce msg="Removed unpayable queued transactions"  count=0
t=2023-06-02T16:09:00+0800 lvl=trce msg="Promoted queued transactions"           count=1
t=2023-06-02T16:09:00+0800 lvl=trce msg="Promoted queued transactions"           count=1
t=2023-06-02T16:09:00+0800 lvl=trce msg="Pooled new future transaction"          hash=0xe728273bda16f45f032a5ffe00f67f2c34ca2b524bb3659ff64542dc21ddc502 from=0x7628e7c918DAaf4dfbF615023fDBcF72b8479bCe to=0x0000000000000000000000000000000000000000
t=2023-06-02T16:09:00+0800 lvl=trce msg="Removed old queued transactions"        count=0
t=2023-06-02T16:09:00+0800 lvl=trce msg="Removed unpayable queued transactions"  count=0
t=2023-06-02T16:09:00+0800 lvl=trce msg="Promoted queued transactions"           count=0
t=2023-06-02T16:09:00+0800 lvl=trce msg="Discarding freshly underpriced transaction" hash=0x077ac57d7eece619bd029b8bcbc4f58c1d6995da9e4b14e24960f8c9c1e7704f gasTipCap=1  gasFeeCap=805
t=2023-06-02T16:09:00+0800 lvl=trce msg="Pooled new future transaction"          hash=0x7155d341f2880aa8d1792f663a98f9ef1bca23d993d87962886f3bec4b60b3c9 from=0x328FE99CDa96c62e20690Bb35A7b766758323820 to=0x0000000000000000000000000000000000000000
t=2023-06-02T16:09:00+0800 lvl=trce msg="Removed old queued transactions"        count=0
t=2023-06-02T16:09:00+0800 lvl=trce msg="Removed unpayable queued transactions"  count=0
t=2023-06-02T16:09:00+0800 lvl=trce msg="Promoted queued transactions"           count=1
t=2023-06-02T16:09:00+0800 lvl=trce msg="Pooled new future transaction"          hash=0x17688f9fb990afaad98f164440580e328b9800799e85e7c9b32dcc73a3f6f6a9 from=0x66e0851F1a162869024b4C9f6b1C4Fc5cb4832F1 to=0x0000000000000000000000000000000000000000
t=2023-06-02T16:09:00+0800 lvl=trce msg="Removed old queued transactions"        count=0
t=2023-06-02T16:09:00+0800 lvl=trce msg="Removed unpayable queued transactions"  count=0
t=2023-06-02T16:09:00+0800 lvl=trce msg="Promoted queued transactions"           count=1
t=2023-06-02T16:09:00+0800 lvl=trce msg="Discarding freshly underpriced transaction" hash=0xa595fa9e5e4269b4e3461b005569f7f7748427e4a2d97adaec653f971b515b04 gasTipCap=1  gasFeeCap=806
t=2023-06-02T16:09:00+0800 lvl=trce msg="Pooled new future transaction"          hash=0x0a8f6796f11ebce643319570d3a6b9ecc6144f439dd8a8b026932791ba2e2318 from=0x1DCc6D07246671BfCcdA7bd72fF4156BB1334844 to=0x0000000000000000000000000000000000000000
t=2023-06-02T16:09:00+0800 lvl=trce msg="Removed old queued transactions"        count=0
t=2023-06-02T16:09:00+0800 lvl=trce msg="Removed unpayable queued transactions"  count=0
t=2023-06-02T16:09:00+0800 lvl=trce msg="Promoted queued transactions"           count=1
t=2023-06-02T16:09:00+0800 lvl=trce msg="Pooled new future transaction"          hash=0x0c89f89381aba0ea968fec03dbb0c9fa22393169e1d5660f744a5f42e208a174 from=0x66e0851F1a162869024b4C9f6b1C4Fc5cb4832F1 to=0x0000000000000000000000000000000000000000
t=2023-06-02T16:09:00+0800 lvl=trce msg="Removed old queued transactions"        count=0
t=2023-06-02T16:09:00+0800 lvl=trce msg="Removed unpayable queued transactions"  count=0
t=2023-06-02T16:09:00+0800 lvl=trce msg="Promoted queued transactions"           count=0
t=2023-06-02T16:09:00+0800 lvl=trce msg="Discarding freshly underpriced transaction" hash=0xe423a4b405c5f393706b88d672fe5d77186750dd0a15352ec0ca392f1d5c7b8f gasTipCap=1  gasFeeCap=807
t=2023-06-02T16:09:00+0800 lvl=trce msg="Pooled new future transaction"          hash=0xe3adaf7667076108b31a52ecd839703d61b00bdb8d00cdab44e3b718da7317d2 from=0x446471E8D4caC4aC35D04155A6f0ec7393F86eBc to=0x0000000000000000000000000000000000000000
t=2023-06-02T16:09:00+0800 lvl=trce msg="Removed old queued transactions"        count=0
t=2023-06-02T16:09:00+0800 lvl=trce msg="Removed unpayable queued transactions"  count=0
t=2023-06-02T16:09:00+0800 lvl=trce msg="Promoted queued transactions"           count=1
t=2023-06-02T16:09:00+0800 lvl=trce msg="Pooled new future transaction"          hash=0x5d465dde2f0909a2a731cd23f810bafeb1c340c34c44fde8e7465cc1dea7ba85 from=0x7628e7c918DAaf4dfbF615023fDBcF72b8479bCe to=0x0000000000000000000000000000000000000000
t=2023-06-02T16:09:00+0800 lvl=trce msg="Removed old queued transactions"        count=0
t=2023-06-02T16:09:00+0800 lvl=trce msg="Removed unpayable queued transactions"  count=0
t=2023-06-02T16:09:00+0800 lvl=trce msg="Promoted queued transactions"           count=1
t=2023-06-02T16:09:00+0800 lvl=trce msg="Discarding freshly underpriced transaction" hash=0xa818b7f54497092041e30c2ec6414ab26a4759a768cbc35d6c771f6f31f8da11 gasTipCap=1  gasFeeCap=808
t=2023-06-02T16:09:00+0800 lvl=trce msg="Pooled new future transaction"          hash=0x2c0b4ff9deb45049e9012799d7c5cd1dd853778a0c1c009432360a376f66a61b from=0x35C6164258023cb91f42B30E11F82d5a41D1514e to=0x0000000000000000000000000000000000000000
t=2023-06-02T16:09:00+0800 lvl=trce msg="Removed old queued transactions"        count=0
t=2023-06-02T16:09:00+0800 lvl=trce msg="Removed unpayable queued transactions"  count=0
t=2023-06-02T16:09:00+0800 lvl=trce msg="Promoted queued transactions"           count=1
t=2023-06-02T16:09:00+0800 lvl=trce msg="Pooled new future transaction"          hash=0x93303f30ad4484bff5b0401f4c92a8039411c011b263d19af4fe2b2dfe4bbed4 from=0x7628e7c918DAaf4dfbF615023fDBcF72b8479bCe to=0x0000000000000000000000000000000000000000
t=2023-06-02T16:09:00+0800 lvl=trce msg="Removed old queued transactions"        count=0
t=2023-06-02T16:09:00+0800 lvl=trce msg="Removed unpayable queued transactions"  count=0
t=2023-06-02T16:09:00+0800 lvl=trce msg="Promoted queued transactions"           count=0
t=2023-06-02T16:09:00+0800 lvl=trce msg="Discarding freshly underpriced transaction" hash=0x7155d341f2880aa8d1792f663a98f9ef1bca23d993d87962886f3bec4b60b3c9 gasTipCap=1  gasFeeCap=809
t=2023-06-02T16:09:00+0800 lvl=trce msg="Pooled new future transaction"          hash=0xe7e3dcf470b6a9402480b08ef3a9da762e4f8192b026b06a002e7690cc63b09e from=0x1f6dDd189370EEABb591eA63ed110700f22da1Be to=0x0000000000000000000000000000000000000000
t=2023-06-02T16:09:00+0800 lvl=trce msg="Removed old queued transactions"        count=0
t=2023-06-02T16:09:00+0800 lvl=trce msg="Removed unpayable queued transactions"  count=0
t=2023-06-02T16:09:00+0800 lvl=trce msg="Promoted queued transactions"           count=1
t=2023-06-02T16:09:00+0800 lvl=trce msg="Pooled new future transaction"          hash=0xbc52dd62b097799ec9f27636d6daa0e52ded94619f930d888f176d8533b51fb5 from=0x66e0851F1a162869024b4C9f6b1C4Fc5cb4832F1 to=0x0000000000000000000000000000000000000000
t=2023-06-02T16:09:00+0800 lvl=trce msg="Removed old queued transactions"        count=0
t=2023-06-02T16:09:00+0800 lvl=trce msg="Removed unpayable queued transactions"  count=0
t=2023-06-02T16:09:00+0800 lvl=trce msg="Promoted queued transactions"           count=1
t=2023-06-02T16:09:00+0800 lvl=trce msg="Discarding freshly underpriced transaction" hash=0x0a8f6796f11ebce643319570d3a6b9ecc6144f439dd8a8b026932791ba2e2318 gasTipCap=1  gasFeeCap=810
t=2023-06-02T16:09:00+0800 lvl=trce msg="Pooled new future transaction"          hash=0xc660f818ffbce0fae9a2d24be2654d92a22a9b0e4e37c413d1e020860b8e798c from=0x0E6c77af214E57332D2Ba95B1BF302DEFc627771 to=0x0000000000000000000000000000000000000000
t=2023-06-02T16:09:00+0800 lvl=trce msg="Removed old queued transactions"        count=0
t=2023-06-02T16:09:00+0800 lvl=trce msg="Removed unpayable queued transactions"  count=0
t=2023-06-02T16:09:00+0800 lvl=trce msg="Promoted queued transactions"           count=1
t=2023-06-02T16:09:00+0800 lvl=trce msg="Pooled new future transaction"          hash=0x1ef0fe64b3ebf61589bc77cf6a80fabb69756f155bbedc5b159f0afc7be118d9 from=0x66e0851F1a162869024b4C9f6b1C4Fc5cb4832F1 to=0x0000000000000000000000000000000000000000
t=2023-06-02T16:09:00+0800 lvl=trce msg="Removed old queued transactions"        count=0
t=2023-06-02T16:09:00+0800 lvl=trce msg="Removed unpayable queued transactions"  count=0
t=2023-06-02T16:09:00+0800 lvl=trce msg="Promoted queued transactions"           count=0
t=2023-06-02T16:09:00+0800 lvl=trce msg="Discarding freshly underpriced transaction" hash=0xe3adaf7667076108b31a52ecd839703d61b00bdb8d00cdab44e3b718da7317d2 gasTipCap=1  gasFeeCap=811
t=2023-06-02T16:09:00+0800 lvl=trce msg="Pooled new future transaction"          hash=0xd387c8129c59ad42a7a6c8143107021f55aa17e80d502d6a5c090af535c7c5e5 from=0xb80E22EA258304Df957A61A20D8Ddf2432670e69 to=0x0000000000000000000000000000000000000000
t=2023-06-02T16:09:00+0800 lvl=trce msg="Removed old queued transactions"        count=0
t=2023-06-02T16:09:00+0800 lvl=trce msg="Removed unpayable queued transactions"  count=0
t=2023-06-02T16:09:00+0800 lvl=trce msg="Promoted queued transactions"           count=1
t=2023-06-02T16:09:00+0800 lvl=trce msg="Pooled new future transaction"          hash=0x82ac9176f50b9540f68c7acc32f1564ff93e5644b6a18defafbeb9f81d0e2b0b from=0xC9955F89D781c5d3B8551187e8A44954502aa7Cd to=0x0000000000000000000000000000000000000000
t=2023-06-02T16:09:00+0800 lvl=trce msg="Pooled new future transaction"          hash=0x085e1e562b510b8f8beac89bca9bbe455c8fb709d1e626013f77473507b84959 from=0x7628e7c918DAaf4dfbF615023fDBcF72b8479bCe to=0x0000000000000000000000000000000000000000
t=2023-06-02T16:09:00+0800 lvl=trce msg="Removed old queued transactions"        count=0
t=2023-06-02T16:09:00+0800 lvl=trce msg="Removed unpayable queued transactions"  count=0
t=2023-06-02T16:09:00+0800 lvl=trce msg="Promoted queued transactions"           count=1
t=2023-06-02T16:09:00+0800 lvl=trce msg="Pooled new future transaction"          hash=0xa95a0a9fb8451356c3865cf85e4c99100c6b0ef6add7fd5173a410528da739bd from=0x7628e7c918DAaf4dfbF615023fDBcF72b8479bCe to=0x0000000000000000000000000000000000000000
t=2023-06-02T16:09:00+0800 lvl=trce msg="Removed old queued transactions"        count=0
t=2023-06-02T16:09:00+0800 lvl=trce msg="Discarding freshly underpriced transaction" hash=0x2c0b4ff9deb45049e9012799d7c5cd1dd853778a0c1c009432360a376f66a61b gasTipCap=1  gasFeeCap=812
t=2023-06-02T16:09:00+0800 lvl=trce msg="Pooled new future transaction"          hash=0x63745d2085c5600928addf3a9d10df71983c45f24438bb497f6025f821e35501 from=0x0F124AFfcb9E0513220C31c79dB6687c3E5BBF3d to=0x0000000000000000000000000000000000000000
t=2023-06-02T16:09:00+0800 lvl=trce msg="Removed unpayable queued transactions"  count=0
t=2023-06-02T16:09:00+0800 lvl=trce msg="Removed old queued transactions"        count=0
t=2023-06-02T16:09:00+0800 lvl=trce msg="Promoted queued transactions"           count=0
t=2023-06-02T16:09:00+0800 lvl=trce msg="Removed unpayable queued transactions"  count=0
t=2023-06-02T16:09:00+0800 lvl=trce msg="Promoted queued transactions"           count=1
t=2023-06-02T16:09:00+0800 lvl=trce msg="Pooled new future transaction"          hash=0x94052dbe9fc99c704328d749d18f4815d8fefe140714c5e4610ae5895f780cca from=0x66e0851F1a162869024b4C9f6b1C4Fc5cb4832F1 to=0x0000000000000000000000000000000000000000
t=2023-06-02T16:09:00+0800 lvl=trce msg="Removed old queued transactions"        count=0
t=2023-06-02T16:09:00+0800 lvl=trce msg="Removed unpayable queued transactions"  count=0
t=2023-06-02T16:09:00+0800 lvl=trce msg="Promoted queued transactions"           count=1
t=2023-06-02T16:09:00+0800 lvl=trce msg="Discarding freshly underpriced transaction" hash=0xe7e3dcf470b6a9402480b08ef3a9da762e4f8192b026b06a002e7690cc63b09e gasTipCap=1  gasFeeCap=813
t=2023-06-02T16:09:00+0800 lvl=trce msg="Pooled new future transaction"          hash=0x775dd47b4a6c5ba7368d52adad37fa53a60c2aac1f32292adb30ad4674cdc0d8 from=0xb3c5AF0400e65e7743E06E6c8E4A85241489058a to=0x0000000000000000000000000000000000000000
t=2023-06-02T16:09:00+0800 lvl=trce msg="Removed old queued transactions"        count=0
t=2023-06-02T16:09:00+0800 lvl=trce msg="Pooled new future transaction"          hash=0x9fb4666a721bb36088bd24cf84aee7d01425d979a3808458876b0640e944eaff from=0xC9955F89D781c5d3B8551187e8A44954502aa7Cd to=0x0000000000000000000000000000000000000000
t=2023-06-02T16:09:00+0800 lvl=trce msg="Removed unpayable queued transactions"  count=0
t=2023-06-02T16:09:00+0800 lvl=trce msg="Pooled new future transaction"          hash=0xff5a0f1c90098fadebf8940bad1bc7ce0172bc4dbd0ab69ef232c1889bcd347f from=0x66e0851F1a162869024b4C9f6b1C4Fc5cb4832F1 to=0x0000000000000000000000000000000000000000
t=2023-06-02T16:09:00+0800 lvl=trce msg="Promoted queued transactions"           count=1
t=2023-06-02T16:09:00+0800 lvl=trce msg="Removed old queued transactions"        count=0
t=2023-06-02T16:09:00+0800 lvl=trce msg="Removed unpayable queued transactions"  count=0
t=2023-06-02T16:09:00+0800 lvl=trce msg="Promoted queued transactions"           count=0
t=2023-06-02T16:09:00+0800 lvl=trce msg="Pooled new future transaction"          hash=0x4021d415737d735bded8c2f429952fd64b876eca7e3fd4f2a04e20e8ab589415 from=0x7628e7c918DAaf4dfbF615023fDBcF72b8479bCe to=0x0000000000000000000000000000000000000000
t=2023-06-02T16:09:00+0800 lvl=trce msg="Removed old queued transactions"        count=0
t=2023-06-02T16:09:00+0800 lvl=trce msg="Removed unpayable queued transactions"  count=0
t=2023-06-02T16:09:00+0800 lvl=trce msg="Promoted queued transactions"           count=1
t=2023-06-02T16:09:00+0800 lvl=trce msg="Discarding freshly underpriced transaction" hash=0xc660f818ffbce0fae9a2d24be2654d92a22a9b0e4e37c413d1e020860b8e798c gasTipCap=1  gasFeeCap=814
t=2023-06-02T16:09:00+0800 lvl=trce msg="Pooled new future transaction"          hash=0xff67da391bb6729047931f944fbfbd9386112bd0d85f800611c6fc09b03ade16 from=0x7F028baaC783d1582D23A75d5DfF2899D144b27E to=0x0000000000000000000000000000000000000000
t=2023-06-02T16:09:00+0800 lvl=trce msg="Removed old queued transactions"        count=0
t=2023-06-02T16:09:00+0800 lvl=trce msg="Removed unpayable queued transactions"  count=0
t=2023-06-02T16:09:00+0800 lvl=trce msg="Promoted queued transactions"           count=1
t=2023-06-02T16:09:00+0800 lvl=trce msg="Pooled new future transaction"          hash=0x7c55f20e89023ed88a3aee1d59aeac30eeb8fa69d5d4ae46e1558c402d755a93 from=0x7628e7c918DAaf4dfbF615023fDBcF72b8479bCe to=0x0000000000000000000000000000000000000000
t=2023-06-02T16:09:00+0800 lvl=trce msg="Removed old queued transactions"        count=0
t=2023-06-02T16:09:00+0800 lvl=trce msg="Removed unpayable queued transactions"  count=0
t=2023-06-02T16:09:00+0800 lvl=trce msg="Promoted queued transactions"           count=0
t=2023-06-02T16:09:00+0800 lvl=trce msg="Pooled new future transaction"          hash=0x6f24ded1dd8a8254408080b83697927d7910068f610003d167d1a8cccad8a62d from=0x66e0851F1a162869024b4C9f6b1C4Fc5cb4832F1 to=0x0000000000000000000000000000000000000000
t=2023-06-02T16:09:00+0800 lvl=trce msg="Discarding freshly underpriced transaction" hash=0xd387c8129c59ad42a7a6c8143107021f55aa17e80d502d6a5c090af535c7c5e5 gasTipCap=1  gasFeeCap=815
t=2023-06-02T16:09:00+0800 lvl=trce msg="Removed old queued transactions"        count=0
t=2023-06-02T16:09:00+0800 lvl=trce msg="Removed unpayable queued transactions"  count=0
t=2023-06-02T16:09:00+0800 lvl=trce msg="Promoted queued transactions"           count=1
t=2023-06-02T16:09:00+0800 lvl=trce msg="Pooled new future transaction"          hash=0x73ac54965a1b6ac8d761472be619c2746014c72d6caba4c56f2612ae578fb015 from=0x87C25A88756Fe819973DD42Be1A33281c052331B to=0x0000000000000000000000000000000000000000
t=2023-06-02T16:09:00+0800 lvl=trce msg="Removed old queued transactions"        count=0
t=2023-06-02T16:09:00+0800 lvl=trce msg="Removed unpayable queued transactions"  count=0
t=2023-06-02T16:09:00+0800 lvl=trce msg="Promoted queued transactions"           count=1
t=2023-06-02T16:09:00+0800 lvl=trce msg="Pooled new future transaction"          hash=0x2ba7a618c821452da3619fc112ec2c8f591c64b840c72fc4169bf3623e80d039 from=0x66e0851F1a162869024b4C9f6b1C4Fc5cb4832F1 to=0x0000000000000000000000000000000000000000
t=2023-06-02T16:09:00+0800 lvl=trce msg="Removed old queued transactions"        count=0
t=2023-06-02T16:09:00+0800 lvl=trce msg="Removed unpayable queued transactions"  count=0
t=2023-06-02T16:09:00+0800 lvl=trce msg="Promoted queued transactions"           count=0
t=2023-06-02T16:09:00+0800 lvl=trce msg="Discarding freshly underpriced transaction" hash=0xf8cb232d69c5b823344ff96b206d68dfd9c34460d9700f8659fe585c461d7d08 gasTipCap=5  gasFeeCap=605
t=2023-06-02T16:09:00+0800 lvl=trce msg="Pooled new future transaction"          hash=0x6b38fadb254327f33518b1779d57f533686a5969297bfb7362392750a5bd2308 from=0x728D27c3297bA33c548BE087A812fA2B3C1374Aa to=0x0000000000000000000000000000000000000000
t=2023-06-02T16:09:00+0800 lvl=trce msg="Removed old queued transactions"        count=0
t=2023-06-02T16:09:00+0800 lvl=trce msg="Removed unpayable queued transactions"  count=0
t=2023-06-02T16:09:00+0800 lvl=trce msg="Promoted queued transactions"           count=1
t=2023-06-02T16:09:00+0800 lvl=trce msg="Pooled new future transaction"          hash=0x3eb18d20ab71200f90b05c6e4e2d726244c3efa23b50c8d2e335048c5d083ff1 from=0x7628e7c918DAaf4dfbF615023fDBcF72b8479bCe to=0x0000000000000000000000000000000000000000
t=2023-06-02T16:09:00+0800 lvl=trce msg="Removed old queued transactions"        count=0
t=2023-06-02T16:09:00+0800 lvl=trce msg="Removed unpayable queued transactions"  count=0
t=2023-06-02T16:09:00+0800 lvl=trce msg="Promoted queued transactions"           count=1
t=2023-06-02T16:09:00+0800 lvl=trce msg="Discarding freshly underpriced transaction" hash=0xdc0fc1c2c59b15fe9d5495affba7f393fe758279d4257d7784deeb6c83dbe845 gasTipCap=6  gasFeeCap=606
t=2023-06-02T16:09:00+0800 lvl=trce msg="Pooled new future transaction"          hash=0xd61fa6978d086e67f3e3c388878d3e02b222f80d394d594651849196da4d8472 from=0xCf3aB44675D460f6e305cBC5A7100d28a0AbAcef to=0x0000000000000000000000000000000000000000
t=2023-06-02T16:09:00+0800 lvl=trce msg="Removed old queued transactions"        count=0
t=2023-06-02T16:09:00+0800 lvl=trce msg="Removed unpayable queued transactions"  count=0
t=2023-06-02T16:09:00+0800 lvl=trce msg="Promoted queued transactions"           count=1
t=2023-06-02T16:09:00+0800 lvl=trce msg="Pooled new future transaction"          hash=0xe12ab979bcd2e7890cb9fa955fac5a00b6c7fea4bcb3e2bbb4dbe4965e2c1265 from=0x7628e7c918DAaf4dfbF615023fDBcF72b8479bCe to=0x0000000000000000000000000000000000000000
t=2023-06-02T16:09:00+0800 lvl=trce msg="Removed old queued transactions"        count=0
t=2023-06-02T16:09:00+0800 lvl=trce msg="Removed unpayable queued transactions"  count=0
t=2023-06-02T16:09:00+0800 lvl=trce msg="Promoted queued transactions"           count=0
t=2023-06-02T16:09:00+0800 lvl=trce msg="Pooled new future transaction"          hash=0xe11577f9d9a8a8ebedfe1c9bcdf5b9480eef32cc00202f437598d57eca07db58 from=0x66e0851F1a162869024b4C9f6b1C4Fc5cb4832F1 to=0x0000000000000000000000000000000000000000
t=2023-06-02T16:09:00+0800 lvl=trce msg="Discarding freshly underpriced transaction" hash=0xde02d72cbd1ae3e13606a9d857794bf5961b28caf3f832ba85c692cce930066d gasTipCap=7  gasFeeCap=607
t=2023-06-02T16:09:00+0800 lvl=trce msg="Pooled new future transaction"          hash=0x0a0fddb7b47b33e9e1bdec5717a04665656aa3d5376d5d3ee1b2ade64e20700c from=0x8Ef4369C86d7d53C187CfcE06A96725571c0517a to=0x0000000000000000000000000000000000000000
t=2023-06-02T16:09:00+0800 lvl=trce msg="Removed old queued transactions"        count=0
t=2023-06-02T16:09:00+0800 lvl=trce msg="Removed unpayable queued transactions"  count=0
t=2023-06-02T16:09:00+0800 lvl=trce msg="Removed old queued transactions"        count=0
t=2023-06-02T16:09:00+0800 lvl=trce msg="Removed unpayable queued transactions"  count=0
t=2023-06-02T16:09:00+0800 lvl=trce msg="Promoted queued transactions"           count=1
t=2023-06-02T16:09:00+0800 lvl=trce msg="Promoted queued transactions"           count=1
t=2023-06-02T16:09:00+0800 lvl=trce msg="Pooled new future transaction"          hash=0x37c376e462d652be1e927b528f61ed74d8c21e48621afed89e3ea7b22d793572 from=0xf6c3E1476365CfCAeE1CB29D371032054D8D4DA3 to=0x0000000000000000000000000000000000000000
t=2023-06-02T16:09:00+0800 lvl=trce msg="Removed old queued transactions"        count=0
t=2023-06-02T16:09:00+0800 lvl=trce msg="Removed unpayable queued transactions"  count=0
t=2023-06-02T16:09:00+0800 lvl=trce msg="Promoted queued transactions"           count=1
t=2023-06-02T16:09:00+0800 lvl=trce msg="Pooled new future transaction"          hash=0xee48ef4d87dc53f122cff7f29723702576d4b25fc5ce84684dfda026064ffd82 from=0x66e0851F1a162869024b4C9f6b1C4Fc5cb4832F1 to=0x0000000000000000000000000000000000000000
t=2023-06-02T16:09:00+0800 lvl=trce msg="Removed old queued transactions"        count=0
t=2023-06-02T16:09:00+0800 lvl=trce msg="Removed unpayable queued transactions"  count=0
t=2023-06-02T16:09:00+0800 lvl=trce msg="Promoted queued transactions"           count=0
t=2023-06-02T16:09:00+0800 lvl=trce msg="Discarding freshly underpriced transaction" hash=0xc1e93a6f7fa0efab2738252b05de99b4b195a5cfb3f49a1a9622e14a4c5852e9 gasTipCap=8  gasFeeCap=608
t=2023-06-02T16:09:00+0800 lvl=trce msg="Pooled new future transaction"          hash=0x82258e00dcd7c1c90456f96dfa5f2cfb5445161ad74cf14e130da267ef4e41f2 from=0x0FfDDAB3705590F74725ffc325f12c53F3EbD2dE to=0x0000000000000000000000000000000000000000
t=2023-06-02T16:09:00+0800 lvl=trce msg="Pooled new future transaction"          hash=0xc2bb8cb9ac791720a0bbbfca820842198c1ebf52eb27797cb1241322ea7f7647 from=0x7628e7c918DAaf4dfbF615023fDBcF72b8479bCe to=0x0000000000000000000000000000000000000000
t=2023-06-02T16:09:00+0800 lvl=trce msg="Removed old queued transactions"        count=0
t=2023-06-02T16:09:00+0800 lvl=trce msg="Removed unpayable queued transactions"  count=0
t=2023-06-02T16:09:00+0800 lvl=trce msg="Promoted queued transactions"           count=1
t=2023-06-02T16:09:00+0800 lvl=info msg="Transaction pool stopped"
--- PASS: TestTransactionPoolUnderpricing (0.16s)
t=2023-06-02T16:09:00+0800 lvl=trce msg="Removed old queued transactions"        count=0
t=2023-06-02T16:09:00+0800 lvl=trce msg="Removed unpayable queued transactions"  count=0
t=2023-06-02T16:09:00+0800 lvl=trce msg="Promoted queued transactions"           count=1
t=2023-06-02T16:09:00+0800 lvl=trce msg="Pooled new future transaction"          hash=0x2da940a73508cdfc06db474d350fe8567f61c7ce2fd712d70b9c1e9056d16e1a from=0x7628e7c918DAaf4dfbF615023fDBcF72b8479bCe to=0x0000000000000000000000000000000000000000
t=2023-06-02T16:09:00+0800 lvl=trce msg="Removed old queued transactions"        count=0
t=2023-06-02T16:09:00+0800 lvl=trce msg="Removed unpayable queued transactions"  count=0
t=2023-06-02T16:09:00+0800 lvl=trce msg="Promoted queued transactions"           count=0
t=2023-06-02T16:09:00+0800 lvl=trce msg="Discarding freshly underpriced transaction" hash=0x3fc0331b03168d957c1889ccb50b39b840849a8011a5a9014a9047faada3ea0a gasTipCap=9  gasFeeCap=609
t=2023-06-02T16:09:00+0800 lvl=trce msg="Pooled new future transaction"          hash=0xfa68490b7e6e7ea40b78f2f2da4a5f9559f0733e76081d9377bd2d2ef552538d from=0xcAF53fdA6998133b267B3c810EaA4af583BaBdBd to=0x0000000000000000000000000000000000000000
t=2023-06-02T16:09:00+0800 lvl=info msg="Transaction pool stopped"
--- PASS: TestTransactionReplacement (0.16s)
t=2023-06-02T16:09:00+0800 lvl=trce msg="Pooled new future transaction"          hash=0x9ecd9844e6a7a822c6ee4ac6b766a606b7bc1bef8fd6684dbaeb4c9602df0c9b from=0x66e0851F1a162869024b4C9f6b1C4Fc5cb4832F1 to=0x0000000000000000000000000000000000000000
t=2023-06-02T16:09:00+0800 lvl=trce msg="Removed old queued transactions"        count=0
t=2023-06-02T16:09:00+0800 lvl=trce msg="Removed unpayable queued transactions"  count=0
t=2023-06-02T16:09:00+0800 lvl=trce msg="Promoted queued transactions"           count=1
t=2023-06-02T16:09:00+0800 lvl=trce msg="Removed old queued transactions"        count=0
t=2023-06-02T16:09:00+0800 lvl=trce msg="Removed unpayable queued transactions"  count=0
t=2023-06-02T16:09:00+0800 lvl=trce msg="Promoted queued transactions"           count=1
t=2023-06-02T16:09:00+0800 lvl=trce msg="Pooled new future transaction"          hash=0x79fbceb49a8ec62c57d5f512033b97a95bff68686d1e256e31f8f1aa51e18b57 from=0xbC61b861F111563C4088756243F5D02225dFa088 to=0x0000000000000000000000000000000000000000
t=2023-06-02T16:09:00+0800 lvl=trce msg="Removed old queued transactions"        count=0
t=2023-06-02T16:09:00+0800 lvl=trce msg="Removed unpayable queued transactions"  count=0
t=2023-06-02T16:09:00+0800 lvl=trce msg="Promoted queued transactions"           count=1
t=2023-06-02T16:09:00+0800 lvl=trce msg="Pooled new future transaction"          hash=0xdf79b63161065aba2eaf830debc78444361535be1eac9457abacc1ce0584ce6c from=0x66e0851F1a162869024b4C9f6b1C4Fc5cb4832F1 to=0x0000000000000000000000000000000000000000
t=2023-06-02T16:09:00+0800 lvl=trce msg="Removed old queued transactions"        count=0
t=2023-06-02T16:09:00+0800 lvl=trce msg="Removed unpayable queued transactions"  count=0
t=2023-06-02T16:09:00+0800 lvl=trce msg="Promoted queued transactions"           count=0
t=2023-06-02T16:09:00+0800 lvl=trce msg="Discarding freshly underpriced transaction" hash=0x368b216ecc24c1e3ada741cca5cb2b66ea3ccf9f13f1635e1abfe60a1ae57e66 gasTipCap=10 gasFeeCap=610
t=2023-06-02T16:09:00+0800 lvl=trce msg="Pooled new future transaction"          hash=0xf56d5ae271b571a468e27e15b868135dae1d96d61aca53707f1b8719eba48c89 from=0x071334d0e0737A591d269d10557D436e5C4010f6 to=0x0000000000000000000000000000000000000000
t=2023-06-02T16:09:00+0800 lvl=trce msg="Removed old queued transactions"        count=0
t=2023-06-02T16:09:00+0800 lvl=trce msg="Removed unpayable queued transactions"  count=0
t=2023-06-02T16:09:00+0800 lvl=trce msg="Promoted queued transactions"           count=1
t=2023-06-02T16:09:00+0800 lvl=trce msg="Pooled new future transaction"          hash=0x140ad0308cc02eb28784fcefadb1d60a0760ad79bba09d4825a0690f716cae5d from=0x7628e7c918DAaf4dfbF615023fDBcF72b8479bCe to=0x0000000000000000000000000000000000000000
t=2023-06-02T16:09:00+0800 lvl=trce msg="Removed old queued transactions"        count=0
t=2023-06-02T16:09:00+0800 lvl=trce msg="Removed unpayable queued transactions"  count=0
t=2023-06-02T16:09:00+0800 lvl=trce msg="Promoted queued transactions"           count=1
t=2023-06-02T16:09:00+0800 lvl=trce msg="Discarding freshly underpriced transaction" hash=0xf8e975d8f36d5f7db61c946aeb5557022c912281d0cfb55fc10abdcb4db6fbfa gasTipCap=11 gasFeeCap=611
t=2023-06-02T16:09:00+0800 lvl=trce msg="Pooled new future transaction"          hash=0xd173abbf77702c45267f9b8474bcdc37b7bd193f3f7faf98f1d7081459e19e70 from=0x3aF6E151463c88CF99368e875C94568CF7C70C1f to=0x0000000000000000000000000000000000000000
t=2023-06-02T16:09:00+0800 lvl=trce msg="Pooled new future transaction"          hash=0x20b71d4e7e945856f3b80f033fd6f2c244f3d4acf32e2f731265cdd99b4c3ff3 from=0x7628e7c918DAaf4dfbF615023fDBcF72b8479bCe to=0x0000000000000000000000000000000000000000
t=2023-06-02T16:09:00+0800 lvl=trce msg="Removed old queued transactions"        count=0
t=2023-06-02T16:09:00+0800 lvl=trce msg="Removed unpayable queued transactions"  count=0
t=2023-06-02T16:09:00+0800 lvl=trce msg="Promoted queued transactions"           count=0
t=2023-06-02T16:09:00+0800 lvl=trce msg="Removed old queued transactions"        count=0
t=2023-06-02T16:09:00+0800 lvl=trce msg="Removed unpayable queued transactions"  count=0
t=2023-06-02T16:09:00+0800 lvl=trce msg="Promoted queued transactions"           count=1
t=2023-06-02T16:09:00+0800 lvl=trce msg="Pooled new future transaction"          hash=0x75027351317b54d6b579f9497a76e991d3e0551cb9e4ce029a35bc10cfe0d440 from=0x66e0851F1a162869024b4C9f6b1C4Fc5cb4832F1 to=0x0000000000000000000000000000000000000000
t=2023-06-02T16:09:00+0800 lvl=trce msg="Removed old queued transactions"        count=0
t=2023-06-02T16:09:00+0800 lvl=trce msg="Removed unpayable queued transactions"  count=0
t=2023-06-02T16:09:00+0800 lvl=trce msg="Promoted queued transactions"           count=1
t=2023-06-02T16:09:00+0800 lvl=info msg="Transaction pool stopped"
--- PASS: TestTransactionPoolUnderpricingDynamicFee (0.16s)
t=2023-06-02T16:09:00+0800 lvl=trce msg="Discarding freshly underpriced transaction" hash=0xa02e761569014538cdde7f63534d5c7ef74765941f755d37da6d28e4e63debb5 gasTipCap=12 gasFeeCap=612
t=2023-06-02T16:09:00+0800 lvl=trce msg="Pooled new future transaction"          hash=0x0c05aa71e38ca74763d206ef66e7118fe0a2eca97b1e139496e79bd2d75839c0 from=0xA668e5e3617e98fAF360cEfB5a567d39bBc47202 to=0x0000000000000000000000000000000000000000
t=2023-06-02T16:09:00+0800 lvl=trce msg="Removed old queued transactions"        count=0
t=2023-06-02T16:09:00+0800 lvl=trce msg="Pooled new future transaction"          hash=0x236acadcbe1e0b7d4c4cef97c1235afcda00131b91b82a3c2c06f23f38c397fc from=0x66e0851F1a162869024b4C9f6b1C4Fc5cb4832F1 to=0x0000000000000000000000000000000000000000
t=2023-06-02T16:09:00+0800 lvl=trce msg="Removed old queued transactions"        count=0
t=2023-06-02T16:09:00+0800 lvl=trce msg="Removed unpayable queued transactions"  count=0
t=2023-06-02T16:09:00+0800 lvl=trce msg="Promoted queued transactions"           count=0
t=2023-06-02T16:09:00+0800 lvl=trce msg="Removed unpayable queued transactions"  count=0
t=2023-06-02T16:09:00+0800 lvl=trce msg="Promoted queued transactions"           count=1
t=2023-06-02T16:09:00+0800 lvl=trce msg="Pooled new future transaction"          hash=0x2960502e0d91c4181ce4242b202e4dbe86ce57aad26b65ed8ccc99852f16ff81 from=0x7628e7c918DAaf4dfbF615023fDBcF72b8479bCe to=0x0000000000000000000000000000000000000000
t=2023-06-02T16:09:00+0800 lvl=trce msg="Removed old queued transactions"        count=0
t=2023-06-02T16:09:00+0800 lvl=trce msg="Removed unpayable queued transactions"  count=0
t=2023-06-02T16:09:00+0800 lvl=trce msg="Promoted queued transactions"           count=1
t=2023-06-02T16:09:00+0800 lvl=trce msg="Discarding freshly underpriced transaction" hash=0x98a1be8c639b110eee9e30494f38dd3bf8f89ea17436c48d50725198067cae98 gasTipCap=13 gasFeeCap=613
t=2023-06-02T16:09:00+0800 lvl=trce msg="Pooled new future transaction"          hash=0xbbd60f206daba11fc8a4c2ca55c164029b65d57c20b1874fae3af84a3ea4abef from=0x283E5DF7619Fc0DCe8173931acb39e41015F32A2 to=0x0000000000000000000000000000000000000000
t=2023-06-02T16:09:00+0800 lvl=trce msg="Removed old queued transactions"        count=0
t=2023-06-02T16:09:00+0800 lvl=trce msg="Removed unpayable queued transactions"  count=0
t=2023-06-02T16:09:00+0800 lvl=trce msg="Pooled new future transaction"          hash=0x28b87ba691d93b4f307ef5f1297636455ef4f2c5dc646629dae5e8aea69e3899 from=0x7628e7c918DAaf4dfbF615023fDBcF72b8479bCe to=0x0000000000000000000000000000000000000000
t=2023-06-02T16:09:00+0800 lvl=trce msg="Removed old queued transactions"        count=0
t=2023-06-02T16:09:00+0800 lvl=trce msg="Removed unpayable queued transactions"  count=0
t=2023-06-02T16:09:00+0800 lvl=trce msg="Promoted queued transactions"           count=0
t=2023-06-02T16:09:00+0800 lvl=trce msg="Promoted queued transactions"           count=1
t=2023-06-02T16:09:00+0800 lvl=trce msg="Pooled new future transaction"          hash=0x5b7aebd8a625602c19d69c80dc6d909e1d6136ca950e81dcd5c42eccaf95ed48 from=0x66e0851F1a162869024b4C9f6b1C4Fc5cb4832F1 to=0x0000000000000000000000000000000000000000
t=2023-06-02T16:09:00+0800 lvl=trce msg="Removed old queued transactions"        count=0
t=2023-06-02T16:09:00+0800 lvl=trce msg="Removed unpayable queued transactions"  count=0
t=2023-06-02T16:09:00+0800 lvl=trce msg="Promoted queued transactions"           count=1
t=2023-06-02T16:09:00+0800 lvl=trce msg="Discarding freshly underpriced transaction" hash=0x94b42df44033547e29b173ec4c66bdb6ade2f5f36c9dddee8f12f4a23707c22b gasTipCap=14 gasFeeCap=614
t=2023-06-02T16:09:00+0800 lvl=trce msg="Pooled new future transaction"          hash=0x79b1dd2e60d53e88146bc0f13ba0276b21a09e06f060d1befca1e8ed5770f9ee from=0xE72dD8C1E7DD60dEA45373B577C22FB36b3A692F to=0x0000000000000000000000000000000000000000
t=2023-06-02T16:09:00+0800 lvl=trce msg="Removed old queued transactions"        count=0
t=2023-06-02T16:09:00+0800 lvl=trce msg="Removed unpayable queued transactions"  count=0
t=2023-06-02T16:09:00+0800 lvl=trce msg="Promoted queued transactions"           count=1
t=2023-06-02T16:09:00+0800 lvl=trce msg="Pooled new future transaction"          hash=0xb95247072a75410ae06864c1674bdeb288dbc8193d03954e7cf3debd64329281 from=0x66e0851F1a162869024b4C9f6b1C4Fc5cb4832F1 to=0x0000000000000000000000000000000000000000
t=2023-06-02T16:09:00+0800 lvl=trce msg="Removed old queued transactions"        count=0
t=2023-06-02T16:09:00+0800 lvl=trce msg="Removed unpayable queued transactions"  count=0
t=2023-06-02T16:09:00+0800 lvl=trce msg="Promoted queued transactions"           count=0
t=2023-06-02T16:09:00+0800 lvl=trce msg="Discarding freshly underpriced transaction" hash=0x9cdcdfafac1ac65b0b27e2c86bd331cb6674ad111d364cfc03777020ea48de3f gasTipCap=15 gasFeeCap=615
t=2023-06-02T16:09:00+0800 lvl=trce msg="Pooled new future transaction"          hash=0xea03098d8012ff0bbc77acd3ec30dd221ccdd443d244578ae86b303690ae880b from=0x7628e7c918DAaf4dfbF615023fDBcF72b8479bCe to=0x0000000000000000000000000000000000000000
t=2023-06-02T16:09:00+0800 lvl=trce msg="Pooled new future transaction"          hash=0xbc4c48c7f9e650e1b897b9f72c303af1f4d22e3cececac777992c7214668b2a1 from=0x3ab2990b13F695b51B43f4EDb6a021Da74138f45 to=0x0000000000000000000000000000000000000000
t=2023-06-02T16:09:00+0800 lvl=trce msg="Removed old queued transactions"        count=0
t=2023-06-02T16:09:00+0800 lvl=trce msg="Removed old queued transactions"        count=0
t=2023-06-02T16:09:00+0800 lvl=trce msg="Removed unpayable queued transactions"  count=0
t=2023-06-02T16:09:00+0800 lvl=trce msg="Promoted queued transactions"           count=1
t=2023-06-02T16:09:00+0800 lvl=trce msg="Removed unpayable queued transactions"  count=0
t=2023-06-02T16:09:00+0800 lvl=trce msg="Promoted queued transactions"           count=1
t=2023-06-02T16:09:00+0800 lvl=trce msg="Pooled new future transaction"          hash=0x5100d4e163271c1e7d52d1a35f459313626654715d73ba435eb1032925bfe87a from=0x7628e7c918DAaf4dfbF615023fDBcF72b8479bCe to=0x0000000000000000000000000000000000000000
t=2023-06-02T16:09:00+0800 lvl=trce msg="Removed old queued transactions"        count=0
t=2023-06-02T16:09:00+0800 lvl=trce msg="Removed unpayable queued transactions"  count=0
t=2023-06-02T16:09:00+0800 lvl=trce msg="Promoted queued transactions"           count=0
t=2023-06-02T16:09:00+0800 lvl=trce msg="Discarding freshly underpriced transaction" hash=0x38d359d7a509f84d7e248f397582c1c4e2e3cc442a446dc8221ee7008eab8c16 gasTipCap=16 gasFeeCap=616
t=2023-06-02T16:09:00+0800 lvl=trce msg="Pooled new future transaction"          hash=0xa4991a5ff67ab002bcacd16a61c66858920206ff682ecb0885f40d2291a91133 from=0x7958C00b62a0F41990253C9D7078CA5b3e151E9d to=0x0000000000000000000000000000000000000000
t=2023-06-02T16:09:00+0800 lvl=trce msg="Removed old queued transactions"        count=0
t=2023-06-02T16:09:00+0800 lvl=trce msg="Removed unpayable queued transactions"  count=0
t=2023-06-02T16:09:00+0800 lvl=trce msg="Promoted queued transactions"           count=1
t=2023-06-02T16:09:00+0800 lvl=trce msg="Pooled new future transaction"          hash=0xac7586a1235fdae6fd5e70f36e873b21b563052127bfe3c193c5aae9b9bd6a6e from=0x66e0851F1a162869024b4C9f6b1C4Fc5cb4832F1 to=0x0000000000000000000000000000000000000000
t=2023-06-02T16:09:00+0800 lvl=trce msg="Removed old queued transactions"        count=0
t=2023-06-02T16:09:00+0800 lvl=trce msg="Removed unpayable queued transactions"  count=0
t=2023-06-02T16:09:00+0800 lvl=trce msg="Promoted queued transactions"           count=1
t=2023-06-02T16:09:00+0800 lvl=trce msg="Discarding freshly underpriced transaction" hash=0x9c00c3b31445197aaf79b8c210dc3516f1dbeec4486036de6443123073322f59 gasTipCap=17 gasFeeCap=617
t=2023-06-02T16:09:00+0800 lvl=trce msg="Pooled new future transaction"          hash=0x4aafe459d89568e41e75a0ea06b12351ecab644d40a6a97f475f71fa1dc67ccc from=0x2E5CB58329131f2815276a8e792e01e7793F6D94 to=0x0000000000000000000000000000000000000000
t=2023-06-02T16:09:00+0800 lvl=trce msg="Removed old queued transactions"        count=0
t=2023-06-02T16:09:00+0800 lvl=trce msg="Removed unpayable queued transactions"  count=0
t=2023-06-02T16:09:00+0800 lvl=trce msg="Promoted queued transactions"           count=1
t=2023-06-02T16:09:00+0800 lvl=trce msg="Pooled new future transaction"          hash=0xce5d7e25fd08f63770ea449d27cd3f0bff1f8dcc4f9e8b807c447a49ed8af201 from=0x66e0851F1a162869024b4C9f6b1C4Fc5cb4832F1 to=0x0000000000000000000000000000000000000000
t=2023-06-02T16:09:00+0800 lvl=trce msg="Removed old queued transactions"        count=0
t=2023-06-02T16:09:00+0800 lvl=trce msg="Removed unpayable queued transactions"  count=0
t=2023-06-02T16:09:00+0800 lvl=trce msg="Promoted queued transactions"           count=0
t=2023-06-02T16:09:00+0800 lvl=trce msg="Discarding freshly underpriced transaction" hash=0x1249d1890dce4c5b4172b5b0ef6553594ae13d8a968c18de1e0ba367719fffde gasTipCap=18 gasFeeCap=618
t=2023-06-02T16:09:00+0800 lvl=trce msg="Pooled new future transaction"          hash=0xcbe92d6f0cd30cf6eddd3b3eb8b7814a27cd21043d0a16889f0683f66cc7fcbd from=0x4F2BDb858fA4eFb903e4308e43D51A4eE1E5Ba74 to=0x0000000000000000000000000000000000000000
t=2023-06-02T16:09:00+0800 lvl=trce msg="Pooled new future transaction"          hash=0x2e693edf66ed271aa73f6c7da6f2e76c52473162d318b6742fc1a50f483dff45 from=0x7628e7c918DAaf4dfbF615023fDBcF72b8479bCe to=0x0000000000000000000000000000000000000000
t=2023-06-02T16:09:00+0800 lvl=trce msg="Removed old queued transactions"        count=0
t=2023-06-02T16:09:00+0800 lvl=trce msg="Removed unpayable queued transactions"  count=0
t=2023-06-02T16:09:00+0800 lvl=trce msg="Promoted queued transactions"           count=1
t=2023-06-02T16:09:00+0800 lvl=trce msg="Removed old queued transactions"        count=0
t=2023-06-02T16:09:00+0800 lvl=trce msg="Removed unpayable queued transactions"  count=0
t=2023-06-02T16:09:00+0800 lvl=trce msg="Promoted queued transactions"           count=1
t=2023-06-02T16:09:00+0800 lvl=trce msg="Pooled new future transaction"          hash=0x481077d1e624ac3f530ffb45f3a600e2bb971911b05d124baf83d3049e18d116 from=0x7628e7c918DAaf4dfbF615023fDBcF72b8479bCe to=0x0000000000000000000000000000000000000000
t=2023-06-02T16:09:00+0800 lvl=trce msg="Discarding freshly underpriced transaction" hash=0xd18f9513eb2d8f638046b7477cba16f261c9ddcde6017bcf73156a6562ec53d3 gasTipCap=19 gasFeeCap=619
t=2023-06-02T16:09:00+0800 lvl=trce msg="Removed old queued transactions"        count=0
t=2023-06-02T16:09:00+0800 lvl=trce msg="Removed unpayable queued transactions"  count=0
t=2023-06-02T16:09:00+0800 lvl=trce msg="Promoted queued transactions"           count=0
t=2023-06-02T16:09:00+0800 lvl=trce msg="Pooled new future transaction"          hash=0xcc96356fc4663c080f61e80e62546184b51a32c75eef21cf71027a823009e6a1 from=0x5692067769FBAF991D34b36ccbB2B5a828a90Eed to=0x0000000000000000000000000000000000000000
t=2023-06-02T16:09:00+0800 lvl=trce msg="Removed old queued transactions"        count=0
t=2023-06-02T16:09:00+0800 lvl=trce msg="Removed unpayable queued transactions"  count=0
t=2023-06-02T16:09:00+0800 lvl=trce msg="Promoted queued transactions"           count=1
t=2023-06-02T16:09:00+0800 lvl=info msg="Transaction pool stopped"
--- PASS: TestTransactionGapFilling (0.10s)
t=2023-06-02T16:09:00+0800 lvl=trce msg="Pooled new future transaction"          hash=0xa1c1e84bdae60ce75a2f7682015033c20b1896d1456ea540008dd988dcdd2d52 from=0x66e0851F1a162869024b4C9f6b1C4Fc5cb4832F1 to=0x0000000000000000000000000000000000000000
t=2023-06-02T16:09:00+0800 lvl=trce msg="Removed old queued transactions"        count=0
t=2023-06-02T16:09:00+0800 lvl=trce msg="Removed unpayable queued transactions"  count=0
t=2023-06-02T16:09:00+0800 lvl=trce msg="Promoted queued transactions"           count=1
t=2023-06-02T16:09:00+0800 lvl=trce msg="Discarding freshly underpriced transaction" hash=0x846690cece77697d74525641f2bda59eec17e497727054056104a0cf7621dec4 gasTipCap=20 gasFeeCap=620
t=2023-06-02T16:09:00+0800 lvl=trce msg="Pooled new future transaction"          hash=0x343b102cc23e0404b52baaa5beaabcf4ef68b76c18b409f1f3a4b45ffb4c752a from=0x9bc6a25D0D88dF9059ee038301Dc29Ad4C7fF834 to=0x0000000000000000000000000000000000000000
t=2023-06-02T16:09:00+0800 lvl=trce msg="Pooled new future transaction"          hash=0xc12e439c9c7c19d1b1f395282107fc3f57ad6ac3a940ae5b34ee0f2e543c3a84 from=0x66e0851F1a162869024b4C9f6b1C4Fc5cb4832F1 to=0x0000000000000000000000000000000000000000
t=2023-06-02T16:09:00+0800 lvl=trce msg="Removed old queued transactions"        count=0
t=2023-06-02T16:09:00+0800 lvl=trce msg="Removed unpayable queued transactions"  count=0
t=2023-06-02T16:09:00+0800 lvl=trce msg="Promoted queued transactions"           count=0
t=2023-06-02T16:09:00+0800 lvl=trce msg="Removed old queued transactions"        count=0
t=2023-06-02T16:09:00+0800 lvl=trce msg="Removed unpayable queued transactions"  count=0
t=2023-06-02T16:09:00+0800 lvl=trce msg="Promoted queued transactions"           count=1
t=2023-06-02T16:09:00+0800 lvl=trce msg="Pooled new future transaction"          hash=0x69439571d2ebe841ed4d9a8bea0a00bcb907ae617998c0ea01a4ec9d9844329e from=0x7628e7c918DAaf4dfbF615023fDBcF72b8479bCe to=0x0000000000000000000000000000000000000000
t=2023-06-02T16:09:00+0800 lvl=trce msg="Removed old queued transactions"        count=0
t=2023-06-02T16:09:00+0800 lvl=trce msg="Removed unpayable queued transactions"  count=0
t=2023-06-02T16:09:00+0800 lvl=trce msg="Promoted queued transactions"           count=1
t=2023-06-02T16:09:00+0800 lvl=trce msg="Discarding freshly underpriced transaction" hash=0x6b38fadb254327f33518b1779d57f533686a5969297bfb7362392750a5bd2308 gasTipCap=1  gasFeeCap=701
t=2023-06-02T16:09:00+0800 lvl=trce msg="Pooled new future transaction"          hash=0xb91f631beb5922c676c700099dd0d99e2c7ed295f66b60cadcbb995f3afaf773 from=0x0cf0E6fBAb1b1F7491875584352e0B3D34477EFe to=0x0000000000000000000000000000000000000000
t=2023-06-02T16:09:00+0800 lvl=trce msg="Removed old queued transactions"        count=0
t=2023-06-02T16:09:00+0800 lvl=trce msg="Pooled new future transaction"          hash=0xe03b2a4e48615e5fe365ec799db61081a4a16aa4e6fd96db42cdfcdaaf3b6ff9 from=0x7628e7c918DAaf4dfbF615023fDBcF72b8479bCe to=0x0000000000000000000000000000000000000000
t=2023-06-02T16:09:00+0800 lvl=trce msg="Removed unpayable queued transactions"  count=0
t=2023-06-02T16:09:00+0800 lvl=trce msg="Promoted queued transactions"           count=1
t=2023-06-02T16:09:00+0800 lvl=trce msg="Removed old queued transactions"        count=0
t=2023-06-02T16:09:00+0800 lvl=trce msg="Removed unpayable queued transactions"  count=0
t=2023-06-02T16:09:00+0800 lvl=trce msg="Promoted queued transactions"           count=0
t=2023-06-02T16:09:00+0800 lvl=trce msg="Pooled new future transaction"          hash=0x1cb63ccc1bfd7a246f0bc547c86484d1e26100a9499b3d98f1cd78a1bd8e7b28 from=0x66e0851F1a162869024b4C9f6b1C4Fc5cb4832F1 to=0x0000000000000000000000000000000000000000
t=2023-06-02T16:09:00+0800 lvl=trce msg="Removed old queued transactions"        count=0
t=2023-06-02T16:09:00+0800 lvl=trce msg="Removed unpayable queued transactions"  count=0
t=2023-06-02T16:09:00+0800 lvl=trce msg="Promoted queued transactions"           count=1
t=2023-06-02T16:09:00+0800 lvl=trce msg="Discarding freshly underpriced transaction" hash=0x63745d2085c5600928addf3a9d10df71983c45f24438bb497f6025f821e35501 gasTipCap=1  gasFeeCap=816
t=2023-06-02T16:09:00+0800 lvl=trce msg="Pooled new future transaction"          hash=0x188376263c3999d9fbfcf82d577ba450c19fc18195d8c86186754c15b4e13789 from=0x1C4E0CA2716c2858a2d7061851DEE3AD0929a6A5 to=0x0000000000000000000000000000000000000000
t=2023-06-02T16:09:00+0800 lvl=trce msg="Removed old queued transactions"        count=0
t=2023-06-02T16:09:00+0800 lvl=trce msg="Removed unpayable queued transactions"  count=0
t=2023-06-02T16:09:00+0800 lvl=trce msg="Promoted queued transactions"           count=1
t=2023-06-02T16:09:00+0800 lvl=trce msg="Pooled new future transaction"          hash=0xe6a2637ef7982381b9241de07a08fc21b9d16b988185d4f6e650febb9d6d5206 from=0x66e0851F1a162869024b4C9f6b1C4Fc5cb4832F1 to=0x0000000000000000000000000000000000000000
t=2023-06-02T16:09:00+0800 lvl=trce msg="Removed old queued transactions"        count=0
t=2023-06-02T16:09:00+0800 lvl=trce msg="Removed unpayable queued transactions"  count=0
t=2023-06-02T16:09:00+0800 lvl=trce msg="Promoted queued transactions"           count=0
t=2023-06-02T16:09:00+0800 lvl=trce msg="Pooled new future transaction"          hash=0x18ff35a6148fce8511315bb3317efb5f90e34a8a35dbadcc65567f1a83366acf from=0x7628e7c918DAaf4dfbF615023fDBcF72b8479bCe to=0x0000000000000000000000000000000000000000
t=2023-06-02T16:09:00+0800 lvl=trce msg="Discarding freshly underpriced transaction" hash=0xd61fa6978d086e67f3e3c388878d3e02b222f80d394d594651849196da4d8472 gasTipCap=2  gasFeeCap=702
t=2023-06-02T16:09:00+0800 lvl=trce msg="Pooled new future transaction"          hash=0xecdfeef565094bd07c30ba6d9c9bd386af606eb9068f563b2482bc4178a08cf2 from=0x3C6D5eD6d2ca3747e3E984129859C0926E250430 to=0x0000000000000000000000000000000000000000
t=2023-06-02T16:09:00+0800 lvl=trce msg="Removed old queued transactions"        count=0
t=2023-06-02T16:09:00+0800 lvl=trce msg="Removed old queued transactions"        count=0
t=2023-06-02T16:09:00+0800 lvl=trce msg="Removed unpayable queued transactions"  count=0
t=2023-06-02T16:09:00+0800 lvl=trce msg="Promoted queued transactions"           count=1
t=2023-06-02T16:09:00+0800 lvl=trce msg="Removed unpayable queued transactions"  count=0
t=2023-06-02T16:09:00+0800 lvl=trce msg="Promoted queued transactions"           count=1
t=2023-06-02T16:09:00+0800 lvl=trce msg="Discarding freshly underpriced transaction" hash=0x0a0fddb7b47b33e9e1bdec5717a04665656aa3d5376d5d3ee1b2ade64e20700c gasTipCap=3  gasFeeCap=703
t=2023-06-02T16:09:00+0800 lvl=trce msg="Pooled new future transaction"          hash=0x5891a01858a3bb45f9f9ebbf420a626ba494dfaeb64776fe84d90ad9ef75e6e4 from=0x14eaA4eD618e74Bb645Fd010574adb681742c509 to=0x0000000000000000000000000000000000000000
t=2023-06-02T16:09:00+0800 lvl=trce msg="Removed old queued transactions"        count=0
t=2023-06-02T16:09:00+0800 lvl=trce msg="Removed unpayable queued transactions"  count=0
t=2023-06-02T16:09:00+0800 lvl=trce msg="Promoted queued transactions"           count=1
t=2023-06-02T16:09:00+0800 lvl=trce msg="Pooled new future transaction"          hash=0xc3978b87549fff100b6952cd48d3f2860a55eddc7f57505a818d018ddbfa970d from=0x7628e7c918DAaf4dfbF615023fDBcF72b8479bCe to=0x0000000000000000000000000000000000000000
t=2023-06-02T16:09:00+0800 lvl=trce msg="Removed old queued transactions"        count=0
t=2023-06-02T16:09:00+0800 lvl=trce msg="Removed unpayable queued transactions"  count=0
t=2023-06-02T16:09:00+0800 lvl=trce msg="Promoted queued transactions"           count=0
t=2023-06-02T16:09:00+0800 lvl=trce msg="Pooled new future transaction"          hash=0xc7cc3666dbcbccac3daf2b519378586fc454e72b829b3d8e0a4cbfce923db472 from=0x66e0851F1a162869024b4C9f6b1C4Fc5cb4832F1 to=0x0000000000000000000000000000000000000000
t=2023-06-02T16:09:00+0800 lvl=trce msg="Removed old queued transactions"        count=0
t=2023-06-02T16:09:00+0800 lvl=trce msg="Removed unpayable queued transactions"  count=0
t=2023-06-02T16:09:00+0800 lvl=trce msg="Discarding freshly underpriced transaction" hash=0x82258e00dcd7c1c90456f96dfa5f2cfb5445161ad74cf14e130da267ef4e41f2 gasTipCap=4  gasFeeCap=704
t=2023-06-02T16:09:00+0800 lvl=trce msg="Promoted queued transactions"           count=1
t=2023-06-02T16:09:00+0800 lvl=trce msg="Pooled new future transaction"          hash=0x5a5efa3016076192e1c67781adc6652d7c0ab5511811e4073130a2d4fcc99c0a from=0xeBdEF2bfb79502629dCe7d863B8372770B415FC8 to=0x0000000000000000000000000000000000000000
t=2023-06-02T16:09:00+0800 lvl=trce msg="Removed old queued transactions"        count=0
t=2023-06-02T16:09:00+0800 lvl=trce msg="Removed unpayable queued transactions"  count=0
t=2023-06-02T16:09:00+0800 lvl=trce msg="Promoted queued transactions"           count=1
t=2023-06-02T16:09:00+0800 lvl=trce msg="Pooled new future transaction"          hash=0xfbb27aa6909d1d3c6f330ce54babd1375a4645e6b3ada6b23b3c54fee8c5db13 from=0x66e0851F1a162869024b4C9f6b1C4Fc5cb4832F1 to=0x0000000000000000000000000000000000000000
t=2023-06-02T16:09:00+0800 lvl=trce msg="Removed old queued transactions"        count=0
t=2023-06-02T16:09:00+0800 lvl=trce msg="Removed unpayable queued transactions"  count=0
t=2023-06-02T16:09:00+0800 lvl=trce msg="Promoted queued transactions"           count=0
t=2023-06-02T16:09:00+0800 lvl=trce msg="Discarding freshly underpriced transaction" hash=0x775dd47b4a6c5ba7368d52adad37fa53a60c2aac1f32292adb30ad4674cdc0d8 gasTipCap=1  gasFeeCap=817
t=2023-06-02T16:09:00+0800 lvl=trce msg="Pooled new future transaction"          hash=0xb68b2e0196e8bc4cda388a39d5b628ede995795de4ad2cf61910d22c0fe5ae6d from=0xf4974e42983dBF7BafBf4A0A673360ee82249187 to=0x0000000000000000000000000000000000000000
t=2023-06-02T16:09:00+0800 lvl=trce msg="Removed old queued transactions"        count=0
t=2023-06-02T16:09:00+0800 lvl=trce msg="Removed unpayable queued transactions"  count=0
t=2023-06-02T16:09:00+0800 lvl=trce msg="Promoted queued transactions"           count=1
t=2023-06-02T16:09:00+0800 lvl=trce msg="Pooled new future transaction"          hash=0x9dcdc5d4219ce75966bbff3d387f82a8e15ec074ea1bf0bcbb76b7c0489be597 from=0x7628e7c918DAaf4dfbF615023fDBcF72b8479bCe to=0x0000000000000000000000000000000000000000
t=2023-06-02T16:09:00+0800 lvl=trce msg="Removed old queued transactions"        count=0
t=2023-06-02T16:09:00+0800 lvl=trce msg="Removed unpayable queued transactions"  count=0
t=2023-06-02T16:09:00+0800 lvl=trce msg="Promoted queued transactions"           count=1
t=2023-06-02T16:09:00+0800 lvl=trce msg="Pooled new future transaction"          hash=0x8cc33efe0c6ef8b8f3309ba75bc43630dbdc11718a9cf604ba115a7fcbc3f9e6 from=0x7628e7c918DAaf4dfbF615023fDBcF72b8479bCe to=0x0000000000000000000000000000000000000000
t=2023-06-02T16:09:00+0800 lvl=trce msg="Discarding freshly underpriced transaction" hash=0xff67da391bb6729047931f944fbfbd9386112bd0d85f800611c6fc09b03ade16 gasTipCap=1  gasFeeCap=818
t=2023-06-02T16:09:00+0800 lvl=trce msg="Removed old queued transactions"        count=0
t=2023-06-02T16:09:00+0800 lvl=trce msg="Pooled new future transaction"          hash=0x16cbfdb2c06755c32c38acf14319df25bb39cacb3dbb39d5aca50b99c826ad97 from=0x42D79137DB865D94850c25abCa461a5179344A3a to=0x0000000000000000000000000000000000000000
t=2023-06-02T16:09:00+0800 lvl=trce msg="Removed unpayable queued transactions"  count=0
t=2023-06-02T16:09:00+0800 lvl=trce msg="Promoted queued transactions"           count=0
t=2023-06-02T16:09:00+0800 lvl=trce msg="Removed old queued transactions"        count=0
t=2023-06-02T16:09:00+0800 lvl=trce msg="Removed unpayable queued transactions"  count=0
t=2023-06-02T16:09:00+0800 lvl=trce msg="Promoted queued transactions"           count=1
t=2023-06-02T16:09:00+0800 lvl=trce msg="Pooled new future transaction"          hash=0xfa4d6dc99f9e3e288b69f4c5aa279eff47f9cca373ede885ef01234fadd0de20 from=0x66e0851F1a162869024b4C9f6b1C4Fc5cb4832F1 to=0x0000000000000000000000000000000000000000
t=2023-06-02T16:09:00+0800 lvl=trce msg="Removed old queued transactions"        count=0
t=2023-06-02T16:09:00+0800 lvl=trce msg="Removed unpayable queued transactions"  count=0
t=2023-06-02T16:09:00+0800 lvl=trce msg="Promoted queued transactions"           count=1
t=2023-06-02T16:09:00+0800 lvl=trce msg="Discarding freshly underpriced transaction" hash=0x73ac54965a1b6ac8d761472be619c2746014c72d6caba4c56f2612ae578fb015 gasTipCap=1  gasFeeCap=819
t=2023-06-02T16:09:00+0800 lvl=trce msg="Pooled new future transaction"          hash=0xaeaf64cd2508914dde7b8bc88321bd54bf1329799afb77d807cb2061fdbf7a88 from=0xe2a574627d9948590CB6ddDFD45E35Ff705F5f3B to=0x0000000000000000000000000000000000000000
t=2023-06-02T16:09:00+0800 lvl=trce msg="Removed old queued transactions"        count=0
t=2023-06-02T16:09:00+0800 lvl=trce msg="Removed unpayable queued transactions"  count=0
t=2023-06-02T16:09:00+0800 lvl=trce msg="Promoted queued transactions"           count=1
t=2023-06-02T16:09:00+0800 lvl=trce msg="Pooled new future transaction"          hash=0x4d0d68a6b5653d53378846976cfbb7eaba98a0fc8c0580e692fa7a80e3603f55 from=0x66e0851F1a162869024b4C9f6b1C4Fc5cb4832F1 to=0x0000000000000000000000000000000000000000
t=2023-06-02T16:09:00+0800 lvl=trce msg="Removed old queued transactions"        count=0
t=2023-06-02T16:09:00+0800 lvl=trce msg="Removed unpayable queued transactions"  count=0
t=2023-06-02T16:09:00+0800 lvl=trce msg="Promoted queued transactions"           count=0
t=2023-06-02T16:09:00+0800 lvl=trce msg="Discarding freshly underpriced transaction" hash=0x5a5efa3016076192e1c67781adc6652d7c0ab5511811e4073130a2d4fcc99c0a gasTipCap=1  gasFeeCap=900
t=2023-06-02T16:09:00+0800 lvl=trce msg="Pooled new future transaction"          hash=0x3bdd157675e7409e801d2360848409b56575bf410b71968a2cb4c3e1fc7e20d7 from=0x00089D3C72CD8A50bf3A7D728E5be9d91d467f3f to=0x0000000000000000000000000000000000000000
t=2023-06-02T16:09:00+0800 lvl=trce msg="Pooled new future transaction"          hash=0x729c0f0e339743c206789d02a95514055aa0799297e256488e7f33ef8e60c0dd from=0x7628e7c918DAaf4dfbF615023fDBcF72b8479bCe to=0x0000000000000000000000000000000000000000
t=2023-06-02T16:09:00+0800 lvl=trce msg="Removed old queued transactions"        count=0
t=2023-06-02T16:09:00+0800 lvl=trce msg="Removed unpayable queued transactions"  count=0
t=2023-06-02T16:09:00+0800 lvl=trce msg="Promoted queued transactions"           count=1
t=2023-06-02T16:09:00+0800 lvl=trce msg="Removed old queued transactions"        count=0
t=2023-06-02T16:09:00+0800 lvl=trce msg="Removed unpayable queued transactions"  count=0
t=2023-06-02T16:09:00+0800 lvl=trce msg="Promoted queued transactions"           count=1
t=2023-06-02T16:09:00+0800 lvl=trce msg="Pooled new future transaction"          hash=0xa94a2ff9d36449fd887ff5076583ae7ebe5b00e4bb131e2d872e17897a1e3710 from=0x7628e7c918DAaf4dfbF615023fDBcF72b8479bCe to=0x0000000000000000000000000000000000000000
t=2023-06-02T16:09:00+0800 lvl=trce msg="Discarding freshly underpriced transaction" hash=0xb68b2e0196e8bc4cda388a39d5b628ede995795de4ad2cf61910d22c0fe5ae6d gasTipCap=1  gasFeeCap=901
t=2023-06-02T16:09:00+0800 lvl=trce msg="Removed old queued transactions"        count=0
t=2023-06-02T16:09:00+0800 lvl=trce msg="Removed unpayable queued transactions"  count=0
t=2023-06-02T16:09:00+0800 lvl=trce msg="Pooled new future transaction"          hash=0x6945efa1eb8c0d73e7cc2019d0599f09c66d243ff00647d9a7c0eddd9a20121e from=0x6acf544A8f8909e8916e869DC163f42C9837D6E3 to=0x0000000000000000000000000000000000000000
t=2023-06-02T16:09:00+0800 lvl=trce msg="Removed old queued transactions"        count=0
t=2023-06-02T16:09:00+0800 lvl=trce msg="Promoted queued transactions"           count=0
t=2023-06-02T16:09:00+0800 lvl=trce msg="Removed unpayable queued transactions"  count=0
t=2023-06-02T16:09:00+0800 lvl=trce msg="Promoted queued transactions"           count=1
t=2023-06-02T16:09:00+0800 lvl=trce msg="Pooled new future transaction"          hash=0x94fb44b8232e5664735869ff2a97cb1f93b1055587d38659ea84b0122344e521 from=0x66e0851F1a162869024b4C9f6b1C4Fc5cb4832F1 to=0x0000000000000000000000000000000000000000
t=2023-06-02T16:09:00+0800 lvl=trce msg="Removed old queued transactions"        count=0
t=2023-06-02T16:09:00+0800 lvl=trce msg="Removed unpayable queued transactions"  count=0
t=2023-06-02T16:09:00+0800 lvl=trce msg="Promoted queued transactions"           count=1
t=2023-06-02T16:09:00+0800 lvl=trce msg="Discarding freshly underpriced transaction" hash=0x16cbfdb2c06755c32c38acf14319df25bb39cacb3dbb39d5aca50b99c826ad97 gasTipCap=1  gasFeeCap=902
t=2023-06-02T16:09:00+0800 lvl=trce msg="Pooled new future transaction"          hash=0x13de393d3062501bde969be7b70beb93514201e297a4fcb13bd719fa7c70b09a from=0x744b6737EFD79A7C4a11103ebbB7172198C8C03E to=0x0000000000000000000000000000000000000000
t=2023-06-02T16:09:00+0800 lvl=trce msg="Removed old queued transactions"        count=0
t=2023-06-02T16:09:00+0800 lvl=trce msg="Removed unpayable queued transactions"  count=0
t=2023-06-02T16:09:00+0800 lvl=trce msg="Promoted queued transactions"           count=1
t=2023-06-02T16:09:00+0800 lvl=trce msg="Pooled new future transaction"          hash=0x018f8b005521619743b778367cdb72f8d43386f587459529766c11570aaccc13 from=0x66e0851F1a162869024b4C9f6b1C4Fc5cb4832F1 to=0x0000000000000000000000000000000000000000
t=2023-06-02T16:09:00+0800 lvl=trce msg="Removed old queued transactions"        count=0
t=2023-06-02T16:09:00+0800 lvl=trce msg="Removed unpayable queued transactions"  count=0
t=2023-06-02T16:09:00+0800 lvl=trce msg="Promoted queued transactions"           count=0
t=2023-06-02T16:09:00+0800 lvl=trce msg="Pooled new future transaction"          hash=0xdabb65dac60e1233d28e18f7c51b90fd4dbb3d737cd76d19cab17023ce745202 from=0x7628e7c918DAaf4dfbF615023fDBcF72b8479bCe to=0x0000000000000000000000000000000000000000
t=2023-06-02T16:09:00+0800 lvl=trce msg="Removed old queued transactions"        count=0
t=2023-06-02T16:09:00+0800 lvl=trce msg="Removed unpayable queued transactions"  count=0
t=2023-06-02T16:09:00+0800 lvl=trce msg="Promoted queued transactions"           count=1
t=2023-06-02T16:09:00+0800 lvl=trce msg="Discarding freshly underpriced transaction" hash=0xaeaf64cd2508914dde7b8bc88321bd54bf1329799afb77d807cb2061fdbf7a88 gasTipCap=1  gasFeeCap=903
t=2023-06-02T16:09:00+0800 lvl=trce msg="Pooled new future transaction"          hash=0xe5c63041e43a600d87e1d51da5cc9444fb046237c248c14ec009bdceaef00ea0 from=0x96bfe33Fc9DCD3AcD192C52718c827cD3348f9AD to=0x0000000000000000000000000000000000000000
t=2023-06-02T16:09:00+0800 lvl=trce msg="Removed old queued transactions"        count=0
t=2023-06-02T16:09:00+0800 lvl=trce msg="Removed unpayable queued transactions"  count=0
t=2023-06-02T16:09:00+0800 lvl=trce msg="Promoted queued transactions"           count=1
t=2023-06-02T16:09:00+0800 lvl=trce msg="Pooled new future transaction"          hash=0xf4c2f8c7e8fac6dbaa4607f0f4c017fb27a401ea40dd24f2ecf26c076ab019fd from=0x7628e7c918DAaf4dfbF615023fDBcF72b8479bCe to=0x0000000000000000000000000000000000000000
t=2023-06-02T16:09:00+0800 lvl=trce msg="Removed old queued transactions"        count=0
t=2023-06-02T16:09:00+0800 lvl=trce msg="Removed unpayable queued transactions"  count=0
t=2023-06-02T16:09:00+0800 lvl=trce msg="Promoted queued transactions"           count=0
t=2023-06-02T16:09:00+0800 lvl=trce msg="Pooled new future transaction"          hash=0x99fdf88d8b194433e81db0205840b43ec1c3b80d3f19f7944b0284205fcb146f from=0x66e0851F1a162869024b4C9f6b1C4Fc5cb4832F1 to=0x0000000000000000000000000000000000000000
t=2023-06-02T16:09:00+0800 lvl=trce msg="Removed old queued transactions"        count=0
t=2023-06-02T16:09:00+0800 lvl=trce msg="Removed unpayable queued transactions"  count=0
t=2023-06-02T16:09:00+0800 lvl=trce msg="Discarding freshly underpriced transaction" hash=0x3bdd157675e7409e801d2360848409b56575bf410b71968a2cb4c3e1fc7e20d7 gasTipCap=1  gasFeeCap=904
t=2023-06-02T16:09:00+0800 lvl=trce msg="Promoted queued transactions"           count=1
t=2023-06-02T16:09:00+0800 lvl=trce msg="Pooled new future transaction"          hash=0xa959e093e07c3cfa823bc126f3591fdb7760881aeab37559ef987458a03b87a4 from=0x2D52CFC2ca792bB04012EB98F4E3E96080dFC22d to=0x0000000000000000000000000000000000000000
t=2023-06-02T16:09:00+0800 lvl=trce msg="Removed old queued transactions"        count=0
t=2023-06-02T16:09:00+0800 lvl=trce msg="Removed unpayable queued transactions"  count=0
t=2023-06-02T16:09:00+0800 lvl=trce msg="Promoted queued transactions"           count=1
t=2023-06-02T16:09:00+0800 lvl=trce msg="Pooled new future transaction"          hash=0xdcc27926ca252e2763d9054af85fe1897266fc31f943a0438bb213b935903048 from=0x66e0851F1a162869024b4C9f6b1C4Fc5cb4832F1 to=0x0000000000000000000000000000000000000000
t=2023-06-02T16:09:00+0800 lvl=trce msg="Removed old queued transactions"        count=0
t=2023-06-02T16:09:00+0800 lvl=trce msg="Removed unpayable queued transactions"  count=0
t=2023-06-02T16:09:00+0800 lvl=trce msg="Discarding freshly underpriced transaction" hash=0x6945efa1eb8c0d73e7cc2019d0599f09c66d243ff00647d9a7c0eddd9a20121e gasTipCap=1  gasFeeCap=905
t=2023-06-02T16:09:00+0800 lvl=trce msg="Pooled new future transaction"          hash=0x328f3d322cc3968db5ec52cf0e7f01b05f55e9030586fcf5675edc48e503747c from=0x2391B9307A72c16078c0Ab37f697f35F5135742D to=0x0000000000000000000000000000000000000000
t=2023-06-02T16:09:00+0800 lvl=trce msg="Removed old queued transactions"        count=0
t=2023-06-02T16:09:00+0800 lvl=trce msg="Removed unpayable queued transactions"  count=0
t=2023-06-02T16:09:00+0800 lvl=trce msg="Promoted queued transactions"           count=1
t=2023-06-02T16:09:00+0800 lvl=trce msg="Promoted queued transactions"           count=0
t=2023-06-02T16:09:00+0800 lvl=trce msg="Pooled new future transaction"          hash=0x3b1d9af6dc262b21e95f58d60b4c523ecbc643babb10f10228a45781656d6cae from=0x7628e7c918DAaf4dfbF615023fDBcF72b8479bCe to=0x0000000000000000000000000000000000000000
t=2023-06-02T16:09:00+0800 lvl=trce msg="Removed old queued transactions"        count=0
t=2023-06-02T16:09:00+0800 lvl=trce msg="Removed unpayable queued transactions"  count=0
t=2023-06-02T16:09:00+0800 lvl=trce msg="Promoted queued transactions"           count=1
t=2023-06-02T16:09:00+0800 lvl=trce msg="Discarding freshly underpriced transaction" hash=0x13de393d3062501bde969be7b70beb93514201e297a4fcb13bd719fa7c70b09a gasTipCap=1  gasFeeCap=906
t=2023-06-02T16:09:00+0800 lvl=trce msg="Pooled new future transaction"          hash=0xf6b98e90313d4ffba30da32ed67f71f53226d9d5a1551d8d3e1d5972a1b17b2c from=0xB902C0D9EbEcad60c261fE4a2257bF57f4F7A7C1 to=0x0000000000000000000000000000000000000000
t=2023-06-02T16:09:00+0800 lvl=trce msg="Removed old queued transactions"        count=0
t=2023-06-02T16:09:00+0800 lvl=trce msg="Removed unpayable queued transactions"  count=0
t=2023-06-02T16:09:00+0800 lvl=trce msg="Promoted queued transactions"           count=1
t=2023-06-02T16:09:00+0800 lvl=trce msg="Pooled new future transaction"          hash=0xf7c40ae3272ec128843411afa72f18b61a7b2e49e53306c3d96e5fd54f7a03e9 from=0x7628e7c918DAaf4dfbF615023fDBcF72b8479bCe to=0x0000000000000000000000000000000000000000
t=2023-06-02T16:09:00+0800 lvl=trce msg="Removed old queued transactions"        count=0
t=2023-06-02T16:09:00+0800 lvl=trce msg="Removed unpayable queued transactions"  count=0
t=2023-06-02T16:09:00+0800 lvl=trce msg="Promoted queued transactions"           count=0
t=2023-06-02T16:09:00+0800 lvl=trce msg="Discarding freshly underpriced transaction" hash=0xe5c63041e43a600d87e1d51da5cc9444fb046237c248c14ec009bdceaef00ea0 gasTipCap=1  gasFeeCap=907
t=2023-06-02T16:09:00+0800 lvl=trce msg="Pooled new future transaction"          hash=0xc27c20dbc1da1535d141671cc3c2529a19e3bb6e3cd1139276f756cc63d90852 from=0xE312fbBfA6CECBaE3C56E072485Fc0b4FFC26A6F to=0x0000000000000000000000000000000000000000
t=2023-06-02T16:09:00+0800 lvl=trce msg="Removed old queued transactions"        count=0
t=2023-06-02T16:09:00+0800 lvl=trce msg="Removed unpayable queued transactions"  count=0
t=2023-06-02T16:09:00+0800 lvl=trce msg="Promoted queued transactions"           count=1
t=2023-06-02T16:09:00+0800 lvl=trce msg="Pooled new future transaction"          hash=0x3956bb1fb8afa396c337184c41dbccdb714ab387505fc2edc487957c4aeb7fc8 from=0x66e0851F1a162869024b4C9f6b1C4Fc5cb4832F1 to=0x0000000000000000000000000000000000000000
t=2023-06-02T16:09:00+0800 lvl=trce msg="Removed old queued transactions"        count=0
t=2023-06-02T16:09:00+0800 lvl=trce msg="Removed unpayable queued transactions"  count=0
t=2023-06-02T16:09:00+0800 lvl=trce msg="Promoted queued transactions"           count=1
t=2023-06-02T16:09:00+0800 lvl=trce msg="Discarding freshly underpriced transaction" hash=0xa959e093e07c3cfa823bc126f3591fdb7760881aeab37559ef987458a03b87a4 gasTipCap=1  gasFeeCap=908
t=2023-06-02T16:09:00+0800 lvl=trce msg="Pooled new future transaction"          hash=0x28b517f9523f8c7beb0c250ec5f8964737c7abc566e00ae7bafe7a17c98c366a from=0x6BF7742D8FCbeC8247e7dC00f74fEcd381De3fb8 to=0x0000000000000000000000000000000000000000
t=2023-06-02T16:09:00+0800 lvl=trce msg="Removed old queued transactions"        count=0
t=2023-06-02T16:09:00+0800 lvl=trce msg="Removed unpayable queued transactions"  count=0
t=2023-06-02T16:09:00+0800 lvl=trce msg="Promoted queued transactions"           count=1
t=2023-06-02T16:09:00+0800 lvl=trce msg="Pooled new future transaction"          hash=0xf37b41fbef832a36629f8328b734a5368f02a70a4734ccfc08530694836b1adb from=0x66e0851F1a162869024b4C9f6b1C4Fc5cb4832F1 to=0x0000000000000000000000000000000000000000
t=2023-06-02T16:09:00+0800 lvl=trce msg="Removed old queued transactions"        count=0
t=2023-06-02T16:09:00+0800 lvl=trce msg="Removed unpayable queued transactions"  count=0
t=2023-06-02T16:09:00+0800 lvl=trce msg="Promoted queued transactions"           count=0
t=2023-06-02T16:09:00+0800 lvl=trce msg="Discarding freshly underpriced transaction" hash=0x328f3d322cc3968db5ec52cf0e7f01b05f55e9030586fcf5675edc48e503747c gasTipCap=1  gasFeeCap=909
t=2023-06-02T16:09:00+0800 lvl=trce msg="Pooled new future transaction"          hash=0xd07fb685a102243cff297c931422c274130e8a27898ef3e8c0ce3387c04750b3 from=0x076f2f8420C4b884BAFd18764065E80b40C90D68 to=0x0000000000000000000000000000000000000000
t=2023-06-02T16:09:00+0800 lvl=trce msg="Pooled new future transaction"          hash=0xcacb8b642b06b723e550e0e5963b12a15c2356603ef93886d23ee4ae69a5c960 from=0x7628e7c918DAaf4dfbF615023fDBcF72b8479bCe to=0x0000000000000000000000000000000000000000
t=2023-06-02T16:09:00+0800 lvl=trce msg="Removed old queued transactions"        count=0
t=2023-06-02T16:09:00+0800 lvl=trce msg="Removed unpayable queued transactions"  count=0
t=2023-06-02T16:09:00+0800 lvl=trce msg="Promoted queued transactions"           count=1
t=2023-06-02T16:09:00+0800 lvl=trce msg="Removed old queued transactions"        count=0
t=2023-06-02T16:09:00+0800 lvl=trce msg="Removed unpayable queued transactions"  count=0
t=2023-06-02T16:09:00+0800 lvl=trce msg="Promoted queued transactions"           count=1
t=2023-06-02T16:09:00+0800 lvl=trce msg="Pooled new future transaction"          hash=0xe1e337f3b78870f02133bcd9882ac41e550636ed358386bd4f60e25faff52e75 from=0x7628e7c918DAaf4dfbF615023fDBcF72b8479bCe to=0x0000000000000000000000000000000000000000
t=2023-06-02T16:09:00+0800 lvl=trce msg="Removed old queued transactions"        count=0
t=2023-06-02T16:09:00+0800 lvl=trce msg="Discarding freshly underpriced transaction" hash=0xf6b98e90313d4ffba30da32ed67f71f53226d9d5a1551d8d3e1d5972a1b17b2c gasTipCap=1  gasFeeCap=910
t=2023-06-02T16:09:00+0800 lvl=trce msg="Removed unpayable queued transactions"  count=0
t=2023-06-02T16:09:00+0800 lvl=trce msg="Promoted queued transactions"           count=0
t=2023-06-02T16:09:00+0800 lvl=trce msg="Pooled new future transaction"          hash=0xd0155cb01a2ebc6f4c43239864ba6305a7fa985e08d884477d2ecf2be81f5f40 from=0x29E66B97F832e91519d28a1B0332dADD32c2fb70 to=0x0000000000000000000000000000000000000000
t=2023-06-02T16:09:00+0800 lvl=trce msg="Removed old queued transactions"        count=0
t=2023-06-02T16:09:00+0800 lvl=trce msg="Removed unpayable queued transactions"  count=0
t=2023-06-02T16:09:00+0800 lvl=trce msg="Promoted queued transactions"           count=1
t=2023-06-02T16:09:00+0800 lvl=trce msg="Pooled new future transaction"          hash=0x72d06b1daf7dd45516a8b712185e8276c0356ab951d5d929a2fc338bc6350383 from=0x66e0851F1a162869024b4C9f6b1C4Fc5cb4832F1 to=0x0000000000000000000000000000000000000000
t=2023-06-02T16:09:00+0800 lvl=trce msg="Removed old queued transactions"        count=0
t=2023-06-02T16:09:00+0800 lvl=trce msg="Removed unpayable queued transactions"  count=0
t=2023-06-02T16:09:00+0800 lvl=trce msg="Promoted queued transactions"           count=1
t=2023-06-02T16:09:00+0800 lvl=trce msg="Discarding freshly underpriced transaction" hash=0xc27c20dbc1da1535d141671cc3c2529a19e3bb6e3cd1139276f756cc63d90852 gasTipCap=1  gasFeeCap=911
t=2023-06-02T16:09:00+0800 lvl=trce msg="Pooled new future transaction"          hash=0x7c5eea367b1a41817f30e3482aab51c7f3d8eb217346fd664a70af0d194c97c2 from=0xd5d4710b2b85344f145D8d4d8f20A18e404FA897 to=0x0000000000000000000000000000000000000000
t=2023-06-02T16:09:00+0800 lvl=trce msg="Removed old queued transactions"        count=0
t=2023-06-02T16:09:00+0800 lvl=trce msg="Removed unpayable queued transactions"  count=0
t=2023-06-02T16:09:00+0800 lvl=trce msg="Promoted queued transactions"           count=1
t=2023-06-02T16:09:00+0800 lvl=trce msg="Pooled new future transaction"          hash=0x021aa4c3e78830fc98f321f1fadd30661c465be51e2ad906d68cc8ae4e5c5dc0 from=0x66e0851F1a162869024b4C9f6b1C4Fc5cb4832F1 to=0x0000000000000000000000000000000000000000
t=2023-06-02T16:09:00+0800 lvl=trce msg="Removed old queued transactions"        count=0
t=2023-06-02T16:09:00+0800 lvl=trce msg="Removed unpayable queued transactions"  count=0
t=2023-06-02T16:09:00+0800 lvl=trce msg="Promoted queued transactions"           count=0
t=2023-06-02T16:09:00+0800 lvl=trce msg="Pooled new future transaction"          hash=0x23e0ab569edcb849bb1e69998a5d3ed6d31427146989ed7aa21d3381b91a3fec from=0x7628e7c918DAaf4dfbF615023fDBcF72b8479bCe to=0x0000000000000000000000000000000000000000
t=2023-06-02T16:09:00+0800 lvl=trce msg="Removed old queued transactions"        count=0
t=2023-06-02T16:09:00+0800 lvl=trce msg="Discarding freshly underpriced transaction" hash=0x28b517f9523f8c7beb0c250ec5f8964737c7abc566e00ae7bafe7a17c98c366a gasTipCap=1  gasFeeCap=912
t=2023-06-02T16:09:00+0800 lvl=trce msg="Pooled new future transaction"          hash=0xda1de93a649607de9f6a16b7219708c716080e8a470d0b4ff48f02b36e704ad9 from=0x323FBf597aa62B771d29b7c83aeFd49E0eb09f75 to=0x0000000000000000000000000000000000000000
t=2023-06-02T16:09:00+0800 lvl=trce msg="Removed old queued transactions"        count=0
t=2023-06-02T16:09:00+0800 lvl=trce msg="Removed unpayable queued transactions"  count=0
t=2023-06-02T16:09:00+0800 lvl=trce msg="Promoted queued transactions"           count=1
t=2023-06-02T16:09:00+0800 lvl=trce msg="Removed unpayable queued transactions"  count=0
t=2023-06-02T16:09:00+0800 lvl=trce msg="Promoted queued transactions"           count=1
t=2023-06-02T16:09:00+0800 lvl=trce msg="Pooled new future transaction"          hash=0x22955eb98ee48cda21d21991a276e65a6b813bfc861b41bf592a2d9465a72475 from=0x7628e7c918DAaf4dfbF615023fDBcF72b8479bCe to=0x0000000000000000000000000000000000000000
t=2023-06-02T16:09:00+0800 lvl=trce msg="Discarding freshly underpriced transaction" hash=0xd07fb685a102243cff297c931422c274130e8a27898ef3e8c0ce3387c04750b3 gasTipCap=1  gasFeeCap=913
t=2023-06-02T16:09:00+0800 lvl=trce msg="Pooled new future transaction"          hash=0x6682bf6e9f217432e3a81f0499126949e73885ba6fdc291333122f31b1927b30 from=0x1d09Cc4420Ce13715b065511A32dD4992B10F645 to=0x0000000000000000000000000000000000000000
t=2023-06-02T16:09:00+0800 lvl=trce msg="Removed old queued transactions"        count=0
t=2023-06-02T16:09:00+0800 lvl=trce msg="Removed unpayable queued transactions"  count=0
t=2023-06-02T16:09:00+0800 lvl=trce msg="Promoted queued transactions"           count=1
t=2023-06-02T16:09:00+0800 lvl=trce msg="Removed old queued transactions"        count=0
t=2023-06-02T16:09:00+0800 lvl=trce msg="Removed unpayable queued transactions"  count=0
t=2023-06-02T16:09:00+0800 lvl=trce msg="Promoted queued transactions"           count=0
t=2023-06-02T16:09:00+0800 lvl=trce msg="Pooled new future transaction"          hash=0x2e913b198e90fa2a6a575efc8842a98113da250909dc3cd8e8f8b81f85bd953b from=0x66e0851F1a162869024b4C9f6b1C4Fc5cb4832F1 to=0x0000000000000000000000000000000000000000
t=2023-06-02T16:09:00+0800 lvl=trce msg="Removed old queued transactions"        count=0
t=2023-06-02T16:09:00+0800 lvl=trce msg="Removed unpayable queued transactions"  count=0
t=2023-06-02T16:09:00+0800 lvl=trce msg="Discarding freshly underpriced transaction" hash=0xd0155cb01a2ebc6f4c43239864ba6305a7fa985e08d884477d2ecf2be81f5f40 gasTipCap=1  gasFeeCap=914
t=2023-06-02T16:09:00+0800 lvl=trce msg="Pooled new future transaction"          hash=0x4fecbad239be19900632318e1fc948b327d406c9b1332e55905889a79e53ffcf from=0x00C748d3611E41777db49061b6d6fEE29BB5Ad06 to=0x0000000000000000000000000000000000000000
t=2023-06-02T16:09:00+0800 lvl=trce msg="Removed old queued transactions"        count=0
t=2023-06-02T16:09:00+0800 lvl=trce msg="Removed unpayable queued transactions"  count=0
t=2023-06-02T16:09:00+0800 lvl=trce msg="Promoted queued transactions"           count=1
t=2023-06-02T16:09:00+0800 lvl=trce msg="Promoted queued transactions"           count=1
t=2023-06-02T16:09:00+0800 lvl=trce msg="Discarding freshly underpriced transaction" hash=0x7c5eea367b1a41817f30e3482aab51c7f3d8eb217346fd664a70af0d194c97c2 gasTipCap=1  gasFeeCap=915
t=2023-06-02T16:09:00+0800 lvl=trce msg="Pooled new future transaction"          hash=0x19f22d2cbb728a59cea2f98344779701ff53cad043c56a1da32e7458cf5ac681 from=0xcD4Cc3dc0eD33DF76980b4701d266699CC4E4a07 to=0x0000000000000000000000000000000000000000
t=2023-06-02T16:09:00+0800 lvl=trce msg="Pooled new future transaction"          hash=0xbfa716c466c22582ba92962f78b3ea6f1f5f7b58527569a83771e03ee12c4e9f from=0x66e0851F1a162869024b4C9f6b1C4Fc5cb4832F1 to=0x0000000000000000000000000000000000000000
t=2023-06-02T16:09:00+0800 lvl=trce msg="Removed old queued transactions"        count=0
t=2023-06-02T16:09:00+0800 lvl=trce msg="Removed unpayable queued transactions"  count=0
t=2023-06-02T16:09:00+0800 lvl=trce msg="Promoted queued transactions"           count=0
t=2023-06-02T16:09:00+0800 lvl=trce msg="Removed old queued transactions"        count=0
t=2023-06-02T16:09:00+0800 lvl=trce msg="Removed unpayable queued transactions"  count=0
t=2023-06-02T16:09:00+0800 lvl=trce msg="Promoted queued transactions"           count=1
t=2023-06-02T16:09:00+0800 lvl=trce msg="Pooled new future transaction"          hash=0x78c9e73a3a8750a6b5ebbf501e5eb6e831c2cb5e19491409ccd830176ab66c34 from=0x7628e7c918DAaf4dfbF615023fDBcF72b8479bCe to=0x0000000000000000000000000000000000000000
t=2023-06-02T16:09:00+0800 lvl=trce msg="Removed old queued transactions"        count=0
t=2023-06-02T16:09:00+0800 lvl=trce msg="Removed unpayable queued transactions"  count=0
t=2023-06-02T16:09:00+0800 lvl=trce msg="Promoted queued transactions"           count=1
t=2023-06-02T16:09:00+0800 lvl=trce msg="Discarding freshly underpriced transaction" hash=0xfa68490b7e6e7ea40b78f2f2da4a5f9559f0733e76081d9377bd2d2ef552538d gasTipCap=5  gasFeeCap=705
t=2023-06-02T16:09:00+0800 lvl=trce msg="Pooled new future transaction"          hash=0x0ac9291e62f0c950695b87eeabd94f7ed2dfedced3d713f6e0876a493480c8e3 from=0xA8B4BcD15de9ea0bb46409D81F1Ea1b5AAd222Df to=0x0000000000000000000000000000000000000000
t=2023-06-02T16:09:00+0800 lvl=trce msg="Removed old queued transactions"        count=0
t=2023-06-02T16:09:00+0800 lvl=trce msg="Removed unpayable queued transactions"  count=0
t=2023-06-02T16:09:00+0800 lvl=trce msg="Promoted queued transactions"           count=1
t=2023-06-02T16:09:00+0800 lvl=trce msg="Pooled new future transaction"          hash=0x11010deedd1bf0fe110ace528ff6fdbd0490062a73421fab14f39e3631c0a040 from=0x7628e7c918DAaf4dfbF615023fDBcF72b8479bCe to=0x0000000000000000000000000000000000000000
t=2023-06-02T16:09:00+0800 lvl=trce msg="Removed old queued transactions"        count=0
t=2023-06-02T16:09:00+0800 lvl=trce msg="Removed unpayable queued transactions"  count=0
t=2023-06-02T16:09:00+0800 lvl=trce msg="Promoted queued transactions"           count=0
t=2023-06-02T16:09:00+0800 lvl=trce msg="Discarding freshly underpriced transaction" hash=0xf56d5ae271b571a468e27e15b868135dae1d96d61aca53707f1b8719eba48c89 gasTipCap=6  gasFeeCap=706
t=2023-06-02T16:09:00+0800 lvl=trce msg="Pooled new future transaction"          hash=0x272e7c7ae2b2632dffbd8766ecd171809cd5f0176e9973927aa0c7dffc1158b5 from=0x5a1596EA4BB3eAa678AC5B69fe2bDEB489dB91F3 to=0x0000000000000000000000000000000000000000
t=2023-06-02T16:09:00+0800 lvl=trce msg="Removed old queued transactions"        count=0
t=2023-06-02T16:09:00+0800 lvl=trce msg="Removed unpayable queued transactions"  count=0
t=2023-06-02T16:09:00+0800 lvl=trce msg="Promoted queued transactions"           count=1
t=2023-06-02T16:09:00+0800 lvl=trce msg="Pooled new future transaction"          hash=0xabeb87a21a18568ebec19d439aea8b0aa4744d23dfc8e95971c8744bfa484fa5 from=0x66e0851F1a162869024b4C9f6b1C4Fc5cb4832F1 to=0x0000000000000000000000000000000000000000
t=2023-06-02T16:09:00+0800 lvl=trce msg="Removed old queued transactions"        count=0
t=2023-06-02T16:09:00+0800 lvl=trce msg="Removed unpayable queued transactions"  count=0
t=2023-06-02T16:09:00+0800 lvl=trce msg="Promoted queued transactions"           count=1
t=2023-06-02T16:09:00+0800 lvl=trce msg="Discarding freshly underpriced transaction" hash=0xd173abbf77702c45267f9b8474bcdc37b7bd193f3f7faf98f1d7081459e19e70 gasTipCap=7  gasFeeCap=707
t=2023-06-02T16:09:00+0800 lvl=trce msg="Pooled new future transaction"          hash=0xe439f65b10a4be57e4f23c4ad964f2c4515d671f0f130fbd8b2a76e771ebe36d from=0xB39a1241223987c80920A9D51b855fCBBbA92561 to=0x0000000000000000000000000000000000000000
t=2023-06-02T16:09:00+0800 lvl=trce msg="Removed old queued transactions"        count=0
t=2023-06-02T16:09:00+0800 lvl=trce msg="Removed unpayable queued transactions"  count=0
t=2023-06-02T16:09:00+0800 lvl=trce msg="Pooled new future transaction"          hash=0x7cce43db0541bb91d80fff054f3f011a0e14320a22b1b03a6ebeb822d9b30c42 from=0x66e0851F1a162869024b4C9f6b1C4Fc5cb4832F1 to=0x0000000000000000000000000000000000000000
t=2023-06-02T16:09:00+0800 lvl=trce msg="Removed old queued transactions"        count=0
t=2023-06-02T16:09:00+0800 lvl=trce msg="Removed unpayable queued transactions"  count=0
t=2023-06-02T16:09:00+0800 lvl=trce msg="Promoted queued transactions"           count=0
t=2023-06-02T16:09:00+0800 lvl=trce msg="Promoted queued transactions"           count=1
t=2023-06-02T16:09:00+0800 lvl=trce msg="Pooled new future transaction"          hash=0x0e48baa23f7264cba4c09138b3c25412de6f7a87c152bec2141cc4b1afa8f368 from=0x7628e7c918DAaf4dfbF615023fDBcF72b8479bCe to=0x0000000000000000000000000000000000000000
t=2023-06-02T16:09:00+0800 lvl=trce msg="Removed old queued transactions"        count=0
t=2023-06-02T16:09:00+0800 lvl=trce msg="Removed unpayable queued transactions"  count=0
t=2023-06-02T16:09:00+0800 lvl=trce msg="Promoted queued transactions"           count=1
t=2023-06-02T16:09:00+0800 lvl=trce msg="Discarding freshly underpriced transaction" hash=0x0c05aa71e38ca74763d206ef66e7118fe0a2eca97b1e139496e79bd2d75839c0 gasTipCap=8  gasFeeCap=708
t=2023-06-02T16:09:00+0800 lvl=trce msg="Pooled new future transaction"          hash=0x1ef91841704e5391f1c9ecaa89f143f1e88749f96b0b34fb9f4dca633f09ac5b from=0x187b84E64934ee64AEe61A15A6042f43B76AA5F5 to=0x0000000000000000000000000000000000000000
t=2023-06-02T16:09:00+0800 lvl=trce msg="Removed old queued transactions"        count=0
t=2023-06-02T16:09:00+0800 lvl=trce msg="Removed unpayable queued transactions"  count=0
t=2023-06-02T16:09:00+0800 lvl=trce msg="Promoted queued transactions"           count=1
t=2023-06-02T16:09:00+0800 lvl=trce msg="Pooled new future transaction"          hash=0xb631c928474181a0ca0cd2b4aab2a7f7ea6a99292a7fc6b139c635f53887b3f6 from=0x7628e7c918DAaf4dfbF615023fDBcF72b8479bCe to=0x0000000000000000000000000000000000000000
t=2023-06-02T16:09:00+0800 lvl=trce msg="Removed old queued transactions"        count=0
t=2023-06-02T16:09:00+0800 lvl=trce msg="Removed unpayable queued transactions"  count=0
t=2023-06-02T16:09:00+0800 lvl=trce msg="Promoted queued transactions"           count=0
t=2023-06-02T16:09:00+0800 lvl=trce msg="Discarding freshly underpriced transaction" hash=0xbbd60f206daba11fc8a4c2ca55c164029b65d57c20b1874fae3af84a3ea4abef gasTipCap=9  gasFeeCap=709
t=2023-06-02T16:09:00+0800 lvl=trce msg="Pooled new future transaction"          hash=0x72d26a112cd5ae3568104f755c7a8e28bba5f59733ed5ccb2088ca2e3098b7f8 from=0x66e0851F1a162869024b4C9f6b1C4Fc5cb4832F1 to=0x0000000000000000000000000000000000000000
t=2023-06-02T16:09:00+0800 lvl=trce msg="Pooled new future transaction"          hash=0x6ae5780bdd1f2d2b5e9be2928c95c17ee16a9a30c3b07cfb737e1785e3370638 from=0x2A6037e45cCD4750FD601Ee9980d089A0a5D6972 to=0x0000000000000000000000000000000000000000
t=2023-06-02T16:09:00+0800 lvl=trce msg="Removed old queued transactions"        count=0
t=2023-06-02T16:09:00+0800 lvl=trce msg="Removed old queued transactions"        count=0
t=2023-06-02T16:09:00+0800 lvl=trce msg="Removed unpayable queued transactions"  count=0
t=2023-06-02T16:09:00+0800 lvl=trce msg="Promoted queued transactions"           count=1
t=2023-06-02T16:09:00+0800 lvl=trce msg="Removed unpayable queued transactions"  count=0
t=2023-06-02T16:09:00+0800 lvl=trce msg="Promoted queued transactions"           count=1
t=2023-06-02T16:09:00+0800 lvl=trce msg="Pooled new future transaction"          hash=0x7359e39531b73972e6e9d5192aeef6c9839dbaf873a26dcc67c3c7b533bb2ecb from=0x66e0851F1a162869024b4C9f6b1C4Fc5cb4832F1 to=0x0000000000000000000000000000000000000000
t=2023-06-02T16:09:00+0800 lvl=trce msg="Removed old queued transactions"        count=0
t=2023-06-02T16:09:00+0800 lvl=trce msg="Removed unpayable queued transactions"  count=0
t=2023-06-02T16:09:00+0800 lvl=trce msg="Promoted queued transactions"           count=0
t=2023-06-02T16:09:00+0800 lvl=trce msg="Discarding freshly underpriced transaction" hash=0x79b1dd2e60d53e88146bc0f13ba0276b21a09e06f060d1befca1e8ed5770f9ee gasTipCap=10 gasFeeCap=710
t=2023-06-02T16:09:00+0800 lvl=trce msg="Pooled new future transaction"          hash=0xf55278aaf551ee8bb0b69b4856161052708bb642e2fb7d3478ca7edfdb63df9d from=0xd2E7B724C770f10318AC8087Ff9b5e387b5606D8 to=0x0000000000000000000000000000000000000000
t=2023-06-02T16:09:00+0800 lvl=trce msg="Removed old queued transactions"        count=0
t=2023-06-02T16:09:00+0800 lvl=trce msg="Removed unpayable queued transactions"  count=0
t=2023-06-02T16:09:00+0800 lvl=trce msg="Promoted queued transactions"           count=1
t=2023-06-02T16:09:00+0800 lvl=trce msg="Pooled new future transaction"          hash=0xe462cafa2f541c7c96253cc9b0136299b39279b123bdb5adf4233caaf8118715 from=0x7628e7c918DAaf4dfbF615023fDBcF72b8479bCe to=0x0000000000000000000000000000000000000000
t=2023-06-02T16:09:00+0800 lvl=trce msg="Removed old queued transactions"        count=0
t=2023-06-02T16:09:00+0800 lvl=trce msg="Removed unpayable queued transactions"  count=0
t=2023-06-02T16:09:00+0800 lvl=trce msg="Promoted queued transactions"           count=1
t=2023-06-02T16:09:00+0800 lvl=trce msg="Discarding freshly underpriced transaction" hash=0xbc4c48c7f9e650e1b897b9f72c303af1f4d22e3cececac777992c7214668b2a1 gasTipCap=11 gasFeeCap=711
t=2023-06-02T16:09:00+0800 lvl=trce msg="Pooled new future transaction"          hash=0x295a911515712b9159b2de65fa7250439d65cbdce8c982cb6f6b7f76337889ca from=0x87915EAEEA6F8D823C71C5c491631E22fD7c641c to=0x0000000000000000000000000000000000000000
t=2023-06-02T16:09:00+0800 lvl=trce msg="Removed old queued transactions"        count=0
t=2023-06-02T16:09:00+0800 lvl=trce msg="Removed unpayable queued transactions"  count=0
t=2023-06-02T16:09:00+0800 lvl=trce msg="Promoted queued transactions"           count=1
t=2023-06-02T16:09:00+0800 lvl=trce msg="Pooled new future transaction"          hash=0x14443036b7f18d72d61999bbbd085be29808ed1eaf4ce6de96514cbd171687a2 from=0x7628e7c918DAaf4dfbF615023fDBcF72b8479bCe to=0x0000000000000000000000000000000000000000
t=2023-06-02T16:09:00+0800 lvl=trce msg="Removed old queued transactions"        count=0
t=2023-06-02T16:09:00+0800 lvl=trce msg="Removed unpayable queued transactions"  count=0
t=2023-06-02T16:09:00+0800 lvl=trce msg="Promoted queued transactions"           count=0
t=2023-06-02T16:09:00+0800 lvl=trce msg="Pooled new future transaction"          hash=0xe075312952a9962a6afd0e4116457b67e85fa4bbcadfc77b28f248dbbb6cdd38 from=0x66e0851F1a162869024b4C9f6b1C4Fc5cb4832F1 to=0x0000000000000000000000000000000000000000
t=2023-06-02T16:09:00+0800 lvl=trce msg="Removed old queued transactions"        count=0
t=2023-06-02T16:09:00+0800 lvl=trce msg="Removed unpayable queued transactions"  count=0
t=2023-06-02T16:09:00+0800 lvl=trce msg="Discarding freshly underpriced transaction" hash=0xa4991a5ff67ab002bcacd16a61c66858920206ff682ecb0885f40d2291a91133 gasTipCap=12 gasFeeCap=712
t=2023-06-02T16:09:00+0800 lvl=trce msg="Promoted queued transactions"           count=1
t=2023-06-02T16:09:00+0800 lvl=trce msg="Pooled new future transaction"          hash=0x6952259709fbec169799663af4a90d32a6133970a1e69940d9a1560f90a296a5 from=0xd3044177E8279a8B12517C457715b3d32e3F634e to=0x0000000000000000000000000000000000000000
t=2023-06-02T16:09:00+0800 lvl=trce msg="Removed old queued transactions"        count=0
t=2023-06-02T16:09:00+0800 lvl=trce msg="Removed unpayable queued transactions"  count=0
t=2023-06-02T16:09:00+0800 lvl=trce msg="Promoted queued transactions"           count=1
t=2023-06-02T16:09:00+0800 lvl=trce msg="Pooled new future transaction"          hash=0x581826a025ff375c3581426c76db212d79691017135c4f3a4d40304d6cd4d15f from=0x66e0851F1a162869024b4C9f6b1C4Fc5cb4832F1 to=0x0000000000000000000000000000000000000000
t=2023-06-02T16:09:00+0800 lvl=trce msg="Removed old queued transactions"        count=0
t=2023-06-02T16:09:00+0800 lvl=trce msg="Removed unpayable queued transactions"  count=0
t=2023-06-02T16:09:00+0800 lvl=trce msg="Promoted queued transactions"           count=0
t=2023-06-02T16:09:00+0800 lvl=trce msg="Discarding freshly underpriced transaction" hash=0x4aafe459d89568e41e75a0ea06b12351ecab644d40a6a97f475f71fa1dc67ccc gasTipCap=13 gasFeeCap=713
t=2023-06-02T16:09:00+0800 lvl=trce msg="Pooled new future transaction"          hash=0x656eda7028d6b61e40df2b4ae19c0388f874a8e5df2819efb09d4d194488989a from=0x243c1B484Ebf03A0980863C8266EfC5E527203eb to=0x0000000000000000000000000000000000000000
t=2023-06-02T16:09:00+0800 lvl=trce msg="Removed old queued transactions"        count=0
t=2023-06-02T16:09:00+0800 lvl=trce msg="Removed unpayable queued transactions"  count=0
t=2023-06-02T16:09:00+0800 lvl=trce msg="Promoted queued transactions"           count=1
t=2023-06-02T16:09:00+0800 lvl=trce msg="Pooled new future transaction"          hash=0x2318cc76c4925b9b00dae5c7df67c26af300be6412a0e938b18bc599d75bf5f5 from=0x7628e7c918DAaf4dfbF615023fDBcF72b8479bCe to=0x0000000000000000000000000000000000000000
t=2023-06-02T16:09:00+0800 lvl=trce msg="Removed old queued transactions"        count=0
t=2023-06-02T16:09:00+0800 lvl=trce msg="Removed unpayable queued transactions"  count=0
t=2023-06-02T16:09:00+0800 lvl=trce msg="Promoted queued transactions"           count=1
t=2023-06-02T16:09:00+0800 lvl=trce msg="Pooled new future transaction"          hash=0x3aa6f455b276c835388b1e1e6d1e75f707d795f1696601d2f82fe70e032a629c from=0x7628e7c918DAaf4dfbF615023fDBcF72b8479bCe to=0x0000000000000000000000000000000000000000
t=2023-06-02T16:09:00+0800 lvl=trce msg="Removed old queued transactions"        count=0
t=2023-06-02T16:09:00+0800 lvl=trce msg="Removed unpayable queued transactions"  count=0
t=2023-06-02T16:09:00+0800 lvl=trce msg="Discarding freshly underpriced transaction" hash=0xcbe92d6f0cd30cf6eddd3b3eb8b7814a27cd21043d0a16889f0683f66cc7fcbd gasTipCap=14 gasFeeCap=714
t=2023-06-02T16:09:00+0800 lvl=trce msg="Pooled new future transaction"          hash=0x401ed56e5939b7e2f39aecc4d70b2edc0f32230eb6d0e37426b7c098815ee820 from=0xB548089FC0C8830a19bd1061b82D44EEb9E226E7 to=0x0000000000000000000000000000000000000000
t=2023-06-02T16:09:00+0800 lvl=trce msg="Removed old queued transactions"        count=0
t=2023-06-02T16:09:00+0800 lvl=trce msg="Removed unpayable queued transactions"  count=0
t=2023-06-02T16:09:00+0800 lvl=trce msg="Promoted queued transactions"           count=1
t=2023-06-02T16:09:00+0800 lvl=trce msg="Promoted queued transactions"           count=0
t=2023-06-02T16:09:00+0800 lvl=trce msg="Pooled new future transaction"          hash=0xddd7b79b85af7d2d7177fef398db999c8d1594ada45e071f0941726cb6148c33 from=0x66e0851F1a162869024b4C9f6b1C4Fc5cb4832F1 to=0x0000000000000000000000000000000000000000
t=2023-06-02T16:09:00+0800 lvl=trce msg="Discarding freshly underpriced transaction" hash=0xcc96356fc4663c080f61e80e62546184b51a32c75eef21cf71027a823009e6a1 gasTipCap=15 gasFeeCap=715
t=2023-06-02T16:09:00+0800 lvl=trce msg="Pooled new future transaction"          hash=0x894fffcdf1631d4ec8d6927f4b218f24fd73fe1c181d99a45989429c82c2bb76 from=0xfA2820CF69056eAbcC0467a0D20495184D973667 to=0x0000000000000000000000000000000000000000
t=2023-06-02T16:09:00+0800 lvl=trce msg="Removed old queued transactions"        count=0
t=2023-06-02T16:09:00+0800 lvl=trce msg="Removed unpayable queued transactions"  count=0
t=2023-06-02T16:09:00+0800 lvl=trce msg="Removed old queued transactions"        count=0
t=2023-06-02T16:09:00+0800 lvl=trce msg="Removed unpayable queued transactions"  count=0
t=2023-06-02T16:09:00+0800 lvl=trce msg="Promoted queued transactions"           count=1
t=2023-06-02T16:09:00+0800 lvl=trce msg="Promoted queued transactions"           count=1
t=2023-06-02T16:09:00+0800 lvl=trce msg="Pooled new future transaction"          hash=0xdc1b193153262392a5889418d430430a6b30ab5dbef9d368ea1cf08c3e5a99f7 from=0x66e0851F1a162869024b4C9f6b1C4Fc5cb4832F1 to=0x0000000000000000000000000000000000000000
t=2023-06-02T16:09:00+0800 lvl=trce msg="Removed old queued transactions"        count=0
t=2023-06-02T16:09:00+0800 lvl=trce msg="Discarding freshly underpriced transaction" hash=0x343b102cc23e0404b52baaa5beaabcf4ef68b76c18b409f1f3a4b45ffb4c752a gasTipCap=16 gasFeeCap=716
t=2023-06-02T16:09:00+0800 lvl=trce msg="Pooled new future transaction"          hash=0x35e89856e74d5b00597499732cc6ce41e77def76e28bd1fe3b63f7108e99bb2f from=0x204992eBb5026600c12304C82F8CdC9C646b9048 to=0x0000000000000000000000000000000000000000
t=2023-06-02T16:09:00+0800 lvl=trce msg="Removed old queued transactions"        count=0
t=2023-06-02T16:09:00+0800 lvl=trce msg="Removed unpayable queued transactions"  count=0
t=2023-06-02T16:09:00+0800 lvl=trce msg="Promoted queued transactions"           count=1
t=2023-06-02T16:09:00+0800 lvl=trce msg="Removed unpayable queued transactions"  count=0
t=2023-06-02T16:09:00+0800 lvl=trce msg="Promoted queued transactions"           count=0
t=2023-06-02T16:09:00+0800 lvl=trce msg="Pooled new future transaction"          hash=0xe897cf9d2d57778d9c70c5fa628f564d15f1869304c70b9b97af804a74b5f064 from=0x7628e7c918DAaf4dfbF615023fDBcF72b8479bCe to=0x0000000000000000000000000000000000000000
t=2023-06-02T16:09:00+0800 lvl=trce msg="Removed old queued transactions"        count=0
t=2023-06-02T16:09:00+0800 lvl=trce msg="Removed unpayable queued transactions"  count=0
t=2023-06-02T16:09:00+0800 lvl=trce msg="Promoted queued transactions"           count=1
t=2023-06-02T16:09:00+0800 lvl=trce msg="Discarding freshly underpriced transaction" hash=0xb91f631beb5922c676c700099dd0d99e2c7ed295f66b60cadcbb995f3afaf773 gasTipCap=17 gasFeeCap=717
t=2023-06-02T16:09:00+0800 lvl=trce msg="Pooled new future transaction"          hash=0x170bfa1a0711e399dbb7fe0995ee401005887280405a981a19d4043b039417a1 from=0xe360866a1e817F38147bc281A09092B4d6Cbaf2D to=0x0000000000000000000000000000000000000000
t=2023-06-02T16:09:00+0800 lvl=trce msg="Pooled new future transaction"          hash=0x5014ebc1e7816de477132caafb00fe0c8450bbc52c29ff2f8b7ee65e2e28dc54 from=0x7628e7c918DAaf4dfbF615023fDBcF72b8479bCe to=0x0000000000000000000000000000000000000000
t=2023-06-02T16:09:00+0800 lvl=trce msg="Removed old queued transactions"        count=0
t=2023-06-02T16:09:00+0800 lvl=trce msg="Removed unpayable queued transactions"  count=0
t=2023-06-02T16:09:00+0800 lvl=trce msg="Promoted queued transactions"           count=0
t=2023-06-02T16:09:00+0800 lvl=trce msg="Removed old queued transactions"        count=0
t=2023-06-02T16:09:00+0800 lvl=trce msg="Removed unpayable queued transactions"  count=0
t=2023-06-02T16:09:00+0800 lvl=trce msg="Promoted queued transactions"           count=1
t=2023-06-02T16:09:00+0800 lvl=trce msg="Pooled new future transaction"          hash=0x6ba50902eb13ae6692ee8c6e841c9608ea72d54d8ecb0c53bc71ac1abc8ddccf from=0x66e0851F1a162869024b4C9f6b1C4Fc5cb4832F1 to=0x0000000000000000000000000000000000000000
t=2023-06-02T16:09:00+0800 lvl=trce msg="Removed old queued transactions"        count=0
t=2023-06-02T16:09:00+0800 lvl=trce msg="Removed unpayable queued transactions"  count=0
t=2023-06-02T16:09:00+0800 lvl=trce msg="Promoted queued transactions"           count=1
t=2023-06-02T16:09:00+0800 lvl=trce msg="Discarding freshly underpriced transaction" hash=0x188376263c3999d9fbfcf82d577ba450c19fc18195d8c86186754c15b4e13789 gasTipCap=18 gasFeeCap=718
t=2023-06-02T16:09:00+0800 lvl=trce msg="Pooled new future transaction"          hash=0x64bebdff92972a31018cad480d2262c99d376d2717148d91b6f58816800438b4 from=0x83430255cEe1E88879626D7003f46C58ca3230CD to=0x0000000000000000000000000000000000000000
t=2023-06-02T16:09:00+0800 lvl=trce msg="Pooled new future transaction"          hash=0xf15ad515c323bee0e5c140af4b918f39aa545bd4fc5c179e3f5350e897d482c4 from=0x66e0851F1a162869024b4C9f6b1C4Fc5cb4832F1 to=0x0000000000000000000000000000000000000000
t=2023-06-02T16:09:00+0800 lvl=trce msg="Removed old queued transactions"        count=0
t=2023-06-02T16:09:00+0800 lvl=trce msg="Removed old queued transactions"        count=0
t=2023-06-02T16:09:00+0800 lvl=trce msg="Removed unpayable queued transactions"  count=0
t=2023-06-02T16:09:00+0800 lvl=trce msg="Promoted queued transactions"           count=1
t=2023-06-02T16:09:00+0800 lvl=trce msg="Removed unpayable queued transactions"  count=0
t=2023-06-02T16:09:00+0800 lvl=trce msg="Promoted queued transactions"           count=0
t=2023-06-02T16:09:00+0800 lvl=trce msg="Pooled new future transaction"          hash=0x86c826d6bf2d8ff3749bcc1d83b41f2d60cb7356c6d19f6edcfe772c49c1ee44 from=0x7628e7c918DAaf4dfbF615023fDBcF72b8479bCe to=0x0000000000000000000000000000000000000000
t=2023-06-02T16:09:00+0800 lvl=trce msg="Discarding freshly underpriced transaction" hash=0xecdfeef565094bd07c30ba6d9c9bd386af606eb9068f563b2482bc4178a08cf2 gasTipCap=19 gasFeeCap=719
t=2023-06-02T16:09:00+0800 lvl=trce msg="Pooled new future transaction"          hash=0x783eed46e40d8514870d1548763938e5ead6569546f8568ddd8a185d73833caf from=0x5b99b7bFF2742A39339C05808FEdD38B89e56883 to=0x0000000000000000000000000000000000000000
t=2023-06-02T16:09:00+0800 lvl=trce msg="Removed old queued transactions"        count=0
t=2023-06-02T16:09:00+0800 lvl=trce msg="Removed unpayable queued transactions"  count=0
t=2023-06-02T16:09:00+0800 lvl=trce msg="Promoted queued transactions"           count=1
t=2023-06-02T16:09:00+0800 lvl=trce msg="Removed old queued transactions"        count=0
t=2023-06-02T16:09:00+0800 lvl=trce msg="Removed unpayable queued transactions"  count=0
t=2023-06-02T16:09:00+0800 lvl=trce msg="Promoted queued transactions"           count=1
t=2023-06-02T16:09:00+0800 lvl=trce msg="Pooled new future transaction"          hash=0xe572da332901f0610470146a5d1ad8f7724270fdf639e00706cc9628503af5ab from=0x7628e7c918DAaf4dfbF615023fDBcF72b8479bCe to=0x0000000000000000000000000000000000000000
t=2023-06-02T16:09:00+0800 lvl=trce msg="Discarding freshly underpriced transaction" hash=0x5891a01858a3bb45f9f9ebbf420a626ba494dfaeb64776fe84d90ad9ef75e6e4 gasTipCap=20 gasFeeCap=720
t=2023-06-02T16:09:00+0800 lvl=trce msg="Removed old queued transactions"        count=0
t=2023-06-02T16:09:00+0800 lvl=trce msg="Pooled new future transaction"          hash=0x9c102ee466ca0ae80ce475a2d33339f8912950a9b4b444f7296e3f8f0b91d181 from=0xdD6171B1e922D6C7fcFa08F935DaF1E8250BD529 to=0x0000000000000000000000000000000000000000
t=2023-06-02T16:09:00+0800 lvl=trce msg="Removed old queued transactions"        count=0
t=2023-06-02T16:09:00+0800 lvl=trce msg="Removed unpayable queued transactions"  count=0
t=2023-06-02T16:09:00+0800 lvl=trce msg="Promoted queued transactions"           count=1
t=2023-06-02T16:09:00+0800 lvl=trce msg="Removed unpayable queued transactions"  count=0
t=2023-06-02T16:09:00+0800 lvl=trce msg="Promoted queued transactions"           count=0
t=2023-06-02T16:09:00+0800 lvl=trce msg="Discarding freshly underpriced transaction" hash=0x0ac9291e62f0c950695b87eeabd94f7ed2dfedced3d713f6e0876a493480c8e3 gasTipCap=1  gasFeeCap=801
t=2023-06-02T16:09:00+0800 lvl=trce msg="Pooled new future transaction"          hash=0x770b34a0d6f6147f1d99f90d3219d5c295402fde60a1ea9031dd2974f3604ddb from=0x041554a9294808e0dEA325aD6A5f350C6E0Cfd4a to=0x0000000000000000000000000000000000000000
t=2023-06-02T16:09:00+0800 lvl=trce msg="Removed old queued transactions"        count=0
t=2023-06-02T16:09:00+0800 lvl=trce msg="Removed unpayable queued transactions"  count=0
t=2023-06-02T16:09:00+0800 lvl=trce msg="Promoted queued transactions"           count=1
t=2023-06-02T16:09:00+0800 lvl=trce msg="Pooled new future transaction"          hash=0x77ea11e8163c893e333038f50affe6132d61b1e3b47ba463ae31fc8521bbb842 from=0x66e0851F1a162869024b4C9f6b1C4Fc5cb4832F1 to=0x0000000000000000000000000000000000000000
t=2023-06-02T16:09:00+0800 lvl=trce msg="Removed old queued transactions"        count=0
t=2023-06-02T16:09:00+0800 lvl=trce msg="Removed unpayable queued transactions"  count=0
t=2023-06-02T16:09:00+0800 lvl=trce msg="Promoted queued transactions"           count=1
t=2023-06-02T16:09:00+0800 lvl=trce msg="Pooled new future transaction"          hash=0x2be5a8cbf28deb88d2247d120f037682f925c4480aab660dbb4faf5046e486e8 from=0x66e0851F1a162869024b4C9f6b1C4Fc5cb4832F1 to=0x0000000000000000000000000000000000000000
t=2023-06-02T16:09:00+0800 lvl=trce msg="Discarding freshly underpriced transaction" hash=0xda1de93a649607de9f6a16b7219708c716080e8a470d0b4ff48f02b36e704ad9 gasTipCap=1  gasFeeCap=916
t=2023-06-02T16:09:00+0800 lvl=trce msg="Pooled new future transaction"          hash=0x13bb5bce970e19e781c94772a18c7ee053beaf9f6342b5a9b754a3c2c0b7e570 from=0x81B6c9DD86513ffb89DD288bA750bB3A0Afa20Ba to=0x0000000000000000000000000000000000000000
t=2023-06-02T16:09:00+0800 lvl=trce msg="Removed old queued transactions"        count=0
t=2023-06-02T16:09:00+0800 lvl=trce msg="Removed unpayable queued transactions"  count=0
t=2023-06-02T16:09:00+0800 lvl=trce msg="Promoted queued transactions"           count=0
t=2023-06-02T16:09:00+0800 lvl=trce msg="Removed old queued transactions"        count=0
t=2023-06-02T16:09:00+0800 lvl=trce msg="Removed unpayable queued transactions"  count=0
t=2023-06-02T16:09:00+0800 lvl=trce msg="Promoted queued transactions"           count=1
t=2023-06-02T16:09:00+0800 lvl=trce msg="Pooled new future transaction"          hash=0x786b67b9f182a59800e503cfd640d63a870002f00ebb6f5076aa0d61e131e947 from=0x7628e7c918DAaf4dfbF615023fDBcF72b8479bCe to=0x0000000000000000000000000000000000000000
t=2023-06-02T16:09:00+0800 lvl=trce msg="Removed old queued transactions"        count=0
t=2023-06-02T16:09:00+0800 lvl=trce msg="Removed unpayable queued transactions"  count=0
t=2023-06-02T16:09:00+0800 lvl=trce msg="Promoted queued transactions"           count=1
t=2023-06-02T16:09:00+0800 lvl=trce msg="Discarding freshly underpriced transaction" hash=0x272e7c7ae2b2632dffbd8766ecd171809cd5f0176e9973927aa0c7dffc1158b5 gasTipCap=2  gasFeeCap=802
t=2023-06-02T16:09:00+0800 lvl=trce msg="Pooled new future transaction"          hash=0x02880e7e1652cbcf27f5a9820a5c15e91af4e1f513966d6b8096f4ed9c5037e7 from=0xFe9944391Ca3c226e717c055873C6E9920612328 to=0x0000000000000000000000000000000000000000
t=2023-06-02T16:09:00+0800 lvl=trce msg="Removed old queued transactions"        count=0
t=2023-06-02T16:09:00+0800 lvl=trce msg="Removed unpayable queued transactions"  count=0
t=2023-06-02T16:09:00+0800 lvl=trce msg="Promoted queued transactions"           count=1
t=2023-06-02T16:09:00+0800 lvl=trce msg="Pooled new future transaction"          hash=0x3d10c0ec7717b8c8e74fc916c15beff10b72eebec45de4cecd627993a39c3da0 from=0x7628e7c918DAaf4dfbF615023fDBcF72b8479bCe to=0x0000000000000000000000000000000000000000
t=2023-06-02T16:09:00+0800 lvl=trce msg="Removed old queued transactions"        count=0
t=2023-06-02T16:09:00+0800 lvl=trce msg="Removed unpayable queued transactions"  count=0
t=2023-06-02T16:09:00+0800 lvl=trce msg="Promoted queued transactions"           count=0
t=2023-06-02T16:09:00+0800 lvl=trce msg="Pooled new future transaction"          hash=0xd5e6390d2a44c1357d654389b83ab9bc84b5b69daacc64e98abb2c29d8aef0c1 from=0x66e0851F1a162869024b4C9f6b1C4Fc5cb4832F1 to=0x0000000000000000000000000000000000000000
t=2023-06-02T16:09:00+0800 lvl=trce msg="Discarding freshly underpriced transaction" hash=0xe439f65b10a4be57e4f23c4ad964f2c4515d671f0f130fbd8b2a76e771ebe36d gasTipCap=3  gasFeeCap=803
t=2023-06-02T16:09:00+0800 lvl=trce msg="Pooled new future transaction"          hash=0x4257e28eaabf05aa9fff6df9dc142bccb9ae6695b4da59296c7e574a131e5b4d from=0x42e97a52cBE1D9370D5A71e06f09760dC47cDB26 to=0x0000000000000000000000000000000000000000
t=2023-06-02T16:09:00+0800 lvl=trce msg="Removed old queued transactions"        count=0
t=2023-06-02T16:09:00+0800 lvl=trce msg="Removed unpayable queued transactions"  count=0
t=2023-06-02T16:09:00+0800 lvl=trce msg="Promoted queued transactions"           count=1
t=2023-06-02T16:09:00+0800 lvl=trce msg="Removed old queued transactions"        count=0
t=2023-06-02T16:09:00+0800 lvl=trce msg="Removed unpayable queued transactions"  count=0
t=2023-06-02T16:09:00+0800 lvl=trce msg="Promoted queued transactions"           count=1
t=2023-06-02T16:09:00+0800 lvl=trce msg="Pooled new future transaction"          hash=0xcec4ff693bd3b48f3af3b2e1be6762c7fbf33a80e62ddebc1099da1400514f82 from=0x66e0851F1a162869024b4C9f6b1C4Fc5cb4832F1 to=0x0000000000000000000000000000000000000000
t=2023-06-02T16:09:00+0800 lvl=trce msg="Removed old queued transactions"        count=0
t=2023-06-02T16:09:00+0800 lvl=trce msg="Removed unpayable queued transactions"  count=0
t=2023-06-02T16:09:00+0800 lvl=trce msg="Promoted queued transactions"           count=0
t=2023-06-02T16:09:00+0800 lvl=trce msg="Discarding freshly underpriced transaction" hash=0x1ef91841704e5391f1c9ecaa89f143f1e88749f96b0b34fb9f4dca633f09ac5b gasTipCap=4  gasFeeCap=804
t=2023-06-02T16:09:00+0800 lvl=trce msg="Pooled new future transaction"          hash=0xd00f3bb6343d42454d49b1316785ada5c658976fc6b0521eb8c2a72472dededd from=0xCD6024c5f7aDA98F87B7af61B20c092AEC8Ce39C to=0x0000000000000000000000000000000000000000
t=2023-06-02T16:09:00+0800 lvl=trce msg="Removed old queued transactions"        count=0
t=2023-06-02T16:09:00+0800 lvl=trce msg="Removed unpayable queued transactions"  count=0
t=2023-06-02T16:09:00+0800 lvl=trce msg="Promoted queued transactions"           count=1
t=2023-06-02T16:09:00+0800 lvl=trce msg="Pooled new future transaction"          hash=0x33ecedef7f794977300eaa0b7206a53c7a477c5f3ce3886849ba5a5329f89300 from=0x7628e7c918DAaf4dfbF615023fDBcF72b8479bCe to=0x0000000000000000000000000000000000000000
t=2023-06-02T16:09:00+0800 lvl=trce msg="Removed old queued transactions"        count=0
t=2023-06-02T16:09:00+0800 lvl=trce msg="Removed unpayable queued transactions"  count=0
t=2023-06-02T16:09:00+0800 lvl=trce msg="Promoted queued transactions"           count=1
t=2023-06-02T16:09:00+0800 lvl=trce msg="Discarding freshly underpriced transaction" hash=0x6682bf6e9f217432e3a81f0499126949e73885ba6fdc291333122f31b1927b30 gasTipCap=1  gasFeeCap=917
t=2023-06-02T16:09:00+0800 lvl=trce msg="Pooled new future transaction"          hash=0x896241600e00a79a9d24688f40236785899d2a90195ca3f66650a53caa3821e0 from=0x8C1Cb707f2d7D5f9539ccB799898457DD4ff9Ddc to=0x0000000000000000000000000000000000000000
t=2023-06-02T16:09:00+0800 lvl=trce msg="Removed old queued transactions"        count=0
t=2023-06-02T16:09:00+0800 lvl=trce msg="Removed unpayable queued transactions"  count=0
t=2023-06-02T16:09:00+0800 lvl=trce msg="Promoted queued transactions"           count=1
t=2023-06-02T16:09:00+0800 lvl=trce msg="Pooled new future transaction"          hash=0x011c954d2edc7ce38fa616416301b88acb0916fcce900c382d17e4e9586b190a from=0x7628e7c918DAaf4dfbF615023fDBcF72b8479bCe to=0x0000000000000000000000000000000000000000
t=2023-06-02T16:09:00+0800 lvl=trce msg="Removed old queued transactions"        count=0
t=2023-06-02T16:09:00+0800 lvl=trce msg="Removed unpayable queued transactions"  count=0
t=2023-06-02T16:09:00+0800 lvl=trce msg="Promoted queued transactions"           count=0
t=2023-06-02T16:09:00+0800 lvl=trce msg="Discarding freshly underpriced transaction" hash=0x4fecbad239be19900632318e1fc948b327d406c9b1332e55905889a79e53ffcf gasTipCap=1  gasFeeCap=918
t=2023-06-02T16:09:00+0800 lvl=trce msg="Pooled new future transaction"          hash=0x69c5c8943409994756ce98f57c465808a436919a788dc27b462b325e9ffa2f6f from=0xD326D8166B131B8CB6A6A40d53306cA5A4E54371 to=0x0000000000000000000000000000000000000000
t=2023-06-02T16:09:00+0800 lvl=trce msg="Removed old queued transactions"        count=0
t=2023-06-02T16:09:00+0800 lvl=trce msg="Removed unpayable queued transactions"  count=0
t=2023-06-02T16:09:00+0800 lvl=trce msg="Promoted queued transactions"           count=1
t=2023-06-02T16:09:00+0800 lvl=trce msg="Pooled new future transaction"          hash=0xb76cf30a1614f33b30898f02bfd40741cc2ee4e3c57e69b9b86b52b87f8692c2 from=0x66e0851F1a162869024b4C9f6b1C4Fc5cb4832F1 to=0x0000000000000000000000000000000000000000
t=2023-06-02T16:09:00+0800 lvl=trce msg="Removed old queued transactions"        count=0
t=2023-06-02T16:09:00+0800 lvl=trce msg="Removed unpayable queued transactions"  count=0
t=2023-06-02T16:09:00+0800 lvl=trce msg="Promoted queued transactions"           count=1
t=2023-06-02T16:09:00+0800 lvl=trce msg="Pooled new future transaction"          hash=0xf536fd6a92707a5c882362a62d247695b10608577cc48a322ae66c5b6f2f3a46 from=0x66e0851F1a162869024b4C9f6b1C4Fc5cb4832F1 to=0x0000000000000000000000000000000000000000
t=2023-06-02T16:09:00+0800 lvl=trce msg="Removed old queued transactions"        count=0
t=2023-06-02T16:09:00+0800 lvl=trce msg="Removed unpayable queued transactions"  count=0
t=2023-06-02T16:09:00+0800 lvl=trce msg="Promoted queued transactions"           count=0
t=2023-06-02T16:09:00+0800 lvl=trce msg="Discarding freshly underpriced transaction" hash=0x19f22d2cbb728a59cea2f98344779701ff53cad043c56a1da32e7458cf5ac681 gasTipCap=1  gasFeeCap=919
t=2023-06-02T16:09:00+0800 lvl=trce msg="Pooled new future transaction"          hash=0xc10f589a239fe60946375a89e8648be08ee711b1389be9dca031a59bed2bbb4e from=0x2C7aC3BD7FEeD02Cc2013F659231a635d08C3690 to=0x0000000000000000000000000000000000000000
t=2023-06-02T16:09:00+0800 lvl=trce msg="Removed old queued transactions"        count=0
t=2023-06-02T16:09:00+0800 lvl=trce msg="Removed unpayable queued transactions"  count=0
t=2023-06-02T16:09:00+0800 lvl=trce msg="Promoted queued transactions"           count=1
t=2023-06-02T16:09:00+0800 lvl=trce msg="Pooled new future transaction"          hash=0xe58fb907442deae07d1fc1db07dae5ff56cac4c52d1f1a367af9b6832683daa7 from=0x7628e7c918DAaf4dfbF615023fDBcF72b8479bCe to=0x0000000000000000000000000000000000000000
t=2023-06-02T16:09:00+0800 lvl=trce msg="Removed old queued transactions"        count=0
t=2023-06-02T16:09:00+0800 lvl=trce msg="Removed unpayable queued transactions"  count=0
t=2023-06-02T16:09:00+0800 lvl=trce msg="Promoted queued transactions"           count=1
t=2023-06-02T16:09:00+0800 lvl=trce msg="Discarding freshly underpriced transaction" hash=0xd00f3bb6343d42454d49b1316785ada5c658976fc6b0521eb8c2a72472dededd gasTipCap=1  gasFeeCap=1000
t=2023-06-02T16:09:00+0800 lvl=trce msg="Pooled new future transaction"          hash=0x3634b19ed2f9866777c6cadd196b2b6b9c7a54ec65f119d067fd592236103a71 from=0x33ca8dB86994047b1ccfC867fd069Ec87D458b25 to=0x0000000000000000000000000000000000000000
t=2023-06-02T16:09:00+0800 lvl=trce msg="Pooled new future transaction"          hash=0xfddae445b1231332111d0cebeea5343cd628e713ef94e1e34940621788442007 from=0x7628e7c918DAaf4dfbF615023fDBcF72b8479bCe to=0x0000000000000000000000000000000000000000
t=2023-06-02T16:09:00+0800 lvl=trce msg="Removed old queued transactions"        count=0
t=2023-06-02T16:09:00+0800 lvl=trce msg="Removed unpayable queued transactions"  count=0
t=2023-06-02T16:09:00+0800 lvl=trce msg="Promoted queued transactions"           count=1
t=2023-06-02T16:09:00+0800 lvl=trce msg="Removed old queued transactions"        count=0
t=2023-06-02T16:09:00+0800 lvl=trce msg="Removed unpayable queued transactions"  count=0
t=2023-06-02T16:09:00+0800 lvl=trce msg="Promoted queued transactions"           count=0
t=2023-06-02T16:09:00+0800 lvl=trce msg="Pooled new future transaction"          hash=0x7cbf589556069888bffbca9f3cebe259da7d8bb54093b77a687be8169f4a6de2 from=0x66e0851F1a162869024b4C9f6b1C4Fc5cb4832F1 to=0x0000000000000000000000000000000000000000
t=2023-06-02T16:09:00+0800 lvl=trce msg="Discarding freshly underpriced transaction" hash=0x896241600e00a79a9d24688f40236785899d2a90195ca3f66650a53caa3821e0 gasTipCap=1  gasFeeCap=1001
t=2023-06-02T16:09:00+0800 lvl=trce msg="Pooled new future transaction"          hash=0x7881f5956452081862058739e829026a4111af289d98e08ad04fedc0b1d1953d from=0x8C82A20A05CC68Cc31D1FF5E4Cb899Ff49162b16 to=0x0000000000000000000000000000000000000000
t=2023-06-02T16:09:00+0800 lvl=trce msg="Removed old queued transactions"        count=0
t=2023-06-02T16:09:00+0800 lvl=trce msg="Removed unpayable queued transactions"  count=0
t=2023-06-02T16:09:00+0800 lvl=trce msg="Promoted queued transactions"           count=1
t=2023-06-02T16:09:00+0800 lvl=trce msg="Removed old queued transactions"        count=0
t=2023-06-02T16:09:00+0800 lvl=trce msg="Removed unpayable queued transactions"  count=0
t=2023-06-02T16:09:00+0800 lvl=trce msg="Promoted queued transactions"           count=1
t=2023-06-02T16:09:00+0800 lvl=trce msg="Pooled new future transaction"          hash=0xdbf7e446938225065308f7d91ebd9ff2d665761350fff3bcfd31e64787166f88 from=0x66e0851F1a162869024b4C9f6b1C4Fc5cb4832F1 to=0x0000000000000000000000000000000000000000
t=2023-06-02T16:09:00+0800 lvl=trce msg="Discarding freshly underpriced transaction" hash=0x69c5c8943409994756ce98f57c465808a436919a788dc27b462b325e9ffa2f6f gasTipCap=1  gasFeeCap=1002
t=2023-06-02T16:09:00+0800 lvl=trce msg="Pooled new future transaction"          hash=0x77b805f05654fa8e1ba88d66e3a515046d425a8ccf897e1c75a1650611297b99 from=0x5d9049ACD71b2C3F61fB4Aab536B495EabFC47B6 to=0x0000000000000000000000000000000000000000
t=2023-06-02T16:09:00+0800 lvl=trce msg="Removed old queued transactions"        count=0
t=2023-06-02T16:09:00+0800 lvl=trce msg="Removed unpayable queued transactions"  count=0
t=2023-06-02T16:09:00+0800 lvl=trce msg="Promoted queued transactions"           count=0
t=2023-06-02T16:09:00+0800 lvl=trce msg="Removed old queued transactions"        count=0
t=2023-06-02T16:09:00+0800 lvl=trce msg="Removed unpayable queued transactions"  count=0
t=2023-06-02T16:09:00+0800 lvl=trce msg="Promoted queued transactions"           count=1
t=2023-06-02T16:09:00+0800 lvl=trce msg="Pooled new future transaction"          hash=0x3e8246309d7c828db8275e26787ad248f49040f5f8d53a906358058b20d4b721 from=0x7628e7c918DAaf4dfbF615023fDBcF72b8479bCe to=0x0000000000000000000000000000000000000000
t=2023-06-02T16:09:00+0800 lvl=trce msg="Removed old queued transactions"        count=0
t=2023-06-02T16:09:00+0800 lvl=trce msg="Removed unpayable queued transactions"  count=0
t=2023-06-02T16:09:00+0800 lvl=trce msg="Promoted queued transactions"           count=1
t=2023-06-02T16:09:00+0800 lvl=trce msg="Discarding freshly underpriced transaction" hash=0xc10f589a239fe60946375a89e8648be08ee711b1389be9dca031a59bed2bbb4e gasTipCap=1  gasFeeCap=1003
t=2023-06-02T16:09:00+0800 lvl=trce msg="Pooled new future transaction"          hash=0x02c8208c49276cacdd140acf49cd63fd1a282191d0d71f9e7551464bde3ba1f4 from=0x90Cbf656D8Eead49E5422d1546CFB24A47a5f4a8 to=0x0000000000000000000000000000000000000000
t=2023-06-02T16:09:00+0800 lvl=trce msg="Removed old queued transactions"        count=0
t=2023-06-02T16:09:00+0800 lvl=trce msg="Removed unpayable queued transactions"  count=0
t=2023-06-02T16:09:00+0800 lvl=trce msg="Promoted queued transactions"           count=1
t=2023-06-02T16:09:00+0800 lvl=trce msg="Pooled new future transaction"          hash=0x41b976b99b2f003eff941740a670e1057b8f6050d796f099510d4d2fcf73b62b from=0x7628e7c918DAaf4dfbF615023fDBcF72b8479bCe to=0x0000000000000000000000000000000000000000
t=2023-06-02T16:09:00+0800 lvl=trce msg="Removed old queued transactions"        count=0
t=2023-06-02T16:09:00+0800 lvl=trce msg="Removed unpayable queued transactions"  count=0
t=2023-06-02T16:09:00+0800 lvl=trce msg="Promoted queued transactions"           count=0
t=2023-06-02T16:09:00+0800 lvl=trce msg="Discarding freshly underpriced transaction" hash=0x3634b19ed2f9866777c6cadd196b2b6b9c7a54ec65f119d067fd592236103a71 gasTipCap=1  gasFeeCap=1004
t=2023-06-02T16:09:00+0800 lvl=trce msg="Pooled new future transaction"          hash=0x70c8d62a8f883f2e831a3c0eec3dc596c566d2f8edff4d75f872b96dc24c38ac from=0x721Ab882129D69D29B8aF9a95cF247522856Ded9 to=0x0000000000000000000000000000000000000000
t=2023-06-02T16:09:00+0800 lvl=trce msg="Removed old queued transactions"        count=0
t=2023-06-02T16:09:00+0800 lvl=trce msg="Removed unpayable queued transactions"  count=0
t=2023-06-02T16:09:00+0800 lvl=trce msg="Promoted queued transactions"           count=1
t=2023-06-02T16:09:00+0800 lvl=trce msg="Pooled new future transaction"          hash=0xc667c56ad31063ef23098329582cb8d4d3393f71eb1c76bf25e7f0afebb00130 from=0x66e0851F1a162869024b4C9f6b1C4Fc5cb4832F1 to=0x0000000000000000000000000000000000000000
t=2023-06-02T16:09:00+0800 lvl=trce msg="Removed old queued transactions"        count=0
t=2023-06-02T16:09:00+0800 lvl=trce msg="Removed unpayable queued transactions"  count=0
t=2023-06-02T16:09:00+0800 lvl=trce msg="Promoted queued transactions"           count=1
t=2023-06-02T16:09:00+0800 lvl=trce msg="Pooled new future transaction"          hash=0xbab9fdd9f9c4ffbdd4b76077c1d281e3015ac1d2a6f609f2a1d6e3f390ffc450 from=0x66e0851F1a162869024b4C9f6b1C4Fc5cb4832F1 to=0x0000000000000000000000000000000000000000
t=2023-06-02T16:09:00+0800 lvl=trce msg="Removed old queued transactions"        count=0
t=2023-06-02T16:09:00+0800 lvl=trce msg="Removed unpayable queued transactions"  count=0
t=2023-06-02T16:09:00+0800 lvl=trce msg="Discarding freshly underpriced transaction" hash=0x7881f5956452081862058739e829026a4111af289d98e08ad04fedc0b1d1953d gasTipCap=1  gasFeeCap=1005
t=2023-06-02T16:09:00+0800 lvl=trce msg="Pooled new future transaction"          hash=0x56f96d4a8f22eb652089ec86883fee5d117b21049a5ee2b39e936f17a5fccde5 from=0x52660edCf3BD5294327c26767696dfD1e8B78563 to=0x0000000000000000000000000000000000000000
t=2023-06-02T16:09:00+0800 lvl=trce msg="Removed old queued transactions"        count=0
t=2023-06-02T16:09:00+0800 lvl=trce msg="Removed unpayable queued transactions"  count=0
t=2023-06-02T16:09:00+0800 lvl=trce msg="Promoted queued transactions"           count=1
t=2023-06-02T16:09:00+0800 lvl=trce msg="Promoted queued transactions"           count=0
t=2023-06-02T16:09:00+0800 lvl=trce msg="Pooled new future transaction"          hash=0x41344973385b928f65c4955f66691ebfb2e8b1ccfab02fb9a0abece17701a8be from=0x7628e7c918DAaf4dfbF615023fDBcF72b8479bCe to=0x0000000000000000000000000000000000000000
t=2023-06-02T16:09:00+0800 lvl=trce msg="Removed old queued transactions"        count=0
t=2023-06-02T16:09:00+0800 lvl=trce msg="Removed unpayable queued transactions"  count=0
t=2023-06-02T16:09:00+0800 lvl=trce msg="Promoted queued transactions"           count=1
t=2023-06-02T16:09:00+0800 lvl=trce msg="Discarding freshly underpriced transaction" hash=0x77b805f05654fa8e1ba88d66e3a515046d425a8ccf897e1c75a1650611297b99 gasTipCap=1  gasFeeCap=1006
t=2023-06-02T16:09:00+0800 lvl=trce msg="Pooled new future transaction"          hash=0xfa263735c7248c40af69a43373567bce101d612416399d532aaf9efa2c51eaaa from=0x90FB1AD5C19613Cc234F44cC75dC4A470f8013c0 to=0x0000000000000000000000000000000000000000
t=2023-06-02T16:09:00+0800 lvl=trce msg="Removed old queued transactions"        count=0
t=2023-06-02T16:09:00+0800 lvl=trce msg="Removed unpayable queued transactions"  count=0
t=2023-06-02T16:09:00+0800 lvl=trce msg="Promoted queued transactions"           count=1
t=2023-06-02T16:09:00+0800 lvl=trce msg="Pooled new future transaction"          hash=0x20909e2b5f9ce379925e2442ae36af6c9a54f39d252b2eb3ebf205e672080bed from=0x7628e7c918DAaf4dfbF615023fDBcF72b8479bCe to=0x0000000000000000000000000000000000000000
t=2023-06-02T16:09:00+0800 lvl=trce msg="Removed old queued transactions"        count=0
t=2023-06-02T16:09:00+0800 lvl=trce msg="Removed unpayable queued transactions"  count=0
t=2023-06-02T16:09:00+0800 lvl=trce msg="Promoted queued transactions"           count=0
t=2023-06-02T16:09:00+0800 lvl=trce msg="Discarding freshly underpriced transaction" hash=0x02c8208c49276cacdd140acf49cd63fd1a282191d0d71f9e7551464bde3ba1f4 gasTipCap=1  gasFeeCap=1007
t=2023-06-02T16:09:00+0800 lvl=trce msg="Pooled new future transaction"          hash=0x54a4883edc3f1adb48eeb461aad7388cd916e7d4ea89e0606052e99073baf3b8 from=0xD8f820271702E74d3EF4c29aDda207162AFB14c1 to=0x0000000000000000000000000000000000000000
t=2023-06-02T16:09:00+0800 lvl=trce msg="Removed old queued transactions"        count=0
t=2023-06-02T16:09:00+0800 lvl=trce msg="Removed unpayable queued transactions"  count=0
t=2023-06-02T16:09:00+0800 lvl=trce msg="Promoted queued transactions"           count=1
t=2023-06-02T16:09:00+0800 lvl=trce msg="Pooled new future transaction"          hash=0x4947268e75590b1ad868b7f9db7d922ba963e36f3b90d2308d8b37b712235130 from=0x66e0851F1a162869024b4C9f6b1C4Fc5cb4832F1 to=0x0000000000000000000000000000000000000000
t=2023-06-02T16:09:00+0800 lvl=trce msg="Removed old queued transactions"        count=0
t=2023-06-02T16:09:00+0800 lvl=trce msg="Removed unpayable queued transactions"  count=0
t=2023-06-02T16:09:00+0800 lvl=trce msg="Discarding freshly underpriced transaction" hash=0x70c8d62a8f883f2e831a3c0eec3dc596c566d2f8edff4d75f872b96dc24c38ac gasTipCap=1  gasFeeCap=1008
t=2023-06-02T16:09:00+0800 lvl=trce msg="Promoted queued transactions"           count=1
t=2023-06-02T16:09:00+0800 lvl=trce msg="Pooled new future transaction"          hash=0xb62ed2610cb1be23467d0c5870f1bfc5602b14c7915e871bc218d6580e3645f9 from=0xa895df66Ef637ff3bdc347EA4E9ef9CED80D0488 to=0x0000000000000000000000000000000000000000
t=2023-06-02T16:09:00+0800 lvl=trce msg="Removed old queued transactions"        count=0
t=2023-06-02T16:09:00+0800 lvl=trce msg="Removed unpayable queued transactions"  count=0
t=2023-06-02T16:09:00+0800 lvl=trce msg="Promoted queued transactions"           count=1
t=2023-06-02T16:09:00+0800 lvl=trce msg="Pooled new future transaction"          hash=0x233f26bdc5030bca7213d55cc2797b967feb52c1297856b9438a7e4eda6dcbf1 from=0x66e0851F1a162869024b4C9f6b1C4Fc5cb4832F1 to=0x0000000000000000000000000000000000000000
t=2023-06-02T16:09:00+0800 lvl=trce msg="Discarding freshly underpriced transaction" hash=0x56f96d4a8f22eb652089ec86883fee5d117b21049a5ee2b39e936f17a5fccde5 gasTipCap=1  gasFeeCap=1009
t=2023-06-02T16:09:00+0800 lvl=trce msg="Removed old queued transactions"        count=0
t=2023-06-02T16:09:00+0800 lvl=trce msg="Removed unpayable queued transactions"  count=0
t=2023-06-02T16:09:00+0800 lvl=trce msg="Promoted queued transactions"           count=0
t=2023-06-02T16:09:00+0800 lvl=trce msg="Pooled new future transaction"          hash=0x62f36b6183fdca005a51bdc9498e4b7af6cb08b7def1825e302e4b26d9ce2980 from=0xdB24Cb80E97951bD4b7c87B23E1Cc3211dA78261 to=0x0000000000000000000000000000000000000000
t=2023-06-02T16:09:00+0800 lvl=trce msg="Removed old queued transactions"        count=0
t=2023-06-02T16:09:00+0800 lvl=trce msg="Removed unpayable queued transactions"  count=0
t=2023-06-02T16:09:00+0800 lvl=trce msg="Promoted queued transactions"           count=1
t=2023-06-02T16:09:00+0800 lvl=trce msg="Pooled new future transaction"          hash=0xd3646aaf4a212915ca01be81e6aa5d9c0baf467a3fb05c7fd91e31e0bf61d16d from=0x7628e7c918DAaf4dfbF615023fDBcF72b8479bCe to=0x0000000000000000000000000000000000000000
t=2023-06-02T16:09:00+0800 lvl=trce msg="Removed old queued transactions"        count=0
t=2023-06-02T16:09:00+0800 lvl=trce msg="Removed unpayable queued transactions"  count=0
t=2023-06-02T16:09:00+0800 lvl=trce msg="Promoted queued transactions"           count=1
t=2023-06-02T16:09:00+0800 lvl=trce msg="Discarding freshly underpriced transaction" hash=0xfa263735c7248c40af69a43373567bce101d612416399d532aaf9efa2c51eaaa gasTipCap=1  gasFeeCap=1010
t=2023-06-02T16:09:00+0800 lvl=trce msg="Pooled new future transaction"          hash=0x00e9a77058b1f6397752c582c205a1432c6bd47a5009b279ef55ec310dab6971 from=0x306203a5eAFaF464E2e8000045FE57b5236912Fb to=0x0000000000000000000000000000000000000000
t=2023-06-02T16:09:00+0800 lvl=trce msg="Removed old queued transactions"        count=0
t=2023-06-02T16:09:00+0800 lvl=trce msg="Removed unpayable queued transactions"  count=0
t=2023-06-02T16:09:00+0800 lvl=trce msg="Promoted queued transactions"           count=1
t=2023-06-02T16:09:00+0800 lvl=trce msg="Pooled new future transaction"          hash=0xd73d43122654ffc0d74f0f0832125c8417d501f48978a945f4ddb82e168c75cd from=0x7628e7c918DAaf4dfbF615023fDBcF72b8479bCe to=0x0000000000000000000000000000000000000000
t=2023-06-02T16:09:00+0800 lvl=trce msg="Removed old queued transactions"        count=0
t=2023-06-02T16:09:00+0800 lvl=trce msg="Removed unpayable queued transactions"  count=0
t=2023-06-02T16:09:00+0800 lvl=trce msg="Promoted queued transactions"           count=0
t=2023-06-02T16:09:00+0800 lvl=trce msg="Discarding freshly underpriced transaction" hash=0x54a4883edc3f1adb48eeb461aad7388cd916e7d4ea89e0606052e99073baf3b8 gasTipCap=1  gasFeeCap=1011
t=2023-06-02T16:09:00+0800 lvl=trce msg="Pooled new future transaction"          hash=0x790c3f0512b719fa92d506ba8a8277f5ca7b8bd44e76a58cced0c1f82facb024 from=0xeA6361B8C3c1fFC237a48c8C18473f63c8eD3F5D to=0x0000000000000000000000000000000000000000
t=2023-06-02T16:09:00+0800 lvl=trce msg="Removed old queued transactions"        count=0
t=2023-06-02T16:09:00+0800 lvl=trce msg="Removed unpayable queued transactions"  count=0
t=2023-06-02T16:09:00+0800 lvl=trce msg="Promoted queued transactions"           count=1
t=2023-06-02T16:09:00+0800 lvl=trce msg="Pooled new future transaction"          hash=0x3c1fbd0ff475c7d30032be0b4deb18896a240fd9e2e5296db06d2a0e3f163c6b from=0x66e0851F1a162869024b4C9f6b1C4Fc5cb4832F1 to=0x0000000000000000000000000000000000000000
t=2023-06-02T16:09:00+0800 lvl=trce msg="Removed old queued transactions"        count=0
t=2023-06-02T16:09:00+0800 lvl=trce msg="Removed unpayable queued transactions"  count=0
t=2023-06-02T16:09:00+0800 lvl=trce msg="Promoted queued transactions"           count=1
t=2023-06-02T16:09:00+0800 lvl=trce msg="Discarding freshly underpriced transaction" hash=0xb62ed2610cb1be23467d0c5870f1bfc5602b14c7915e871bc218d6580e3645f9 gasTipCap=1  gasFeeCap=1012
t=2023-06-02T16:09:00+0800 lvl=trce msg="Pooled new future transaction"          hash=0xb4a20bd905bbc4a73779c78253f3246b29c57f337811e878b0ce5f392cea1d4f from=0x2EcA906C18D2aBf3FA6871CDA82ef7461cd7d7c3 to=0x0000000000000000000000000000000000000000
t=2023-06-02T16:09:00+0800 lvl=trce msg="Removed old queued transactions"        count=0
t=2023-06-02T16:09:00+0800 lvl=trce msg="Removed unpayable queued transactions"  count=0
t=2023-06-02T16:09:00+0800 lvl=trce msg="Promoted queued transactions"           count=1
t=2023-06-02T16:09:00+0800 lvl=trce msg="Pooled new future transaction"          hash=0x7110008cdfdf12635d54906b2c62cda2b12fc17e8c0e91895c281b8d34201b42 from=0x66e0851F1a162869024b4C9f6b1C4Fc5cb4832F1 to=0x0000000000000000000000000000000000000000
t=2023-06-02T16:09:00+0800 lvl=trce msg="Removed old queued transactions"        count=0
t=2023-06-02T16:09:00+0800 lvl=trce msg="Removed unpayable queued transactions"  count=0
t=2023-06-02T16:09:00+0800 lvl=trce msg="Promoted queued transactions"           count=0
t=2023-06-02T16:09:00+0800 lvl=trce msg="Discarding freshly underpriced transaction" hash=0x62f36b6183fdca005a51bdc9498e4b7af6cb08b7def1825e302e4b26d9ce2980 gasTipCap=1  gasFeeCap=1013
t=2023-06-02T16:09:00+0800 lvl=trce msg="Pooled new future transaction"          hash=0x3f98d4775c6b6ed224420f7ceee9f74f04a8388c2c56b00def30814e270774a3 from=0x7628e7c918DAaf4dfbF615023fDBcF72b8479bCe to=0x0000000000000000000000000000000000000000
t=2023-06-02T16:09:00+0800 lvl=trce msg="Pooled new future transaction"          hash=0x8cb72e674f235b96ec3db4af5421e326ff25a054471dbdcf07edf806b2b3e800 from=0xa0530c21aD05C7E36F6BBd59F0c8DA57b067503C to=0x0000000000000000000000000000000000000000
t=2023-06-02T16:09:00+0800 lvl=trce msg="Removed old queued transactions"        count=0
t=2023-06-02T16:09:00+0800 lvl=trce msg="Removed unpayable queued transactions"  count=0
t=2023-06-02T16:09:00+0800 lvl=trce msg="Promoted queued transactions"           count=1
t=2023-06-02T16:09:00+0800 lvl=trce msg="Removed old queued transactions"        count=0
t=2023-06-02T16:09:00+0800 lvl=trce msg="Removed unpayable queued transactions"  count=0
t=2023-06-02T16:09:00+0800 lvl=trce msg="Promoted queued transactions"           count=1
t=2023-06-02T16:09:00+0800 lvl=trce msg="Pooled new future transaction"          hash=0x4e9c775eb1d80312ca99bab6f1832196ae2bc009f1d5e24b2225122e586288bd from=0x7628e7c918DAaf4dfbF615023fDBcF72b8479bCe to=0x0000000000000000000000000000000000000000
t=2023-06-02T16:09:00+0800 lvl=trce msg="Removed old queued transactions"        count=0
t=2023-06-02T16:09:00+0800 lvl=trce msg="Removed unpayable queued transactions"  count=0
t=2023-06-02T16:09:00+0800 lvl=trce msg="Promoted queued transactions"           count=0
t=2023-06-02T16:09:00+0800 lvl=trce msg="Discarding freshly underpriced transaction" hash=0x00e9a77058b1f6397752c582c205a1432c6bd47a5009b279ef55ec310dab6971 gasTipCap=1  gasFeeCap=1014
t=2023-06-02T16:09:00+0800 lvl=trce msg="Pooled new future transaction"          hash=0x7bbd77c7682eb81c423a85a94687bd4d7379636b2a23f940c99e26295df3738e from=0x3D495E86A27424e5ACaBA31279b5124Af4D6e5D6 to=0x0000000000000000000000000000000000000000
t=2023-06-02T16:09:00+0800 lvl=trce msg="Removed old queued transactions"        count=0
t=2023-06-02T16:09:00+0800 lvl=trce msg="Removed unpayable queued transactions"  count=0
t=2023-06-02T16:09:00+0800 lvl=trce msg="Pooled new future transaction"          hash=0xc3b02db86d21e15e0be3caf35c1323e908ec49cc997770a68008e81726be1b6b from=0x66e0851F1a162869024b4C9f6b1C4Fc5cb4832F1 to=0x0000000000000000000000000000000000000000
t=2023-06-02T16:09:00+0800 lvl=trce msg="Promoted queued transactions"           count=1
t=2023-06-02T16:09:00+0800 lvl=trce msg="Removed old queued transactions"        count=0
t=2023-06-02T16:09:00+0800 lvl=trce msg="Removed unpayable queued transactions"  count=0
t=2023-06-02T16:09:00+0800 lvl=trce msg="Promoted queued transactions"           count=1
t=2023-06-02T16:09:00+0800 lvl=trce msg="Pooled new future transaction"          hash=0xe0f05196dcb3c9585afa15399c59b0020af4d89868742a8eb025378e6bffbc33 from=0x66e0851F1a162869024b4C9f6b1C4Fc5cb4832F1 to=0x0000000000000000000000000000000000000000
t=2023-06-02T16:09:00+0800 lvl=trce msg="Discarding freshly underpriced transaction" hash=0x790c3f0512b719fa92d506ba8a8277f5ca7b8bd44e76a58cced0c1f82facb024 gasTipCap=1  gasFeeCap=1015
t=2023-06-02T16:09:00+0800 lvl=trce msg="Pooled new future transaction"          hash=0x959cef99aec46c38a4799c6392de1cd1930999b09cee5e34b6c028380d9573e2 from=0x10fa9e553cDa8d934b18Ed74C36E75197a276967 to=0x0000000000000000000000000000000000000000
t=2023-06-02T16:09:00+0800 lvl=trce msg="Removed old queued transactions"        count=0
t=2023-06-02T16:09:00+0800 lvl=trce msg="Removed unpayable queued transactions"  count=0
t=2023-06-02T16:09:00+0800 lvl=trce msg="Promoted queued transactions"           count=1
t=2023-06-02T16:09:00+0800 lvl=trce msg="Removed old queued transactions"        count=0
t=2023-06-02T16:09:00+0800 lvl=trce msg="Removed unpayable queued transactions"  count=0
t=2023-06-02T16:09:00+0800 lvl=trce msg="Promoted queued transactions"           count=0
t=2023-06-02T16:09:00+0800 lvl=trce msg="Pooled new future transaction"          hash=0x78a3dcc62cf1602b1e288df1da67d32b129ab0c98289169b78962e84191e1d41 from=0x7628e7c918DAaf4dfbF615023fDBcF72b8479bCe to=0x0000000000000000000000000000000000000000
t=2023-06-02T16:09:00+0800 lvl=trce msg="Discarding freshly underpriced transaction" hash=0x6ae5780bdd1f2d2b5e9be2928c95c17ee16a9a30c3b07cfb737e1785e3370638 gasTipCap=5  gasFeeCap=805
t=2023-06-02T16:09:00+0800 lvl=trce msg="Pooled new future transaction"          hash=0x6914e40ec2facddf4f1c6169dd82abd328b67cd0270f8d7f4660da6b71e26cfe from=0xFAaA188087ABEf56Dff9BeF06a4255245F879F3F to=0x0000000000000000000000000000000000000000
t=2023-06-02T16:09:00+0800 lvl=trce msg="Removed old queued transactions"        count=0
t=2023-06-02T16:09:00+0800 lvl=trce msg="Removed unpayable queued transactions"  count=0
t=2023-06-02T16:09:00+0800 lvl=trce msg="Promoted queued transactions"           count=1
t=2023-06-02T16:09:00+0800 lvl=trce msg="Removed old queued transactions"        count=0
t=2023-06-02T16:09:00+0800 lvl=trce msg="Removed unpayable queued transactions"  count=0
t=2023-06-02T16:09:00+0800 lvl=trce msg="Promoted queued transactions"           count=1
t=2023-06-02T16:09:00+0800 lvl=trce msg="Pooled new future transaction"          hash=0x1623b5a26afb89eaf35bc00cecdd7c36cf798bdad895814fac3bac220bd620d3 from=0x7628e7c918DAaf4dfbF615023fDBcF72b8479bCe to=0x0000000000000000000000000000000000000000
t=2023-06-02T16:09:00+0800 lvl=trce msg="Removed old queued transactions"        count=0
t=2023-06-02T16:09:00+0800 lvl=trce msg="Removed unpayable queued transactions"  count=0
t=2023-06-02T16:09:00+0800 lvl=trce msg="Promoted queued transactions"           count=0
t=2023-06-02T16:09:00+0800 lvl=trce msg="Discarding freshly underpriced transaction" hash=0xf55278aaf551ee8bb0b69b4856161052708bb642e2fb7d3478ca7edfdb63df9d gasTipCap=6  gasFeeCap=806
t=2023-06-02T16:09:00+0800 lvl=trce msg="Pooled new future transaction"          hash=0x5aaf968b1e41dde5c44451f4db02f0ab9df10da599884e141356adf7dbf42039 from=0x5380ac19fa9cA4348f4623E05CDbf68136B45c67 to=0x0000000000000000000000000000000000000000
t=2023-06-02T16:09:00+0800 lvl=trce msg="Removed old queued transactions"        count=0
t=2023-06-02T16:09:00+0800 lvl=trce msg="Removed unpayable queued transactions"  count=0
t=2023-06-02T16:09:00+0800 lvl=trce msg="Promoted queued transactions"           count=1
t=2023-06-02T16:09:00+0800 lvl=trce msg="Pooled new future transaction"          hash=0xdf54fcf192e2314f5f1fe0abb7551daf602f85c1e4510bd0a1534bf653238c5a from=0x66e0851F1a162869024b4C9f6b1C4Fc5cb4832F1 to=0x0000000000000000000000000000000000000000
t=2023-06-02T16:09:00+0800 lvl=trce msg="Removed old queued transactions"        count=0
t=2023-06-02T16:09:00+0800 lvl=trce msg="Removed unpayable queued transactions"  count=0
t=2023-06-02T16:09:00+0800 lvl=trce msg="Promoted queued transactions"           count=1
t=2023-06-02T16:09:00+0800 lvl=trce msg="Discarding freshly underpriced transaction" hash=0x295a911515712b9159b2de65fa7250439d65cbdce8c982cb6f6b7f76337889ca gasTipCap=7  gasFeeCap=807
t=2023-06-02T16:09:00+0800 lvl=trce msg="Pooled new future transaction"          hash=0x7e5a5c685231d6f12294cfd653d039ee9349adc0d9aa2cfd953796e8e5ddfc9f from=0xaFf02b7Dd79d75bb6292d3E78a12D79843397329 to=0x0000000000000000000000000000000000000000
t=2023-06-02T16:09:00+0800 lvl=trce msg="Removed old queued transactions"        count=0
t=2023-06-02T16:09:00+0800 lvl=trce msg="Removed unpayable queued transactions"  count=0
t=2023-06-02T16:09:00+0800 lvl=trce msg="Promoted queued transactions"           count=1
t=2023-06-02T16:09:00+0800 lvl=trce msg="Pooled new future transaction"          hash=0x5a00a84b9edb17084d1f6dd6d1fe8bdf1da2933224eb608da7eac8cc5d059856 from=0x66e0851F1a162869024b4C9f6b1C4Fc5cb4832F1 to=0x0000000000000000000000000000000000000000
t=2023-06-02T16:09:00+0800 lvl=trce msg="Removed old queued transactions"        count=0
t=2023-06-02T16:09:00+0800 lvl=trce msg="Removed unpayable queued transactions"  count=0
t=2023-06-02T16:09:00+0800 lvl=trce msg="Promoted queued transactions"           count=0
t=2023-06-02T16:09:00+0800 lvl=trce msg="Discarding freshly underpriced transaction" hash=0x6952259709fbec169799663af4a90d32a6133970a1e69940d9a1560f90a296a5 gasTipCap=8  gasFeeCap=808
t=2023-06-02T16:09:00+0800 lvl=trce msg="Pooled new future transaction"          hash=0xfba3687cb8953651a03be610deb88de44c041dca8e9251564d3b0ed35e2cf304 from=0x7628e7c918DAaf4dfbF615023fDBcF72b8479bCe to=0x0000000000000000000000000000000000000000
t=2023-06-02T16:09:00+0800 lvl=trce msg="Removed old queued transactions"        count=0
t=2023-06-02T16:09:00+0800 lvl=trce msg="Removed unpayable queued transactions"  count=0
t=2023-06-02T16:09:00+0800 lvl=trce msg="Promoted queued transactions"           count=1
t=2023-06-02T16:09:00+0800 lvl=trce msg="Pooled new future transaction"          hash=0x3f608f7893df076545962dcd06845672d3550be3f81bce665cf0daece060c8fe from=0x7D6E1cD697D22BfCEB84168E8dAc725a154203DF to=0x0000000000000000000000000000000000000000
t=2023-06-02T16:09:00+0800 lvl=trce msg="Removed old queued transactions"        count=0
t=2023-06-02T16:09:00+0800 lvl=trce msg="Removed unpayable queued transactions"  count=0
t=2023-06-02T16:09:00+0800 lvl=trce msg="Promoted queued transactions"           count=1
t=2023-06-02T16:09:00+0800 lvl=trce msg="Pooled new future transaction"          hash=0x90889e9ddf71507f122b19a9dd8b8aef8b3b2d9c74903e5d334889573a313930 from=0x7628e7c918DAaf4dfbF615023fDBcF72b8479bCe to=0x0000000000000000000000000000000000000000
t=2023-06-02T16:09:00+0800 lvl=trce msg="Removed old queued transactions"        count=0
t=2023-06-02T16:09:00+0800 lvl=trce msg="Removed unpayable queued transactions"  count=0
t=2023-06-02T16:09:00+0800 lvl=trce msg="Promoted queued transactions"           count=0
t=2023-06-02T16:09:00+0800 lvl=trce msg="Pooled new future transaction"          hash=0x6d8e4c152bb833a607468b5a93494ea90f6c4e318d51df9765bd86d38e50a258 from=0x66e0851F1a162869024b4C9f6b1C4Fc5cb4832F1 to=0x0000000000000000000000000000000000000000
t=2023-06-02T16:09:00+0800 lvl=trce msg="Removed old queued transactions"        count=0
t=2023-06-02T16:09:00+0800 lvl=trce msg="Discarding freshly underpriced transaction" hash=0x656eda7028d6b61e40df2b4ae19c0388f874a8e5df2819efb09d4d194488989a gasTipCap=9  gasFeeCap=809
t=2023-06-02T16:09:00+0800 lvl=trce msg="Pooled new future transaction"          hash=0x8f1e4a4afd33afe8a9e7f5ad9cb7147ad593ca2f20e052e35438eebaa6ae54cc from=0x1e26Ab5Cb3db863466e3cB5ceD2Afa319A983eaC to=0x0000000000000000000000000000000000000000
t=2023-06-02T16:09:00+0800 lvl=trce msg="Removed old queued transactions"        count=0
t=2023-06-02T16:09:00+0800 lvl=trce msg="Removed unpayable queued transactions"  count=0
t=2023-06-02T16:09:00+0800 lvl=trce msg="Promoted queued transactions"           count=1
t=2023-06-02T16:09:00+0800 lvl=trce msg="Removed unpayable queued transactions"  count=0
t=2023-06-02T16:09:00+0800 lvl=trce msg="Promoted queued transactions"           count=1
t=2023-06-02T16:09:00+0800 lvl=trce msg="Pooled new future transaction"          hash=0x5e4dbe3cae559921cdd7e92f69a0c02378eb248052afdecc0281e1584684b63e from=0x66e0851F1a162869024b4C9f6b1C4Fc5cb4832F1 to=0x0000000000000000000000000000000000000000
t=2023-06-02T16:09:00+0800 lvl=trce msg="Removed old queued transactions"        count=0
t=2023-06-02T16:09:00+0800 lvl=trce msg="Removed unpayable queued transactions"  count=0
t=2023-06-02T16:09:00+0800 lvl=trce msg="Promoted queued transactions"           count=0
t=2023-06-02T16:09:00+0800 lvl=trce msg="Pooled new future transaction"          hash=0x08d1c07d6646f83494353c468392b611b81bbb4cec7ccd70e5c90d416da70c4c from=0x7628e7c918DAaf4dfbF615023fDBcF72b8479bCe to=0x0000000000000000000000000000000000000000
t=2023-06-02T16:09:00+0800 lvl=trce msg="Removed old queued transactions"        count=0
t=2023-06-02T16:09:00+0800 lvl=trce msg="Discarding freshly underpriced transaction" hash=0x401ed56e5939b7e2f39aecc4d70b2edc0f32230eb6d0e37426b7c098815ee820 gasTipCap=10 gasFeeCap=810
t=2023-06-02T16:09:00+0800 lvl=trce msg="Pooled new future transaction"          hash=0x7e6f43d3de5f04ab5547eba035a03232f07d18d1aa4076c131b3150f9d9805cf from=0xe2712a91E551Db4AddbEBC4db0C59a9565EAE198 to=0x0000000000000000000000000000000000000000
t=2023-06-02T16:09:00+0800 lvl=trce msg="Removed old queued transactions"        count=0
t=2023-06-02T16:09:00+0800 lvl=trce msg="Removed unpayable queued transactions"  count=0
t=2023-06-02T16:09:00+0800 lvl=trce msg="Promoted queued transactions"           count=1
t=2023-06-02T16:09:00+0800 lvl=trce msg="Removed unpayable queued transactions"  count=0
t=2023-06-02T16:09:00+0800 lvl=trce msg="Promoted queued transactions"           count=1
t=2023-06-02T16:09:00+0800 lvl=trce msg="Pooled new future transaction"          hash=0x13baf641ea24641934ac614b2a5aa44637d592c58049185c8cfdddab5714989b from=0x7628e7c918DAaf4dfbF615023fDBcF72b8479bCe to=0x0000000000000000000000000000000000000000
t=2023-06-02T16:09:00+0800 lvl=trce msg="Removed old queued transactions"        count=0
t=2023-06-02T16:09:00+0800 lvl=trce msg="Removed unpayable queued transactions"  count=0
t=2023-06-02T16:09:00+0800 lvl=trce msg="Promoted queued transactions"           count=0
t=2023-06-02T16:09:00+0800 lvl=trce msg="Discarding freshly underpriced transaction" hash=0x894fffcdf1631d4ec8d6927f4b218f24fd73fe1c181d99a45989429c82c2bb76 gasTipCap=11 gasFeeCap=811
t=2023-06-02T16:09:00+0800 lvl=trce msg="Pooled new future transaction"          hash=0xf563d514d857b8c9fdf045021a5a84a50396e56a6363cc70837d7e502d623f1c from=0x387c210952d80Edc890521722660D1F7a827a348 to=0x0000000000000000000000000000000000000000
t=2023-06-02T16:09:00+0800 lvl=trce msg="Removed old queued transactions"        count=0
t=2023-06-02T16:09:00+0800 lvl=trce msg="Removed unpayable queued transactions"  count=0
t=2023-06-02T16:09:00+0800 lvl=trce msg="Pooled new future transaction"          hash=0x225d3fbfa4bb2d8c72f7f626930a80751f700d06538a2579193a60748e97e834 from=0x66e0851F1a162869024b4C9f6b1C4Fc5cb4832F1 to=0x0000000000000000000000000000000000000000
t=2023-06-02T16:09:00+0800 lvl=trce msg="Removed old queued transactions"        count=0
t=2023-06-02T16:09:00+0800 lvl=trce msg="Removed unpayable queued transactions"  count=0
t=2023-06-02T16:09:00+0800 lvl=trce msg="Promoted queued transactions"           count=1
t=2023-06-02T16:09:00+0800 lvl=trce msg="Promoted queued transactions"           count=1
t=2023-06-02T16:09:00+0800 lvl=trce msg="Pooled new future transaction"          hash=0x154aedeb3f8d587ee977443440e04455f8044c410dd416b6394fecceac227a17 from=0x66e0851F1a162869024b4C9f6b1C4Fc5cb4832F1 to=0x0000000000000000000000000000000000000000
t=2023-06-02T16:09:00+0800 lvl=trce msg="Removed old queued transactions"        count=0
t=2023-06-02T16:09:00+0800 lvl=trce msg="Removed unpayable queued transactions"  count=0
t=2023-06-02T16:09:00+0800 lvl=trce msg="Promoted queued transactions"           count=0
t=2023-06-02T16:09:00+0800 lvl=trce msg="Discarding freshly underpriced transaction" hash=0x35e89856e74d5b00597499732cc6ce41e77def76e28bd1fe3b63f7108e99bb2f gasTipCap=12 gasFeeCap=812
t=2023-06-02T16:09:00+0800 lvl=trce msg="Pooled new future transaction"          hash=0xa678f400284eb65b8c8e27552009fa9ce3e4fd2f69c8dcbd7cd6a412b0439fa5 from=0xF186D7Ea2C4C172aB6Dd449Bf31B2a51590d3d60 to=0x0000000000000000000000000000000000000000
t=2023-06-02T16:09:00+0800 lvl=trce msg="Removed old queued transactions"        count=0
t=2023-06-02T16:09:00+0800 lvl=trce msg="Pooled new future transaction"          hash=0xc7deeba2f975d880a8798a311a200f39011c67dcb3d57284c4f05909f899929d from=0x7628e7c918DAaf4dfbF615023fDBcF72b8479bCe to=0x0000000000000000000000000000000000000000
t=2023-06-02T16:09:00+0800 lvl=trce msg="Removed old queued transactions"        count=0
t=2023-06-02T16:09:00+0800 lvl=trce msg="Removed unpayable queued transactions"  count=0
t=2023-06-02T16:09:00+0800 lvl=trce msg="Removed unpayable queued transactions"  count=0
t=2023-06-02T16:09:00+0800 lvl=trce msg="Promoted queued transactions"           count=1
t=2023-06-02T16:09:00+0800 lvl=trce msg="Promoted queued transactions"           count=1
t=2023-06-02T16:09:00+0800 lvl=trce msg="Pooled new future transaction"          hash=0x773d6a18a730ec0b5a5dc3a30d0da5d361a922bcc816dee3236af7f044042d32 from=0x7628e7c918DAaf4dfbF615023fDBcF72b8479bCe to=0x0000000000000000000000000000000000000000
t=2023-06-02T16:09:00+0800 lvl=trce msg="Removed old queued transactions"        count=0
t=2023-06-02T16:09:00+0800 lvl=trce msg="Discarding freshly underpriced transaction" hash=0x170bfa1a0711e399dbb7fe0995ee401005887280405a981a19d4043b039417a1 gasTipCap=13 gasFeeCap=813
t=2023-06-02T16:09:00+0800 lvl=trce msg="Pooled new future transaction"          hash=0x3e523b5bfad7a1330366c593f80741ea33c15615b729a419b809d64fbe045410 from=0xbcb74613c627C1220C96204878b373c34ED51A13 to=0x0000000000000000000000000000000000000000
t=2023-06-02T16:09:00+0800 lvl=trce msg="Removed old queued transactions"        count=0
t=2023-06-02T16:09:00+0800 lvl=trce msg="Removed unpayable queued transactions"  count=0
t=2023-06-02T16:09:00+0800 lvl=trce msg="Promoted queued transactions"           count=1
t=2023-06-02T16:09:00+0800 lvl=trce msg="Removed unpayable queued transactions"  count=0
t=2023-06-02T16:09:00+0800 lvl=trce msg="Promoted queued transactions"           count=0
t=2023-06-02T16:09:00+0800 lvl=trce msg="Pooled new future transaction"          hash=0xb35e9c49ccb4c6589642f12362204041a6112029b827c1b223a9ef2fe5ee7010 from=0x66e0851F1a162869024b4C9f6b1C4Fc5cb4832F1 to=0x0000000000000000000000000000000000000000
t=2023-06-02T16:09:00+0800 lvl=trce msg="Discarding freshly underpriced transaction" hash=0x64bebdff92972a31018cad480d2262c99d376d2717148d91b6f58816800438b4 gasTipCap=14 gasFeeCap=814
t=2023-06-02T16:09:00+0800 lvl=trce msg="Removed old queued transactions"        count=0
t=2023-06-02T16:09:00+0800 lvl=trce msg="Pooled new future transaction"          hash=0x740a99b2e3bcbe7a76c4c134c8fa6cddfc566e0ed780eda646f7b917c4a895bd from=0xf5Bd0Cd40Db231456c02ECC851C0Aa977256e2Ff to=0x0000000000000000000000000000000000000000
t=2023-06-02T16:09:00+0800 lvl=trce msg="Removed old queued transactions"        count=0
t=2023-06-02T16:09:00+0800 lvl=trce msg="Removed unpayable queued transactions"  count=0
t=2023-06-02T16:09:00+0800 lvl=trce msg="Promoted queued transactions"           count=1
t=2023-06-02T16:09:00+0800 lvl=trce msg="Removed unpayable queued transactions"  count=0
t=2023-06-02T16:09:00+0800 lvl=trce msg="Promoted queued transactions"           count=1
t=2023-06-02T16:09:00+0800 lvl=trce msg="Pooled new future transaction"          hash=0xe71528aceb6fb71a10041566dc444763da9a76869a7119777239a238d3f6d5d2 from=0x66e0851F1a162869024b4C9f6b1C4Fc5cb4832F1 to=0x0000000000000000000000000000000000000000
t=2023-06-02T16:09:00+0800 lvl=trce msg="Discarding freshly underpriced transaction" hash=0x783eed46e40d8514870d1548763938e5ead6569546f8568ddd8a185d73833caf gasTipCap=15 gasFeeCap=815
t=2023-06-02T16:09:00+0800 lvl=trce msg="Removed old queued transactions"        count=0
t=2023-06-02T16:09:00+0800 lvl=trce msg="Pooled new future transaction"          hash=0x2ee5d3c04100807b07528fad0a4260f93e8ea5cbc955493edb2cabb4dd68e1f6 from=0xF31c8B3142eE64F1c19C5224C46fF02ded7Fa44F to=0x0000000000000000000000000000000000000000
t=2023-06-02T16:09:00+0800 lvl=trce msg="Removed old queued transactions"        count=0
t=2023-06-02T16:09:00+0800 lvl=trce msg="Removed unpayable queued transactions"  count=0
t=2023-06-02T16:09:00+0800 lvl=trce msg="Removed unpayable queued transactions"  count=0
t=2023-06-02T16:09:00+0800 lvl=trce msg="Promoted queued transactions"           count=0
t=2023-06-02T16:09:00+0800 lvl=trce msg="Promoted queued transactions"           count=1
t=2023-06-02T16:09:00+0800 lvl=trce msg="Pooled new future transaction"          hash=0x304d8936df33debe0fbdb35daf70008d85a2aac4de01abd1ffd5cecccac7de1d from=0x7628e7c918DAaf4dfbF615023fDBcF72b8479bCe to=0x0000000000000000000000000000000000000000
t=2023-06-02T16:09:00+0800 lvl=trce msg="Removed old queued transactions"        count=0
t=2023-06-02T16:09:00+0800 lvl=trce msg="Removed unpayable queued transactions"  count=0
t=2023-06-02T16:09:00+0800 lvl=trce msg="Promoted queued transactions"           count=1
t=2023-06-02T16:09:00+0800 lvl=trce msg="Discarding freshly underpriced transaction" hash=0x9c102ee466ca0ae80ce475a2d33339f8912950a9b4b444f7296e3f8f0b91d181 gasTipCap=16 gasFeeCap=816
t=2023-06-02T16:09:00+0800 lvl=trce msg="Pooled new future transaction"          hash=0x0f7d292067a5fdae2202c54cf942209696a68e752ccd62d9297ace1509f57dc8 from=0xd9E8d215D58331A242401fea443a4Fc2Fa8C59C8 to=0x0000000000000000000000000000000000000000
t=2023-06-02T16:09:00+0800 lvl=trce msg="Removed old queued transactions"        count=0
t=2023-06-02T16:09:00+0800 lvl=trce msg="Removed unpayable queued transactions"  count=0
t=2023-06-02T16:09:00+0800 lvl=trce msg="Promoted queued transactions"           count=1
t=2023-06-02T16:09:00+0800 lvl=trce msg="Pooled new future transaction"          hash=0x6e4963c23dfdf90b213a95f9398556221196f7caab524c662b41ec0b6372c022 from=0x7628e7c918DAaf4dfbF615023fDBcF72b8479bCe to=0x0000000000000000000000000000000000000000
t=2023-06-02T16:09:00+0800 lvl=trce msg="Removed old queued transactions"        count=0
t=2023-06-02T16:09:00+0800 lvl=trce msg="Removed unpayable queued transactions"  count=0
t=2023-06-02T16:09:00+0800 lvl=trce msg="Promoted queued transactions"           count=0
t=2023-06-02T16:09:00+0800 lvl=trce msg="Pooled new future transaction"          hash=0x8582927328b082570690a3c6ed3989366965c8e7296f36dd065bbe09bb89a5d6 from=0x66e0851F1a162869024b4C9f6b1C4Fc5cb4832F1 to=0x0000000000000000000000000000000000000000
t=2023-06-02T16:09:00+0800 lvl=trce msg="Removed old queued transactions"        count=0
t=2023-06-02T16:09:00+0800 lvl=trce msg="Removed unpayable queued transactions"  count=0
t=2023-06-02T16:09:00+0800 lvl=trce msg="Promoted queued transactions"           count=1
t=2023-06-02T16:09:00+0800 lvl=trce msg="Discarding freshly underpriced transaction" hash=0x770b34a0d6f6147f1d99f90d3219d5c295402fde60a1ea9031dd2974f3604ddb gasTipCap=17 gasFeeCap=817
t=2023-06-02T16:09:00+0800 lvl=trce msg="Pooled new future transaction"          hash=0xc1c51cc558a4d2405170e97e225ad076096efc2663ba8f4e52c096aa382c6ce7 from=0xf073aBD3db9040F8162dE170232112691D15f67F to=0x0000000000000000000000000000000000000000
t=2023-06-02T16:09:00+0800 lvl=trce msg="Removed old queued transactions"        count=0
t=2023-06-02T16:09:00+0800 lvl=trce msg="Removed unpayable queued transactions"  count=0
t=2023-06-02T16:09:00+0800 lvl=trce msg="Promoted queued transactions"           count=1
t=2023-06-02T16:09:00+0800 lvl=trce msg="Pooled new future transaction"          hash=0x664928731358b474c13a2eda747cf9a62ae940ec791765cf7041673dba0b4b48 from=0x66e0851F1a162869024b4C9f6b1C4Fc5cb4832F1 to=0x0000000000000000000000000000000000000000
t=2023-06-02T16:09:00+0800 lvl=trce msg="Removed old queued transactions"        count=0
t=2023-06-02T16:09:00+0800 lvl=trce msg="Removed unpayable queued transactions"  count=0
t=2023-06-02T16:09:00+0800 lvl=trce msg="Promoted queued transactions"           count=0
t=2023-06-02T16:09:00+0800 lvl=trce msg="Pooled new future transaction"          hash=0x6fa7c1642a44547fb627b8977a4eb92eff07a340932a8301e0c3946d3d5e9cbe from=0x7628e7c918DAaf4dfbF615023fDBcF72b8479bCe to=0x0000000000000000000000000000000000000000
t=2023-06-02T16:09:00+0800 lvl=trce msg="Removed old queued transactions"        count=0
t=2023-06-02T16:09:00+0800 lvl=trce msg="Discarding freshly underpriced transaction" hash=0x13bb5bce970e19e781c94772a18c7ee053beaf9f6342b5a9b754a3c2c0b7e570 gasTipCap=18 gasFeeCap=818
t=2023-06-02T16:09:00+0800 lvl=trce msg="Pooled new future transaction"          hash=0x30e1596c821442b2052cc09c9200da13ce00cf36014b53eed34fe82d47054b07 from=0x8D3f8e9831b24da39D94F143567E07f36e093903 to=0x0000000000000000000000000000000000000000
t=2023-06-02T16:09:00+0800 lvl=trce msg="Removed old queued transactions"        count=0
t=2023-06-02T16:09:00+0800 lvl=trce msg="Removed unpayable queued transactions"  count=0
t=2023-06-02T16:09:00+0800 lvl=trce msg="Removed unpayable queued transactions"  count=0
t=2023-06-02T16:09:00+0800 lvl=trce msg="Promoted queued transactions"           count=1
t=2023-06-02T16:09:00+0800 lvl=trce msg="Promoted queued transactions"           count=1
t=2023-06-02T16:09:00+0800 lvl=trce msg="Pooled new future transaction"          hash=0xcd8f21216654619e2d845f78b11453175e7a322d6b69e1c1e7167157359e37c2 from=0x7628e7c918DAaf4dfbF615023fDBcF72b8479bCe to=0x0000000000000000000000000000000000000000
t=2023-06-02T16:09:00+0800 lvl=trce msg="Removed old queued transactions"        count=0
t=2023-06-02T16:09:00+0800 lvl=trce msg="Removed unpayable queued transactions"  count=0
t=2023-06-02T16:09:00+0800 lvl=trce msg="Promoted queued transactions"           count=0
t=2023-06-02T16:09:00+0800 lvl=trce msg="Discarding freshly underpriced transaction" hash=0x02880e7e1652cbcf27f5a9820a5c15e91af4e1f513966d6b8096f4ed9c5037e7 gasTipCap=19 gasFeeCap=819
t=2023-06-02T16:09:00+0800 lvl=trce msg="Pooled new future transaction"          hash=0x073dd352c611a9536425ccf63a1999802c13feaf270bd5ecbae666497a4c9245 from=0x0f1622BB12532F9d00383116e9592eA826712480 to=0x0000000000000000000000000000000000000000
t=2023-06-02T16:09:00+0800 lvl=trce msg="Removed old queued transactions"        count=0
t=2023-06-02T16:09:00+0800 lvl=trce msg="Removed unpayable queued transactions"  count=0
t=2023-06-02T16:09:00+0800 lvl=trce msg="Pooled new future transaction"          hash=0x146f5dc4eaf92d8ac77e2072be7dce2915a5e8d38cc37393a3d9d294f7428288 from=0x66e0851F1a162869024b4C9f6b1C4Fc5cb4832F1 to=0x0000000000000000000000000000000000000000
t=2023-06-02T16:09:00+0800 lvl=trce msg="Removed old queued transactions"        count=0
t=2023-06-02T16:09:00+0800 lvl=trce msg="Removed unpayable queued transactions"  count=0
t=2023-06-02T16:09:00+0800 lvl=trce msg="Promoted queued transactions"           count=1
t=2023-06-02T16:09:00+0800 lvl=trce msg="Promoted queued transactions"           count=1
t=2023-06-02T16:09:00+0800 lvl=trce msg="Pooled new future transaction"          hash=0x53d97ed4b5576f5f74b4598db4a3df16077cdb7f9433e9cec12396e6f2ad20dc from=0x66e0851F1a162869024b4C9f6b1C4Fc5cb4832F1 to=0x0000000000000000000000000000000000000000
t=2023-06-02T16:09:00+0800 lvl=trce msg="Removed old queued transactions"        count=0
t=2023-06-02T16:09:00+0800 lvl=trce msg="Removed unpayable queued transactions"  count=0
t=2023-06-02T16:09:00+0800 lvl=trce msg="Promoted queued transactions"           count=0
t=2023-06-02T16:09:00+0800 lvl=trce msg="Discarding freshly underpriced transaction" hash=0x4257e28eaabf05aa9fff6df9dc142bccb9ae6695b4da59296c7e574a131e5b4d gasTipCap=20 gasFeeCap=820
t=2023-06-02T16:09:00+0800 lvl=trce msg="Pooled new future transaction"          hash=0xdc4bba031d8e5149591fd939fa2d08086d6f545595c8ec40c00f3de5db393541 from=0x03dc07676ae867Be03bb7A04C6f2259361471d80 to=0x0000000000000000000000000000000000000000
t=2023-06-02T16:09:00+0800 lvl=trce msg="Removed old queued transactions"        count=0
t=2023-06-02T16:09:00+0800 lvl=trce msg="Removed unpayable queued transactions"  count=0
t=2023-06-02T16:09:00+0800 lvl=trce msg="Promoted queued transactions"           count=1
t=2023-06-02T16:09:00+0800 lvl=trce msg="Pooled new future transaction"          hash=0x7d7833b9679dd32827c50ab9da98893c5057d5613c85d40c91ee5621ae3898ea from=0x7628e7c918DAaf4dfbF615023fDBcF72b8479bCe to=0x0000000000000000000000000000000000000000
t=2023-06-02T16:09:00+0800 lvl=trce msg="Removed old queued transactions"        count=0
t=2023-06-02T16:09:00+0800 lvl=trce msg="Removed unpayable queued transactions"  count=0
t=2023-06-02T16:09:00+0800 lvl=trce msg="Promoted queued transactions"           count=1
t=2023-06-02T16:09:00+0800 lvl=trce msg="Pooled new future transaction"          hash=0x121c7dc0eaf553c9f92feb3723074e8618826009fc6bb90d6f5703f22bc36db3 from=0x7628e7c918DAaf4dfbF615023fDBcF72b8479bCe to=0x0000000000000000000000000000000000000000
t=2023-06-02T16:09:00+0800 lvl=trce msg="Removed old queued transactions"        count=0
t=2023-06-02T16:09:00+0800 lvl=trce msg="Removed unpayable queued transactions"  count=0
t=2023-06-02T16:09:00+0800 lvl=trce msg="Promoted queued transactions"           count=0
t=2023-06-02T16:09:00+0800 lvl=trce msg="Discarding freshly underpriced transaction" hash=0x6914e40ec2facddf4f1c6169dd82abd328b67cd0270f8d7f4660da6b71e26cfe gasTipCap=1  gasFeeCap=901
t=2023-06-02T16:09:00+0800 lvl=trce msg="Pooled new future transaction"          hash=0x5bf7210a3e5b9312ef4696266a28cda685ca6c9464ab16711ed6949af72f9a6c from=0xFC8AcDb7D20048E1F3EB144c2Ab9C81ac766cD43 to=0x0000000000000000000000000000000000000000
t=2023-06-02T16:09:00+0800 lvl=trce msg="Removed old queued transactions"        count=0
t=2023-06-02T16:09:00+0800 lvl=trce msg="Removed unpayable queued transactions"  count=0
t=2023-06-02T16:09:00+0800 lvl=trce msg="Promoted queued transactions"           count=1
t=2023-06-02T16:09:00+0800 lvl=trce msg="Pooled new future transaction"          hash=0x0a4d0bba19280d5e23733d6a6dae2f30c2ebc4840fd715f294462fe76bd3b1ec from=0x66e0851F1a162869024b4C9f6b1C4Fc5cb4832F1 to=0x0000000000000000000000000000000000000000
t=2023-06-02T16:09:00+0800 lvl=trce msg="Removed old queued transactions"        count=0
t=2023-06-02T16:09:00+0800 lvl=trce msg="Removed unpayable queued transactions"  count=0
t=2023-06-02T16:09:00+0800 lvl=trce msg="Promoted queued transactions"           count=1
t=2023-06-02T16:09:00+0800 lvl=trce msg="Pooled new future transaction"          hash=0x43b7bcef87ed97d96d435c7ffa1a4eb5e89810c7996d20f12a27e4dad8df9896 from=0x66e0851F1a162869024b4C9f6b1C4Fc5cb4832F1 to=0x0000000000000000000000000000000000000000
t=2023-06-02T16:09:00+0800 lvl=trce msg="Discarding freshly underpriced transaction" hash=0xb4a20bd905bbc4a73779c78253f3246b29c57f337811e878b0ce5f392cea1d4f gasTipCap=1  gasFeeCap=1016
t=2023-06-02T16:09:00+0800 lvl=trce msg="Pooled new future transaction"          hash=0x20f50d025a835dadd6d93f0c683ab5402f8441579b67b1ff0ea93c641be165d1 from=0x63D60fFEF804CD776A53B46c971B7A8969484632 to=0x0000000000000000000000000000000000000000
t=2023-06-02T16:09:00+0800 lvl=trce msg="Removed old queued transactions"        count=0
t=2023-06-02T16:09:00+0800 lvl=trce msg="Removed unpayable queued transactions"  count=0
t=2023-06-02T16:09:00+0800 lvl=trce msg="Promoted queued transactions"           count=0
t=2023-06-02T16:09:00+0800 lvl=trce msg="Removed old queued transactions"        count=0
t=2023-06-02T16:09:00+0800 lvl=trce msg="Removed unpayable queued transactions"  count=0
t=2023-06-02T16:09:00+0800 lvl=trce msg="Promoted queued transactions"           count=1
t=2023-06-02T16:09:00+0800 lvl=trce msg="Pooled new future transaction"          hash=0x2965f0da66d7346ae6fd26263b220b2f226228313a23cd105acfa8f6ae5303fc from=0x7628e7c918DAaf4dfbF615023fDBcF72b8479bCe to=0x0000000000000000000000000000000000000000
t=2023-06-02T16:09:00+0800 lvl=trce msg="Removed old queued transactions"        count=0
t=2023-06-02T16:09:00+0800 lvl=trce msg="Removed unpayable queued transactions"  count=0
t=2023-06-02T16:09:00+0800 lvl=trce msg="Promoted queued transactions"           count=1
t=2023-06-02T16:09:00+0800 lvl=trce msg="Discarding freshly underpriced transaction" hash=0x5aaf968b1e41dde5c44451f4db02f0ab9df10da599884e141356adf7dbf42039 gasTipCap=2  gasFeeCap=902
t=2023-06-02T16:09:00+0800 lvl=trce msg="Pooled new future transaction"          hash=0x6c4d109a4042227999ce4b66d8d99bb880eea75800c259d58f001b44fca24d3d from=0xfB96396bc88b9F88BF96BD9d03817e406414cB1b to=0x0000000000000000000000000000000000000000
t=2023-06-02T16:09:00+0800 lvl=trce msg="Removed old queued transactions"        count=0
t=2023-06-02T16:09:00+0800 lvl=trce msg="Removed unpayable queued transactions"  count=0
t=2023-06-02T16:09:00+0800 lvl=trce msg="Promoted queued transactions"           count=1
t=2023-06-02T16:09:00+0800 lvl=trce msg="Pooled new future transaction"          hash=0x8a9decc699598838a7782eea13571f5dbf22c6dcdf0bf52b5df7d45ce4274eb8 from=0x7628e7c918DAaf4dfbF615023fDBcF72b8479bCe to=0x0000000000000000000000000000000000000000
t=2023-06-02T16:09:00+0800 lvl=trce msg="Removed old queued transactions"        count=0
t=2023-06-02T16:09:00+0800 lvl=trce msg="Removed unpayable queued transactions"  count=0
t=2023-06-02T16:09:00+0800 lvl=trce msg="Promoted queued transactions"           count=0
t=2023-06-02T16:09:00+0800 lvl=trce msg="Pooled new future transaction"          hash=0x3d378d17b107983cf40622a86fd3284f77fc972d95936191cdac3d2b0c4c8e25 from=0x66e0851F1a162869024b4C9f6b1C4Fc5cb4832F1 to=0x0000000000000000000000000000000000000000
t=2023-06-02T16:09:00+0800 lvl=trce msg="Discarding freshly underpriced transaction" hash=0x7e5a5c685231d6f12294cfd653d039ee9349adc0d9aa2cfd953796e8e5ddfc9f gasTipCap=3  gasFeeCap=903
t=2023-06-02T16:09:00+0800 lvl=trce msg="Pooled new future transaction"          hash=0x25dc729001ee11ac3f0c16ad69f5ccc48e1e7d955fb806a05c3aac947b4ab299 from=0x81bB78835c23f8dD2F2E2B495A9F503d2aA5E8f1 to=0x0000000000000000000000000000000000000000
t=2023-06-02T16:09:00+0800 lvl=trce msg="Removed old queued transactions"        count=0
t=2023-06-02T16:09:00+0800 lvl=trce msg="Removed old queued transactions"        count=0
t=2023-06-02T16:09:00+0800 lvl=trce msg="Removed unpayable queued transactions"  count=0
t=2023-06-02T16:09:00+0800 lvl=trce msg="Promoted queued transactions"           count=1
t=2023-06-02T16:09:00+0800 lvl=trce msg="Removed unpayable queued transactions"  count=0
t=2023-06-02T16:09:00+0800 lvl=trce msg="Promoted queued transactions"           count=1
t=2023-06-02T16:09:00+0800 lvl=trce msg="Pooled new future transaction"          hash=0x972783d8422dca1a21692f28905b6badc3dc174ec5e4b2842d8c6718f7283be1 from=0x66e0851F1a162869024b4C9f6b1C4Fc5cb4832F1 to=0x0000000000000000000000000000000000000000
t=2023-06-02T16:09:00+0800 lvl=trce msg="Discarding freshly underpriced transaction" hash=0x3f608f7893df076545962dcd06845672d3550be3f81bce665cf0daece060c8fe gasTipCap=4  gasFeeCap=904
t=2023-06-02T16:09:00+0800 lvl=trce msg="Pooled new future transaction"          hash=0xdcbb460ac0e947424cf82d05f5658b37a78f0e6556d0fea37bdee899233a7ee9 from=0x024539f27Ea487A6a9Fb246fCdADF7c8351a1B83 to=0x0000000000000000000000000000000000000000
t=2023-06-02T16:09:00+0800 lvl=trce msg="Removed old queued transactions"        count=0
t=2023-06-02T16:09:00+0800 lvl=trce msg="Removed old queued transactions"        count=0
t=2023-06-02T16:09:00+0800 lvl=trce msg="Removed unpayable queued transactions"  count=0
t=2023-06-02T16:09:00+0800 lvl=trce msg="Promoted queued transactions"           count=1
t=2023-06-02T16:09:00+0800 lvl=trce msg="Removed unpayable queued transactions"  count=0
t=2023-06-02T16:09:00+0800 lvl=trce msg="Promoted queued transactions"           count=0
t=2023-06-02T16:09:00+0800 lvl=trce msg="Pooled new future transaction"          hash=0x21965c54107c565202116fe7d4bfbae740d9091dc0371dd2d05ccac7e959accb from=0x7628e7c918DAaf4dfbF615023fDBcF72b8479bCe to=0x0000000000000000000000000000000000000000
t=2023-06-02T16:09:00+0800 lvl=trce msg="Removed old queued transactions"        count=0
t=2023-06-02T16:09:00+0800 lvl=trce msg="Removed unpayable queued transactions"  count=0
t=2023-06-02T16:09:00+0800 lvl=trce msg="Promoted queued transactions"           count=1
t=2023-06-02T16:09:00+0800 lvl=trce msg="Discarding freshly underpriced transaction" hash=0x8cb72e674f235b96ec3db4af5421e326ff25a054471dbdcf07edf806b2b3e800 gasTipCap=1  gasFeeCap=1017
t=2023-06-02T16:09:00+0800 lvl=trce msg="Pooled new future transaction"          hash=0xe1adbb8b83cbdd7abba39ceadcffa6e1e3edc2c25f43ddde9378ea8fc7ceb180 from=0x6ef2582eFc073c736De38a0AD2d26c6f905C736E to=0x0000000000000000000000000000000000000000
t=2023-06-02T16:09:00+0800 lvl=trce msg="Removed old queued transactions"        count=0
t=2023-06-02T16:09:00+0800 lvl=trce msg="Removed unpayable queued transactions"  count=0
t=2023-06-02T16:09:00+0800 lvl=trce msg="Promoted queued transactions"           count=1
t=2023-06-02T16:09:00+0800 lvl=trce msg="Pooled new future transaction"          hash=0x02a5521b567fad7df2ce89e5e4c39b586afb82595b9245d231afe70f9816cf00 from=0x7628e7c918DAaf4dfbF615023fDBcF72b8479bCe to=0x0000000000000000000000000000000000000000
t=2023-06-02T16:09:00+0800 lvl=trce msg="Removed old queued transactions"        count=0
t=2023-06-02T16:09:00+0800 lvl=trce msg="Removed unpayable queued transactions"  count=0
t=2023-06-02T16:09:00+0800 lvl=trce msg="Promoted queued transactions"           count=0
t=2023-06-02T16:09:00+0800 lvl=trce msg="Discarding freshly underpriced transaction" hash=0x7bbd77c7682eb81c423a85a94687bd4d7379636b2a23f940c99e26295df3738e gasTipCap=1  gasFeeCap=1018
t=2023-06-02T16:09:00+0800 lvl=trce msg="Pooled new future transaction"          hash=0x7910b7c6184a27acb5be0e1658213fcbe1a29dfa82e89214a5bcd7b813deb857 from=0xF2A34dE4131C56dB2E59E2F6A83E17Caa8733B57 to=0x0000000000000000000000000000000000000000
t=2023-06-02T16:09:00+0800 lvl=trce msg="Pooled new future transaction"          hash=0x5ec63b827d5923c82d84997e97685e2144ca438d6a66d392679352b3e6542c8a from=0x66e0851F1a162869024b4C9f6b1C4Fc5cb4832F1 to=0x0000000000000000000000000000000000000000
t=2023-06-02T16:09:00+0800 lvl=trce msg="Removed old queued transactions"        count=0
t=2023-06-02T16:09:00+0800 lvl=trce msg="Removed unpayable queued transactions"  count=0
t=2023-06-02T16:09:00+0800 lvl=trce msg="Removed old queued transactions"        count=0
t=2023-06-02T16:09:00+0800 lvl=trce msg="Removed unpayable queued transactions"  count=0
t=2023-06-02T16:09:00+0800 lvl=trce msg="Promoted queued transactions"           count=1
t=2023-06-02T16:09:00+0800 lvl=trce msg="Promoted queued transactions"           count=1
t=2023-06-02T16:09:00+0800 lvl=trce msg="Pooled new future transaction"          hash=0x1ff5d30f62c105b29c2cd7c5b7722d0b96c8399df731c925ef3b2f21145a405b from=0x66e0851F1a162869024b4C9f6b1C4Fc5cb4832F1 to=0x0000000000000000000000000000000000000000
t=2023-06-02T16:09:00+0800 lvl=trce msg="Removed old queued transactions"        count=0
t=2023-06-02T16:09:00+0800 lvl=trce msg="Removed unpayable queued transactions"  count=0
t=2023-06-02T16:09:00+0800 lvl=trce msg="Discarding freshly underpriced transaction" hash=0x959cef99aec46c38a4799c6392de1cd1930999b09cee5e34b6c028380d9573e2 gasTipCap=1  gasFeeCap=1019
t=2023-06-02T16:09:00+0800 lvl=trce msg="Pooled new future transaction"          hash=0xa5f315273c8d4408ef02d0afcabb05c7de6bc28854048905fdd595d11fa869ce from=0x9611fc5A35143F939E95bF19fd650ef1c148fA3B to=0x0000000000000000000000000000000000000000
t=2023-06-02T16:09:00+0800 lvl=trce msg="Removed old queued transactions"        count=0
t=2023-06-02T16:09:00+0800 lvl=trce msg="Removed unpayable queued transactions"  count=0
t=2023-06-02T16:09:00+0800 lvl=trce msg="Promoted queued transactions"           count=1
t=2023-06-02T16:09:00+0800 lvl=trce msg="Promoted queued transactions"           count=0
t=2023-06-02T16:09:00+0800 lvl=trce msg="Pooled new future transaction"          hash=0xe41876475088deb3441934cbc1020efde3e49cdb480ef6cb639cb0902f62d767 from=0x7628e7c918DAaf4dfbF615023fDBcF72b8479bCe to=0x0000000000000000000000000000000000000000
t=2023-06-02T16:09:00+0800 lvl=trce msg="Removed old queued transactions"        count=0
t=2023-06-02T16:09:00+0800 lvl=trce msg="Removed unpayable queued transactions"  count=0
t=2023-06-02T16:09:00+0800 lvl=trce msg="Discarding freshly underpriced transaction" hash=0xdcbb460ac0e947424cf82d05f5658b37a78f0e6556d0fea37bdee899233a7ee9 gasTipCap=1  gasFeeCap=1100
t=2023-06-02T16:09:00+0800 lvl=trce msg="Pooled new future transaction"          hash=0xe4fbd8d9569403c84df8e2eef4b0f29224c3023946e084fe82900c6f17e6be5c from=0x8f6F3fA1E740c97Ba116882433a82b0c3B17A5E3 to=0x0000000000000000000000000000000000000000
t=2023-06-02T16:09:00+0800 lvl=trce msg="Removed old queued transactions"        count=0
t=2023-06-02T16:09:00+0800 lvl=trce msg="Removed unpayable queued transactions"  count=0
t=2023-06-02T16:09:00+0800 lvl=trce msg="Promoted queued transactions"           count=1
t=2023-06-02T16:09:00+0800 lvl=trce msg="Promoted queued transactions"           count=1
t=2023-06-02T16:09:00+0800 lvl=trce msg="Pooled new future transaction"          hash=0xf045845225745dc50fca1d0e2e72e66453c8e50ede936b0fd43e68eeb01df254 from=0x7628e7c918DAaf4dfbF615023fDBcF72b8479bCe to=0x0000000000000000000000000000000000000000
t=2023-06-02T16:09:00+0800 lvl=trce msg="Discarding freshly underpriced transaction" hash=0xe1adbb8b83cbdd7abba39ceadcffa6e1e3edc2c25f43ddde9378ea8fc7ceb180 gasTipCap=1  gasFeeCap=1101
t=2023-06-02T16:09:00+0800 lvl=trce msg="Pooled new future transaction"          hash=0x57dae2cb2893cb2d2a6d1dce938baa87ead710331897c393df0b7bff760181e2 from=0xFE468f9caAB037A8bFe28C03501a0D8DD2F6e30D to=0x0000000000000000000000000000000000000000
t=2023-06-02T16:09:00+0800 lvl=trce msg="Removed old queued transactions"        count=0
t=2023-06-02T16:09:00+0800 lvl=trce msg="Removed unpayable queued transactions"  count=0
t=2023-06-02T16:09:00+0800 lvl=trce msg="Promoted queued transactions"           count=1
t=2023-06-02T16:09:00+0800 lvl=trce msg="Removed old queued transactions"        count=0
t=2023-06-02T16:09:00+0800 lvl=trce msg="Removed unpayable queued transactions"  count=0
t=2023-06-02T16:09:00+0800 lvl=trce msg="Promoted queued transactions"           count=0
t=2023-06-02T16:09:00+0800 lvl=trce msg="Pooled new future transaction"          hash=0x65a6ece668071ee50c5b5212b7057fd4a9a7d2ad9ba956b09aba810fa279aabd from=0x66e0851F1a162869024b4C9f6b1C4Fc5cb4832F1 to=0x0000000000000000000000000000000000000000
t=2023-06-02T16:09:00+0800 lvl=trce msg="Discarding freshly underpriced transaction" hash=0x7910b7c6184a27acb5be0e1658213fcbe1a29dfa82e89214a5bcd7b813deb857 gasTipCap=1  gasFeeCap=1102
t=2023-06-02T16:09:00+0800 lvl=trce msg="Pooled new future transaction"          hash=0xe8364280ab4e2e0c4a5568b4f6bca41ce42d59e45ff9c9b6d8b9eb3e690daf8d from=0x1321cA91A2428Ae45bceb51196017962175399A9 to=0x0000000000000000000000000000000000000000
t=2023-06-02T16:09:00+0800 lvl=trce msg="Removed old queued transactions"        count=0
t=2023-06-02T16:09:00+0800 lvl=trce msg="Removed unpayable queued transactions"  count=0
t=2023-06-02T16:09:00+0800 lvl=trce msg="Promoted queued transactions"           count=1
t=2023-06-02T16:09:00+0800 lvl=trce msg="Removed old queued transactions"        count=0
t=2023-06-02T16:09:00+0800 lvl=trce msg="Removed unpayable queued transactions"  count=0
t=2023-06-02T16:09:00+0800 lvl=trce msg="Promoted queued transactions"           count=1
t=2023-06-02T16:09:00+0800 lvl=trce msg="Pooled new future transaction"          hash=0x22c94597a623d689b4b212bb5b52c839a9f6d93bcbd11546bac0df073e375247 from=0x66e0851F1a162869024b4C9f6b1C4Fc5cb4832F1 to=0x0000000000000000000000000000000000000000
t=2023-06-02T16:09:00+0800 lvl=trce msg="Removed old queued transactions"        count=0
t=2023-06-02T16:09:00+0800 lvl=trce msg="Removed unpayable queued transactions"  count=0
t=2023-06-02T16:09:00+0800 lvl=trce msg="Promoted queued transactions"           count=0
t=2023-06-02T16:09:00+0800 lvl=trce msg="Discarding freshly underpriced transaction" hash=0xa5f315273c8d4408ef02d0afcabb05c7de6bc28854048905fdd595d11fa869ce gasTipCap=1  gasFeeCap=1103
t=2023-06-02T16:09:00+0800 lvl=trce msg="Pooled new future transaction"          hash=0x80bb61d6b8df2259ab593dea767e6299bf1da14feff655679bf49aef12605f51 from=0xbF98B2ffC4CF0d908c4A864924B08e25559a2BC5 to=0x0000000000000000000000000000000000000000
t=2023-06-02T16:09:00+0800 lvl=trce msg="Removed old queued transactions"        count=0
t=2023-06-02T16:09:00+0800 lvl=trce msg="Removed unpayable queued transactions"  count=0
t=2023-06-02T16:09:00+0800 lvl=trce msg="Promoted queued transactions"           count=1
t=2023-06-02T16:09:00+0800 lvl=trce msg="Pooled new future transaction"          hash=0xbbd873ea55423c53cde2a5c49c95fb40a0a14032b64e80b4f2b813d8550f6ad8 from=0x7628e7c918DAaf4dfbF615023fDBcF72b8479bCe to=0x0000000000000000000000000000000000000000
t=2023-06-02T16:09:00+0800 lvl=trce msg="Removed old queued transactions"        count=0
t=2023-06-02T16:09:00+0800 lvl=trce msg="Removed unpayable queued transactions"  count=0
t=2023-06-02T16:09:00+0800 lvl=trce msg="Promoted queued transactions"           count=1
t=2023-06-02T16:09:00+0800 lvl=trce msg="Pooled new future transaction"          hash=0x4613063ca4e1753f66dca82c79b75edce252bd4ec3252501c4eed907d0651297 from=0x7628e7c918DAaf4dfbF615023fDBcF72b8479bCe to=0x0000000000000000000000000000000000000000
t=2023-06-02T16:09:00+0800 lvl=trce msg="Removed old queued transactions"        count=0
t=2023-06-02T16:09:00+0800 lvl=trce msg="Removed unpayable queued transactions"  count=0
t=2023-06-02T16:09:00+0800 lvl=trce msg="Discarding freshly underpriced transaction" hash=0xe4fbd8d9569403c84df8e2eef4b0f29224c3023946e084fe82900c6f17e6be5c gasTipCap=1  gasFeeCap=1104
t=2023-06-02T16:09:00+0800 lvl=trce msg="Pooled new future transaction"          hash=0x284c5e4202f0292c2864772c81c7b5df546cfca0309b95c57a5d90fabb42af6a from=0x05008c9E8C3ff60ec7e409eF0733D434Df3E3ec5 to=0x0000000000000000000000000000000000000000
t=2023-06-02T16:09:00+0800 lvl=trce msg="Removed old queued transactions"        count=0
t=2023-06-02T16:09:00+0800 lvl=trce msg="Removed unpayable queued transactions"  count=0
t=2023-06-02T16:09:00+0800 lvl=trce msg="Promoted queued transactions"           count=1
t=2023-06-02T16:09:00+0800 lvl=trce msg="Promoted queued transactions"           count=0
t=2023-06-02T16:09:00+0800 lvl=trce msg="Pooled new future transaction"          hash=0x025286034e09fdcfa1a0c520426fd9b531541a3da171cb1c3179ee31c6b8b7d2 from=0x66e0851F1a162869024b4C9f6b1C4Fc5cb4832F1 to=0x0000000000000000000000000000000000000000
t=2023-06-02T16:09:00+0800 lvl=trce msg="Discarding freshly underpriced transaction" hash=0x57dae2cb2893cb2d2a6d1dce938baa87ead710331897c393df0b7bff760181e2 gasTipCap=1  gasFeeCap=1105
t=2023-06-02T16:09:00+0800 lvl=trce msg="Removed old queued transactions"        count=0
t=2023-06-02T16:09:00+0800 lvl=trce msg="Pooled new future transaction"          hash=0xb5bd4daa033087c591e326127b71fd248cef784809e83dd414bc3fda02dc89f9 from=0x13cd7B2D94886AC44318d1aAf44ACDf16813B5E8 to=0x0000000000000000000000000000000000000000
t=2023-06-02T16:09:00+0800 lvl=trce msg="Removed unpayable queued transactions"  count=0
t=2023-06-02T16:09:00+0800 lvl=trce msg="Promoted queued transactions"           count=1
t=2023-06-02T16:09:00+0800 lvl=trce msg="Removed old queued transactions"        count=0
t=2023-06-02T16:09:00+0800 lvl=trce msg="Removed unpayable queued transactions"  count=0
t=2023-06-02T16:09:00+0800 lvl=trce msg="Promoted queued transactions"           count=1
t=2023-06-02T16:09:00+0800 lvl=trce msg="Pooled new future transaction"          hash=0x53754b8c2c79b28be86c1bdd2fc2d241134662d93b381e739f4a9c35f93bf8ed from=0x66e0851F1a162869024b4C9f6b1C4Fc5cb4832F1 to=0x0000000000000000000000000000000000000000
t=2023-06-02T16:09:00+0800 lvl=trce msg="Removed old queued transactions"        count=0
t=2023-06-02T16:09:00+0800 lvl=trce msg="Removed unpayable queued transactions"  count=0
t=2023-06-02T16:09:00+0800 lvl=trce msg="Promoted queued transactions"           count=0
t=2023-06-02T16:09:00+0800 lvl=trce msg="Discarding freshly underpriced transaction" hash=0xe8364280ab4e2e0c4a5568b4f6bca41ce42d59e45ff9c9b6d8b9eb3e690daf8d gasTipCap=1  gasFeeCap=1106
t=2023-06-02T16:09:00+0800 lvl=trce msg="Pooled new future transaction"          hash=0xadeb386524c06d51aabb2ea1a00e53079784e4ed8a680c3889b2897c8f452352 from=0x48a06cfE38a2b395b3dE76F4069505696BDB5AE6 to=0x0000000000000000000000000000000000000000
t=2023-06-02T16:09:00+0800 lvl=trce msg="Removed old queued transactions"        count=0
t=2023-06-02T16:09:00+0800 lvl=trce msg="Removed unpayable queued transactions"  count=0
t=2023-06-02T16:09:00+0800 lvl=trce msg="Promoted queued transactions"           count=1
t=2023-06-02T16:09:00+0800 lvl=trce msg="Pooled new future transaction"          hash=0xa58b390c1f894f1d472d5bceebb49a5fe7fec899f47fb702e4e06d9ab6072d79 from=0x7628e7c918DAaf4dfbF615023fDBcF72b8479bCe to=0x0000000000000000000000000000000000000000
t=2023-06-02T16:09:00+0800 lvl=trce msg="Removed old queued transactions"        count=0
t=2023-06-02T16:09:00+0800 lvl=trce msg="Removed unpayable queued transactions"  count=0
t=2023-06-02T16:09:00+0800 lvl=trce msg="Promoted queued transactions"           count=1
t=2023-06-02T16:09:00+0800 lvl=trce msg="Discarding freshly underpriced transaction" hash=0x80bb61d6b8df2259ab593dea767e6299bf1da14feff655679bf49aef12605f51 gasTipCap=1  gasFeeCap=1107
t=2023-06-02T16:09:00+0800 lvl=trce msg="Pooled new future transaction"          hash=0xc8da4e00dc1fbfccf257458846be557389807e5377f6f1a2b11d1e1381c69edd from=0x7628e7c918DAaf4dfbF615023fDBcF72b8479bCe to=0x0000000000000000000000000000000000000000
t=2023-06-02T16:09:00+0800 lvl=trce msg="Removed old queued transactions"        count=0
t=2023-06-02T16:09:00+0800 lvl=trce msg="Removed unpayable queued transactions"  count=0
t=2023-06-02T16:09:00+0800 lvl=trce msg="Promoted queued transactions"           count=0
t=2023-06-02T16:09:00+0800 lvl=trce msg="Pooled new future transaction"          hash=0xdcf69ca32c8b88fedddeb7285aa07687eaf2bf9a0d02a5d6c44def965df41716 from=0xD3E13A1D445943F7AA52360a698c33b810032c47 to=0x0000000000000000000000000000000000000000
t=2023-06-02T16:09:00+0800 lvl=trce msg="Removed old queued transactions"        count=0
t=2023-06-02T16:09:00+0800 lvl=trce msg="Removed unpayable queued transactions"  count=0
t=2023-06-02T16:09:00+0800 lvl=trce msg="Promoted queued transactions"           count=1
t=2023-06-02T16:09:00+0800 lvl=trce msg="Pooled new future transaction"          hash=0x9e04e7f670f54f0a4050659849ded2ee192918400efbc0c24ec541b87c55491a from=0x66e0851F1a162869024b4C9f6b1C4Fc5cb4832F1 to=0x0000000000000000000000000000000000000000
t=2023-06-02T16:09:00+0800 lvl=trce msg="Removed old queued transactions"        count=0
t=2023-06-02T16:09:00+0800 lvl=trce msg="Removed unpayable queued transactions"  count=0
t=2023-06-02T16:09:00+0800 lvl=trce msg="Promoted queued transactions"           count=1
t=2023-06-02T16:09:00+0800 lvl=trce msg="Discarding freshly underpriced transaction" hash=0x284c5e4202f0292c2864772c81c7b5df546cfca0309b95c57a5d90fabb42af6a gasTipCap=1  gasFeeCap=1108
t=2023-06-02T16:09:00+0800 lvl=trce msg="Pooled new future transaction"          hash=0x9052a10042433bec2673a03044c9b5865d43ba4a2e99b65c6edb0cd5c78974eb from=0x87DCC62E4728B89A20F2FC17A13fe6F9B950c8C8 to=0x0000000000000000000000000000000000000000
t=2023-06-02T16:09:00+0800 lvl=trce msg="Removed old queued transactions"        count=0
t=2023-06-02T16:09:00+0800 lvl=trce msg="Removed unpayable queued transactions"  count=0
t=2023-06-02T16:09:00+0800 lvl=trce msg="Promoted queued transactions"           count=1
t=2023-06-02T16:09:00+0800 lvl=trce msg="Pooled new future transaction"          hash=0x6dcb9afd8837fbbff08d038af96dded405cc9a76fe6ab19a9fe13f778db8f2a4 from=0x66e0851F1a162869024b4C9f6b1C4Fc5cb4832F1 to=0x0000000000000000000000000000000000000000
t=2023-06-02T16:09:00+0800 lvl=trce msg="Removed old queued transactions"        count=0
t=2023-06-02T16:09:00+0800 lvl=trce msg="Removed unpayable queued transactions"  count=0
t=2023-06-02T16:09:00+0800 lvl=trce msg="Promoted queued transactions"           count=0
t=2023-06-02T16:09:00+0800 lvl=trce msg="Discarding freshly underpriced transaction" hash=0xb5bd4daa033087c591e326127b71fd248cef784809e83dd414bc3fda02dc89f9 gasTipCap=1  gasFeeCap=1109
t=2023-06-02T16:09:00+0800 lvl=trce msg="Pooled new future transaction"          hash=0x257ee4182d99e6d9de8c96fd67f4186d7e0640d05a2bba4c707a2fe7818d9e52 from=0x6EC7e4Ffe7f3ac83536F6f67bdFCa5309E19eB82 to=0x0000000000000000000000000000000000000000
t=2023-06-02T16:09:00+0800 lvl=trce msg="Removed old queued transactions"        count=0
t=2023-06-02T16:09:00+0800 lvl=trce msg="Removed unpayable queued transactions"  count=0
t=2023-06-02T16:09:00+0800 lvl=trce msg="Promoted queued transactions"           count=1
t=2023-06-02T16:09:00+0800 lvl=trce msg="Pooled new future transaction"          hash=0x98f8b6abbfaead0e0079f81622623a3cd9533e1c98d6f9d1b485e1eedf8678c5 from=0x7628e7c918DAaf4dfbF615023fDBcF72b8479bCe to=0x0000000000000000000000000000000000000000
t=2023-06-02T16:09:00+0800 lvl=trce msg="Removed old queued transactions"        count=0
t=2023-06-02T16:09:00+0800 lvl=trce msg="Removed unpayable queued transactions"  count=0
t=2023-06-02T16:09:00+0800 lvl=trce msg="Promoted queued transactions"           count=1
t=2023-06-02T16:09:00+0800 lvl=trce msg="Discarding freshly underpriced transaction" hash=0xadeb386524c06d51aabb2ea1a00e53079784e4ed8a680c3889b2897c8f452352 gasTipCap=1  gasFeeCap=1110
t=2023-06-02T16:09:00+0800 lvl=trce msg="Pooled new future transaction"          hash=0xe7c79d2b28c2e2adf3d958790e1d70b0be7225be9b9e95d1a28fcdffccfc2745 from=0x7628e7c918DAaf4dfbF615023fDBcF72b8479bCe to=0x0000000000000000000000000000000000000000
t=2023-06-02T16:09:00+0800 lvl=trce msg="Removed old queued transactions"        count=0
t=2023-06-02T16:09:00+0800 lvl=trce msg="Removed unpayable queued transactions"  count=0
t=2023-06-02T16:09:00+0800 lvl=trce msg="Pooled new future transaction"          hash=0x69882d0afff882aa1a2bba9873dab622bb35b0b7d481ca4f792d7068803efbd4 from=0x01A82502a53f0afA443AD2BC3dB3C2D16657ecDa to=0x0000000000000000000000000000000000000000
t=2023-06-02T16:09:00+0800 lvl=trce msg="Removed old queued transactions"        count=0
t=2023-06-02T16:09:00+0800 lvl=trce msg="Removed unpayable queued transactions"  count=0
t=2023-06-02T16:09:00+0800 lvl=trce msg="Promoted queued transactions"           count=1
t=2023-06-02T16:09:00+0800 lvl=trce msg="Promoted queued transactions"           count=0
t=2023-06-02T16:09:00+0800 lvl=trce msg="Discarding freshly underpriced transaction" hash=0xdcf69ca32c8b88fedddeb7285aa07687eaf2bf9a0d02a5d6c44def965df41716 gasTipCap=1  gasFeeCap=1111
t=2023-06-02T16:09:00+0800 lvl=trce msg="Pooled new future transaction"          hash=0xd4c624610d70e0d105b3eb88f1384dc7a6f40210abe60a62944fb8387faecb44 from=0xFB535086580BC6D8e1e9BC64e7F7eEa1Afb8dC39 to=0x0000000000000000000000000000000000000000
t=2023-06-02T16:09:00+0800 lvl=trce msg="Removed old queued transactions"        count=0
t=2023-06-02T16:09:00+0800 lvl=trce msg="Removed unpayable queued transactions"  count=0
t=2023-06-02T16:09:00+0800 lvl=trce msg="Promoted queued transactions"           count=1
t=2023-06-02T16:09:00+0800 lvl=trce msg="Pooled new future transaction"          hash=0xe1706cf0bcff26e2dcab71ca8a261463ccfa8003915abe9b4356ba50dfbc735e from=0x66e0851F1a162869024b4C9f6b1C4Fc5cb4832F1 to=0x0000000000000000000000000000000000000000
t=2023-06-02T16:09:00+0800 lvl=trce msg="Removed old queued transactions"        count=0
t=2023-06-02T16:09:00+0800 lvl=trce msg="Removed unpayable queued transactions"  count=0
t=2023-06-02T16:09:00+0800 lvl=trce msg="Promoted queued transactions"           count=1
t=2023-06-02T16:09:00+0800 lvl=trce msg="Pooled new future transaction"          hash=0x0c1b70128516603aaa54368f65dc872732628c6b6a3ff4e01fb5f544e39d9132 from=0x66e0851F1a162869024b4C9f6b1C4Fc5cb4832F1 to=0x0000000000000000000000000000000000000000
t=2023-06-02T16:09:00+0800 lvl=trce msg="Removed old queued transactions"        count=0
t=2023-06-02T16:09:00+0800 lvl=trce msg="Removed unpayable queued transactions"  count=0
t=2023-06-02T16:09:00+0800 lvl=trce msg="Promoted queued transactions"           count=0
t=2023-06-02T16:09:00+0800 lvl=trce msg="Discarding freshly underpriced transaction" hash=0x9052a10042433bec2673a03044c9b5865d43ba4a2e99b65c6edb0cd5c78974eb gasTipCap=1  gasFeeCap=1112
t=2023-06-02T16:09:00+0800 lvl=trce msg="Pooled new future transaction"          hash=0xec0365786044a162538091ae5a01084b2f8804d189626a1252c4fcfb288c0a0d from=0x0C853E96F84238f0F69E83D5A211DA0A5FFf6D02 to=0x0000000000000000000000000000000000000000
t=2023-06-02T16:09:00+0800 lvl=trce msg="Removed old queued transactions"        count=0
t=2023-06-02T16:09:00+0800 lvl=trce msg="Removed unpayable queued transactions"  count=0
t=2023-06-02T16:09:00+0800 lvl=trce msg="Promoted queued transactions"           count=1
t=2023-06-02T16:09:00+0800 lvl=trce msg="Pooled new future transaction"          hash=0xe5bdbd95997716aff66804702aa462e7327aeb1fe563b7ae87906965c63ef9df from=0x7628e7c918DAaf4dfbF615023fDBcF72b8479bCe to=0x0000000000000000000000000000000000000000
t=2023-06-02T16:09:00+0800 lvl=trce msg="Removed old queued transactions"        count=0
t=2023-06-02T16:09:00+0800 lvl=trce msg="Removed unpayable queued transactions"  count=0
t=2023-06-02T16:09:00+0800 lvl=trce msg="Promoted queued transactions"           count=1
t=2023-06-02T16:09:00+0800 lvl=trce msg="Discarding freshly underpriced transaction" hash=0x257ee4182d99e6d9de8c96fd67f4186d7e0640d05a2bba4c707a2fe7818d9e52 gasTipCap=1  gasFeeCap=1113
t=2023-06-02T16:09:00+0800 lvl=trce msg="Pooled new future transaction"          hash=0xdaa1a09d913f9740a323f334cab6a071674f4c3716dd17b5584e702df84d958a from=0x04201A8E01a4CA17200fEF9ceea401d37CCd8390 to=0x0000000000000000000000000000000000000000
t=2023-06-02T16:09:00+0800 lvl=trce msg="Removed old queued transactions"        count=0
t=2023-06-02T16:09:00+0800 lvl=trce msg="Removed unpayable queued transactions"  count=0
t=2023-06-02T16:09:00+0800 lvl=trce msg="Promoted queued transactions"           count=1
t=2023-06-02T16:09:00+0800 lvl=trce msg="Pooled new future transaction"          hash=0x4dfe3d9fb63e89848d71b8fbb0e93ba686adf03b3a29d02365b92b03f7cf2e00 from=0x7628e7c918DAaf4dfbF615023fDBcF72b8479bCe to=0x0000000000000000000000000000000000000000
t=2023-06-02T16:09:00+0800 lvl=trce msg="Removed old queued transactions"        count=0
t=2023-06-02T16:09:00+0800 lvl=trce msg="Removed unpayable queued transactions"  count=0
t=2023-06-02T16:09:00+0800 lvl=trce msg="Promoted queued transactions"           count=0
t=2023-06-02T16:09:00+0800 lvl=trce msg="Pooled new future transaction"          hash=0xea5127a8185c18b2339043c0695ac8443251d88753e32f0a6071c64a55644032 from=0x66e0851F1a162869024b4C9f6b1C4Fc5cb4832F1 to=0x0000000000000000000000000000000000000000
t=2023-06-02T16:09:00+0800 lvl=trce msg="Removed old queued transactions"        count=0
t=2023-06-02T16:09:00+0800 lvl=trce msg="Removed unpayable queued transactions"  count=0
t=2023-06-02T16:09:00+0800 lvl=trce msg="Promoted queued transactions"           count=1
t=2023-06-02T16:09:00+0800 lvl=trce msg="Discarding freshly underpriced transaction" hash=0x69882d0afff882aa1a2bba9873dab622bb35b0b7d481ca4f792d7068803efbd4 gasTipCap=1  gasFeeCap=1114
t=2023-06-02T16:09:00+0800 lvl=trce msg="Pooled new future transaction"          hash=0x6db72e0aa10b3c02eebdb1cd6b1b5b0c62a6033abaf5f24bbb505115a38b5a3f from=0xc5B497Ff066787524707a0aa38EdC715CcDfE8C1 to=0x0000000000000000000000000000000000000000
t=2023-06-02T16:09:00+0800 lvl=trce msg="Removed old queued transactions"        count=0
t=2023-06-02T16:09:00+0800 lvl=trce msg="Removed unpayable queued transactions"  count=0
t=2023-06-02T16:09:00+0800 lvl=trce msg="Promoted queued transactions"           count=1
t=2023-06-02T16:09:00+0800 lvl=trce msg="Pooled new future transaction"          hash=0x1043a35bee07e3646c8ba5a2c8d271c9b800559617fe42effea2e131a48e77e0 from=0x66e0851F1a162869024b4C9f6b1C4Fc5cb4832F1 to=0x0000000000000000000000000000000000000000
t=2023-06-02T16:09:00+0800 lvl=trce msg="Removed old queued transactions"        count=0
t=2023-06-02T16:09:00+0800 lvl=trce msg="Removed unpayable queued transactions"  count=0
t=2023-06-02T16:09:00+0800 lvl=trce msg="Promoted queued transactions"           count=0
t=2023-06-02T16:09:00+0800 lvl=trce msg="Discarding freshly underpriced transaction" hash=0xd4c624610d70e0d105b3eb88f1384dc7a6f40210abe60a62944fb8387faecb44 gasTipCap=1  gasFeeCap=1115
t=2023-06-02T16:09:00+0800 lvl=trce msg="Pooled new future transaction"          hash=0x4f0c298fa770c0b6e5280f403ae19e55726f8a56799b97c73861329393a325c7 from=0x39a538e4b9101274049A1B3f7cDA4765FD99271E to=0x0000000000000000000000000000000000000000
t=2023-06-02T16:09:00+0800 lvl=trce msg="Removed old queued transactions"        count=0
t=2023-06-02T16:09:00+0800 lvl=trce msg="Removed unpayable queued transactions"  count=0
t=2023-06-02T16:09:00+0800 lvl=trce msg="Promoted queued transactions"           count=1
t=2023-06-02T16:09:00+0800 lvl=trce msg="Pooled new future transaction"          hash=0x70cce321d588e893fdbeca96a5c4637efe9b74b69a7156434ba572a190740e95 from=0x7628e7c918DAaf4dfbF615023fDBcF72b8479bCe to=0x0000000000000000000000000000000000000000
t=2023-06-02T16:09:00+0800 lvl=trce msg="Removed old queued transactions"        count=0
t=2023-06-02T16:09:00+0800 lvl=trce msg="Removed unpayable queued transactions"  count=0
t=2023-06-02T16:09:00+0800 lvl=trce msg="Promoted queued transactions"           count=1
t=2023-06-02T16:09:00+0800 lvl=trce msg="Pooled new future transaction"          hash=0xbf257e1e6b73581b569261f8aa5d2094f532c3d6b283a3259a4835808c1a9104 from=0x7628e7c918DAaf4dfbF615023fDBcF72b8479bCe to=0x0000000000000000000000000000000000000000
t=2023-06-02T16:09:00+0800 lvl=trce msg="Discarding freshly underpriced transaction" hash=0x8f1e4a4afd33afe8a9e7f5ad9cb7147ad593ca2f20e052e35438eebaa6ae54cc gasTipCap=5  gasFeeCap=905
t=2023-06-02T16:09:00+0800 lvl=trce msg="Pooled new future transaction"          hash=0x51120d13e08ef6b1109b0bfd87aa113cdcc8fa1dc71b8bf0f7e0b4a0500ff661 from=0xB6Be85eA928F37579a45D268A026665248d078A2 to=0x0000000000000000000000000000000000000000
t=2023-06-02T16:09:00+0800 lvl=trce msg="Removed old queued transactions"        count=0
t=2023-06-02T16:09:00+0800 lvl=trce msg="Removed unpayable queued transactions"  count=0
t=2023-06-02T16:09:00+0800 lvl=trce msg="Promoted queued transactions"           count=1
t=2023-06-02T16:09:00+0800 lvl=trce msg="Removed old queued transactions"        count=0
t=2023-06-02T16:09:00+0800 lvl=trce msg="Removed unpayable queued transactions"  count=0
t=2023-06-02T16:09:00+0800 lvl=trce msg="Promoted queued transactions"           count=0
t=2023-06-02T16:09:00+0800 lvl=trce msg="Pooled new future transaction"          hash=0x079b2010116dee032fca876d7f5626f6c9f861af2aa34ffd5e0b932aec215a6a from=0x66e0851F1a162869024b4C9f6b1C4Fc5cb4832F1 to=0x0000000000000000000000000000000000000000
t=2023-06-02T16:09:00+0800 lvl=trce msg="Removed old queued transactions"        count=0
t=2023-06-02T16:09:00+0800 lvl=trce msg="Removed unpayable queued transactions"  count=0
t=2023-06-02T16:09:00+0800 lvl=trce msg="Promoted queued transactions"           count=1
t=2023-06-02T16:09:00+0800 lvl=trce msg="Discarding freshly underpriced transaction" hash=0x7e6f43d3de5f04ab5547eba035a03232f07d18d1aa4076c131b3150f9d9805cf gasTipCap=6  gasFeeCap=906
t=2023-06-02T16:09:00+0800 lvl=trce msg="Pooled new future transaction"          hash=0xa142982fad9926a7e8ac7821d210771a50afa34d512236e030ef658a2c96eba1 from=0xdC4F0F5A6c777474DAc5a434C9A24ECF27deeFc4 to=0x0000000000000000000000000000000000000000
t=2023-06-02T16:09:00+0800 lvl=trce msg="Removed old queued transactions"        count=0
t=2023-06-02T16:09:00+0800 lvl=trce msg="Removed unpayable queued transactions"  count=0
t=2023-06-02T16:09:00+0800 lvl=trce msg="Promoted queued transactions"           count=1
t=2023-06-02T16:09:00+0800 lvl=trce msg="Pooled new future transaction"          hash=0x049986e337caad20cfce65994685e89d0a6a69f9a78fa56eac2d5f54e7d81a35 from=0x66e0851F1a162869024b4C9f6b1C4Fc5cb4832F1 to=0x0000000000000000000000000000000000000000
t=2023-06-02T16:09:00+0800 lvl=trce msg="Removed old queued transactions"        count=0
t=2023-06-02T16:09:00+0800 lvl=trce msg="Removed unpayable queued transactions"  count=0
t=2023-06-02T16:09:00+0800 lvl=trce msg="Promoted queued transactions"           count=0
t=2023-06-02T16:09:00+0800 lvl=trce msg="Discarding freshly underpriced transaction" hash=0xf563d514d857b8c9fdf045021a5a84a50396e56a6363cc70837d7e502d623f1c gasTipCap=7  gasFeeCap=907
t=2023-06-02T16:09:00+0800 lvl=trce msg="Pooled new future transaction"          hash=0x2cf124f4896ebd80aabb88c114cf3b0de737777e357434250f3b745823346435 from=0x915C3bCdA45EAB206165997db2b455A3e46B1388 to=0x0000000000000000000000000000000000000000
t=2023-06-02T16:09:00+0800 lvl=trce msg="Removed old queued transactions"        count=0
t=2023-06-02T16:09:00+0800 lvl=trce msg="Removed unpayable queued transactions"  count=0
t=2023-06-02T16:09:00+0800 lvl=trce msg="Promoted queued transactions"           count=1
t=2023-06-02T16:09:00+0800 lvl=trce msg="Pooled new future transaction"          hash=0xcf2c64215246138b4e6dcd9aa5aeb61000cb158c5620e4158c4a83c90d0e4711 from=0x7628e7c918DAaf4dfbF615023fDBcF72b8479bCe to=0x0000000000000000000000000000000000000000
t=2023-06-02T16:09:00+0800 lvl=trce msg="Removed old queued transactions"        count=0
t=2023-06-02T16:09:00+0800 lvl=trce msg="Removed unpayable queued transactions"  count=0
t=2023-06-02T16:09:00+0800 lvl=trce msg="Promoted queued transactions"           count=1
t=2023-06-02T16:09:00+0800 lvl=trce msg="Pooled new future transaction"          hash=0x4867ecd8cc7a8de4f6fa5681f0a169b0cbf6d64facbe377c8ed3f5364e69dcb4 from=0x7628e7c918DAaf4dfbF615023fDBcF72b8479bCe to=0x0000000000000000000000000000000000000000
t=2023-06-02T16:09:00+0800 lvl=trce msg="Removed old queued transactions"        count=0
t=2023-06-02T16:09:00+0800 lvl=trce msg="Removed unpayable queued transactions"  count=0
t=2023-06-02T16:09:00+0800 lvl=trce msg="Promoted queued transactions"           count=0
t=2023-06-02T16:09:00+0800 lvl=trce msg="Discarding freshly underpriced transaction" hash=0xa678f400284eb65b8c8e27552009fa9ce3e4fd2f69c8dcbd7cd6a412b0439fa5 gasTipCap=8  gasFeeCap=908
t=2023-06-02T16:09:00+0800 lvl=trce msg="Pooled new future transaction"          hash=0x96398f06280d58b03a971373ad47ab907c10fb6640aaa9825ece9ae4f4352575 from=0x4091A2BC7E139C1713ECC465E20e4562c9dEf421 to=0x0000000000000000000000000000000000000000
t=2023-06-02T16:09:00+0800 lvl=trce msg="Pooled new future transaction"          hash=0xf9e32f4ef2a5b5983a2694d72c524b930a9f043fe73c549be9fcdfa0d470dc2f from=0x66e0851F1a162869024b4C9f6b1C4Fc5cb4832F1 to=0x0000000000000000000000000000000000000000
t=2023-06-02T16:09:00+0800 lvl=trce msg="Removed old queued transactions"        count=0
t=2023-06-02T16:09:00+0800 lvl=trce msg="Removed unpayable queued transactions"  count=0
t=2023-06-02T16:09:00+0800 lvl=trce msg="Removed old queued transactions"        count=0
t=2023-06-02T16:09:00+0800 lvl=trce msg="Removed unpayable queued transactions"  count=0
t=2023-06-02T16:09:00+0800 lvl=trce msg="Promoted queued transactions"           count=1
t=2023-06-02T16:09:00+0800 lvl=trce msg="Promoted queued transactions"           count=1
t=2023-06-02T16:09:00+0800 lvl=trce msg="Pooled new future transaction"          hash=0x7e6c81bc043e9e0a8a5945502b4b39041e1ebbdb534198ff02eab18f5f8bb32a from=0x66e0851F1a162869024b4C9f6b1C4Fc5cb4832F1 to=0x0000000000000000000000000000000000000000
t=2023-06-02T16:09:00+0800 lvl=trce msg="Removed old queued transactions"        count=0
t=2023-06-02T16:09:00+0800 lvl=trce msg="Removed unpayable queued transactions"  count=0
t=2023-06-02T16:09:00+0800 lvl=trce msg="Promoted queued transactions"           count=0
t=2023-06-02T16:09:00+0800 lvl=trce msg="Discarding freshly underpriced transaction" hash=0x3e523b5bfad7a1330366c593f80741ea33c15615b729a419b809d64fbe045410 gasTipCap=9  gasFeeCap=909
t=2023-06-02T16:09:00+0800 lvl=trce msg="Pooled new future transaction"          hash=0x95cef1fc05a5edec68efb5f7f058e1583515d4f448d661eb916787f85afa73e7 from=0x97d7E555cDce3249AA1Ea5347f1F1073Ef0fCd7d to=0x0000000000000000000000000000000000000000
t=2023-06-02T16:09:00+0800 lvl=trce msg="Pooled new future transaction"          hash=0x07cc54b9a9b4358d3cdbc80fce9ca878db826af2b4966b3e3a581d009af7fd83 from=0x7628e7c918DAaf4dfbF615023fDBcF72b8479bCe to=0x0000000000000000000000000000000000000000
t=2023-06-02T16:09:00+0800 lvl=trce msg="Removed old queued transactions"        count=0
t=2023-06-02T16:09:00+0800 lvl=trce msg="Removed unpayable queued transactions"  count=0
t=2023-06-02T16:09:00+0800 lvl=trce msg="Promoted queued transactions"           count=1
t=2023-06-02T16:09:00+0800 lvl=trce msg="Removed old queued transactions"        count=0
t=2023-06-02T16:09:00+0800 lvl=trce msg="Removed unpayable queued transactions"  count=0
t=2023-06-02T16:09:00+0800 lvl=trce msg="Promoted queued transactions"           count=1
t=2023-06-02T16:09:00+0800 lvl=trce msg="Pooled new future transaction"          hash=0xf842f3a8793e59b01c5df39357053f5ad32583e468e65651e4028bf30071bdeb from=0x7628e7c918DAaf4dfbF615023fDBcF72b8479bCe to=0x0000000000000000000000000000000000000000
t=2023-06-02T16:09:00+0800 lvl=trce msg="Removed old queued transactions"        count=0
t=2023-06-02T16:09:00+0800 lvl=trce msg="Removed unpayable queued transactions"  count=0
t=2023-06-02T16:09:00+0800 lvl=trce msg="Promoted queued transactions"           count=0
t=2023-06-02T16:09:00+0800 lvl=trce msg="Discarding freshly underpriced transaction" hash=0x740a99b2e3bcbe7a76c4c134c8fa6cddfc566e0ed780eda646f7b917c4a895bd gasTipCap=10 gasFeeCap=910
t=2023-06-02T16:09:00+0800 lvl=trce msg="Pooled new future transaction"          hash=0xd5813f56ada2da49753f3958b002bf0ca94974e5cfc437c51422ec93d53ba199 from=0x4f0D54d20156a586eDE1974d5b57EC214b892e20 to=0x0000000000000000000000000000000000000000
t=2023-06-02T16:09:00+0800 lvl=trce msg="Removed old queued transactions"        count=0
t=2023-06-02T16:09:00+0800 lvl=trce msg="Removed unpayable queued transactions"  count=0
t=2023-06-02T16:09:00+0800 lvl=trce msg="Promoted queued transactions"           count=1
t=2023-06-02T16:09:00+0800 lvl=trce msg="Pooled new future transaction"          hash=0x2c67d4ac791003c298efbad414a3bfa0a687919f8a4db48cb06a3f9493d21778 from=0x66e0851F1a162869024b4C9f6b1C4Fc5cb4832F1 to=0x0000000000000000000000000000000000000000
t=2023-06-02T16:09:00+0800 lvl=trce msg="Removed old queued transactions"        count=0
t=2023-06-02T16:09:00+0800 lvl=trce msg="Removed unpayable queued transactions"  count=0
t=2023-06-02T16:09:00+0800 lvl=trce msg="Promoted queued transactions"           count=1
t=2023-06-02T16:09:00+0800 lvl=trce msg="Pooled new future transaction"          hash=0xf252e14c14eda4320032620f016c914523598abe569f0a3bba2bbda629e9818e from=0x66e0851F1a162869024b4C9f6b1C4Fc5cb4832F1 to=0x0000000000000000000000000000000000000000
t=2023-06-02T16:09:00+0800 lvl=trce msg="Discarding freshly underpriced transaction" hash=0x2ee5d3c04100807b07528fad0a4260f93e8ea5cbc955493edb2cabb4dd68e1f6 gasTipCap=11 gasFeeCap=911
t=2023-06-02T16:09:00+0800 lvl=trce msg="Removed old queued transactions"        count=0
t=2023-06-02T16:09:00+0800 lvl=trce msg="Pooled new future transaction"          hash=0x7ff9172f0c173737d70f084630fbbb462f2546c822709e3e92e728e5523531f5 from=0xB57BE2713F75112d00241708de7880194Bac8121 to=0x0000000000000000000000000000000000000000
t=2023-06-02T16:09:00+0800 lvl=trce msg="Removed old queued transactions"        count=0
t=2023-06-02T16:09:00+0800 lvl=trce msg="Removed unpayable queued transactions"  count=0
t=2023-06-02T16:09:00+0800 lvl=trce msg="Promoted queued transactions"           count=1
t=2023-06-02T16:09:00+0800 lvl=trce msg="Removed unpayable queued transactions"  count=0
t=2023-06-02T16:09:00+0800 lvl=trce msg="Promoted queued transactions"           count=0
t=2023-06-02T16:09:00+0800 lvl=trce msg="Pooled new future transaction"          hash=0x6a3c0cc5add34694b45162a6871f1ae93427cb6b66e74c529c3418d31aa7d16d from=0x7628e7c918DAaf4dfbF615023fDBcF72b8479bCe to=0x0000000000000000000000000000000000000000
t=2023-06-02T16:09:00+0800 lvl=trce msg="Removed old queued transactions"        count=0
t=2023-06-02T16:09:00+0800 lvl=trce msg="Removed unpayable queued transactions"  count=0
t=2023-06-02T16:09:00+0800 lvl=trce msg="Promoted queued transactions"           count=1
t=2023-06-02T16:09:00+0800 lvl=trce msg="Discarding freshly underpriced transaction" hash=0x0f7d292067a5fdae2202c54cf942209696a68e752ccd62d9297ace1509f57dc8 gasTipCap=12 gasFeeCap=912
t=2023-06-02T16:09:00+0800 lvl=trce msg="Pooled new future transaction"          hash=0x4e4cc4d37993e6fd3a8954351d338d74bf912f77f61b1cde3d1ce3279cf45785 from=0x3EE01f7D3B2707509308D37C707948D5957cC410 to=0x0000000000000000000000000000000000000000
t=2023-06-02T16:09:00+0800 lvl=trce msg="Removed old queued transactions"        count=0
t=2023-06-02T16:09:00+0800 lvl=trce msg="Removed unpayable queued transactions"  count=0
t=2023-06-02T16:09:00+0800 lvl=trce msg="Promoted queued transactions"           count=1
t=2023-06-02T16:09:00+0800 lvl=trce msg="Pooled new future transaction"          hash=0x7551327a077301788b7e24d8877c50126ddcee8330451cb7f7f3802621d9d837 from=0x7628e7c918DAaf4dfbF615023fDBcF72b8479bCe to=0x0000000000000000000000000000000000000000
t=2023-06-02T16:09:00+0800 lvl=trce msg="Removed old queued transactions"        count=0
t=2023-06-02T16:09:00+0800 lvl=trce msg="Removed unpayable queued transactions"  count=0
t=2023-06-02T16:09:00+0800 lvl=trce msg="Promoted queued transactions"           count=0
t=2023-06-02T16:09:00+0800 lvl=trce msg="Pooled new future transaction"          hash=0x118e3708a9421b30dec7efb2e82c3e49d78c0d94faaccc7daf3c6d5436f5a192 from=0x66e0851F1a162869024b4C9f6b1C4Fc5cb4832F1 to=0x0000000000000000000000000000000000000000
t=2023-06-02T16:09:00+0800 lvl=trce msg="Discarding freshly underpriced transaction" hash=0xc1c51cc558a4d2405170e97e225ad076096efc2663ba8f4e52c096aa382c6ce7 gasTipCap=13 gasFeeCap=913
t=2023-06-02T16:09:00+0800 lvl=trce msg="Removed old queued transactions"        count=0
t=2023-06-02T16:09:00+0800 lvl=trce msg="Removed unpayable queued transactions"  count=0
t=2023-06-02T16:09:00+0800 lvl=trce msg="Promoted queued transactions"           count=1
t=2023-06-02T16:09:00+0800 lvl=trce msg="Pooled new future transaction"          hash=0x4853bae589ec29791aa3af7d42161e8aa026192334dfa9b1df8cd5b102f79496 from=0x4E14696Ffee18220c7bd70a40F9f4eAbABA3B7E7 to=0x0000000000000000000000000000000000000000
t=2023-06-02T16:09:00+0800 lvl=trce msg="Removed old queued transactions"        count=0
t=2023-06-02T16:09:00+0800 lvl=trce msg="Removed unpayable queued transactions"  count=0
t=2023-06-02T16:09:00+0800 lvl=trce msg="Promoted queued transactions"           count=1
t=2023-06-02T16:09:00+0800 lvl=trce msg="Pooled new future transaction"          hash=0xc5621abfa59f9f6bf3b0a5ed6a271f170fa26dab7c16cb5841d20a25ff12b962 from=0x66e0851F1a162869024b4C9f6b1C4Fc5cb4832F1 to=0x0000000000000000000000000000000000000000
t=2023-06-02T16:09:00+0800 lvl=trce msg="Removed old queued transactions"        count=0
t=2023-06-02T16:09:00+0800 lvl=trce msg="Removed unpayable queued transactions"  count=0
t=2023-06-02T16:09:00+0800 lvl=trce msg="Promoted queued transactions"           count=0
t=2023-06-02T16:09:00+0800 lvl=trce msg="Discarding freshly underpriced transaction" hash=0x30e1596c821442b2052cc09c9200da13ce00cf36014b53eed34fe82d47054b07 gasTipCap=14 gasFeeCap=914
t=2023-06-02T16:09:00+0800 lvl=trce msg="Pooled new future transaction"          hash=0xfd36d9f742edb47d13703232c9d0fe1c33c4ff8a4893ad98099ff1c681691ec1 from=0xA32007d0d619099235ad60CB2181cBe09F1708d9 to=0x0000000000000000000000000000000000000000
t=2023-06-02T16:09:00+0800 lvl=trce msg="Removed old queued transactions"        count=0
t=2023-06-02T16:09:00+0800 lvl=trce msg="Removed unpayable queued transactions"  count=0
t=2023-06-02T16:09:00+0800 lvl=trce msg="Promoted queued transactions"           count=1
t=2023-06-02T16:09:00+0800 lvl=trce msg="Pooled new future transaction"          hash=0x21b020ff496ad91b0cec1f74c52dd58058658ffebe9978ac03df7646342123fe from=0x7628e7c918DAaf4dfbF615023fDBcF72b8479bCe to=0x0000000000000000000000000000000000000000
t=2023-06-02T16:09:00+0800 lvl=trce msg="Removed old queued transactions"        count=0
t=2023-06-02T16:09:00+0800 lvl=trce msg="Removed unpayable queued transactions"  count=0
t=2023-06-02T16:09:00+0800 lvl=trce msg="Promoted queued transactions"           count=1
t=2023-06-02T16:09:00+0800 lvl=trce msg="Discarding freshly underpriced transaction" hash=0x073dd352c611a9536425ccf63a1999802c13feaf270bd5ecbae666497a4c9245 gasTipCap=15 gasFeeCap=915
t=2023-06-02T16:09:00+0800 lvl=trce msg="Pooled new future transaction"          hash=0x06c4fab025c012b71f90c44ebb95306c062737393b6a705896fee7e92cd8f881 from=0xc229043D46BfdbFbC3e76Af63B66f43F799C8D0C to=0x0000000000000000000000000000000000000000
t=2023-06-02T16:09:00+0800 lvl=trce msg="Pooled new future transaction"          hash=0x21fdc28176adeea37494863f778d25ecc6ad1a2069c2c59f39ff415de31e8e77 from=0x7628e7c918DAaf4dfbF615023fDBcF72b8479bCe to=0x0000000000000000000000000000000000000000
t=2023-06-02T16:09:00+0800 lvl=trce msg="Removed old queued transactions"        count=0
t=2023-06-02T16:09:00+0800 lvl=trce msg="Removed unpayable queued transactions"  count=0
t=2023-06-02T16:09:00+0800 lvl=trce msg="Promoted queued transactions"           count=0
t=2023-06-02T16:09:00+0800 lvl=trce msg="Removed old queued transactions"        count=0
t=2023-06-02T16:09:00+0800 lvl=trce msg="Removed unpayable queued transactions"  count=0
t=2023-06-02T16:09:00+0800 lvl=trce msg="Promoted queued transactions"           count=1
t=2023-06-02T16:09:00+0800 lvl=trce msg="Pooled new future transaction"          hash=0x030aacb8782e44d4751021aa55e74b133187cbec7ae9cdc80a7e460f8497ae6a from=0xF430FAcaBDd458C473847F5C7332098a985d3052 to=0x0000000000000000000000000000000000000000
t=2023-06-02T16:09:00+0800 lvl=trce msg="Pooled new future transaction"          hash=0x533bc95e125fc177592de78db2dedbf410a52ce6b896cec6810ad2760bc8bb88 from=0xF430FAcaBDd458C473847F5C7332098a985d3052 to=0x0000000000000000000000000000000000000000
t=2023-06-02T16:09:00+0800 lvl=trce msg="Pooled new future transaction"          hash=0xf3db40b806f2a2f8286344f4139cbcb539137045d21f81434f267f6fc3d5f24f from=0xF430FAcaBDd458C473847F5C7332098a985d3052 to=0x0000000000000000000000000000000000000000
t=2023-06-02T16:09:00+0800 lvl=trce msg="Pooled new future transaction"          hash=0xf5b5c0f3d0349ad2fa0090d33afad8bb1c8acff7f8b9bdfaf37e88e7253ffa64 from=0xF430FAcaBDd458C473847F5C7332098a985d3052 to=0x0000000000000000000000000000000000000000
t=2023-06-02T16:09:00+0800 lvl=trce msg="Pooled new future transaction"          hash=0x229f0d7e1ede5494eb9134a05fadd5426879aaf31b4b523d4d4f423f8cc374c4 from=0xF430FAcaBDd458C473847F5C7332098a985d3052 to=0x0000000000000000000000000000000000000000
t=2023-06-02T16:09:00+0800 lvl=trce msg="Pooled new future transaction"          hash=0x616a39a9b69cddcdc493010f914c275680c2864f6453ea55e2024491f73ced9e from=0xF430FAcaBDd458C473847F5C7332098a985d3052 to=0x0000000000000000000000000000000000000000
t=2023-06-02T16:09:00+0800 lvl=trce msg="Pooled new future transaction"          hash=0x25f2421d793a606cd984c7c8c77c0c3be46346e07d92664be7ab9c575a936f89 from=0xF430FAcaBDd458C473847F5C7332098a985d3052 to=0x0000000000000000000000000000000000000000
t=2023-06-02T16:09:00+0800 lvl=trce msg="Pooled new future transaction"          hash=0xb86cae61b4967ccc80bc148e21ba2913a04960de4261a474d6389095cded205a from=0xF430FAcaBDd458C473847F5C7332098a985d3052 to=0x0000000000000000000000000000000000000000
t=2023-06-02T16:09:00+0800 lvl=trce msg="Discarding freshly underpriced transaction" hash=0xdc4bba031d8e5149591fd939fa2d08086d6f545595c8ec40c00f3de5db393541 gasTipCap=16 gasFeeCap=916
t=2023-06-02T16:09:00+0800 lvl=trce msg="Pooled new future transaction"          hash=0x9ac05f79cd4ab9dd3c1a2fb66f3b0b8b4d8e6fee5f18a291449622554584fc63 from=0xcb5674F1Fd5739c75830AF6A32036498475eE4B9 to=0x0000000000000000000000000000000000000000
t=2023-06-02T16:09:00+0800 lvl=trce msg="Removed old queued transactions"        count=0
t=2023-06-02T16:09:00+0800 lvl=trce msg="Removed unpayable queued transactions"  count=0
t=2023-06-02T16:09:00+0800 lvl=trce msg="Promoted queued transactions"           count=1
t=2023-06-02T16:09:00+0800 lvl=trce msg="Pooled new future transaction"          hash=0xaf78cc2b8274f9963eac912675bea2e95c9e950b06d3c6457a91a98a5e297943 from=0x66e0851F1a162869024b4C9f6b1C4Fc5cb4832F1 to=0x0000000000000000000000000000000000000000
t=2023-06-02T16:09:00+0800 lvl=trce msg="Removed old queued transactions"        count=0
t=2023-06-02T16:09:00+0800 lvl=trce msg="Removed unpayable queued transactions"  count=0
t=2023-06-02T16:09:00+0800 lvl=trce msg="Promoted queued transactions"           count=1
t=2023-06-02T16:09:00+0800 lvl=trce msg="Pooled new future transaction"          hash=0xb324e43f61429f6d5a53a3eb6f9e00fe901c9344b93ab767bec07a3004771b79 from=0xF430FAcaBDd458C473847F5C7332098a985d3052 to=0x0000000000000000000000000000000000000000
t=2023-06-02T16:09:00+0800 lvl=trce msg="Pooled new future transaction"          hash=0x0294ae0442651fa1417e55b3c649461e99a7d5d5f9aef38b7248a33ce99444f3 from=0xF430FAcaBDd458C473847F5C7332098a985d3052 to=0x0000000000000000000000000000000000000000
t=2023-06-02T16:09:00+0800 lvl=trce msg="Pooled new future transaction"          hash=0xd3b6de8c2b6b588ffe3969f8f78dea1780534090ec26277fa3bc5abf22457c66 from=0xF430FAcaBDd458C473847F5C7332098a985d3052 to=0x0000000000000000000000000000000000000000
t=2023-06-02T16:09:00+0800 lvl=trce msg="Pooled new future transaction"          hash=0x40687d613134cdc7cd1554ff8a381531953f2f776530e81552a3f90d6a04e511 from=0xF430FAcaBDd458C473847F5C7332098a985d3052 to=0x0000000000000000000000000000000000000000
t=2023-06-02T16:09:00+0800 lvl=trce msg="Pooled new future transaction"          hash=0xdc0e777abc89858b0bbd0ca138d6852db06b0a6832b36a95c099fa40c48d16bb from=0xF430FAcaBDd458C473847F5C7332098a985d3052 to=0x0000000000000000000000000000000000000000
t=2023-06-02T16:09:00+0800 lvl=trce msg="Pooled new future transaction"          hash=0x70432c937b184f70d2de30273febd3b594558f2cd5b333486a1380673b4b43e5 from=0xF430FAcaBDd458C473847F5C7332098a985d3052 to=0x0000000000000000000000000000000000000000
t=2023-06-02T16:09:00+0800 lvl=trce msg="Pooled new future transaction"          hash=0x929ce7a183fad24b5d22a1f6802bf59e4421cb059e4d21b6c63387abaacf139f from=0x66e0851F1a162869024b4C9f6b1C4Fc5cb4832F1 to=0x0000000000000000000000000000000000000000
t=2023-06-02T16:09:00+0800 lvl=trce msg="Discarding freshly underpriced transaction" hash=0x5bf7210a3e5b9312ef4696266a28cda685ca6c9464ab16711ed6949af72f9a6c gasTipCap=17 gasFeeCap=917
t=2023-06-02T16:09:00+0800 lvl=trce msg="Removed old queued transactions"        count=0
t=2023-06-02T16:09:00+0800 lvl=trce msg="Removed unpayable queued transactions"  count=0
t=2023-06-02T16:09:00+0800 lvl=trce msg="Promoted queued transactions"           count=0
t=2023-06-02T16:09:00+0800 lvl=trce msg="Pooled new future transaction"          hash=0xeae64e6a329d4ff70cdf8ff70a17eb006c20a4a52aa90f509e1aa5cc34bd28d2 from=0x84309B28eF7227bBAe723d52a38ACDf4114d33a5 to=0x0000000000000000000000000000000000000000
t=2023-06-02T16:09:00+0800 lvl=trce msg="Removed old queued transactions"        count=0
t=2023-06-02T16:09:00+0800 lvl=trce msg="Removed unpayable queued transactions"  count=0
t=2023-06-02T16:09:00+0800 lvl=trce msg="Promoted queued transactions"           count=1
t=2023-06-02T16:09:00+0800 lvl=trce msg="Pooled new future transaction"          hash=0xb2bf52acb2e0a7b80f66dcb3700626dd6f33ec42d1339b3b5190e488e81feed9 from=0xF430FAcaBDd458C473847F5C7332098a985d3052 to=0x0000000000000000000000000000000000000000
t=2023-06-02T16:09:00+0800 lvl=trce msg="Pooled new future transaction"          hash=0x2fe6d7ad5972f3cd20d9dd44c5b5c5cbfd931e61af7a58fef338c8cb8a355f1b from=0xF430FAcaBDd458C473847F5C7332098a985d3052 to=0x0000000000000000000000000000000000000000
t=2023-06-02T16:09:00+0800 lvl=trce msg="Pooled new future transaction"          hash=0x39e9d3870d2bcf0fced65045f445962ff08a6411e84e506968e3b0af328a8bbf from=0xF430FAcaBDd458C473847F5C7332098a985d3052 to=0x0000000000000000000000000000000000000000
t=2023-06-02T16:09:00+0800 lvl=trce msg="Pooled new future transaction"          hash=0x0a26c88ea70b67b46f5d18fb3ca2ba82f83db4b4f2b9024aad38f15a047e775f from=0xF430FAcaBDd458C473847F5C7332098a985d3052 to=0x0000000000000000000000000000000000000000
t=2023-06-02T16:09:00+0800 lvl=trce msg="Pooled new future transaction"          hash=0x8f06cb6758f358b69b2fbe457179995db422758f8c0c0815dfe7db3510469942 from=0xF430FAcaBDd458C473847F5C7332098a985d3052 to=0x0000000000000000000000000000000000000000
t=2023-06-02T16:09:00+0800 lvl=trce msg="Pooled new future transaction"          hash=0x60fc9ed94f41ff4e42db854e25a4629acbc58748bc87d585abbc830ec12430b9 from=0xF430FAcaBDd458C473847F5C7332098a985d3052 to=0x0000000000000000000000000000000000000000
t=2023-06-02T16:09:00+0800 lvl=trce msg="Pooled new future transaction"          hash=0x72928084c33e805e07d51947e1ce16f903aa1115cc7ac67108d544dee0d2aabf from=0xF430FAcaBDd458C473847F5C7332098a985d3052 to=0x0000000000000000000000000000000000000000
t=2023-06-02T16:09:00+0800 lvl=trce msg="Pooled new future transaction"          hash=0x986db415c30b28565a25fe2ccf56f58e8c014780a2c8869045d30b6e2c86de70 from=0xF430FAcaBDd458C473847F5C7332098a985d3052 to=0x0000000000000000000000000000000000000000
t=2023-06-02T16:09:00+0800 lvl=trce msg="Pooled new future transaction"          hash=0x2897fd2011ff048f91fcde80f9689e6d2cef1b5916c835ce039fab1035bd8c90 from=0xF430FAcaBDd458C473847F5C7332098a985d3052 to=0x0000000000000000000000000000000000000000
t=2023-06-02T16:09:00+0800 lvl=trce msg="Pooled new future transaction"          hash=0x2619595f78ca91ce6ed391cfbe02f9db9a33ebf70a330910402b9cdb3db6b6f4 from=0xF430FAcaBDd458C473847F5C7332098a985d3052 to=0x0000000000000000000000000000000000000000
t=2023-06-02T16:09:00+0800 lvl=trce msg="Pooled new future transaction"          hash=0xdd281d4edd1ee4a540546aad3ae5c88cd5933b38af3512d8e80c2d79c3045a28 from=0xF430FAcaBDd458C473847F5C7332098a985d3052 to=0x0000000000000000000000000000000000000000
t=2023-06-02T16:09:00+0800 lvl=trce msg="Pooled new future transaction"          hash=0xeec6064770994023f90127987a22c5743ad05f8497748995b1f293a7237b2c5e from=0xF430FAcaBDd458C473847F5C7332098a985d3052 to=0x0000000000000000000000000000000000000000
t=2023-06-02T16:09:00+0800 lvl=trce msg="Discarding freshly underpriced transaction" hash=0x20f50d025a835dadd6d93f0c683ab5402f8441579b67b1ff0ea93c641be165d1 gasTipCap=18 gasFeeCap=918
t=2023-06-02T16:09:00+0800 lvl=trce msg="Pooled new future transaction"          hash=0xe73c5753e164f5d92cc3a0c975cbac137e5651c5786c27549bf689d564026f57 from=0x1FFD43a839b873287a727BB1D9CB0c54e1aeF256 to=0x0000000000000000000000000000000000000000
t=2023-06-02T16:09:00+0800 lvl=trce msg="Removed old queued transactions"        count=0
t=2023-06-02T16:09:00+0800 lvl=trce msg="Removed unpayable queued transactions"  count=0
t=2023-06-02T16:09:00+0800 lvl=trce msg="Promoted queued transactions"           count=1
t=2023-06-02T16:09:00+0800 lvl=trce msg="Pooled new future transaction"          hash=0x91d220c2a7ded01a6a85c7ce54df08847944f77aacac6906eaa595a875f2b5ac from=0x7628e7c918DAaf4dfbF615023fDBcF72b8479bCe to=0x0000000000000000000000000000000000000000
t=2023-06-02T16:09:00+0800 lvl=trce msg="Removed old queued transactions"        count=0
t=2023-06-02T16:09:00+0800 lvl=trce msg="Pooled new future transaction"          hash=0x3441f558ded807f9469f7992878abd654abcbbdb84a18d472dd33ee4fa54f452 from=0xF430FAcaBDd458C473847F5C7332098a985d3052 to=0x0000000000000000000000000000000000000000
t=2023-06-02T16:09:00+0800 lvl=trce msg="Pooled new future transaction"          hash=0x13ffb676f070350986e88e68ff9092be999529d4be1c703fce3164c09f1634fe from=0xF430FAcaBDd458C473847F5C7332098a985d3052 to=0x0000000000000000000000000000000000000000
t=2023-06-02T16:09:00+0800 lvl=trce msg="Pooled new future transaction"          hash=0x2cbb4dbed89c16d52863babc09dce7e3361389261789abb8ca16ba674acecbb2 from=0xF430FAcaBDd458C473847F5C7332098a985d3052 to=0x0000000000000000000000000000000000000000
t=2023-06-02T16:09:00+0800 lvl=trce msg="Pooled new future transaction"          hash=0x0cb08eea792bc3638b1a30fd5437511ecff2ff4ec669be667c9b6cb5056976e4 from=0xF430FAcaBDd458C473847F5C7332098a985d3052 to=0x0000000000000000000000000000000000000000
t=2023-06-02T16:09:00+0800 lvl=trce msg="Pooled new future transaction"          hash=0x8e4f55e1f5467d9161f6637c20500c88da80788d1cdb17ff6ffeb44a98374692 from=0xF430FAcaBDd458C473847F5C7332098a985d3052 to=0x0000000000000000000000000000000000000000
t=2023-06-02T16:09:00+0800 lvl=trce msg="Discarding freshly underpriced transaction" hash=0x6c4d109a4042227999ce4b66d8d99bb880eea75800c259d58f001b44fca24d3d gasTipCap=19 gasFeeCap=919
t=2023-06-02T16:09:00+0800 lvl=trce msg="Pooled new future transaction"          hash=0xaffc8d4dab5cdf94a7f6ae3bd899c65047fa01364c5a01eaf66f3eb00bdc996e from=0xF0d6f980e7E79B02a1D735498db40A9D5F03e00D to=0x0000000000000000000000000000000000000000
t=2023-06-02T16:09:00+0800 lvl=trce msg="Removed old queued transactions"        count=0
t=2023-06-02T16:09:00+0800 lvl=trce msg="Removed unpayable queued transactions"  count=0
t=2023-06-02T16:09:00+0800 lvl=trce msg="Promoted queued transactions"           count=1
t=2023-06-02T16:09:00+0800 lvl=trce msg="Removed unpayable queued transactions"  count=0
t=2023-06-02T16:09:00+0800 lvl=trce msg="Promoted queued transactions"           count=1
t=2023-06-02T16:09:00+0800 lvl=trce msg="Pooled new future transaction"          hash=0x8128539e2b3134990a06f1ae3b856470820180352edb27e17173005264c965d9 from=0xF430FAcaBDd458C473847F5C7332098a985d3052 to=0x0000000000000000000000000000000000000000
t=2023-06-02T16:09:00+0800 lvl=trce msg="Pooled new future transaction"          hash=0x15bd9918b1f2a3ef2a4aef15da9fcb03657279d9a4e391d7505f4eaee74db8d2 from=0xF430FAcaBDd458C473847F5C7332098a985d3052 to=0x0000000000000000000000000000000000000000
t=2023-06-02T16:09:00+0800 lvl=trce msg="Pooled new future transaction"          hash=0x92bbba8cf034e675d224c20288f5153dd2a217b6defcfa8a90c954361e4a7a42 from=0xF430FAcaBDd458C473847F5C7332098a985d3052 to=0x0000000000000000000000000000000000000000
t=2023-06-02T16:09:00+0800 lvl=trce msg="Pooled new future transaction"          hash=0x39626d812fb3c3e1fc213e1ddfec05b5a3b74c6ccce936c4a9917a7593a3a909 from=0xF430FAcaBDd458C473847F5C7332098a985d3052 to=0x0000000000000000000000000000000000000000
t=2023-06-02T16:09:00+0800 lvl=trce msg="Pooled new future transaction"          hash=0x2e59f62a65e4c51a3b36b2e21f9e9550f555ba0ba12942f49c45a6dff1299f30 from=0xF430FAcaBDd458C473847F5C7332098a985d3052 to=0x0000000000000000000000000000000000000000
t=2023-06-02T16:09:00+0800 lvl=trce msg="Pooled new future transaction"          hash=0xc8ed763cff00d6998bc08120e906c6dd8371dcfa60b8ebc729ec1a2b8bdeec7f from=0xF430FAcaBDd458C473847F5C7332098a985d3052 to=0x0000000000000000000000000000000000000000
t=2023-06-02T16:09:00+0800 lvl=trce msg="Pooled new future transaction"          hash=0x8e88cfc60a982e0981bdd58ab777d40a7e2cb107d57bdc2669efccbbfb0fbf84 from=0xF430FAcaBDd458C473847F5C7332098a985d3052 to=0x0000000000000000000000000000000000000000
t=2023-06-02T16:09:00+0800 lvl=trce msg="Pooled new future transaction"          hash=0x423e7ad7df9f9672ce73d343ef22a465c7c7b3213a0fe268b88300c7827b79f5 from=0x7628e7c918DAaf4dfbF615023fDBcF72b8479bCe to=0x0000000000000000000000000000000000000000
t=2023-06-02T16:09:00+0800 lvl=trce msg="Pooled new future transaction"          hash=0x8b533a512083df99a5ed1b078b0f5849de8f04e1c80d2a45c7daeb5d12899ab6 from=0xF430FAcaBDd458C473847F5C7332098a985d3052 to=0x0000000000000000000000000000000000000000
t=2023-06-02T16:09:00+0800 lvl=trce msg="Removed old queued transactions"        count=0
t=2023-06-02T16:09:00+0800 lvl=trce msg="Removed unpayable queued transactions"  count=0
t=2023-06-02T16:09:00+0800 lvl=trce msg="Promoted queued transactions"           count=0
t=2023-06-02T16:09:00+0800 lvl=trce msg="Pooled new future transaction"          hash=0x7eee0a8b69337ea6fe51dda428f340b313263251df55d3c1674ae08baa7e553a from=0xF430FAcaBDd458C473847F5C7332098a985d3052 to=0x0000000000000000000000000000000000000000
t=2023-06-02T16:09:00+0800 lvl=trce msg="Pooled new future transaction"          hash=0x85c1e718f9d923d1631d56198dfa274fc181abe4b3b0f9ef0373a74609d09cca from=0xF430FAcaBDd458C473847F5C7332098a985d3052 to=0x0000000000000000000000000000000000000000
t=2023-06-02T16:09:00+0800 lvl=trce msg="Pooled new future transaction"          hash=0xa29922b54e68ceaed3f55bc0fc96b7d9e5ddab7160489d23b6c050597093c120 from=0xF430FAcaBDd458C473847F5C7332098a985d3052 to=0x0000000000000000000000000000000000000000
t=2023-06-02T16:09:00+0800 lvl=trce msg="Pooled new future transaction"          hash=0xa672019a6958fc54ffbb5729259d07729a98e9fd95637cbe1283ceec0ce7947d from=0xF430FAcaBDd458C473847F5C7332098a985d3052 to=0x0000000000000000000000000000000000000000
t=2023-06-02T16:09:00+0800 lvl=trce msg="Discarding freshly underpriced transaction" hash=0x25dc729001ee11ac3f0c16ad69f5ccc48e1e7d955fb806a05c3aac947b4ab299 gasTipCap=20 gasFeeCap=920
t=2023-06-02T16:09:00+0800 lvl=trce msg="Pooled new future transaction"          hash=0xb91ceb39e58a2e8ea9f693d3c2802469b115c1a1728ef93515e9d73feac5b31e from=0xF430FAcaBDd458C473847F5C7332098a985d3052 to=0x0000000000000000000000000000000000000000
t=2023-06-02T16:09:00+0800 lvl=trce msg="Pooled new future transaction"          hash=0x2790e155731d8f39609263e0365f3ace317fdc0f555ab70bd7a05fdf0b3ef742 from=0xBaA9956F4E2F9F2A53B3694156bdaF300fae84b9 to=0x0000000000000000000000000000000000000000
t=2023-06-02T16:09:00+0800 lvl=trce msg="Pooled new future transaction"          hash=0xd000221051453b1289e2b14c45e1cdae4e60673817a20460c39ba7aa6785d363 from=0xF430FAcaBDd458C473847F5C7332098a985d3052 to=0x0000000000000000000000000000000000000000
t=2023-06-02T16:09:00+0800 lvl=trce msg="Pooled new future transaction"          hash=0xd5d3094d1dc191028748ff47517984759865c0a893b97876493752283c4c9ebd from=0xF430FAcaBDd458C473847F5C7332098a985d3052 to=0x0000000000000000000000000000000000000000
t=2023-06-02T16:09:00+0800 lvl=trce msg="Removed old queued transactions"        count=0
t=2023-06-02T16:09:00+0800 lvl=trce msg="Removed unpayable queued transactions"  count=0
t=2023-06-02T16:09:00+0800 lvl=trce msg="Promoted queued transactions"           count=1
t=2023-06-02T16:09:00+0800 lvl=trce msg="Pooled new future transaction"          hash=0x3df0a22741d392281c5755ca9253706c2a70b0099888de9048767cc9b91ff5c0 from=0xF430FAcaBDd458C473847F5C7332098a985d3052 to=0x0000000000000000000000000000000000000000
t=2023-06-02T16:09:00+0800 lvl=trce msg="Pooled new future transaction"          hash=0x73b4bcf500a054d617f9b57367e25b5327552d5350750fae18704652614598c1 from=0xF430FAcaBDd458C473847F5C7332098a985d3052 to=0x0000000000000000000000000000000000000000
t=2023-06-02T16:09:00+0800 lvl=trce msg="Pooled new future transaction"          hash=0x5de0561b90758589ef8f6b2e003031090f8d654212d473f18e58afaafa6d8978 from=0x66e0851F1a162869024b4C9f6b1C4Fc5cb4832F1 to=0x0000000000000000000000000000000000000000
t=2023-06-02T16:09:00+0800 lvl=trce msg="Pooled new future transaction"          hash=0x78c111af1d67e72d748e8dbd3d2d1a0217e144dc9fc5a608f5dd337a1717667b from=0xF430FAcaBDd458C473847F5C7332098a985d3052 to=0x0000000000000000000000000000000000000000
t=2023-06-02T16:09:00+0800 lvl=trce msg="Pooled new future transaction"          hash=0x0f071e27d5b6420cd0d887d9eecc28fd04e702498ee7201fb7737f20eb99d4f3 from=0xF430FAcaBDd458C473847F5C7332098a985d3052 to=0x0000000000000000000000000000000000000000
t=2023-06-02T16:09:00+0800 lvl=trce msg="Removed old queued transactions"        count=0
t=2023-06-02T16:09:00+0800 lvl=trce msg="Removed unpayable queued transactions"  count=0
t=2023-06-02T16:09:00+0800 lvl=trce msg="Promoted queued transactions"           count=1
t=2023-06-02T16:09:00+0800 lvl=trce msg="Pooled new future transaction"          hash=0x3bc55d76eb2f471973489fdf5e0c334e76d68de732d569eba307848591c9bf1f from=0xF430FAcaBDd458C473847F5C7332098a985d3052 to=0x0000000000000000000000000000000000000000
t=2023-06-02T16:09:00+0800 lvl=trce msg="Discarding freshly underpriced transaction" hash=0x51120d13e08ef6b1109b0bfd87aa113cdcc8fa1dc71b8bf0f7e0b4a0500ff661 gasTipCap=1  gasFeeCap=1001
t=2023-06-02T16:09:00+0800 lvl=trce msg="Pooled new future transaction"          hash=0x7bfdb49676ef9541e01bc8f301c143b1fcd3ebd8b7843ec993f4ecdb6c5d7d47 from=0xE4665AaAf2C822F138e7861b10F202DC9199B403 to=0x0000000000000000000000000000000000000000
t=2023-06-02T16:09:00+0800 lvl=trce msg="Removed old queued transactions"        count=0
t=2023-06-02T16:09:00+0800 lvl=trce msg="Removed unpayable queued transactions"  count=0
t=2023-06-02T16:09:00+0800 lvl=trce msg="Promoted queued transactions"           count=1
t=2023-06-02T16:09:00+0800 lvl=trce msg="Pooled new future transaction"          hash=0xe373e6385bc3fed5d89e8bb60ba9706547122bf79b89386f0593355bd38c6aa0 from=0xF430FAcaBDd458C473847F5C7332098a985d3052 to=0x0000000000000000000000000000000000000000
t=2023-06-02T16:09:00+0800 lvl=trce msg="Pooled new future transaction"          hash=0xa79b8bd214968a717cb42e04217a3959a3c6a035a8e3ff6c1026d751fc16c63d from=0xF430FAcaBDd458C473847F5C7332098a985d3052 to=0x0000000000000000000000000000000000000000
t=2023-06-02T16:09:00+0800 lvl=trce msg="Pooled new future transaction"          hash=0xc571ad90eabb7e3651fb6a540dd48f3c52fa59e114cf551f11004f4ef0a661bc from=0xF430FAcaBDd458C473847F5C7332098a985d3052 to=0x0000000000000000000000000000000000000000
t=2023-06-02T16:09:00+0800 lvl=trce msg="Pooled new future transaction"          hash=0xdb9a18bdf06090cce2ec89dea0186aa1dc7f8d8d989ee1ef19094cf77fa791cf from=0xF430FAcaBDd458C473847F5C7332098a985d3052 to=0x0000000000000000000000000000000000000000
t=2023-06-02T16:09:00+0800 lvl=trce msg="Pooled new future transaction"          hash=0xa96991d899760faa5ac52b7a4e3522ad3fd9d6731ee26c4eea7a416817f3cf6f from=0xF430FAcaBDd458C473847F5C7332098a985d3052 to=0x0000000000000000000000000000000000000000
t=2023-06-02T16:09:00+0800 lvl=trce msg="Pooled new future transaction"          hash=0x64e6a3e8cdb07db5c71d2ac3e4dcd6b86ee4396f606641ec11151cb32cea588c from=0xF430FAcaBDd458C473847F5C7332098a985d3052 to=0x0000000000000000000000000000000000000000
t=2023-06-02T16:09:00+0800 lvl=trce msg="Pooled new future transaction"          hash=0xf1965abc1e3ffde8857dd58df00b1232a00058595aaad25f6a037d05a845827d from=0xF430FAcaBDd458C473847F5C7332098a985d3052 to=0x0000000000000000000000000000000000000000
t=2023-06-02T16:09:00+0800 lvl=trce msg="Pooled new future transaction"          hash=0xd3304a60ffd26e287b74d036fb94d83330c9513e6fdd156af8130435654a413e from=0xF430FAcaBDd458C473847F5C7332098a985d3052 to=0x0000000000000000000000000000000000000000
t=2023-06-02T16:09:00+0800 lvl=trce msg="Pooled new future transaction"          hash=0xa25f9717fd3c67feb8e16d830138ebcd539114bde0a13010f991fb4e614a5562 from=0xF430FAcaBDd458C473847F5C7332098a985d3052 to=0x0000000000000000000000000000000000000000
t=2023-06-02T16:09:00+0800 lvl=trce msg="Discarding freshly underpriced transaction" hash=0xec0365786044a162538091ae5a01084b2f8804d189626a1252c4fcfb288c0a0d gasTipCap=1  gasFeeCap=1116
t=2023-06-02T16:09:00+0800 lvl=trce msg="Pooled new future transaction"          hash=0x831c0b849a0805f77c6e7e96c7aeea0944d2b697b6ab037770451c1c842e693a from=0xF430FAcaBDd458C473847F5C7332098a985d3052 to=0x0000000000000000000000000000000000000000
t=2023-06-02T16:09:00+0800 lvl=trce msg="Pooled new future transaction"          hash=0x501990b5f94e85dc994ebad2760154ce4bda5f36ad79accfd0233bb852a90096 from=0x1e28C7D6388d15857Af5397cBE3AE356CDa4Cb39 to=0x0000000000000000000000000000000000000000
t=2023-06-02T16:09:00+0800 lvl=trce msg="Pooled new future transaction"          hash=0xac17e884f165be88d715063eb1097541e43157f1a84124b1ee29e79c4b15a023 from=0x66e0851F1a162869024b4C9f6b1C4Fc5cb4832F1 to=0x0000000000000000000000000000000000000000
t=2023-06-02T16:09:00+0800 lvl=trce msg="Removed old queued transactions"        count=0
t=2023-06-02T16:09:00+0800 lvl=trce msg="Removed unpayable queued transactions"  count=0
t=2023-06-02T16:09:00+0800 lvl=trce msg="Promoted queued transactions"           count=0
t=2023-06-02T16:09:00+0800 lvl=trce msg="Pooled new future transaction"          hash=0xb445c443e14198e9649ed55ef96e455312b874cd75084f0dd5b4ec485afcc78d from=0xF430FAcaBDd458C473847F5C7332098a985d3052 to=0x0000000000000000000000000000000000000000
t=2023-06-02T16:09:00+0800 lvl=trce msg="Pooled new future transaction"          hash=0x588816727e563d47ecac828ee0e263edc04da0e9af6879de46c14be51796fc87 from=0xF430FAcaBDd458C473847F5C7332098a985d3052 to=0x0000000000000000000000000000000000000000
t=2023-06-02T16:09:00+0800 lvl=trce msg="Pooled new future transaction"          hash=0x639c6b6f9290e4cb2d22497912b54271a502226349113ad8a83291c1f221160e from=0xF430FAcaBDd458C473847F5C7332098a985d3052 to=0x0000000000000000000000000000000000000000
t=2023-06-02T16:09:00+0800 lvl=trce msg="Pooled new future transaction"          hash=0xfdbc37f50d74e78dd215473da883a4a4ff1813dbb7c3f3935927d2693ddb6f70 from=0xF430FAcaBDd458C473847F5C7332098a985d3052 to=0x0000000000000000000000000000000000000000
t=2023-06-02T16:09:00+0800 lvl=trce msg="Pooled new future transaction"          hash=0xa7a6afc20bdca6ba48e423804699f1e0632999d9be473f56996bb5af577dc445 from=0xF430FAcaBDd458C473847F5C7332098a985d3052 to=0x0000000000000000000000000000000000000000
t=2023-06-02T16:09:00+0800 lvl=trce msg="Removed old queued transactions"        count=0
t=2023-06-02T16:09:00+0800 lvl=trce msg="Pooled new future transaction"          hash=0xf3efab294b9076ea36a1599a87e98a70ac19c2118b2216389202a17588709bf9 from=0x7628e7c918DAaf4dfbF615023fDBcF72b8479bCe to=0x0000000000000000000000000000000000000000
t=2023-06-02T16:09:00+0800 lvl=trce msg="Removed unpayable queued transactions"  count=0
t=2023-06-02T16:09:00+0800 lvl=trce msg="Promoted queued transactions"           count=1
t=2023-06-02T16:09:00+0800 lvl=info msg="Setting new local account"              address=0xb71feFeFddA3421352369476ee2e3eA82Abe2499
t=2023-06-02T16:09:00+0800 lvl=trce msg="Pooled new future transaction"          hash=0xb2688e4e642cbbdc6873d7956a8514879f89927bb23dd8d3ae722d8a8c91524a from=0xb71feFeFddA3421352369476ee2e3eA82Abe2499 to=0x0000000000000000000000000000000000000000
t=2023-06-02T16:09:00+0800 lvl=trce msg="Pooled new future transaction"          hash=0xd8d2664a6e3264d37049b37024edaced00d93460ce0f8261e03d355c173b3d22 from=0xb71feFeFddA3421352369476ee2e3eA82Abe2499 to=0x0000000000000000000000000000000000000000
t=2023-06-02T16:09:00+0800 lvl=trce msg="Pooled new future transaction"          hash=0x5ec304a104427bacc1fc3d622b6759affe222893d03c8148c0352288f145fb7b from=0xb71feFeFddA3421352369476ee2e3eA82Abe2499 to=0x0000000000000000000000000000000000000000
t=2023-06-02T16:09:00+0800 lvl=trce msg="Removed old queued transactions"        count=0
t=2023-06-02T16:09:00+0800 lvl=trce msg="Removed unpayable queued transactions"  count=0
t=2023-06-02T16:09:00+0800 lvl=trce msg="Pooled new future transaction"          hash=0x7871a7394d088787f9dc692256e9f60eb5a6759e7f51c851e687ab06527b03e5 from=0xF430FAcaBDd458C473847F5C7332098a985d3052 to=0x0000000000000000000000000000000000000000
t=2023-06-02T16:09:00+0800 lvl=trce msg="Pooled new future transaction"          hash=0x64de0ffb2428e91b4ae3c511e9045d64c2ece73c14a4a36268a1d384f843362c from=0xF430FAcaBDd458C473847F5C7332098a985d3052 to=0x0000000000000000000000000000000000000000
t=2023-06-02T16:09:00+0800 lvl=trce msg="Pooled new future transaction"          hash=0xb8498c90ead48d587d6d771a6bbffce3c63f1f74ea2998b17c08d9714c1b95e5 from=0xF430FAcaBDd458C473847F5C7332098a985d3052 to=0x0000000000000000000000000000000000000000
t=2023-06-02T16:09:00+0800 lvl=trce msg="Pooled new future transaction"          hash=0x41e19933341f087329a79d771786035323461b5c2acb7b296f049490a9b7c952 from=0xF430FAcaBDd458C473847F5C7332098a985d3052 to=0x0000000000000000000000000000000000000000
t=2023-06-02T16:09:00+0800 lvl=trce msg="Pooled new future transaction"          hash=0x6d7567583f175eddf88b34a27ab7a02e54bb5ab125f69e8bc8702a365ea70314 from=0xb71feFeFddA3421352369476ee2e3eA82Abe2499 to=0x0000000000000000000000000000000000000000
t=2023-06-02T16:09:00+0800 lvl=trce msg="Pooled new future transaction"          hash=0xe67dc4bef5b519ce5e8c967bd2ee63a8827800a4fb895423eda2ce7845a12cb0 from=0xb71feFeFddA3421352369476ee2e3eA82Abe2499 to=0x0000000000000000000000000000000000000000
t=2023-06-02T16:09:00+0800 lvl=trce msg="Pooled new future transaction"          hash=0x462c3df200169e891de644df495e99237ee06582a8bfa6e1429223ebfc24de1c from=0xb71feFeFddA3421352369476ee2e3eA82Abe2499 to=0x0000000000000000000000000000000000000000
t=2023-06-02T16:09:00+0800 lvl=trce msg="Discarding freshly underpriced transaction" hash=0xa142982fad9926a7e8ac7821d210771a50afa34d512236e030ef658a2c96eba1 gasTipCap=2  gasFeeCap=1002
t=2023-06-02T16:09:00+0800 lvl=trce msg="Pooled new future transaction"          hash=0x2fb9e1cd1e2d793edcf9ec08b12339cacf851245ae225cf4d2acf3064858f8ed from=0xb71feFeFddA3421352369476ee2e3eA82Abe2499 to=0x0000000000000000000000000000000000000000
t=2023-06-02T16:09:00+0800 lvl=trce msg="Pooled new future transaction"          hash=0xf8ff9d7ffb73650f26e46ebc78a8c2cdf263690860f8be8cf924798b997da9f6 from=0x01ad94d50d20D251BD6c9DdB618fddc2Ef8A3FC3 to=0x0000000000000000000000000000000000000000
t=2023-06-02T16:09:00+0800 lvl=trce msg="Promoted queued transactions"           count=1
t=2023-06-02T16:09:00+0800 lvl=trce msg="Pooled new future transaction"          hash=0x4844dea88b2630567980b72ea0075fc2e63ac7a5450039a32cc1538c26a9c152 from=0xF430FAcaBDd458C473847F5C7332098a985d3052 to=0x0000000000000000000000000000000000000000
t=2023-06-02T16:09:00+0800 lvl=trce msg="Pooled new future transaction"          hash=0x91da34651e029c7d451e0f6e490323454f6fea924b2d27e0761c8640e178f8df from=0xF430FAcaBDd458C473847F5C7332098a985d3052 to=0x0000000000000000000000000000000000000000
t=2023-06-02T16:09:00+0800 lvl=trce msg="Pooled new future transaction"          hash=0xdd26ef680e691a26e6f4de621107a429aa2e3588febd80f580ed2b41fabdb92e from=0xb71feFeFddA3421352369476ee2e3eA82Abe2499 to=0x0000000000000000000000000000000000000000
t=2023-06-02T16:09:00+0800 lvl=trce msg="Pooled new future transaction"          hash=0x514fa166ecf5ad5ff44dff7af2307539b2e285f0eee38e872e16acb859443ade from=0xF430FAcaBDd458C473847F5C7332098a985d3052 to=0x0000000000000000000000000000000000000000
t=2023-06-02T16:09:00+0800 lvl=trce msg="Pooled new future transaction"          hash=0x3c90a1e61b394e8e34d3b51bf4011f6ac871d38fae0936dd69d31150fe98b730 from=0xb71feFeFddA3421352369476ee2e3eA82Abe2499 to=0x0000000000000000000000000000000000000000
t=2023-06-02T16:09:00+0800 lvl=trce msg="Pooled new future transaction"          hash=0xa97507f6b7731177fe8880a826b256309204dee39d758bbec65dffce03528111 from=0xb71feFeFddA3421352369476ee2e3eA82Abe2499 to=0x0000000000000000000000000000000000000000
t=2023-06-02T16:09:00+0800 lvl=trce msg="Pooled new future transaction"          hash=0x757908f20f764c981b8a2072d79383d691a5c3910601dcc4ae77443d5654ab3a from=0xb71feFeFddA3421352369476ee2e3eA82Abe2499 to=0x0000000000000000000000000000000000000000
t=2023-06-02T16:09:00+0800 lvl=trce msg="Pooled new future transaction"          hash=0x4fb072a1a169c01c234140a350d4545e983a6b5cce2a08e574c415c6dec76b3d from=0xF430FAcaBDd458C473847F5C7332098a985d3052 to=0x0000000000000000000000000000000000000000
t=2023-06-02T16:09:00+0800 lvl=trce msg="Pooled new future transaction"          hash=0xbd505639b74608e43dd2db6210f5b9768151f215ffbf3d1ad649df4750acf08c from=0xF430FAcaBDd458C473847F5C7332098a985d3052 to=0x0000000000000000000000000000000000000000
t=2023-06-02T16:09:00+0800 lvl=trce msg="Pooled new future transaction"          hash=0x22a8278eb106ba91760e18fded25e4af78fd17c3d959bfa50afcca5e557f53ac from=0xF430FAcaBDd458C473847F5C7332098a985d3052 to=0x0000000000000000000000000000000000000000
t=2023-06-02T16:09:00+0800 lvl=trce msg="Pooled new future transaction"          hash=0xb50c58a19476350bb172d05a84b91682bc02edfc08a321f6a9d190f1312e56af from=0xF430FAcaBDd458C473847F5C7332098a985d3052 to=0x0000000000000000000000000000000000000000
t=2023-06-02T16:09:00+0800 lvl=trce msg="Removed old queued transactions"        count=0
t=2023-06-02T16:09:00+0800 lvl=trce msg="Pooled new future transaction"          hash=0x2fb115d1f9f62773583f9e3846024ef08cf47f560f6520b340410865bcc2b58b from=0xF430FAcaBDd458C473847F5C7332098a985d3052 to=0x0000000000000000000000000000000000000000
t=2023-06-02T16:09:00+0800 lvl=trce msg="Pooled new future transaction"          hash=0xe6dee9aff3ca6a2ee037be8c432ff0005441b260beb1f6447623c1620ae35ec2 from=0xF430FAcaBDd458C473847F5C7332098a985d3052 to=0x0000000000000000000000000000000000000000
t=2023-06-02T16:09:00+0800 lvl=trce msg="Pooled new future transaction"          hash=0xea03550a1a5f10bd5b00410c0d96cdd77e4ba75964ae4b1e4bea82392f89ada7 from=0xF430FAcaBDd458C473847F5C7332098a985d3052 to=0x0000000000000000000000000000000000000000
t=2023-06-02T16:09:00+0800 lvl=trce msg="Pooled new future transaction"          hash=0xf7d2e26201ec40a4e628029cfccd29b69b2b2f9e8c4f5755be93ec4b49a230e3 from=0xF430FAcaBDd458C473847F5C7332098a985d3052 to=0x0000000000000000000000000000000000000000
t=2023-06-02T16:09:00+0800 lvl=trce msg="Removed unpayable queued transactions"  count=0
t=2023-06-02T16:09:00+0800 lvl=trce msg="Promoted queued transactions"           count=1
t=2023-06-02T16:09:00+0800 lvl=trce msg="Pooled new future transaction"          hash=0xd280e6e6ec42a1102c7b348c6cc1564aac14bef539ffd89e436014cf2346c945 from=0x7628e7c918DAaf4dfbF615023fDBcF72b8479bCe to=0x0000000000000000000000000000000000000000
t=2023-06-02T16:09:00+0800 lvl=trce msg="Removed old queued transactions"        count=0
t=2023-06-02T16:09:00+0800 lvl=trce msg="Removed unpayable queued transactions"  count=0
t=2023-06-02T16:09:00+0800 lvl=trce msg="Promoted queued transactions"           count=0
t=2023-06-02T16:09:00+0800 lvl=trce msg="Pooled new future transaction"          hash=0x51a16f0da28e15da3c8fc79381776132dfb57a949c3cd7ed8ef713bdadf2a250 from=0xb71feFeFddA3421352369476ee2e3eA82Abe2499 to=0x0000000000000000000000000000000000000000
t=2023-06-02T16:09:00+0800 lvl=trce msg="Pooled new future transaction"          hash=0xe94bf855cbeb6eea25a406fec9aa146d1c8ec71bff8222f37d424b8e4b3d666a from=0xb71feFeFddA3421352369476ee2e3eA82Abe2499 to=0x0000000000000000000000000000000000000000
t=2023-06-02T16:09:00+0800 lvl=trce msg="Pooled new future transaction"          hash=0x32fcaa67f7253fd4772a4ee999930d9a1c4441f7b080df788b72e523726ab31e from=0xb71feFeFddA3421352369476ee2e3eA82Abe2499 to=0x0000000000000000000000000000000000000000
t=2023-06-02T16:09:00+0800 lvl=trce msg="Pooled new future transaction"          hash=0x97ab7608ff6daf5f01e6feb64f740ed645d900f4eebc30339e9bfa93b98a804f from=0xb71feFeFddA3421352369476ee2e3eA82Abe2499 to=0x0000000000000000000000000000000000000000
t=2023-06-02T16:09:00+0800 lvl=trce msg="Pooled new future transaction"          hash=0x25304f65b8b9e526a33fc40f970e761dad1cd8de80036b02ea917385d830beaf from=0xb71feFeFddA3421352369476ee2e3eA82Abe2499 to=0x0000000000000000000000000000000000000000
t=2023-06-02T16:09:00+0800 lvl=trce msg="Pooled new future transaction"          hash=0xbba3833340fa661039ce7be690b4b4606345def5ac40829c2d6cea0c46201143 from=0xb71feFeFddA3421352369476ee2e3eA82Abe2499 to=0x0000000000000000000000000000000000000000
t=2023-06-02T16:09:00+0800 lvl=trce msg="Pooled new future transaction"          hash=0x7afd0e17991e128740b1cef286887393a8c638e8d15afae23e70e95e9019d09c from=0x66e0851F1a162869024b4C9f6b1C4Fc5cb4832F1 to=0x0000000000000000000000000000000000000000
t=2023-06-02T16:09:00+0800 lvl=trce msg="Pooled new future transaction"          hash=0x37bb3f2791f665d46e4a683a57e44dad2a57214769abd6e094fbd7f1322f3269 from=0xb71feFeFddA3421352369476ee2e3eA82Abe2499 to=0x0000000000000000000000000000000000000000
t=2023-06-02T16:09:00+0800 lvl=trce msg="Removed old queued transactions"        count=0
t=2023-06-02T16:09:00+0800 lvl=trce msg="Pooled new future transaction"          hash=0xf593b78c8130bf80b1df2ef43bb6ff10a85085ccce50750692c9327ac90ee017 from=0xb71feFeFddA3421352369476ee2e3eA82Abe2499 to=0x0000000000000000000000000000000000000000
t=2023-06-02T16:09:00+0800 lvl=trce msg="Pooled new future transaction"          hash=0x9004a20bd6c90843fef59518e25617c158391196911fa06fa313f89a7e84b1fd from=0xb71feFeFddA3421352369476ee2e3eA82Abe2499 to=0x0000000000000000000000000000000000000000
t=2023-06-02T16:09:00+0800 lvl=trce msg="Pooled new future transaction"          hash=0x9d76a1124773c7f6428c680a7feeedfe2657a5d27ab292a3b7e5aff266e0f73c from=0xb71feFeFddA3421352369476ee2e3eA82Abe2499 to=0x0000000000000000000000000000000000000000
t=2023-06-02T16:09:00+0800 lvl=trce msg="Pooled new future transaction"          hash=0x7388351a3bab21e5f874c227e95b323ff6532846f4b57ed7fec7c55086a099f9 from=0xb71feFeFddA3421352369476ee2e3eA82Abe2499 to=0x0000000000000000000000000000000000000000
t=2023-06-02T16:09:00+0800 lvl=trce msg="Pooled new future transaction"          hash=0x9d2a79fbacab76e84f1177795a0261a96a758c44c540dd4b04a4ce88a286ec9a from=0xb71feFeFddA3421352369476ee2e3eA82Abe2499 to=0x0000000000000000000000000000000000000000
t=2023-06-02T16:09:00+0800 lvl=trce msg="Pooled new future transaction"          hash=0x129107f60ba778713096780a0775e906dd850949390f3ac6a111302b210cb926 from=0xb71feFeFddA3421352369476ee2e3eA82Abe2499 to=0x0000000000000000000000000000000000000000
t=2023-06-02T16:09:00+0800 lvl=trce msg="Pooled new future transaction"          hash=0xe897e404daa4356e7599566e4f5d69f71e9def6dfc3c7d65645d48afcc0c7017 from=0xb71feFeFddA3421352369476ee2e3eA82Abe2499 to=0x0000000000000000000000000000000000000000
t=2023-06-02T16:09:00+0800 lvl=trce msg="Pooled new future transaction"          hash=0xd9e6666bb20e33b462080d0a9f3a6435e91fe31648b914d69fe015f83f5d4a2e from=0xb71feFeFddA3421352369476ee2e3eA82Abe2499 to=0x0000000000000000000000000000000000000000
t=2023-06-02T16:09:00+0800 lvl=trce msg="Pooled new future transaction"          hash=0x03a7d0dcb608e48ab51fd96568ed84a67ccf76a7e16cc59e790d65a438454c10 from=0xb71feFeFddA3421352369476ee2e3eA82Abe2499 to=0x0000000000000000000000000000000000000000
t=2023-06-02T16:09:00+0800 lvl=trce msg="Pooled new future transaction"          hash=0x65109f22ace605c3bf16834aa7348d2a10a233a0822ff3727a53c41d6c99942c from=0xb71feFeFddA3421352369476ee2e3eA82Abe2499 to=0x0000000000000000000000000000000000000000
t=2023-06-02T16:09:00+0800 lvl=trce msg="Pooled new future transaction"          hash=0xa70dc95a45fcb7e4fb3bceab05fbbdc503690eda41267786a783a1a13a71c905 from=0xF430FAcaBDd458C473847F5C7332098a985d3052 to=0x0000000000000000000000000000000000000000
t=2023-06-02T16:09:00+0800 lvl=trce msg="Pooled new future transaction"          hash=0x7b24cf37782eb7f662185c31d4645407124cd8fc23aed5110854d9c193de52d0 from=0xF430FAcaBDd458C473847F5C7332098a985d3052 to=0x0000000000000000000000000000000000000000
t=2023-06-02T16:09:00+0800 lvl=trce msg="Pooled new future transaction"          hash=0x89705bb3bb1847baba51d363a44bdf34a594466169263218c6878be3a3457071 from=0xF430FAcaBDd458C473847F5C7332098a985d3052 to=0x0000000000000000000000000000000000000000
t=2023-06-02T16:09:00+0800 lvl=trce msg="Pooled new future transaction"          hash=0x21792b009635038e4188dcb55c49278b86efd7a79f1a3bb5d732ceaac7100a22 from=0xF430FAcaBDd458C473847F5C7332098a985d3052 to=0x0000000000000000000000000000000000000000
t=2023-06-02T16:09:00+0800 lvl=trce msg="Pooled new future transaction"          hash=0x5b39db4f959db9a838f04931376d14d44783fd79b241001ab19646592214076e from=0xF430FAcaBDd458C473847F5C7332098a985d3052 to=0x0000000000000000000000000000000000000000
t=2023-06-02T16:09:00+0800 lvl=trce msg="Removed unpayable queued transactions"  count=0
t=2023-06-02T16:09:00+0800 lvl=trce msg="Pooled new future transaction"          hash=0x3c4dea558beafbb7bb2d6a0a52886b0d7a6c593cbf5315e42b884276b0100854 from=0xF430FAcaBDd458C473847F5C7332098a985d3052 to=0x0000000000000000000000000000000000000000
t=2023-06-02T16:09:00+0800 lvl=trce msg="Promoted queued transactions"           count=1
t=2023-06-02T16:09:00+0800 lvl=trce msg="Pooled new future transaction"          hash=0xb509ef44e498ad85dd1e91e8da35eeb4bc6d5efc74f2f8f98c448cc37f311cef from=0xF430FAcaBDd458C473847F5C7332098a985d3052 to=0x0000000000000000000000000000000000000000
t=2023-06-02T16:09:00+0800 lvl=trce msg="Pooled new future transaction"          hash=0x864650ac69d1a278bfe4c57dd60746df4e1cf0011a77dd0fe5edc6a7d4dfb847 from=0xF430FAcaBDd458C473847F5C7332098a985d3052 to=0x0000000000000000000000000000000000000000
t=2023-06-02T16:09:00+0800 lvl=trce msg="Pooled new future transaction"          hash=0xe4a23ceefb222240ecc2981dcf327978f58611e88f9c61f2156566564f99b318 from=0xF430FAcaBDd458C473847F5C7332098a985d3052 to=0x0000000000000000000000000000000000000000
t=2023-06-02T16:09:00+0800 lvl=trce msg="Pooled new future transaction"          hash=0x273b1a2007ab37edd128be7a11a777364888fd90fded6c3b65234cb35e0652a8 from=0x66e0851F1a162869024b4C9f6b1C4Fc5cb4832F1 to=0x0000000000000000000000000000000000000000
t=2023-06-02T16:09:00+0800 lvl=trce msg="Removed old queued transactions"        count=0
t=2023-06-02T16:09:00+0800 lvl=trce msg="Removed unpayable queued transactions"  count=0
t=2023-06-02T16:09:00+0800 lvl=trce msg="Promoted queued transactions"           count=0
t=2023-06-02T16:09:00+0800 lvl=trce msg="Pooled new future transaction"          hash=0x3550392b05a2fa0d98f14658006dcbbaef084c0693ca570b4d8cccce5b8905bb from=0xF430FAcaBDd458C473847F5C7332098a985d3052 to=0x0000000000000000000000000000000000000000
t=2023-06-02T16:09:00+0800 lvl=trce msg="Pooled new future transaction"          hash=0xc73ac648954fbed6db86714f463f2177ed138713db525893db3b435c2f5cce28 from=0xF430FAcaBDd458C473847F5C7332098a985d3052 to=0x0000000000000000000000000000000000000000
t=2023-06-02T16:09:00+0800 lvl=trce msg="Pooled new future transaction"          hash=0xf67e458cd6bcba5b5a34e4101f27889b35f6eef694267c32531406dc9567e80c from=0xF430FAcaBDd458C473847F5C7332098a985d3052 to=0x0000000000000000000000000000000000000000
t=2023-06-02T16:09:00+0800 lvl=trce msg="Pooled new future transaction"          hash=0xbc46a3a7406dbdd40fab0c75f4876eeafc3cf8c4eecd9e762934b8acb204683f from=0x7628e7c918DAaf4dfbF615023fDBcF72b8479bCe to=0x0000000000000000000000000000000000000000
t=2023-06-02T16:09:00+0800 lvl=trce msg="Removed old queued transactions"        count=0
t=2023-06-02T16:09:00+0800 lvl=trce msg="Removed unpayable queued transactions"  count=0
t=2023-06-02T16:09:00+0800 lvl=trce msg="Promoted queued transactions"           count=1
t=2023-06-02T16:09:00+0800 lvl=trce msg="Discarding freshly underpriced transaction" hash=0x2cf124f4896ebd80aabb88c114cf3b0de737777e357434250f3b745823346435 gasTipCap=3  gasFeeCap=1003
t=2023-06-02T16:09:00+0800 lvl=trce msg="Pooled new future transaction"          hash=0x312130defd9c5c0e97e57145cc0f5cb8bb89cae53522f01e3cdc5bd5946cbfb5 from=0x187E24139F2fCc6D32AdeE2010FFcE291bd0fBD4 to=0x0000000000000000000000000000000000000000
t=2023-06-02T16:09:00+0800 lvl=trce msg="Removed old queued transactions"        count=0
t=2023-06-02T16:09:00+0800 lvl=trce msg="Removed unpayable queued transactions"  count=0
t=2023-06-02T16:09:00+0800 lvl=trce msg="Pooled new future transaction"          hash=0x805cd743dd461fba5dec9b17fb01e7539a6d68c03709d34260e9be88f5e2721a from=0xF430FAcaBDd458C473847F5C7332098a985d3052 to=0x0000000000000000000000000000000000000000
t=2023-06-02T16:09:00+0800 lvl=trce msg="Pooled new future transaction"          hash=0x68c3b5d4caad9208f3c94f29d1077709a4df6ac3738ea904a6d5940bf3f7677d from=0xF430FAcaBDd458C473847F5C7332098a985d3052 to=0x0000000000000000000000000000000000000000
t=2023-06-02T16:09:00+0800 lvl=trce msg="Pooled new future transaction"          hash=0xa195bf5bd665bd935b7f2753a8f5a72d50d30bfeff10feea2be009341f898aee from=0x7628e7c918DAaf4dfbF615023fDBcF72b8479bCe to=0x0000000000000000000000000000000000000000
t=2023-06-02T16:09:00+0800 lvl=trce msg="Pooled new future transaction"          hash=0x4ae50058e97e389eb057486d384ced3ce0b979b0552c40f1f14645eb17391a75 from=0xb71feFeFddA3421352369476ee2e3eA82Abe2499 to=0x0000000000000000000000000000000000000000
t=2023-06-02T16:09:00+0800 lvl=trce msg="Pooled new future transaction"          hash=0x71d4c356a66a528eee90100a0b8cf7a06be4ac861faed50e0f3bc44c8f16eaa8 from=0xb71feFeFddA3421352369476ee2e3eA82Abe2499 to=0x0000000000000000000000000000000000000000
t=2023-06-02T16:09:00+0800 lvl=trce msg="Pooled new future transaction"          hash=0xe018b352576b0ffc90244820a1bd01e4e29dd0704454e6ce65522a186da4d73b from=0xb71feFeFddA3421352369476ee2e3eA82Abe2499 to=0x0000000000000000000000000000000000000000
t=2023-06-02T16:09:00+0800 lvl=trce msg="Pooled new future transaction"          hash=0xb492e3f05545338358ddc05270a293a518ee33160e7a9a42f0a3bdd96fd44b88 from=0xb71feFeFddA3421352369476ee2e3eA82Abe2499 to=0x0000000000000000000000000000000000000000
t=2023-06-02T16:09:00+0800 lvl=trce msg="Promoted queued transactions"           count=1
t=2023-06-02T16:09:00+0800 lvl=trce msg="Removed old queued transactions"        count=0
t=2023-06-02T16:09:00+0800 lvl=trce msg="Removed unpayable queued transactions"  count=0
t=2023-06-02T16:09:00+0800 lvl=trce msg="Promoted queued transactions"           count=0
t=2023-06-02T16:09:00+0800 lvl=trce msg="Pooled new future transaction"          hash=0xdc0373a47a96e6ba0c64fd7b20eceafb8ec6796b849b538ca1e50edbfc6dcab9 from=0xF430FAcaBDd458C473847F5C7332098a985d3052 to=0x0000000000000000000000000000000000000000
t=2023-06-02T16:09:00+0800 lvl=trce msg="Pooled new future transaction"          hash=0xe195898b881c76c4ce2f7f02e0fce8a187599a216480e8fe623a89d8fbd5ad93 from=0xF430FAcaBDd458C473847F5C7332098a985d3052 to=0x0000000000000000000000000000000000000000
t=2023-06-02T16:09:00+0800 lvl=trce msg="Pooled new future transaction"          hash=0x204220fea853f3c94eaa556034f487796c383aed06111838a9e57ecce5dd396a from=0xF430FAcaBDd458C473847F5C7332098a985d3052 to=0x0000000000000000000000000000000000000000
t=2023-06-02T16:09:00+0800 lvl=trce msg="Pooled new future transaction"          hash=0x7a365a090469f345caf5b4f17117a4589582408190eed1d42c436c91a0322f05 from=0xF430FAcaBDd458C473847F5C7332098a985d3052 to=0x0000000000000000000000000000000000000000
t=2023-06-02T16:09:00+0800 lvl=trce msg="Pooled new future transaction"          hash=0xd90442beffcc420c85acb884869a97e79f948f588553138e794e2106b80a9346 from=0x66e0851F1a162869024b4C9f6b1C4Fc5cb4832F1 to=0x0000000000000000000000000000000000000000
t=2023-06-02T16:09:00+0800 lvl=trce msg="Pooled new future transaction"          hash=0x1ac8adf5d3c443209763ad4eb857fe6f6a3a89fc2d7b06b22c20a402dce35897 from=0xF430FAcaBDd458C473847F5C7332098a985d3052 to=0x0000000000000000000000000000000000000000
t=2023-06-02T16:09:00+0800 lvl=info msg="Transaction pool stopped"
--- PASS: TestTransactionReplacementDynamicFee (0.21s)
t=2023-06-02T16:09:00+0800 lvl=trce msg="Pooled new future transaction"          hash=0x7d8c4b4a0949153bb80dbac0f60267f036dd27a1a137ff9fa281ffcbe0fb912e from=0xF430FAcaBDd458C473847F5C7332098a985d3052 to=0x0000000000000000000000000000000000000000
t=2023-06-02T16:09:00+0800 lvl=trce msg="Pooled new future transaction"          hash=0x5646e0004fac8a4748119f98cacac3e5134ac15b21cb449454fbd13cfd4c3b0c from=0xb71feFeFddA3421352369476ee2e3eA82Abe2499 to=0x0000000000000000000000000000000000000000
t=2023-06-02T16:09:00+0800 lvl=trce msg="Pooled new future transaction"          hash=0xd1db269e5893db42396393f619086fe2b867cc7afc035b948ae6cd2175d608ba from=0xb71feFeFddA3421352369476ee2e3eA82Abe2499 to=0x0000000000000000000000000000000000000000
t=2023-06-02T16:09:00+0800 lvl=trce msg="Pooled new future transaction"          hash=0xf58a562d84b543349db067ea8cc9fad4dcde180b91d359307bc1d47edfda024e from=0xb71feFeFddA3421352369476ee2e3eA82Abe2499 to=0x0000000000000000000000000000000000000000
t=2023-06-02T16:09:00+0800 lvl=trce msg="Pooled new future transaction"          hash=0xadb381c9dca471182c2156e884fc13a2ae85ce81a0a945921b95749658331850 from=0xb71feFeFddA3421352369476ee2e3eA82Abe2499 to=0x0000000000000000000000000000000000000000
t=2023-06-02T16:09:00+0800 lvl=trce msg="Pooled new future transaction"          hash=0xbb0ba1ffa460c794cc0f2db3d56952b54333e2f5fca52cd9fe23bb54b85fde06 from=0xb71feFeFddA3421352369476ee2e3eA82Abe2499 to=0x0000000000000000000000000000000000000000
t=2023-06-02T16:09:00+0800 lvl=trce msg="Pooled new future transaction"          hash=0xa548a7407676a7916d4357aa83bc445f28945f6321218ea7d26c27a7a7bbfb43 from=0xb71feFeFddA3421352369476ee2e3eA82Abe2499 to=0x0000000000000000000000000000000000000000
t=2023-06-02T16:09:00+0800 lvl=trce msg="Pooled new future transaction"          hash=0x5565a7fe4daa42f2cd28f15a7e02023732d91aa6b70b938bf29376ad85392c2a from=0xb71feFeFddA3421352369476ee2e3eA82Abe2499 to=0x0000000000000000000000000000000000000000
t=2023-06-02T16:09:00+0800 lvl=trce msg="Pooled new future transaction"          hash=0xcadc1a9e8c27bafb4bac570fdf1c9a06fe489746b4a0a00aa3a4f2c440a494e3 from=0xb71feFeFddA3421352369476ee2e3eA82Abe2499 to=0x0000000000000000000000000000000000000000
t=2023-06-02T16:09:00+0800 lvl=trce msg="Removed old queued transactions"        count=0
t=2023-06-02T16:09:00+0800 lvl=trce msg="Removed unpayable queued transactions"  count=0
t=2023-06-02T16:09:00+0800 lvl=trce msg="Promoted queued transactions"           count=1
t=2023-06-02T16:09:00+0800 lvl=trce msg="Discarding freshly underpriced transaction" hash=0x96398f06280d58b03a971373ad47ab907c10fb6640aaa9825ece9ae4f4352575 gasTipCap=4  gasFeeCap=1004
t=2023-06-02T16:09:00+0800 lvl=trce msg="Pooled new future transaction"          hash=0x054e8f2a159d8388b9d753ae23e43cf92ebbf25da9a319a52aec2d02cbf41d8c from=0x0e63C26A67Bb779817842856192d16177779eb52 to=0x0000000000000000000000000000000000000000
t=2023-06-02T16:09:00+0800 lvl=trce msg="Pooled new future transaction"          hash=0xcab55b642b769d04da5b1e27e50a6444c1f11077b50e1716232b19b5bc4c6e77 from=0xF430FAcaBDd458C473847F5C7332098a985d3052 to=0x0000000000000000000000000000000000000000
t=2023-06-02T16:09:00+0800 lvl=trce msg="Pooled new future transaction"          hash=0x9153dcd43cc683a3785a9915ed3c0dafffe038932edc146bcab0285bdebee052 from=0xF430FAcaBDd458C473847F5C7332098a985d3052 to=0x0000000000000000000000000000000000000000
t=2023-06-02T16:09:00+0800 lvl=trce msg="Pooled new future transaction"          hash=0xa7085e37087453f8e57125cac09a47ee367059b8a165b0b5f1214f1b98760786 from=0xF430FAcaBDd458C473847F5C7332098a985d3052 to=0x0000000000000000000000000000000000000000
t=2023-06-02T16:09:00+0800 lvl=trce msg="Pooled new future transaction"          hash=0xfefcd6bec5fd218751f698bffd8f72d26e1a552ea41610e9d2a4f87499a3a9b9 from=0xF430FAcaBDd458C473847F5C7332098a985d3052 to=0x0000000000000000000000000000000000000000
t=2023-06-02T16:09:00+0800 lvl=trce msg="Pooled new future transaction"          hash=0x837eea4da201259f6aa447912592f20c432e91b80cc69bf31f09fa8e2a7546a4 from=0xb71feFeFddA3421352369476ee2e3eA82Abe2499 to=0x0000000000000000000000000000000000000000
t=2023-06-02T16:09:00+0800 lvl=trce msg="Pooled new future transaction"          hash=0xd5787bd33b311934daeafa12e2bcc5f4bafb918c1c5427fd9d79247957bf03bb from=0xF430FAcaBDd458C473847F5C7332098a985d3052 to=0x0000000000000000000000000000000000000000
t=2023-06-02T16:09:00+0800 lvl=trce msg="Pooled new future transaction"          hash=0xc3e04d4287db98dbb8ed350c8bee7cd9550e17b3deffc96f534df095e3f7c758 from=0x66e0851F1a162869024b4C9f6b1C4Fc5cb4832F1 to=0x0000000000000000000000000000000000000000
t=2023-06-02T16:09:00+0800 lvl=trce msg="Pooled new future transaction"          hash=0x9375eb38779b96106ac744281b8ca739b0f328b762f40e741df36f5f93c01fc0 from=0xb71feFeFddA3421352369476ee2e3eA82Abe2499 to=0x0000000000000000000000000000000000000000
t=2023-06-02T16:09:00+0800 lvl=trce msg="Removed old queued transactions"        count=0
t=2023-06-02T16:09:00+0800 lvl=trce msg="Pooled new future transaction"          hash=0x5a0d6dd7e416fb873f99dd73963f882e1a3d023e8b00025367e9bc958c8d8005 from=0xb71feFeFddA3421352369476ee2e3eA82Abe2499 to=0x0000000000000000000000000000000000000000
t=2023-06-02T16:09:00+0800 lvl=trce msg="Removed old queued transactions"        count=0
t=2023-06-02T16:09:00+0800 lvl=trce msg="Removed unpayable queued transactions"  count=0
t=2023-06-02T16:09:00+0800 lvl=trce msg="Promoted queued transactions"           count=1
t=2023-06-02T16:09:00+0800 lvl=trce msg="Pooled new future transaction"          hash=0xd42607fd8eedc01f97ecf5dae011d9e93bdace1d062068be325d316a79f8edb7 from=0xF430FAcaBDd458C473847F5C7332098a985d3052 to=0x0000000000000000000000000000000000000000
t=2023-06-02T16:09:00+0800 lvl=trce msg="Pooled new future transaction"          hash=0x7349611265f183cb6bee55880de25bbb530a436b115fbf5c682176b174c9ec36 from=0xF430FAcaBDd458C473847F5C7332098a985d3052 to=0x0000000000000000000000000000000000000000
t=2023-06-02T16:09:00+0800 lvl=trce msg="Pooled new future transaction"          hash=0x9626af58d874127bea5bbd3e2d4150832a9ba0ef4066e429fe525e8b9c422f2d from=0xF430FAcaBDd458C473847F5C7332098a985d3052 to=0x0000000000000000000000000000000000000000
t=2023-06-02T16:09:00+0800 lvl=trce msg="Removed unpayable queued transactions"  count=0
t=2023-06-02T16:09:00+0800 lvl=trce msg="Pooled new future transaction"          hash=0xaae1a096fea1c87c0fe80506967b2602240c17f5f8dc320a55fb65371b036b52 from=0xF430FAcaBDd458C473847F5C7332098a985d3052 to=0x0000000000000000000000000000000000000000
t=2023-06-02T16:09:00+0800 lvl=trce msg="Pooled new future transaction"          hash=0xf5e8881c3f2e148c728be2d539080452af321866f7d03db8e9b0fd7a38e8ae34 from=0xF430FAcaBDd458C473847F5C7332098a985d3052 to=0x0000000000000000000000000000000000000000
t=2023-06-02T16:09:00+0800 lvl=trce msg="Discarding freshly underpriced transaction" hash=0xdaa1a09d913f9740a323f334cab6a071674f4c3716dd17b5584e702df84d958a gasTipCap=1  gasFeeCap=1117
t=2023-06-02T16:09:00+0800 lvl=trce msg="Pooled new future transaction"          hash=0xfdc52e38a7a8921e9a7775cfad912b6d38d3bbc1e58e32148cc76055c4db95bb from=0xF430FAcaBDd458C473847F5C7332098a985d3052 to=0x0000000000000000000000000000000000000000
t=2023-06-02T16:09:00+0800 lvl=trce msg="Pooled new future transaction"          hash=0x7c768080240f36f27c065893ea73b3ccd3c4f71033ae84dee354cf0ed8bc7f7f from=0x15004c933AD0e6b73A089E1e2063701979AC30e8 to=0x0000000000000000000000000000000000000000
t=2023-06-02T16:09:00+0800 lvl=trce msg="Pooled new future transaction"          hash=0xef521c53dfe25b1beb93c47f225d5dd26763d16f5c23d42e779db8ad800ebe54 from=0xF430FAcaBDd458C473847F5C7332098a985d3052 to=0x0000000000000000000000000000000000000000
t=2023-06-02T16:09:00+0800 lvl=trce msg="Removed old queued transactions"        count=0
t=2023-06-02T16:09:00+0800 lvl=trce msg="Removed unpayable queued transactions"  count=0
t=2023-06-02T16:09:00+0800 lvl=trce msg="Promoted queued transactions"           count=1
t=2023-06-02T16:09:00+0800 lvl=trce msg="Pooled new future transaction"          hash=0xa3b43880e91e26cd65547bbde2f08e4fba2f5c15cc368f768f2358f6381cf14f from=0xb71feFeFddA3421352369476ee2e3eA82Abe2499 to=0x0000000000000000000000000000000000000000
t=2023-06-02T16:09:00+0800 lvl=trce msg="Pooled new future transaction"          hash=0xd97a3dee18780dc2e765abc7c9f1c9a65e55c131cb4528c511251d5b4da05caf from=0xb71feFeFddA3421352369476ee2e3eA82Abe2499 to=0x0000000000000000000000000000000000000000
t=2023-06-02T16:09:00+0800 lvl=trce msg="Pooled new future transaction"          hash=0x7e587ea1bf5f6d5eaa663e170ec57188903aa5047c782706c94f254fc2525f11 from=0xb71feFeFddA3421352369476ee2e3eA82Abe2499 to=0x0000000000000000000000000000000000000000
t=2023-06-02T16:09:00+0800 lvl=trce msg="Pooled new future transaction"          hash=0xb2929ce7fce62bae691a1308085534e5d9d89a84d6e5ab00365b305e45d3b719 from=0xb71feFeFddA3421352369476ee2e3eA82Abe2499 to=0x0000000000000000000000000000000000000000
t=2023-06-02T16:09:00+0800 lvl=trce msg="Promoted queued transactions"           count=0
t=2023-06-02T16:09:00+0800 lvl=trce msg="Pooled new future transaction"          hash=0x5458a1d8b592cf247d28fb2151283593f3139cda8a2aba3556d0da98687e667e from=0xF430FAcaBDd458C473847F5C7332098a985d3052 to=0x0000000000000000000000000000000000000000
t=2023-06-02T16:09:00+0800 lvl=trce msg="Pooled new future transaction"          hash=0x0520841d3ed1b2d7fc940786e65abed3548e03d5853647e4b0054b2657bd4e13 from=0xF430FAcaBDd458C473847F5C7332098a985d3052 to=0x0000000000000000000000000000000000000000
t=2023-06-02T16:09:00+0800 lvl=trce msg="Pooled new future transaction"          hash=0xc7ad4f0af438ee033a707bf53009e96e170a3620c6435d2f94a51c1c926b0a6c from=0xF430FAcaBDd458C473847F5C7332098a985d3052 to=0x0000000000000000000000000000000000000000
t=2023-06-02T16:09:00+0800 lvl=trce msg="Pooled new future transaction"          hash=0xa236222b8d2785bfcb1e3b3fd04c3b1147b339803349e139c117716431233224 from=0xF430FAcaBDd458C473847F5C7332098a985d3052 to=0x0000000000000000000000000000000000000000
t=2023-06-02T16:09:00+0800 lvl=trce msg="Pooled new future transaction"          hash=0xf35e25ff47c92fbfb87f648938bbb292e5ea37dd07bb3be5a13a7bd75a39d733 from=0xF430FAcaBDd458C473847F5C7332098a985d3052 to=0x0000000000000000000000000000000000000000
t=2023-06-02T16:09:00+0800 lvl=trce msg="Pooled new future transaction"          hash=0xd8b41850bfe6ebe99c9956c36ca563826c1a87a327cf471a6a73a66c17d5f131 from=0xF430FAcaBDd458C473847F5C7332098a985d3052 to=0x0000000000000000000000000000000000000000
t=2023-06-02T16:09:00+0800 lvl=trce msg="Pooled new future transaction"          hash=0x8ca6f2c64d2c48272e902f641c0cfcdce8c3b913242434dbd69605cf3671f4a0 from=0xF430FAcaBDd458C473847F5C7332098a985d3052 to=0x0000000000000000000000000000000000000000
t=2023-06-02T16:09:00+0800 lvl=trce msg="Pooled new future transaction"          hash=0xb2d65c66294ffbc797b057a7ab92278e762a14077128ce53bd0e162e3a4018b0 from=0xF430FAcaBDd458C473847F5C7332098a985d3052 to=0x0000000000000000000000000000000000000000
t=2023-06-02T16:09:00+0800 lvl=trce msg="Pooled new future transaction"          hash=0x4d45f6b1d932b602efe932497cd17666be67951fb779895ac2c31cfc1024c159 from=0xF430FAcaBDd458C473847F5C7332098a985d3052 to=0x0000000000000000000000000000000000000000
t=2023-06-02T16:09:00+0800 lvl=trce msg="Pooled new future transaction"          hash=0x802ab8a8bb778776c60027fc2fbd62fcbb1542892314335183fac60a3a3c13be from=0xF430FAcaBDd458C473847F5C7332098a985d3052 to=0x0000000000000000000000000000000000000000
t=2023-06-02T16:09:00+0800 lvl=trce msg="Discarding freshly underpriced transaction" hash=0x6db72e0aa10b3c02eebdb1cd6b1b5b0c62a6033abaf5f24bbb505115a38b5a3f gasTipCap=1  gasFeeCap=1118
t=2023-06-02T16:09:00+0800 lvl=trce msg="Pooled new future transaction"          hash=0x71e718815b2e52a8b75a5739fad9994cb1ed41c2bb45e2489834f1c102a232fe from=0x7628e7c918DAaf4dfbF615023fDBcF72b8479bCe to=0x0000000000000000000000000000000000000000
t=2023-06-02T16:09:00+0800 lvl=trce msg="Removed old queued transactions"        count=0
t=2023-06-02T16:09:00+0800 lvl=trce msg="Removed unpayable queued transactions"  count=0
t=2023-06-02T16:09:00+0800 lvl=trce msg="Pooled new future transaction"          hash=0x63a14b5d304c50e208dede84008e45b450d510f94db093b5cfcf55eb77e33d06 from=0xF430FAcaBDd458C473847F5C7332098a985d3052 to=0x0000000000000000000000000000000000000000
t=2023-06-02T16:09:00+0800 lvl=trce msg="Pooled new future transaction"          hash=0xd66d15f167856ae54628762f2daf088fbbd093e79fd1dd4b802833a12e9c9067 from=0xF430FAcaBDd458C473847F5C7332098a985d3052 to=0x0000000000000000000000000000000000000000
t=2023-06-02T16:09:00+0800 lvl=trce msg="Pooled new future transaction"          hash=0x977d0c4132aaca983abda49ba99ed4f046ef6702c54f59af9c54e5ab9105dd04 from=0xF430FAcaBDd458C473847F5C7332098a985d3052 to=0x0000000000000000000000000000000000000000
t=2023-06-02T16:09:00+0800 lvl=trce msg="Pooled new future transaction"          hash=0x8452dbd1ba3cfecefd42846f99a60b8535f64d9c210c7989b818dd11e81d6f86 from=0xF430FAcaBDd458C473847F5C7332098a985d3052 to=0x0000000000000000000000000000000000000000
t=2023-06-02T16:09:00+0800 lvl=trce msg="Pooled new future transaction"          hash=0x5e30add256cc6eb6058a02fd655bdb934a6e9e0078179d051dafb616f3ba415e from=0x57bB271902648785FB296D4bA2Dd22587954439F to=0x0000000000000000000000000000000000000000
t=2023-06-02T16:09:00+0800 lvl=trce msg="Pooled new future transaction"          hash=0x6b84656ff390fadb00e9b1dbef0823a4fcf326069150b6e5006ab93778e875ab from=0xb71feFeFddA3421352369476ee2e3eA82Abe2499 to=0x0000000000000000000000000000000000000000
t=2023-06-02T16:09:00+0800 lvl=trce msg="Removed old queued transactions"        count=0
t=2023-06-02T16:09:00+0800 lvl=trce msg="Removed unpayable queued transactions"  count=0
t=2023-06-02T16:09:00+0800 lvl=trce msg="Pooled new future transaction"          hash=0xf61147eb38d451739211dbb54f63fcb0201c2783ebdc317448023a7efd7a6f5e from=0xb71feFeFddA3421352369476ee2e3eA82Abe2499 to=0x0000000000000000000000000000000000000000
t=2023-06-02T16:09:00+0800 lvl=trce msg="Pooled new future transaction"          hash=0x1eed8335e9147d8c036c681262ee92d31074c236144fedc3d54ad54cba01b17f from=0xb71feFeFddA3421352369476ee2e3eA82Abe2499 to=0x0000000000000000000000000000000000000000
t=2023-06-02T16:09:00+0800 lvl=trce msg="Pooled new future transaction"          hash=0xee84e3e03c3a9115bd30524654ddbb39a95354761ac72e34a2f2fb94e9ee0b3e from=0xb71feFeFddA3421352369476ee2e3eA82Abe2499 to=0x0000000000000000000000000000000000000000
t=2023-06-02T16:09:00+0800 lvl=trce msg="Pooled new future transaction"          hash=0xa56c3b5171245360633c40366e457ec9982e6f21d348dc4d33c2e514210a507a from=0xb71feFeFddA3421352369476ee2e3eA82Abe2499 to=0x0000000000000000000000000000000000000000
t=2023-06-02T16:09:00+0800 lvl=trce msg="Pooled new future transaction"          hash=0xf4e7e6bcb3da63bcf838088957d213c7db25c53a92495ef7330dd00b6477d7d3 from=0xb71feFeFddA3421352369476ee2e3eA82Abe2499 to=0x0000000000000000000000000000000000000000
t=2023-06-02T16:09:00+0800 lvl=trce msg="Pooled new future transaction"          hash=0xeb89aa4650e540090cc987c3261b944bf4381537aa331db747a91a7cf5a1b46b from=0xb71feFeFddA3421352369476ee2e3eA82Abe2499 to=0x0000000000000000000000000000000000000000
t=2023-06-02T16:09:00+0800 lvl=trce msg="Promoted queued transactions"           count=1
t=2023-06-02T16:09:00+0800 lvl=trce msg="Pooled new future transaction"          hash=0x30183324ef716f6932cc5e0b39beca27032e2d0ff41821b1f1b2589d633569d8 from=0xF430FAcaBDd458C473847F5C7332098a985d3052 to=0x0000000000000000000000000000000000000000
t=2023-06-02T16:09:00+0800 lvl=trce msg="Pooled new future transaction"          hash=0x3c623eac77ac9b6d6051d7e22957079177881a9d262e73bec89484aa553092ea from=0xF430FAcaBDd458C473847F5C7332098a985d3052 to=0x0000000000000000000000000000000000000000
t=2023-06-02T16:09:00+0800 lvl=trce msg="Pooled new future transaction"          hash=0xa00ce847e1ed394b63726cc419634a56716022502baf7e5e7b5f6fa66b035d97 from=0xF430FAcaBDd458C473847F5C7332098a985d3052 to=0x0000000000000000000000000000000000000000
t=2023-06-02T16:09:00+0800 lvl=trce msg="Promoted queued transactions"           count=1
t=2023-06-02T16:09:00+0800 lvl=trce msg="Pooled new future transaction"          hash=0xe47b431b1b599537c2d27d78a7710fe281b65e6978c025d35ecca0baeddabf7c from=0xB9D96d6bB592A7e401c3dd42c6aFE094B9aAD73a to=0x0000000000000000000000000000000000000000
t=2023-06-02T16:09:00+0800 lvl=trce msg="Pooled new future transaction"          hash=0x624cdd3274dc7ac98ddbe19476da5deab6349a077069093b1339adea5c87e5dc from=0xb71feFeFddA3421352369476ee2e3eA82Abe2499 to=0x0000000000000000000000000000000000000000
t=2023-06-02T16:09:00+0800 lvl=trce msg="Discarding freshly underpriced transaction" hash=0x4f0c298fa770c0b6e5280f403ae19e55726f8a56799b97c73861329393a325c7 gasTipCap=1  gasFeeCap=1119
t=2023-06-02T16:09:00+0800 lvl=trce msg="Pooled new future transaction"          hash=0x255053ebdef97b6febf2872afcdb654deb23ae6a51dad04d1ea40e14198727da from=0xb71feFeFddA3421352369476ee2e3eA82Abe2499 to=0x0000000000000000000000000000000000000000
t=2023-06-02T16:09:00+0800 lvl=trce msg="Pooled new future transaction"          hash=0xcbb55207197f604f06f87f6a0d104acbcd5d04755c0e48402a04ebf9151c6e4d from=0x07Daca235889F049132602B415b6A2ff488b5dBd to=0x0000000000000000000000000000000000000000
t=2023-06-02T16:09:00+0800 lvl=trce msg="Pooled new future transaction"          hash=0x6ade647ac648aab818aa185ab32ae940107e620efc153edbaecdac8b7fc00307 from=0xb71feFeFddA3421352369476ee2e3eA82Abe2499 to=0x0000000000000000000000000000000000000000
t=2023-06-02T16:09:00+0800 lvl=trce msg="Pooled new future transaction"          hash=0xa3f4a6a0a357038a27ee18448342d82529203afe1b96e566603d3767b7ade243 from=0x7628e7c918DAaf4dfbF615023fDBcF72b8479bCe to=0x0000000000000000000000000000000000000000
t=2023-06-02T16:09:00+0800 lvl=trce msg="Pooled new future transaction"          hash=0x64d5fd27ae1b6ad76f249408c0a8d04b71aed91fee4c24c8209e496353a21d42 from=0xb71feFeFddA3421352369476ee2e3eA82Abe2499 to=0x0000000000000000000000000000000000000000
t=2023-06-02T16:09:00+0800 lvl=trce msg="Pooled new future transaction"          hash=0x50b3ce39845e412a1e8c45ed2e1218923dd54cc804db2e07bb7b412b93935223 from=0xb71feFeFddA3421352369476ee2e3eA82Abe2499 to=0x0000000000000000000000000000000000000000
t=2023-06-02T16:09:00+0800 lvl=trce msg="Pooled new future transaction"          hash=0x7d4138675fa40cee1f77122fc2cefc02774ebf9cfa5fa9a5e1024d7e31ca3a14 from=0xb71feFeFddA3421352369476ee2e3eA82Abe2499 to=0x0000000000000000000000000000000000000000
t=2023-06-02T16:09:00+0800 lvl=trce msg="Pooled new future transaction"          hash=0x597b10852be040fe7a154fc97cf09a7464a089411c720aca9ad973bcf597aa4f from=0xb71feFeFddA3421352369476ee2e3eA82Abe2499 to=0x0000000000000000000000000000000000000000
t=2023-06-02T16:09:00+0800 lvl=trce msg="Pooled new future transaction"          hash=0x37f3d28bca6e729d9609e6f6a6b4a9d8c413b530152c73d04fba906c502dc82e from=0xb71feFeFddA3421352369476ee2e3eA82Abe2499 to=0x0000000000000000000000000000000000000000
t=2023-06-02T16:09:00+0800 lvl=trce msg="Removed old queued transactions"        count=0
t=2023-06-02T16:09:00+0800 lvl=trce msg="Removed unpayable queued transactions"  count=0
t=2023-06-02T16:09:00+0800 lvl=trce msg="Promoted queued transactions"           count=0
t=2023-06-02T16:09:00+0800 lvl=trce msg="Removed old queued transactions"        count=0
t=2023-06-02T16:09:00+0800 lvl=trce msg="Removed unpayable queued transactions"  count=0
t=2023-06-02T16:09:00+0800 lvl=trce msg="Promoted queued transactions"           count=1
t=2023-06-02T16:09:00+0800 lvl=trce msg="Pooled new future transaction"          hash=0xce449f66e7551332f34ba4323378706b621fe59d451ba5a4b27435b45b48e15f from=0xF430FAcaBDd458C473847F5C7332098a985d3052 to=0x0000000000000000000000000000000000000000
t=2023-06-02T16:09:00+0800 lvl=trce msg="Pooled new future transaction"          hash=0xccc84b4c57d215cefe3bc9753a6543be56fab2ae2f53d059146aa856c2833809 from=0xF430FAcaBDd458C473847F5C7332098a985d3052 to=0x0000000000000000000000000000000000000000
t=2023-06-02T16:09:00+0800 lvl=trce msg="Pooled new future transaction"          hash=0xbad9a3d564a0d439e7170e9d852ef053cc015292319415db1370ca1ee3617b29 from=0xF430FAcaBDd458C473847F5C7332098a985d3052 to=0x0000000000000000000000000000000000000000
t=2023-06-02T16:09:00+0800 lvl=trce msg="Removed old queued transactions"        count=0
t=2023-06-02T16:09:00+0800 lvl=trce msg="Removed unpayable queued transactions"  count=0
t=2023-06-02T16:09:00+0800 lvl=trce msg="Promoted queued transactions"           count=2
t=2023-06-02T16:09:00+0800 lvl=trce msg="Pooled new future transaction"          hash=0x7a8b6da630944e6b01ed452ad0537b4dbf7bbe77e4e31890cb25f0a067f3b7ff from=0x66e0851F1a162869024b4C9f6b1C4Fc5cb4832F1 to=0x0000000000000000000000000000000000000000
t=2023-06-02T16:09:00+0800 lvl=trce msg="Removed old queued transactions"        count=0
t=2023-06-02T16:09:00+0800 lvl=trce msg="Removed unpayable queued transactions"  count=0
t=2023-06-02T16:09:00+0800 lvl=trce msg="Promoted queued transactions"           count=1
t=2023-06-02T16:09:00+0800 lvl=trce msg="Pooled new future transaction"          hash=0xf48be9b0bbedcd9c65f0bb2ea5b90fcdee86ebd372b4d3e4f9910cd8710634dc from=0xb71feFeFddA3421352369476ee2e3eA82Abe2499 to=0x0000000000000000000000000000000000000000
t=2023-06-02T16:09:00+0800 lvl=trce msg="Pooled new future transaction"          hash=0x45ee38f7f51ac5d0bb239f45a563e3b73e70adc60cacda3d656173c5c61bbbf7 from=0xb71feFeFddA3421352369476ee2e3eA82Abe2499 to=0x0000000000000000000000000000000000000000
t=2023-06-02T16:09:00+0800 lvl=trce msg="Pooled new future transaction"          hash=0x200a391096f4fbdd53055c60998c2295ab36030bc8000951d2de280c8c816375 from=0xb71feFeFddA3421352369476ee2e3eA82Abe2499 to=0x0000000000000000000000000000000000000000
t=2023-06-02T16:09:00+0800 lvl=trce msg="Pooled new future transaction"          hash=0x7d199737a9a5f193038e5b7fd4b31c212682e4695ed912cb52c8c274dfa149ad from=0x0c68C7Bada9Feb94de8F3716Df48c52285489407 to=0x0000000000000000000000000000000000000000
t=2023-06-02T16:09:00+0800 lvl=trce msg="Pooled new future transaction"          hash=0x7109a82867b3ad79268860fe198b5e0422d2db816ba823915cbb4e047a50bbb8 from=0xb71feFeFddA3421352369476ee2e3eA82Abe2499 to=0x0000000000000000000000000000000000000000
t=2023-06-02T16:09:00+0800 lvl=trce msg="Pooled new future transaction"          hash=0x9f2d734f14b7097e46c1ecea976ca4321aae11333c289dcd2d4cfe4e317492f8 from=0xb71feFeFddA3421352369476ee2e3eA82Abe2499 to=0x0000000000000000000000000000000000000000
t=2023-06-02T16:09:00+0800 lvl=trce msg="Pooled new future transaction"          hash=0x49eb93ff011e41751a0ee5f82a1765c64b3574271c23390688425bcafe5ce08d from=0xb71feFeFddA3421352369476ee2e3eA82Abe2499 to=0x0000000000000000000000000000000000000000
t=2023-06-02T16:09:00+0800 lvl=trce msg="Pooled new future transaction"          hash=0xbe4c74ce5ccc4582c2aac5cd79e8832dd37106057eea33f034a71cf089e2dd18 from=0xb71feFeFddA3421352369476ee2e3eA82Abe2499 to=0x0000000000000000000000000000000000000000
t=2023-06-02T16:09:00+0800 lvl=trce msg="Pooled new future transaction"          hash=0x5d3b2f3d01a730c7a2863ce9d9af9f91b7fa26628dbc13bfbfb71b886ae013f2 from=0xb71feFeFddA3421352369476ee2e3eA82Abe2499 to=0x0000000000000000000000000000000000000000
t=2023-06-02T16:09:00+0800 lvl=trce msg="Removed old queued transactions"        count=0
t=2023-06-02T16:09:00+0800 lvl=trce msg="Removed unpayable queued transactions"  count=0
t=2023-06-02T16:09:00+0800 lvl=trce msg="Promoted queued transactions"           count=3
t=2023-06-02T16:09:00+0800 lvl=trce msg="Pooled new future transaction"          hash=0xc8bebc614ed2bbc21909f34f5a6354444148f7f9c3a7fced9b330de8371b5386 from=0xF430FAcaBDd458C473847F5C7332098a985d3052 to=0x0000000000000000000000000000000000000000
t=2023-06-02T16:09:00+0800 lvl=trce msg="Pooled new future transaction"          hash=0x1c265b773a976dd9b41bffebfd2bece6bf88406d3cdb82604660b6098ab9ef05 from=0xF430FAcaBDd458C473847F5C7332098a985d3052 to=0x0000000000000000000000000000000000000000
t=2023-06-02T16:09:00+0800 lvl=trce msg="Pooled new future transaction"          hash=0x6a188d8d35ee549f0270e3769bf4ef3f2f250c5c1f46352f5d998351c8e6a780 from=0xF430FAcaBDd458C473847F5C7332098a985d3052 to=0x0000000000000000000000000000000000000000
t=2023-06-02T16:09:00+0800 lvl=trce msg="Pooled new future transaction"          hash=0xc0a8e8817d8de944f83702ec80f2fd883d47763e9ed03d857a847709db033007 from=0xF430FAcaBDd458C473847F5C7332098a985d3052 to=0x0000000000000000000000000000000000000000
t=2023-06-02T16:09:00+0800 lvl=trce msg="Pooled new future transaction"          hash=0x5a05c0d5122cae76cc15af5437c5ceffe2de47f0d8ef72e8e5a69ec31f35065c from=0x02110238aa1D6d8d087832dC6c7F10FfCaDE1ceE to=0x0000000000000000000000000000000000000000
t=2023-06-02T16:09:00+0800 lvl=trce msg="Removed old queued transactions"        count=0
t=2023-06-02T16:09:00+0800 lvl=trce msg="Removed unpayable queued transactions"  count=0
t=2023-06-02T16:09:00+0800 lvl=trce msg="Promoted queued transactions"           count=0
t=2023-06-02T16:09:00+0800 lvl=trce msg="Pooled new future transaction"          hash=0xc6cda0ab841856e8c47e4431895add7d5959ea8607dd45b5ccda275202055b1f from=0xF430FAcaBDd458C473847F5C7332098a985d3052 to=0x0000000000000000000000000000000000000000
t=2023-06-02T16:09:00+0800 lvl=trce msg="Pooled new future transaction"          hash=0x26b9bd89039d888bedfe542c38bddb1ae86aba87a9f3b3dc022b9013a1beafb3 from=0xF430FAcaBDd458C473847F5C7332098a985d3052 to=0x0000000000000000000000000000000000000000
t=2023-06-02T16:09:00+0800 lvl=trce msg="Pooled new future transaction"          hash=0xe4faafdecaa3353487aaca960a86d0338ba07df4f292fea9e1ecc475d7bced96 from=0xF430FAcaBDd458C473847F5C7332098a985d3052 to=0x0000000000000000000000000000000000000000
t=2023-06-02T16:09:00+0800 lvl=trce msg="Pooled new future transaction"          hash=0x8858eef02bf27d4e229032b7087159ae89d54e0ab118767e1ab7a7b245b04b2f from=0xF430FAcaBDd458C473847F5C7332098a985d3052 to=0x0000000000000000000000000000000000000000
t=2023-06-02T16:09:00+0800 lvl=trce msg="Pooled new future transaction"          hash=0x4d7a26c30f0b66f145455f69b5024888622f2b198ed3504f45dffc299d82e3cb from=0xF430FAcaBDd458C473847F5C7332098a985d3052 to=0x0000000000000000000000000000000000000000
t=2023-06-02T16:09:00+0800 lvl=trce msg="Pooled new future transaction"          hash=0xaac18a86e7501b0f41cdaf5b8d77e4cd838bfebcbf000d1b6d86b0f357aeeb68 from=0xF430FAcaBDd458C473847F5C7332098a985d3052 to=0x0000000000000000000000000000000000000000
t=2023-06-02T16:09:00+0800 lvl=trce msg="Pooled new future transaction"          hash=0x3ec06e7fc9f37ef581fb7e56268d24cdef17d67624e6c6c6e4594a26630d87ed from=0xF430FAcaBDd458C473847F5C7332098a985d3052 to=0x0000000000000000000000000000000000000000
t=2023-06-02T16:09:00+0800 lvl=trce msg="Pooled new future transaction"          hash=0x087606685a1f5e38e6e85127e7fa7c9ae807300a52d8b3d331cf83e0cfacff74 from=0xF430FAcaBDd458C473847F5C7332098a985d3052 to=0x0000000000000000000000000000000000000000
t=2023-06-02T16:09:00+0800 lvl=trce msg="Pooled new future transaction"          hash=0x68ef0c10e00d7c4d33e2760c356e3fb035c1bc117e043adc484797ec0311174d from=0xF430FAcaBDd458C473847F5C7332098a985d3052 to=0x0000000000000000000000000000000000000000
t=2023-06-02T16:09:00+0800 lvl=trce msg="Discarding freshly underpriced transaction" hash=0x054e8f2a159d8388b9d753ae23e43cf92ebbf25da9a319a52aec2d02cbf41d8c gasTipCap=1  gasFeeCap=1200
t=2023-06-02T16:09:00+0800 lvl=trce msg="Pooled new future transaction"          hash=0x3687caa6984cc6e3c03fd0ddbcdc3478d9f51bd9afc5ad8580b021a89bbb5ff0 from=0xF430FAcaBDd458C473847F5C7332098a985d3052 to=0x0000000000000000000000000000000000000000
t=2023-06-02T16:09:00+0800 lvl=trce msg="Pooled new future transaction"          hash=0x0c2954e959f62bad8418ab742c8cbf0062db695c5d6bf7238e426d5b2a5ca1ad from=0x310286322AF65AFeF2AB0dd9BC730608d21DdC21 to=0x0000000000000000000000000000000000000000
t=2023-06-02T16:09:00+0800 lvl=trce msg="Removed old queued transactions"        count=0
t=2023-06-02T16:09:00+0800 lvl=trce msg="Removed unpayable queued transactions"  count=0
t=2023-06-02T16:09:00+0800 lvl=trce msg="Promoted queued transactions"           count=1
t=2023-06-02T16:09:00+0800 lvl=trce msg="Pooled new future transaction"          hash=0xf0950a72744eec2fcd095c1c116d16edf5b0d4fc730d3e860d081831db692220 from=0xF430FAcaBDd458C473847F5C7332098a985d3052 to=0x0000000000000000000000000000000000000000
t=2023-06-02T16:09:00+0800 lvl=trce msg="Pooled new future transaction"          hash=0xed29f86e4450f2856c226d0d58c0d8dbb12e340e93bc3ebebad9abe906a485c1 from=0xF430FAcaBDd458C473847F5C7332098a985d3052 to=0x0000000000000000000000000000000000000000
t=2023-06-02T16:09:00+0800 lvl=trce msg="Pooled new future transaction"          hash=0x6cf3c21a379814850f812f128a2a4b78bc50928086ef369cfb1a971692bdd2c6 from=0xF430FAcaBDd458C473847F5C7332098a985d3052 to=0x0000000000000000000000000000000000000000
t=2023-06-02T16:09:00+0800 lvl=trce msg="Pooled new future transaction"          hash=0x3c5cc17202dc0dc17f2ed1f54ef70a214219cb6f5d6270e30acb02a5a03b2a61 from=0xF430FAcaBDd458C473847F5C7332098a985d3052 to=0x0000000000000000000000000000000000000000
t=2023-06-02T16:09:00+0800 lvl=trce msg="Pooled new future transaction"          hash=0x7b6d57876066f373d6cc6e7a5b54728186c43d2b7f1f4443730b83c08e9127a3 from=0xAA93a5385D517bA45f8243125ea0d1703F54EDf6 to=0x0000000000000000000000000000000000000000
t=2023-06-02T16:09:00+0800 lvl=trce msg="Pooled new future transaction"          hash=0x648ba1dccdd6739fa5be516dc5bbf187701e7c69bb3408bba57fde4e185fc566 from=0xF430FAcaBDd458C473847F5C7332098a985d3052 to=0x0000000000000000000000000000000000000000
t=2023-06-02T16:09:00+0800 lvl=trce msg="Pooled new future transaction"          hash=0x5a0d60bbca4b1671affb52e3c795db3686417321865592b458b0c8138f4ad228 from=0xF430FAcaBDd458C473847F5C7332098a985d3052 to=0x0000000000000000000000000000000000000000
t=2023-06-02T16:09:00+0800 lvl=trce msg="Pooled new future transaction"          hash=0xd83cb7d730c406a980bc82de4c202761c31e1ce92837478b040538ceb90e6627 from=0xF430FAcaBDd458C473847F5C7332098a985d3052 to=0x0000000000000000000000000000000000000000
t=2023-06-02T16:09:00+0800 lvl=trce msg="Pooled new future transaction"          hash=0x353645b97e3704120da7b6bd3dc263c2b2b982f26b535f835eb365fef9db2c3b from=0xF430FAcaBDd458C473847F5C7332098a985d3052 to=0x0000000000000000000000000000000000000000
t=2023-06-02T16:09:00+0800 lvl=trce msg="Pooled new future transaction"          hash=0x28c4cc16390da27273e667e725c972d4604ab9ec870f730b2f0a9e54b99828dd from=0xF430FAcaBDd458C473847F5C7332098a985d3052 to=0x0000000000000000000000000000000000000000
t=2023-06-02T16:09:00+0800 lvl=trce msg="Discarding freshly underpriced transaction" hash=0x7c768080240f36f27c065893ea73b3ccd3c4f71033ae84dee354cf0ed8bc7f7f gasTipCap=1  gasFeeCap=1201
t=2023-06-02T16:09:00+0800 lvl=trce msg="Pooled new future transaction"          hash=0x00820a8a32739a38719ba4ce0fb1f68767a63be36e1332ead806045d855f8566 from=0xF430FAcaBDd458C473847F5C7332098a985d3052 to=0x0000000000000000000000000000000000000000
t=2023-06-02T16:09:00+0800 lvl=trce msg="Pooled new future transaction"          hash=0x6baede7f8956c363ea4b64524caa77284a5ae308f29b6508531bc22982859727 from=0xd6991723b70789EBEC11ae72735Ed4c37eaE04Fc to=0x0000000000000000000000000000000000000000
t=2023-06-02T16:09:00+0800 lvl=trce msg="Removed old queued transactions"        count=0
t=2023-06-02T16:09:00+0800 lvl=trce msg="Removed unpayable queued transactions"  count=0
t=2023-06-02T16:09:00+0800 lvl=trce msg="Promoted queued transactions"           count=1
t=2023-06-02T16:09:00+0800 lvl=trce msg="Removed old queued transactions"        count=0
t=2023-06-02T16:09:00+0800 lvl=trce msg="Removed unpayable queued transactions"  count=0
t=2023-06-02T16:09:00+0800 lvl=trce msg="Promoted queued transactions"           count=2
t=2023-06-02T16:09:00+0800 lvl=trce msg="Pooled new future transaction"          hash=0x7a8a433b1634cf9e103c7bcdafaa23e028f5153ea04a3556af2ce00d01554981 from=0xF430FAcaBDd458C473847F5C7332098a985d3052 to=0x0000000000000000000000000000000000000000
t=2023-06-02T16:09:00+0800 lvl=trce msg="Pooled new future transaction"          hash=0x73557d9f89ff682a15e6cac19b324b95301ad9a2f097edf32bb26bdca06b2d6d from=0xF430FAcaBDd458C473847F5C7332098a985d3052 to=0x0000000000000000000000000000000000000000
t=2023-06-02T16:09:00+0800 lvl=trce msg="Pooled new future transaction"          hash=0x7daa73de5efdd174f15adb8a88fd182a1e2e3d7eb2857797314c3a894bc7eb88 from=0x66e0851F1a162869024b4C9f6b1C4Fc5cb4832F1 to=0x0000000000000000000000000000000000000000
t=2023-06-02T16:09:00+0800 lvl=trce msg="Discarding freshly underpriced transaction" hash=0x5e30add256cc6eb6058a02fd655bdb934a6e9e0078179d051dafb616f3ba415e gasTipCap=1  gasFeeCap=1202
t=2023-06-02T16:09:00+0800 lvl=trce msg="Pooled new future transaction"          hash=0xbc3ab2fa94bd09ed2006d41695f736b59b15da91cccb6d9f5b52ade1fb85e675 from=0xb71feFeFddA3421352369476ee2e3eA82Abe2499 to=0x0000000000000000000000000000000000000000
t=2023-06-02T16:09:00+0800 lvl=trce msg="Pooled new future transaction"          hash=0xaac0cf85f942a534137b70c033b9d14fa78dfe24fa46057c9f708f1113362d25 from=0xb71feFeFddA3421352369476ee2e3eA82Abe2499 to=0x0000000000000000000000000000000000000000
t=2023-06-02T16:09:00+0800 lvl=trce msg="Pooled new future transaction"          hash=0x282b9c2f2966e5b7e6590d8e5e29afef2fa967aef93c8afda4ed8b8f735642be from=0xb71feFeFddA3421352369476ee2e3eA82Abe2499 to=0x0000000000000000000000000000000000000000
t=2023-06-02T16:09:00+0800 lvl=trce msg="Removed old queued transactions"        count=0
t=2023-06-02T16:09:00+0800 lvl=trce msg="Pooled new future transaction"          hash=0x202483b1da71d748adafc791d62bd8281e631c94f3caf42bb68414e622690dbf from=0xb71feFeFddA3421352369476ee2e3eA82Abe2499 to=0x0000000000000000000000000000000000000000
t=2023-06-02T16:09:00+0800 lvl=trce msg="Pooled new future transaction"          hash=0xc8a8b0b016df0c22b9552f3280a51f6ebde55848b5f12a417aa87fd67bea5158 from=0xb71feFeFddA3421352369476ee2e3eA82Abe2499 to=0x0000000000000000000000000000000000000000
t=2023-06-02T16:09:00+0800 lvl=trce msg="Pooled new future transaction"          hash=0xcababc628c400a95634de9bc66dfbbe21da7b8bf3dfcc3016127923603bbcfca from=0xb71feFeFddA3421352369476ee2e3eA82Abe2499 to=0x0000000000000000000000000000000000000000
t=2023-06-02T16:09:00+0800 lvl=trce msg="Pooled new future transaction"          hash=0x4be30242a44c46a127456c29dc0ced3a3128f70274109ccf27759ab41af0cc51 from=0xb71feFeFddA3421352369476ee2e3eA82Abe2499 to=0x0000000000000000000000000000000000000000
t=2023-06-02T16:09:00+0800 lvl=trce msg="Removed unpayable queued transactions"  count=0
t=2023-06-02T16:09:00+0800 lvl=trce msg="Promoted queued transactions"           count=0
t=2023-06-02T16:09:00+0800 lvl=trce msg="Pooled new future transaction"          hash=0x7d64f9020d9e04bc8e854695a8d760504121d6d1e09975159207bed99917a69d from=0xb71feFeFddA3421352369476ee2e3eA82Abe2499 to=0x0000000000000000000000000000000000000000
t=2023-06-02T16:09:00+0800 lvl=trce msg="Pooled new future transaction"          hash=0x14e91772ae11732bcd8e9d24d976b00392933dd4b01f9a90d7cea767f79d3a91 from=0xb71feFeFddA3421352369476ee2e3eA82Abe2499 to=0x0000000000000000000000000000000000000000
t=2023-06-02T16:09:00+0800 lvl=trce msg="Pooled new future transaction"          hash=0x30ba1ede252a5a63bfe6b6cc38a1f04bb7c2c0117b395099fe7c21e0e99282ef from=0xF430FAcaBDd458C473847F5C7332098a985d3052 to=0x0000000000000000000000000000000000000000
t=2023-06-02T16:09:00+0800 lvl=trce msg="Pooled new future transaction"          hash=0xb39b822f467fec28a2065658eb789d6dae9c87ad5e0bb9ebb23db54c83f0a557 from=0xb71feFeFddA3421352369476ee2e3eA82Abe2499 to=0x0000000000000000000000000000000000000000
t=2023-06-02T16:09:00+0800 lvl=trce msg="Pooled new future transaction"          hash=0x88f475021b9e1ba550e40457632d63a3461dc3c747d2dffb894d0e2e64441d03 from=0xF430FAcaBDd458C473847F5C7332098a985d3052 to=0x0000000000000000000000000000000000000000
t=2023-06-02T16:09:00+0800 lvl=trce msg="Pooled new future transaction"          hash=0xf18d896cf05a4dd5c45edd56ad1d9b95d6ce88207645cca4d422df039054c101 from=0x7628e7c918DAaf4dfbF615023fDBcF72b8479bCe to=0x0000000000000000000000000000000000000000
t=2023-06-02T16:09:00+0800 lvl=trce msg="Pooled new future transaction"          hash=0xe68ea92e2543702625b76e53c560193002471d6efdd5f60b9bd159fb7aef04fe from=0xb71feFeFddA3421352369476ee2e3eA82Abe2499 to=0x0000000000000000000000000000000000000000
t=2023-06-02T16:09:00+0800 lvl=trce msg="Removed old queued transactions"        count=0
t=2023-06-02T16:09:00+0800 lvl=trce msg="Removed unpayable queued transactions"  count=0
t=2023-06-02T16:09:00+0800 lvl=trce msg="Promoted queued transactions"           count=1
t=2023-06-02T16:09:00+0800 lvl=trce msg="Pooled new future transaction"          hash=0x6c4d04aa051bab590d27378403aaa5ea75712b4ec6818d1a864356a6b8da8a8e from=0xdBc5AEfc8c00c45A299BdA0a7966809CABB90A08 to=0x0000000000000000000000000000000000000000
t=2023-06-02T16:09:00+0800 lvl=trce msg="Pooled new future transaction"          hash=0x6c6ac3df42048d922682121e341cc9621d4377a1d83fbaca879f588531637c42 from=0xb71feFeFddA3421352369476ee2e3eA82Abe2499 to=0x0000000000000000000000000000000000000000
t=2023-06-02T16:09:00+0800 lvl=trce msg="Pooled new future transaction"          hash=0x2ecdffa28997f59e92ee700df0c74101d2d0a1b7955f6a0780c8a3a88f765a0b from=0xb71feFeFddA3421352369476ee2e3eA82Abe2499 to=0x0000000000000000000000000000000000000000
t=2023-06-02T16:09:00+0800 lvl=trce msg="Pooled new future transaction"          hash=0x3da8cc7fd75f32d0f065167798c63e4cfa5a065bc5c2790726303cf4f90b896b from=0xb71feFeFddA3421352369476ee2e3eA82Abe2499 to=0x0000000000000000000000000000000000000000
t=2023-06-02T16:09:00+0800 lvl=trce msg="Pooled new future transaction"          hash=0xa9294ff7bbe64981098b4896c25de229619f2b808cbd60c53fac26524f409df5 from=0xF430FAcaBDd458C473847F5C7332098a985d3052 to=0x0000000000000000000000000000000000000000
t=2023-06-02T16:09:00+0800 lvl=trce msg="Pooled new future transaction"          hash=0xa82dfca609d33ad6a06472b28344faa93980c1dc0327d7700603f09c6c6cb268 from=0xF430FAcaBDd458C473847F5C7332098a985d3052 to=0x0000000000000000000000000000000000000000
t=2023-06-02T16:09:00+0800 lvl=trce msg="Pooled new future transaction"          hash=0x8afb82907c0aec5eacb3ce404e27c81c640f1cf0eba41f3895cad8bc8526fbee from=0xF430FAcaBDd458C473847F5C7332098a985d3052 to=0x0000000000000000000000000000000000000000
t=2023-06-02T16:09:00+0800 lvl=trce msg="Pooled new future transaction"          hash=0xdfbee70c0ddd428e14919b42d52a8069b0645fde24699c24aef26d56759a1c87 from=0xdc804aF69b4F0C08b826c3091f4084d9a803EDa0 to=0x0000000000000000000000000000000000000000
t=2023-06-02T16:09:00+0800 lvl=trce msg="Removed old queued transactions"        count=0
t=2023-06-02T16:09:00+0800 lvl=trce msg="Removed unpayable queued transactions"  count=0
t=2023-06-02T16:09:00+0800 lvl=trce msg="Promoted queued transactions"           count=1
t=2023-06-02T16:09:00+0800 lvl=trce msg="Pooled new future transaction"          hash=0x87698061839bfb9b74ee57c81a81bf0b67cba357edba8c39a8e93f3ea87a433d from=0x7628e7c918DAaf4dfbF615023fDBcF72b8479bCe to=0x0000000000000000000000000000000000000000
t=2023-06-02T16:09:00+0800 lvl=trce msg="Removed old queued transactions"        count=0
t=2023-06-02T16:09:00+0800 lvl=trce msg="Removed unpayable queued transactions"  count=0
t=2023-06-02T16:09:00+0800 lvl=trce msg="Promoted queued transactions"           count=0
t=2023-06-02T16:09:00+0800 lvl=trce msg="Removed old queued transactions"        count=0
t=2023-06-02T16:09:00+0800 lvl=trce msg="Removed unpayable queued transactions"  count=0
t=2023-06-02T16:09:00+0800 lvl=trce msg="Promoted queued transactions"           count=3
t=2023-06-02T16:09:00+0800 lvl=trce msg="Pooled new future transaction"          hash=0x67f6de6a805c775f0625cf74d38035ff2cbfa9135368617b17fa901232715c68 from=0xb71feFeFddA3421352369476ee2e3eA82Abe2499 to=0x0000000000000000000000000000000000000000
t=2023-06-02T16:09:00+0800 lvl=trce msg="Pooled new future transaction"          hash=0x93dbae4abc7c448db7d4a700367b619544c69e958c375d7120e290c17609d5f6 from=0xb71feFeFddA3421352369476ee2e3eA82Abe2499 to=0x0000000000000000000000000000000000000000
t=2023-06-02T16:09:00+0800 lvl=trce msg="Pooled new future transaction"          hash=0xfc307bc2c7822c8b014c79b0bc2d38a6089faf87ac4d3eade8b6f4f8d01d939e from=0xb71feFeFddA3421352369476ee2e3eA82Abe2499 to=0x0000000000000000000000000000000000000000
t=2023-06-02T16:09:00+0800 lvl=trce msg="Pooled new future transaction"          hash=0xa5acfd0ea3c6ecbf3a9bc40c5ce4405a01f7c950f4647f477877d20ddc1f0008 from=0x61E3965aC2b40D47713eF818e600a5eac5536323 to=0x0000000000000000000000000000000000000000
t=2023-06-02T16:09:00+0800 lvl=trce msg="Pooled new future transaction"          hash=0x2089e08e30e15c4fb4da29e7c0eca1f53287ec33c6c328096115dd5f5fa5d117 from=0xb71feFeFddA3421352369476ee2e3eA82Abe2499 to=0x0000000000000000000000000000000000000000
t=2023-06-02T16:09:00+0800 lvl=trce msg="Removed old queued transactions"        count=0
t=2023-06-02T16:09:00+0800 lvl=trce msg="Pooled new future transaction"          hash=0x1b4252a197eed514e52f39054fcca056d8908990ba4d740194b4f85fd015edc1 from=0x66e0851F1a162869024b4C9f6b1C4Fc5cb4832F1 to=0x0000000000000000000000000000000000000000
t=2023-06-02T16:09:00+0800 lvl=trce msg="Discarding freshly underpriced transaction" hash=0xcbb55207197f604f06f87f6a0d104acbcd5d04755c0e48402a04ebf9151c6e4d gasTipCap=1  gasFeeCap=1203
t=2023-06-02T16:09:00+0800 lvl=trce msg="Removed old queued transactions"        count=0
t=2023-06-02T16:09:00+0800 lvl=trce msg="Removed unpayable queued transactions"  count=0
t=2023-06-02T16:09:00+0800 lvl=trce msg="Pooled new future transaction"          hash=0x42ee2fbbe2f858abac208299c2802a2039a0bd42f552236988953ff641cabe7e from=0xF430FAcaBDd458C473847F5C7332098a985d3052 to=0x0000000000000000000000000000000000000000
t=2023-06-02T16:09:00+0800 lvl=trce msg="Pooled new future transaction"          hash=0x5220ef7a00fdf2f25b9646ba85ee829d2a2c05e294faef42179113c7533d55ba from=0xF430FAcaBDd458C473847F5C7332098a985d3052 to=0x0000000000000000000000000000000000000000
t=2023-06-02T16:09:00+0800 lvl=trce msg="Pooled new future transaction"          hash=0x471c9a6cf07d5a2ef74a4b01727d8e8422ea51040ddc5541ee9a1d5117747496 from=0xF430FAcaBDd458C473847F5C7332098a985d3052 to=0x0000000000000000000000000000000000000000
t=2023-06-02T16:09:00+0800 lvl=trce msg="Pooled new future transaction"          hash=0xea3c724634218ed11622961eaa87392d45e1513d43f48ef4bfd109fed211cb51 from=0xF430FAcaBDd458C473847F5C7332098a985d3052 to=0x0000000000000000000000000000000000000000
t=2023-06-02T16:09:00+0800 lvl=trce msg="Pooled new future transaction"          hash=0xb35a20108fb5a34550687970584e5431a3796f6a8ae756f6d65838e53167780b from=0xb71feFeFddA3421352369476ee2e3eA82Abe2499 to=0x0000000000000000000000000000000000000000
t=2023-06-02T16:09:00+0800 lvl=trce msg="Pooled new future transaction"          hash=0xf5bbf4e90e7e5fa537d9d34b652399aef6d6c76062b4b063e7dc402cf3dc6fe9 from=0xb71feFeFddA3421352369476ee2e3eA82Abe2499 to=0x0000000000000000000000000000000000000000
t=2023-06-02T16:09:00+0800 lvl=trce msg="Pooled new future transaction"          hash=0xd4ddbd047a0762ea416c869af8245075d5c6e16777b9203273df84b454aef4b2 from=0xb71feFeFddA3421352369476ee2e3eA82Abe2499 to=0x0000000000000000000000000000000000000000
t=2023-06-02T16:09:00+0800 lvl=trce msg="Pooled new future transaction"          hash=0x31883525a84486683f81cba6e4ef5318bc48be351a71e9492c1eb3df16a19f74 from=0xb71feFeFddA3421352369476ee2e3eA82Abe2499 to=0x0000000000000000000000000000000000000000
t=2023-06-02T16:09:00+0800 lvl=trce msg="Pooled new future transaction"          hash=0xec0459708575db08fdbe571677c94dc886bf77a21cde3b1c4b798716d0cf0456 from=0xb71feFeFddA3421352369476ee2e3eA82Abe2499 to=0x0000000000000000000000000000000000000000
t=2023-06-02T16:09:00+0800 lvl=trce msg="Pooled new future transaction"          hash=0xd802af04f6b8bbba40eabd17119a24e2bfcb99df780bedfd090526baf328f83a from=0xb71feFeFddA3421352369476ee2e3eA82Abe2499 to=0x0000000000000000000000000000000000000000
t=2023-06-02T16:09:00+0800 lvl=trce msg="Pooled new future transaction"          hash=0xc4f1d6ae9ef181211a52c8617ffd25b9cd27eb7666da382b230323421fc7c711 from=0xb71feFeFddA3421352369476ee2e3eA82Abe2499 to=0x0000000000000000000000000000000000000000
t=2023-06-02T16:09:00+0800 lvl=trce msg="Pooled new future transaction"          hash=0x221881403d291eb1202f89c76561304dd2ea52dbb3a8f4c9e4ecace0093afd37 from=0xb71feFeFddA3421352369476ee2e3eA82Abe2499 to=0x0000000000000000000000000000000000000000
t=2023-06-02T16:09:00+0800 lvl=trce msg="Pooled new future transaction"          hash=0xcec456a0443ebf90454f97df55e3aa2c92cce2f029dcdc6d9bd115fd28270527 from=0xb71feFeFddA3421352369476ee2e3eA82Abe2499 to=0x0000000000000000000000000000000000000000
t=2023-06-02T16:09:00+0800 lvl=trce msg="Pooled new future transaction"          hash=0xa9fa54c2db56233c9f75e215c0c20abd50d4695dea80271b0880aa6d8cba17cc from=0xb71feFeFddA3421352369476ee2e3eA82Abe2499 to=0x0000000000000000000000000000000000000000
t=2023-06-02T16:09:00+0800 lvl=trce msg="Removed unpayable queued transactions"  count=0
t=2023-06-02T16:09:00+0800 lvl=trce msg="Promoted queued transactions"           count=0
t=2023-06-02T16:09:00+0800 lvl=trce msg="Pooled new future transaction"          hash=0x7254bf5af7ed0fcdc667d5e69b7471cf3d016c0857b67844b7775da4fbc9e62c from=0x876Cc91e201680C4bA5587eDBf5f824f2e454f17 to=0x0000000000000000000000000000000000000000
t=2023-06-02T16:09:00+0800 lvl=trce msg="Removed old queued transactions"        count=0
t=2023-06-02T16:09:00+0800 lvl=trce msg="Removed unpayable queued transactions"  count=0
t=2023-06-02T16:09:00+0800 lvl=trce msg="Promoted queued transactions"           count=1
t=2023-06-02T16:09:00+0800 lvl=trce msg="Promoted queued transactions"           count=1
t=2023-06-02T16:09:00+0800 lvl=trce msg="Pooled new future transaction"          hash=0x61ebcde9896a491f4c759e55d51255aa95beccd87d2d993c3482927c89368d2d from=0xF430FAcaBDd458C473847F5C7332098a985d3052 to=0x0000000000000000000000000000000000000000
t=2023-06-02T16:09:00+0800 lvl=trce msg="Pooled new future transaction"          hash=0x851d6af613eed37d56c7ac53b70d40cdf7b5d1edc302320ec51c3c69fed8c8cf from=0xF430FAcaBDd458C473847F5C7332098a985d3052 to=0x0000000000000000000000000000000000000000
t=2023-06-02T16:09:00+0800 lvl=trce msg="Pooled new future transaction"          hash=0xd861efcfaba86ec72ce8b69b7cf1e676affde1a16b8f20a8cd7782405668cda5 from=0xF430FAcaBDd458C473847F5C7332098a985d3052 to=0x0000000000000000000000000000000000000000
t=2023-06-02T16:09:00+0800 lvl=trce msg="Pooled new future transaction"          hash=0x392d1d618450221aec63051c3e964f7ad5c4b9d306a13ef5c3b92a86f1998d73 from=0xF430FAcaBDd458C473847F5C7332098a985d3052 to=0x0000000000000000000000000000000000000000
t=2023-06-02T16:09:00+0800 lvl=trce msg="Pooled new future transaction"          hash=0x3a87ccc1862cb57d98cf5e8d1c5cab5314690c967ace7bc18f8db884358a5674 from=0xb71feFeFddA3421352369476ee2e3eA82Abe2499 to=0x0000000000000000000000000000000000000000
t=2023-06-02T16:09:00+0800 lvl=trce msg="Pooled new future transaction"          hash=0x512ed3197b232211f1076f95613dc454cf221abce2cf75612d7f27aa5fdd3c97 from=0x66e0851F1a162869024b4C9f6b1C4Fc5cb4832F1 to=0x0000000000000000000000000000000000000000
t=2023-06-02T16:09:00+0800 lvl=trce msg="Pooled new future transaction"          hash=0xd3f62f74c3f8784ef0ac115ea141424c888a4cce9ba30bb2b339f890459ca585 from=0xb71feFeFddA3421352369476ee2e3eA82Abe2499 to=0x0000000000000000000000000000000000000000
t=2023-06-02T16:09:00+0800 lvl=trce msg="Discarding freshly underpriced transaction" hash=0x0c2954e959f62bad8418ab742c8cbf0062db695c5d6bf7238e426d5b2a5ca1ad gasTipCap=1  gasFeeCap=1204
t=2023-06-02T16:09:00+0800 lvl=trce msg="Pooled new future transaction"          hash=0xef8436343ab96dffc501016b062cf7f6af47e12a8996fd1cb3f79ce5e7e4abde from=0x18a4fcE8E45F4e60DBF3654a2a8e576B57B3Ff9B to=0x0000000000000000000000000000000000000000
t=2023-06-02T16:09:00+0800 lvl=trce msg="Removed old queued transactions"        count=0
t=2023-06-02T16:09:00+0800 lvl=trce msg="Removed unpayable queued transactions"  count=0
t=2023-06-02T16:09:00+0800 lvl=trce msg="Promoted queued transactions"           count=0
t=2023-06-02T16:09:00+0800 lvl=trce msg="Pooled new future transaction"          hash=0x54d127d8d64611307384d2dcc1c99a782267f3c761f23c3235302235098d7634 from=0xb71feFeFddA3421352369476ee2e3eA82Abe2499 to=0x0000000000000000000000000000000000000000
t=2023-06-02T16:09:00+0800 lvl=trce msg="Pooled new future transaction"          hash=0x30e9d6a948061e401b5cdb4021ce21dd71ebe7a02b1a63402310b6276ad64c03 from=0xb71feFeFddA3421352369476ee2e3eA82Abe2499 to=0x0000000000000000000000000000000000000000
t=2023-06-02T16:09:00+0800 lvl=trce msg="Pooled new future transaction"          hash=0xe317f721fc8c788e50023a9388db43fe52c54479f469f450e90f96d0f94d2895 from=0xb71feFeFddA3421352369476ee2e3eA82Abe2499 to=0x0000000000000000000000000000000000000000
t=2023-06-02T16:09:00+0800 lvl=trce msg="Pooled new future transaction"          hash=0xe9d8d30eba708694462e65bd497ee86dec2e37d19a23af31f329640a85d17996 from=0xb71feFeFddA3421352369476ee2e3eA82Abe2499 to=0x0000000000000000000000000000000000000000
t=2023-06-02T16:09:00+0800 lvl=trce msg="Pooled new future transaction"          hash=0xdfde9cc0e49f374548b5be570c8a32845a4bd1c79c119c4f14e0be9ce80f8ffb from=0xb71feFeFddA3421352369476ee2e3eA82Abe2499 to=0x0000000000000000000000000000000000000000
t=2023-06-02T16:09:00+0800 lvl=trce msg="Pooled new future transaction"          hash=0x1dd91923a8e66f7a3c229b4a01330f5a8ee1699b93d7644494df14bceb729fa9 from=0xF430FAcaBDd458C473847F5C7332098a985d3052 to=0x0000000000000000000000000000000000000000
t=2023-06-02T16:09:00+0800 lvl=trce msg="Pooled new future transaction"          hash=0x979e79bf8eb709f583180d1cbb9bbcfcb25fa3f58df202bf8f02dc534756a265 from=0xF430FAcaBDd458C473847F5C7332098a985d3052 to=0x0000000000000000000000000000000000000000
t=2023-06-02T16:09:00+0800 lvl=trce msg="Pooled new future transaction"          hash=0x8d60696d0e6c0ec4bfd86b6e3bd02046d2a8d7df07cf9032f7489afab69bdc05 from=0xF430FAcaBDd458C473847F5C7332098a985d3052 to=0x0000000000000000000000000000000000000000
t=2023-06-02T16:09:00+0800 lvl=trce msg="Pooled new future transaction"          hash=0xf9ed0549872c479a5eb7bd950e768eb88add75016624d1282b79ac1ef688d144 from=0xF430FAcaBDd458C473847F5C7332098a985d3052 to=0x0000000000000000000000000000000000000000
t=2023-06-02T16:09:00+0800 lvl=trce msg="Pooled new future transaction"          hash=0xe35551c23fa81cae48b3b2321e1b8610066088816d778cd5f4c552c11d31d847 from=0xF430FAcaBDd458C473847F5C7332098a985d3052 to=0x0000000000000000000000000000000000000000
t=2023-06-02T16:09:00+0800 lvl=trce msg="Pooled new future transaction"          hash=0xf0a295b41558f8af26b2e9e349bf50a63d32617be44e131ff441df3721e80882 from=0xF430FAcaBDd458C473847F5C7332098a985d3052 to=0x0000000000000000000000000000000000000000
t=2023-06-02T16:09:00+0800 lvl=trce msg="Pooled new future transaction"          hash=0x425a1851d585f1d55970808f5df69dbe1dc618b23c3e5b73525465361c07bcd9 from=0xF430FAcaBDd458C473847F5C7332098a985d3052 to=0x0000000000000000000000000000000000000000
t=2023-06-02T16:09:00+0800 lvl=trce msg="Pooled new future transaction"          hash=0x70009da430b232170fa9cac3b9e77e8667ec01f8619fb32b9b50d77f033a34f4 from=0xF430FAcaBDd458C473847F5C7332098a985d3052 to=0x0000000000000000000000000000000000000000
t=2023-06-02T16:09:00+0800 lvl=trce msg="Pooled new future transaction"          hash=0x508928928c4b34d716dd180ce34b34296bcc3f8dedbb0f1587a2ad0cd5579ed8 from=0xF430FAcaBDd458C473847F5C7332098a985d3052 to=0x0000000000000000000000000000000000000000
t=2023-06-02T16:09:00+0800 lvl=trce msg="Pooled new future transaction"          hash=0x5334c08686c93867664c38ef3012060b7998652cfb6429e32fdfd275f83395d4 from=0xF430FAcaBDd458C473847F5C7332098a985d3052 to=0x0000000000000000000000000000000000000000
t=2023-06-02T16:09:00+0800 lvl=trce msg="Pooled new future transaction"          hash=0x83f01aa547afd605e20500e517b35b05febb0e166d6e138185464c80afdcd67a from=0xF430FAcaBDd458C473847F5C7332098a985d3052 to=0x0000000000000000000000000000000000000000
t=2023-06-02T16:09:00+0800 lvl=trce msg="Pooled new future transaction"          hash=0xe6390c9a6d57bc2251b647cc6b107f1c2c4ebb63e84ec38926a51078fd68ae63 from=0xF430FAcaBDd458C473847F5C7332098a985d3052 to=0x0000000000000000000000000000000000000000
t=2023-06-02T16:09:00+0800 lvl=trce msg="Pooled new future transaction"          hash=0x144f098d272309e3dfc4e57dfaff2c99ecad797733002f0141b02bdf5250e99c from=0xF430FAcaBDd458C473847F5C7332098a985d3052 to=0x0000000000000000000000000000000000000000
t=2023-06-02T16:09:00+0800 lvl=trce msg="Pooled new future transaction"          hash=0x8dcffc29b9795358e55f0a070e85611bf22418d625f4f60306549eb504572f1e from=0xF430FAcaBDd458C473847F5C7332098a985d3052 to=0x0000000000000000000000000000000000000000
t=2023-06-02T16:09:00+0800 lvl=trce msg="Pooled new future transaction"          hash=0x4eae9637709a7b5db80ac2336a302fd5e585ea2572171feedc6703ca36ef7bd0 from=0xF430FAcaBDd458C473847F5C7332098a985d3052 to=0x0000000000000000000000000000000000000000
t=2023-06-02T16:09:00+0800 lvl=trce msg="Pooled new future transaction"          hash=0x21319eeeb92f7f264dc70803a2d2f75dcf254fab783d27aa9f625305e0d6b932 from=0x7628e7c918DAaf4dfbF615023fDBcF72b8479bCe to=0x0000000000000000000000000000000000000000
t=2023-06-02T16:09:00+0800 lvl=trce msg="Removed old queued transactions"        count=0
t=2023-06-02T16:09:00+0800 lvl=trce msg="Removed unpayable queued transactions"  count=0
t=2023-06-02T16:09:00+0800 lvl=trce msg="Promoted queued transactions"           count=1
t=2023-06-02T16:09:00+0800 lvl=trce msg="Pooled new future transaction"          hash=0x76677ff968d2af00a5581166d15b623fed0004ee4caec2807a18b98add82d11a from=0xb71feFeFddA3421352369476ee2e3eA82Abe2499 to=0x0000000000000000000000000000000000000000
t=2023-06-02T16:09:00+0800 lvl=trce msg="Pooled new future transaction"          hash=0xbd4279e2d7a49ac4e3960e551ee5dd1081f403e1ebe57a3417652a68e01df529 from=0xb71feFeFddA3421352369476ee2e3eA82Abe2499 to=0x0000000000000000000000000000000000000000
t=2023-06-02T16:09:00+0800 lvl=trce msg="Pooled new future transaction"          hash=0xa7aa2ad5bc807d041205398a65f0eeb8a4a97f611b8dfed4af67d676d864e565 from=0xb71feFeFddA3421352369476ee2e3eA82Abe2499 to=0x0000000000000000000000000000000000000000
t=2023-06-02T16:09:00+0800 lvl=trce msg="Pooled new future transaction"          hash=0x49716e1e73a1289a822f3bab9eda4bb3a129c78afe7232323d8e4127bbac48f2 from=0xb71feFeFddA3421352369476ee2e3eA82Abe2499 to=0x0000000000000000000000000000000000000000
t=2023-06-02T16:09:00+0800 lvl=trce msg="Pooled new future transaction"          hash=0x2bcea35f89fac2f053aec23a2652aed641b3073c475de6d6c09054aeab560248 from=0xb71feFeFddA3421352369476ee2e3eA82Abe2499 to=0x0000000000000000000000000000000000000000
t=2023-06-02T16:09:00+0800 lvl=trce msg="Pooled new future transaction"          hash=0xa2d12221919c3fb40af9180c3358be0252b20fd83b2fe5646de128dea1f4ac67 from=0xb71feFeFddA3421352369476ee2e3eA82Abe2499 to=0x0000000000000000000000000000000000000000
t=2023-06-02T16:09:00+0800 lvl=trce msg="Removed old queued transactions"        count=0
t=2023-06-02T16:09:00+0800 lvl=trce msg="Removed unpayable queued transactions"  count=0
t=2023-06-02T16:09:00+0800 lvl=trce msg="Pooled new future transaction"          hash=0x590e739215cee55d9cc1c395ede67ac5d52162652870feee7d6e98bc508d66f6 from=0xF430FAcaBDd458C473847F5C7332098a985d3052 to=0x0000000000000000000000000000000000000000
t=2023-06-02T16:09:00+0800 lvl=trce msg="Pooled new future transaction"          hash=0x1a7bfe96e24bba5e28d9d61d3de6932a7efd83672bff7c376749d5df78d07d01 from=0xF430FAcaBDd458C473847F5C7332098a985d3052 to=0x0000000000000000000000000000000000000000
t=2023-06-02T16:09:00+0800 lvl=trce msg="Pooled new future transaction"          hash=0xb25a66ea00e346354cd3793df98e619a236219af939c218281e543231a08f78c from=0xF430FAcaBDd458C473847F5C7332098a985d3052 to=0x0000000000000000000000000000000000000000
t=2023-06-02T16:09:00+0800 lvl=trce msg="Pooled new future transaction"          hash=0x36d6054831bb2686edc74211f59e68ade96e9b9d3a2d0225bb8f5b6d53e7985c from=0xF430FAcaBDd458C473847F5C7332098a985d3052 to=0x0000000000000000000000000000000000000000
t=2023-06-02T16:09:00+0800 lvl=trce msg="Pooled new future transaction"          hash=0x61efffec7af9686302c243b0a38bc66c15e2e4dcecb65baf7018bcfe14586980 from=0xb71feFeFddA3421352369476ee2e3eA82Abe2499 to=0x0000000000000000000000000000000000000000
t=2023-06-02T16:09:00+0800 lvl=trce msg="Pooled new future transaction"          hash=0xe0a5c1285a239e113a0b6cc48432ea329d8d3be18d18ec83335420b2ee8f6a7e from=0xb71feFeFddA3421352369476ee2e3eA82Abe2499 to=0x0000000000000000000000000000000000000000
t=2023-06-02T16:09:00+0800 lvl=trce msg="Pooled new future transaction"          hash=0x6fcf2d67af708e7f41d1245a281b7bad0ee04eb09318d697951fe19524f46a99 from=0xb71feFeFddA3421352369476ee2e3eA82Abe2499 to=0x0000000000000000000000000000000000000000
t=2023-06-02T16:09:00+0800 lvl=trce msg="Pooled new future transaction"          hash=0x7fb63ac7b6feff9cfaf057d8f5024921580eb3c7a887c85fc86866dbe64c37fa from=0xb71feFeFddA3421352369476ee2e3eA82Abe2499 to=0x0000000000000000000000000000000000000000
t=2023-06-02T16:09:00+0800 lvl=trce msg="Pooled new future transaction"          hash=0x1075c4e87458f81631f476b1c4ff4577ae83b07e5ccc04e16218aff1e53c77af from=0xb71feFeFddA3421352369476ee2e3eA82Abe2499 to=0x0000000000000000000000000000000000000000
t=2023-06-02T16:09:00+0800 lvl=trce msg="Pooled new future transaction"          hash=0xc5e21217d0aaf2f529b908b804bad32d8138cc6ff3495bdfeb8d9433d1272ea4 from=0xb71feFeFddA3421352369476ee2e3eA82Abe2499 to=0x0000000000000000000000000000000000000000
t=2023-06-02T16:09:00+0800 lvl=trce msg="Pooled new future transaction"          hash=0x0d80ed1b0105699694003754008b95644b885d5f0841217f18940229175e4f55 from=0xb71feFeFddA3421352369476ee2e3eA82Abe2499 to=0x0000000000000000000000000000000000000000
t=2023-06-02T16:09:00+0800 lvl=trce msg="Pooled new future transaction"          hash=0x6b4fb3cff87557c642afbcae0769e200ffa8102b8580b7bbe6b6f86ae94321aa from=0xb71feFeFddA3421352369476ee2e3eA82Abe2499 to=0x0000000000000000000000000000000000000000
t=2023-06-02T16:09:00+0800 lvl=trce msg="Pooled new future transaction"          hash=0x22f9f5052da83da02238b3887ecaf0076f640ddf8e213cc12deb99a84815feb4 from=0xb71feFeFddA3421352369476ee2e3eA82Abe2499 to=0x0000000000000000000000000000000000000000
t=2023-06-02T16:09:00+0800 lvl=trce msg="Pooled new future transaction"          hash=0xe4e268447afa530d5434cd75df3ccb6d76cac50b3c93cedde17eb36f89a91045 from=0xb71feFeFddA3421352369476ee2e3eA82Abe2499 to=0x0000000000000000000000000000000000000000
t=2023-06-02T16:09:00+0800 lvl=trce msg="Pooled new future transaction"          hash=0xbfc9a2c245d60c4bbac7282a6fd03f07a4f44346d2e35bef86b03da3b72d963a from=0xb71feFeFddA3421352369476ee2e3eA82Abe2499 to=0x0000000000000000000000000000000000000000
t=2023-06-02T16:09:00+0800 lvl=trce msg="Pooled new future transaction"          hash=0x16023b9cf1f9d947c164631357805cc952528d824690e476399d6af3c3445f57 from=0xb71feFeFddA3421352369476ee2e3eA82Abe2499 to=0x0000000000000000000000000000000000000000
t=2023-06-02T16:09:00+0800 lvl=trce msg="Pooled new future transaction"          hash=0x448c14806d335fe35588e7d2f4223b418129e5d1210b60f3d187c399439ceedf from=0x7628e7c918DAaf4dfbF615023fDBcF72b8479bCe to=0x0000000000000000000000000000000000000000
t=2023-06-02T16:09:00+0800 lvl=trce msg="Removed old queued transactions"        count=0
t=2023-06-02T16:09:00+0800 lvl=trce msg="Removed unpayable queued transactions"  count=0
t=2023-06-02T16:09:00+0800 lvl=trce msg="Promoted queued transactions"           count=0
t=2023-06-02T16:09:00+0800 lvl=trce msg="Promoted queued transactions"           count=1
t=2023-06-02T16:09:00+0800 lvl=trce msg="Pooled new future transaction"          hash=0xc41f0c3af3888f2b8d51269aed980ee1f597a9f05baaaf4f1863a978be3c8ca4 from=0xF430FAcaBDd458C473847F5C7332098a985d3052 to=0x0000000000000000000000000000000000000000
t=2023-06-02T16:09:00+0800 lvl=trce msg="Pooled new future transaction"          hash=0xd41dcaadfe03e177074adf015720dd99197a72570b90fa60577b2ec49fc0af99 from=0xF430FAcaBDd458C473847F5C7332098a985d3052 to=0x0000000000000000000000000000000000000000
t=2023-06-02T16:09:00+0800 lvl=trce msg="Pooled new future transaction"          hash=0xf71423c22f7fe59f2a79cec0fece2b59b6b78da37e4784f1175692dcd420fc07 from=0xF430FAcaBDd458C473847F5C7332098a985d3052 to=0x0000000000000000000000000000000000000000
t=2023-06-02T16:09:00+0800 lvl=trce msg="Pooled new future transaction"          hash=0x14b731e0b5c45d7fe55adee20bd91e07ab34decbad8c90fe4e90e9d111ee29a2 from=0xb71feFeFddA3421352369476ee2e3eA82Abe2499 to=0x0000000000000000000000000000000000000000
t=2023-06-02T16:09:00+0800 lvl=trce msg="Pooled new future transaction"          hash=0x36ee18b31e163dd1b643b9eb759bc73d2ae3380a6e3c2b6f00dc023417aadbab from=0xb71feFeFddA3421352369476ee2e3eA82Abe2499 to=0x0000000000000000000000000000000000000000
t=2023-06-02T16:09:00+0800 lvl=trce msg="Pooled new future transaction"          hash=0x0c9b8362f580c5ba94080955de52fcb3cf5ff57751d119374f1a870eb16c5dce from=0xb71feFeFddA3421352369476ee2e3eA82Abe2499 to=0x0000000000000000000000000000000000000000
t=2023-06-02T16:09:00+0800 lvl=trce msg="Pooled new future transaction"          hash=0x492edd0a776ae6c350b6ced953122bde720c7d3f165ca3e97b7cb43d1f2baae6 from=0xb71feFeFddA3421352369476ee2e3eA82Abe2499 to=0x0000000000000000000000000000000000000000
t=2023-06-02T16:09:00+0800 lvl=trce msg="Pooled new future transaction"          hash=0x7f1f73740ae7109ae23c815d7ecdcea99dd2ab5d88d8084778c42100cb17072b from=0xb71feFeFddA3421352369476ee2e3eA82Abe2499 to=0x0000000000000000000000000000000000000000
t=2023-06-02T16:09:00+0800 lvl=trce msg="Discarding freshly underpriced transaction" hash=0x6baede7f8956c363ea4b64524caa77284a5ae308f29b6508531bc22982859727 gasTipCap=1  gasFeeCap=1205
t=2023-06-02T16:09:00+0800 lvl=trce msg="Pooled new future transaction"          hash=0x53ff2be93b937201d7cfc3bb1404124da0c63e7abc8f5e35d6aae178bd703582 from=0x7D3b3180Efc620c8A3d908C63CB4AAa96b8E059E to=0x0000000000000000000000000000000000000000
t=2023-06-02T16:09:00+0800 lvl=trce msg="Removed old queued transactions"        count=0
t=2023-06-02T16:09:00+0800 lvl=trce msg="Removed unpayable queued transactions"  count=0
t=2023-06-02T16:09:00+0800 lvl=trce msg="Promoted queued transactions"           count=1
t=2023-06-02T16:09:00+0800 lvl=trce msg="Pooled new future transaction"          hash=0x1b60dbcb9a2bc363268376c68eb4356a0c7f4d651df52bf95fdbdced35e06b17 from=0xF430FAcaBDd458C473847F5C7332098a985d3052 to=0x0000000000000000000000000000000000000000
t=2023-06-02T16:09:00+0800 lvl=trce msg="Pooled new future transaction"          hash=0xac08eba942a0784c7b595ccd36d4505d6465fc6632699b3e1acedefc35eb5202 from=0xF430FAcaBDd458C473847F5C7332098a985d3052 to=0x0000000000000000000000000000000000000000
t=2023-06-02T16:09:00+0800 lvl=trce msg="Pooled new future transaction"          hash=0x40c9c7cf0a06cee86cbc87eb309a5323f3009bc9ab55119f61103f0a762d15c4 from=0xF430FAcaBDd458C473847F5C7332098a985d3052 to=0x0000000000000000000000000000000000000000
t=2023-06-02T16:09:00+0800 lvl=trce msg="Pooled new future transaction"          hash=0xe86084c147cd22e8d23bec85874ad6941f7df08537cabc15474c14e10f91b4f6 from=0x66e0851F1a162869024b4C9f6b1C4Fc5cb4832F1 to=0x0000000000000000000000000000000000000000
t=2023-06-02T16:09:00+0800 lvl=trce msg="Pooled new future transaction"          hash=0x02def2de7bc4f88ec32670a257eef457e85e219847580780cc65c410ed2ea8d8 from=0xF430FAcaBDd458C473847F5C7332098a985d3052 to=0x0000000000000000000000000000000000000000
t=2023-06-02T16:09:00+0800 lvl=trce msg="Removed old queued transactions"        count=0
t=2023-06-02T16:09:00+0800 lvl=trce msg="Removed unpayable queued transactions"  count=0
t=2023-06-02T16:09:00+0800 lvl=trce msg="Pooled new future transaction"          hash=0x62b61eef5e29c083bcafb55f5e2c010b3183f17e9e6d0d14d87c519cd6d078a6 from=0xF430FAcaBDd458C473847F5C7332098a985d3052 to=0x0000000000000000000000000000000000000000
t=2023-06-02T16:09:00+0800 lvl=trce msg="Pooled new future transaction"          hash=0xd731f9f7dfdcaba64f57fadf18a2572ccb004fe5967b04ae33886254bc02cfdb from=0xF430FAcaBDd458C473847F5C7332098a985d3052 to=0x0000000000000000000000000000000000000000
t=2023-06-02T16:09:00+0800 lvl=trce msg="Pooled new future transaction"          hash=0xd2bcff8f030477618e528d0b2eaae1fba1e31868546d8c253396399b5c6fadcc from=0xF430FAcaBDd458C473847F5C7332098a985d3052 to=0x0000000000000000000000000000000000000000
t=2023-06-02T16:09:00+0800 lvl=trce msg="Pooled new future transaction"          hash=0x6931988c054ac00126e965582df8e2be2d6c91ec0b61c13cb5cc0b645ffbb472 from=0xF430FAcaBDd458C473847F5C7332098a985d3052 to=0x0000000000000000000000000000000000000000
t=2023-06-02T16:09:00+0800 lvl=trce msg="Pooled new future transaction"          hash=0xdff3b8f44cfa5407579bd11c45791a88abe02b79027b84e50ff1b881c82b7358 from=0xF430FAcaBDd458C473847F5C7332098a985d3052 to=0x0000000000000000000000000000000000000000
t=2023-06-02T16:09:00+0800 lvl=trce msg="Discarding freshly underpriced transaction" hash=0xdfbee70c0ddd428e14919b42d52a8069b0645fde24699c24aef26d56759a1c87 gasTipCap=1  gasFeeCap=1206
t=2023-06-02T16:09:00+0800 lvl=trce msg="Pooled new future transaction"          hash=0x026d091d36c44218e397d13d3d513b6b5153aef9c7b487e0e4c5bbd5eed2bd74 from=0xF430FAcaBDd458C473847F5C7332098a985d3052 to=0x0000000000000000000000000000000000000000
t=2023-06-02T16:09:00+0800 lvl=trce msg="Pooled new future transaction"          hash=0x8fd23d3d6bd6c5aa686228d30279dac5d55997ed6193a799357c5e12c3eee1e3 from=0xF430FAcaBDd458C473847F5C7332098a985d3052 to=0x0000000000000000000000000000000000000000
t=2023-06-02T16:09:00+0800 lvl=trce msg="Pooled new future transaction"          hash=0x071028375af8a3b64d255d45f6ff6f781382cfdc514485b78b96c551ee46a130 from=0xF430FAcaBDd458C473847F5C7332098a985d3052 to=0x0000000000000000000000000000000000000000
t=2023-06-02T16:09:00+0800 lvl=trce msg="Pooled new future transaction"          hash=0x2b570911b219af78b5ced0c4a44d6ac8f3af1cd588aa06f4b17031c8edc02df7 from=0xF430FAcaBDd458C473847F5C7332098a985d3052 to=0x0000000000000000000000000000000000000000
t=2023-06-02T16:09:00+0800 lvl=trce msg="Pooled new future transaction"          hash=0x723577e793fdb08bb7be2ef025176e7260fdb18becaeb388966c2d7dac391d29 from=0xF430FAcaBDd458C473847F5C7332098a985d3052 to=0x0000000000000000000000000000000000000000
t=2023-06-02T16:09:00+0800 lvl=trce msg="Pooled new future transaction"          hash=0x6cb7acbbba1718246b54c8a60e645b7c15c19a8ad4290b9dfc272fb146395afd from=0xb71feFeFddA3421352369476ee2e3eA82Abe2499 to=0x0000000000000000000000000000000000000000
t=2023-06-02T16:09:00+0800 lvl=trce msg="Pooled new future transaction"          hash=0xbd9871b03c1ffceabb188cf3313ea01994a7939a5f4b6e698bf6671bf7b1c1a8 from=0xF430FAcaBDd458C473847F5C7332098a985d3052 to=0x0000000000000000000000000000000000000000
t=2023-06-02T16:09:00+0800 lvl=trce msg="Pooled new future transaction"          hash=0xcb218e01eeaf8fb42817e830cea03585dd3027ff9be5e28d7e5b736632a2f3fc from=0xb71feFeFddA3421352369476ee2e3eA82Abe2499 to=0x0000000000000000000000000000000000000000
t=2023-06-02T16:09:00+0800 lvl=trce msg="Pooled new future transaction"          hash=0x37674ffc6878e080c01f6ef6e8636b41b2a76549a42f60158e46afefc7c54956 from=0xb71feFeFddA3421352369476ee2e3eA82Abe2499 to=0x0000000000000000000000000000000000000000
t=2023-06-02T16:09:00+0800 lvl=trce msg="Pooled new future transaction"          hash=0x0eef3d7d366c8f38d064733cdd232e126c1df36c4e7e66bf5fcb3e7c5577e496 from=0xF430FAcaBDd458C473847F5C7332098a985d3052 to=0x0000000000000000000000000000000000000000
t=2023-06-02T16:09:00+0800 lvl=trce msg="Pooled new future transaction"          hash=0x6b2c985fa66b4ef3fee33beef10a774277d4907b7f609466d5c2a3bb1dfea4e0 from=0xF430FAcaBDd458C473847F5C7332098a985d3052 to=0x0000000000000000000000000000000000000000
t=2023-06-02T16:09:00+0800 lvl=trce msg="Pooled new future transaction"          hash=0x52047517bcdc92f04671bebbae2eeed885c9237908c214d5e927dbe7d5835a76 from=0xF430FAcaBDd458C473847F5C7332098a985d3052 to=0x0000000000000000000000000000000000000000
t=2023-06-02T16:09:00+0800 lvl=trce msg="Pooled new future transaction"          hash=0x313d3d6f469b6fd6b8c1da8825dfd984f25b71ef2e4501dd8977afe3a64b9a6b from=0x564AB89904f0a0ddD04BDBf4Ca5513EE4454Ad8C to=0x0000000000000000000000000000000000000000
t=2023-06-02T16:09:00+0800 lvl=trce msg="Pooled new future transaction"          hash=0x246a0b525b8c52bfe10c4cddbbdce9b6bb51d76866f5cc4ac68a78009820e1b1 from=0xb71feFeFddA3421352369476ee2e3eA82Abe2499 to=0x0000000000000000000000000000000000000000
t=2023-06-02T16:09:00+0800 lvl=trce msg="Pooled new future transaction"          hash=0xc987efa8366294543984aab1890b82014c58a5cdd9f0b948134651d5edabb5d6 from=0xb71feFeFddA3421352369476ee2e3eA82Abe2499 to=0x0000000000000000000000000000000000000000
t=2023-06-02T16:09:00+0800 lvl=trce msg="Pooled new future transaction"          hash=0xa64f99f7a3e5a249e542cac649e9a1a866233c4b314fd66e0be0c8f008c572a5 from=0xb71feFeFddA3421352369476ee2e3eA82Abe2499 to=0x0000000000000000000000000000000000000000
t=2023-06-02T16:09:00+0800 lvl=trce msg="Pooled new future transaction"          hash=0xbf40d51e5403f7979a100589e66f0f7b8ba7c7f414cf6a1b1b744c08047cc078 from=0xb71feFeFddA3421352369476ee2e3eA82Abe2499 to=0x0000000000000000000000000000000000000000
t=2023-06-02T16:09:00+0800 lvl=trce msg="Pooled new future transaction"          hash=0xea573818f80e2549a33f76d005d73667a202f0d782bae90e1a00d3a61d3acf59 from=0xb71feFeFddA3421352369476ee2e3eA82Abe2499 to=0x0000000000000000000000000000000000000000
t=2023-06-02T16:09:00+0800 lvl=trce msg="Promoted queued transactions"           count=1
t=2023-06-02T16:09:00+0800 lvl=trce msg="Pooled new future transaction"          hash=0x922a06bc40cb6cea71f4f7032c2faadd1685217e8c3202b08fec7112d2d948a0 from=0xF430FAcaBDd458C473847F5C7332098a985d3052 to=0x0000000000000000000000000000000000000000
t=2023-06-02T16:09:00+0800 lvl=trce msg="Pooled new future transaction"          hash=0x62f2b6fe55ac190c64d8164f6e985679b32ee2eb457235eeb122e96e798a30f8 from=0xF430FAcaBDd458C473847F5C7332098a985d3052 to=0x0000000000000000000000000000000000000000
t=2023-06-02T16:09:00+0800 lvl=trce msg="Pooled new future transaction"          hash=0xd0b3492d584134ec81c605bd66ae7d8905e3ab3e07f0f284918de8b84a7e96cf from=0x66e0851F1a162869024b4C9f6b1C4Fc5cb4832F1 to=0x0000000000000000000000000000000000000000
t=2023-06-02T16:09:00+0800 lvl=trce msg="Removed old queued transactions"        count=0
t=2023-06-02T16:09:00+0800 lvl=trce msg="Removed unpayable queued transactions"  count=0
t=2023-06-02T16:09:00+0800 lvl=trce msg="Promoted queued transactions"           count=1
t=2023-06-02T16:09:00+0800 lvl=trce msg="Pooled new future transaction"          hash=0xb0c9aca5185327d6522de433a0c6405f6eb57132a348567cda42294e5c9c0f3f from=0xb71feFeFddA3421352369476ee2e3eA82Abe2499 to=0x0000000000000000000000000000000000000000
t=2023-06-02T16:09:00+0800 lvl=trce msg="Pooled new future transaction"          hash=0xe43f4139d148d5e2694daadff8fda30a0506f405e70336d26ec20a9dcdb45812 from=0xb71feFeFddA3421352369476ee2e3eA82Abe2499 to=0x0000000000000000000000000000000000000000
t=2023-06-02T16:09:00+0800 lvl=trce msg="Pooled new future transaction"          hash=0x050db342c48ec09bb8b2b35d7fb201d3fa2a4e3e550b268cdcfadb943ed2eff5 from=0xb71feFeFddA3421352369476ee2e3eA82Abe2499 to=0x0000000000000000000000000000000000000000
t=2023-06-02T16:09:00+0800 lvl=trce msg="Pooled new future transaction"          hash=0x7bf5ef94bf3630725ef746be39ed44482dbee19eb853b8aa6965afe6a0e3f1c6 from=0xb71feFeFddA3421352369476ee2e3eA82Abe2499 to=0x0000000000000000000000000000000000000000
t=2023-06-02T16:09:00+0800 lvl=trce msg="Pooled new future transaction"          hash=0x25ec8e1a17e795d09257771a87f7490ccbdf4d9eb4217ec27e7291037a12f76d from=0xb71feFeFddA3421352369476ee2e3eA82Abe2499 to=0x0000000000000000000000000000000000000000
t=2023-06-02T16:09:00+0800 lvl=trce msg="Pooled new future transaction"          hash=0xf74e629d1394c1d5667fba2d1bec7feff0d024355cce49914fefa6d1c74339bd from=0xb71feFeFddA3421352369476ee2e3eA82Abe2499 to=0x0000000000000000000000000000000000000000
t=2023-06-02T16:09:00+0800 lvl=trce msg="Pooled new future transaction"          hash=0xc02ef69d0d9f7b7e602253e6bec239f895c5190485283fa8ccc0373ad28b2084 from=0xb71feFeFddA3421352369476ee2e3eA82Abe2499 to=0x0000000000000000000000000000000000000000
t=2023-06-02T16:09:00+0800 lvl=trce msg="Pooled new future transaction"          hash=0xa93f7715a3c12e0be09f9549d7c297d722e66e205798c002ad694d9ee82d59f4 from=0xF430FAcaBDd458C473847F5C7332098a985d3052 to=0x0000000000000000000000000000000000000000
t=2023-06-02T16:09:00+0800 lvl=trce msg="Pooled new future transaction"          hash=0x1cb7d569a0c738c397505a10c8442f4e9eb7b2f60d2ca17c480a5728df72d7ec from=0xF430FAcaBDd458C473847F5C7332098a985d3052 to=0x0000000000000000000000000000000000000000
t=2023-06-02T16:09:00+0800 lvl=trce msg="Pooled new future transaction"          hash=0x031a67b15d78f6f3e08bb5ae0e168ff6f47d4db49e7f4e4a9d131db4878e13f9 from=0xF430FAcaBDd458C473847F5C7332098a985d3052 to=0x0000000000000000000000000000000000000000
t=2023-06-02T16:09:00+0800 lvl=trce msg="Discarding freshly underpriced transaction" hash=0x7254bf5af7ed0fcdc667d5e69b7471cf3d016c0857b67844b7775da4fbc9e62c gasTipCap=1  gasFeeCap=1207
t=2023-06-02T16:09:00+0800 lvl=trce msg="Removed old queued transactions"        count=0
t=2023-06-02T16:09:00+0800 lvl=trce msg="Pooled new future transaction"          hash=0x803bcf18f65cddcf13ee655c5775df259670010986da3f8e2703f65e2f994e9a from=0xe36a00291992f4f7A70A5EC151b334D479b8E85F to=0x0000000000000000000000000000000000000000
t=2023-06-02T16:09:00+0800 lvl=trce msg="Removed old queued transactions"        count=0
t=2023-06-02T16:09:00+0800 lvl=trce msg="Removed unpayable queued transactions"  count=0
t=2023-06-02T16:09:00+0800 lvl=trce msg="Promoted queued transactions"           count=1
t=2023-06-02T16:09:00+0800 lvl=trce msg="Pooled new future transaction"          hash=0xc1f5bd4b553f93b6fa62335fa948f2a53524d676fa0999ac9843569f52b22524 from=0xF430FAcaBDd458C473847F5C7332098a985d3052 to=0x0000000000000000000000000000000000000000
t=2023-06-02T16:09:00+0800 lvl=trce msg="Pooled new future transaction"          hash=0xaa569fe840dd4f0de39c72e0c19f0e99a6f5d1602378630e3066ba70fee40689 from=0xF430FAcaBDd458C473847F5C7332098a985d3052 to=0x0000000000000000000000000000000000000000
t=2023-06-02T16:09:00+0800 lvl=trce msg="Removed unpayable queued transactions"  count=0
t=2023-06-02T16:09:00+0800 lvl=trce msg="Pooled new future transaction"          hash=0x67cc092131a8f37262b0c01107dc0fe1fe70981ebc1e11d99fce11334007114a from=0xF430FAcaBDd458C473847F5C7332098a985d3052 to=0x0000000000000000000000000000000000000000
t=2023-06-02T16:09:00+0800 lvl=trce msg="Promoted queued transactions"           count=0
t=2023-06-02T16:09:00+0800 lvl=trce msg="Pooled new future transaction"          hash=0x21ba3f28e1cd4f0779152b2a663fdbfb8d84ced0b33b3a31e02085f84b8dc64a from=0xF430FAcaBDd458C473847F5C7332098a985d3052 to=0x0000000000000000000000000000000000000000
t=2023-06-02T16:09:00+0800 lvl=trce msg="Pooled new future transaction"          hash=0x3a721730cf8ab12ac50ed2fe89bf352bf60c0721d138ac0652e59fbab570e3e1 from=0xF430FAcaBDd458C473847F5C7332098a985d3052 to=0x0000000000000000000000000000000000000000
t=2023-06-02T16:09:00+0800 lvl=trce msg="Pooled new future transaction"          hash=0x1a47f18fd61749769cc15c0ef89aa2c9a2e2d97c14976ad6b1a97c0c0d36878d from=0xF430FAcaBDd458C473847F5C7332098a985d3052 to=0x0000000000000000000000000000000000000000
t=2023-06-02T16:09:00+0800 lvl=trce msg="Pooled new future transaction"          hash=0x0dc76d22dea7e914aa71ab49b7b8d7b3e8c6d7c281cf9bfa7c8ffca6ff526261 from=0xb71feFeFddA3421352369476ee2e3eA82Abe2499 to=0x0000000000000000000000000000000000000000
t=2023-06-02T16:09:00+0800 lvl=trce msg="Pooled new future transaction"          hash=0xa7f91d9820d141be1c37d4e058024734b1c254717edd1c6000ea94f25a05bc5f from=0xb71feFeFddA3421352369476ee2e3eA82Abe2499 to=0x0000000000000000000000000000000000000000
t=2023-06-02T16:09:00+0800 lvl=trce msg="Pooled new future transaction"          hash=0x3817a71a3f68ebd4e10a69dabe4e136a5d3e038b1f4253ec035f48a0eb6d1705 from=0xb71feFeFddA3421352369476ee2e3eA82Abe2499 to=0x0000000000000000000000000000000000000000
t=2023-06-02T16:09:00+0800 lvl=trce msg="Pooled new future transaction"          hash=0xd3d57e28b65d772c38af8d0b341788ed665a5dac452caa440c99fff3c9b04f10 from=0xb71feFeFddA3421352369476ee2e3eA82Abe2499 to=0x0000000000000000000000000000000000000000
t=2023-06-02T16:09:00+0800 lvl=trce msg="Pooled new future transaction"          hash=0xe1b4fc6fab8dc31f4349ab14b1f5d20804e9a0cd0ee4d5e35efdabb6865f7783 from=0xb71feFeFddA3421352369476ee2e3eA82Abe2499 to=0x0000000000000000000000000000000000000000
t=2023-06-02T16:09:00+0800 lvl=trce msg="Pooled new future transaction"          hash=0x81dec916bc2dd0c3d3de8a032bafee597a166d03337b4a4796c8897a8c1e782a from=0xb71feFeFddA3421352369476ee2e3eA82Abe2499 to=0x0000000000000000000000000000000000000000
t=2023-06-02T16:09:00+0800 lvl=trce msg="Discarding freshly underpriced transaction" hash=0xef8436343ab96dffc501016b062cf7f6af47e12a8996fd1cb3f79ce5e7e4abde gasTipCap=1  gasFeeCap=1208
t=2023-06-02T16:09:00+0800 lvl=trce msg="Pooled new future transaction"          hash=0xbf66d0af49c2d2259c5202217f0a929f579ed09879e8220ee3defae67f448eb2 from=0xb71feFeFddA3421352369476ee2e3eA82Abe2499 to=0x0000000000000000000000000000000000000000
t=2023-06-02T16:09:00+0800 lvl=trce msg="Pooled new future transaction"          hash=0x335ddb0b2ff4128e89d01ad20be4716436bd7d97f499b56ca2a423969f075997 from=0xE23CEf8fD2D14c9ACc57c0fD367749762357E400 to=0x0000000000000000000000000000000000000000
t=2023-06-02T16:09:00+0800 lvl=trce msg="Pooled new future transaction"          hash=0xc9f2ed76853a925825599983c1b4ed0dd1644d07b68f30dd56a182567ea28f8a from=0xb71feFeFddA3421352369476ee2e3eA82Abe2499 to=0x0000000000000000000000000000000000000000
t=2023-06-02T16:09:00+0800 lvl=trce msg="Pooled new future transaction"          hash=0xadf4af36eb7f5d20f6dceb872421212195690b9300d5ac00b6aac9aa42834343 from=0xb71feFeFddA3421352369476ee2e3eA82Abe2499 to=0x0000000000000000000000000000000000000000
t=2023-06-02T16:09:00+0800 lvl=trce msg="Pooled new future transaction"          hash=0xab6304f607fc810d1db73b63d5efd56583b481f688914355ca04716795ebb765 from=0xb71feFeFddA3421352369476ee2e3eA82Abe2499 to=0x0000000000000000000000000000000000000000
t=2023-06-02T16:09:00+0800 lvl=trce msg="Pooled new future transaction"          hash=0x3086cece014836aaf16c15281045aff04c7a61492dedba82c92171103be1df72 from=0xb71feFeFddA3421352369476ee2e3eA82Abe2499 to=0x0000000000000000000000000000000000000000
t=2023-06-02T16:09:00+0800 lvl=trce msg="Pooled new future transaction"          hash=0xa2ab8a0a5238da1da477c6dfada74e14bda2e7266ac311caf55720e8bdfa1f59 from=0xb71feFeFddA3421352369476ee2e3eA82Abe2499 to=0x0000000000000000000000000000000000000000
t=2023-06-02T16:09:00+0800 lvl=trce msg="Pooled new future transaction"          hash=0xec810a770551c537b03ba8135e2c1d4efdc8a05a6dda6c079984d01add37c119 from=0xb71feFeFddA3421352369476ee2e3eA82Abe2499 to=0x0000000000000000000000000000000000000000
t=2023-06-02T16:09:00+0800 lvl=trce msg="Pooled new future transaction"          hash=0x5d2c44c75029126dc25673292d21ef83e6999a70a5fd6bc0ff8c13ee17910553 from=0xb71feFeFddA3421352369476ee2e3eA82Abe2499 to=0x0000000000000000000000000000000000000000
t=2023-06-02T16:09:00+0800 lvl=trce msg="Pooled new future transaction"          hash=0xc4ae6c4937dbb4862a48d8232225f091ac328b71d239d6f989bbc63182fb6a43 from=0xb71feFeFddA3421352369476ee2e3eA82Abe2499 to=0x0000000000000000000000000000000000000000
t=2023-06-02T16:09:00+0800 lvl=trce msg="Pooled new future transaction"          hash=0x88cfb3b6efca62c0b7a0f728c98b2cb9f583325245ecf51ff0a4d991d030683b from=0xb71feFeFddA3421352369476ee2e3eA82Abe2499 to=0x0000000000000000000000000000000000000000
t=2023-06-02T16:09:00+0800 lvl=trce msg="Pooled new future transaction"          hash=0xc975a86c72218a92b9109b61695fee5bbaa98234ea915e00329448124f0cbb29 from=0xb71feFeFddA3421352369476ee2e3eA82Abe2499 to=0x0000000000000000000000000000000000000000
t=2023-06-02T16:09:00+0800 lvl=trce msg="Pooled new future transaction"          hash=0x841f8fc5bc6ca472ac976f2f6c14a6e3ff2640c867b98f3b4034735ad0fd4b36 from=0x7628e7c918DAaf4dfbF615023fDBcF72b8479bCe to=0x0000000000000000000000000000000000000000
t=2023-06-02T16:09:00+0800 lvl=trce msg="Removed old queued transactions"        count=0
t=2023-06-02T16:09:00+0800 lvl=trce msg="Removed old queued transactions"        count=0
t=2023-06-02T16:09:00+0800 lvl=trce msg="Removed unpayable queued transactions"  count=0
t=2023-06-02T16:09:00+0800 lvl=trce msg="Pooled new future transaction"          hash=0x66f27f81e075eefaa9f2ccad25dd489256ba57ae5e778d0553eae2ce32bd597f from=0xF430FAcaBDd458C473847F5C7332098a985d3052 to=0x0000000000000000000000000000000000000000
t=2023-06-02T16:09:00+0800 lvl=trce msg="Pooled new future transaction"          hash=0x6564b2690e6d19259161429d1bfb87fc8e9f477cdbfcf74e43f7be476664b139 from=0xF430FAcaBDd458C473847F5C7332098a985d3052 to=0x0000000000000000000000000000000000000000
t=2023-06-02T16:09:00+0800 lvl=trce msg="Pooled new future transaction"          hash=0x3f752da0e8547a8d178705d5a912b288ee1fec6b39849c6c3939572a72e8da2b from=0xF430FAcaBDd458C473847F5C7332098a985d3052 to=0x0000000000000000000000000000000000000000
t=2023-06-02T16:09:00+0800 lvl=trce msg="Pooled new future transaction"          hash=0x494a0b2af49be62e746975dbbfcd354ee36852ee3169e1c483eb0efe86bd8ef5 from=0xF430FAcaBDd458C473847F5C7332098a985d3052 to=0x0000000000000000000000000000000000000000
t=2023-06-02T16:09:00+0800 lvl=trce msg="Pooled new future transaction"          hash=0xae82bbf6b869f743ad91e04e9bf6a8f13705ee0c9b4bd4cd39af247771271c09 from=0xF430FAcaBDd458C473847F5C7332098a985d3052 to=0x0000000000000000000000000000000000000000
t=2023-06-02T16:09:00+0800 lvl=trce msg="Pooled new future transaction"          hash=0x191ebbac7871f11729e619753d3c2f6380ef7581ff7e22103022d366db96ef35 from=0xb71feFeFddA3421352369476ee2e3eA82Abe2499 to=0x0000000000000000000000000000000000000000
t=2023-06-02T16:09:00+0800 lvl=trce msg="Pooled new future transaction"          hash=0x3df46af1761d522a19cb8e5546e506f420ccc75a96aceff313d174c9eb7afd1d from=0xF430FAcaBDd458C473847F5C7332098a985d3052 to=0x0000000000000000000000000000000000000000
t=2023-06-02T16:09:00+0800 lvl=trce msg="Pooled new future transaction"          hash=0x91381957cdcc1ce900bd2402eff9e39dbccdc9786ce96d8e6b9423513a032e5c from=0xF430FAcaBDd458C473847F5C7332098a985d3052 to=0x0000000000000000000000000000000000000000
t=2023-06-02T16:09:00+0800 lvl=trce msg="Pooled new future transaction"          hash=0x14553d8847c7960fea5cf399a9f5a5518fb60befd4d71e80657154e0fe1fb9d0 from=0xF430FAcaBDd458C473847F5C7332098a985d3052 to=0x0000000000000000000000000000000000000000
t=2023-06-02T16:09:00+0800 lvl=trce msg="Pooled new future transaction"          hash=0x71a1c90d3e06781e78fcb01e2d04c6731db632a9b7fabc612a8ed2874dc8dbf9 from=0xF430FAcaBDd458C473847F5C7332098a985d3052 to=0x0000000000000000000000000000000000000000
t=2023-06-02T16:09:00+0800 lvl=trce msg="Pooled new future transaction"          hash=0xd938060f76d7f6367beed0260b519e319b689c6e5b3b56ea2a3f0c30fc7d3c34 from=0xb71feFeFddA3421352369476ee2e3eA82Abe2499 to=0x0000000000000000000000000000000000000000
t=2023-06-02T16:09:00+0800 lvl=trce msg="Pooled new future transaction"          hash=0x56a3cc425d1f87347b58eaf0d7be759ad86cc8ffd77c6a03fff32aa028820b9b from=0xF430FAcaBDd458C473847F5C7332098a985d3052 to=0x0000000000000000000000000000000000000000
t=2023-06-02T16:09:00+0800 lvl=trce msg="Pooled new future transaction"          hash=0x7265449d1fbf1845321c569972d0e8d09bcc83152497064298cfc8b87057a8d0 from=0xF430FAcaBDd458C473847F5C7332098a985d3052 to=0x0000000000000000000000000000000000000000
t=2023-06-02T16:09:00+0800 lvl=trce msg="Pooled new future transaction"          hash=0x17232372ae857febea0265321b7b763dcdb4e805b844add6b635e9f3b7b15400 from=0xb71feFeFddA3421352369476ee2e3eA82Abe2499 to=0x0000000000000000000000000000000000000000
t=2023-06-02T16:09:00+0800 lvl=trce msg="Pooled new future transaction"          hash=0xd7a44a8e3fbb690c17279733c467afd56c76d07f8915a92cb5c6395155b2ca78 from=0xF430FAcaBDd458C473847F5C7332098a985d3052 to=0x0000000000000000000000000000000000000000
t=2023-06-02T16:09:00+0800 lvl=trce msg="Pooled new future transaction"          hash=0x5844a303a65eefe8bf1768513781151e6d9a9c97951285ac7ef0455c08ebf9f7 from=0xb71feFeFddA3421352369476ee2e3eA82Abe2499 to=0x0000000000000000000000000000000000000000
t=2023-06-02T16:09:00+0800 lvl=trce msg="Pooled new future transaction"          hash=0xa440cc8554cf780c0e7ec93ee808feda1c767b869cca9b52c1ba3017d103f092 from=0xF430FAcaBDd458C473847F5C7332098a985d3052 to=0x0000000000000000000000000000000000000000
t=2023-06-02T16:09:00+0800 lvl=trce msg="Pooled new future transaction"          hash=0x20bbc5044b9353c13a3126f06632bf0e803de3b0be76c315766ca83e2a7b3d4d from=0xb71feFeFddA3421352369476ee2e3eA82Abe2499 to=0x0000000000000000000000000000000000000000
t=2023-06-02T16:09:00+0800 lvl=trce msg="Pooled new future transaction"          hash=0x27163a550c462c4b610399ff7474a4422137fc37c200a41785e98078a8029ba4 from=0xb71feFeFddA3421352369476ee2e3eA82Abe2499 to=0x0000000000000000000000000000000000000000
t=2023-06-02T16:09:00+0800 lvl=trce msg="Pooled new future transaction"          hash=0x72e2238e1676d73fc7f23dcd3443ed758bc2114261d948bb38b3349c5dc69109 from=0xF430FAcaBDd458C473847F5C7332098a985d3052 to=0x0000000000000000000000000000000000000000
t=2023-06-02T16:09:00+0800 lvl=trce msg="Pooled new future transaction"          hash=0x0cdbde11557ae8239ef59dd3dd00bb65b4952cbcb8e067dabd4513af8d86ceda from=0xF430FAcaBDd458C473847F5C7332098a985d3052 to=0x0000000000000000000000000000000000000000
t=2023-06-02T16:09:00+0800 lvl=trce msg="Removed unpayable queued transactions"  count=0
t=2023-06-02T16:09:00+0800 lvl=trce msg="Pooled new future transaction"          hash=0x19b323a3620c49001ede987e7a25d6dd682c5b76e9130b873a355a8315f10127 from=0xF430FAcaBDd458C473847F5C7332098a985d3052 to=0x0000000000000000000000000000000000000000
t=2023-06-02T16:09:00+0800 lvl=trce msg="Pooled new future transaction"          hash=0xa753ecef319dee8b14fb63f1bee541e51771d9951e778ebb9705c82414435ab0 from=0xF430FAcaBDd458C473847F5C7332098a985d3052 to=0x0000000000000000000000000000000000000000
t=2023-06-02T16:09:00+0800 lvl=trce msg="Pooled new future transaction"          hash=0x702917ce12237c5b7dcee645a42d1eb0fdbf0126d7c7a5e4e48a91644b4567b6 from=0xF430FAcaBDd458C473847F5C7332098a985d3052 to=0x0000000000000000000000000000000000000000
t=2023-06-02T16:09:00+0800 lvl=trce msg="Promoted queued transactions"           count=1
t=2023-06-02T16:09:00+0800 lvl=trce msg="Pooled new future transaction"          hash=0xc82354d09863f3c70a71f0cf772b9a9854986fe7d79878046f4ee1d1ad805c38 from=0xF430FAcaBDd458C473847F5C7332098a985d3052 to=0x0000000000000000000000000000000000000000
t=2023-06-02T16:09:00+0800 lvl=trce msg="Pooled new future transaction"          hash=0xba5da773a96affe9fa5cde77026a1491df11d747a2ebcf9cbd10561f86d9df9c from=0xF430FAcaBDd458C473847F5C7332098a985d3052 to=0x0000000000000000000000000000000000000000
t=2023-06-02T16:09:00+0800 lvl=trce msg="Pooled new future transaction"          hash=0xf233604d4b1e0436fa18fe9d16cb885aeb6c7438a59204a369232f26e3916f49 from=0xF430FAcaBDd458C473847F5C7332098a985d3052 to=0x0000000000000000000000000000000000000000
t=2023-06-02T16:09:00+0800 lvl=trce msg="Pooled new future transaction"          hash=0x56dbcde47d52e932fa99478e7b0d7fccb4242b7d9267f4460c000f9f848cb536 from=0xF430FAcaBDd458C473847F5C7332098a985d3052 to=0x0000000000000000000000000000000000000000
t=2023-06-02T16:09:00+0800 lvl=trce msg="Pooled new future transaction"          hash=0xeba7f0fee691bc28b793efec0e604d287c3ba536a1e317b131943d56fdc6e272 from=0xb71feFeFddA3421352369476ee2e3eA82Abe2499 to=0x0000000000000000000000000000000000000000
t=2023-06-02T16:09:00+0800 lvl=trce msg="Pooled new future transaction"          hash=0x90762e8ca8d4728435ff95abb326f95784a4c7853a02e467109380dd16083225 from=0xF430FAcaBDd458C473847F5C7332098a985d3052 to=0x0000000000000000000000000000000000000000
t=2023-06-02T16:09:00+0800 lvl=trce msg="Pooled new future transaction"          hash=0x6f324f73a2ee87e8cf8d421b9b1b6b2a7723073c7803c07687b387da68fce5fb from=0xb71feFeFddA3421352369476ee2e3eA82Abe2499 to=0x0000000000000000000000000000000000000000
t=2023-06-02T16:09:00+0800 lvl=trce msg="Discarding freshly underpriced transaction" hash=0x53ff2be93b937201d7cfc3bb1404124da0c63e7abc8f5e35d6aae178bd703582 gasTipCap=1  gasFeeCap=1209
t=2023-06-02T16:09:00+0800 lvl=trce msg="Pooled new future transaction"          hash=0xa8ab56ca3c90a99d91829fa53c47cb7307f36ea6ee7ae8893fa64177c6fd01b3 from=0x109d213dEF6d53921Dc3553692690d97e1d68141 to=0x0000000000000000000000000000000000000000
t=2023-06-02T16:09:00+0800 lvl=trce msg="Removed old queued transactions"        count=0
t=2023-06-02T16:09:00+0800 lvl=trce msg="Pooled new future transaction"          hash=0xd2749217109b4220c3ee5a9b718b2ad5fc04d1f2d15973285beb2cd2cefa4544 from=0xF430FAcaBDd458C473847F5C7332098a985d3052 to=0x0000000000000000000000000000000000000000
t=2023-06-02T16:09:00+0800 lvl=trce msg="Pooled new future transaction"          hash=0x56ecf14e7847c5fee8a90b2715a3b67c4e7919becc2c1d041fde552920ea201c from=0xF430FAcaBDd458C473847F5C7332098a985d3052 to=0x0000000000000000000000000000000000000000
t=2023-06-02T16:09:00+0800 lvl=trce msg="Pooled new future transaction"          hash=0xbda094b0a3b05f3394280acd4d3cbb91b7b62dcedad8af086c77d11eda8ef2f4 from=0xb71feFeFddA3421352369476ee2e3eA82Abe2499 to=0x0000000000000000000000000000000000000000
t=2023-06-02T16:09:00+0800 lvl=trce msg="Pooled new future transaction"          hash=0xecf12fdb8bfa1981069eb3a26ef10d0b3cc4225c360d2159e65edc233263f9d6 from=0xb71feFeFddA3421352369476ee2e3eA82Abe2499 to=0x0000000000000000000000000000000000000000
t=2023-06-02T16:09:00+0800 lvl=trce msg="Pooled new future transaction"          hash=0xe551cdb020ec1de37b28f041adb2f909a791f4beb9ef7c70f239f907accbba1a from=0xb71feFeFddA3421352369476ee2e3eA82Abe2499 to=0x0000000000000000000000000000000000000000
t=2023-06-02T16:09:00+0800 lvl=trce msg="Pooled new future transaction"          hash=0x6455dd88f2d8f979bbb62904dd04b44b13fbfefb165dc33af7e635a9d9c7e700 from=0xb71feFeFddA3421352369476ee2e3eA82Abe2499 to=0x0000000000000000000000000000000000000000
t=2023-06-02T16:09:00+0800 lvl=trce msg="Pooled new future transaction"          hash=0xbbc44583df3a0fac8d4c341792245e1c36ac8300b648540a65fb55370332414e from=0xb71feFeFddA3421352369476ee2e3eA82Abe2499 to=0x0000000000000000000000000000000000000000
t=2023-06-02T16:09:00+0800 lvl=trce msg="Promoted queued transactions"           count=1
t=2023-06-02T16:09:00+0800 lvl=trce msg="Pooled new future transaction"          hash=0x999c281023166486ee007145d89da0b40f2bc50a11b9ffd1306bbacd738f15c5 from=0xb71feFeFddA3421352369476ee2e3eA82Abe2499 to=0x0000000000000000000000000000000000000000
t=2023-06-02T16:09:00+0800 lvl=trce msg="Pooled new future transaction"          hash=0xf3b2a51b81882c54449471c990cd4f519f586b0e93d335145bef853effaedb2b from=0xb71feFeFddA3421352369476ee2e3eA82Abe2499 to=0x0000000000000000000000000000000000000000
t=2023-06-02T16:09:00+0800 lvl=trce msg="Pooled new future transaction"          hash=0x86e902cc52af72f4cb324c7be2ab9ac9a62db085b7e1e62710b866418483b541 from=0xb71feFeFddA3421352369476ee2e3eA82Abe2499 to=0x0000000000000000000000000000000000000000
t=2023-06-02T16:09:00+0800 lvl=trce msg="Pooled new future transaction"          hash=0x982b7b1522a4c4a4d8dda2b05cbde2d34337c4180c97d487ec6378cee2698274 from=0xb71feFeFddA3421352369476ee2e3eA82Abe2499 to=0x0000000000000000000000000000000000000000
t=2023-06-02T16:09:00+0800 lvl=trce msg="Pooled new future transaction"          hash=0x56f393ad1a9aea369fb4d2b6477dfd4a5cd609f3d09af6393e0c003fa87e207d from=0xb71feFeFddA3421352369476ee2e3eA82Abe2499 to=0x0000000000000000000000000000000000000000
t=2023-06-02T16:09:00+0800 lvl=trce msg="Pooled new future transaction"          hash=0xed5a67c5a5ddcef521ed3033e0b38074e4488a0f6bf1df8cd3f7b1bff55c52d9 from=0xb71feFeFddA3421352369476ee2e3eA82Abe2499 to=0x0000000000000000000000000000000000000000
t=2023-06-02T16:09:00+0800 lvl=trce msg="Pooled new future transaction"          hash=0xabf2138c99a45bca8749ff42d9f9e6534eac1856a82bf1dcf1f1edc0d6426346 from=0x7628e7c918DAaf4dfbF615023fDBcF72b8479bCe to=0x0000000000000000000000000000000000000000
t=2023-06-02T16:09:00+0800 lvl=trce msg="Removed old queued transactions"        count=0
t=2023-06-02T16:09:00+0800 lvl=trce msg="Removed unpayable queued transactions"  count=0
t=2023-06-02T16:09:00+0800 lvl=trce msg="Promoted queued transactions"           count=0
t=2023-06-02T16:09:00+0800 lvl=trce msg="Removed unpayable queued transactions"  count=0
t=2023-06-02T16:09:00+0800 lvl=trce msg="Promoted queued transactions"           count=1
t=2023-06-02T16:09:00+0800 lvl=trce msg="Pooled new future transaction"          hash=0xa2e57878cfe509ebdf656e5b25a7802e8e805131686d5495180c0b53d893a3af from=0xb71feFeFddA3421352369476ee2e3eA82Abe2499 to=0x0000000000000000000000000000000000000000
t=2023-06-02T16:09:00+0800 lvl=trce msg="Pooled new future transaction"          hash=0x674d54b6a60a8485c7d2261e3e96cb0a0b93bb1cfa71915bd2284817025624f3 from=0xb71feFeFddA3421352369476ee2e3eA82Abe2499 to=0x0000000000000000000000000000000000000000
t=2023-06-02T16:09:00+0800 lvl=trce msg="Pooled new future transaction"          hash=0x6ea3f3ca06c9e216daace35bc7b0ac6abd65a8d3194349dea7bb145c48b3d29c from=0xb71feFeFddA3421352369476ee2e3eA82Abe2499 to=0x0000000000000000000000000000000000000000
t=2023-06-02T16:09:00+0800 lvl=trce msg="Pooled new future transaction"          hash=0xf03fdab026e3f9b47bfb5b2a1503e757842f61559160e4210ce8010b77446c28 from=0x66e0851F1a162869024b4C9f6b1C4Fc5cb4832F1 to=0x0000000000000000000000000000000000000000
t=2023-06-02T16:09:00+0800 lvl=trce msg="Pooled new future transaction"          hash=0xaebfb261f79149a3187cbdf36089904341af4a6689b2a9f755af49ceb92a30a1 from=0xF430FAcaBDd458C473847F5C7332098a985d3052 to=0x0000000000000000000000000000000000000000
t=2023-06-02T16:09:00+0800 lvl=trce msg="Pooled new future transaction"          hash=0x725faf619df25c794d9065193d2f91dc5ae2a4921cc6fed0960cd578145bea42 from=0xF430FAcaBDd458C473847F5C7332098a985d3052 to=0x0000000000000000000000000000000000000000
t=2023-06-02T16:09:00+0800 lvl=trce msg="Pooled new future transaction"          hash=0xb8960de504514b94758e50518b15183cb9522ad3023ac03c9917449cddd279fe from=0xF430FAcaBDd458C473847F5C7332098a985d3052 to=0x0000000000000000000000000000000000000000
t=2023-06-02T16:09:00+0800 lvl=trce msg="Pooled new future transaction"          hash=0x487e10b0591752bb47b50e2ae8647bc8c85bc06af93e1e2a1f776ae49cf64228 from=0xF430FAcaBDd458C473847F5C7332098a985d3052 to=0x0000000000000000000000000000000000000000
t=2023-06-02T16:09:00+0800 lvl=trce msg="Pooled new future transaction"          hash=0xbe3fde85b09e848a6edac63575f23414d96fd1d9cfae63b0e3a67c7664d94fe5 from=0xF430FAcaBDd458C473847F5C7332098a985d3052 to=0x0000000000000000000000000000000000000000
t=2023-06-02T16:09:00+0800 lvl=trce msg="Pooled new future transaction"          hash=0x9ac716b988c19ea25f9bc4b210e82fa23b09c223e1013bf950a7b93254c3aef7 from=0xb71feFeFddA3421352369476ee2e3eA82Abe2499 to=0x0000000000000000000000000000000000000000
t=2023-06-02T16:09:00+0800 lvl=trce msg="Pooled new future transaction"          hash=0x17f6aefa835e1245d5eac4f1eeca6c2d99b1c1d895ca7ed409d8bd1fe4d93d36 from=0xb71feFeFddA3421352369476ee2e3eA82Abe2499 to=0x0000000000000000000000000000000000000000
t=2023-06-02T16:09:00+0800 lvl=trce msg="Pooled new future transaction"          hash=0x5ffe5de1b978a6055db854d17b9bbe4cbaa18d50b84679adbbe9dc812b726918 from=0xb71feFeFddA3421352369476ee2e3eA82Abe2499 to=0x0000000000000000000000000000000000000000
t=2023-06-02T16:09:00+0800 lvl=trce msg="Pooled new future transaction"          hash=0x4e8db104b45954ad42d3528c827ededfaa68340e4b19c0e09322e5a3ddb9c725 from=0xb71feFeFddA3421352369476ee2e3eA82Abe2499 to=0x0000000000000000000000000000000000000000
t=2023-06-02T16:09:00+0800 lvl=trce msg="Discarding freshly underpriced transaction" hash=0x313d3d6f469b6fd6b8c1da8825dfd984f25b71ef2e4501dd8977afe3a64b9a6b gasTipCap=1  gasFeeCap=1210
t=2023-06-02T16:09:00+0800 lvl=trce msg="Pooled new future transaction"          hash=0x0bcc3d401c297c35169b7c47c49a112aede3febec8b123d2a93a59322d02366d from=0xaF17208700ed6F4824e4DE942024A753f1F9Fb4a to=0x0000000000000000000000000000000000000000
t=2023-06-02T16:09:00+0800 lvl=trce msg="Removed old queued transactions"        count=0
t=2023-06-02T16:09:00+0800 lvl=trce msg="Removed unpayable queued transactions"  count=0
t=2023-06-02T16:09:00+0800 lvl=trce msg="Promoted queued transactions"           count=1
t=2023-06-02T16:09:00+0800 lvl=trce msg="Removed old queued transactions"        count=0
t=2023-06-02T16:09:00+0800 lvl=trce msg="Removed unpayable queued transactions"  count=0
t=2023-06-02T16:09:00+0800 lvl=trce msg="Promoted queued transactions"           count=1
t=2023-06-02T16:09:00+0800 lvl=trce msg="Pooled new future transaction"          hash=0x219b67d3ea7b3ace16d42b90257371f5ce7d4ae279b003ea4cd7bd2494d814b7 from=0xF430FAcaBDd458C473847F5C7332098a985d3052 to=0x0000000000000000000000000000000000000000
t=2023-06-02T16:09:00+0800 lvl=trce msg="Pooled new future transaction"          hash=0x95d0405a2f1bff8062c8318a3fbe78c39e0033e84bf3cdb82bdf4c88e5bb36c0 from=0xF430FAcaBDd458C473847F5C7332098a985d3052 to=0x0000000000000000000000000000000000000000
t=2023-06-02T16:09:00+0800 lvl=trce msg="Pooled new future transaction"          hash=0x8517374b6fde91ba7b07bbaa5c284a8b353613923306bfc700523ad97492cf3b from=0xF430FAcaBDd458C473847F5C7332098a985d3052 to=0x0000000000000000000000000000000000000000
t=2023-06-02T16:09:00+0800 lvl=trce msg="Pooled new future transaction"          hash=0x8299112ac22cc338684e4d9f8410a44a2f75f815e3271cf08b3f83370762946d from=0xF430FAcaBDd458C473847F5C7332098a985d3052 to=0x0000000000000000000000000000000000000000
t=2023-06-02T16:09:00+0800 lvl=trce msg="Pooled new future transaction"          hash=0x5fd2d148b93c386c9be214d8ed63d92031724dd7a21e3e1c57ec7a404002af3a from=0xF430FAcaBDd458C473847F5C7332098a985d3052 to=0x0000000000000000000000000000000000000000
t=2023-06-02T16:09:00+0800 lvl=trce msg="Pooled new future transaction"          hash=0xdf7f8bd8f9b7578ee9e710761e05d1de06f14c281e184dd4b8998cc327deadda from=0xF430FAcaBDd458C473847F5C7332098a985d3052 to=0x0000000000000000000000000000000000000000
t=2023-06-02T16:09:00+0800 lvl=trce msg="Discarding freshly underpriced transaction" hash=0x803bcf18f65cddcf13ee655c5775df259670010986da3f8e2703f65e2f994e9a gasTipCap=1  gasFeeCap=1211
t=2023-06-02T16:09:00+0800 lvl=trce msg="Pooled new future transaction"          hash=0xb4fc47a23f55d10222c56462c034f9de622918393a6a82b06252861100fda482 from=0xF430FAcaBDd458C473847F5C7332098a985d3052 to=0x0000000000000000000000000000000000000000
t=2023-06-02T16:09:00+0800 lvl=trce msg="Pooled new future transaction"          hash=0x3ad3028539dad3ebddc7723ff5cc865eeec4e4ae006d17461676e3d977c7a459 from=0xb71feFeFddA3421352369476ee2e3eA82Abe2499 to=0x0000000000000000000000000000000000000000
t=2023-06-02T16:09:00+0800 lvl=trce msg="Pooled new future transaction"          hash=0x05afc1407e1c8a663d19d189495c8a8333067a6ac307ec256b2332e004b017cb from=0xb71feFeFddA3421352369476ee2e3eA82Abe2499 to=0x0000000000000000000000000000000000000000
t=2023-06-02T16:09:00+0800 lvl=trce msg="Pooled new future transaction"          hash=0xd42d9995e3f97806bf7879c1ea8224d1968be4c65536f035871de8fe2ec02b45 from=0xb71feFeFddA3421352369476ee2e3eA82Abe2499 to=0x0000000000000000000000000000000000000000
t=2023-06-02T16:09:00+0800 lvl=trce msg="Pooled new future transaction"          hash=0x0f5fcdc4870d4751f48ea27e7f1f55d274f0d4871ecbb37531f13534969cae72 from=0xb71feFeFddA3421352369476ee2e3eA82Abe2499 to=0x0000000000000000000000000000000000000000
t=2023-06-02T16:09:00+0800 lvl=trce msg="Pooled new future transaction"          hash=0xad622e4eeb751d72906d9d33ec1e7a7ec4b37417be5cb3843ef52852a90069c4 from=0xb71feFeFddA3421352369476ee2e3eA82Abe2499 to=0x0000000000000000000000000000000000000000
t=2023-06-02T16:09:00+0800 lvl=trce msg="Pooled new future transaction"          hash=0xfda6be6d556b3d97c58b41f343970d72db6afc6faf5e7bed7c8ed8c6c48207bc from=0xb71feFeFddA3421352369476ee2e3eA82Abe2499 to=0x0000000000000000000000000000000000000000
t=2023-06-02T16:09:00+0800 lvl=trce msg="Pooled new future transaction"          hash=0x0574b8bbb0a4f11779c93bdd55fc66d948c069d0f17e44aa05c2df4ab9de7939 from=0xb71feFeFddA3421352369476ee2e3eA82Abe2499 to=0x0000000000000000000000000000000000000000
t=2023-06-02T16:09:00+0800 lvl=trce msg="Pooled new future transaction"          hash=0x644a704bd09adc244b18f95e49b1f9d7675ff0b78d05918d4d47020a20c111ad from=0xcf5b250650006ec367354Dc36e86BAB70b1EF2d2 to=0x0000000000000000000000000000000000000000
t=2023-06-02T16:09:00+0800 lvl=trce msg="Removed old queued transactions"        count=0
t=2023-06-02T16:09:00+0800 lvl=trce msg="Removed unpayable queued transactions"  count=0
t=2023-06-02T16:09:00+0800 lvl=trce msg="Promoted queued transactions"           count=1
t=2023-06-02T16:09:00+0800 lvl=trce msg="Pooled new future transaction"          hash=0x413bd11959d258d687c5a750c475bdd3f8cbe097459923e47c4e1c93f2303cb1 from=0x66e0851F1a162869024b4C9f6b1C4Fc5cb4832F1 to=0x0000000000000000000000000000000000000000
t=2023-06-02T16:09:00+0800 lvl=trce msg="Removed old queued transactions"        count=0
t=2023-06-02T16:09:00+0800 lvl=trce msg="Removed unpayable queued transactions"  count=0
t=2023-06-02T16:09:00+0800 lvl=trce msg="Promoted queued transactions"           count=0
t=2023-06-02T16:09:00+0800 lvl=trce msg="Pooled new future transaction"          hash=0xc09156c78557c8e2ce5176dd0de430b740939d46ef7817914b6b2e7538bb336d from=0xF430FAcaBDd458C473847F5C7332098a985d3052 to=0x0000000000000000000000000000000000000000
t=2023-06-02T16:09:00+0800 lvl=trce msg="Pooled new future transaction"          hash=0x2108ed2b297d7f4f9ddb3fcd3743d71f3f299883f4bc5ae0dd9c34b786fa32b2 from=0xF430FAcaBDd458C473847F5C7332098a985d3052 to=0x0000000000000000000000000000000000000000
t=2023-06-02T16:09:00+0800 lvl=trce msg="Pooled new future transaction"          hash=0x11c269df0acf5a61742a45ee96a8bca457c5f6fbeb14c659287a69052da4e215 from=0xF430FAcaBDd458C473847F5C7332098a985d3052 to=0x0000000000000000000000000000000000000000
t=2023-06-02T16:09:00+0800 lvl=trce msg="Pooled new future transaction"          hash=0xd338a6cd6e6d6f4399b8486501bc37a8ad02b9a2bdfaf48671cfb97c71de8686 from=0xF430FAcaBDd458C473847F5C7332098a985d3052 to=0x0000000000000000000000000000000000000000
t=2023-06-02T16:09:00+0800 lvl=trce msg="Pooled new future transaction"          hash=0xc7a1caeb58eed64820a2765d3cae8abf736788b74385a239d2503c1005b6551d from=0xF430FAcaBDd458C473847F5C7332098a985d3052 to=0x0000000000000000000000000000000000000000
t=2023-06-02T16:09:00+0800 lvl=trce msg="Pooled new future transaction"          hash=0x3fa7757f6e7d05efcb84a614f3fc8d4c77cec51c300e0b00eda5681b79ad2db6 from=0xb71feFeFddA3421352369476ee2e3eA82Abe2499 to=0x0000000000000000000000000000000000000000
t=2023-06-02T16:09:00+0800 lvl=trce msg="Pooled new future transaction"          hash=0xf741513fbf5632c9c5f7fd2e171d8aa88845a373b74f61e54453f581dfc22448 from=0xb71feFeFddA3421352369476ee2e3eA82Abe2499 to=0x0000000000000000000000000000000000000000
t=2023-06-02T16:09:00+0800 lvl=trce msg="Pooled new future transaction"          hash=0x947fb200f6fc26ead3e1841bc4e47d887961119f5c7666d13f312a083f7326bd from=0xb71feFeFddA3421352369476ee2e3eA82Abe2499 to=0x0000000000000000000000000000000000000000
t=2023-06-02T16:09:00+0800 lvl=trce msg="Pooled new future transaction"          hash=0x4d7cbcc853e9531ebb4369c26a4824297a76a88e39e1f68d7ade82f99993f165 from=0xb71feFeFddA3421352369476ee2e3eA82Abe2499 to=0x0000000000000000000000000000000000000000
t=2023-06-02T16:09:00+0800 lvl=trce msg="Discarding freshly underpriced transaction" hash=0x335ddb0b2ff4128e89d01ad20be4716436bd7d97f499b56ca2a423969f075997 gasTipCap=1  gasFeeCap=1212
t=2023-06-02T16:09:00+0800 lvl=trce msg="Pooled new future transaction"          hash=0x7b5105ac7a2473c9256cc57d4a0afdc2db52dca791f2fb7490f96fc0253451cc from=0xb71feFeFddA3421352369476ee2e3eA82Abe2499 to=0x0000000000000000000000000000000000000000
t=2023-06-02T16:09:00+0800 lvl=trce msg="Pooled new future transaction"          hash=0x43b23f1a4589050375762fc933c05fca1c826e8fa7776313fcfe122713160c34 from=0xE18995B58057f96A5cF3CbF9b9Ceb1f632170d6a to=0x0000000000000000000000000000000000000000
t=2023-06-02T16:09:00+0800 lvl=trce msg="Pooled new future transaction"          hash=0x5bb949f994de991291ce97f5fb80a885958c4d3f7f5e6efedc4a82fe7f3115b0 from=0xb71feFeFddA3421352369476ee2e3eA82Abe2499 to=0x0000000000000000000000000000000000000000
t=2023-06-02T16:09:00+0800 lvl=trce msg="Pooled new future transaction"          hash=0x546e16bbb9bb09b9a8caa5736b9b5a1a81fb5276c60eaf313b264dae598cfa75 from=0xb71feFeFddA3421352369476ee2e3eA82Abe2499 to=0x0000000000000000000000000000000000000000
t=2023-06-02T16:09:00+0800 lvl=trce msg="Pooled new future transaction"          hash=0xef27421f385fef9802ff0b3d643286441cda89891038ca63edab61536d3aa0ee from=0xb71feFeFddA3421352369476ee2e3eA82Abe2499 to=0x0000000000000000000000000000000000000000
t=2023-06-02T16:09:00+0800 lvl=trce msg="Pooled new future transaction"          hash=0x923595418d68dfca9f1e5b778e4685e15d511d380a4fe4873b62144b5e77b78c from=0xb71feFeFddA3421352369476ee2e3eA82Abe2499 to=0x0000000000000000000000000000000000000000
t=2023-06-02T16:09:00+0800 lvl=trce msg="Pooled new future transaction"          hash=0x91e114934a35fb3b008276ea910e5b44a59914d535b4e3958368b36f846e157d from=0xb71feFeFddA3421352369476ee2e3eA82Abe2499 to=0x0000000000000000000000000000000000000000
t=2023-06-02T16:09:00+0800 lvl=trce msg="Pooled new future transaction"          hash=0x19aef3f608fed16697d1a9ae43cea0e6588269db6abba79bf01f84d4498b5b4d from=0x7628e7c918DAaf4dfbF615023fDBcF72b8479bCe to=0x0000000000000000000000000000000000000000
t=2023-06-02T16:09:00+0800 lvl=trce msg="Removed old queued transactions"        count=0
t=2023-06-02T16:09:00+0800 lvl=trce msg="Removed unpayable queued transactions"  count=0
t=2023-06-02T16:09:00+0800 lvl=trce msg="Promoted queued transactions"           count=1
t=2023-06-02T16:09:00+0800 lvl=trce msg="Pooled new future transaction"          hash=0xd39cda6e6f5e84c5bddfd6bb4181d41afac897701117ac386de7393786db894f from=0xF430FAcaBDd458C473847F5C7332098a985d3052 to=0x0000000000000000000000000000000000000000
t=2023-06-02T16:09:00+0800 lvl=trce msg="Pooled new future transaction"          hash=0xdfcbd9af1e5a7297521faf56cd2a958b91dfcc4e0551db4c0c54f51a51199477 from=0xF430FAcaBDd458C473847F5C7332098a985d3052 to=0x0000000000000000000000000000000000000000
t=2023-06-02T16:09:00+0800 lvl=trce msg="Pooled new future transaction"          hash=0x6209e86effe4306ab5ff88a513beba2ab828c56884d1e0b34164ac751acb81c1 from=0xF430FAcaBDd458C473847F5C7332098a985d3052 to=0x0000000000000000000000000000000000000000
t=2023-06-02T16:09:00+0800 lvl=trce msg="Pooled new future transaction"          hash=0x18a332169de1141dc2b453eb8ba9d5271d6dfcb9016b0c377321b3af7792f9db from=0xF430FAcaBDd458C473847F5C7332098a985d3052 to=0x0000000000000000000000000000000000000000
t=2023-06-02T16:09:00+0800 lvl=trce msg="Pooled new future transaction"          hash=0x80b41fa3ef6b350da678f29d9c881855f27147a291111a5a8cbdae37ba4d5682 from=0xF430FAcaBDd458C473847F5C7332098a985d3052 to=0x0000000000000000000000000000000000000000
t=2023-06-02T16:09:00+0800 lvl=trce msg="Pooled new future transaction"          hash=0xdfd63d8c2d59cbb7810822a2c1373f58cef2b2bddaed5d68beaf12d5e79806c4 from=0xF430FAcaBDd458C473847F5C7332098a985d3052 to=0x0000000000000000000000000000000000000000
t=2023-06-02T16:09:00+0800 lvl=trce msg="Pooled new future transaction"          hash=0x028a2c52ed45e750edf36d857eafcfc6368f5cfbf4369806efa746132ae652b8 from=0xF430FAcaBDd458C473847F5C7332098a985d3052 to=0x0000000000000000000000000000000000000000
t=2023-06-02T16:09:00+0800 lvl=trce msg="Pooled new future transaction"          hash=0x229faf68b87d0ba148d848590d0ae467a2f713137726d02d277acd4451d5e973 from=0xF430FAcaBDd458C473847F5C7332098a985d3052 to=0x0000000000000000000000000000000000000000
t=2023-06-02T16:09:00+0800 lvl=trce msg="Pooled new future transaction"          hash=0xf44be714753a72a2bc764c263385b1a85c7ef034f1f341781da6622e1e87c8b0 from=0xF430FAcaBDd458C473847F5C7332098a985d3052 to=0x0000000000000000000000000000000000000000
t=2023-06-02T16:09:00+0800 lvl=trce msg="Discarding freshly underpriced transaction" hash=0xa8ab56ca3c90a99d91829fa53c47cb7307f36ea6ee7ae8893fa64177c6fd01b3 gasTipCap=1  gasFeeCap=1213
t=2023-06-02T16:09:00+0800 lvl=trce msg="Pooled new future transaction"          hash=0x753abceff3483ba605c2a402882b6cab07d3895870e44a53cb663e9b73332a17 from=0x741FcaDd583Ab974513cDd1d1B14c796bb9AfDDC to=0x0000000000000000000000000000000000000000
t=2023-06-02T16:09:00+0800 lvl=trce msg="Removed old queued transactions"        count=0
t=2023-06-02T16:09:00+0800 lvl=trce msg="Removed unpayable queued transactions"  count=0
t=2023-06-02T16:09:00+0800 lvl=trce msg="Promoted queued transactions"           count=1
t=2023-06-02T16:09:00+0800 lvl=trce msg="Pooled new future transaction"          hash=0x237bd2cb442d8ab42cea90661ad96a5e1b5f548b78e65b85425e3457909649bc from=0xb71feFeFddA3421352369476ee2e3eA82Abe2499 to=0x0000000000000000000000000000000000000000
t=2023-06-02T16:09:00+0800 lvl=trce msg="Pooled new future transaction"          hash=0xf4ed970b4cd58dd2c30fff3abb46cc8dbce5f1ea3d2b5c4a9356fbb54fceb132 from=0xb71feFeFddA3421352369476ee2e3eA82Abe2499 to=0x0000000000000000000000000000000000000000
t=2023-06-02T16:09:00+0800 lvl=trce msg="Pooled new future transaction"          hash=0xdbb947e399ac35cc0e414350f6113de345380a161de05a40298517353d2dd619 from=0xb71feFeFddA3421352369476ee2e3eA82Abe2499 to=0x0000000000000000000000000000000000000000
t=2023-06-02T16:09:00+0800 lvl=trce msg="Pooled new future transaction"          hash=0x8144d255e554eecf23c8e9e54b1cdd14dce566cac8c25dc12bdaf6f231ca0643 from=0xb71feFeFddA3421352369476ee2e3eA82Abe2499 to=0x0000000000000000000000000000000000000000
t=2023-06-02T16:09:00+0800 lvl=trce msg="Pooled new future transaction"          hash=0x823496a4de6b9d3f24f636c4860af74dacaadf4525f06d263bc86e1e03fd3847 from=0xb71feFeFddA3421352369476ee2e3eA82Abe2499 to=0x0000000000000000000000000000000000000000
t=2023-06-02T16:09:00+0800 lvl=trce msg="Pooled new future transaction"          hash=0x34d918ecd9a9924055568900a6edc61edacc23545aa6c08e9c3339f7eeeeea2b from=0xb71feFeFddA3421352369476ee2e3eA82Abe2499 to=0x0000000000000000000000000000000000000000
t=2023-06-02T16:09:00+0800 lvl=trce msg="Pooled new future transaction"          hash=0x8f2b54f4ee4c244220707110062dff34cc459a514f677f776d45aed0f1c4f35b from=0xb71feFeFddA3421352369476ee2e3eA82Abe2499 to=0x0000000000000000000000000000000000000000
t=2023-06-02T16:09:00+0800 lvl=trce msg="Pooled new future transaction"          hash=0x72b6c74291f10d2e54a7e7dfaf6d3b758c463b9f49e189ade29df2a6dea29710 from=0xb71feFeFddA3421352369476ee2e3eA82Abe2499 to=0x0000000000000000000000000000000000000000
t=2023-06-02T16:09:00+0800 lvl=trce msg="Discarding freshly underpriced transaction" hash=0x0bcc3d401c297c35169b7c47c49a112aede3febec8b123d2a93a59322d02366d gasTipCap=1  gasFeeCap=1214
t=2023-06-02T16:09:00+0800 lvl=trce msg="Pooled new future transaction"          hash=0xe2ee94b44282fcff291d0af759b9e52d31831c48f96a4c2b5c6e5a028a8151ac from=0xF099779aF6376b28c01E890a4c8d6B907B6d7c46 to=0x0000000000000000000000000000000000000000
t=2023-06-02T16:09:00+0800 lvl=trce msg="Removed old queued transactions"        count=0
t=2023-06-02T16:09:00+0800 lvl=trce msg="Removed unpayable queued transactions"  count=0
t=2023-06-02T16:09:00+0800 lvl=trce msg="Promoted queued transactions"           count=1
t=2023-06-02T16:09:00+0800 lvl=trce msg="Removed old queued transactions"        count=0
t=2023-06-02T16:09:00+0800 lvl=trce msg="Removed unpayable queued transactions"  count=0
t=2023-06-02T16:09:00+0800 lvl=trce msg="Promoted queued transactions"           count=1
t=2023-06-02T16:09:00+0800 lvl=trce msg="Pooled new future transaction"          hash=0x5712f7b65d4d1c16dd16a348a028e80008dfb4248da74e6080678700445acd00 from=0xb71feFeFddA3421352369476ee2e3eA82Abe2499 to=0x0000000000000000000000000000000000000000
t=2023-06-02T16:09:00+0800 lvl=trce msg="Pooled new future transaction"          hash=0xf3c20e9c5ade802e32460a5e00eb1b659d85b4cb3eae3e9c921fc722973b9c62 from=0xb71feFeFddA3421352369476ee2e3eA82Abe2499 to=0x0000000000000000000000000000000000000000
t=2023-06-02T16:09:00+0800 lvl=trce msg="Pooled new future transaction"          hash=0x4c418625c234ed4445f67e59f8681996221807256ccdd1eea9d125eac2e4b55e from=0xb71feFeFddA3421352369476ee2e3eA82Abe2499 to=0x0000000000000000000000000000000000000000
t=2023-06-02T16:09:00+0800 lvl=trce msg="Pooled new future transaction"          hash=0xc6cca019df1f188712ae7194184e1ba48dde39972a84f7dafef0ea518b7e1f49 from=0xb71feFeFddA3421352369476ee2e3eA82Abe2499 to=0x0000000000000000000000000000000000000000
t=2023-06-02T16:09:00+0800 lvl=trce msg="Pooled new future transaction"          hash=0xff182ff65af68692cc1f947080ea1914f398c413d1a1b85e5fd9a9f7bc267f6b from=0xb71feFeFddA3421352369476ee2e3eA82Abe2499 to=0x0000000000000000000000000000000000000000
t=2023-06-02T16:09:00+0800 lvl=trce msg="Pooled new future transaction"          hash=0xbed7b363db0220191a7b7fd700df6b0b2ff1111d7f75788082789c1237fcb8ab from=0xb71feFeFddA3421352369476ee2e3eA82Abe2499 to=0x0000000000000000000000000000000000000000
t=2023-06-02T16:09:00+0800 lvl=trce msg="Pooled new future transaction"          hash=0xb669cf715ca7843ceeae46d48319a4cd78292cf51768840369caae1583a646e5 from=0xF430FAcaBDd458C473847F5C7332098a985d3052 to=0x0000000000000000000000000000000000000000
t=2023-06-02T16:09:00+0800 lvl=trce msg="Pooled new future transaction"          hash=0x44ba18c7be0741e7987e0ff6f67d6c24af6cc0dfbc45a7058435cd3ba9636bab from=0x7628e7c918DAaf4dfbF615023fDBcF72b8479bCe to=0x0000000000000000000000000000000000000000
t=2023-06-02T16:09:00+0800 lvl=trce msg="Removed old queued transactions"        count=0
t=2023-06-02T16:09:00+0800 lvl=trce msg="Removed unpayable queued transactions"  count=0
t=2023-06-02T16:09:00+0800 lvl=trce msg="Promoted queued transactions"           count=0
t=2023-06-02T16:09:00+0800 lvl=trce msg="Pooled new future transaction"          hash=0x83aac18dae939674cbd64a2b541687e9d855bb35e4790f8cdd73039fdad47b17 from=0xF430FAcaBDd458C473847F5C7332098a985d3052 to=0x0000000000000000000000000000000000000000
t=2023-06-02T16:09:00+0800 lvl=trce msg="Pooled new future transaction"          hash=0x44ffc4299fda8798a84be30cc124f04e464254afbc05230dc3b685711db71f5f from=0xF430FAcaBDd458C473847F5C7332098a985d3052 to=0x0000000000000000000000000000000000000000
t=2023-06-02T16:09:00+0800 lvl=trce msg="Pooled new future transaction"          hash=0xe3e040e504d569d35481eeea11c4ddde03ee9f94b68dcd817a2e2f2d61765a1c from=0xF430FAcaBDd458C473847F5C7332098a985d3052 to=0x0000000000000000000000000000000000000000
t=2023-06-02T16:09:00+0800 lvl=trce msg="Pooled new future transaction"          hash=0x68ab2da2f881565b2fd2bfce6ee6dd5b1e9403fa0e3c789ad68c8d129bf8d5a3 from=0xF430FAcaBDd458C473847F5C7332098a985d3052 to=0x0000000000000000000000000000000000000000
t=2023-06-02T16:09:00+0800 lvl=trce msg="Discarding freshly underpriced transaction" hash=0x644a704bd09adc244b18f95e49b1f9d7675ff0b78d05918d4d47020a20c111ad gasTipCap=1  gasFeeCap=1215
t=2023-06-02T16:09:00+0800 lvl=trce msg="Pooled new future transaction"          hash=0x3ed609e457d18b7115de19947dd2aa5498dcbc5c378239b31eed3cb1746b7e6a from=0x3b7DF843843400CF1E5D25F3Cd512E8e3d03fD7C to=0x0000000000000000000000000000000000000000
t=2023-06-02T16:09:00+0800 lvl=trce msg="Removed old queued transactions"        count=0
t=2023-06-02T16:09:00+0800 lvl=trce msg="Removed unpayable queued transactions"  count=0
t=2023-06-02T16:09:00+0800 lvl=trce msg="Promoted queued transactions"           count=1
t=2023-06-02T16:09:00+0800 lvl=trce msg="Pooled new future transaction"          hash=0x37acd1a67a3eaf61d9f8e15c797f93d73963a33e1e1060541dd9ac070f3883f9 from=0x66e0851F1a162869024b4C9f6b1C4Fc5cb4832F1 to=0x0000000000000000000000000000000000000000
t=2023-06-02T16:09:00+0800 lvl=trce msg="Removed old queued transactions"        count=0
t=2023-06-02T16:09:00+0800 lvl=trce msg="Pooled new future transaction"          hash=0x4152060acac248eb9ddf324423c0fe7ea732335672df7cef806eecd28ba9c808 from=0xF430FAcaBDd458C473847F5C7332098a985d3052 to=0x0000000000000000000000000000000000000000
t=2023-06-02T16:09:00+0800 lvl=info msg="Transaction pool stopped"
--- PASS: TestDualHeapEviction (0.22s)
t=2023-06-02T16:09:00+0800 lvl=trce msg="Pooled new future transaction"          hash=0xfe7bacd98964a87f3ce5399f65dcd2d63191d29c70caba3e3064255d1ec64595 from=0xF430FAcaBDd458C473847F5C7332098a985d3052 to=0x0000000000000000000000000000000000000000
t=2023-06-02T16:09:00+0800 lvl=trce msg="Pooled new future transaction"          hash=0xf78889298c73bbde4fc78cb7598e1b2416f7be33c16801ba511b044519b66c6a from=0xF430FAcaBDd458C473847F5C7332098a985d3052 to=0x0000000000000000000000000000000000000000
t=2023-06-02T16:09:00+0800 lvl=trce msg="Pooled new future transaction"          hash=0xbe9f7cf01b59100ba72b9f762f5c40e94f3039a53029bcbb564d0863b5f020f2 from=0xF430FAcaBDd458C473847F5C7332098a985d3052 to=0x0000000000000000000000000000000000000000
t=2023-06-02T16:09:00+0800 lvl=trce msg="Pooled new future transaction"          hash=0x9a1b52054a597fd20d8abd56a35a07de72cb4942dece33fd23a47713cd3d7997 from=0xF430FAcaBDd458C473847F5C7332098a985d3052 to=0x0000000000000000000000000000000000000000
t=2023-06-02T16:09:00+0800 lvl=trce msg="Pooled new future transaction"          hash=0x8290ffc3ae52ea17cd6f0e3e2da7866535d50380a0cb4d8a71df567a4740c933 from=0xF430FAcaBDd458C473847F5C7332098a985d3052 to=0x0000000000000000000000000000000000000000
t=2023-06-02T16:09:00+0800 lvl=trce msg="Removed unpayable queued transactions"  count=0
t=2023-06-02T16:09:00+0800 lvl=trce msg="Promoted queued transactions"           count=1
t=2023-06-02T16:09:00+0800 lvl=trce msg="Pooled new future transaction"          hash=0x4a10e8a7098e1485164f13e54914c52bc847748b8e5fb61a20567d9aad8c8e63 from=0xb71feFeFddA3421352369476ee2e3eA82Abe2499 to=0x0000000000000000000000000000000000000000
t=2023-06-02T16:09:00+0800 lvl=trce msg="Pooled new future transaction"          hash=0x973221da73fd33023faa5065c9851ff3e42a1d74422cc91ad062508501bed329 from=0xb71feFeFddA3421352369476ee2e3eA82Abe2499 to=0x0000000000000000000000000000000000000000
t=2023-06-02T16:09:00+0800 lvl=trce msg="Pooled new future transaction"          hash=0x85d92e1657f364f7ae2327bf9041e0eb5fce1cb9ce0d20f0da5cdfbd81e5e4cc from=0xb71feFeFddA3421352369476ee2e3eA82Abe2499 to=0x0000000000000000000000000000000000000000
t=2023-06-02T16:09:00+0800 lvl=trce msg="Pooled new future transaction"          hash=0xfa13868e71bfe9a9dfbf94fed74f88d1b29c84f5c49541cb3faec73d874835a7 from=0xF430FAcaBDd458C473847F5C7332098a985d3052 to=0x0000000000000000000000000000000000000000
t=2023-06-02T16:09:00+0800 lvl=trce msg="Pooled new future transaction"          hash=0x8b1317088daffd75487d4c0e65cfc307ac6c0fdc176660b9b025bfbb9f85fed1 from=0xb71feFeFddA3421352369476ee2e3eA82Abe2499 to=0x0000000000000000000000000000000000000000
t=2023-06-02T16:09:00+0800 lvl=trce msg="Pooled new future transaction"          hash=0x0ae197753070ffff882382ed1d1da45c49db188a6566b8f6c88ea001ec02dc62 from=0xF430FAcaBDd458C473847F5C7332098a985d3052 to=0x0000000000000000000000000000000000000000
t=2023-06-02T16:09:00+0800 lvl=trce msg="Pooled new future transaction"          hash=0x7abf81d5d4915bacec89cbc949bd90d8eba0ce9d082bc72f6ed7bf27068fb1f1 from=0xF430FAcaBDd458C473847F5C7332098a985d3052 to=0x0000000000000000000000000000000000000000
t=2023-06-02T16:09:00+0800 lvl=trce msg="Pooled new future transaction"          hash=0x4f6d79561a9e0643914c8ac63837baf35204fea10625bf212e2e32049e733970 from=0xF430FAcaBDd458C473847F5C7332098a985d3052 to=0x0000000000000000000000000000000000000000
t=2023-06-02T16:09:00+0800 lvl=trce msg="Pooled new future transaction"          hash=0x579e778d3f7cd74e080a121d9cf8370da640db64cb93366ae5e0b571f538bf2a from=0xF430FAcaBDd458C473847F5C7332098a985d3052 to=0x0000000000000000000000000000000000000000
t=2023-06-02T16:09:00+0800 lvl=trce msg="Pooled new future transaction"          hash=0x4f993291dd48be7445c8b7270e04a67b0df452e2c81540b4948ebcc0ab8c4425 from=0x66e0851F1a162869024b4C9f6b1C4Fc5cb4832F1 to=0x0000000000000000000000000000000000000000
t=2023-06-02T16:09:00+0800 lvl=trce msg="Pooled new future transaction"          hash=0x1c5d82b3c557ebd1d4e2122c16190e4e85c38636ec943db00b7454f45b98e7ac from=0xb71feFeFddA3421352369476ee2e3eA82Abe2499 to=0x0000000000000000000000000000000000000000
t=2023-06-02T16:09:00+0800 lvl=trce msg="Pooled new future transaction"          hash=0xf03497b7d97185ec14290931a0192d0ab42679337400a63596fac1450f31f4fa from=0xb71feFeFddA3421352369476ee2e3eA82Abe2499 to=0x0000000000000000000000000000000000000000
t=2023-06-02T16:09:00+0800 lvl=trce msg="Pooled new future transaction"          hash=0x245dd5c05c7ad238c33c957f9b062e53c428f0a89d6f27e1e04f905cc6f2f59e from=0xF430FAcaBDd458C473847F5C7332098a985d3052 to=0x0000000000000000000000000000000000000000
t=2023-06-02T16:09:00+0800 lvl=trce msg="Pooled new future transaction"          hash=0x3878b264dd1d370f098486e53b51833f50781d74a4059969b251c3a2245b1260 from=0xF430FAcaBDd458C473847F5C7332098a985d3052 to=0x0000000000000000000000000000000000000000
t=2023-06-02T16:09:00+0800 lvl=trce msg="Pooled new future transaction"          hash=0x17833d997d64876c4c56624eb73376047448953fdcb4120b822131a6abaf7182 from=0xF430FAcaBDd458C473847F5C7332098a985d3052 to=0x0000000000000000000000000000000000000000
t=2023-06-02T16:09:00+0800 lvl=trce msg="Removed old queued transactions"        count=0
t=2023-06-02T16:09:00+0800 lvl=trce msg="Removed unpayable queued transactions"  count=0
t=2023-06-02T16:09:00+0800 lvl=trce msg="Promoted queued transactions"           count=0
t=2023-06-02T16:09:00+0800 lvl=trce msg="Pooled new future transaction"          hash=0x4bbf861f9eeeef85087452cd3dc565af35a40af677a8db6a4fac688ced907b3c from=0xb71feFeFddA3421352369476ee2e3eA82Abe2499 to=0x0000000000000000000000000000000000000000
t=2023-06-02T16:09:00+0800 lvl=trce msg="Pooled new future transaction"          hash=0xfbc703a6499862165d5c3a4fa55b3334e1d30fc45579449bf650f512b72e66e8 from=0xb71feFeFddA3421352369476ee2e3eA82Abe2499 to=0x0000000000000000000000000000000000000000
t=2023-06-02T16:09:00+0800 lvl=trce msg="Pooled new future transaction"          hash=0x014680b666224b33fb663004cd92043a35131d841615d41e976cd2995ee51766 from=0xb71feFeFddA3421352369476ee2e3eA82Abe2499 to=0x0000000000000000000000000000000000000000
t=2023-06-02T16:09:00+0800 lvl=trce msg="Pooled new future transaction"          hash=0x997786ee3e55855b0fe68fb50377306b66144a147794a02f94fc3de14aecd1d3 from=0xF430FAcaBDd458C473847F5C7332098a985d3052 to=0x0000000000000000000000000000000000000000
t=2023-06-02T16:09:00+0800 lvl=trce msg="Pooled new future transaction"          hash=0xc1b966e5f575998e4c81c2a5a2f80c571ad0deb49b31e1310c1545855a2918dc from=0x7628e7c918DAaf4dfbF615023fDBcF72b8479bCe to=0x0000000000000000000000000000000000000000
t=2023-06-02T16:09:00+0800 lvl=trce msg="Removed old queued transactions"        count=0
t=2023-06-02T16:09:00+0800 lvl=trce msg="Pooled new future transaction"          hash=0xfa421dab0794eb7746b1daffab545b6d830bb5e99eda478025fe8b75d6e20dee from=0xF430FAcaBDd458C473847F5C7332098a985d3052 to=0x0000000000000000000000000000000000000000
t=2023-06-02T16:09:00+0800 lvl=trce msg="Pooled new future transaction"          hash=0xa285eb26803ac6a93d3903564a2447f237431ded871269a14252488936ea8cf1 from=0xF430FAcaBDd458C473847F5C7332098a985d3052 to=0x0000000000000000000000000000000000000000
t=2023-06-02T16:09:00+0800 lvl=trce msg="Pooled new future transaction"          hash=0x25b2515ec304c0353e59b576f957dabe5c1be312e959a3dc3084ba52f644bcc7 from=0xF430FAcaBDd458C473847F5C7332098a985d3052 to=0x0000000000000000000000000000000000000000
t=2023-06-02T16:09:00+0800 lvl=trce msg="Pooled new future transaction"          hash=0xe1492962116d13eb7cddc18f9e4b717a276a173bd81c03ce6c701b8e430c14ad from=0xb71feFeFddA3421352369476ee2e3eA82Abe2499 to=0x0000000000000000000000000000000000000000
t=2023-06-02T16:09:00+0800 lvl=trce msg="Pooled new future transaction"          hash=0x9ab1a42a750f58ab07c1e576c59c27989edea9cf25ef986f7b1646a478c44666 from=0xb71feFeFddA3421352369476ee2e3eA82Abe2499 to=0x0000000000000000000000000000000000000000
t=2023-06-02T16:09:00+0800 lvl=trce msg="Pooled new future transaction"          hash=0x57bed6434f2a4d22a35ab56af0cf13b58576ab7f6a88b97c42cb8f5137c7f3bb from=0xb71feFeFddA3421352369476ee2e3eA82Abe2499 to=0x0000000000000000000000000000000000000000
t=2023-06-02T16:09:00+0800 lvl=trce msg="Removed unpayable queued transactions"  count=0
t=2023-06-02T16:09:00+0800 lvl=trce msg="Pooled new future transaction"          hash=0xd1b07fd563f37ef355819e74b5f445cb9baf4058cb14fe5f1a26f3cb4e9f918a from=0xb71feFeFddA3421352369476ee2e3eA82Abe2499 to=0x0000000000000000000000000000000000000000
t=2023-06-02T16:09:00+0800 lvl=trce msg="Pooled new future transaction"          hash=0x17aa86bd121e7c69e6b8e8501d4d25ee7cb67bc6d9fac3610e69ca9db1f2d55a from=0xb71feFeFddA3421352369476ee2e3eA82Abe2499 to=0x0000000000000000000000000000000000000000
t=2023-06-02T16:09:00+0800 lvl=trce msg="Pooled new future transaction"          hash=0x52601135ccfe344d41cfa5e414e26dd41cffff4fa5f27e5832d6e54a6f40eef2 from=0xb71feFeFddA3421352369476ee2e3eA82Abe2499 to=0x0000000000000000000000000000000000000000
t=2023-06-02T16:09:00+0800 lvl=trce msg="Pooled new future transaction"          hash=0x4ede34e8372e26ff05c2bb58f9000844cbb9efd416e372c63fdb1c41932f2e56 from=0xb71feFeFddA3421352369476ee2e3eA82Abe2499 to=0x0000000000000000000000000000000000000000
t=2023-06-02T16:09:00+0800 lvl=trce msg="Pooled new future transaction"          hash=0xeb99794161a0dfa63420b1f3458f31f267fe4401a1bd105024865106b051db10 from=0xb71feFeFddA3421352369476ee2e3eA82Abe2499 to=0x0000000000000000000000000000000000000000
t=2023-06-02T16:09:00+0800 lvl=trce msg="Pooled new future transaction"          hash=0xfea07bf845f73278bf6717be0abf95a1c03634d854eb8d9e604b3d8ade4d9fc3 from=0xb71feFeFddA3421352369476ee2e3eA82Abe2499 to=0x0000000000000000000000000000000000000000
t=2023-06-02T16:09:00+0800 lvl=trce msg="Pooled new future transaction"          hash=0x8dcaca2d4d4f00e1ebd68a7d038454a3e1be65164e0f18944521ea6ae32c654e from=0xF430FAcaBDd458C473847F5C7332098a985d3052 to=0x0000000000000000000000000000000000000000
t=2023-06-02T16:09:00+0800 lvl=trce msg="Pooled new future transaction"          hash=0x67d835313f4e6cf2391288d8e04d531d022bcb13f12b0006a359bfde266e7796 from=0xF430FAcaBDd458C473847F5C7332098a985d3052 to=0x0000000000000000000000000000000000000000
t=2023-06-02T16:09:00+0800 lvl=trce msg="Pooled new future transaction"          hash=0xae3e2df27cf7848931a37970eedc5f85ad87482545fe7fdf2b417967527a0ab4 from=0xF430FAcaBDd458C473847F5C7332098a985d3052 to=0x0000000000000000000000000000000000000000
t=2023-06-02T16:09:00+0800 lvl=trce msg="Pooled new future transaction"          hash=0x7e0047aef551370dc084a5c26980c1d8bdf8f109ce5c8a99ee28b66378987499 from=0xF430FAcaBDd458C473847F5C7332098a985d3052 to=0x0000000000000000000000000000000000000000
t=2023-06-02T16:09:00+0800 lvl=trce msg="Pooled new future transaction"          hash=0xd6d7fda39e959ee0b75c30045b6e242af8aab5ac8b198ffc7e9985c6582adea0 from=0xF430FAcaBDd458C473847F5C7332098a985d3052 to=0x0000000000000000000000000000000000000000
t=2023-06-02T16:09:00+0800 lvl=trce msg="Promoted queued transactions"           count=1
t=2023-06-02T16:09:00+0800 lvl=trce msg="Pooled new future transaction"          hash=0xc2c7b7e3619573d571b7504de68c1385d4d27c0a952bee9e411b5ba3ae86d56a from=0xb71feFeFddA3421352369476ee2e3eA82Abe2499 to=0x0000000000000000000000000000000000000000
t=2023-06-02T16:09:00+0800 lvl=trce msg="Pooled new future transaction"          hash=0x515540b3ff81de93519ed8c47aefabf987f88dcbb81840803e880a7c34a89ccc from=0xb71feFeFddA3421352369476ee2e3eA82Abe2499 to=0x0000000000000000000000000000000000000000
t=2023-06-02T16:09:00+0800 lvl=trce msg="Pooled new future transaction"          hash=0x737598ed7b14aa8777bb248df95bf942704cd829a71f501015ecd7f7dd1430b3 from=0xb71feFeFddA3421352369476ee2e3eA82Abe2499 to=0x0000000000000000000000000000000000000000
t=2023-06-02T16:09:00+0800 lvl=trce msg="Pooled new future transaction"          hash=0x0ea62eaba3f1535bf7eab11b2f75a63f90f742ff505858a8597bacbbf8e11f11 from=0xb71feFeFddA3421352369476ee2e3eA82Abe2499 to=0x0000000000000000000000000000000000000000
t=2023-06-02T16:09:00+0800 lvl=trce msg="Pooled new future transaction"          hash=0x84154e91ebf4d5f3b851621d48bb607cdf9d7109cada373ab734544d5313a62d from=0xb71feFeFddA3421352369476ee2e3eA82Abe2499 to=0x0000000000000000000000000000000000000000
t=2023-06-02T16:09:00+0800 lvl=trce msg="Pooled new future transaction"          hash=0x97db9042402cc0cfb2a45439e88bf29ffc7ad9b33da66adc1bc2c35ccc33e295 from=0xb71feFeFddA3421352369476ee2e3eA82Abe2499 to=0x0000000000000000000000000000000000000000
t=2023-06-02T16:09:00+0800 lvl=trce msg="Pooled new future transaction"          hash=0xd085f9e85e9d1a69f4912f3e86f05545e47a1d9006cf43d769f0588936e9776b from=0xb71feFeFddA3421352369476ee2e3eA82Abe2499 to=0x0000000000000000000000000000000000000000
t=2023-06-02T16:09:00+0800 lvl=trce msg="Pooled new future transaction"          hash=0x08add1ae24ff103b5411606072d51792f0352fdd2266d2a95515af50a49d0544 from=0xb71feFeFddA3421352369476ee2e3eA82Abe2499 to=0x0000000000000000000000000000000000000000
t=2023-06-02T16:09:00+0800 lvl=trce msg="Pooled new future transaction"          hash=0xc52de2b564bee60d4967df2b0b895d4096fd6b8892c9f4cced3a3ed2b33cce21 from=0xb71feFeFddA3421352369476ee2e3eA82Abe2499 to=0x0000000000000000000000000000000000000000
t=2023-06-02T16:09:00+0800 lvl=trce msg="Pooled new future transaction"          hash=0x4ae7fd70506a65a24355e621c6279aa5761c42818e32f73372139dd4be84ebef from=0xb71feFeFddA3421352369476ee2e3eA82Abe2499 to=0x0000000000000000000000000000000000000000
t=2023-06-02T16:09:00+0800 lvl=trce msg="Pooled new future transaction"          hash=0x5304cb298df994a359c598e80e0a12cd304044eae119fddc5893c543016bf66b from=0x7628e7c918DAaf4dfbF615023fDBcF72b8479bCe to=0x0000000000000000000000000000000000000000
t=2023-06-02T16:09:00+0800 lvl=trce msg="Removed old queued transactions"        count=0
t=2023-06-02T16:09:00+0800 lvl=trce msg="Removed unpayable queued transactions"  count=0
t=2023-06-02T16:09:00+0800 lvl=trce msg="Pooled new future transaction"          hash=0xa0524c0a350a628a58b6857f1dd62699be248360afe84ca02bd0fc7a73e69da9 from=0xF430FAcaBDd458C473847F5C7332098a985d3052 to=0x0000000000000000000000000000000000000000
t=2023-06-02T16:09:00+0800 lvl=trce msg="Pooled new future transaction"          hash=0xce45449167ab628c6ee7154043e24edbea5d9bd29e894c56141e8a6a13585d05 from=0xF430FAcaBDd458C473847F5C7332098a985d3052 to=0x0000000000000000000000000000000000000000
t=2023-06-02T16:09:00+0800 lvl=trce msg="Pooled new future transaction"          hash=0x06813dfc9f3388f9dacf53e6e49f048edaa1da5a7fd7833e6ef814997999b02f from=0xF430FAcaBDd458C473847F5C7332098a985d3052 to=0x0000000000000000000000000000000000000000
t=2023-06-02T16:09:00+0800 lvl=trce msg="Pooled new future transaction"          hash=0xffa19c730ac8b0e7ab169f69d448be0a1b8836fb979a3d448a4f9c33bd0248d8 from=0xF430FAcaBDd458C473847F5C7332098a985d3052 to=0x0000000000000000000000000000000000000000
t=2023-06-02T16:09:00+0800 lvl=trce msg="Pooled new future transaction"          hash=0x5516ebe824d4e2cb4c250d17a42db17e3dc9f3a5316405a537966847c6e43e07 from=0xF430FAcaBDd458C473847F5C7332098a985d3052 to=0x0000000000000000000000000000000000000000
t=2023-06-02T16:09:00+0800 lvl=trce msg="Pooled new future transaction"          hash=0x39f82759932f65a36872980d6d4882d91d51441dfc12ce4a34c10cff1df3330e from=0xF430FAcaBDd458C473847F5C7332098a985d3052 to=0x0000000000000000000000000000000000000000
t=2023-06-02T16:09:00+0800 lvl=trce msg="Pooled new future transaction"          hash=0x39b363c8556bef3770912b2e742af556dedfdd0016dbb83f71a28281871d9d2c from=0xF430FAcaBDd458C473847F5C7332098a985d3052 to=0x0000000000000000000000000000000000000000
t=2023-06-02T16:09:00+0800 lvl=trce msg="Pooled new future transaction"          hash=0x76f0dbccad72bae1b5ca0773271e5c2a11fbd934230f84c10a9ea7a9eacae615 from=0xF430FAcaBDd458C473847F5C7332098a985d3052 to=0x0000000000000000000000000000000000000000
t=2023-06-02T16:09:00+0800 lvl=trce msg="Pooled new future transaction"          hash=0xee7352d92c63f56a1f2d24a5317fd982facacedb6ac08f7e6cfb90dfa086efa3 from=0xb71feFeFddA3421352369476ee2e3eA82Abe2499 to=0x0000000000000000000000000000000000000000
t=2023-06-02T16:09:00+0800 lvl=trce msg="Pooled new future transaction"          hash=0xe481c7729c191718df813225a0f59ce310b5d57c27d298b19362b9da43e26b64 from=0xb71feFeFddA3421352369476ee2e3eA82Abe2499 to=0x0000000000000000000000000000000000000000
t=2023-06-02T16:09:00+0800 lvl=trce msg="Pooled new future transaction"          hash=0x8af83bea20cf0aa9e8b17eeee328568d520965009db975ce7f814adb198eaf98 from=0xb71feFeFddA3421352369476ee2e3eA82Abe2499 to=0x0000000000000000000000000000000000000000
t=2023-06-02T16:09:00+0800 lvl=trce msg="Pooled new future transaction"          hash=0xaf2626012b2103ca82186e3f0d497fb69b8aa6539fcad4d3522d2cefef58e3e6 from=0xb71feFeFddA3421352369476ee2e3eA82Abe2499 to=0x0000000000000000000000000000000000000000
t=2023-06-02T16:09:00+0800 lvl=trce msg="Pooled new future transaction"          hash=0x9a49ac131a2d905ff622523d33c5968e4402c625a72156bee8f7843b8453bce5 from=0xb71feFeFddA3421352369476ee2e3eA82Abe2499 to=0x0000000000000000000000000000000000000000
t=2023-06-02T16:09:00+0800 lvl=trce msg="Promoted queued transactions"           count=0
t=2023-06-02T16:09:00+0800 lvl=trce msg="Pooled new future transaction"          hash=0x8b46cb2d5ace098fd290e93831e79a1c502a9a326e71f0204c43c8fab226c41b from=0xb71feFeFddA3421352369476ee2e3eA82Abe2499 to=0x0000000000000000000000000000000000000000
t=2023-06-02T16:09:00+0800 lvl=trce msg="Pooled new future transaction"          hash=0x41894cfda36c3c8d0cd69917227af8570597c8d3988aefad828a86ecb55d492c from=0xb71feFeFddA3421352369476ee2e3eA82Abe2499 to=0x0000000000000000000000000000000000000000
t=2023-06-02T16:09:00+0800 lvl=trce msg="Pooled new future transaction"          hash=0xd74c8e4b3b564b40e68caf729fc1b87d6839847b0963c21f4f2099c324bb2c6a from=0xb71feFeFddA3421352369476ee2e3eA82Abe2499 to=0x0000000000000000000000000000000000000000
t=2023-06-02T16:09:00+0800 lvl=trce msg="Pooled new future transaction"          hash=0xb5099e4eaf3d5f39e7ad064420cf591e5e38bb5e899efd2c63e79fca451a68fd from=0xb71feFeFddA3421352369476ee2e3eA82Abe2499 to=0x0000000000000000000000000000000000000000
t=2023-06-02T16:09:00+0800 lvl=trce msg="Pooled new future transaction"          hash=0x8d1662722e6349f92d25f990d418b49dbc434de418437aa75a849b6939802947 from=0xb71feFeFddA3421352369476ee2e3eA82Abe2499 to=0x0000000000000000000000000000000000000000
t=2023-06-02T16:09:00+0800 lvl=trce msg="Pooled new future transaction"          hash=0x898e4a184c4b53d0d03185372e47bde59f68490b552a1f52c4cecdacc5d2393c from=0xb71feFeFddA3421352369476ee2e3eA82Abe2499 to=0x0000000000000000000000000000000000000000
t=2023-06-02T16:09:00+0800 lvl=trce msg="Pooled new future transaction"          hash=0x7ffc521d256b127952d6694c48960a8012a7400cc258ff0b9ab719448598718d from=0xF430FAcaBDd458C473847F5C7332098a985d3052 to=0x0000000000000000000000000000000000000000
t=2023-06-02T16:09:00+0800 lvl=trce msg="Pooled new future transaction"          hash=0xf7137f2dae4c6d72fcda04ca82e49b4580562e7b5720794d23cd40f5c5e8f272 from=0x66e0851F1a162869024b4C9f6b1C4Fc5cb4832F1 to=0x0000000000000000000000000000000000000000
t=2023-06-02T16:09:00+0800 lvl=trce msg="Removed old queued transactions"        count=0
t=2023-06-02T16:09:00+0800 lvl=trce msg="Removed unpayable queued transactions"  count=0
t=2023-06-02T16:09:00+0800 lvl=trce msg="Promoted queued transactions"           count=1
t=2023-06-02T16:09:00+0800 lvl=trce msg="Pooled new future transaction"          hash=0x808cb278582fe2867ca9a085180a97039c2a005f15699ef98b11f14e8310ac03 from=0xF430FAcaBDd458C473847F5C7332098a985d3052 to=0x0000000000000000000000000000000000000000
t=2023-06-02T16:09:00+0800 lvl=trce msg="Pooled new future transaction"          hash=0x8afe1458822f0cb15399952ea4be6e342b543e03df9a20680fe04301e692ff06 from=0xF430FAcaBDd458C473847F5C7332098a985d3052 to=0x0000000000000000000000000000000000000000
t=2023-06-02T16:09:00+0800 lvl=trce msg="Pooled new future transaction"          hash=0x713378df37e363db092a80b44f60fff09f41800862ef494bbb36759391c735ec from=0xF430FAcaBDd458C473847F5C7332098a985d3052 to=0x0000000000000000000000000000000000000000
t=2023-06-02T16:09:00+0800 lvl=trce msg="Pooled new future transaction"          hash=0xc2d17e5d0d1043a763b7f683a6a11a03c97f876e68680b9d6638bca5494684eb from=0xF430FAcaBDd458C473847F5C7332098a985d3052 to=0x0000000000000000000000000000000000000000
t=2023-06-02T16:09:00+0800 lvl=trce msg="Pooled new future transaction"          hash=0xe1bf43e43679e15243b499bf01b1bf72c7cd53a40b3e96c5f965ceb72d9ef2fd from=0xF430FAcaBDd458C473847F5C7332098a985d3052 to=0x0000000000000000000000000000000000000000
t=2023-06-02T16:09:00+0800 lvl=trce msg="Pooled new future transaction"          hash=0xef478fa5e80cf3c62497d6a395bacb45024b53c4792aed5231b38a39179bb494 from=0xb71feFeFddA3421352369476ee2e3eA82Abe2499 to=0x0000000000000000000000000000000000000000
t=2023-06-02T16:09:00+0800 lvl=trce msg="Pooled new future transaction"          hash=0xc8a7bbe0c0a3602c86599923ee90f5321c86dd3daca45f6a3629bab2c432fd7e from=0xb71feFeFddA3421352369476ee2e3eA82Abe2499 to=0x0000000000000000000000000000000000000000
t=2023-06-02T16:09:00+0800 lvl=trce msg="Pooled new future transaction"          hash=0x1e45cf56e0672bcd29337b07abac5afd847751df2b729c61cb7bc7a63bb4bb6c from=0x66e0851F1a162869024b4C9f6b1C4Fc5cb4832F1 to=0x0000000000000000000000000000000000000000
t=2023-06-02T16:09:00+0800 lvl=trce msg="Pooled new future transaction"          hash=0xfd87bdd18a9c20ebd1f6c4b1d6d5fdfced9eed954e5bd3a5e1d9d69e5114384e from=0xb71feFeFddA3421352369476ee2e3eA82Abe2499 to=0x0000000000000000000000000000000000000000
t=2023-06-02T16:09:00+0800 lvl=trce msg="Removed old queued transactions"        count=0
t=2023-06-02T16:09:00+0800 lvl=trce msg="Pooled new future transaction"          hash=0x0311f3e906677f6f5bd27bb419fce471e423093839521529f8d58d395d689de0 from=0xb71feFeFddA3421352369476ee2e3eA82Abe2499 to=0x0000000000000000000000000000000000000000
t=2023-06-02T16:09:00+0800 lvl=trce msg="Pooled new future transaction"          hash=0x19475dec38688a38f199692b449d0214e789aa5681a725bd27a54ad2dce732a2 from=0xb71feFeFddA3421352369476ee2e3eA82Abe2499 to=0x0000000000000000000000000000000000000000
t=2023-06-02T16:09:00+0800 lvl=trce msg="Pooled new future transaction"          hash=0x8fb51f00a03e02f6731bad43b1e74317b8d53b38e30339ea91491c9462761310 from=0xb71feFeFddA3421352369476ee2e3eA82Abe2499 to=0x0000000000000000000000000000000000000000
t=2023-06-02T16:09:00+0800 lvl=trce msg="Pooled new future transaction"          hash=0xe130f3e5855e4ea13eaa1a481fd117a5279029e07eab08e15f04dba3ccf31e0d from=0xb71feFeFddA3421352369476ee2e3eA82Abe2499 to=0x0000000000000000000000000000000000000000
t=2023-06-02T16:09:00+0800 lvl=trce msg="Pooled new future transaction"          hash=0xb7353d8906745488db821852fb24eba9730bd63c52647ee6b6978fdd8c361a47 from=0xb71feFeFddA3421352369476ee2e3eA82Abe2499 to=0x0000000000000000000000000000000000000000
t=2023-06-02T16:09:00+0800 lvl=trce msg="Pooled new future transaction"          hash=0xeb79ee1c7c918820e010659893b6f6a930abc214518d8ca312f52651235e1c03 from=0xb71feFeFddA3421352369476ee2e3eA82Abe2499 to=0x0000000000000000000000000000000000000000
t=2023-06-02T16:09:00+0800 lvl=trce msg="Pooled new future transaction"          hash=0xfb0232d114ef11d71f9d73c0b124c9de624d03b2fe38180366cf32a6e059879a from=0xb71feFeFddA3421352369476ee2e3eA82Abe2499 to=0x0000000000000000000000000000000000000000
t=2023-06-02T16:09:00+0800 lvl=trce msg="Pooled new future transaction"          hash=0xd8fb864334989c6314f149c09ee2710958ea6d8351ef8b2a7cc28bb4646be70d from=0xb71feFeFddA3421352369476ee2e3eA82Abe2499 to=0x0000000000000000000000000000000000000000
t=2023-06-02T16:09:00+0800 lvl=trce msg="Pooled new future transaction"          hash=0xa6a20c699825a807c84dc6c2468596d13670945a9bcb6e7d4e5a305e2d882c3c from=0xb71feFeFddA3421352369476ee2e3eA82Abe2499 to=0x0000000000000000000000000000000000000000
t=2023-06-02T16:09:00+0800 lvl=trce msg="Pooled new future transaction"          hash=0xef201d22ba08dfeba1988d1292464735b1ffaaa6960d8c83ce473c1a606eda69 from=0xb71feFeFddA3421352369476ee2e3eA82Abe2499 to=0x0000000000000000000000000000000000000000
t=2023-06-02T16:09:00+0800 lvl=trce msg="Pooled new future transaction"          hash=0x83f9dae86d8907431eedd939a79d5540994f857cd417e8a674d78c805001ac87 from=0xb71feFeFddA3421352369476ee2e3eA82Abe2499 to=0x0000000000000000000000000000000000000000
t=2023-06-02T16:09:00+0800 lvl=trce msg="Pooled new future transaction"          hash=0xc6a547021e61143a70f60b4a2b49234bc7c78d3d124012879da5956d71c977ae from=0xb71feFeFddA3421352369476ee2e3eA82Abe2499 to=0x0000000000000000000000000000000000000000
t=2023-06-02T16:09:00+0800 lvl=trce msg="Pooled new future transaction"          hash=0x6f8c519c901a12ef26e2e476bb1b963ca8f0296c062afdd123bd39390be16eeb from=0xb71feFeFddA3421352369476ee2e3eA82Abe2499 to=0x0000000000000000000000000000000000000000
t=2023-06-02T16:09:00+0800 lvl=trce msg="Pooled new future transaction"          hash=0x5f2e8bd41fca3ae2570575f8d580e56ff7030c4dc85d8f479e14316e0b2a3432 from=0xb71feFeFddA3421352369476ee2e3eA82Abe2499 to=0x0000000000000000000000000000000000000000
t=2023-06-02T16:09:00+0800 lvl=trce msg="Removed unpayable queued transactions"  count=0
t=2023-06-02T16:09:00+0800 lvl=trce msg="Promoted queued transactions"           count=0
t=2023-06-02T16:09:00+0800 lvl=trce msg="Pooled new future transaction"          hash=0xbb73d09c54c7147d77be6cbdf19266b1b209b89052c199059c9b84b6963fbf8a from=0xF430FAcaBDd458C473847F5C7332098a985d3052 to=0x0000000000000000000000000000000000000000
t=2023-06-02T16:09:00+0800 lvl=trce msg="Pooled new future transaction"          hash=0x6eb481ee96c3a9c18e672700bd77054cdb1b17f8594de80ae54d912476cd9794 from=0xF430FAcaBDd458C473847F5C7332098a985d3052 to=0x0000000000000000000000000000000000000000
t=2023-06-02T16:09:00+0800 lvl=trce msg="Pooled new future transaction"          hash=0x203dc96c25b1e5785030c7ff08f7b529cb347910e8f9eb5d6db493944bb371d5 from=0xb71feFeFddA3421352369476ee2e3eA82Abe2499 to=0x0000000000000000000000000000000000000000
t=2023-06-02T16:09:00+0800 lvl=trce msg="Pooled new future transaction"          hash=0x9a41f9540278c6a61818871db67232353471f168f347ba4c814a0816f00e5733 from=0xb71feFeFddA3421352369476ee2e3eA82Abe2499 to=0x0000000000000000000000000000000000000000
t=2023-06-02T16:09:00+0800 lvl=trce msg="Pooled new future transaction"          hash=0x42dee5af77c037520bdc16450a09a6146f4666f00a4bfb2a1129374f64be446a from=0xb71feFeFddA3421352369476ee2e3eA82Abe2499 to=0x0000000000000000000000000000000000000000
t=2023-06-02T16:09:00+0800 lvl=trce msg="Pooled new future transaction"          hash=0x56641f20569abe57e174ebd76032fee559b2e78192e13f63d611dc8902669c1d from=0xb71feFeFddA3421352369476ee2e3eA82Abe2499 to=0x0000000000000000000000000000000000000000
t=2023-06-02T16:09:00+0800 lvl=trce msg="Pooled new future transaction"          hash=0x872d11ceeef738e24d9264972dfea9a8c8753b3d71d6f8a0e69d13f600199c9e from=0xb71feFeFddA3421352369476ee2e3eA82Abe2499 to=0x0000000000000000000000000000000000000000
t=2023-06-02T16:09:00+0800 lvl=trce msg="Pooled new future transaction"          hash=0x6b95254952f8eade051129a1cb57e5e49b5895fc69c200f225257319a84e6f2b from=0xb71feFeFddA3421352369476ee2e3eA82Abe2499 to=0x0000000000000000000000000000000000000000
t=2023-06-02T16:09:00+0800 lvl=trce msg="Pooled new future transaction"          hash=0x20c8ce4d2bcebbb6871510bfa48aa8dc4734e387b838fdd642495b4d1a92c8c8 from=0xb71feFeFddA3421352369476ee2e3eA82Abe2499 to=0x0000000000000000000000000000000000000000
t=2023-06-02T16:09:00+0800 lvl=trce msg="Pooled new future transaction"          hash=0xed7867bb6ee2d9ae3e0a1144579629e1811eb8396d0d6ebc07d679dbe601dba6 from=0xb71feFeFddA3421352369476ee2e3eA82Abe2499 to=0x0000000000000000000000000000000000000000
t=2023-06-02T16:09:00+0800 lvl=trce msg="Pooled new future transaction"          hash=0x1d71bbdae13b9fac44e1a9707ec2f53e797ab7f4349877b2e2f14b34d0183d99 from=0xb71feFeFddA3421352369476ee2e3eA82Abe2499 to=0x0000000000000000000000000000000000000000
t=2023-06-02T16:09:00+0800 lvl=trce msg="Pooled new future transaction"          hash=0x487d6dc4e45c6800022d406af96f448ec6d1d17cb709fffe408d25619d6e76a5 from=0x7628e7c918DAaf4dfbF615023fDBcF72b8479bCe to=0x0000000000000000000000000000000000000000
t=2023-06-02T16:09:00+0800 lvl=trce msg="Removed old queued transactions"        count=0
t=2023-06-02T16:09:00+0800 lvl=trce msg="Removed unpayable queued transactions"  count=0
t=2023-06-02T16:09:00+0800 lvl=trce msg="Promoted queued transactions"           count=1
t=2023-06-02T16:09:00+0800 lvl=trce msg="Pooled new future transaction"          hash=0x9746ba9dd2ab10dcf20d9f545b4c3271c6f7f89ddd20c6448c93922b384da48f from=0xF430FAcaBDd458C473847F5C7332098a985d3052 to=0x0000000000000000000000000000000000000000
t=2023-06-02T16:09:00+0800 lvl=trce msg="Pooled new future transaction"          hash=0x48c9e60f06551884874e3e9655c659f296115cacea90ef44b56236d22e0f68c5 from=0xF430FAcaBDd458C473847F5C7332098a985d3052 to=0x0000000000000000000000000000000000000000
t=2023-06-02T16:09:00+0800 lvl=trce msg="Pooled new future transaction"          hash=0xab3021c61a7d1b0fbddf011e7f76177153b8e80176413b2d550ba9437d150b8e from=0xF430FAcaBDd458C473847F5C7332098a985d3052 to=0x0000000000000000000000000000000000000000
t=2023-06-02T16:09:00+0800 lvl=trce msg="Pooled new future transaction"          hash=0xc930c1878559611b73111618acaf90481886d3f23f8cba5a6cd4c5ab544fd4a7 from=0xF430FAcaBDd458C473847F5C7332098a985d3052 to=0x0000000000000000000000000000000000000000
t=2023-06-02T16:09:00+0800 lvl=trce msg="Pooled new future transaction"          hash=0x730c45f511f062df9aa44cc6840b2d1d1e9b04483f287ed211ba3adbbb6a7bd8 from=0xF430FAcaBDd458C473847F5C7332098a985d3052 to=0x0000000000000000000000000000000000000000
t=2023-06-02T16:09:00+0800 lvl=trce msg="Pooled new future transaction"          hash=0xdaca8ab5dc1e3bbb72d1ad5ec3a71b048bbe7ba6f92afddbb16f4e1cc68fc5e0 from=0xF430FAcaBDd458C473847F5C7332098a985d3052 to=0x0000000000000000000000000000000000000000
t=2023-06-02T16:09:00+0800 lvl=trce msg="Pooled new future transaction"          hash=0x8a677080c89ed3b6d895221c337d0e23ec707ab8986f0819568fdff3c5457446 from=0xF430FAcaBDd458C473847F5C7332098a985d3052 to=0x0000000000000000000000000000000000000000
t=2023-06-02T16:09:00+0800 lvl=trce msg="Pooled new future transaction"          hash=0x218f804c833e79680172a2fd9bde1d742c475c442b5d8c65cd8664c0af0dc60f from=0xF430FAcaBDd458C473847F5C7332098a985d3052 to=0x0000000000000000000000000000000000000000
t=2023-06-02T16:09:00+0800 lvl=trce msg="Pooled new future transaction"          hash=0x03b82b7c5bf90e1c893f2c6bdde30f81ed2447e2c056c7954ebb0ee4de809a8b from=0x7628e7c918DAaf4dfbF615023fDBcF72b8479bCe to=0x0000000000000000000000000000000000000000
t=2023-06-02T16:09:00+0800 lvl=trce msg="Removed old queued transactions"        count=0
t=2023-06-02T16:09:00+0800 lvl=trce msg="Removed unpayable queued transactions"  count=0
t=2023-06-02T16:09:00+0800 lvl=trce msg="Promoted queued transactions"           count=0
t=2023-06-02T16:09:00+0800 lvl=trce msg="Pooled new future transaction"          hash=0x4974d5d0a5bcba929161cae076d76a68de6fc10d9bb4b112818c07f2eb7d5e8f from=0xb71feFeFddA3421352369476ee2e3eA82Abe2499 to=0x0000000000000000000000000000000000000000
t=2023-06-02T16:09:00+0800 lvl=trce msg="Pooled new future transaction"          hash=0x35253f5027667c94db4ffd19d478c01e6720b1ef160f569f69c11141a0ac9748 from=0xb71feFeFddA3421352369476ee2e3eA82Abe2499 to=0x0000000000000000000000000000000000000000
t=2023-06-02T16:09:00+0800 lvl=trce msg="Pooled new future transaction"          hash=0x0f3afbcf098508f2802cc3829b156ba5a27245590b6b9b8df06ab1e91bb144ae from=0xb71feFeFddA3421352369476ee2e3eA82Abe2499 to=0x0000000000000000000000000000000000000000
t=2023-06-02T16:09:00+0800 lvl=trce msg="Pooled new future transaction"          hash=0x4df222f313ab33165d38553699d4012af3fdbd1f000895ff0850b46a1b4fb911 from=0xb71feFeFddA3421352369476ee2e3eA82Abe2499 to=0x0000000000000000000000000000000000000000
t=2023-06-02T16:09:00+0800 lvl=trce msg="Pooled new future transaction"          hash=0x22ce8112c12096587615a4337684490d0510ed7deede0777331d8284957d7783 from=0xb71feFeFddA3421352369476ee2e3eA82Abe2499 to=0x0000000000000000000000000000000000000000
t=2023-06-02T16:09:00+0800 lvl=trce msg="Pooled new future transaction"          hash=0xf616c503aa679f2a889c34861432e79ca6e960ae2556ff4c83060ed5468cb538 from=0xb71feFeFddA3421352369476ee2e3eA82Abe2499 to=0x0000000000000000000000000000000000000000
t=2023-06-02T16:09:00+0800 lvl=trce msg="Pooled new future transaction"          hash=0xd09df208ef0e14e754a917d03baf45d853325cc657fc0165d72fb437c5049a97 from=0xb71feFeFddA3421352369476ee2e3eA82Abe2499 to=0x0000000000000000000000000000000000000000
t=2023-06-02T16:09:00+0800 lvl=trce msg="Pooled new future transaction"          hash=0x17733cf92024d60c7337a82bb807dd57ce8fca5b5922c2c9ea7c9c0d12325cd4 from=0xb71feFeFddA3421352369476ee2e3eA82Abe2499 to=0x0000000000000000000000000000000000000000
t=2023-06-02T16:09:00+0800 lvl=trce msg="Pooled new future transaction"          hash=0xa8c7f7ef8e85e88ff4542769052fce5bc87c09cd07752b87c77c7417118efe69 from=0xF430FAcaBDd458C473847F5C7332098a985d3052 to=0x0000000000000000000000000000000000000000
t=2023-06-02T16:09:00+0800 lvl=trce msg="Pooled new future transaction"          hash=0x45fd167a9e86633627fdc318688967a96795d7ef3753f966340f9d29c8027844 from=0xF430FAcaBDd458C473847F5C7332098a985d3052 to=0x0000000000000000000000000000000000000000
t=2023-06-02T16:09:00+0800 lvl=trce msg="Pooled new future transaction"          hash=0x7552595a1a9fb776e4c3f9eea69f7038035ad3493445c6352fb3e74aff88b7cc from=0xF430FAcaBDd458C473847F5C7332098a985d3052 to=0x0000000000000000000000000000000000000000
t=2023-06-02T16:09:00+0800 lvl=trce msg="Pooled new future transaction"          hash=0x3211dfe132cf617198db10270efe9dc0e29e8769fc7d6368fa6723bf699f15d7 from=0xF430FAcaBDd458C473847F5C7332098a985d3052 to=0x0000000000000000000000000000000000000000
t=2023-06-02T16:09:00+0800 lvl=trce msg="Pooled new future transaction"          hash=0xb23115af1c4cd186eeec3e38bec57bc3ef3a86be4c2633ebf808b9aae7a0e2d5 from=0xF430FAcaBDd458C473847F5C7332098a985d3052 to=0x0000000000000000000000000000000000000000
t=2023-06-02T16:09:00+0800 lvl=trce msg="Pooled new future transaction"          hash=0x758f55277bc433aa757757434ead3a86b3fc64b2566d1e6d5e38da8b0a815317 from=0xF430FAcaBDd458C473847F5C7332098a985d3052 to=0x0000000000000000000000000000000000000000
t=2023-06-02T16:09:00+0800 lvl=trce msg="Pooled new future transaction"          hash=0xa5cf50b6a3f422e564bff0c53bb120e9f1f4fbe89d80a6e6f0309bc2d220c280 from=0xF430FAcaBDd458C473847F5C7332098a985d3052 to=0x0000000000000000000000000000000000000000
t=2023-06-02T16:09:00+0800 lvl=trce msg="Pooled new future transaction"          hash=0xbcd041f77874e0d84983ae3093bba72827071852d27c7f4109e155aeb7dc05b1 from=0xF430FAcaBDd458C473847F5C7332098a985d3052 to=0x0000000000000000000000000000000000000000
t=2023-06-02T16:09:00+0800 lvl=trce msg="Pooled new future transaction"          hash=0x72d232cfadb124383b0afd4140e08241ebbdc75d17d80fc037ed01bbaa7b7a73 from=0xF430FAcaBDd458C473847F5C7332098a985d3052 to=0x0000000000000000000000000000000000000000
t=2023-06-02T16:09:00+0800 lvl=trce msg="Pooled new future transaction"          hash=0x8c5b65f3c1a29cf8d9a15a3509d7374e58bb4ef0667c4c9207cf554fb93e6012 from=0xb71feFeFddA3421352369476ee2e3eA82Abe2499 to=0x0000000000000000000000000000000000000000
t=2023-06-02T16:09:00+0800 lvl=trce msg="Pooled new future transaction"          hash=0x2371d20a4f6cd2ddf74c969f0a6331e32b8182a47fc851602444ae9f2ac6fbe2 from=0xb71feFeFddA3421352369476ee2e3eA82Abe2499 to=0x0000000000000000000000000000000000000000
t=2023-06-02T16:09:00+0800 lvl=trce msg="Pooled new future transaction"          hash=0xa2e14ea32e9d5109943071327dc9bb09fb817b5a91e1551b25afc336d4f5b7c1 from=0xb71feFeFddA3421352369476ee2e3eA82Abe2499 to=0x0000000000000000000000000000000000000000
t=2023-06-02T16:09:00+0800 lvl=trce msg="Pooled new future transaction"          hash=0x7175dd849d885814b83ddc180e36df4bcb17a806e8f5555b08eba3b24f6bf666 from=0xb71feFeFddA3421352369476ee2e3eA82Abe2499 to=0x0000000000000000000000000000000000000000
t=2023-06-02T16:09:00+0800 lvl=trce msg="Pooled new future transaction"          hash=0xb4abf5313644321ed07dce8877875f0d854a04b25531a00a44859179f119a23f from=0x66e0851F1a162869024b4C9f6b1C4Fc5cb4832F1 to=0x0000000000000000000000000000000000000000
t=2023-06-02T16:09:00+0800 lvl=trce msg="Removed old queued transactions"        count=0
t=2023-06-02T16:09:00+0800 lvl=trce msg="Removed unpayable queued transactions"  count=0
t=2023-06-02T16:09:00+0800 lvl=trce msg="Promoted queued transactions"           count=1
t=2023-06-02T16:09:00+0800 lvl=trce msg="Pooled new future transaction"          hash=0xb0694dc319b072795706c132b48662756eeeeebcda3de5d71c6f3e233c9b79da from=0xF430FAcaBDd458C473847F5C7332098a985d3052 to=0x0000000000000000000000000000000000000000
t=2023-06-02T16:09:00+0800 lvl=trce msg="Pooled new future transaction"          hash=0x0a047bbd79d97d60649b6872402049b1cf4a07c86eaaeb505f43f152890616a2 from=0xF430FAcaBDd458C473847F5C7332098a985d3052 to=0x0000000000000000000000000000000000000000
t=2023-06-02T16:09:00+0800 lvl=trce msg="Pooled new future transaction"          hash=0x82368373b7e7004aa5db295012a4968e3d84801a3c8cdacb711e559e6e2aae73 from=0xF430FAcaBDd458C473847F5C7332098a985d3052 to=0x0000000000000000000000000000000000000000
t=2023-06-02T16:09:00+0800 lvl=trce msg="Pooled new future transaction"          hash=0x1b9d4c810b37d47e1cf9f50675fb8fa537fcd4eb50a6c17e7bb538b8895045f0 from=0xF430FAcaBDd458C473847F5C7332098a985d3052 to=0x0000000000000000000000000000000000000000
t=2023-06-02T16:09:00+0800 lvl=trce msg="Pooled new future transaction"          hash=0xd4cbdef6416a1d8100feb19cb3aabdfd04122887fad999529f1e0c9506a15539 from=0xF430FAcaBDd458C473847F5C7332098a985d3052 to=0x0000000000000000000000000000000000000000
t=2023-06-02T16:09:00+0800 lvl=trce msg="Pooled new future transaction"          hash=0x9d2e60ed987eb21e8e8dee4ff0c7c8b5cb5e6b37ca6d395ce89fef4522a147ad from=0xF430FAcaBDd458C473847F5C7332098a985d3052 to=0x0000000000000000000000000000000000000000
t=2023-06-02T16:09:00+0800 lvl=trce msg="Pooled new future transaction"          hash=0x005900049c8567329f75d43084b7f05633e6687accde2060bf4c871e357de28d from=0xF430FAcaBDd458C473847F5C7332098a985d3052 to=0x0000000000000000000000000000000000000000
t=2023-06-02T16:09:00+0800 lvl=trce msg="Pooled new future transaction"          hash=0xe63685747e522e499ceded9b0ddfee37bbef3dd69589db20baf367e6441ef38b from=0xF430FAcaBDd458C473847F5C7332098a985d3052 to=0x0000000000000000000000000000000000000000
t=2023-06-02T16:09:00+0800 lvl=trce msg="Pooled new future transaction"          hash=0x44b2505ed7b9444fb65f8266a42a46ff600f665104aa384fe227b00d2a46d511 from=0xF430FAcaBDd458C473847F5C7332098a985d3052 to=0x0000000000000000000000000000000000000000
t=2023-06-02T16:09:00+0800 lvl=trce msg="Pooled new future transaction"          hash=0x3bcef41bba5cd6bc1901fa99ab6121cd00cf148613342b254a3ef14ff0d4e4a3 from=0xF430FAcaBDd458C473847F5C7332098a985d3052 to=0x0000000000000000000000000000000000000000
t=2023-06-02T16:09:00+0800 lvl=trce msg="Pooled new future transaction"          hash=0xe1a5cb078a9eca025fcad2b0453052ea6baeadc51b576681843c4fef6f16e062 from=0xF430FAcaBDd458C473847F5C7332098a985d3052 to=0x0000000000000000000000000000000000000000
t=2023-06-02T16:09:00+0800 lvl=trce msg="Pooled new future transaction"          hash=0x1a1895c12bdf206dadac4de762e7ec87bf5fdb8cb59edb751b5d461ad3469c30 from=0xb71feFeFddA3421352369476ee2e3eA82Abe2499 to=0x0000000000000000000000000000000000000000
t=2023-06-02T16:09:00+0800 lvl=trce msg="Pooled new future transaction"          hash=0xf7a039166eba8bb1af5fe257cfb9089b25881874c8156bec93121fbc2bd7774d from=0xF430FAcaBDd458C473847F5C7332098a985d3052 to=0x0000000000000000000000000000000000000000
t=2023-06-02T16:09:00+0800 lvl=trce msg="Pooled new future transaction"          hash=0xceffff8f40a14fc37af088904bffafd1b49591d48e55cc47fefb324c8a5a87fc from=0xb71feFeFddA3421352369476ee2e3eA82Abe2499 to=0x0000000000000000000000000000000000000000
t=2023-06-02T16:09:00+0800 lvl=trce msg="Pooled new future transaction"          hash=0x6f741205301c94a9dfb81182ce0de81e7b4590776855c38f72f6659077702534 from=0xb71feFeFddA3421352369476ee2e3eA82Abe2499 to=0x0000000000000000000000000000000000000000
t=2023-06-02T16:09:00+0800 lvl=trce msg="Pooled new future transaction"          hash=0xe9257fa2c448c02e58f54a1c55e15cec7afc9d3f4f73d6d9829fc865387c0ee0 from=0xb71feFeFddA3421352369476ee2e3eA82Abe2499 to=0x0000000000000000000000000000000000000000
t=2023-06-02T16:09:00+0800 lvl=trce msg="Pooled new future transaction"          hash=0x1434f0cfc4d996e57a7a49f88e7ee190c3da53c3617b9622297fe46d88862a5c from=0xb71feFeFddA3421352369476ee2e3eA82Abe2499 to=0x0000000000000000000000000000000000000000
t=2023-06-02T16:09:00+0800 lvl=trce msg="Pooled new future transaction"          hash=0xe37c08a40d0837f2bbece3a7528f4068e21c70171b29fa6fcc6a74ea181380f6 from=0xb71feFeFddA3421352369476ee2e3eA82Abe2499 to=0x0000000000000000000000000000000000000000
t=2023-06-02T16:09:00+0800 lvl=trce msg="Pooled new future transaction"          hash=0x565effd746335b6426b69d6cfa0c65770a72ce5edd504b7ec918534f02e1766a from=0xb71feFeFddA3421352369476ee2e3eA82Abe2499 to=0x0000000000000000000000000000000000000000
t=2023-06-02T16:09:00+0800 lvl=trce msg="Pooled new future transaction"          hash=0x49b6c60ed48783fb902b9d2f2bfd87f4d9f913605cff594b1389880ee44dd5ab from=0xb71feFeFddA3421352369476ee2e3eA82Abe2499 to=0x0000000000000000000000000000000000000000
t=2023-06-02T16:09:00+0800 lvl=trce msg="Pooled new future transaction"          hash=0x87ba0e0702372fce0bc2e09a933f132f9187d802acc5ab393302c3effbc8323f from=0xb71feFeFddA3421352369476ee2e3eA82Abe2499 to=0x0000000000000000000000000000000000000000
t=2023-06-02T16:09:00+0800 lvl=trce msg="Pooled new future transaction"          hash=0x1a66d889b11a91b2abbb3c020230872d8346be037b87dfa790e18f4334f46f5d from=0x66e0851F1a162869024b4C9f6b1C4Fc5cb4832F1 to=0x0000000000000000000000000000000000000000
t=2023-06-02T16:09:00+0800 lvl=trce msg="Removed old queued transactions"        count=0
t=2023-06-02T16:09:00+0800 lvl=trce msg="Removed unpayable queued transactions"  count=0
t=2023-06-02T16:09:00+0800 lvl=trce msg="Promoted queued transactions"           count=0
t=2023-06-02T16:09:00+0800 lvl=trce msg="Pooled new future transaction"          hash=0x4505188ac342a8aec52c83a7cc83c4e2ddbc87e7c6e8a3397a9f75ab55c6a819 from=0xF430FAcaBDd458C473847F5C7332098a985d3052 to=0x0000000000000000000000000000000000000000
t=2023-06-02T16:09:00+0800 lvl=trce msg="Pooled new future transaction"          hash=0x498120f7e5f524ac886ef67fc6dc2aae1522c4291429cc37f52064fd539585fb from=0xF430FAcaBDd458C473847F5C7332098a985d3052 to=0x0000000000000000000000000000000000000000
t=2023-06-02T16:09:00+0800 lvl=trce msg="Pooled new future transaction"          hash=0x1edf1ab630c4af544fc1a1434efdb853cd6d7fef33d10cbfdb6658e1466227e9 from=0xF430FAcaBDd458C473847F5C7332098a985d3052 to=0x0000000000000000000000000000000000000000
t=2023-06-02T16:09:00+0800 lvl=trce msg="Pooled new future transaction"          hash=0xefa34673590cdab4a21f9171172edfb57ae68dff0e9679948a8817a5dc64cf9f from=0xb71feFeFddA3421352369476ee2e3eA82Abe2499 to=0x0000000000000000000000000000000000000000
t=2023-06-02T16:09:00+0800 lvl=trce msg="Pooled new future transaction"          hash=0x10d411f7795388e050c53dc526e12aa69d1742dcbcb6cebd3a161c1c90d35fc2 from=0x7628e7c918DAaf4dfbF615023fDBcF72b8479bCe to=0x0000000000000000000000000000000000000000
t=2023-06-02T16:09:00+0800 lvl=trce msg="Removed old queued transactions"        count=0
t=2023-06-02T16:09:00+0800 lvl=trce msg="Pooled new future transaction"          hash=0x8bedf43cde11abec1f1ab6cc2a1b96943d699c6518fe4a9f7be12acd2365f48f from=0xF430FAcaBDd458C473847F5C7332098a985d3052 to=0x0000000000000000000000000000000000000000
t=2023-06-02T16:09:00+0800 lvl=trce msg="Pooled new future transaction"          hash=0x95358b8332b554e81ce9baee41bad4976cc9911f7a306a5ee7b863ee67009e8f from=0xF430FAcaBDd458C473847F5C7332098a985d3052 to=0x0000000000000000000000000000000000000000
t=2023-06-02T16:09:00+0800 lvl=trce msg="Pooled new future transaction"          hash=0xdf83adce0497221d581672a477e6999f89a71ca8f52544b1ca74f9bb59581f2a from=0xF430FAcaBDd458C473847F5C7332098a985d3052 to=0x0000000000000000000000000000000000000000
t=2023-06-02T16:09:00+0800 lvl=trce msg="Pooled new future transaction"          hash=0xa74c6aa514a947fbac86b61a6e0d517e6079507b59b2a9346a4e4b0fa4d0fd42 from=0xb71feFeFddA3421352369476ee2e3eA82Abe2499 to=0x0000000000000000000000000000000000000000
t=2023-06-02T16:09:00+0800 lvl=trce msg="Pooled new future transaction"          hash=0x385827b52287ef2355c34f4e97fe8150c0d00694aae9c092a82078a48bbce5d4 from=0xF430FAcaBDd458C473847F5C7332098a985d3052 to=0x0000000000000000000000000000000000000000
t=2023-06-02T16:09:00+0800 lvl=trce msg="Pooled new future transaction"          hash=0x8a14267207ef85091b9b27ad664b61141c1304499c8fc761c2dfba5610a14cad from=0xb71feFeFddA3421352369476ee2e3eA82Abe2499 to=0x0000000000000000000000000000000000000000
t=2023-06-02T16:09:00+0800 lvl=trce msg="Pooled new future transaction"          hash=0x28d983614091ee5362d837c50e4bab898159b2b2fe6d786a61a93c34a154d780 from=0xb71feFeFddA3421352369476ee2e3eA82Abe2499 to=0x0000000000000000000000000000000000000000
t=2023-06-02T16:09:00+0800 lvl=trce msg="Pooled new future transaction"          hash=0x44284f95ca3e0a37f79e3456b34f8c4cdabcae3fcdefea3c97e09a03ce9d7ea4 from=0xb71feFeFddA3421352369476ee2e3eA82Abe2499 to=0x0000000000000000000000000000000000000000
t=2023-06-02T16:09:00+0800 lvl=trce msg="Pooled new future transaction"          hash=0x8cca3f5da54aefaf84bcca55a06c3856f966f1be830117f63938199d7eedcb8e from=0xb71feFeFddA3421352369476ee2e3eA82Abe2499 to=0x0000000000000000000000000000000000000000
t=2023-06-02T16:09:00+0800 lvl=trce msg="Pooled new future transaction"          hash=0xb777e5d7d2610a29f0afc1260d1c2cce668ac6ce7310dc72cdd3098b6a9404dc from=0xb71feFeFddA3421352369476ee2e3eA82Abe2499 to=0x0000000000000000000000000000000000000000
t=2023-06-02T16:09:00+0800 lvl=trce msg="Pooled new future transaction"          hash=0xb7c02c21147400967b56d8162f812ce479286ad47e8efdf00109be8408798f56 from=0xb71feFeFddA3421352369476ee2e3eA82Abe2499 to=0x0000000000000000000000000000000000000000
t=2023-06-02T16:09:00+0800 lvl=trce msg="Pooled new future transaction"          hash=0x163b936a59b865b8d9d246060c28b4e6e916c1eaca14db838ac8a253b65e77d1 from=0xb71feFeFddA3421352369476ee2e3eA82Abe2499 to=0x0000000000000000000000000000000000000000
t=2023-06-02T16:09:00+0800 lvl=trce msg="Pooled new future transaction"          hash=0x546e7cf9175359940ac09a74c238997f1dce4ff5799eaf41e859637ecb4c786a from=0xb71feFeFddA3421352369476ee2e3eA82Abe2499 to=0x0000000000000000000000000000000000000000
t=2023-06-02T16:09:00+0800 lvl=trce msg="Pooled new future transaction"          hash=0xa7b9f3624337ac1d29fb9ba2faeb5d2a7c7b78052c6d624481464e0b99905c4d from=0xF430FAcaBDd458C473847F5C7332098a985d3052 to=0x0000000000000000000000000000000000000000
t=2023-06-02T16:09:00+0800 lvl=trce msg="Pooled new future transaction"          hash=0x27d5e577e01c5f49739e535fcb0f5e59b124734146a2fd730d239d9489cefdbf from=0xF430FAcaBDd458C473847F5C7332098a985d3052 to=0x0000000000000000000000000000000000000000
t=2023-06-02T16:09:00+0800 lvl=trce msg="Pooled new future transaction"          hash=0x6b788e59e98103fbefb6d1d7b27a396c0deeeee3ace7981c5e3bc4234573e6f9 from=0xF430FAcaBDd458C473847F5C7332098a985d3052 to=0x0000000000000000000000000000000000000000
t=2023-06-02T16:09:00+0800 lvl=trce msg="Pooled new future transaction"          hash=0xec3557c251aa6111aaf5253f20b5c7a24a088b5485873de45b32a7baf26bc15f from=0xF430FAcaBDd458C473847F5C7332098a985d3052 to=0x0000000000000000000000000000000000000000
t=2023-06-02T16:09:00+0800 lvl=trce msg="Pooled new future transaction"          hash=0xec1e9d6d46de17ef648b6be748caa66cf653ff457a9c770ac310b60da5d2c321 from=0xF430FAcaBDd458C473847F5C7332098a985d3052 to=0x0000000000000000000000000000000000000000
t=2023-06-02T16:09:00+0800 lvl=trce msg="Removed unpayable queued transactions"  count=0
t=2023-06-02T16:09:00+0800 lvl=trce msg="Pooled new future transaction"          hash=0xc486bfdb18110eaea8b02d06969baba594bc1f2e40d19cf337cbee142ea03ffd from=0xF430FAcaBDd458C473847F5C7332098a985d3052 to=0x0000000000000000000000000000000000000000
t=2023-06-02T16:09:00+0800 lvl=trce msg="Promoted queued transactions"           count=1
t=2023-06-02T16:09:00+0800 lvl=trce msg="Pooled new future transaction"          hash=0xc67b93e235943fa34ebd1423a037de19ca152e53c27a48bbdd08985214dcc318 from=0xF430FAcaBDd458C473847F5C7332098a985d3052 to=0x0000000000000000000000000000000000000000
t=2023-06-02T16:09:00+0800 lvl=trce msg="Pooled new future transaction"          hash=0x3cb12c98a796950401da62f671a3a6ab339204f923d21f46d177212705b98370 from=0xb71feFeFddA3421352369476ee2e3eA82Abe2499 to=0x0000000000000000000000000000000000000000
t=2023-06-02T16:09:00+0800 lvl=trce msg="Pooled new future transaction"          hash=0xc1b1209bd5785323c2759798aa145aaff950402315113333cccdcb36c197b52a from=0xb71feFeFddA3421352369476ee2e3eA82Abe2499 to=0x0000000000000000000000000000000000000000
t=2023-06-02T16:09:00+0800 lvl=trce msg="Pooled new future transaction"          hash=0x670ff27acfe6a188a4a2409a1de93f054f3d39b8b2bf7071333cb714fce2b1cf from=0xb71feFeFddA3421352369476ee2e3eA82Abe2499 to=0x0000000000000000000000000000000000000000
t=2023-06-02T16:09:00+0800 lvl=trce msg="Pooled new future transaction"          hash=0x504912af392a29375675cb9f1756e369aacf789ae789c4e7f0be5c8f72a882d8 from=0xF430FAcaBDd458C473847F5C7332098a985d3052 to=0x0000000000000000000000000000000000000000
t=2023-06-02T16:09:00+0800 lvl=trce msg="Pooled new future transaction"          hash=0x4beb99a67e68444586b411541a9e5be6690d1f744b09aff776e679bbad1a2426 from=0xF430FAcaBDd458C473847F5C7332098a985d3052 to=0x0000000000000000000000000000000000000000
t=2023-06-02T16:09:00+0800 lvl=trce msg="Pooled new future transaction"          hash=0xcd8fdae19d98f3367e558230904799f72ee83a308df97948126f4d602da7e9c1 from=0x7628e7c918DAaf4dfbF615023fDBcF72b8479bCe to=0x0000000000000000000000000000000000000000
t=2023-06-02T16:09:00+0800 lvl=trce msg="Removed old queued transactions"        count=0
t=2023-06-02T16:09:00+0800 lvl=trce msg="Removed unpayable queued transactions"  count=0
t=2023-06-02T16:09:00+0800 lvl=trce msg="Promoted queued transactions"           count=0
t=2023-06-02T16:09:00+0800 lvl=trce msg="Pooled new future transaction"          hash=0x2fbf0a3fbaae55842ca644e770a2298002e7011c241e5136ef07216658300fe7 from=0xb71feFeFddA3421352369476ee2e3eA82Abe2499 to=0x0000000000000000000000000000000000000000
t=2023-06-02T16:09:00+0800 lvl=trce msg="Pooled new future transaction"          hash=0xe149a8f5e60fe2026c3bdf6bf51be813a92d99104f6336138a163b8a746dd92d from=0xb71feFeFddA3421352369476ee2e3eA82Abe2499 to=0x0000000000000000000000000000000000000000
t=2023-06-02T16:09:00+0800 lvl=trce msg="Pooled new future transaction"          hash=0xb54456574fd4b4e101dffcf7a0a7b3bb872ff27bd3ed794a68348769d8ae8738 from=0xb71feFeFddA3421352369476ee2e3eA82Abe2499 to=0x0000000000000000000000000000000000000000
t=2023-06-02T16:09:00+0800 lvl=trce msg="Pooled new future transaction"          hash=0x4db439a105c6952500d42327cb82a3cd7fb39c95990b9493c50796169c7a4a83 from=0xb71feFeFddA3421352369476ee2e3eA82Abe2499 to=0x0000000000000000000000000000000000000000
t=2023-06-02T16:09:00+0800 lvl=trce msg="Pooled new future transaction"          hash=0x2caf628c1cbf04e14dc4c755d50743e6d96855202c355a06c1e2f3947c5fd1e3 from=0xb71feFeFddA3421352369476ee2e3eA82Abe2499 to=0x0000000000000000000000000000000000000000
t=2023-06-02T16:09:00+0800 lvl=trce msg="Pooled new future transaction"          hash=0xba085255aa5caeb3ed9096439a3804304e8d04408159e81a55ef20d9a4426282 from=0xb71feFeFddA3421352369476ee2e3eA82Abe2499 to=0x0000000000000000000000000000000000000000
t=2023-06-02T16:09:00+0800 lvl=trce msg="Pooled new future transaction"          hash=0xebc7f5430afeec4ae952e67306caa2732ba75e705ff539fbc3eee9863d3aa554 from=0xb71feFeFddA3421352369476ee2e3eA82Abe2499 to=0x0000000000000000000000000000000000000000
t=2023-06-02T16:09:00+0800 lvl=trce msg="Pooled new future transaction"          hash=0xa1f17619da96495410b51a46255bb961f86e28b3b06bd9920b7b6e2d9527c112 from=0xb71feFeFddA3421352369476ee2e3eA82Abe2499 to=0x0000000000000000000000000000000000000000
t=2023-06-02T16:09:00+0800 lvl=trce msg="Pooled new future transaction"          hash=0x7e35c69d63c14392755f15d1c3b5ff62c228b18fa54f5e5c5a9ae45239c50eff from=0xb71feFeFddA3421352369476ee2e3eA82Abe2499 to=0x0000000000000000000000000000000000000000
t=2023-06-02T16:09:00+0800 lvl=trce msg="Pooled new future transaction"          hash=0xe4aa93bcb52a2a5a7207745437a62f314c188fd99b834030c8d958c95fc55c48 from=0x66e0851F1a162869024b4C9f6b1C4Fc5cb4832F1 to=0x0000000000000000000000000000000000000000
t=2023-06-02T16:09:00+0800 lvl=trce msg="Removed old queued transactions"        count=0
t=2023-06-02T16:09:00+0800 lvl=trce msg="Removed unpayable queued transactions"  count=0
t=2023-06-02T16:09:00+0800 lvl=trce msg="Promoted queued transactions"           count=1
t=2023-06-02T16:09:00+0800 lvl=trce msg="Pooled new future transaction"          hash=0x0f8c5146be9e0c076f194d6ad9cf65ca0d0a2406cbd988365b92cb23cc2f44d9 from=0xF430FAcaBDd458C473847F5C7332098a985d3052 to=0x0000000000000000000000000000000000000000
t=2023-06-02T16:09:00+0800 lvl=trce msg="Pooled new future transaction"          hash=0x99ea9331267a9a17342bc56b2d8219d45f9a80fd5190cc72471f6d7b7226d4ef from=0xF430FAcaBDd458C473847F5C7332098a985d3052 to=0x0000000000000000000000000000000000000000
t=2023-06-02T16:09:00+0800 lvl=trce msg="Pooled new future transaction"          hash=0xf89f5ed7fccb87e95ed724e46bfa8fc43f0b2b2499457718dc4eb3bd60e2ad00 from=0x66e0851F1a162869024b4C9f6b1C4Fc5cb4832F1 to=0x0000000000000000000000000000000000000000
t=2023-06-02T16:09:00+0800 lvl=trce msg="Removed old queued transactions"        count=0
t=2023-06-02T16:09:00+0800 lvl=trce msg="Pooled new future transaction"          hash=0xd35d01f160abb09af30ae351a6990442c663e107b421ac68c37a58ea88b74fb6 from=0xb71feFeFddA3421352369476ee2e3eA82Abe2499 to=0x0000000000000000000000000000000000000000
t=2023-06-02T16:09:00+0800 lvl=trce msg="Pooled new future transaction"          hash=0x6baa7b3df7df0421aa94815fd3c0a341500f7c6ddbbd77a86f0cb66cf2f5bddf from=0xb71feFeFddA3421352369476ee2e3eA82Abe2499 to=0x0000000000000000000000000000000000000000
t=2023-06-02T16:09:00+0800 lvl=trce msg="Pooled new future transaction"          hash=0x5557cbaacec71ae509fe2ebe7a1f44f161a29fca6efb01134b6997a869ef4a95 from=0xb71feFeFddA3421352369476ee2e3eA82Abe2499 to=0x0000000000000000000000000000000000000000
t=2023-06-02T16:09:00+0800 lvl=trce msg="Pooled new future transaction"          hash=0x8f56f875cc956258e43ed0e5e7f07895464ed3047856f9d2d27c61315639fba4 from=0xb71feFeFddA3421352369476ee2e3eA82Abe2499 to=0x0000000000000000000000000000000000000000
t=2023-06-02T16:09:00+0800 lvl=trce msg="Pooled new future transaction"          hash=0x4086a60b42027e1812c488d2a6e62e7cbd67da449828c33013733d6f9d4bc6c2 from=0xb71feFeFddA3421352369476ee2e3eA82Abe2499 to=0x0000000000000000000000000000000000000000
t=2023-06-02T16:09:00+0800 lvl=trce msg="Removed unpayable queued transactions"  count=0
t=2023-06-02T16:09:00+0800 lvl=trce msg="Pooled new future transaction"          hash=0x9d671978cae2a06ece85e34675a0ad5125b44da0b0a6eb20151d1225da61ddc7 from=0xb71feFeFddA3421352369476ee2e3eA82Abe2499 to=0x0000000000000000000000000000000000000000
t=2023-06-02T16:09:00+0800 lvl=trce msg="Pooled new future transaction"          hash=0x1b3e3dc2fe534a5b3a2bf4fed0563b16c0641201993791b4e99fbb511c71a72d from=0xb71feFeFddA3421352369476ee2e3eA82Abe2499 to=0x0000000000000000000000000000000000000000
t=2023-06-02T16:09:00+0800 lvl=trce msg="Pooled new future transaction"          hash=0xc28f911de2baae8b55d18cedad516b6e0a29c0776eb311b43f020ddaac92f21a from=0xb71feFeFddA3421352369476ee2e3eA82Abe2499 to=0x0000000000000000000000000000000000000000
t=2023-06-02T16:09:00+0800 lvl=trce msg="Pooled new future transaction"          hash=0xf781811383edfa837a26be0f32a814883114302aaf7a77aa0616febc274ece47 from=0xb71feFeFddA3421352369476ee2e3eA82Abe2499 to=0x0000000000000000000000000000000000000000
t=2023-06-02T16:09:00+0800 lvl=trce msg="Pooled new future transaction"          hash=0xe0731391cef2ecb68be9f25fe0f599e7831ffbde6feac596f28372adbd488c4f from=0xb71feFeFddA3421352369476ee2e3eA82Abe2499 to=0x0000000000000000000000000000000000000000
t=2023-06-02T16:09:00+0800 lvl=trce msg="Pooled new future transaction"          hash=0x2e3579eb3adb444551b5c4d0467ab2b9bf25eed58f5d9c78eccbf3ef9ef1cc32 from=0xb71feFeFddA3421352369476ee2e3eA82Abe2499 to=0x0000000000000000000000000000000000000000
t=2023-06-02T16:09:00+0800 lvl=trce msg="Pooled new future transaction"          hash=0x3e58e7b067184fb7214b91f6a9bd7595d7ea973c6a1ab6cf6699ff6ab7458fc9 from=0xb71feFeFddA3421352369476ee2e3eA82Abe2499 to=0x0000000000000000000000000000000000000000
t=2023-06-02T16:09:00+0800 lvl=trce msg="Pooled new future transaction"          hash=0x22fa6fa8cd1da260baf499b5fbfe0ad07a038c43b0b5506553849a62d1b6b817 from=0xb71feFeFddA3421352369476ee2e3eA82Abe2499 to=0x0000000000000000000000000000000000000000
t=2023-06-02T16:09:00+0800 lvl=trce msg="Pooled new future transaction"          hash=0x1dd82eedfd18ba9aba0211d0269b6fe354de0170429a9c7de02be2146753dccb from=0xb71feFeFddA3421352369476ee2e3eA82Abe2499 to=0x0000000000000000000000000000000000000000
t=2023-06-02T16:09:00+0800 lvl=trce msg="Pooled new future transaction"          hash=0x1df0ea09d6a490e6f902a759a5ec31d07350be1b3853713c95606360c8f3b398 from=0xb71feFeFddA3421352369476ee2e3eA82Abe2499 to=0x0000000000000000000000000000000000000000
t=2023-06-02T16:09:00+0800 lvl=trce msg="Pooled new future transaction"          hash=0x6131316f71d3169a3b6fb7901e5cdf47d1092a98abb843b7ff08cc25bc283bc2 from=0xb71feFeFddA3421352369476ee2e3eA82Abe2499 to=0x0000000000000000000000000000000000000000
t=2023-06-02T16:09:00+0800 lvl=trce msg="Promoted queued transactions"           count=0
t=2023-06-02T16:09:00+0800 lvl=trce msg="Pooled new future transaction"          hash=0x90a9fbbdedfcdac13b4890b305a914cf4501ffa1ab8865b8ae4ca793b85e6c68 from=0xF430FAcaBDd458C473847F5C7332098a985d3052 to=0x0000000000000000000000000000000000000000
t=2023-06-02T16:09:00+0800 lvl=trce msg="Pooled new future transaction"          hash=0x0207c05233c8b470b7fcdfb74c3bbe25b43fbb4215f27f41de673b2a2cc34748 from=0xF430FAcaBDd458C473847F5C7332098a985d3052 to=0x0000000000000000000000000000000000000000
t=2023-06-02T16:09:00+0800 lvl=trce msg="Pooled new future transaction"          hash=0x3fd6f854baff268bef8e5b069a9ceee051ed4edca4a5dfd409548f5e2cd3e9e0 from=0xF430FAcaBDd458C473847F5C7332098a985d3052 to=0x0000000000000000000000000000000000000000
t=2023-06-02T16:09:00+0800 lvl=trce msg="Pooled new future transaction"          hash=0x98f4c94f17ad70fa1720d330f5edb4982cbc73683692c3d48f91a6954c091be3 from=0xF430FAcaBDd458C473847F5C7332098a985d3052 to=0x0000000000000000000000000000000000000000
t=2023-06-02T16:09:00+0800 lvl=trce msg="Pooled new future transaction"          hash=0x125d7a3cb0241ff087cfbb411dbe6c43177b7c42a89502b7d44f4254ce814f8f from=0xb71feFeFddA3421352369476ee2e3eA82Abe2499 to=0x0000000000000000000000000000000000000000
t=2023-06-02T16:09:00+0800 lvl=trce msg="Pooled new future transaction"          hash=0x0440706db42bb49cb1f10c3fb6a74c34c932c171c36d0e62b01c6bfc681d74bb from=0xb71feFeFddA3421352369476ee2e3eA82Abe2499 to=0x0000000000000000000000000000000000000000
t=2023-06-02T16:09:00+0800 lvl=trce msg="Pooled new future transaction"          hash=0xaf11e835c8c2ef3880942da31cee1aa3c69aca1e8b6b8d44eb6abd4ddfcc1ee1 from=0xb71feFeFddA3421352369476ee2e3eA82Abe2499 to=0x0000000000000000000000000000000000000000
t=2023-06-02T16:09:00+0800 lvl=trce msg="Pooled new future transaction"          hash=0x8006087e607b3576f750e86d5532ed1557eb15ccf4de0d1a97bfa1ee069fe5a5 from=0xb71feFeFddA3421352369476ee2e3eA82Abe2499 to=0x0000000000000000000000000000000000000000
t=2023-06-02T16:09:00+0800 lvl=trce msg="Pooled new future transaction"          hash=0xe632653823c6c68c291bcb4c887e3bd6a1bca87c8ee1a484e4ec7e77979e1346 from=0xF430FAcaBDd458C473847F5C7332098a985d3052 to=0x0000000000000000000000000000000000000000
t=2023-06-02T16:09:00+0800 lvl=trce msg="Pooled new future transaction"          hash=0x30800c4e67fd90854dd63c53d5bd0dd6dbebc3033d2ec52efea13882ce7f9ab4 from=0xF430FAcaBDd458C473847F5C7332098a985d3052 to=0x0000000000000000000000000000000000000000
t=2023-06-02T16:09:00+0800 lvl=trce msg="Pooled new future transaction"          hash=0xf942c7a84eb4e8017fb55acc701e8e03e5a421acb23ba551e156ad07b987f567 from=0xF430FAcaBDd458C473847F5C7332098a985d3052 to=0x0000000000000000000000000000000000000000
t=2023-06-02T16:09:00+0800 lvl=trce msg="Pooled new future transaction"          hash=0x7f8f1f5ec0458643f989630a62c23dfcb9eac2e82f7038aa4b59521111953920 from=0xF430FAcaBDd458C473847F5C7332098a985d3052 to=0x0000000000000000000000000000000000000000
t=2023-06-02T16:09:00+0800 lvl=trce msg="Pooled new future transaction"          hash=0xa7b3c2a43653900dcb6701d73131c94d6eaeed4a581bf8b5b828188a49ae5979 from=0xF430FAcaBDd458C473847F5C7332098a985d3052 to=0x0000000000000000000000000000000000000000
t=2023-06-02T16:09:00+0800 lvl=trce msg="Pooled new future transaction"          hash=0x99c001821db51b99041e34efa424e2d0620eca172cb2a53b1164f1e4f0d9d160 from=0xF430FAcaBDd458C473847F5C7332098a985d3052 to=0x0000000000000000000000000000000000000000
t=2023-06-02T16:09:00+0800 lvl=trce msg="Pooled new future transaction"          hash=0xed99c80941db4110fb559bba27c8948e2246a0bb5f11971469241be8b83caf38 from=0xF430FAcaBDd458C473847F5C7332098a985d3052 to=0x0000000000000000000000000000000000000000
t=2023-06-02T16:09:00+0800 lvl=trce msg="Pooled new future transaction"          hash=0xa6572ce1adfefc1112693d15f750d75fdd52cab39268fd6ab68d89cd17a2f60f from=0xF430FAcaBDd458C473847F5C7332098a985d3052 to=0x0000000000000000000000000000000000000000
t=2023-06-02T16:09:00+0800 lvl=trce msg="Pooled new future transaction"          hash=0x0a5b1295922d32cd3bd2d16635c735bb1d8ed0cb4623c1cafe91b3fafe56f839 from=0xF430FAcaBDd458C473847F5C7332098a985d3052 to=0x0000000000000000000000000000000000000000
t=2023-06-02T16:09:00+0800 lvl=trce msg="Pooled new future transaction"          hash=0x0edeb6279a02e10e57dc29acb8617a04f5561c45ea212be9f964299da6824315 from=0xF430FAcaBDd458C473847F5C7332098a985d3052 to=0x0000000000000000000000000000000000000000
t=2023-06-02T16:09:00+0800 lvl=trce msg="Pooled new future transaction"          hash=0x06d4d9a9bbf4bc4068f6c255f738ef343d2a635f279407f7b44c1bcc386ae7b1 from=0xF430FAcaBDd458C473847F5C7332098a985d3052 to=0x0000000000000000000000000000000000000000
t=2023-06-02T16:09:00+0800 lvl=trce msg="Pooled new future transaction"          hash=0x173ebed666fc8eaccc635ed410abe6ebac392badb4a24492f5ea7ee6cdbfa9d6 from=0xF430FAcaBDd458C473847F5C7332098a985d3052 to=0x0000000000000000000000000000000000000000
t=2023-06-02T16:09:00+0800 lvl=trce msg="Pooled new future transaction"          hash=0xafb7b027f1899cb7765cab678dca7183fa80bab9cfb8cc554e2d66c393811cac from=0xb71feFeFddA3421352369476ee2e3eA82Abe2499 to=0x0000000000000000000000000000000000000000
t=2023-06-02T16:09:00+0800 lvl=trce msg="Pooled new future transaction"          hash=0xb38c9dedceda075ca487bed91421b06369c15b9ea4fd89a3805bd724e8c0b99e from=0xb71feFeFddA3421352369476ee2e3eA82Abe2499 to=0x0000000000000000000000000000000000000000
t=2023-06-02T16:09:00+0800 lvl=trce msg="Pooled new future transaction"          hash=0x3e3a63e87615152d9ff5e69e4976e21d1ab65a73e508a6ce2b5f23839ae7a7bb from=0xb71feFeFddA3421352369476ee2e3eA82Abe2499 to=0x0000000000000000000000000000000000000000
t=2023-06-02T16:09:00+0800 lvl=trce msg="Pooled new future transaction"          hash=0x0329cd88d4d034b0f4de9d27e19fdcb75a9ac1415e732489a9d52bd3164d1a84 from=0xb71feFeFddA3421352369476ee2e3eA82Abe2499 to=0x0000000000000000000000000000000000000000
t=2023-06-02T16:09:00+0800 lvl=trce msg="Pooled new future transaction"          hash=0x1fe80cd9580a988a87eb03b702192c7c902e04c97afab05bc28ae59b4843a71c from=0xb71feFeFddA3421352369476ee2e3eA82Abe2499 to=0x0000000000000000000000000000000000000000
t=2023-06-02T16:09:00+0800 lvl=trce msg="Pooled new future transaction"          hash=0xbadf78b2dc82ea820c335c2a037afca1a2fd82b4e67c0c9100e3f0d05c9bfc60 from=0x7628e7c918DAaf4dfbF615023fDBcF72b8479bCe to=0x0000000000000000000000000000000000000000
t=2023-06-02T16:09:00+0800 lvl=trce msg="Pooled new future transaction"          hash=0x24f04e328414511db3393802918cf234fbbca1825b8a391b737c0eaec677610c from=0xF430FAcaBDd458C473847F5C7332098a985d3052 to=0x0000000000000000000000000000000000000000
t=2023-06-02T16:09:00+0800 lvl=trce msg="Removed old queued transactions"        count=0
t=2023-06-02T16:09:00+0800 lvl=trce msg="Removed unpayable queued transactions"  count=0
t=2023-06-02T16:09:00+0800 lvl=trce msg="Promoted queued transactions"           count=1
t=2023-06-02T16:09:00+0800 lvl=trce msg="Pooled new future transaction"          hash=0x9293e5e57d70099ec8c157faf6efea52ee681383196b773ee3c574adf05b892c from=0xF430FAcaBDd458C473847F5C7332098a985d3052 to=0x0000000000000000000000000000000000000000
t=2023-06-02T16:09:00+0800 lvl=trce msg="Pooled new future transaction"          hash=0xf55120fff3b132866e319c583dff189560bdcd791391263690dae2d454823be8 from=0xF430FAcaBDd458C473847F5C7332098a985d3052 to=0x0000000000000000000000000000000000000000
t=2023-06-02T16:09:00+0800 lvl=trce msg="Pooled new future transaction"          hash=0x53eeddbacc9af6df6f2830b5c1ad42ceb2313be01dd08037fa04586ee1445d17 from=0xF430FAcaBDd458C473847F5C7332098a985d3052 to=0x0000000000000000000000000000000000000000
t=2023-06-02T16:09:00+0800 lvl=trce msg="Pooled new future transaction"          hash=0xd0656e3b5a4cd0a077a3b01950114bc160d85dad58f7c730711bd3929a3735ab from=0xb71feFeFddA3421352369476ee2e3eA82Abe2499 to=0x0000000000000000000000000000000000000000
t=2023-06-02T16:09:00+0800 lvl=trce msg="Pooled new future transaction"          hash=0x6a1c179fbe528d332cabb02dcff27574a474cbc510cb1331ba5cccd1a6207269 from=0xF430FAcaBDd458C473847F5C7332098a985d3052 to=0x0000000000000000000000000000000000000000
t=2023-06-02T16:09:00+0800 lvl=trce msg="Pooled new future transaction"          hash=0xa17d22e10153358de58a6590be38fbbe2a88e91a5c32e682b5e31d458cc017b6 from=0xb71feFeFddA3421352369476ee2e3eA82Abe2499 to=0x0000000000000000000000000000000000000000
t=2023-06-02T16:09:00+0800 lvl=trce msg="Pooled new future transaction"          hash=0x362643e1e427bff41a48de95bfdd193cd759ef829a8d7a0a4fbeffabc81dda5d from=0xb71feFeFddA3421352369476ee2e3eA82Abe2499 to=0x0000000000000000000000000000000000000000
t=2023-06-02T16:09:00+0800 lvl=trce msg="Pooled new future transaction"          hash=0x6f3374f800db7a67cab45fd914bc5acc3740335f87206e01b9b74096aa6567ca from=0xb71feFeFddA3421352369476ee2e3eA82Abe2499 to=0x0000000000000000000000000000000000000000
t=2023-06-02T16:09:00+0800 lvl=trce msg="Pooled new future transaction"          hash=0x24f5bab3aec78baef06908f05f9ed8a14a81545203a49c92a87ec9348c8db99b from=0xb71feFeFddA3421352369476ee2e3eA82Abe2499 to=0x0000000000000000000000000000000000000000
t=2023-06-02T16:09:00+0800 lvl=trce msg="Pooled new future transaction"          hash=0xe58758da3dd78af74bda465685e76d9d778c4463af2c702d24bfed87ddb69d04 from=0xb71feFeFddA3421352369476ee2e3eA82Abe2499 to=0x0000000000000000000000000000000000000000
t=2023-06-02T16:09:00+0800 lvl=trce msg="Pooled new future transaction"          hash=0xc457ccc45ef6b0b8bec132398d821fe301685af09193da727941f7c5ef860529 from=0xF430FAcaBDd458C473847F5C7332098a985d3052 to=0x0000000000000000000000000000000000000000
t=2023-06-02T16:09:00+0800 lvl=trce msg="Pooled new future transaction"          hash=0x090ac39699b809d8c2ebf79584ca32009aac653c61ee5bdb243862c3c5c00c43 from=0xb71feFeFddA3421352369476ee2e3eA82Abe2499 to=0x0000000000000000000000000000000000000000
t=2023-06-02T16:09:00+0800 lvl=trce msg="Pooled new future transaction"          hash=0x54e5e545cec03d7c235cd58667b39282b4768f812521a67a85de95c1389710e0 from=0xb71feFeFddA3421352369476ee2e3eA82Abe2499 to=0x0000000000000000000000000000000000000000
t=2023-06-02T16:09:00+0800 lvl=trce msg="Pooled new future transaction"          hash=0xd13fc6d1504767a8a99febe6c2d8edc892b080cafe1ecd6b85e4c3340f52e55d from=0xb71feFeFddA3421352369476ee2e3eA82Abe2499 to=0x0000000000000000000000000000000000000000
t=2023-06-02T16:09:00+0800 lvl=trce msg="Pooled new future transaction"          hash=0xce5dd176fc9f48defa9386cf49f9dd2a026305471447659ce16210ce07111f61 from=0xb71feFeFddA3421352369476ee2e3eA82Abe2499 to=0x0000000000000000000000000000000000000000
t=2023-06-02T16:09:00+0800 lvl=trce msg="Pooled new future transaction"          hash=0x837f76c4738424a7bed2887dbf63dbdc1f32018503a3653da0865eeb5b14a802 from=0xb71feFeFddA3421352369476ee2e3eA82Abe2499 to=0x0000000000000000000000000000000000000000
t=2023-06-02T16:09:00+0800 lvl=trce msg="Pooled new future transaction"          hash=0xb767d7c0c138534b7247b65d0f6aae51398ca02b85545b4df09a1cddb71a04c5 from=0xb71feFeFddA3421352369476ee2e3eA82Abe2499 to=0x0000000000000000000000000000000000000000
t=2023-06-02T16:09:00+0800 lvl=trce msg="Pooled new future transaction"          hash=0xb5ab5e82c8341d9c17b6a8f1ec6774aae3073149737532fbf44db99d64edaa1c from=0xb71feFeFddA3421352369476ee2e3eA82Abe2499 to=0x0000000000000000000000000000000000000000
t=2023-06-02T16:09:00+0800 lvl=trce msg="Pooled new future transaction"          hash=0x5c24b43670b2684b9dd4ebdd7f216d776a9e42c88faf63a6d66e46a2bf1bf956 from=0xb71feFeFddA3421352369476ee2e3eA82Abe2499 to=0x0000000000000000000000000000000000000000
t=2023-06-02T16:09:00+0800 lvl=trce msg="Pooled new future transaction"          hash=0x06416bc2982d2444216c7b45c33c60ad92c3ea0043147c7af43b995d32084b55 from=0xF430FAcaBDd458C473847F5C7332098a985d3052 to=0x0000000000000000000000000000000000000000
t=2023-06-02T16:09:00+0800 lvl=trce msg="Pooled new future transaction"          hash=0xb02f3207542615fc6f27ef3e6dca094660f6a0e2f1f1b608fd037e6213220c4f from=0xF430FAcaBDd458C473847F5C7332098a985d3052 to=0x0000000000000000000000000000000000000000
t=2023-06-02T16:09:00+0800 lvl=trce msg="Pooled new future transaction"          hash=0x69b72986aec08cdee07ef34e171f537e43e5f1957e875533c5068728219d78e9 from=0xF430FAcaBDd458C473847F5C7332098a985d3052 to=0x0000000000000000000000000000000000000000
t=2023-06-02T16:09:00+0800 lvl=trce msg="Pooled new future transaction"          hash=0x31150d761e47b74275d168a9c9df6eaccfe939054edf63f6c8782b2566fef2e8 from=0xF430FAcaBDd458C473847F5C7332098a985d3052 to=0x0000000000000000000000000000000000000000
t=2023-06-02T16:09:00+0800 lvl=trce msg="Pooled new future transaction"          hash=0x00835fed03a88c6d264c4e9258c510726c1fb2a3bb3cee21f49235c56a891544 from=0xF430FAcaBDd458C473847F5C7332098a985d3052 to=0x0000000000000000000000000000000000000000
t=2023-06-02T16:09:00+0800 lvl=trce msg="Pooled new future transaction"          hash=0xdc1fa9e4cb9e79c5e8246418ba3539f945440014fc3efc675c340e4cbfd8c0f7 from=0xF430FAcaBDd458C473847F5C7332098a985d3052 to=0x0000000000000000000000000000000000000000
t=2023-06-02T16:09:00+0800 lvl=trce msg="Pooled new future transaction"          hash=0x3a2c54bbbe1ac3c90c436681a040d00a4798c0a10634ad9bd23671f791b870f2 from=0xF430FAcaBDd458C473847F5C7332098a985d3052 to=0x0000000000000000000000000000000000000000
t=2023-06-02T16:09:00+0800 lvl=trce msg="Pooled new future transaction"          hash=0xd5f32ef84911481bc677ced475026c3a69ef69930870d574604fe6b045e1182b from=0xF430FAcaBDd458C473847F5C7332098a985d3052 to=0x0000000000000000000000000000000000000000
t=2023-06-02T16:09:00+0800 lvl=trce msg="Pooled new future transaction"          hash=0x2b5debb3852d3d96361e2840882d32fff307154b14a958329a9f295f191fa878 from=0xF430FAcaBDd458C473847F5C7332098a985d3052 to=0x0000000000000000000000000000000000000000
t=2023-06-02T16:09:00+0800 lvl=trce msg="Pooled new future transaction"          hash=0x63843f28e8094caa90a5905e787f30c7bbe9aa4ddb35a14eb72152157b75cf6d from=0x7628e7c918DAaf4dfbF615023fDBcF72b8479bCe to=0x0000000000000000000000000000000000000000
t=2023-06-02T16:09:00+0800 lvl=trce msg="Removed old queued transactions"        count=0
t=2023-06-02T16:09:00+0800 lvl=trce msg="Removed unpayable queued transactions"  count=0
t=2023-06-02T16:09:00+0800 lvl=trce msg="Promoted queued transactions"           count=0
t=2023-06-02T16:09:00+0800 lvl=trce msg="Pooled new future transaction"          hash=0xbb9c4303638431c4bbf9131810af394d575618ccf56eab972a5e2f0b7b82046e from=0xb71feFeFddA3421352369476ee2e3eA82Abe2499 to=0x0000000000000000000000000000000000000000
t=2023-06-02T16:09:00+0800 lvl=trce msg="Pooled new future transaction"          hash=0xc0ef6320882c9943baa6f110ccffccf5d1c809f2d663de0fec52cd5d042cbe64 from=0xb71feFeFddA3421352369476ee2e3eA82Abe2499 to=0x0000000000000000000000000000000000000000
t=2023-06-02T16:09:00+0800 lvl=trce msg="Pooled new future transaction"          hash=0x59a038600be65e19698d06af826b3533445f56ee5b4421fa75074495dc8c54fb from=0xb71feFeFddA3421352369476ee2e3eA82Abe2499 to=0x0000000000000000000000000000000000000000
t=2023-06-02T16:09:00+0800 lvl=trce msg="Pooled new future transaction"          hash=0x76c8d35abf8de6c4299d53c597d5fa226cf73c287cd6aab184ecd5c751b9807b from=0xF430FAcaBDd458C473847F5C7332098a985d3052 to=0x0000000000000000000000000000000000000000
t=2023-06-02T16:09:00+0800 lvl=trce msg="Pooled new future transaction"          hash=0xfc6cd43a36a132b367f596661d01b8d4d9012a0eea14b3949b5aceecff8c84cd from=0xb71feFeFddA3421352369476ee2e3eA82Abe2499 to=0x0000000000000000000000000000000000000000
t=2023-06-02T16:09:00+0800 lvl=trce msg="Pooled new future transaction"          hash=0x7b5f57f886fa80141bae23dc76aaa64d19c5bdcd6138ad796b420c0da763a927 from=0xb71feFeFddA3421352369476ee2e3eA82Abe2499 to=0x0000000000000000000000000000000000000000
t=2023-06-02T16:09:00+0800 lvl=trce msg="Pooled new future transaction"          hash=0x49b9ff651b88d08a0b5f7f04ad0a2d606b511740ad7b6aff76ba1c6c30d0ef5c from=0x66e0851F1a162869024b4C9f6b1C4Fc5cb4832F1 to=0x0000000000000000000000000000000000000000
t=2023-06-02T16:09:00+0800 lvl=trce msg="Pooled new future transaction"          hash=0x5c2d044521647445345ee39a5d0907e8380cbb42a6941bd521e8bc979cb99139 from=0xb71feFeFddA3421352369476ee2e3eA82Abe2499 to=0x0000000000000000000000000000000000000000
t=2023-06-02T16:09:00+0800 lvl=trce msg="Pooled new future transaction"          hash=0x14483aaae7673009fc20c8e363dcc564d68f10f0d23bed6ff6a1fb84aa7a10ea from=0xb71feFeFddA3421352369476ee2e3eA82Abe2499 to=0x0000000000000000000000000000000000000000
t=2023-06-02T16:09:00+0800 lvl=trce msg="Pooled new future transaction"          hash=0xcd75a30c6429c6ae8a737c421097de71bcd60c5703573192cd4c6025feb915c3 from=0xb71feFeFddA3421352369476ee2e3eA82Abe2499 to=0x0000000000000000000000000000000000000000
t=2023-06-02T16:09:00+0800 lvl=trce msg="Pooled new future transaction"          hash=0x3745d1a70a87943dbacb0e353388df61fd8cee5e51012467751a8381b777ba31 from=0xb71feFeFddA3421352369476ee2e3eA82Abe2499 to=0x0000000000000000000000000000000000000000
t=2023-06-02T16:09:00+0800 lvl=trce msg="Pooled new future transaction"          hash=0x96cb5e70516f31b48ea83baeb764569747a5ad03feb6bdbf8a19c33d31da87b7 from=0xb71feFeFddA3421352369476ee2e3eA82Abe2499 to=0x0000000000000000000000000000000000000000
t=2023-06-02T16:09:00+0800 lvl=trce msg="Pooled new future transaction"          hash=0xaf7fecafe8fed13d7a85c0e05979e1dfadbc6445633f570f98ee2695e7cb447d from=0xb71feFeFddA3421352369476ee2e3eA82Abe2499 to=0x0000000000000000000000000000000000000000
t=2023-06-02T16:09:00+0800 lvl=trce msg="Pooled new future transaction"          hash=0x228b28b5f77767048ac4f169835b7725aa95f621edcccce1b467a185848a4b2a from=0xb71feFeFddA3421352369476ee2e3eA82Abe2499 to=0x0000000000000000000000000000000000000000
t=2023-06-02T16:09:00+0800 lvl=trce msg="Pooled new future transaction"          hash=0x939cd962c884b40dd24083348c79b2420b49256ae8ce298ea08221d05d3abad2 from=0xb71feFeFddA3421352369476ee2e3eA82Abe2499 to=0x0000000000000000000000000000000000000000
t=2023-06-02T16:09:00+0800 lvl=trce msg="Pooled new future transaction"          hash=0x62d969e206cd12aaa1226fc16b8b6ebb16d9fd171c4517aa7df972d04f314c86 from=0xb71feFeFddA3421352369476ee2e3eA82Abe2499 to=0x0000000000000000000000000000000000000000
t=2023-06-02T16:09:00+0800 lvl=trce msg="Pooled new future transaction"          hash=0x02ec5aeb89d4eada493ef736a0ddcc8f06a480cdd34bcbd7a8c2ae29f2e3f2cf from=0xb71feFeFddA3421352369476ee2e3eA82Abe2499 to=0x0000000000000000000000000000000000000000
t=2023-06-02T16:09:00+0800 lvl=trce msg="Pooled new future transaction"          hash=0x37bc69f43e5b8f5ec204622041ccfe4a876654e0017af5ec58dc69a4ae7a8a77 from=0xb71feFeFddA3421352369476ee2e3eA82Abe2499 to=0x0000000000000000000000000000000000000000
t=2023-06-02T16:09:00+0800 lvl=trce msg="Pooled new future transaction"          hash=0xb0124e26860c1ee781fbce965ea0c6cfb440d7a8309a3423faf145b97ac403f0 from=0xb71feFeFddA3421352369476ee2e3eA82Abe2499 to=0x0000000000000000000000000000000000000000
t=2023-06-02T16:09:00+0800 lvl=trce msg="Pooled new future transaction"          hash=0xf3e56dfcade1a2a1940079a34410f229e4bc45aebc922ab688bc0ff0355a72c5 from=0xb71feFeFddA3421352369476ee2e3eA82Abe2499 to=0x0000000000000000000000000000000000000000
t=2023-06-02T16:09:00+0800 lvl=trce msg="Pooled new future transaction"          hash=0xe4dd76f7dd51c5fa4d07b430e46a350f107768e90599c764c51ec150606784e0 from=0xF430FAcaBDd458C473847F5C7332098a985d3052 to=0x0000000000000000000000000000000000000000
t=2023-06-02T16:09:00+0800 lvl=trce msg="Pooled new future transaction"          hash=0x56c781c78719ced14191c518565481b99adcc897d7a8d53cf8abdf0023802398 from=0xF430FAcaBDd458C473847F5C7332098a985d3052 to=0x0000000000000000000000000000000000000000
t=2023-06-02T16:09:00+0800 lvl=trce msg="Pooled new future transaction"          hash=0x376fe1e1231cef7b9f77d4aeeeaa4e5c612199ecc2840dd06cd3603c2fa53a3a from=0xF430FAcaBDd458C473847F5C7332098a985d3052 to=0x0000000000000000000000000000000000000000
t=2023-06-02T16:09:00+0800 lvl=trce msg="Pooled new future transaction"          hash=0xdad38383bed0d7f9c95b84f9fc82fd0688fa9626d58d97db93358ea86a0001f0 from=0xF430FAcaBDd458C473847F5C7332098a985d3052 to=0x0000000000000000000000000000000000000000
t=2023-06-02T16:09:00+0800 lvl=trce msg="Pooled new future transaction"          hash=0x3e28f12f7ec14e74a17ab290e684f659f6393e99f111724de5d4f014263d6338 from=0xF430FAcaBDd458C473847F5C7332098a985d3052 to=0x0000000000000000000000000000000000000000
t=2023-06-02T16:09:00+0800 lvl=trce msg="Pooled new future transaction"          hash=0x44fd9b3a845732789102f31ac7252a71be61b72b9aed9c42b9c326f381082043 from=0xF430FAcaBDd458C473847F5C7332098a985d3052 to=0x0000000000000000000000000000000000000000
t=2023-06-02T16:09:00+0800 lvl=trce msg="Removed old queued transactions"        count=0
t=2023-06-02T16:09:00+0800 lvl=trce msg="Removed unpayable queued transactions"  count=0
t=2023-06-02T16:09:00+0800 lvl=trce msg="Promoted queued transactions"           count=1
t=2023-06-02T16:09:00+0800 lvl=trce msg="Pooled new future transaction"          hash=0x5e3b649dc108394c54009ea1520d5a3a16a730b6d84126a79649a7829bd7c9a4 from=0xb71feFeFddA3421352369476ee2e3eA82Abe2499 to=0x0000000000000000000000000000000000000000
t=2023-06-02T16:09:00+0800 lvl=trce msg="Pooled new future transaction"          hash=0x7a8ce1eca1f01d7f6de6cc9d51d679d369e6bd87cebc25a6c266228c6239d53a from=0xb71feFeFddA3421352369476ee2e3eA82Abe2499 to=0x0000000000000000000000000000000000000000
t=2023-06-02T16:09:00+0800 lvl=trce msg="Pooled new future transaction"          hash=0x6b3eba376117dbaba38b8464e124d41cf26152b1f8b17cc1e1b8a2ba288d678a from=0xb71feFeFddA3421352369476ee2e3eA82Abe2499 to=0x0000000000000000000000000000000000000000
t=2023-06-02T16:09:00+0800 lvl=trce msg="Pooled new future transaction"          hash=0x03c1c3661b3d95ab47206d9b189d8558aa4d95e21445c8049f6cda9b809b8968 from=0xb71feFeFddA3421352369476ee2e3eA82Abe2499 to=0x0000000000000000000000000000000000000000
t=2023-06-02T16:09:00+0800 lvl=trce msg="Pooled new future transaction"          hash=0x9e255f999ba9815f5a8d8329776a0c69c4404670b0da0d23a3edf8f7f53a2493 from=0xb71feFeFddA3421352369476ee2e3eA82Abe2499 to=0x0000000000000000000000000000000000000000
t=2023-06-02T16:09:00+0800 lvl=trce msg="Pooled new future transaction"          hash=0x1443df418c720c4124534356f2c8d8da88a031b761cd716a73665af5dc48cac2 from=0xF430FAcaBDd458C473847F5C7332098a985d3052 to=0x0000000000000000000000000000000000000000
t=2023-06-02T16:09:00+0800 lvl=trce msg="Pooled new future transaction"          hash=0x30cf8b613877128ff80dbf61cb64523a1bd22fd501105938fb0cdb0ef254034d from=0x66e0851F1a162869024b4C9f6b1C4Fc5cb4832F1 to=0x0000000000000000000000000000000000000000
t=2023-06-02T16:09:00+0800 lvl=trce msg="Removed old queued transactions"        count=0
t=2023-06-02T16:09:00+0800 lvl=trce msg="Removed unpayable queued transactions"  count=0
t=2023-06-02T16:09:00+0800 lvl=trce msg="Promoted queued transactions"           count=0
t=2023-06-02T16:09:00+0800 lvl=trce msg="Pooled new future transaction"          hash=0x3c93973ba3f1d31dfe5ea52c39c9fa30c188bf162f6ae4b1a4c6eb070066b3e8 from=0xF430FAcaBDd458C473847F5C7332098a985d3052 to=0x0000000000000000000000000000000000000000
t=2023-06-02T16:09:00+0800 lvl=trce msg="Pooled new future transaction"          hash=0xaf8deb5f4e113ea1937b78dce9e2e6fd13b4117ea7a41bf642b463ab8dc597f2 from=0xF430FAcaBDd458C473847F5C7332098a985d3052 to=0x0000000000000000000000000000000000000000
t=2023-06-02T16:09:00+0800 lvl=trce msg="Pooled new future transaction"          hash=0xdc7ed2e99d2a79ad9f1ad8a7e502e0659e6cb29bad652ed43ea54aeb7374a136 from=0xF430FAcaBDd458C473847F5C7332098a985d3052 to=0x0000000000000000000000000000000000000000
t=2023-06-02T16:09:00+0800 lvl=trce msg="Pooled new future transaction"          hash=0xd7d2b9aa26bd05c83db66ea425ebfdf645eb5cb92a84157acbefbf3bd27f9d9a from=0xF430FAcaBDd458C473847F5C7332098a985d3052 to=0x0000000000000000000000000000000000000000
t=2023-06-02T16:09:00+0800 lvl=trce msg="Pooled new future transaction"          hash=0x4f63992dd7ee29c65073ab0c9769425a9e1344b031d6600e5d006ddebb93f828 from=0xF430FAcaBDd458C473847F5C7332098a985d3052 to=0x0000000000000000000000000000000000000000
t=2023-06-02T16:09:00+0800 lvl=trce msg="Pooled new future transaction"          hash=0x296e5c5b7a3332ac220e47473888f6fce142d494d34ce17e35f2553cb1f716d7 from=0xF430FAcaBDd458C473847F5C7332098a985d3052 to=0x0000000000000000000000000000000000000000
t=2023-06-02T16:09:00+0800 lvl=trce msg="Pooled new future transaction"          hash=0xe5e6f1e736587b95bd3a3868510b3eac207fd43d77123fddaf4744bad0668563 from=0xF430FAcaBDd458C473847F5C7332098a985d3052 to=0x0000000000000000000000000000000000000000
t=2023-06-02T16:09:00+0800 lvl=trce msg="Pooled new future transaction"          hash=0x9c10ea12ba53ea5af568659f2c6c9f742b74d7cfe9ae8d0809e946186391d3c3 from=0xF430FAcaBDd458C473847F5C7332098a985d3052 to=0x0000000000000000000000000000000000000000
t=2023-06-02T16:09:00+0800 lvl=trce msg="Pooled new future transaction"          hash=0x2c7a0559f67a3e24fb6195d0f3139ff30b3e8625ba0f7076e323506c856ab3c4 from=0xF430FAcaBDd458C473847F5C7332098a985d3052 to=0x0000000000000000000000000000000000000000
t=2023-06-02T16:09:00+0800 lvl=trce msg="Pooled new future transaction"          hash=0x038b3a2c7fad9cc34cedc3156021f118a4ed5795e00d19f67decc26e6a1f5d30 from=0xF430FAcaBDd458C473847F5C7332098a985d3052 to=0x0000000000000000000000000000000000000000
t=2023-06-02T16:09:00+0800 lvl=trce msg="Pooled new future transaction"          hash=0xa665abb7fd673304c0be864630c4c2faf795e0c6261265c4f1b641201cdd1205 from=0x7628e7c918DAaf4dfbF615023fDBcF72b8479bCe to=0x0000000000000000000000000000000000000000
t=2023-06-02T16:09:00+0800 lvl=trce msg="Removed old queued transactions"        count=0
t=2023-06-02T16:09:00+0800 lvl=trce msg="Removed unpayable queued transactions"  count=0
t=2023-06-02T16:09:00+0800 lvl=trce msg="Promoted queued transactions"           count=1
t=2023-06-02T16:09:00+0800 lvl=trce msg="Pooled new future transaction"          hash=0xe3f8bad80ea37eb4877f9b7c1a952f78b006fff8d9ff0e59a93973def9cf53a0 from=0xb71feFeFddA3421352369476ee2e3eA82Abe2499 to=0x0000000000000000000000000000000000000000
t=2023-06-02T16:09:00+0800 lvl=trce msg="Pooled new future transaction"          hash=0xefc21b6dfad4040672b8c9b4807b953f2f7b38ba6af633d8978c377036c95dcc from=0xb71feFeFddA3421352369476ee2e3eA82Abe2499 to=0x0000000000000000000000000000000000000000
t=2023-06-02T16:09:00+0800 lvl=trce msg="Pooled new future transaction"          hash=0xdaf6fc199a31e72d52d92d5611f520a0170c1c2fa0570f85376374f99b3cc13a from=0xF430FAcaBDd458C473847F5C7332098a985d3052 to=0x0000000000000000000000000000000000000000
t=2023-06-02T16:09:00+0800 lvl=trce msg="Pooled new future transaction"          hash=0x9d06323fb707d9644504d2b53ea74cd959fbae9bd6850a0f7b13439eceed4381 from=0xF430FAcaBDd458C473847F5C7332098a985d3052 to=0x0000000000000000000000000000000000000000
t=2023-06-02T16:09:00+0800 lvl=trce msg="Pooled new future transaction"          hash=0x061a0829fc8eca83e663f70b889f48034bb94844f6f0fd7d70cb60ff3585795c from=0xF430FAcaBDd458C473847F5C7332098a985d3052 to=0x0000000000000000000000000000000000000000
t=2023-06-02T16:09:00+0800 lvl=trce msg="Pooled new future transaction"          hash=0xae44a39c554f5591c479dd0e675184115e67e4fc96e299f837aa2e1a1f84e1e7 from=0xF430FAcaBDd458C473847F5C7332098a985d3052 to=0x0000000000000000000000000000000000000000
t=2023-06-02T16:09:00+0800 lvl=trce msg="Pooled new future transaction"          hash=0x217f8a26c70837815a4bc52b53ecb1eeb5bac10777544dcac372db88a90e89d9 from=0xb71feFeFddA3421352369476ee2e3eA82Abe2499 to=0x0000000000000000000000000000000000000000
t=2023-06-02T16:09:00+0800 lvl=trce msg="Pooled new future transaction"          hash=0x088f22a500156594a6def102295184bef1596266ed023ea99af6abea4130ff26 from=0xb71feFeFddA3421352369476ee2e3eA82Abe2499 to=0x0000000000000000000000000000000000000000
t=2023-06-02T16:09:00+0800 lvl=trce msg="Pooled new future transaction"          hash=0xe8af504d353001e3a50d9b252407b969181d9d0f00134078e38412ca9dcc6834 from=0xb71feFeFddA3421352369476ee2e3eA82Abe2499 to=0x0000000000000000000000000000000000000000
t=2023-06-02T16:09:00+0800 lvl=trce msg="Pooled new future transaction"          hash=0x0246c887597aed2117a05e7d025c3b3bcbc84c5efaad1fcd861fa7ebfc0ee943 from=0x7628e7c918DAaf4dfbF615023fDBcF72b8479bCe to=0x0000000000000000000000000000000000000000
t=2023-06-02T16:09:00+0800 lvl=trce msg="Pooled new future transaction"          hash=0x77fb408be13daea7032c2bd2f64efc8ecf6209a9f4ed3069ee9defc550499fd2 from=0xb71feFeFddA3421352369476ee2e3eA82Abe2499 to=0x0000000000000000000000000000000000000000
t=2023-06-02T16:09:00+0800 lvl=trce msg="Pooled new future transaction"          hash=0xdff14fa8c1e4007eb07ae3af348dab6db45699e1b598746c2f67e1320f7a39b9 from=0xF430FAcaBDd458C473847F5C7332098a985d3052 to=0x0000000000000000000000000000000000000000
t=2023-06-02T16:09:00+0800 lvl=trce msg="Pooled new future transaction"          hash=0x5e8535e6360a0fe58803499ff0bbe2ea4a968827456260949862cc58082f37b5 from=0xb71feFeFddA3421352369476ee2e3eA82Abe2499 to=0x0000000000000000000000000000000000000000
t=2023-06-02T16:09:00+0800 lvl=trce msg="Pooled new future transaction"          hash=0x4d920648c934c3987daf33204585df145a80f990b3834bfe71fd45076cbdab0a from=0xb71feFeFddA3421352369476ee2e3eA82Abe2499 to=0x0000000000000000000000000000000000000000
t=2023-06-02T16:09:00+0800 lvl=trce msg="Pooled new future transaction"          hash=0x92fb080b1969ca7d268abe601d33325463822e970d1d0ee7598589579264d7e3 from=0xb71feFeFddA3421352369476ee2e3eA82Abe2499 to=0x0000000000000000000000000000000000000000
t=2023-06-02T16:09:00+0800 lvl=trce msg="Pooled new future transaction"          hash=0xb1ef9769fdb60b5bee77aad693a1032458a1be3b7d6c2d1d8d4685283cf9dd92 from=0xb71feFeFddA3421352369476ee2e3eA82Abe2499 to=0x0000000000000000000000000000000000000000
t=2023-06-02T16:09:00+0800 lvl=trce msg="Removed old queued transactions"        count=0
t=2023-06-02T16:09:00+0800 lvl=trce msg="Removed unpayable queued transactions"  count=0
t=2023-06-02T16:09:00+0800 lvl=trce msg="Promoted queued transactions"           count=0
t=2023-06-02T16:09:00+0800 lvl=trce msg="Pooled new future transaction"          hash=0x37e2b51e747b1ea14f84b8a6389756e9d07b2c4168c11c6dc728f981049a744f from=0xF430FAcaBDd458C473847F5C7332098a985d3052 to=0x0000000000000000000000000000000000000000
t=2023-06-02T16:09:00+0800 lvl=trce msg="Pooled new future transaction"          hash=0x5ebedb2ebc194cc9ed4319180276ddd921653a1bedb7064ae94ae4c87d1d89e2 from=0xF430FAcaBDd458C473847F5C7332098a985d3052 to=0x0000000000000000000000000000000000000000
t=2023-06-02T16:09:00+0800 lvl=trce msg="Pooled new future transaction"          hash=0x2022ac1d44f94224d3e3e496e1d30b2dd2cfb12d7cca275ef7787b8747eb8ab5 from=0xF430FAcaBDd458C473847F5C7332098a985d3052 to=0x0000000000000000000000000000000000000000
t=2023-06-02T16:09:00+0800 lvl=trce msg="Pooled new future transaction"          hash=0x44e780a5bf3f5af62b8aa47afd46c7e3c16ed6a93ec9980da1c44085e0bd417a from=0xF430FAcaBDd458C473847F5C7332098a985d3052 to=0x0000000000000000000000000000000000000000
t=2023-06-02T16:09:00+0800 lvl=trce msg="Pooled new future transaction"          hash=0xc46724002edd0e5d45b844f9af775bdd6c392381422310693698a4ce61da831f from=0xb71feFeFddA3421352369476ee2e3eA82Abe2499 to=0x0000000000000000000000000000000000000000
t=2023-06-02T16:09:00+0800 lvl=trce msg="Pooled new future transaction"          hash=0xb547967ca875cab91ef502fd6bf09032b2315d0bd36934e46831648837233ee2 from=0xb71feFeFddA3421352369476ee2e3eA82Abe2499 to=0x0000000000000000000000000000000000000000
t=2023-06-02T16:09:00+0800 lvl=trce msg="Pooled new future transaction"          hash=0x82afb78bb8d4a3075ae2d9dfcab631b04ec3c9d0e336f4dfee05b6c80e9d72a9 from=0xb71feFeFddA3421352369476ee2e3eA82Abe2499 to=0x0000000000000000000000000000000000000000
t=2023-06-02T16:09:00+0800 lvl=trce msg="Pooled new future transaction"          hash=0xdb479c8bdbab68ee1672d3333d8de7ef4b9b1f8292d185728b51c8b15513ec9d from=0xb71feFeFddA3421352369476ee2e3eA82Abe2499 to=0x0000000000000000000000000000000000000000
t=2023-06-02T16:09:00+0800 lvl=trce msg="Pooled new future transaction"          hash=0x332fd026b107102aff067366dde08e97a5e023efa7e9ca810d277cb9291e6dfb from=0xb71feFeFddA3421352369476ee2e3eA82Abe2499 to=0x0000000000000000000000000000000000000000
t=2023-06-02T16:09:00+0800 lvl=trce msg="Pooled new future transaction"          hash=0x7a87e1ebc0d85baf528fa011c112a4180fced762e243eee990b68205df311005 from=0x66e0851F1a162869024b4C9f6b1C4Fc5cb4832F1 to=0x0000000000000000000000000000000000000000
t=2023-06-02T16:09:00+0800 lvl=trce msg="Pooled new future transaction"          hash=0x2bca29d31bd23026781f82f24f3ce0766adda714c44be3090b6b02ef5342f87f from=0xb71feFeFddA3421352369476ee2e3eA82Abe2499 to=0x0000000000000000000000000000000000000000
t=2023-06-02T16:09:00+0800 lvl=trce msg="Removed old queued transactions"        count=0
t=2023-06-02T16:09:00+0800 lvl=trce msg="Pooled new future transaction"          hash=0x9831c4b79e2186ca0ea940c8977d2c06ab987613a65f581b66b1a6de212d54fe from=0xF430FAcaBDd458C473847F5C7332098a985d3052 to=0x0000000000000000000000000000000000000000
t=2023-06-02T16:09:00+0800 lvl=trce msg="Pooled new future transaction"          hash=0xde43a6301f191d751c9bd2240e3c86a34000ab8f67a0ceed710ee37564516681 from=0xF430FAcaBDd458C473847F5C7332098a985d3052 to=0x0000000000000000000000000000000000000000
t=2023-06-02T16:09:00+0800 lvl=trce msg="Pooled new future transaction"          hash=0x1759eceafca95bc39029456efa3e93d16d0bfb3a37cce4a8013f8142d670758b from=0xb71feFeFddA3421352369476ee2e3eA82Abe2499 to=0x0000000000000000000000000000000000000000
t=2023-06-02T16:09:00+0800 lvl=trce msg="Pooled new future transaction"          hash=0xba418b90e438d18fb28b84959b0522ddf091c44f51de3d44a6c005e4c3cabe2a from=0xb71feFeFddA3421352369476ee2e3eA82Abe2499 to=0x0000000000000000000000000000000000000000
t=2023-06-02T16:09:00+0800 lvl=trce msg="Pooled new future transaction"          hash=0xbb5551f5d39a7a5535fe9f9e3acee5baf6621a1e1fca0323e7f03eb2665bbd15 from=0xb71feFeFddA3421352369476ee2e3eA82Abe2499 to=0x0000000000000000000000000000000000000000
t=2023-06-02T16:09:00+0800 lvl=trce msg="Pooled new future transaction"          hash=0x0deab2a3dd17e3c5284a71e5a27ef526b1005c293b8de84f894e798ffc0e8fa5 from=0xb71feFeFddA3421352369476ee2e3eA82Abe2499 to=0x0000000000000000000000000000000000000000
t=2023-06-02T16:09:00+0800 lvl=trce msg="Pooled new future transaction"          hash=0x10410dec8efa3b98db710ee819de9d3a0039eb49589aac8a56c5309871c7c74d from=0xb71feFeFddA3421352369476ee2e3eA82Abe2499 to=0x0000000000000000000000000000000000000000
t=2023-06-02T16:09:00+0800 lvl=trce msg="Pooled new future transaction"          hash=0xe60ed738c6eb421ef147fea6c9841b6ba3137929cdba5a9bb7a6756bbceafa70 from=0xb71feFeFddA3421352369476ee2e3eA82Abe2499 to=0x0000000000000000000000000000000000000000
t=2023-06-02T16:09:00+0800 lvl=trce msg="Pooled new future transaction"          hash=0x4c104cb43773e7cac9694306215f28a6c14d7faaf0675f7469933abca9af770c from=0xb71feFeFddA3421352369476ee2e3eA82Abe2499 to=0x0000000000000000000000000000000000000000
t=2023-06-02T16:09:00+0800 lvl=trce msg="Pooled new future transaction"          hash=0xab9384c8587a9e7b3ba2569335499afd06cccd04cbc65aa54c03bd7ca7ade07e from=0xb71feFeFddA3421352369476ee2e3eA82Abe2499 to=0x0000000000000000000000000000000000000000
t=2023-06-02T16:09:00+0800 lvl=trce msg="Pooled new future transaction"          hash=0x63106fcd5d9034bb5c96a4fb8e5109a473a816b41b09a7d1ac07703e6d3e7ec7 from=0xb71feFeFddA3421352369476ee2e3eA82Abe2499 to=0x0000000000000000000000000000000000000000
t=2023-06-02T16:09:00+0800 lvl=trce msg="Pooled new future transaction"          hash=0xfca09b3109f57f0c2a0b70c8529a68a82a908eede420d30c028709a2bc232a7e from=0xb71feFeFddA3421352369476ee2e3eA82Abe2499 to=0x0000000000000000000000000000000000000000
t=2023-06-02T16:09:00+0800 lvl=trce msg="Removed unpayable queued transactions"  count=0
t=2023-06-02T16:09:00+0800 lvl=trce msg="Promoted queued transactions"           count=1
t=2023-06-02T16:09:00+0800 lvl=trce msg="Pooled new future transaction"          hash=0x6411b195691301e7e9d4488e005400453bfc1d90e8e6f0f779ecc6b047c1e3c0 from=0xF430FAcaBDd458C473847F5C7332098a985d3052 to=0x0000000000000000000000000000000000000000
t=2023-06-02T16:09:00+0800 lvl=trce msg="Pooled new future transaction"          hash=0xbf4cf8a3e8ce30822a0f69812f7125b34fca06e85544f6727161aad331411352 from=0xF430FAcaBDd458C473847F5C7332098a985d3052 to=0x0000000000000000000000000000000000000000
t=2023-06-02T16:09:00+0800 lvl=trce msg="Pooled new future transaction"          hash=0x793a6caac3bf7ad10803c8b6350b6d249a084191799f2a871e27758750858628 from=0xb71feFeFddA3421352369476ee2e3eA82Abe2499 to=0x0000000000000000000000000000000000000000
t=2023-06-02T16:09:00+0800 lvl=trce msg="Pooled new future transaction"          hash=0xe806f125203875dfca147da491e52193059e6608a0bb281690e3def39bc1fe3d from=0xF430FAcaBDd458C473847F5C7332098a985d3052 to=0x0000000000000000000000000000000000000000
t=2023-06-02T16:09:00+0800 lvl=trce msg="Pooled new future transaction"          hash=0x116a1ce15a09ca12b505d1355c6410f3e5e0f2598063f39c7e83659328fb66e1 from=0xF430FAcaBDd458C473847F5C7332098a985d3052 to=0x0000000000000000000000000000000000000000
t=2023-06-02T16:09:00+0800 lvl=trce msg="Pooled new future transaction"          hash=0xcc9793e08b2f055052508eb9e482be80c9b153a7d1625ad7690a1fc302478215 from=0xb71feFeFddA3421352369476ee2e3eA82Abe2499 to=0x0000000000000000000000000000000000000000
t=2023-06-02T16:09:00+0800 lvl=trce msg="Pooled new future transaction"          hash=0x2841369990711b879c61b7e10b5d44d1e5045cbf9f587e13001a8def1817b38a from=0xb71feFeFddA3421352369476ee2e3eA82Abe2499 to=0x0000000000000000000000000000000000000000
t=2023-06-02T16:09:00+0800 lvl=trce msg="Pooled new future transaction"          hash=0x0d6f3d43f60d9315ef39d29c157d26eae6804b2986eb0587f9325926f4c4bef3 from=0xb71feFeFddA3421352369476ee2e3eA82Abe2499 to=0x0000000000000000000000000000000000000000
t=2023-06-02T16:09:00+0800 lvl=trce msg="Pooled new future transaction"          hash=0x96b7748a71b4e52556ebe32c2d7ca74bc3be5ffb9217134612bb4ded8bbccaee from=0x66e0851F1a162869024b4C9f6b1C4Fc5cb4832F1 to=0x0000000000000000000000000000000000000000
t=2023-06-02T16:09:00+0800 lvl=trce msg="Removed old queued transactions"        count=0
t=2023-06-02T16:09:00+0800 lvl=trce msg="Removed unpayable queued transactions"  count=0
t=2023-06-02T16:09:00+0800 lvl=trce msg="Promoted queued transactions"           count=0
t=2023-06-02T16:09:00+0800 lvl=trce msg="Pooled new future transaction"          hash=0xc28d9fd8960b294be67461af5bcc41a88766bdff7641dda0daee88bcda61dfdd from=0xb71feFeFddA3421352369476ee2e3eA82Abe2499 to=0x0000000000000000000000000000000000000000
t=2023-06-02T16:09:00+0800 lvl=trce msg="Pooled new future transaction"          hash=0x33d4efdc6a51a1ae9c4e94c5438ac24fbe742aaf9b305b1602d4f2d83ad98aa9 from=0xb71feFeFddA3421352369476ee2e3eA82Abe2499 to=0x0000000000000000000000000000000000000000
t=2023-06-02T16:09:00+0800 lvl=trce msg="Pooled new future transaction"          hash=0xf5eab023a79f86ff31d42b984cd56251f9c7ef17345f7772ce8807bba91633b2 from=0xb71feFeFddA3421352369476ee2e3eA82Abe2499 to=0x0000000000000000000000000000000000000000
t=2023-06-02T16:09:00+0800 lvl=trce msg="Pooled new future transaction"          hash=0xfe9f9be1baff3e38b38cc80946901c125da3b2b296e7c4da6ef0b4ac27679316 from=0xb71feFeFddA3421352369476ee2e3eA82Abe2499 to=0x0000000000000000000000000000000000000000
t=2023-06-02T16:09:00+0800 lvl=trce msg="Pooled new future transaction"          hash=0xdac109f76a3e8e74a07e1d30deae1ad1132e5d69b70748423bd694102826f03f from=0xb71feFeFddA3421352369476ee2e3eA82Abe2499 to=0x0000000000000000000000000000000000000000
t=2023-06-02T16:09:00+0800 lvl=trce msg="Pooled new future transaction"          hash=0x35bb83479452d217b2ecc360e802e33d1b8f3d2cb7fea5ee148fd12c2f198896 from=0x7628e7c918DAaf4dfbF615023fDBcF72b8479bCe to=0x0000000000000000000000000000000000000000
t=2023-06-02T16:09:00+0800 lvl=trce msg="Pooled new future transaction"          hash=0x2714dba1ae3426d16dfda100712c2451309016373cce475a8c091289eb6186bf from=0xb71feFeFddA3421352369476ee2e3eA82Abe2499 to=0x0000000000000000000000000000000000000000
t=2023-06-02T16:09:00+0800 lvl=trce msg="Pooled new future transaction"          hash=0xeb1e515b0c3b0acf51e6ee62b9926a04f0b2152da944b9865c785c5121c01b70 from=0xb71feFeFddA3421352369476ee2e3eA82Abe2499 to=0x0000000000000000000000000000000000000000
t=2023-06-02T16:09:00+0800 lvl=trce msg="Pooled new future transaction"          hash=0xbe180faedf7787ae7c4b5687608c482ef5d3fcb771263facd1e8b674c28812b2 from=0xb71feFeFddA3421352369476ee2e3eA82Abe2499 to=0x0000000000000000000000000000000000000000
t=2023-06-02T16:09:00+0800 lvl=trce msg="Pooled new future transaction"          hash=0x94e9f7bf97ea84590f404b0dcd3957276bc7882b83ab894bfe13f1a1c1d92cdd from=0xb71feFeFddA3421352369476ee2e3eA82Abe2499 to=0x0000000000000000000000000000000000000000
t=2023-06-02T16:09:00+0800 lvl=trce msg="Pooled new future transaction"          hash=0xdaae87b421d2bc401671f26817e9ec9e0f035a1e900cb849cba5f07702933c82 from=0xb71feFeFddA3421352369476ee2e3eA82Abe2499 to=0x0000000000000000000000000000000000000000
t=2023-06-02T16:09:00+0800 lvl=trce msg="Pooled new future transaction"          hash=0x756b237f96a9306566888b445c25074d51c234aa6cf120172f0bc0c78d395d6f from=0xb71feFeFddA3421352369476ee2e3eA82Abe2499 to=0x0000000000000000000000000000000000000000
t=2023-06-02T16:09:00+0800 lvl=trce msg="Pooled new future transaction"          hash=0x46925e51b2b942a1cb8df16db3189dc48d6085ac37f22205247c931dd1618c93 from=0xF430FAcaBDd458C473847F5C7332098a985d3052 to=0x0000000000000000000000000000000000000000
t=2023-06-02T16:09:00+0800 lvl=trce msg="Pooled new future transaction"          hash=0x239d6cfc21d1ebbbd687b4d480e0c8afd9b5fd167f62c9615d66f2b078f5a470 from=0xF430FAcaBDd458C473847F5C7332098a985d3052 to=0x0000000000000000000000000000000000000000
t=2023-06-02T16:09:00+0800 lvl=trce msg="Pooled new future transaction"          hash=0xf9705f6556db15ad9dcdc1cb0f93101ff220c7a431d47b32f607298cce95eb7a from=0xF430FAcaBDd458C473847F5C7332098a985d3052 to=0x0000000000000000000000000000000000000000
t=2023-06-02T16:09:00+0800 lvl=trce msg="Pooled new future transaction"          hash=0x8363b0d8d2d90dd1f3426475924455d921dce5a5d95f30f9b77c896ff0a97368 from=0xF430FAcaBDd458C473847F5C7332098a985d3052 to=0x0000000000000000000000000000000000000000
t=2023-06-02T16:09:00+0800 lvl=trce msg="Removed old queued transactions"        count=0
t=2023-06-02T16:09:00+0800 lvl=trce msg="Removed unpayable queued transactions"  count=0
t=2023-06-02T16:09:00+0800 lvl=trce msg="Promoted queued transactions"           count=1
t=2023-06-02T16:09:00+0800 lvl=trce msg="Pooled new future transaction"          hash=0x1372994699227c26d5a6391c4f37fd38571880c109d870311b2cbd4c57a037fd from=0xb71feFeFddA3421352369476ee2e3eA82Abe2499 to=0x0000000000000000000000000000000000000000
t=2023-06-02T16:09:00+0800 lvl=trce msg="Pooled new future transaction"          hash=0x368ce83f98596e55a323b86d094f1820c19c2ba69d370c82487bdec63959d418 from=0xb71feFeFddA3421352369476ee2e3eA82Abe2499 to=0x0000000000000000000000000000000000000000
t=2023-06-02T16:09:00+0800 lvl=trce msg="Pooled new future transaction"          hash=0x74a48a057b934717f2b228df80c6c845fd60816210eec14e3eec13ce4ca4d28d from=0xb71feFeFddA3421352369476ee2e3eA82Abe2499 to=0x0000000000000000000000000000000000000000
t=2023-06-02T16:09:00+0800 lvl=trce msg="Pooled new future transaction"          hash=0xbabc2c4309fc6708153071b7ece114fefbe4ea7615b2af90b79ab9a445fe46c6 from=0xb71feFeFddA3421352369476ee2e3eA82Abe2499 to=0x0000000000000000000000000000000000000000
t=2023-06-02T16:09:00+0800 lvl=trce msg="Pooled new future transaction"          hash=0x75926f5af964f9ff040fbe96a7c60a8aad0287b6ebe0d3b876c6ca2d546683e9 from=0xb71feFeFddA3421352369476ee2e3eA82Abe2499 to=0x0000000000000000000000000000000000000000
t=2023-06-02T16:09:00+0800 lvl=trce msg="Pooled new future transaction"          hash=0x7d0571a59abd06a9f70ba376301437e0e9ab9d7d5b44f3a389db8ad7aec75da8 from=0xb71feFeFddA3421352369476ee2e3eA82Abe2499 to=0x0000000000000000000000000000000000000000
t=2023-06-02T16:09:00+0800 lvl=trce msg="Pooled new future transaction"          hash=0xa85244e0efc8acbc112a274325f948f123976740d292dcc5c5c3555ba85111d0 from=0xb71feFeFddA3421352369476ee2e3eA82Abe2499 to=0x0000000000000000000000000000000000000000
t=2023-06-02T16:09:00+0800 lvl=trce msg="Pooled new future transaction"          hash=0x7e3fc515d49fca813cf378cce5e1632d728adb28880259c903d5f5e3fee5b1d6 from=0xb71feFeFddA3421352369476ee2e3eA82Abe2499 to=0x0000000000000000000000000000000000000000
t=2023-06-02T16:09:00+0800 lvl=trce msg="Pooled new future transaction"          hash=0x69c34fddf294b03b7851675941d039aff7fa40503556b92c3f07e7be8b1a56f1 from=0xF430FAcaBDd458C473847F5C7332098a985d3052 to=0x0000000000000000000000000000000000000000
t=2023-06-02T16:09:00+0800 lvl=trce msg="Pooled new future transaction"          hash=0xe4b9854cc7784a9109b92ada8286b31a77854fe3115f202aaa4348042018fd4f from=0xb71feFeFddA3421352369476ee2e3eA82Abe2499 to=0x0000000000000000000000000000000000000000
t=2023-06-02T16:09:00+0800 lvl=trce msg="Pooled new future transaction"          hash=0xaa49bc0041f006d2e0167ab6d3755d2b689ccfd2f7e89a83f62c65aba8fc256f from=0xb71feFeFddA3421352369476ee2e3eA82Abe2499 to=0x0000000000000000000000000000000000000000
t=2023-06-02T16:09:00+0800 lvl=trce msg="Pooled new future transaction"          hash=0x5efe65702f1e6c6c9cc3939ab03f603f2f24b23af889d55567e80c2a33439002 from=0xF430FAcaBDd458C473847F5C7332098a985d3052 to=0x0000000000000000000000000000000000000000
t=2023-06-02T16:09:00+0800 lvl=trce msg="Pooled new future transaction"          hash=0x369a096560f20d89deb1b210706f2cbcb2d52bc4645bce7a1d68f42fbf8efb5c from=0xb71feFeFddA3421352369476ee2e3eA82Abe2499 to=0x0000000000000000000000000000000000000000
t=2023-06-02T16:09:00+0800 lvl=trce msg="Pooled new future transaction"          hash=0x251841b5a8a573b6ea310e68a99d6617572a9d191056c93cce8eb49fcb885ab3 from=0xb71feFeFddA3421352369476ee2e3eA82Abe2499 to=0x0000000000000000000000000000000000000000
t=2023-06-02T16:09:00+0800 lvl=trce msg="Pooled new future transaction"          hash=0x54bbdc7cfcaa74b8d13e1372ee30bee54a6b3eb6e4f56d323c0b8a14b9da7db5 from=0xb71feFeFddA3421352369476ee2e3eA82Abe2499 to=0x0000000000000000000000000000000000000000
t=2023-06-02T16:09:00+0800 lvl=trce msg="Pooled new future transaction"          hash=0x763c79c0b20f41d2c22a0a60a7d3c2d13047fb70bcf1dd2705703ba66ec9400c from=0x7628e7c918DAaf4dfbF615023fDBcF72b8479bCe to=0x0000000000000000000000000000000000000000
t=2023-06-02T16:09:00+0800 lvl=trce msg="Removed old queued transactions"        count=0
t=2023-06-02T16:09:00+0800 lvl=trce msg="Removed unpayable queued transactions"  count=0
t=2023-06-02T16:09:00+0800 lvl=trce msg="Promoted queued transactions"           count=0
t=2023-06-02T16:09:00+0800 lvl=trce msg="Pooled new future transaction"          hash=0x0395e1b8e7f69fc74f7850ddef72f741b2cda09bd67a7de2f1e1fb929258a7ef from=0xb71feFeFddA3421352369476ee2e3eA82Abe2499 to=0x0000000000000000000000000000000000000000
t=2023-06-02T16:09:00+0800 lvl=trce msg="Pooled new future transaction"          hash=0xdc44957c8fe7cf25efdf964969254b11d99522d4ead2abbe478034a2b4907b80 from=0xb71feFeFddA3421352369476ee2e3eA82Abe2499 to=0x0000000000000000000000000000000000000000
t=2023-06-02T16:09:00+0800 lvl=trce msg="Pooled new future transaction"          hash=0xb0fb8189d6b87c112d0325ddca5956e9f63bbe6905a74e42464263fc31de7b50 from=0xb71feFeFddA3421352369476ee2e3eA82Abe2499 to=0x0000000000000000000000000000000000000000
t=2023-06-02T16:09:00+0800 lvl=trce msg="Pooled new future transaction"          hash=0xf5dedad173ab4a722a664d75596e3b95f1216887f9561d2fe5f6ed2248369489 from=0xb71feFeFddA3421352369476ee2e3eA82Abe2499 to=0x0000000000000000000000000000000000000000
t=2023-06-02T16:09:00+0800 lvl=trce msg="Pooled new future transaction"          hash=0x931f2c3181af6436be20698f30fc4b42bebab1e256cd483422cc9d9e918600d0 from=0xb71feFeFddA3421352369476ee2e3eA82Abe2499 to=0x0000000000000000000000000000000000000000
t=2023-06-02T16:09:00+0800 lvl=trce msg="Pooled new future transaction"          hash=0x2b6ef490d33b8a92329e206d3d41e950809616a6262da93d501f05fed1635cf3 from=0xF430FAcaBDd458C473847F5C7332098a985d3052 to=0x0000000000000000000000000000000000000000
t=2023-06-02T16:09:00+0800 lvl=trce msg="Pooled new future transaction"          hash=0x7490954ef1fadcf5378c9db65713152e132505fbf4d202bd46e6e64cacedd066 from=0xF430FAcaBDd458C473847F5C7332098a985d3052 to=0x0000000000000000000000000000000000000000
t=2023-06-02T16:09:00+0800 lvl=trce msg="Pooled new future transaction"          hash=0x8b9715a9d8c6a9a178e406ee487cba39caa55957bf59c86772ba38fdce3b586c from=0xF430FAcaBDd458C473847F5C7332098a985d3052 to=0x0000000000000000000000000000000000000000
t=2023-06-02T16:09:00+0800 lvl=trce msg="Pooled new future transaction"          hash=0x5d78623c861ee3a1e1e13f06e8ff8c6122dfc174f58175eb803406515e7b56f4 from=0xF430FAcaBDd458C473847F5C7332098a985d3052 to=0x0000000000000000000000000000000000000000
t=2023-06-02T16:09:00+0800 lvl=trce msg="Pooled new future transaction"          hash=0xcb1a915556c87a1e4ed7556eebbc01b04693e61f4916b1187f43e93347d9360d from=0x66e0851F1a162869024b4C9f6b1C4Fc5cb4832F1 to=0x0000000000000000000000000000000000000000
t=2023-06-02T16:09:00+0800 lvl=trce msg="Pooled new future transaction"          hash=0xc5b921db7e60fc4eb28de92de0c04e09392a9b36ddb00d394e068675e7dcc254 from=0xF430FAcaBDd458C473847F5C7332098a985d3052 to=0x0000000000000000000000000000000000000000
t=2023-06-02T16:09:00+0800 lvl=trce msg="Pooled new future transaction"          hash=0x6030c72e1cbb914a7dacb812cd136a216962f1ff33d5c7736cf42dd63fb9e6e1 from=0xF430FAcaBDd458C473847F5C7332098a985d3052 to=0x0000000000000000000000000000000000000000
t=2023-06-02T16:09:00+0800 lvl=trce msg="Removed old queued transactions"        count=0
t=2023-06-02T16:09:00+0800 lvl=trce msg="Removed unpayable queued transactions"  count=0
t=2023-06-02T16:09:00+0800 lvl=trce msg="Promoted queued transactions"           count=1
t=2023-06-02T16:09:00+0800 lvl=trce msg="Pooled new future transaction"          hash=0x1711f4c2554dc498d187e73b8b315f28346e524dc9bd1d62a935f18bd00e82d1 from=0xF430FAcaBDd458C473847F5C7332098a985d3052 to=0x0000000000000000000000000000000000000000
t=2023-06-02T16:09:00+0800 lvl=trce msg="Pooled new future transaction"          hash=0x251cd90c4bfb869d828ce1fcd2b24e85a6ef3e167b4e2147fd0a7281c40b37ef from=0xF430FAcaBDd458C473847F5C7332098a985d3052 to=0x0000000000000000000000000000000000000000
t=2023-06-02T16:09:00+0800 lvl=trce msg="Pooled new future transaction"          hash=0x235a7eb53d879409b46c36f9c50b93a05b7025d05855c3f58f523e32aafcb6a8 from=0xb71feFeFddA3421352369476ee2e3eA82Abe2499 to=0x0000000000000000000000000000000000000000
t=2023-06-02T16:09:00+0800 lvl=trce msg="Pooled new future transaction"          hash=0x66e6cee59614dd3c9a3d845a2f691da55eb4a83f8099bbe4f486ca8710e945a0 from=0xF430FAcaBDd458C473847F5C7332098a985d3052 to=0x0000000000000000000000000000000000000000
t=2023-06-02T16:09:00+0800 lvl=trce msg="Pooled new future transaction"          hash=0x179cfee528236c57166994365572d42ce5b582dcac23d7c4e410d80116c8dd69 from=0xb71feFeFddA3421352369476ee2e3eA82Abe2499 to=0x0000000000000000000000000000000000000000
t=2023-06-02T16:09:00+0800 lvl=trce msg="Pooled new future transaction"          hash=0x1d72de53395493cbc1cafea8e65f3e7c73b53b86b6dd640c1fed8b2c4c845229 from=0xF430FAcaBDd458C473847F5C7332098a985d3052 to=0x0000000000000000000000000000000000000000
t=2023-06-02T16:09:00+0800 lvl=trce msg="Pooled new future transaction"          hash=0x91d5d3faf07e750e511e1518a70926d07bbaee883f56c81ffd5a54f75f5a61e4 from=0xF430FAcaBDd458C473847F5C7332098a985d3052 to=0x0000000000000000000000000000000000000000
t=2023-06-02T16:09:00+0800 lvl=trce msg="Pooled new future transaction"          hash=0x121fd0dc0fb5024582e49ca76ce1ce076f76b409e4296b9ed6ccd0b29601b53d from=0xF430FAcaBDd458C473847F5C7332098a985d3052 to=0x0000000000000000000000000000000000000000
t=2023-06-02T16:09:00+0800 lvl=trce msg="Pooled new future transaction"          hash=0x561d4ed35fd3a7097427435e2081cf361b4b588aa9c15c10d525bc0efc143b3e from=0xb71feFeFddA3421352369476ee2e3eA82Abe2499 to=0x0000000000000000000000000000000000000000
t=2023-06-02T16:09:00+0800 lvl=trce msg="Pooled new future transaction"          hash=0xb8234464112a2e0aeb1ce8dadccc588fd93088f9212107d2690fc3e6d0cd5887 from=0x66e0851F1a162869024b4C9f6b1C4Fc5cb4832F1 to=0x0000000000000000000000000000000000000000
t=2023-06-02T16:09:00+0800 lvl=trce msg="Removed old queued transactions"        count=0
t=2023-06-02T16:09:00+0800 lvl=trce msg="Removed unpayable queued transactions"  count=0
t=2023-06-02T16:09:00+0800 lvl=trce msg="Promoted queued transactions"           count=0
t=2023-06-02T16:09:00+0800 lvl=trce msg="Pooled new future transaction"          hash=0x767cdc96c4a34879c1184a9a47459b126eb152aad6c5e1eeeae3ba4b96c8b796 from=0xb71feFeFddA3421352369476ee2e3eA82Abe2499 to=0x0000000000000000000000000000000000000000
t=2023-06-02T16:09:00+0800 lvl=trce msg="Pooled new future transaction"          hash=0xfe8fe705084ad961895143fb70946a05b713921fd846b836b1b5d57f85833b33 from=0xb71feFeFddA3421352369476ee2e3eA82Abe2499 to=0x0000000000000000000000000000000000000000
t=2023-06-02T16:09:00+0800 lvl=trce msg="Pooled new future transaction"          hash=0xe5bc47fecdc3a5f807ae6aaad0339de730bba15ed59b53a27b9551e2059afd6e from=0xb71feFeFddA3421352369476ee2e3eA82Abe2499 to=0x0000000000000000000000000000000000000000
t=2023-06-02T16:09:00+0800 lvl=trce msg="Pooled new future transaction"          hash=0xbf7f66461dc60f1c0c05591d71883f9971da32ca58fc19efae884ae2a302b3be from=0xb71feFeFddA3421352369476ee2e3eA82Abe2499 to=0x0000000000000000000000000000000000000000
t=2023-06-02T16:09:00+0800 lvl=trce msg="Pooled new future transaction"          hash=0x974db3711e3f4649f7653c0f488713bc9a13d4928a9e2cad157fac02182764bb from=0xb71feFeFddA3421352369476ee2e3eA82Abe2499 to=0x0000000000000000000000000000000000000000
t=2023-06-02T16:09:00+0800 lvl=trce msg="Pooled new future transaction"          hash=0x215ffc86c82ec6d594ab04b5f98b31e9adb780411d69518e5fcdb7741388e04d from=0xb71feFeFddA3421352369476ee2e3eA82Abe2499 to=0x0000000000000000000000000000000000000000
t=2023-06-02T16:09:00+0800 lvl=trce msg="Pooled new future transaction"          hash=0xa459ed2e2ef00c57907f4159f7c6cae51ce96bc61dd359967bf88dbf2e3c7a4f from=0x7628e7c918DAaf4dfbF615023fDBcF72b8479bCe to=0x0000000000000000000000000000000000000000
t=2023-06-02T16:09:00+0800 lvl=trce msg="Pooled new future transaction"          hash=0x6699e602e21ad3233efc518ed44ba565e14f8b89a9a184324c5b950db609bff9 from=0xb71feFeFddA3421352369476ee2e3eA82Abe2499 to=0x0000000000000000000000000000000000000000
t=2023-06-02T16:09:00+0800 lvl=trce msg="Pooled new future transaction"          hash=0x1ffd214b7b0f190c545213634530e771b482d5fc5c6a07d91e33fff08de04112 from=0xF430FAcaBDd458C473847F5C7332098a985d3052 to=0x0000000000000000000000000000000000000000
t=2023-06-02T16:09:00+0800 lvl=trce msg="Pooled new future transaction"          hash=0x19cb33d8aa4a6ea05fac38c660477f2bd2b363cc9c6808cd215eafcc5ff3e617 from=0xF430FAcaBDd458C473847F5C7332098a985d3052 to=0x0000000000000000000000000000000000000000
t=2023-06-02T16:09:00+0800 lvl=trce msg="Pooled new future transaction"          hash=0x6c18f4cf36d20de1b35842cdda7354e802e30aff21a2127d67139b3d4ddaa585 from=0xF430FAcaBDd458C473847F5C7332098a985d3052 to=0x0000000000000000000000000000000000000000
t=2023-06-02T16:09:00+0800 lvl=trce msg="Pooled new future transaction"          hash=0x5f87bc187e4cc6da8bca1f4d562fd57266db61c1716efad4ef7cd1a151f4e543 from=0xF430FAcaBDd458C473847F5C7332098a985d3052 to=0x0000000000000000000000000000000000000000
t=2023-06-02T16:09:00+0800 lvl=trce msg="Pooled new future transaction"          hash=0x6d471abb713a053064ab4322fa21246c47e0452d21fae9e02fadfb901879ed8a from=0xF430FAcaBDd458C473847F5C7332098a985d3052 to=0x0000000000000000000000000000000000000000
t=2023-06-02T16:09:00+0800 lvl=trce msg="Pooled new future transaction"          hash=0x2ecdef234210dce7e87fca2356d0495f9070b748f5183d9b171255bae61d4b2a from=0xF430FAcaBDd458C473847F5C7332098a985d3052 to=0x0000000000000000000000000000000000000000
t=2023-06-02T16:09:00+0800 lvl=trce msg="Removed old queued transactions"        count=0
t=2023-06-02T16:09:00+0800 lvl=trce msg="Removed unpayable queued transactions"  count=0
t=2023-06-02T16:09:00+0800 lvl=trce msg="Pooled new future transaction"          hash=0x8015483b20dcb4e983ed640555b0a2eff24b09679d2e5269c4449b5938e6c5af from=0xb71feFeFddA3421352369476ee2e3eA82Abe2499 to=0x0000000000000000000000000000000000000000
t=2023-06-02T16:09:00+0800 lvl=trce msg="Pooled new future transaction"          hash=0x2f5cb19da19c8be821d2731cee118d17046c775a20b98503d099b63d140a1f2c from=0xb71feFeFddA3421352369476ee2e3eA82Abe2499 to=0x0000000000000000000000000000000000000000
t=2023-06-02T16:09:00+0800 lvl=trce msg="Pooled new future transaction"          hash=0x6440f37fdf02c10545996589cc06950d1eed44154ad4ac86acdb48bbe2f9fa38 from=0xb71feFeFddA3421352369476ee2e3eA82Abe2499 to=0x0000000000000000000000000000000000000000
t=2023-06-02T16:09:00+0800 lvl=trce msg="Pooled new future transaction"          hash=0x84f64209ee63f6cc7daf99da01ee00f2b80e7561c3b94ac279695a03ec5f619d from=0xb71feFeFddA3421352369476ee2e3eA82Abe2499 to=0x0000000000000000000000000000000000000000
t=2023-06-02T16:09:00+0800 lvl=trce msg="Pooled new future transaction"          hash=0x236a0a99fed20bdbb723b34fb85c7e5e46c3de564ee137eacab5c04215c0399f from=0xb71feFeFddA3421352369476ee2e3eA82Abe2499 to=0x0000000000000000000000000000000000000000
t=2023-06-02T16:09:00+0800 lvl=trce msg="Pooled new future transaction"          hash=0x3cc1d273a7782f6607c427114b21d32a48156a7fe1af4d9264d6a4ec32713bab from=0xb71feFeFddA3421352369476ee2e3eA82Abe2499 to=0x0000000000000000000000000000000000000000
t=2023-06-02T16:09:00+0800 lvl=trce msg="Pooled new future transaction"          hash=0x0c259fc3d21a08c41d528beb2b0554bbb802ef8ddea3fbfda452d44054ef2e2f from=0xb71feFeFddA3421352369476ee2e3eA82Abe2499 to=0x0000000000000000000000000000000000000000
t=2023-06-02T16:09:00+0800 lvl=trce msg="Pooled new future transaction"          hash=0x7626eb2b3e043c819139eb35cb0fbc28ed8fc03b71022f3a2eb9c4edea43b89a from=0xF430FAcaBDd458C473847F5C7332098a985d3052 to=0x0000000000000000000000000000000000000000
t=2023-06-02T16:09:00+0800 lvl=trce msg="Pooled new future transaction"          hash=0x30359fdb5b8a843f886739f709213a0fcf8b1c9c8b1a197fca7914321ab35b1c from=0xF430FAcaBDd458C473847F5C7332098a985d3052 to=0x0000000000000000000000000000000000000000
t=2023-06-02T16:09:00+0800 lvl=trce msg="Pooled new future transaction"          hash=0x9aef8bb12ef4cce1161857b6a42ab2b9648f4c2aaecba8a4a638d68faca4745a from=0xF430FAcaBDd458C473847F5C7332098a985d3052 to=0x0000000000000000000000000000000000000000
t=2023-06-02T16:09:00+0800 lvl=trce msg="Pooled new future transaction"          hash=0x97f9097d17c59140047838482838d98af4070916fe5c2da632a53d3b12ea2c43 from=0xF430FAcaBDd458C473847F5C7332098a985d3052 to=0x0000000000000000000000000000000000000000
t=2023-06-02T16:09:00+0800 lvl=trce msg="Promoted queued transactions"           count=1
t=2023-06-02T16:09:00+0800 lvl=trce msg="Pooled new future transaction"          hash=0xb363f2a9370a6475224518e6dfa1facbf2f5e0b6c889bdf510be8bce8fbd6ffd from=0xb71feFeFddA3421352369476ee2e3eA82Abe2499 to=0x0000000000000000000000000000000000000000
t=2023-06-02T16:09:00+0800 lvl=trce msg="Pooled new future transaction"          hash=0x69ea281bbb8c76f1c8d9a68f21ec6e29c01eff3e1411a9dd38e232ad4f413fa5 from=0xb71feFeFddA3421352369476ee2e3eA82Abe2499 to=0x0000000000000000000000000000000000000000
t=2023-06-02T16:09:00+0800 lvl=trce msg="Pooled new future transaction"          hash=0x413a0adc202fc4bdf4969dff7c33cd95d5d5b41bd7dede891d7e71ba4ceaef87 from=0xb71feFeFddA3421352369476ee2e3eA82Abe2499 to=0x0000000000000000000000000000000000000000
t=2023-06-02T16:09:00+0800 lvl=trce msg="Pooled new future transaction"          hash=0x7d6e943cfcfa7ae904deee8b116638725a0496b0d9337713f0eef1053cde8b3a from=0xb71feFeFddA3421352369476ee2e3eA82Abe2499 to=0x0000000000000000000000000000000000000000
t=2023-06-02T16:09:00+0800 lvl=trce msg="Pooled new future transaction"          hash=0x4f7df1099a9ecc4d7f5514005e211a38d075a42a9555800be8535cc4eba339a7 from=0xb71feFeFddA3421352369476ee2e3eA82Abe2499 to=0x0000000000000000000000000000000000000000
t=2023-06-02T16:09:00+0800 lvl=trce msg="Pooled new future transaction"          hash=0x34ba2b6ddc1235694760894104c7c2f0bfed9b3714e47b65e0f2a9444f872c2e from=0xb71feFeFddA3421352369476ee2e3eA82Abe2499 to=0x0000000000000000000000000000000000000000
t=2023-06-02T16:09:00+0800 lvl=trce msg="Pooled new future transaction"          hash=0x5ee97dfc5897f422f5f9176684ca4503f227f4e36cacbf63a063f77e7eef3a79 from=0xb71feFeFddA3421352369476ee2e3eA82Abe2499 to=0x0000000000000000000000000000000000000000
t=2023-06-02T16:09:00+0800 lvl=trce msg="Pooled new future transaction"          hash=0x6e4edbc62fe9c6b3f092946f36f06b6fc87799b7179f1b51acbe9d7355c21130 from=0xF430FAcaBDd458C473847F5C7332098a985d3052 to=0x0000000000000000000000000000000000000000
t=2023-06-02T16:09:00+0800 lvl=trce msg="Pooled new future transaction"          hash=0xea8c15185ca7fa315bcfa77c554e2bdf38980ba5b3d105831dfd466ae7aefe61 from=0xF430FAcaBDd458C473847F5C7332098a985d3052 to=0x0000000000000000000000000000000000000000
t=2023-06-02T16:09:00+0800 lvl=trce msg="Pooled new future transaction"          hash=0xf3bf6f38c686d5b4b430cfc42361af139274d5d75c9d6f892df278e159b0fa95 from=0x7628e7c918DAaf4dfbF615023fDBcF72b8479bCe to=0x0000000000000000000000000000000000000000
t=2023-06-02T16:09:00+0800 lvl=trce msg="Pooled new future transaction"          hash=0x3ed079e949e68c046a715dd6aef36399f0c0d2ac3f1a49a18260c605976085fd from=0xF430FAcaBDd458C473847F5C7332098a985d3052 to=0x0000000000000000000000000000000000000000
t=2023-06-02T16:09:00+0800 lvl=trce msg="Removed old queued transactions"        count=0
t=2023-06-02T16:09:00+0800 lvl=trce msg="Removed unpayable queued transactions"  count=0
t=2023-06-02T16:09:00+0800 lvl=trce msg="Pooled new future transaction"          hash=0xab29bb105ee22c7b381cbca847187c4e28ee1d60ff421f219674a47e81e4d2d0 from=0xF430FAcaBDd458C473847F5C7332098a985d3052 to=0x0000000000000000000000000000000000000000
t=2023-06-02T16:09:00+0800 lvl=trce msg="Pooled new future transaction"          hash=0xeabb025099efe059a4821388bf582084f16afd2d6752fa9bfce8d146b9036fb0 from=0xF430FAcaBDd458C473847F5C7332098a985d3052 to=0x0000000000000000000000000000000000000000
t=2023-06-02T16:09:00+0800 lvl=trce msg="Pooled new future transaction"          hash=0x8c46208249bb317493ca6b3e52b7aacfedca5f3ff7e270b33f88cde343a50925 from=0xF430FAcaBDd458C473847F5C7332098a985d3052 to=0x0000000000000000000000000000000000000000
t=2023-06-02T16:09:00+0800 lvl=trce msg="Pooled new future transaction"          hash=0xdfd1a153b4a5304a6340035231e0067172965e6f8a4aad70403a1206d7ab7b00 from=0xF430FAcaBDd458C473847F5C7332098a985d3052 to=0x0000000000000000000000000000000000000000
t=2023-06-02T16:09:00+0800 lvl=trce msg="Promoted queued transactions"           count=0
t=2023-06-02T16:09:00+0800 lvl=trce msg="Pooled new future transaction"          hash=0x8b049cd1c4590ad9cb403a68cbed2ae6bf3cdf91659569a021698fd2939612d9 from=0xb71feFeFddA3421352369476ee2e3eA82Abe2499 to=0x0000000000000000000000000000000000000000
t=2023-06-02T16:09:00+0800 lvl=trce msg="Pooled new future transaction"          hash=0x7f79a4919bdca92757b7f80d07644fbb56f7b85bfcce4a3d61e5e91ca7af7b32 from=0xb71feFeFddA3421352369476ee2e3eA82Abe2499 to=0x0000000000000000000000000000000000000000
t=2023-06-02T16:09:00+0800 lvl=trce msg="Pooled new future transaction"          hash=0x1f65eeb7d1073dc3720c6b00df8e29584cd252986bdd6345d2f5b5d6e2152965 from=0xb71feFeFddA3421352369476ee2e3eA82Abe2499 to=0x0000000000000000000000000000000000000000
t=2023-06-02T16:09:00+0800 lvl=trce msg="Pooled new future transaction"          hash=0xe537940bb3f0a8718e606665a4a6a96ef19de71d4b7fea8e0c4a6bee6959fa87 from=0xb71feFeFddA3421352369476ee2e3eA82Abe2499 to=0x0000000000000000000000000000000000000000
t=2023-06-02T16:09:00+0800 lvl=trce msg="Pooled new future transaction"          hash=0xd9f4caa23846d8b2850c07f514ff3512a3d8e7cef5cb79e8eafb10fd8a9683ca from=0xb71feFeFddA3421352369476ee2e3eA82Abe2499 to=0x0000000000000000000000000000000000000000
t=2023-06-02T16:09:00+0800 lvl=trce msg="Pooled new future transaction"          hash=0xecb6550dc6f87279c54ddc7ea0543f7d7c1a9ee7b74ef849bade9e45e255b44a from=0xb71feFeFddA3421352369476ee2e3eA82Abe2499 to=0x0000000000000000000000000000000000000000
t=2023-06-02T16:09:00+0800 lvl=trce msg="Pooled new future transaction"          hash=0x9df16780efc6a61352ce7d03f6fb47ec023ec711e9c93fce6ea516bd5f825c15 from=0xb71feFeFddA3421352369476ee2e3eA82Abe2499 to=0x0000000000000000000000000000000000000000
t=2023-06-02T16:09:00+0800 lvl=trce msg="Pooled new future transaction"          hash=0xf4246a2baf811cf1b663c474fd62e7331cf6d33aca5a9c789002536cae499059 from=0xb71feFeFddA3421352369476ee2e3eA82Abe2499 to=0x0000000000000000000000000000000000000000
t=2023-06-02T16:09:00+0800 lvl=trce msg="Pooled new future transaction"          hash=0x0582affbe6e2c8e8d55d95ce3af0ba2ea130d7cfed9d9974f86997dbd8281493 from=0xb71feFeFddA3421352369476ee2e3eA82Abe2499 to=0x0000000000000000000000000000000000000000
t=2023-06-02T16:09:00+0800 lvl=trce msg="Pooled new future transaction"          hash=0xe02b5506d37e0b467e9e8f056e424994ede78430a54b17360f7ef5a1c4b793c3 from=0xb71feFeFddA3421352369476ee2e3eA82Abe2499 to=0x0000000000000000000000000000000000000000
t=2023-06-02T16:09:00+0800 lvl=trce msg="Pooled new future transaction"          hash=0xc105329278abc94d04ae5b2cd7e54965fe6cde58899d6d5df99340ac2f9bcc38 from=0xb71feFeFddA3421352369476ee2e3eA82Abe2499 to=0x0000000000000000000000000000000000000000
t=2023-06-02T16:09:00+0800 lvl=trce msg="Pooled new future transaction"          hash=0xaa418d748d3152cb9cba114a71e6ea1ce444659c13c8fea92eeeeca0b864811b from=0xb71feFeFddA3421352369476ee2e3eA82Abe2499 to=0x0000000000000000000000000000000000000000
t=2023-06-02T16:09:00+0800 lvl=trce msg="Pooled new future transaction"          hash=0x75e7fe5ade4ef9ee1e409567b518678dde895db8c28a0b94f880ae145fa0ef2d from=0xb71feFeFddA3421352369476ee2e3eA82Abe2499 to=0x0000000000000000000000000000000000000000
t=2023-06-02T16:09:00+0800 lvl=trce msg="Pooled new future transaction"          hash=0x415a8b263236b8b9049b38ef32ec19b935da42928099efae1ae63ab96e69c10d from=0xb71feFeFddA3421352369476ee2e3eA82Abe2499 to=0x0000000000000000000000000000000000000000
t=2023-06-02T16:09:00+0800 lvl=trce msg="Pooled new future transaction"          hash=0xb09a70fd42ab7750b0fc55d081f003d6ed988a6e5bde2a09238e15bc0adca1aa from=0xb71feFeFddA3421352369476ee2e3eA82Abe2499 to=0x0000000000000000000000000000000000000000
t=2023-06-02T16:09:00+0800 lvl=trce msg="Pooled new future transaction"          hash=0xf20a9e447461f0eac247e469773d9623cc31a74518e7ad406dfab123bbddaba6 from=0xb71feFeFddA3421352369476ee2e3eA82Abe2499 to=0x0000000000000000000000000000000000000000
t=2023-06-02T16:09:00+0800 lvl=trce msg="Pooled new future transaction"          hash=0x2ea0d4b71e8635617d6b683c8d89569f36b0f8e0612122fd640bf3812d1e998a from=0xb71feFeFddA3421352369476ee2e3eA82Abe2499 to=0x0000000000000000000000000000000000000000
t=2023-06-02T16:09:00+0800 lvl=trce msg="Pooled new future transaction"          hash=0x75839a7f1c363e380d7e0312ddf404ba4263f0e363b26ca4e59af44d8a585a2d from=0xb71feFeFddA3421352369476ee2e3eA82Abe2499 to=0x0000000000000000000000000000000000000000
t=2023-06-02T16:09:00+0800 lvl=trce msg="Pooled new future transaction"          hash=0xaa5db64fbb198ab810b38bd247a6d78b3c2739d7206cbe1cae20b4ec10298091 from=0xb71feFeFddA3421352369476ee2e3eA82Abe2499 to=0x0000000000000000000000000000000000000000
t=2023-06-02T16:09:00+0800 lvl=trce msg="Pooled new future transaction"          hash=0xd59d8c71dee2b17a3536916affd2d7bd8eed04c2425a5861381448f4607eca23 from=0xF430FAcaBDd458C473847F5C7332098a985d3052 to=0x0000000000000000000000000000000000000000
t=2023-06-02T16:09:00+0800 lvl=trce msg="Pooled new future transaction"          hash=0xf4bb9032a9dfb35ac9a1af37383fbf276f6fbd74f5d82a102cd1010adb15f078 from=0xb71feFeFddA3421352369476ee2e3eA82Abe2499 to=0x0000000000000000000000000000000000000000
t=2023-06-02T16:09:00+0800 lvl=trce msg="Pooled new future transaction"          hash=0xe32f09df08396762fd6853ccaccd1df968fda79bac07e312153d43bb75a43a0b from=0xF430FAcaBDd458C473847F5C7332098a985d3052 to=0x0000000000000000000000000000000000000000
t=2023-06-02T16:09:00+0800 lvl=trce msg="Pooled new future transaction"          hash=0x219285b4a5359b2922dccbba200463ba5c8cea817fb8457bbb8108770a42c3ef from=0xF430FAcaBDd458C473847F5C7332098a985d3052 to=0x0000000000000000000000000000000000000000
t=2023-06-02T16:09:00+0800 lvl=trce msg="Pooled new future transaction"          hash=0xe11eb9193a8f3b23429cf0ae92ff57734a2adc135915f9df01f8f4ede8b54864 from=0xF430FAcaBDd458C473847F5C7332098a985d3052 to=0x0000000000000000000000000000000000000000
t=2023-06-02T16:09:00+0800 lvl=trce msg="Pooled new future transaction"          hash=0x806c2daed7d1d17b69a55c9e23ec2d68b8997a4ea792a369f13e756731b837a4 from=0xF430FAcaBDd458C473847F5C7332098a985d3052 to=0x0000000000000000000000000000000000000000
t=2023-06-02T16:09:00+0800 lvl=trce msg="Pooled new future transaction"          hash=0x74225059d4b098baf8cb26d3318e3f59064b5e3129d2d2820f74cdea5088feda from=0xF430FAcaBDd458C473847F5C7332098a985d3052 to=0x0000000000000000000000000000000000000000
t=2023-06-02T16:09:00+0800 lvl=trce msg="Pooled new future transaction"          hash=0xe5a63aa0b96d74eaa25555c68bd043cf91ced54ad33995e2315834aa11763922 from=0xF430FAcaBDd458C473847F5C7332098a985d3052 to=0x0000000000000000000000000000000000000000
t=2023-06-02T16:09:00+0800 lvl=trce msg="Pooled new future transaction"          hash=0x79ffb56da4b5a139e034038461728a6cd92a2f151f525c979b191744eddd7db1 from=0xF430FAcaBDd458C473847F5C7332098a985d3052 to=0x0000000000000000000000000000000000000000
t=2023-06-02T16:09:00+0800 lvl=trce msg="Pooled new future transaction"          hash=0x360587374898ffc1e74085186c12ed8b82af0ec5f579cf68ab03a6cd5aeaae21 from=0xF430FAcaBDd458C473847F5C7332098a985d3052 to=0x0000000000000000000000000000000000000000
t=2023-06-02T16:09:00+0800 lvl=trce msg="Pooled new future transaction"          hash=0xca4c52c49dd19bdc80d9c85cb13b2229c99c48fd268538bc53ef0d53a1a977fe from=0xF430FAcaBDd458C473847F5C7332098a985d3052 to=0x0000000000000000000000000000000000000000
t=2023-06-02T16:09:00+0800 lvl=trce msg="Pooled new future transaction"          hash=0x8da8958b2d271cd42775cd2c3d67f31b39242f1e3a22f6503188f87f486eb536 from=0x66e0851F1a162869024b4C9f6b1C4Fc5cb4832F1 to=0x0000000000000000000000000000000000000000
t=2023-06-02T16:09:00+0800 lvl=trce msg="Removed old queued transactions"        count=0
t=2023-06-02T16:09:00+0800 lvl=trce msg="Removed unpayable queued transactions"  count=0
t=2023-06-02T16:09:00+0800 lvl=trce msg="Promoted queued transactions"           count=1
t=2023-06-02T16:09:00+0800 lvl=trce msg="Pooled new future transaction"          hash=0xd01232fb580974f8a9674155b3c60a882d2ff513e73b62260e3900c8100ff737 from=0xb71feFeFddA3421352369476ee2e3eA82Abe2499 to=0x0000000000000000000000000000000000000000
t=2023-06-02T16:09:00+0800 lvl=trce msg="Pooled new future transaction"          hash=0xaad562df69ddd74cf00c6f345053c073ea20baace02bb9901992d6b5fd2fab6f from=0xb71feFeFddA3421352369476ee2e3eA82Abe2499 to=0x0000000000000000000000000000000000000000
t=2023-06-02T16:09:00+0800 lvl=trce msg="Pooled new future transaction"          hash=0x117bd010c291625d17131141628fc62cc8f9d280bb4e232115f0e71ccf11aed0 from=0xb71feFeFddA3421352369476ee2e3eA82Abe2499 to=0x0000000000000000000000000000000000000000
t=2023-06-02T16:09:00+0800 lvl=trce msg="Pooled new future transaction"          hash=0x4eeb37282482f34fb458bd2ba7c7124008975a9a82fa6ca7d68eb48c4c6e54c8 from=0xb71feFeFddA3421352369476ee2e3eA82Abe2499 to=0x0000000000000000000000000000000000000000
t=2023-06-02T16:09:00+0800 lvl=trce msg="Pooled new future transaction"          hash=0x4d44016be3ba8245f20e52e87930b447d293227a2f899a520eb9cd800a6b28ba from=0xb71feFeFddA3421352369476ee2e3eA82Abe2499 to=0x0000000000000000000000000000000000000000
t=2023-06-02T16:09:00+0800 lvl=trce msg="Pooled new future transaction"          hash=0x501cd088e12a2d7a84b5d7997a540584485ae1a9bb17149df66ff9123f36ffcb from=0xb71feFeFddA3421352369476ee2e3eA82Abe2499 to=0x0000000000000000000000000000000000000000
t=2023-06-02T16:09:00+0800 lvl=trce msg="Pooled new future transaction"          hash=0x62f99252d1f8fe51b25fec55c304a8610f13eead7039789eb25f6abfdb9a8737 from=0xb71feFeFddA3421352369476ee2e3eA82Abe2499 to=0x0000000000000000000000000000000000000000
t=2023-06-02T16:09:00+0800 lvl=trce msg="Pooled new future transaction"          hash=0x085981df225bcc4bdf80657bf3e3b34f94bd1280746b95e4e7667aa7e172bcfa from=0xb71feFeFddA3421352369476ee2e3eA82Abe2499 to=0x0000000000000000000000000000000000000000
t=2023-06-02T16:09:00+0800 lvl=trce msg="Pooled new future transaction"          hash=0xa3a8952f0a5d6c607f7af830975645f260b19566024d9518538020c7fb8c9595 from=0x66e0851F1a162869024b4C9f6b1C4Fc5cb4832F1 to=0x0000000000000000000000000000000000000000
t=2023-06-02T16:09:00+0800 lvl=trce msg="Pooled new future transaction"          hash=0xa6048aff02b222e1eb70f574e48a7656f5f44dabd0af7333d92856fe14e22633 from=0xb71feFeFddA3421352369476ee2e3eA82Abe2499 to=0x0000000000000000000000000000000000000000
t=2023-06-02T16:09:00+0800 lvl=trce msg="Pooled new future transaction"          hash=0x04cb5ea779060ee591e24114d4934782cbaa027fd9ed3b79a19a52852d2753ec from=0xF430FAcaBDd458C473847F5C7332098a985d3052 to=0x0000000000000000000000000000000000000000
t=2023-06-02T16:09:00+0800 lvl=trce msg="Pooled new future transaction"          hash=0x5263425a7395117a6abcbaf5dd30b742c987b89f823cc320cfa25c164ba7ec28 from=0xb71feFeFddA3421352369476ee2e3eA82Abe2499 to=0x0000000000000000000000000000000000000000
t=2023-06-02T16:09:00+0800 lvl=trce msg="Removed old queued transactions"        count=0
t=2023-06-02T16:09:00+0800 lvl=trce msg="Removed unpayable queued transactions"  count=0
t=2023-06-02T16:09:00+0800 lvl=trce msg="Pooled new future transaction"          hash=0x5b6db4ad72136698d6a28620379eae901d578242f914e57cd3fc8c529db270e6 from=0xF430FAcaBDd458C473847F5C7332098a985d3052 to=0x0000000000000000000000000000000000000000
t=2023-06-02T16:09:00+0800 lvl=trce msg="Pooled new future transaction"          hash=0xb20e717c7563e9dd065ce6502e047406e898eea1d2d060e4be3e7c0e599bc790 from=0xF430FAcaBDd458C473847F5C7332098a985d3052 to=0x0000000000000000000000000000000000000000
t=2023-06-02T16:09:00+0800 lvl=trce msg="Pooled new future transaction"          hash=0xa9fbf235e24e4dbde12f328231da535d9decf8ff1b36bddb2c143af797a06dc4 from=0xF430FAcaBDd458C473847F5C7332098a985d3052 to=0x0000000000000000000000000000000000000000
t=2023-06-02T16:09:00+0800 lvl=trce msg="Pooled new future transaction"          hash=0x147ff29634e31239f153aa64e7eda684cd4de62dedc974bc730bf96cb3cafc47 from=0xF430FAcaBDd458C473847F5C7332098a985d3052 to=0x0000000000000000000000000000000000000000
t=2023-06-02T16:09:00+0800 lvl=trce msg="Pooled new future transaction"          hash=0x1a23d9de63022051b7774d7263d211c8c5f00a8db3ae1982d1c704d22ee7a4e6 from=0xb71feFeFddA3421352369476ee2e3eA82Abe2499 to=0x0000000000000000000000000000000000000000
t=2023-06-02T16:09:00+0800 lvl=trce msg="Pooled new future transaction"          hash=0x27254fe53c0b7f6ab118166c495bf32e2187ebbf9e93704b78fcc14ab0122c00 from=0xb71feFeFddA3421352369476ee2e3eA82Abe2499 to=0x0000000000000000000000000000000000000000
t=2023-06-02T16:09:00+0800 lvl=trce msg="Pooled new future transaction"          hash=0x274bf256d195889d6e3efae07e57de9f203643cb45cf2813329c56401e685c73 from=0xb71feFeFddA3421352369476ee2e3eA82Abe2499 to=0x0000000000000000000000000000000000000000
t=2023-06-02T16:09:00+0800 lvl=trce msg="Pooled new future transaction"          hash=0x130f9ed121196493ee8050a53a31a10466480a2faa50de2f4ee18318e1f65d00 from=0xb71feFeFddA3421352369476ee2e3eA82Abe2499 to=0x0000000000000000000000000000000000000000
t=2023-06-02T16:09:00+0800 lvl=trce msg="Promoted queued transactions"           count=0
t=2023-06-02T16:09:00+0800 lvl=trce msg="Pooled new future transaction"          hash=0xcd3f8e05ea6227b8e87d9a54a1054a29ae7d46cc13b4b9a4bb2be8952b7a255b from=0xF430FAcaBDd458C473847F5C7332098a985d3052 to=0x0000000000000000000000000000000000000000
t=2023-06-02T16:09:00+0800 lvl=trce msg="Pooled new future transaction"          hash=0xb87a818c24427c2c76d1c9997fab1c5140972dce006273cff9fc6dd5dd494ec6 from=0xF430FAcaBDd458C473847F5C7332098a985d3052 to=0x0000000000000000000000000000000000000000
t=2023-06-02T16:09:00+0800 lvl=trce msg="Pooled new future transaction"          hash=0xf64db2ddf12b92160689bd020f0cc044121c7bff3962e6ee64ab63249e1216bb from=0xF430FAcaBDd458C473847F5C7332098a985d3052 to=0x0000000000000000000000000000000000000000
t=2023-06-02T16:09:00+0800 lvl=trce msg="Pooled new future transaction"          hash=0xf7c0d9df46a8752b33c1a00390c4177922df21ca8fcb846e30127400c4b6ee6d from=0xF430FAcaBDd458C473847F5C7332098a985d3052 to=0x0000000000000000000000000000000000000000
t=2023-06-02T16:09:00+0800 lvl=trce msg="Pooled new future transaction"          hash=0x78f5735f031c4614a3c4d5eec75f1439da9bda4df7dfb98f1c37b1f9a0901a2a from=0xF430FAcaBDd458C473847F5C7332098a985d3052 to=0x0000000000000000000000000000000000000000
t=2023-06-02T16:09:00+0800 lvl=trce msg="Pooled new future transaction"          hash=0x939a8529926620136f2351889737fa27689766b6e3652c8a7185292f712cf643 from=0xF430FAcaBDd458C473847F5C7332098a985d3052 to=0x0000000000000000000000000000000000000000
t=2023-06-02T16:09:00+0800 lvl=trce msg="Pooled new future transaction"          hash=0x3cabb6fba8a2b394e5ab141472af73c5686f573fc0273e1b85f766265761e3ea from=0xF430FAcaBDd458C473847F5C7332098a985d3052 to=0x0000000000000000000000000000000000000000
t=2023-06-02T16:09:00+0800 lvl=trce msg="Pooled new future transaction"          hash=0xcee2f6777643b0ae19ddb2400b50381c9bdd3231a3bc73e6c47fb0103dafca47 from=0xF430FAcaBDd458C473847F5C7332098a985d3052 to=0x0000000000000000000000000000000000000000
t=2023-06-02T16:09:00+0800 lvl=trce msg="Pooled new future transaction"          hash=0x4b6306d167f81f7f789c9b351fa9b3e65e9290824a3537094145ca909b0ad6ae from=0xF430FAcaBDd458C473847F5C7332098a985d3052 to=0x0000000000000000000000000000000000000000
t=2023-06-02T16:09:00+0800 lvl=trce msg="Pooled new future transaction"          hash=0x032835d01178386217c457bb717506a5be8a56fc1edec33edd654546ef56cc1e from=0xb71feFeFddA3421352369476ee2e3eA82Abe2499 to=0x0000000000000000000000000000000000000000
t=2023-06-02T16:09:00+0800 lvl=trce msg="Pooled new future transaction"          hash=0xaeb24e2e0c46760de5543537a4c709b92b2cf2469049d1010677f52fe74efaf6 from=0xb71feFeFddA3421352369476ee2e3eA82Abe2499 to=0x0000000000000000000000000000000000000000
t=2023-06-02T16:09:00+0800 lvl=trce msg="Pooled new future transaction"          hash=0xda83cbb13d7e87eaa4aad8f819693b0d210497ce63e7fd2a2f03cee6ad47f21b from=0xb71feFeFddA3421352369476ee2e3eA82Abe2499 to=0x0000000000000000000000000000000000000000
t=2023-06-02T16:09:00+0800 lvl=trce msg="Pooled new future transaction"          hash=0x582c92d9f44c034ba9b4e5205b2e42b05a9d3959f3a38d6b789308a156a3b8b3 from=0xb71feFeFddA3421352369476ee2e3eA82Abe2499 to=0x0000000000000000000000000000000000000000
t=2023-06-02T16:09:00+0800 lvl=trce msg="Pooled new future transaction"          hash=0x6b68949c2cba09de2de408458c5bdcb668b08f0cf4853bda8b6cce885996dce5 from=0x7628e7c918DAaf4dfbF615023fDBcF72b8479bCe to=0x0000000000000000000000000000000000000000
t=2023-06-02T16:09:00+0800 lvl=trce msg="Pooled new future transaction"          hash=0x7b4c2b7f447a848e3ccd544d188f7a5ace41326d69bf67d6d79a6cc4595282d9 from=0xb71feFeFddA3421352369476ee2e3eA82Abe2499 to=0x0000000000000000000000000000000000000000
t=2023-06-02T16:09:00+0800 lvl=trce msg="Removed old queued transactions"        count=0
t=2023-06-02T16:09:00+0800 lvl=trce msg="Removed unpayable queued transactions"  count=0
t=2023-06-02T16:09:00+0800 lvl=trce msg="Pooled new future transaction"          hash=0xd97f90180a5990e1f8f62d5cf198799635b21562c161dec8da3c27a797b6eb91 from=0xb71feFeFddA3421352369476ee2e3eA82Abe2499 to=0x0000000000000000000000000000000000000000
t=2023-06-02T16:09:00+0800 lvl=trce msg="Promoted queued transactions"           count=1
t=2023-06-02T16:09:00+0800 lvl=trce msg="Pooled new future transaction"          hash=0xd409f8e86eb06358fc9c8eafb1d7b676763a3274205ac25c4630b22b3b1bc27f from=0xF430FAcaBDd458C473847F5C7332098a985d3052 to=0x0000000000000000000000000000000000000000
t=2023-06-02T16:09:00+0800 lvl=trce msg="Pooled new future transaction"          hash=0xcd83ecc0b586982ff8b5ed58b35dee51b23875028ed4ee3623a0369a26324963 from=0xF430FAcaBDd458C473847F5C7332098a985d3052 to=0x0000000000000000000000000000000000000000
t=2023-06-02T16:09:00+0800 lvl=trce msg="Pooled new future transaction"          hash=0x8bd799103905e2a11d6091b917f33a54352ee57a0487fea54ab4bcb53647564a from=0xb71feFeFddA3421352369476ee2e3eA82Abe2499 to=0x0000000000000000000000000000000000000000
t=2023-06-02T16:09:00+0800 lvl=trce msg="Pooled new future transaction"          hash=0x9453683634257b7e47df0b5de675388a82116e7189857fe3adf02ac4bc4b3bbd from=0xb71feFeFddA3421352369476ee2e3eA82Abe2499 to=0x0000000000000000000000000000000000000000
t=2023-06-02T16:09:00+0800 lvl=trce msg="Pooled new future transaction"          hash=0xbdd47bdd1aed0b8c56463cd5529fb0d4a2f059b95d17f02bccc54ffc01b41f96 from=0xb71feFeFddA3421352369476ee2e3eA82Abe2499 to=0x0000000000000000000000000000000000000000
t=2023-06-02T16:09:00+0800 lvl=trce msg="Pooled new future transaction"          hash=0x306a7d368e36d3f473e1549aeaaa9ea151bf028c84483512067f82e53b76e786 from=0xb71feFeFddA3421352369476ee2e3eA82Abe2499 to=0x0000000000000000000000000000000000000000
t=2023-06-02T16:09:00+0800 lvl=trce msg="Pooled new future transaction"          hash=0x387563e5f792236192706a916827003632c3bc2fa5f6f81db9e2d7615c6de63e from=0xb71feFeFddA3421352369476ee2e3eA82Abe2499 to=0x0000000000000000000000000000000000000000
t=2023-06-02T16:09:00+0800 lvl=trce msg="Pooled new future transaction"          hash=0xe5bbd45551a492e00f89d4e16e22c68d0cdc01369c996587337237cd2842b785 from=0xb71feFeFddA3421352369476ee2e3eA82Abe2499 to=0x0000000000000000000000000000000000000000
t=2023-06-02T16:09:00+0800 lvl=trce msg="Pooled new future transaction"          hash=0x4cf00f0bea80925b654dd4d2225a82c9f54c0ef399f73ccf9db6a03fd7285d25 from=0xb71feFeFddA3421352369476ee2e3eA82Abe2499 to=0x0000000000000000000000000000000000000000
t=2023-06-02T16:09:00+0800 lvl=trce msg="Pooled new future transaction"          hash=0x1746c0d645cce50a4806179a7df271a33058477f00e1aeeaee7ed5c5c6c9b2ee from=0xb71feFeFddA3421352369476ee2e3eA82Abe2499 to=0x0000000000000000000000000000000000000000
t=2023-06-02T16:09:00+0800 lvl=trce msg="Pooled new future transaction"          hash=0x18fc2599cc851630dfe511e62fbc4489aa8f6d4a176abd62fd27edca018cdda9 from=0xb71feFeFddA3421352369476ee2e3eA82Abe2499 to=0x0000000000000000000000000000000000000000
t=2023-06-02T16:09:00+0800 lvl=trce msg="Pooled new future transaction"          hash=0xb38bad4ae7aec2a4ece901fb604010bc1bb9c7f3d4ad6908343ed7cc045cb316 from=0xb71feFeFddA3421352369476ee2e3eA82Abe2499 to=0x0000000000000000000000000000000000000000
t=2023-06-02T16:09:00+0800 lvl=trce msg="Pooled new future transaction"          hash=0xc6e469ded024553bf8533639ed69ec83efb65044c7544063e4f2a14179a055ff from=0xb71feFeFddA3421352369476ee2e3eA82Abe2499 to=0x0000000000000000000000000000000000000000
t=2023-06-02T16:09:00+0800 lvl=trce msg="Pooled new future transaction"          hash=0xd6384b5e0ed693b06777ffa88b8a17578997ca467989c99f66833f5b2de70eb1 from=0xb71feFeFddA3421352369476ee2e3eA82Abe2499 to=0x0000000000000000000000000000000000000000
t=2023-06-02T16:09:00+0800 lvl=trce msg="Pooled new future transaction"          hash=0x426da940cfda3a7956950cb8e6f0267d5a0a87a33de0a52e3ccc1b9bd91ada9e from=0xF430FAcaBDd458C473847F5C7332098a985d3052 to=0x0000000000000000000000000000000000000000
t=2023-06-02T16:09:00+0800 lvl=trce msg="Pooled new future transaction"          hash=0x7d90d06a2f5a1ae03bb8d77b5b803513785d8b81ccd6b379e5ed735a3bbc1a2b from=0xF430FAcaBDd458C473847F5C7332098a985d3052 to=0x0000000000000000000000000000000000000000
t=2023-06-02T16:09:00+0800 lvl=trce msg="Pooled new future transaction"          hash=0x6241711e5534bd5e7922485f0ab07fcc24426d56791c0ef236ca6bf063f0ae84 from=0xF430FAcaBDd458C473847F5C7332098a985d3052 to=0x0000000000000000000000000000000000000000
t=2023-06-02T16:09:00+0800 lvl=trce msg="Pooled new future transaction"          hash=0x72ec8e8678e9fc33b5f9e31e3e1321339cd1343eb76a22a6bfb690bb4b3d0450 from=0xF430FAcaBDd458C473847F5C7332098a985d3052 to=0x0000000000000000000000000000000000000000
t=2023-06-02T16:09:00+0800 lvl=trce msg="Pooled new future transaction"          hash=0x5c998ef138f31eaf925c3eb87903559e943e5fcf36560394bab56d3fa88ce6fb from=0x7628e7c918DAaf4dfbF615023fDBcF72b8479bCe to=0x0000000000000000000000000000000000000000
t=2023-06-02T16:09:00+0800 lvl=trce msg="Removed old queued transactions"        count=0
t=2023-06-02T16:09:00+0800 lvl=trce msg="Removed unpayable queued transactions"  count=0
t=2023-06-02T16:09:00+0800 lvl=trce msg="Promoted queued transactions"           count=0
t=2023-06-02T16:09:00+0800 lvl=trce msg="Pooled new future transaction"          hash=0x55e5439cf520c21967f5ac22c0ba4603de72b1454fbdb826a9d5b40b817b9531 from=0xb71feFeFddA3421352369476ee2e3eA82Abe2499 to=0x0000000000000000000000000000000000000000
t=2023-06-02T16:09:00+0800 lvl=trce msg="Pooled new future transaction"          hash=0xd1826559aa17444d780823204c582a1e9a872d2bad3436ac8723b939f2296ad8 from=0xb71feFeFddA3421352369476ee2e3eA82Abe2499 to=0x0000000000000000000000000000000000000000
t=2023-06-02T16:09:00+0800 lvl=trce msg="Pooled new future transaction"          hash=0x299b23283f6ed0e9385a756263bc4c1726a92a8ba8a24dd57b68e4d33095705c from=0xF430FAcaBDd458C473847F5C7332098a985d3052 to=0x0000000000000000000000000000000000000000
t=2023-06-02T16:09:00+0800 lvl=trce msg="Pooled new future transaction"          hash=0xfd6b9bc44fb480ab5c7c484c0135ca9e659baea26873a2e0828538ae2ca8b503 from=0xb71feFeFddA3421352369476ee2e3eA82Abe2499 to=0x0000000000000000000000000000000000000000
t=2023-06-02T16:09:00+0800 lvl=trce msg="Pooled new future transaction"          hash=0x33225c70c24415dbce2e60b2f2c698af1cf8ccae98f244cde5632b67f9f1faf9 from=0xb71feFeFddA3421352369476ee2e3eA82Abe2499 to=0x0000000000000000000000000000000000000000
t=2023-06-02T16:09:00+0800 lvl=trce msg="Pooled new future transaction"          hash=0x8eb893845d1d7146be5f91557ed1938584341b541ce6a53d1f91251d57f6f3a1 from=0xb71feFeFddA3421352369476ee2e3eA82Abe2499 to=0x0000000000000000000000000000000000000000
t=2023-06-02T16:09:00+0800 lvl=trce msg="Pooled new future transaction"          hash=0xceb0dbc4afe2253aa4186802794630f68a1143618ce9977990f18384ffb17430 from=0xb71feFeFddA3421352369476ee2e3eA82Abe2499 to=0x0000000000000000000000000000000000000000
t=2023-06-02T16:09:00+0800 lvl=trce msg="Pooled new future transaction"          hash=0xd3845f90e0b54bbd618097a1eb01060946cec0ea8e59fb5999b693dd34507b29 from=0xb71feFeFddA3421352369476ee2e3eA82Abe2499 to=0x0000000000000000000000000000000000000000
t=2023-06-02T16:09:00+0800 lvl=trce msg="Pooled new future transaction"          hash=0x18da6254b945d5d5f6ec023887216af14226bd28243e1684bcf583245d6ce1a4 from=0xb71feFeFddA3421352369476ee2e3eA82Abe2499 to=0x0000000000000000000000000000000000000000
t=2023-06-02T16:09:00+0800 lvl=trce msg="Pooled new future transaction"          hash=0x8b8c1600f936f9fc6d38d1b5f18ac4246d19b6ac5abbac196be448dc8c6c2ca1 from=0xb71feFeFddA3421352369476ee2e3eA82Abe2499 to=0x0000000000000000000000000000000000000000
t=2023-06-02T16:09:00+0800 lvl=trce msg="Pooled new future transaction"          hash=0xff1510650fd11acd97a05989b0a2309617b928a087143b6f192ad5ba728a3b0c from=0xb71feFeFddA3421352369476ee2e3eA82Abe2499 to=0x0000000000000000000000000000000000000000
t=2023-06-02T16:09:00+0800 lvl=trce msg="Pooled new future transaction"          hash=0x55113487606d0d015769324f14e31800e1d48921a34f40ade6ffd67462db4692 from=0xb71feFeFddA3421352369476ee2e3eA82Abe2499 to=0x0000000000000000000000000000000000000000
t=2023-06-02T16:09:00+0800 lvl=trce msg="Pooled new future transaction"          hash=0xf8dd2e05b6d8b21a5fa3b6ad63431ce8a03a584f7ceacad373d370cb47188131 from=0xb71feFeFddA3421352369476ee2e3eA82Abe2499 to=0x0000000000000000000000000000000000000000
t=2023-06-02T16:09:00+0800 lvl=trce msg="Pooled new future transaction"          hash=0xd3674da4342d71caa99a890c7281f9319bb81b049caf9fd31cf8de21a2860314 from=0xb71feFeFddA3421352369476ee2e3eA82Abe2499 to=0x0000000000000000000000000000000000000000
t=2023-06-02T16:09:00+0800 lvl=trce msg="Pooled new future transaction"          hash=0x50d33d8e98ea5c7452cd8cf8eeb6a6d3dbefad33c7dad1e0d45b284fffb8021b from=0xb71feFeFddA3421352369476ee2e3eA82Abe2499 to=0x0000000000000000000000000000000000000000
t=2023-06-02T16:09:00+0800 lvl=trce msg="Pooled new future transaction"          hash=0x627b325600c52115f90acd1eaf3ac83b1bdeb542aca8c6677dd42500b19cf6f0 from=0xb71feFeFddA3421352369476ee2e3eA82Abe2499 to=0x0000000000000000000000000000000000000000
t=2023-06-02T16:09:00+0800 lvl=trce msg="Pooled new future transaction"          hash=0xc6419e54024778f1e6dae173f88defd5bf8eeae11d7053c569649417f331af7f from=0xb71feFeFddA3421352369476ee2e3eA82Abe2499 to=0x0000000000000000000000000000000000000000
t=2023-06-02T16:09:00+0800 lvl=trce msg="Pooled new future transaction"          hash=0x6e83c37b49340aa523092ad21219adcab773e4aecfdb6f06902b73d519d22197 from=0xb71feFeFddA3421352369476ee2e3eA82Abe2499 to=0x0000000000000000000000000000000000000000
t=2023-06-02T16:09:00+0800 lvl=trce msg="Pooled new future transaction"          hash=0x74e6391aeb3566302c57657c1399b73ec91e0f36209c751aca1d8658b016723a from=0xb71feFeFddA3421352369476ee2e3eA82Abe2499 to=0x0000000000000000000000000000000000000000
t=2023-06-02T16:09:00+0800 lvl=trce msg="Pooled new future transaction"          hash=0x07b7916e2f88bb7d6928fe76ddf49e9715ef3e0855fab7e85986772b61851d34 from=0xb71feFeFddA3421352369476ee2e3eA82Abe2499 to=0x0000000000000000000000000000000000000000
t=2023-06-02T16:09:00+0800 lvl=trce msg="Pooled new future transaction"          hash=0x6cfc469da417479c2133dd52700f8af832be3bb0e57034485ef36d30a2d53fb8 from=0xb71feFeFddA3421352369476ee2e3eA82Abe2499 to=0x0000000000000000000000000000000000000000
t=2023-06-02T16:09:00+0800 lvl=trce msg="Pooled new future transaction"          hash=0x6cb9f59fd21c930b71f1f46317dccf39b0dd4057d0e4a92a2499ee3e033e703b from=0x66e0851F1a162869024b4C9f6b1C4Fc5cb4832F1 to=0x0000000000000000000000000000000000000000
t=2023-06-02T16:09:00+0800 lvl=trce msg="Removed old queued transactions"        count=0
t=2023-06-02T16:09:00+0800 lvl=trce msg="Removed unpayable queued transactions"  count=0
t=2023-06-02T16:09:00+0800 lvl=trce msg="Pooled new future transaction"          hash=0x7c4116e3504798b9a80daba79c6e2e8bf99c6f3595d74283b8df814c4f0d5e53 from=0xF430FAcaBDd458C473847F5C7332098a985d3052 to=0x0000000000000000000000000000000000000000
t=2023-06-02T16:09:00+0800 lvl=trce msg="Pooled new future transaction"          hash=0x6fe26b2c18f4e91c2ae5dd718d1fae6e8b9e70547a6a5f8a4156a6f68177aab1 from=0xF430FAcaBDd458C473847F5C7332098a985d3052 to=0x0000000000000000000000000000000000000000
t=2023-06-02T16:09:00+0800 lvl=trce msg="Pooled new future transaction"          hash=0xd3eb879faa521e7e39ec7137eb59c609d30911e173d91f159c673acd75f3a401 from=0xF430FAcaBDd458C473847F5C7332098a985d3052 to=0x0000000000000000000000000000000000000000
t=2023-06-02T16:09:00+0800 lvl=trce msg="Pooled new future transaction"          hash=0xd8923214807ad27cf5cabba5f1d5f2879384aff1f696d2380e40f902efa08db8 from=0xb71feFeFddA3421352369476ee2e3eA82Abe2499 to=0x0000000000000000000000000000000000000000
t=2023-06-02T16:09:00+0800 lvl=trce msg="Pooled new future transaction"          hash=0xa97d85c9cfa25e3d0315c54a14e2c5b02c428dca80e1ea1fcfbbc3c18ff93d46 from=0xF430FAcaBDd458C473847F5C7332098a985d3052 to=0x0000000000000000000000000000000000000000
t=2023-06-02T16:09:00+0800 lvl=trce msg="Pooled new future transaction"          hash=0x609fe177c66c9d01ef38e6d5afd7d4d16f451c2ebdaf47e0e0242746b4e57f4f from=0xb71feFeFddA3421352369476ee2e3eA82Abe2499 to=0x0000000000000000000000000000000000000000
t=2023-06-02T16:09:00+0800 lvl=trce msg="Pooled new future transaction"          hash=0xccdf668174310826407e0a78dcbed5f1ad85715b7bd4b847503ad4cf9447e7ea from=0xF430FAcaBDd458C473847F5C7332098a985d3052 to=0x0000000000000000000000000000000000000000
t=2023-06-02T16:09:00+0800 lvl=trce msg="Promoted queued transactions"           count=1
t=2023-06-02T16:09:00+0800 lvl=trce msg="Pooled new future transaction"          hash=0x8aa397e49eebeda74344fe552c7cf72eb8415329b15f2fe6887aa7a95eb9bb65 from=0xF430FAcaBDd458C473847F5C7332098a985d3052 to=0x0000000000000000000000000000000000000000
t=2023-06-02T16:09:00+0800 lvl=trce msg="Pooled new future transaction"          hash=0xed74d4ed70af8659dc85acb682220633314fdaa6af4ef31843ae0a496fd4b1b0 from=0xb71feFeFddA3421352369476ee2e3eA82Abe2499 to=0x0000000000000000000000000000000000000000
t=2023-06-02T16:09:00+0800 lvl=trce msg="Pooled new future transaction"          hash=0xaa67e3012b71bc3b48119cf4440b5c87d07c8448db0623ffb412ed8655da2007 from=0xb71feFeFddA3421352369476ee2e3eA82Abe2499 to=0x0000000000000000000000000000000000000000
t=2023-06-02T16:09:00+0800 lvl=trce msg="Pooled new future transaction"          hash=0x32c3f9d22dd40bef6e6537b82ec096d6b7e1610c130d1e3a7295b4c4b5faced0 from=0xb71feFeFddA3421352369476ee2e3eA82Abe2499 to=0x0000000000000000000000000000000000000000
t=2023-06-02T16:09:00+0800 lvl=trce msg="Pooled new future transaction"          hash=0xa10f98b802ded0cc957cea5bacee27f1f9d390272b4f9bb06c282a2cfca9ce25 from=0xb71feFeFddA3421352369476ee2e3eA82Abe2499 to=0x0000000000000000000000000000000000000000
t=2023-06-02T16:09:00+0800 lvl=trce msg="Pooled new future transaction"          hash=0xa859778c3faa9f6cedcf0b699fe18a1999ce9edc17fdcf3965f2a99838eb62f2 from=0x66e0851F1a162869024b4C9f6b1C4Fc5cb4832F1 to=0x0000000000000000000000000000000000000000
t=2023-06-02T16:09:00+0800 lvl=trce msg="Pooled new future transaction"          hash=0x7ff3af61901e65f356a08465032c844c2bd006b30f8c4e817e04781f6a1b3434 from=0xF430FAcaBDd458C473847F5C7332098a985d3052 to=0x0000000000000000000000000000000000000000
t=2023-06-02T16:09:00+0800 lvl=trce msg="Pooled new future transaction"          hash=0xd62277bd2e2ae8592654fc6e947714558d5612c8346f3942b91b5625d16c382f from=0xF430FAcaBDd458C473847F5C7332098a985d3052 to=0x0000000000000000000000000000000000000000
t=2023-06-02T16:09:00+0800 lvl=trce msg="Pooled new future transaction"          hash=0xd1f761046b10c23ce4a777607e3baf85999bd7fae83522451644f5e5eb5fd180 from=0xF430FAcaBDd458C473847F5C7332098a985d3052 to=0x0000000000000000000000000000000000000000
t=2023-06-02T16:09:00+0800 lvl=trce msg="Pooled new future transaction"          hash=0x7f8a54cf82f4f1579f2bef05aab24973e0aa9e68f1ed8fef9a3434948e7124fb from=0xF430FAcaBDd458C473847F5C7332098a985d3052 to=0x0000000000000000000000000000000000000000
t=2023-06-02T16:09:00+0800 lvl=trce msg="Pooled new future transaction"          hash=0x265892c02334366c549fefde78b57d7d0fb7793716fbfd6edb4296e63f9c3de8 from=0xF430FAcaBDd458C473847F5C7332098a985d3052 to=0x0000000000000000000000000000000000000000
t=2023-06-02T16:09:00+0800 lvl=trce msg="Pooled new future transaction"          hash=0x3b46b1f5d98a0b1301219599c781f3bd7c4af6ed401b7e9e349ef14137f8387b from=0xb71feFeFddA3421352369476ee2e3eA82Abe2499 to=0x0000000000000000000000000000000000000000
t=2023-06-02T16:09:00+0800 lvl=trce msg="Pooled new future transaction"          hash=0x859bf433209a2e3080b5bfa52d4debd9fc0c3095d79af5deb7d9cef60730647b from=0xb71feFeFddA3421352369476ee2e3eA82Abe2499 to=0x0000000000000000000000000000000000000000
t=2023-06-02T16:09:00+0800 lvl=trce msg="Removed old queued transactions"        count=0
t=2023-06-02T16:09:00+0800 lvl=trce msg="Pooled new future transaction"          hash=0x2a802a8b0f84f4c362b55139479a2c83397ba298d9d5b5b6b7097ab72c64ad20 from=0xb71feFeFddA3421352369476ee2e3eA82Abe2499 to=0x0000000000000000000000000000000000000000
t=2023-06-02T16:09:00+0800 lvl=trce msg="Pooled new future transaction"          hash=0xa825e78069c4da37f8b3325467e3620f12473c95b8eb2fcab36f84198c9bd278 from=0xb71feFeFddA3421352369476ee2e3eA82Abe2499 to=0x0000000000000000000000000000000000000000
t=2023-06-02T16:09:00+0800 lvl=trce msg="Pooled new future transaction"          hash=0x9832280796c4db2f5775670e0e273634493470b3cd8233092d8cc7db173a191e from=0xb71feFeFddA3421352369476ee2e3eA82Abe2499 to=0x0000000000000000000000000000000000000000
t=2023-06-02T16:09:00+0800 lvl=trce msg="Pooled new future transaction"          hash=0x71c7f63afc18b1a7f9b11facfa0af7605133e205d714dbc30e856e06a5d07d8c from=0xF430FAcaBDd458C473847F5C7332098a985d3052 to=0x0000000000000000000000000000000000000000
t=2023-06-02T16:09:00+0800 lvl=trce msg="Pooled new future transaction"          hash=0xa19499964696d3a387366ea5c448f9dfd8c7d78a7f5887440c686d1f784e27da from=0xF430FAcaBDd458C473847F5C7332098a985d3052 to=0x0000000000000000000000000000000000000000
t=2023-06-02T16:09:00+0800 lvl=trce msg="Pooled new future transaction"          hash=0xd827b4a844f050919125c22813204aad4e4436b4b3678d1e6d1ff007533bfddb from=0xF430FAcaBDd458C473847F5C7332098a985d3052 to=0x0000000000000000000000000000000000000000
t=2023-06-02T16:09:00+0800 lvl=trce msg="Pooled new future transaction"          hash=0x0726b39f80d095ef3beb8f5b4654ad8fbe38c981edc6709995356c0ad1b9c4b2 from=0xF430FAcaBDd458C473847F5C7332098a985d3052 to=0x0000000000000000000000000000000000000000
t=2023-06-02T16:09:00+0800 lvl=trce msg="Pooled new future transaction"          hash=0x6e09ef930b83d4eb9b8d3cda15ed58d9ab1cb2eab2bfc496a9aa646cc0636855 from=0xF430FAcaBDd458C473847F5C7332098a985d3052 to=0x0000000000000000000000000000000000000000
t=2023-06-02T16:09:00+0800 lvl=trce msg="Removed unpayable queued transactions"  count=0
t=2023-06-02T16:09:00+0800 lvl=trce msg="Pooled new future transaction"          hash=0x0042d9e85c9eceb6ae6a2fe5cd176e2418d975ec3c997d1901e450f1328b6111 from=0xF430FAcaBDd458C473847F5C7332098a985d3052 to=0x0000000000000000000000000000000000000000
t=2023-06-02T16:09:00+0800 lvl=trce msg="Pooled new future transaction"          hash=0x0cd2cdf94e941441e67cd8021f568e4ff2c4bc0eb788913ef884a74a82e5ad56 from=0xF430FAcaBDd458C473847F5C7332098a985d3052 to=0x0000000000000000000000000000000000000000
t=2023-06-02T16:09:00+0800 lvl=trce msg="Pooled new future transaction"          hash=0x385eb3a7b8873557dd071779c6c00c5ae97e410153a3d91f422d5f8ec75aeeaf from=0xF430FAcaBDd458C473847F5C7332098a985d3052 to=0x0000000000000000000000000000000000000000
t=2023-06-02T16:09:00+0800 lvl=trce msg="Pooled new future transaction"          hash=0xf814c0068ddd722378939b37a0a9b58ae74f789ad94761c6c4b17570009ebb92 from=0xF430FAcaBDd458C473847F5C7332098a985d3052 to=0x0000000000000000000000000000000000000000
t=2023-06-02T16:09:00+0800 lvl=trce msg="Pooled new future transaction"          hash=0x35bbd2e05f14947ff683880e1853d0e91fd6d07411fbfd8d16a17459593c2e0d from=0xF430FAcaBDd458C473847F5C7332098a985d3052 to=0x0000000000000000000000000000000000000000
t=2023-06-02T16:09:00+0800 lvl=trce msg="Pooled new future transaction"          hash=0x86187f86bb496307d6224c1d0e6cf41b60d23d427786270687b1c84e51a8fc5f from=0xF430FAcaBDd458C473847F5C7332098a985d3052 to=0x0000000000000000000000000000000000000000
t=2023-06-02T16:09:00+0800 lvl=trce msg="Pooled new future transaction"          hash=0x040c9f953b683824c5964809f5fc51626574eb343827bce2f00c28de8a2a885a from=0xF430FAcaBDd458C473847F5C7332098a985d3052 to=0x0000000000000000000000000000000000000000
t=2023-06-02T16:09:00+0800 lvl=trce msg="Promoted queued transactions"           count=0
t=2023-06-02T16:09:00+0800 lvl=trce msg="Pooled new future transaction"          hash=0xbcfea67b8f8879a3e2ea0fd9437e0d31d0fe0581387d95906e02038140251529 from=0xb71feFeFddA3421352369476ee2e3eA82Abe2499 to=0x0000000000000000000000000000000000000000
t=2023-06-02T16:09:00+0800 lvl=trce msg="Pooled new future transaction"          hash=0xc43d9fc32f825150352af092e2555b1e2e5d09841dab44b28ed42fac381a8cc4 from=0xb71feFeFddA3421352369476ee2e3eA82Abe2499 to=0x0000000000000000000000000000000000000000
t=2023-06-02T16:09:00+0800 lvl=trce msg="Pooled new future transaction"          hash=0x731f7ea5483d760d8371c0ab14bd0274f9479ff068383fe0428d6aa0c2bdc0f0 from=0xb71feFeFddA3421352369476ee2e3eA82Abe2499 to=0x0000000000000000000000000000000000000000
t=2023-06-02T16:09:00+0800 lvl=trce msg="Pooled new future transaction"          hash=0xb778ec0fc49db2c2b37b9da67302eb0835f0317570a56bccebcfd15157f4ae07 from=0xb71feFeFddA3421352369476ee2e3eA82Abe2499 to=0x0000000000000000000000000000000000000000
t=2023-06-02T16:09:00+0800 lvl=trce msg="Pooled new future transaction"          hash=0x83a13817af1f33878d6a7f1a2b24376c36605cfb50b3edbcad52fa38b1397ed1 from=0xb71feFeFddA3421352369476ee2e3eA82Abe2499 to=0x0000000000000000000000000000000000000000
t=2023-06-02T16:09:00+0800 lvl=trce msg="Pooled new future transaction"          hash=0xd6e8889a77536fc04664099289787de05b2ff26caf7db0b830dc0a1f6848d029 from=0xb71feFeFddA3421352369476ee2e3eA82Abe2499 to=0x0000000000000000000000000000000000000000
t=2023-06-02T16:09:00+0800 lvl=trce msg="Pooled new future transaction"          hash=0x2a757a49a62321f1c41c137dbb0aee6753bc1a6d3e3e49ee3ca8517d9f43f40d from=0xb71feFeFddA3421352369476ee2e3eA82Abe2499 to=0x0000000000000000000000000000000000000000
t=2023-06-02T16:09:00+0800 lvl=trce msg="Pooled new future transaction"          hash=0xa536b32f62bb1c8590d01ecb3ff9b2ffa6a8961c1996f6c98493eba5c3fd8227 from=0xF430FAcaBDd458C473847F5C7332098a985d3052 to=0x0000000000000000000000000000000000000000
t=2023-06-02T16:09:00+0800 lvl=trce msg="Pooled new future transaction"          hash=0x25e9d03511bbb80de4d7f040da26eb1a7a0b3ff2a463e02ea2d4250ca308d479 from=0xF430FAcaBDd458C473847F5C7332098a985d3052 to=0x0000000000000000000000000000000000000000
t=2023-06-02T16:09:00+0800 lvl=trce msg="Pooled new future transaction"          hash=0x19fd4330bde2bb9eb30401670f53f6aec054cd5ed9e3264bba7959ff9a91c1dd from=0xF430FAcaBDd458C473847F5C7332098a985d3052 to=0x0000000000000000000000000000000000000000
t=2023-06-02T16:09:00+0800 lvl=trce msg="Pooled new future transaction"          hash=0x6f8c9a7b1c5562c311b1980c2ff4f3ab7bd1523692cbd843b3a19a637db5ce01 from=0xF430FAcaBDd458C473847F5C7332098a985d3052 to=0x0000000000000000000000000000000000000000
t=2023-06-02T16:09:00+0800 lvl=trce msg="Pooled new future transaction"          hash=0x6517876eb98930163f5d9b1ae168d2ac5b24db0ad3bf9d199d9151d3d304d0c0 from=0xF430FAcaBDd458C473847F5C7332098a985d3052 to=0x0000000000000000000000000000000000000000
t=2023-06-02T16:09:00+0800 lvl=trce msg="Pooled new future transaction"          hash=0x2f0366ad8fabb0a63bde04784ecb75e82cf034fcd0301655fc72801fb9b7ac07 from=0xF430FAcaBDd458C473847F5C7332098a985d3052 to=0x0000000000000000000000000000000000000000
t=2023-06-02T16:09:00+0800 lvl=trce msg="Pooled new future transaction"          hash=0xd950d281ec0fc49677495f7abf508a954e370dc002eb2eb1fab0c4ee0138d5ad from=0xF430FAcaBDd458C473847F5C7332098a985d3052 to=0x0000000000000000000000000000000000000000
t=2023-06-02T16:09:00+0800 lvl=trce msg="Pooled new future transaction"          hash=0x291c1efa64fe5c82d4af95e28564af00b1b8b66097794256702dfb4a744b3305 from=0xF430FAcaBDd458C473847F5C7332098a985d3052 to=0x0000000000000000000000000000000000000000
t=2023-06-02T16:09:00+0800 lvl=trce msg="Pooled new future transaction"          hash=0x86f6f868d3206fb3d7fd3476a5059048f096f933b473c21b63ce628bb069d3ae from=0xF430FAcaBDd458C473847F5C7332098a985d3052 to=0x0000000000000000000000000000000000000000
t=2023-06-02T16:09:00+0800 lvl=trce msg="Pooled new future transaction"          hash=0x3143d7863daa0a4bce1094c1dd5bd4f0a2a28cdb447a9809dc56eea5cb30f22a from=0xF430FAcaBDd458C473847F5C7332098a985d3052 to=0x0000000000000000000000000000000000000000
t=2023-06-02T16:09:00+0800 lvl=trce msg="Pooled new future transaction"          hash=0x453c45a7b3f7b646b75a856f31ea80fb2e8fe018933ca007f646b9feb16fc1a5 from=0xF430FAcaBDd458C473847F5C7332098a985d3052 to=0x0000000000000000000000000000000000000000
t=2023-06-02T16:09:00+0800 lvl=trce msg="Pooled new future transaction"          hash=0xd9951b449416a61b077522744082bdea89d3fccc70ceda984d8fa692ececa1ad from=0x7628e7c918DAaf4dfbF615023fDBcF72b8479bCe to=0x0000000000000000000000000000000000000000
t=2023-06-02T16:09:00+0800 lvl=trce msg="Removed old queued transactions"        count=0
t=2023-06-02T16:09:00+0800 lvl=trce msg="Pooled new future transaction"          hash=0xbf156329d51a08b209add16e7bce0abee6a251ba372311d73094bf3f6b01cf55 from=0xb71feFeFddA3421352369476ee2e3eA82Abe2499 to=0x0000000000000000000000000000000000000000
t=2023-06-02T16:09:00+0800 lvl=trce msg="Pooled new future transaction"          hash=0x7d8edb72a8b58900c48d5d4cee807aa96db6f7b6944262a247f2c4e4b7c05327 from=0xb71feFeFddA3421352369476ee2e3eA82Abe2499 to=0x0000000000000000000000000000000000000000
t=2023-06-02T16:09:00+0800 lvl=trce msg="Pooled new future transaction"          hash=0x6e4f32df76e987e418c18bc7bc502d40d8209440a61cce417d6affbfa3615314 from=0xF430FAcaBDd458C473847F5C7332098a985d3052 to=0x0000000000000000000000000000000000000000
t=2023-06-02T16:09:00+0800 lvl=trce msg="Pooled new future transaction"          hash=0x7f695019d962f925b3291b850b983c36bcba809fe982b215e3d4df171d63254f from=0xF430FAcaBDd458C473847F5C7332098a985d3052 to=0x0000000000000000000000000000000000000000
t=2023-06-02T16:09:00+0800 lvl=trce msg="Pooled new future transaction"          hash=0x45d94699bbea3c33c75029fddaf78ba3cd12a6f13a2cd68d72e7297431788470 from=0xF430FAcaBDd458C473847F5C7332098a985d3052 to=0x0000000000000000000000000000000000000000
t=2023-06-02T16:09:00+0800 lvl=trce msg="Pooled new future transaction"          hash=0x092c500ae4d288a3f892e5d39dad23c0156494cca5f9c3257314dce0d12d7eac from=0xF430FAcaBDd458C473847F5C7332098a985d3052 to=0x0000000000000000000000000000000000000000
t=2023-06-02T16:09:00+0800 lvl=trce msg="Removed unpayable queued transactions"  count=0
t=2023-06-02T16:09:00+0800 lvl=trce msg="Promoted queued transactions"           count=1
t=2023-06-02T16:09:00+0800 lvl=trce msg="Pooled new future transaction"          hash=0x4377a31664d7f16788050fcaecf3436295b38a5db73a61736944c1f8fd80e0ad from=0xb71feFeFddA3421352369476ee2e3eA82Abe2499 to=0x0000000000000000000000000000000000000000
t=2023-06-02T16:09:00+0800 lvl=trce msg="Pooled new future transaction"          hash=0x2fd2608e0fddb39b1b5ca6e40ca40f21a3c138ceb71dcb4a2ae27d5bb3a9bd0b from=0xb71feFeFddA3421352369476ee2e3eA82Abe2499 to=0x0000000000000000000000000000000000000000
t=2023-06-02T16:09:00+0800 lvl=trce msg="Pooled new future transaction"          hash=0x53d8cbd9dbac55447704b9c5f0a655cb41a4b705c3965ad8d31d9a817aa4520c from=0x7628e7c918DAaf4dfbF615023fDBcF72b8479bCe to=0x0000000000000000000000000000000000000000
t=2023-06-02T16:09:00+0800 lvl=trce msg="Removed old queued transactions"        count=0
t=2023-06-02T16:09:00+0800 lvl=trce msg="Pooled new future transaction"          hash=0xabfc85bce61c0b3a0fee060c9eb389c380576c05a905c0618fd07494d996f404 from=0xb71feFeFddA3421352369476ee2e3eA82Abe2499 to=0x0000000000000000000000000000000000000000
t=2023-06-02T16:09:00+0800 lvl=trce msg="Pooled new future transaction"          hash=0xeb4a50d445e8b15fe464ea0c59f85aee2dae4b89a5d25f845f48d9394ff93dc8 from=0xb71feFeFddA3421352369476ee2e3eA82Abe2499 to=0x0000000000000000000000000000000000000000
t=2023-06-02T16:09:00+0800 lvl=trce msg="Pooled new future transaction"          hash=0xfe9bb52d7c73ff65768fcbe0c76e9e7c057858aaac8f255e39b7e6f9f87dd14e from=0xb71feFeFddA3421352369476ee2e3eA82Abe2499 to=0x0000000000000000000000000000000000000000
t=2023-06-02T16:09:00+0800 lvl=trce msg="Pooled new future transaction"          hash=0xb13c5d31fbc1b6a9301162e75608563a5bc5e3f0d56a752225819fc624d879cc from=0xF430FAcaBDd458C473847F5C7332098a985d3052 to=0x0000000000000000000000000000000000000000
t=2023-06-02T16:09:00+0800 lvl=trce msg="Pooled new future transaction"          hash=0xefe3b4929c25275eabae3376a664c1b28a841534e6d66cb2023be21de1056a12 from=0xb71feFeFddA3421352369476ee2e3eA82Abe2499 to=0x0000000000000000000000000000000000000000
t=2023-06-02T16:09:00+0800 lvl=trce msg="Pooled new future transaction"          hash=0xc0cc0d328c6fdc12e224d5bc1f8390494c0b7ed417a603fbe2a9c961fcaf437f from=0xb71feFeFddA3421352369476ee2e3eA82Abe2499 to=0x0000000000000000000000000000000000000000
t=2023-06-02T16:09:00+0800 lvl=trce msg="Pooled new future transaction"          hash=0xcdfda91c451d5795828df899850bcf1ee2db5be21bb6584ee5143e37b9bdfb55 from=0xF430FAcaBDd458C473847F5C7332098a985d3052 to=0x0000000000000000000000000000000000000000
t=2023-06-02T16:09:00+0800 lvl=trce msg="Pooled new future transaction"          hash=0xf071a8a5bd417c73ce78a35e0b04ac047a704912c6991ddd2404d61fa273ca09 from=0xb71feFeFddA3421352369476ee2e3eA82Abe2499 to=0x0000000000000000000000000000000000000000
t=2023-06-02T16:09:00+0800 lvl=trce msg="Pooled new future transaction"          hash=0xef5638475e8d648804471646f701fedda1f94c5992f7c8ce0bdb42841dfd7064 from=0xF430FAcaBDd458C473847F5C7332098a985d3052 to=0x0000000000000000000000000000000000000000
t=2023-06-02T16:09:00+0800 lvl=trce msg="Pooled new future transaction"          hash=0x32fabad2ebbd3c95cc3297ba8cfbc97aa8f721e9dba87ab9e7a2f2c668bffed5 from=0xb71feFeFddA3421352369476ee2e3eA82Abe2499 to=0x0000000000000000000000000000000000000000
t=2023-06-02T16:09:00+0800 lvl=trce msg="Pooled new future transaction"          hash=0x6594b286096cc566a8328ff48be4ee33abd0add3af9240192cc52681508f0a80 from=0xF430FAcaBDd458C473847F5C7332098a985d3052 to=0x0000000000000000000000000000000000000000
t=2023-06-02T16:09:00+0800 lvl=trce msg="Pooled new future transaction"          hash=0x62d2ffa05a3fb0982f25c64a3d49d26bd66c96f6779705a5dba6d58389a4c2ad from=0xb71feFeFddA3421352369476ee2e3eA82Abe2499 to=0x0000000000000000000000000000000000000000
t=2023-06-02T16:09:00+0800 lvl=trce msg="Pooled new future transaction"          hash=0x7279414ebb6a4a9ee01f37ed10b30a48f6132afa3c9908cb862ff4db0068660e from=0xb71feFeFddA3421352369476ee2e3eA82Abe2499 to=0x0000000000000000000000000000000000000000
t=2023-06-02T16:09:00+0800 lvl=trce msg="Removed old queued transactions"        count=0
t=2023-06-02T16:09:00+0800 lvl=trce msg="Removed unpayable queued transactions"  count=0
t=2023-06-02T16:09:00+0800 lvl=trce msg="Promoted queued transactions"           count=0
t=2023-06-02T16:09:00+0800 lvl=trce msg="Pooled new future transaction"          hash=0xab6fd5719817c69880f23c3a26e08571da0e9f974a9851e2be10f3ef94f5104a from=0xF430FAcaBDd458C473847F5C7332098a985d3052 to=0x0000000000000000000000000000000000000000
t=2023-06-02T16:09:00+0800 lvl=trce msg="Pooled new future transaction"          hash=0x4b03bbc0b0ddbf53f868b56b013fa0e71732ed798928c8eea2405b4d9765994b from=0xF430FAcaBDd458C473847F5C7332098a985d3052 to=0x0000000000000000000000000000000000000000
t=2023-06-02T16:09:00+0800 lvl=trce msg="Pooled new future transaction"          hash=0xeee35977e7176839f84385c36c8776f3bf9fa73db2cbfb5aa3c546222382e9a4 from=0xF430FAcaBDd458C473847F5C7332098a985d3052 to=0x0000000000000000000000000000000000000000
t=2023-06-02T16:09:00+0800 lvl=trce msg="Pooled new future transaction"          hash=0x82e074d9167bef3f551532d9ac288fc086b7e6ed2f6a706b20e3b001e3307a7d from=0xF430FAcaBDd458C473847F5C7332098a985d3052 to=0x0000000000000000000000000000000000000000
t=2023-06-02T16:09:00+0800 lvl=trce msg="Removed unpayable queued transactions"  count=0
t=2023-06-02T16:09:00+0800 lvl=trce msg="Pooled new future transaction"          hash=0xe2b2e9c06a334dd5c808e091bde1884389384fd7d3a636015bd78ce3b8d93bcd from=0xF430FAcaBDd458C473847F5C7332098a985d3052 to=0x0000000000000000000000000000000000000000
t=2023-06-02T16:09:00+0800 lvl=trce msg="Pooled new future transaction"          hash=0x0a35287e37112c541987391239c997462f281a3cff54d88dad1ab1e02c992697 from=0xF430FAcaBDd458C473847F5C7332098a985d3052 to=0x0000000000000000000000000000000000000000
t=2023-06-02T16:09:00+0800 lvl=trce msg="Pooled new future transaction"          hash=0xf481ee4dcee7d584abcaf8a4a0d96c3d4ecffa71941ce04d9b5d5edda606941f from=0xF430FAcaBDd458C473847F5C7332098a985d3052 to=0x0000000000000000000000000000000000000000
t=2023-06-02T16:09:00+0800 lvl=trce msg="Pooled new future transaction"          hash=0x25f4b35adeafff628a31c8bd2859a6225ac1f6d9c7425e3ad44e3e0b276fa3a1 from=0xF430FAcaBDd458C473847F5C7332098a985d3052 to=0x0000000000000000000000000000000000000000
t=2023-06-02T16:09:00+0800 lvl=trce msg="Pooled new future transaction"          hash=0x08eef94ce5842d779870c61fc3d439c9f547ae874f3ecccf7fcd7fb3baec9ca6 from=0xF430FAcaBDd458C473847F5C7332098a985d3052 to=0x0000000000000000000000000000000000000000
t=2023-06-02T16:09:00+0800 lvl=trce msg="Pooled new future transaction"          hash=0x0f4b4888041b00e320faeade0e3c24cac4693c3c4d8407b85f1d27949d3f15d1 from=0xF430FAcaBDd458C473847F5C7332098a985d3052 to=0x0000000000000000000000000000000000000000
t=2023-06-02T16:09:00+0800 lvl=trce msg="Pooled new future transaction"          hash=0x89bebe0c138980043bd8a4254bae353b66e781de154d700c5cce5d01f57adf8d from=0xF430FAcaBDd458C473847F5C7332098a985d3052 to=0x0000000000000000000000000000000000000000
t=2023-06-02T16:09:00+0800 lvl=trce msg="Pooled new future transaction"          hash=0xb68f23cc80190f8398049bd7188174a18c6e0a023cfa4baf58bfcf88a5d505d5 from=0xF430FAcaBDd458C473847F5C7332098a985d3052 to=0x0000000000000000000000000000000000000000
t=2023-06-02T16:09:00+0800 lvl=trce msg="Pooled new future transaction"          hash=0xd6cd84a4fc16e7411def325bbb8dadc37301c13d1c6860a32ff45a4cb6c30c25 from=0xF430FAcaBDd458C473847F5C7332098a985d3052 to=0x0000000000000000000000000000000000000000
t=2023-06-02T16:09:00+0800 lvl=trce msg="Pooled new future transaction"          hash=0xa16f8400786a2559b99827701c85d55e6bea61c2c024ba60c2dc06e77cf1a97d from=0xF430FAcaBDd458C473847F5C7332098a985d3052 to=0x0000000000000000000000000000000000000000
t=2023-06-02T16:09:00+0800 lvl=trce msg="Pooled new future transaction"          hash=0xeb2a08dbbfb440556462918640850fb061d579a7d3e3fa65a9d0606d63b387b3 from=0xF430FAcaBDd458C473847F5C7332098a985d3052 to=0x0000000000000000000000000000000000000000
t=2023-06-02T16:09:00+0800 lvl=trce msg="Pooled new future transaction"          hash=0x787853df63defebe85c67083423f25999c156b6ee8422c9f973ae756d60ad98e from=0xF430FAcaBDd458C473847F5C7332098a985d3052 to=0x0000000000000000000000000000000000000000
t=2023-06-02T16:09:00+0800 lvl=trce msg="Pooled new future transaction"          hash=0x7ab505634fee6aaa3a9c7d4217bf33eafb1c3f172b18598bdff8a16c2560ff56 from=0xF430FAcaBDd458C473847F5C7332098a985d3052 to=0x0000000000000000000000000000000000000000
t=2023-06-02T16:09:00+0800 lvl=trce msg="Pooled new future transaction"          hash=0xfeb5257c06d55d98271f02f0a89a7df8f1b8d5671bc81080da9fafdb83739f4b from=0xF430FAcaBDd458C473847F5C7332098a985d3052 to=0x0000000000000000000000000000000000000000
t=2023-06-02T16:09:00+0800 lvl=trce msg="Pooled new future transaction"          hash=0x686d4d9bac216541b1313bfab87eb2d6799d639e536c44c4bf82113515714cc0 from=0xF430FAcaBDd458C473847F5C7332098a985d3052 to=0x0000000000000000000000000000000000000000
t=2023-06-02T16:09:00+0800 lvl=trce msg="Pooled new future transaction"          hash=0xddfd4bceafa7c3e4b21ca7343d24114bc6eedbb1d6b6129b141b0230b2ff2d33 from=0xF430FAcaBDd458C473847F5C7332098a985d3052 to=0x0000000000000000000000000000000000000000
t=2023-06-02T16:09:00+0800 lvl=trce msg="Pooled new future transaction"          hash=0xee9dc5552dedd9136fd5befb7e9f045e180f2fdd9c6f1fc036049e4fd9188c37 from=0xF430FAcaBDd458C473847F5C7332098a985d3052 to=0x0000000000000000000000000000000000000000
t=2023-06-02T16:09:00+0800 lvl=trce msg="Pooled new future transaction"          hash=0x3e7fc5a2f50fb2eb304e65a91b1adec757a044cc085ffadb2fdbaf03f6ae0eb0 from=0xF430FAcaBDd458C473847F5C7332098a985d3052 to=0x0000000000000000000000000000000000000000
t=2023-06-02T16:09:00+0800 lvl=trce msg="Pooled new future transaction"          hash=0x785d70431c7715f4bf93564e57786020b30e7a9c4341016f7153f579830bd3c4 from=0xF430FAcaBDd458C473847F5C7332098a985d3052 to=0x0000000000000000000000000000000000000000
t=2023-06-02T16:09:00+0800 lvl=trce msg="Promoted queued transactions"           count=0
t=2023-06-02T16:09:00+0800 lvl=trce msg="Pooled new future transaction"          hash=0x5651eed0c7a4119c6f690eaa007c2cb1a33e2b58287945b46ca71daf69bb0077 from=0xF430FAcaBDd458C473847F5C7332098a985d3052 to=0x0000000000000000000000000000000000000000
t=2023-06-02T16:09:00+0800 lvl=trce msg="Pooled new future transaction"          hash=0x1cef471df6b5fad225208f016f48a36828c4867c4eba1968a81a2852c7f370da from=0xF430FAcaBDd458C473847F5C7332098a985d3052 to=0x0000000000000000000000000000000000000000
t=2023-06-02T16:09:00+0800 lvl=trce msg="Pooled new future transaction"          hash=0x33c7219bcacd279b7223e43530295daf7d979e7186d152d94c0d40bc11868d83 from=0xF430FAcaBDd458C473847F5C7332098a985d3052 to=0x0000000000000000000000000000000000000000
t=2023-06-02T16:09:00+0800 lvl=trce msg="Pooled new future transaction"          hash=0xe57a1ec1361c06a4eaa3fbabf41518783f5d221707d74a997253e0f5faa6a3fc from=0xF430FAcaBDd458C473847F5C7332098a985d3052 to=0x0000000000000000000000000000000000000000
t=2023-06-02T16:09:00+0800 lvl=trce msg="Pooled new future transaction"          hash=0xa357c417dca3cf08c9ea2e5402f6804051874dbf52e83400b250488c836f9732 from=0xF430FAcaBDd458C473847F5C7332098a985d3052 to=0x0000000000000000000000000000000000000000
t=2023-06-02T16:09:00+0800 lvl=trce msg="Pooled new future transaction"          hash=0xb7a6a97b921a71da35d91ab52276013edf9171d8095ce2769e0a48131e3617c4 from=0xF430FAcaBDd458C473847F5C7332098a985d3052 to=0x0000000000000000000000000000000000000000
t=2023-06-02T16:09:00+0800 lvl=info msg="Transaction pool stopped"
--- PASS: TestTransactionQueueGlobalLimiting (0.23s)
t=2023-06-02T16:09:00+0800 lvl=trce msg="Pooled new future transaction"          hash=0x88e2fb3ab1d027d481e55560b21b164aba45014cf2696b699d335682e470fc28 from=0xF430FAcaBDd458C473847F5C7332098a985d3052 to=0x0000000000000000000000000000000000000000
t=2023-06-02T16:09:00+0800 lvl=trce msg="Pooled new future transaction"          hash=0x5171b701504e5afb14498e1876cc13e649ed244a1fa913a06390759de0f33870 from=0xF430FAcaBDd458C473847F5C7332098a985d3052 to=0x0000000000000000000000000000000000000000
t=2023-06-02T16:09:00+0800 lvl=trce msg="Pooled new future transaction"          hash=0x1dc52e291d7d6cbbc6dba72d9bf80c0aef44b2963e112b6340add410ab9147e9 from=0x66e0851F1a162869024b4C9f6b1C4Fc5cb4832F1 to=0x0000000000000000000000000000000000000000
t=2023-06-02T16:09:00+0800 lvl=trce msg="Removed old queued transactions"        count=0
t=2023-06-02T16:09:00+0800 lvl=trce msg="Pooled new future transaction"          hash=0x80da5c301b59e861e54d71daa46feed29361fcf0d00c87a151b16429b43f9e24 from=0xF430FAcaBDd458C473847F5C7332098a985d3052 to=0x0000000000000000000000000000000000000000
t=2023-06-02T16:09:00+0800 lvl=trce msg="Pooled new future transaction"          hash=0x0400723525436ec48fc151d5167133a179741788770fd78b4e3b2b87cf16f415 from=0xF430FAcaBDd458C473847F5C7332098a985d3052 to=0x0000000000000000000000000000000000000000
t=2023-06-02T16:09:00+0800 lvl=trce msg="Pooled new future transaction"          hash=0x2bbca5be55cfe97ef439bf366027e2dbb636866d1d8788cd1a08e3f81ebb2fca from=0xF430FAcaBDd458C473847F5C7332098a985d3052 to=0x0000000000000000000000000000000000000000
t=2023-06-02T16:09:00+0800 lvl=trce msg="Pooled new future transaction"          hash=0x3c1862192508700700ff6ca65f77819986b4ba8335b4bb491373d19bc2492f09 from=0xF430FAcaBDd458C473847F5C7332098a985d3052 to=0x0000000000000000000000000000000000000000
t=2023-06-02T16:09:00+0800 lvl=trce msg="Pooled new future transaction"          hash=0x465d535e4428194780e568362364345f608016b5933671e5345f56fce6b73cb6 from=0xF430FAcaBDd458C473847F5C7332098a985d3052 to=0x0000000000000000000000000000000000000000
t=2023-06-02T16:09:00+0800 lvl=trce msg="Removed old queued transactions"        count=0
t=2023-06-02T16:09:00+0800 lvl=trce msg="Removed unpayable queued transactions"  count=0
t=2023-06-02T16:09:00+0800 lvl=trce msg="Promoted queued transactions"           count=0
t=2023-06-02T16:09:00+0800 lvl=trce msg="Removed unpayable queued transactions"  count=0
t=2023-06-02T16:09:00+0800 lvl=trce msg="Promoted queued transactions"           count=1
t=2023-06-02T16:09:00+0800 lvl=trce msg="Removed cap-exceeding queued transaction" hash=0x465d535e4428194780e568362364345f608016b5933671e5345f56fce6b73cb6
t=2023-06-02T16:09:00+0800 lvl=trce msg="Removed cap-exceeding queued transaction" hash=0x3c1862192508700700ff6ca65f77819986b4ba8335b4bb491373d19bc2492f09
t=2023-06-02T16:09:00+0800 lvl=trce msg="Removed cap-exceeding queued transaction" hash=0x2bbca5be55cfe97ef439bf366027e2dbb636866d1d8788cd1a08e3f81ebb2fca
t=2023-06-02T16:09:00+0800 lvl=trce msg="Removed cap-exceeding queued transaction" hash=0x0400723525436ec48fc151d5167133a179741788770fd78b4e3b2b87cf16f415
t=2023-06-02T16:09:00+0800 lvl=trce msg="Removed cap-exceeding queued transaction" hash=0x80da5c301b59e861e54d71daa46feed29361fcf0d00c87a151b16429b43f9e24
t=2023-06-02T16:09:00+0800 lvl=trce msg="Removed cap-exceeding queued transaction" hash=0x5171b701504e5afb14498e1876cc13e649ed244a1fa913a06390759de0f33870
t=2023-06-02T16:09:00+0800 lvl=trce msg="Removed cap-exceeding queued transaction" hash=0x88e2fb3ab1d027d481e55560b21b164aba45014cf2696b699d335682e470fc28
t=2023-06-02T16:09:00+0800 lvl=trce msg="Removed cap-exceeding queued transaction" hash=0xb7a6a97b921a71da35d91ab52276013edf9171d8095ce2769e0a48131e3617c4
t=2023-06-02T16:09:00+0800 lvl=trce msg="Removed cap-exceeding queued transaction" hash=0xa357c417dca3cf08c9ea2e5402f6804051874dbf52e83400b250488c836f9732
t=2023-06-02T16:09:00+0800 lvl=trce msg="Removed cap-exceeding queued transaction" hash=0xe57a1ec1361c06a4eaa3fbabf41518783f5d221707d74a997253e0f5faa6a3fc
t=2023-06-02T16:09:00+0800 lvl=trce msg="Removed cap-exceeding queued transaction" hash=0x33c7219bcacd279b7223e43530295daf7d979e7186d152d94c0d40bc11868d83
t=2023-06-02T16:09:00+0800 lvl=trce msg="Removed cap-exceeding queued transaction" hash=0x1cef471df6b5fad225208f016f48a36828c4867c4eba1968a81a2852c7f370da
t=2023-06-02T16:09:00+0800 lvl=trce msg="Removed cap-exceeding queued transaction" hash=0x5651eed0c7a4119c6f690eaa007c2cb1a33e2b58287945b46ca71daf69bb0077
t=2023-06-02T16:09:00+0800 lvl=trce msg="Removed cap-exceeding queued transaction" hash=0x785d70431c7715f4bf93564e57786020b30e7a9c4341016f7153f579830bd3c4
t=2023-06-02T16:09:00+0800 lvl=trce msg="Pooled new future transaction"          hash=0xb6eaaa25ca70072f0ad3d32159e985fd68b3835ab34b3ead42bb2fb1a14381bb from=0x66e0851F1a162869024b4C9f6b1C4Fc5cb4832F1 to=0x0000000000000000000000000000000000000000
t=2023-06-02T16:09:00+0800 lvl=trce msg="Removed old queued transactions"        count=0
t=2023-06-02T16:09:00+0800 lvl=trce msg="Removed cap-exceeding queued transaction" hash=0x3e7fc5a2f50fb2eb304e65a91b1adec757a044cc085ffadb2fdbaf03f6ae0eb0
t=2023-06-02T16:09:00+0800 lvl=trce msg="Removed cap-exceeding queued transaction" hash=0xee9dc5552dedd9136fd5befb7e9f045e180f2fdd9c6f1fc036049e4fd9188c37
t=2023-06-02T16:09:00+0800 lvl=trce msg="Removed cap-exceeding queued transaction" hash=0xddfd4bceafa7c3e4b21ca7343d24114bc6eedbb1d6b6129b141b0230b2ff2d33
t=2023-06-02T16:09:00+0800 lvl=trce msg="Removed cap-exceeding queued transaction" hash=0x686d4d9bac216541b1313bfab87eb2d6799d639e536c44c4bf82113515714cc0
t=2023-06-02T16:09:00+0800 lvl=trce msg="Removed cap-exceeding queued transaction" hash=0xfeb5257c06d55d98271f02f0a89a7df8f1b8d5671bc81080da9fafdb83739f4b
t=2023-06-02T16:09:00+0800 lvl=trce msg="Removed unpayable queued transactions"  count=0
t=2023-06-02T16:09:00+0800 lvl=trce msg="Promoted queued transactions"           count=0
t=2023-06-02T16:09:00+0800 lvl=trce msg="Removed cap-exceeding queued transaction" hash=0x7ab505634fee6aaa3a9c7d4217bf33eafb1c3f172b18598bdff8a16c2560ff56
t=2023-06-02T16:09:00+0800 lvl=trce msg="Removed cap-exceeding queued transaction" hash=0x787853df63defebe85c67083423f25999c156b6ee8422c9f973ae756d60ad98e
t=2023-06-02T16:09:00+0800 lvl=trce msg="Removed cap-exceeding queued transaction" hash=0xeb2a08dbbfb440556462918640850fb061d579a7d3e3fa65a9d0606d63b387b3
t=2023-06-02T16:09:00+0800 lvl=trce msg="Removed cap-exceeding queued transaction" hash=0xa16f8400786a2559b99827701c85d55e6bea61c2c024ba60c2dc06e77cf1a97d
t=2023-06-02T16:09:00+0800 lvl=trce msg="Removed cap-exceeding queued transaction" hash=0xd6cd84a4fc16e7411def325bbb8dadc37301c13d1c6860a32ff45a4cb6c30c25
t=2023-06-02T16:09:00+0800 lvl=trce msg="Removed cap-exceeding queued transaction" hash=0xb68f23cc80190f8398049bd7188174a18c6e0a023cfa4baf58bfcf88a5d505d5
t=2023-06-02T16:09:00+0800 lvl=trce msg="Removed cap-exceeding queued transaction" hash=0x89bebe0c138980043bd8a4254bae353b66e781de154d700c5cce5d01f57adf8d
t=2023-06-02T16:09:00+0800 lvl=trce msg="Removed cap-exceeding queued transaction" hash=0x0f4b4888041b00e320faeade0e3c24cac4693c3c4d8407b85f1d27949d3f15d1
t=2023-06-02T16:09:00+0800 lvl=trce msg="Removed cap-exceeding queued transaction" hash=0x08eef94ce5842d779870c61fc3d439c9f547ae874f3ecccf7fcd7fb3baec9ca6
t=2023-06-02T16:09:00+0800 lvl=trce msg="Removed cap-exceeding queued transaction" hash=0x25f4b35adeafff628a31c8bd2859a6225ac1f6d9c7425e3ad44e3e0b276fa3a1
t=2023-06-02T16:09:00+0800 lvl=trce msg="Removed cap-exceeding queued transaction" hash=0xf481ee4dcee7d584abcaf8a4a0d96c3d4ecffa71941ce04d9b5d5edda606941f
t=2023-06-02T16:09:00+0800 lvl=trce msg="Removed cap-exceeding queued transaction" hash=0x0a35287e37112c541987391239c997462f281a3cff54d88dad1ab1e02c992697
t=2023-06-02T16:09:00+0800 lvl=trce msg="Removed cap-exceeding queued transaction" hash=0xe2b2e9c06a334dd5c808e091bde1884389384fd7d3a636015bd78ce3b8d93bcd
t=2023-06-02T16:09:00+0800 lvl=trce msg="Removed cap-exceeding queued transaction" hash=0x82e074d9167bef3f551532d9ac288fc086b7e6ed2f6a706b20e3b001e3307a7d
t=2023-06-02T16:09:00+0800 lvl=trce msg="Removed cap-exceeding queued transaction" hash=0xeee35977e7176839f84385c36c8776f3bf9fa73db2cbfb5aa3c546222382e9a4
t=2023-06-02T16:09:00+0800 lvl=trce msg="Removed cap-exceeding queued transaction" hash=0x4b03bbc0b0ddbf53f868b56b013fa0e71732ed798928c8eea2405b4d9765994b
t=2023-06-02T16:09:00+0800 lvl=trce msg="Removed cap-exceeding queued transaction" hash=0xab6fd5719817c69880f23c3a26e08571da0e9f974a9851e2be10f3ef94f5104a
t=2023-06-02T16:09:00+0800 lvl=trce msg="Removed cap-exceeding queued transaction" hash=0x6594b286096cc566a8328ff48be4ee33abd0add3af9240192cc52681508f0a80
t=2023-06-02T16:09:00+0800 lvl=trce msg="Removed cap-exceeding queued transaction" hash=0xef5638475e8d648804471646f701fedda1f94c5992f7c8ce0bdb42841dfd7064
t=2023-06-02T16:09:00+0800 lvl=trce msg="Removed cap-exceeding queued transaction" hash=0xcdfda91c451d5795828df899850bcf1ee2db5be21bb6584ee5143e37b9bdfb55
t=2023-06-02T16:09:00+0800 lvl=trce msg="Removed cap-exceeding queued transaction" hash=0xb13c5d31fbc1b6a9301162e75608563a5bc5e3f0d56a752225819fc624d879cc
t=2023-06-02T16:09:00+0800 lvl=trce msg="Removed cap-exceeding queued transaction" hash=0x092c500ae4d288a3f892e5d39dad23c0156494cca5f9c3257314dce0d12d7eac
t=2023-06-02T16:09:00+0800 lvl=trce msg="Removed cap-exceeding queued transaction" hash=0x45d94699bbea3c33c75029fddaf78ba3cd12a6f13a2cd68d72e7297431788470
t=2023-06-02T16:09:00+0800 lvl=trce msg="Removed cap-exceeding queued transaction" hash=0x7f695019d962f925b3291b850b983c36bcba809fe982b215e3d4df171d63254f
t=2023-06-02T16:09:00+0800 lvl=trce msg="Removed cap-exceeding queued transaction" hash=0x6e4f32df76e987e418c18bc7bc502d40d8209440a61cce417d6affbfa3615314
t=2023-06-02T16:09:00+0800 lvl=trce msg="Removed cap-exceeding queued transaction" hash=0x453c45a7b3f7b646b75a856f31ea80fb2e8fe018933ca007f646b9feb16fc1a5
t=2023-06-02T16:09:00+0800 lvl=trce msg="Removed cap-exceeding queued transaction" hash=0x3143d7863daa0a4bce1094c1dd5bd4f0a2a28cdb447a9809dc56eea5cb30f22a
t=2023-06-02T16:09:00+0800 lvl=trce msg="Pooled new future transaction"          hash=0xc40a2f3a41a55d433e4bf38e74ba6c2d4ee3f8b5fe52d07cb2ea2010762d68a2 from=0x7628e7c918DAaf4dfbF615023fDBcF72b8479bCe to=0x0000000000000000000000000000000000000000
t=2023-06-02T16:09:00+0800 lvl=trce msg="Removed old queued transactions"        count=0
t=2023-06-02T16:09:00+0800 lvl=trce msg="Removed unpayable queued transactions"  count=0
t=2023-06-02T16:09:00+0800 lvl=trce msg="Promoted queued transactions"           count=1
t=2023-06-02T16:09:00+0800 lvl=trce msg="Removed cap-exceeding queued transaction" hash=0x86f6f868d3206fb3d7fd3476a5059048f096f933b473c21b63ce628bb069d3ae
t=2023-06-02T16:09:00+0800 lvl=trce msg="Removed cap-exceeding queued transaction" hash=0x291c1efa64fe5c82d4af95e28564af00b1b8b66097794256702dfb4a744b3305
t=2023-06-02T16:09:00+0800 lvl=trce msg="Removed cap-exceeding queued transaction" hash=0xd950d281ec0fc49677495f7abf508a954e370dc002eb2eb1fab0c4ee0138d5ad
t=2023-06-02T16:09:00+0800 lvl=trce msg="Removed cap-exceeding queued transaction" hash=0x2f0366ad8fabb0a63bde04784ecb75e82cf034fcd0301655fc72801fb9b7ac07
t=2023-06-02T16:09:00+0800 lvl=trce msg="Removed cap-exceeding queued transaction" hash=0x6517876eb98930163f5d9b1ae168d2ac5b24db0ad3bf9d199d9151d3d304d0c0
t=2023-06-02T16:09:00+0800 lvl=trce msg="Removed cap-exceeding queued transaction" hash=0x6f8c9a7b1c5562c311b1980c2ff4f3ab7bd1523692cbd843b3a19a637db5ce01
t=2023-06-02T16:09:00+0800 lvl=trce msg="Removed cap-exceeding queued transaction" hash=0x19fd4330bde2bb9eb30401670f53f6aec054cd5ed9e3264bba7959ff9a91c1dd
t=2023-06-02T16:09:00+0800 lvl=trce msg="Removed cap-exceeding queued transaction" hash=0x25e9d03511bbb80de4d7f040da26eb1a7a0b3ff2a463e02ea2d4250ca308d479
t=2023-06-02T16:09:00+0800 lvl=trce msg="Removed cap-exceeding queued transaction" hash=0xa536b32f62bb1c8590d01ecb3ff9b2ffa6a8961c1996f6c98493eba5c3fd8227
t=2023-06-02T16:09:00+0800 lvl=trce msg="Removed cap-exceeding queued transaction" hash=0x040c9f953b683824c5964809f5fc51626574eb343827bce2f00c28de8a2a885a
t=2023-06-02T16:09:00+0800 lvl=trce msg="Removed cap-exceeding queued transaction" hash=0x86187f86bb496307d6224c1d0e6cf41b60d23d427786270687b1c84e51a8fc5f
t=2023-06-02T16:09:00+0800 lvl=trce msg="Removed cap-exceeding queued transaction" hash=0x35bbd2e05f14947ff683880e1853d0e91fd6d07411fbfd8d16a17459593c2e0d
t=2023-06-02T16:09:00+0800 lvl=trce msg="Removed cap-exceeding queued transaction" hash=0xf814c0068ddd722378939b37a0a9b58ae74f789ad94761c6c4b17570009ebb92
t=2023-06-02T16:09:00+0800 lvl=trce msg="Removed cap-exceeding queued transaction" hash=0x385eb3a7b8873557dd071779c6c00c5ae97e410153a3d91f422d5f8ec75aeeaf
t=2023-06-02T16:09:00+0800 lvl=trce msg="Removed cap-exceeding queued transaction" hash=0x0cd2cdf94e941441e67cd8021f568e4ff2c4bc0eb788913ef884a74a82e5ad56
t=2023-06-02T16:09:00+0800 lvl=trce msg="Removed cap-exceeding queued transaction" hash=0x0042d9e85c9eceb6ae6a2fe5cd176e2418d975ec3c997d1901e450f1328b6111
t=2023-06-02T16:09:00+0800 lvl=trce msg="Removed cap-exceeding queued transaction" hash=0x6e09ef930b83d4eb9b8d3cda15ed58d9ab1cb2eab2bfc496a9aa646cc0636855
t=2023-06-02T16:09:00+0800 lvl=trce msg="Removed cap-exceeding queued transaction" hash=0x0726b39f80d095ef3beb8f5b4654ad8fbe38c981edc6709995356c0ad1b9c4b2
t=2023-06-02T16:09:00+0800 lvl=trce msg="Removed cap-exceeding queued transaction" hash=0xd827b4a844f050919125c22813204aad4e4436b4b3678d1e6d1ff007533bfddb
t=2023-06-02T16:09:00+0800 lvl=trce msg="Removed cap-exceeding queued transaction" hash=0xa19499964696d3a387366ea5c448f9dfd8c7d78a7f5887440c686d1f784e27da
t=2023-06-02T16:09:00+0800 lvl=trce msg="Removed cap-exceeding queued transaction" hash=0x71c7f63afc18b1a7f9b11facfa0af7605133e205d714dbc30e856e06a5d07d8c
t=2023-06-02T16:09:00+0800 lvl=trce msg="Removed cap-exceeding queued transaction" hash=0x265892c02334366c549fefde78b57d7d0fb7793716fbfd6edb4296e63f9c3de8
t=2023-06-02T16:09:00+0800 lvl=trce msg="Removed cap-exceeding queued transaction" hash=0x7f8a54cf82f4f1579f2bef05aab24973e0aa9e68f1ed8fef9a3434948e7124fb
t=2023-06-02T16:09:00+0800 lvl=trce msg="Removed cap-exceeding queued transaction" hash=0xd1f761046b10c23ce4a777607e3baf85999bd7fae83522451644f5e5eb5fd180
t=2023-06-02T16:09:00+0800 lvl=trce msg="Removed cap-exceeding queued transaction" hash=0xd62277bd2e2ae8592654fc6e947714558d5612c8346f3942b91b5625d16c382f
t=2023-06-02T16:09:00+0800 lvl=trce msg="Removed cap-exceeding queued transaction" hash=0x7ff3af61901e65f356a08465032c844c2bd006b30f8c4e817e04781f6a1b3434
t=2023-06-02T16:09:00+0800 lvl=trce msg="Removed cap-exceeding queued transaction" hash=0x8aa397e49eebeda74344fe552c7cf72eb8415329b15f2fe6887aa7a95eb9bb65
t=2023-06-02T16:09:00+0800 lvl=trce msg="Removed cap-exceeding queued transaction" hash=0xccdf668174310826407e0a78dcbed5f1ad85715b7bd4b847503ad4cf9447e7ea
t=2023-06-02T16:09:00+0800 lvl=trce msg="Removed cap-exceeding queued transaction" hash=0xa97d85c9cfa25e3d0315c54a14e2c5b02c428dca80e1ea1fcfbbc3c18ff93d46
t=2023-06-02T16:09:00+0800 lvl=trce msg="Removed cap-exceeding queued transaction" hash=0xd3eb879faa521e7e39ec7137eb59c609d30911e173d91f159c673acd75f3a401
t=2023-06-02T16:09:00+0800 lvl=trce msg="Removed cap-exceeding queued transaction" hash=0x6fe26b2c18f4e91c2ae5dd718d1fae6e8b9e70547a6a5f8a4156a6f68177aab1
t=2023-06-02T16:09:00+0800 lvl=trce msg="Removed cap-exceeding queued transaction" hash=0x7c4116e3504798b9a80daba79c6e2e8bf99c6f3595d74283b8df814c4f0d5e53
t=2023-06-02T16:09:00+0800 lvl=trce msg="Removed cap-exceeding queued transaction" hash=0x299b23283f6ed0e9385a756263bc4c1726a92a8ba8a24dd57b68e4d33095705c
t=2023-06-02T16:09:00+0800 lvl=trce msg="Removed cap-exceeding queued transaction" hash=0x72ec8e8678e9fc33b5f9e31e3e1321339cd1343eb76a22a6bfb690bb4b3d0450
t=2023-06-02T16:09:00+0800 lvl=trce msg="Removed cap-exceeding queued transaction" hash=0x6241711e5534bd5e7922485f0ab07fcc24426d56791c0ef236ca6bf063f0ae84
t=2023-06-02T16:09:00+0800 lvl=trce msg="Removed cap-exceeding queued transaction" hash=0x7d90d06a2f5a1ae03bb8d77b5b803513785d8b81ccd6b379e5ed735a3bbc1a2b
t=2023-06-02T16:09:00+0800 lvl=trce msg="Removed cap-exceeding queued transaction" hash=0x426da940cfda3a7956950cb8e6f0267d5a0a87a33de0a52e3ccc1b9bd91ada9e
t=2023-06-02T16:09:00+0800 lvl=trce msg="Removed cap-exceeding queued transaction" hash=0xcd83ecc0b586982ff8b5ed58b35dee51b23875028ed4ee3623a0369a26324963
t=2023-06-02T16:09:00+0800 lvl=trce msg="Removed cap-exceeding queued transaction" hash=0xd409f8e86eb06358fc9c8eafb1d7b676763a3274205ac25c4630b22b3b1bc27f
t=2023-06-02T16:09:00+0800 lvl=trce msg="Removed cap-exceeding queued transaction" hash=0x4b6306d167f81f7f789c9b351fa9b3e65e9290824a3537094145ca909b0ad6ae
t=2023-06-02T16:09:00+0800 lvl=trce msg="Removed cap-exceeding queued transaction" hash=0xcee2f6777643b0ae19ddb2400b50381c9bdd3231a3bc73e6c47fb0103dafca47
t=2023-06-02T16:09:00+0800 lvl=trce msg="Removed cap-exceeding queued transaction" hash=0x3cabb6fba8a2b394e5ab141472af73c5686f573fc0273e1b85f766265761e3ea
t=2023-06-02T16:09:00+0800 lvl=trce msg="Removed cap-exceeding queued transaction" hash=0x939a8529926620136f2351889737fa27689766b6e3652c8a7185292f712cf643
t=2023-06-02T16:09:00+0800 lvl=trce msg="Removed cap-exceeding queued transaction" hash=0x78f5735f031c4614a3c4d5eec75f1439da9bda4df7dfb98f1c37b1f9a0901a2a
t=2023-06-02T16:09:00+0800 lvl=trce msg="Removed cap-exceeding queued transaction" hash=0xf7c0d9df46a8752b33c1a00390c4177922df21ca8fcb846e30127400c4b6ee6d
t=2023-06-02T16:09:00+0800 lvl=trce msg="Removed cap-exceeding queued transaction" hash=0xf64db2ddf12b92160689bd020f0cc044121c7bff3962e6ee64ab63249e1216bb
t=2023-06-02T16:09:00+0800 lvl=trce msg="Removed cap-exceeding queued transaction" hash=0xb87a818c24427c2c76d1c9997fab1c5140972dce006273cff9fc6dd5dd494ec6
t=2023-06-02T16:09:00+0800 lvl=trce msg="Removed cap-exceeding queued transaction" hash=0xcd3f8e05ea6227b8e87d9a54a1054a29ae7d46cc13b4b9a4bb2be8952b7a255b
t=2023-06-02T16:09:00+0800 lvl=trce msg="Removed cap-exceeding queued transaction" hash=0x147ff29634e31239f153aa64e7eda684cd4de62dedc974bc730bf96cb3cafc47
t=2023-06-02T16:09:00+0800 lvl=trce msg="Pooled new future transaction"          hash=0xcec1f41e040acd06c2e7c762a533f80718b41f61d0200f6edb813f348c088819 from=0x7628e7c918DAaf4dfbF615023fDBcF72b8479bCe to=0x0000000000000000000000000000000000000000
t=2023-06-02T16:09:00+0800 lvl=trce msg="Removed cap-exceeding queued transaction" hash=0xa9fbf235e24e4dbde12f328231da535d9decf8ff1b36bddb2c143af797a06dc4
t=2023-06-02T16:09:00+0800 lvl=trce msg="Removed cap-exceeding queued transaction" hash=0xb20e717c7563e9dd065ce6502e047406e898eea1d2d060e4be3e7c0e599bc790
t=2023-06-02T16:09:00+0800 lvl=trce msg="Removed cap-exceeding queued transaction" hash=0x5b6db4ad72136698d6a28620379eae901d578242f914e57cd3fc8c529db270e6
t=2023-06-02T16:09:00+0800 lvl=trce msg="Removed cap-exceeding queued transaction" hash=0x04cb5ea779060ee591e24114d4934782cbaa027fd9ed3b79a19a52852d2753ec
t=2023-06-02T16:09:00+0800 lvl=trce msg="Removed cap-exceeding queued transaction" hash=0xca4c52c49dd19bdc80d9c85cb13b2229c99c48fd268538bc53ef0d53a1a977fe
t=2023-06-02T16:09:00+0800 lvl=trce msg="Removed cap-exceeding queued transaction" hash=0x360587374898ffc1e74085186c12ed8b82af0ec5f579cf68ab03a6cd5aeaae21
t=2023-06-02T16:09:00+0800 lvl=trce msg="Removed cap-exceeding queued transaction" hash=0x79ffb56da4b5a139e034038461728a6cd92a2f151f525c979b191744eddd7db1
t=2023-06-02T16:09:00+0800 lvl=trce msg="Removed cap-exceeding queued transaction" hash=0xe5a63aa0b96d74eaa25555c68bd043cf91ced54ad33995e2315834aa11763922
t=2023-06-02T16:09:00+0800 lvl=trce msg="Removed cap-exceeding queued transaction" hash=0x74225059d4b098baf8cb26d3318e3f59064b5e3129d2d2820f74cdea5088feda
t=2023-06-02T16:09:00+0800 lvl=trce msg="Removed cap-exceeding queued transaction" hash=0x806c2daed7d1d17b69a55c9e23ec2d68b8997a4ea792a369f13e756731b837a4
t=2023-06-02T16:09:00+0800 lvl=trce msg="Removed cap-exceeding queued transaction" hash=0xe11eb9193a8f3b23429cf0ae92ff57734a2adc135915f9df01f8f4ede8b54864
t=2023-06-02T16:09:00+0800 lvl=trce msg="Removed cap-exceeding queued transaction" hash=0x219285b4a5359b2922dccbba200463ba5c8cea817fb8457bbb8108770a42c3ef
t=2023-06-02T16:09:00+0800 lvl=trce msg="Removed cap-exceeding queued transaction" hash=0xe32f09df08396762fd6853ccaccd1df968fda79bac07e312153d43bb75a43a0b
t=2023-06-02T16:09:00+0800 lvl=trce msg="Removed old queued transactions"        count=0
t=2023-06-02T16:09:00+0800 lvl=trce msg="Removed unpayable queued transactions"  count=0
t=2023-06-02T16:09:00+0800 lvl=trce msg="Promoted queued transactions"           count=0
t=2023-06-02T16:09:00+0800 lvl=trce msg="Removed cap-exceeding queued transaction" hash=0xd59d8c71dee2b17a3536916affd2d7bd8eed04c2425a5861381448f4607eca23
t=2023-06-02T16:09:00+0800 lvl=trce msg="Removed cap-exceeding queued transaction" hash=0xdfd1a153b4a5304a6340035231e0067172965e6f8a4aad70403a1206d7ab7b00
t=2023-06-02T16:09:00+0800 lvl=trce msg="Removed cap-exceeding queued transaction" hash=0x8c46208249bb317493ca6b3e52b7aacfedca5f3ff7e270b33f88cde343a50925
t=2023-06-02T16:09:00+0800 lvl=trce msg="Removed cap-exceeding queued transaction" hash=0xeabb025099efe059a4821388bf582084f16afd2d6752fa9bfce8d146b9036fb0
t=2023-06-02T16:09:00+0800 lvl=trce msg="Removed cap-exceeding queued transaction" hash=0xab29bb105ee22c7b381cbca847187c4e28ee1d60ff421f219674a47e81e4d2d0
t=2023-06-02T16:09:00+0800 lvl=trce msg="Removed cap-exceeding queued transaction" hash=0x3ed079e949e68c046a715dd6aef36399f0c0d2ac3f1a49a18260c605976085fd
t=2023-06-02T16:09:00+0800 lvl=trce msg="Removed cap-exceeding queued transaction" hash=0xea8c15185ca7fa315bcfa77c554e2bdf38980ba5b3d105831dfd466ae7aefe61
t=2023-06-02T16:09:00+0800 lvl=trce msg="Removed cap-exceeding queued transaction" hash=0x6e4edbc62fe9c6b3f092946f36f06b6fc87799b7179f1b51acbe9d7355c21130
t=2023-06-02T16:09:00+0800 lvl=trce msg="Removed cap-exceeding queued transaction" hash=0x97f9097d17c59140047838482838d98af4070916fe5c2da632a53d3b12ea2c43
t=2023-06-02T16:09:00+0800 lvl=trce msg="Removed cap-exceeding queued transaction" hash=0x9aef8bb12ef4cce1161857b6a42ab2b9648f4c2aaecba8a4a638d68faca4745a
t=2023-06-02T16:09:00+0800 lvl=trce msg="Removed cap-exceeding queued transaction" hash=0x30359fdb5b8a843f886739f709213a0fcf8b1c9c8b1a197fca7914321ab35b1c
t=2023-06-02T16:09:00+0800 lvl=trce msg="Removed cap-exceeding queued transaction" hash=0x7626eb2b3e043c819139eb35cb0fbc28ed8fc03b71022f3a2eb9c4edea43b89a
t=2023-06-02T16:09:00+0800 lvl=trce msg="Removed cap-exceeding queued transaction" hash=0x2ecdef234210dce7e87fca2356d0495f9070b748f5183d9b171255bae61d4b2a
t=2023-06-02T16:09:00+0800 lvl=trce msg="Removed cap-exceeding queued transaction" hash=0x6d471abb713a053064ab4322fa21246c47e0452d21fae9e02fadfb901879ed8a
t=2023-06-02T16:09:00+0800 lvl=trce msg="Removed cap-exceeding queued transaction" hash=0x5f87bc187e4cc6da8bca1f4d562fd57266db61c1716efad4ef7cd1a151f4e543
t=2023-06-02T16:09:00+0800 lvl=trce msg="Removed cap-exceeding queued transaction" hash=0x6c18f4cf36d20de1b35842cdda7354e802e30aff21a2127d67139b3d4ddaa585
t=2023-06-02T16:09:00+0800 lvl=trce msg="Removed cap-exceeding queued transaction" hash=0x19cb33d8aa4a6ea05fac38c660477f2bd2b363cc9c6808cd215eafcc5ff3e617
t=2023-06-02T16:09:00+0800 lvl=trce msg="Removed cap-exceeding queued transaction" hash=0x1ffd214b7b0f190c545213634530e771b482d5fc5c6a07d91e33fff08de04112
t=2023-06-02T16:09:00+0800 lvl=trce msg="Removed cap-exceeding queued transaction" hash=0x121fd0dc0fb5024582e49ca76ce1ce076f76b409e4296b9ed6ccd0b29601b53d
t=2023-06-02T16:09:00+0800 lvl=trce msg="Removed cap-exceeding queued transaction" hash=0x91d5d3faf07e750e511e1518a70926d07bbaee883f56c81ffd5a54f75f5a61e4
t=2023-06-02T16:09:00+0800 lvl=trce msg="Removed cap-exceeding queued transaction" hash=0x1d72de53395493cbc1cafea8e65f3e7c73b53b86b6dd640c1fed8b2c4c845229
t=2023-06-02T16:09:00+0800 lvl=trce msg="Removed cap-exceeding queued transaction" hash=0x66e6cee59614dd3c9a3d845a2f691da55eb4a83f8099bbe4f486ca8710e945a0
t=2023-06-02T16:09:00+0800 lvl=trce msg="Removed cap-exceeding queued transaction" hash=0x251cd90c4bfb869d828ce1fcd2b24e85a6ef3e167b4e2147fd0a7281c40b37ef
t=2023-06-02T16:09:00+0800 lvl=trce msg="Removed cap-exceeding queued transaction" hash=0x1711f4c2554dc498d187e73b8b315f28346e524dc9bd1d62a935f18bd00e82d1
t=2023-06-02T16:09:00+0800 lvl=trce msg="Removed cap-exceeding queued transaction" hash=0x6030c72e1cbb914a7dacb812cd136a216962f1ff33d5c7736cf42dd63fb9e6e1
t=2023-06-02T16:09:00+0800 lvl=trce msg="Removed cap-exceeding queued transaction" hash=0xc5b921db7e60fc4eb28de92de0c04e09392a9b36ddb00d394e068675e7dcc254
t=2023-06-02T16:09:00+0800 lvl=trce msg="Removed cap-exceeding queued transaction" hash=0x5d78623c861ee3a1e1e13f06e8ff8c6122dfc174f58175eb803406515e7b56f4
t=2023-06-02T16:09:00+0800 lvl=trce msg="Removed cap-exceeding queued transaction" hash=0x8b9715a9d8c6a9a178e406ee487cba39caa55957bf59c86772ba38fdce3b586c
t=2023-06-02T16:09:00+0800 lvl=trce msg="Removed cap-exceeding queued transaction" hash=0x7490954ef1fadcf5378c9db65713152e132505fbf4d202bd46e6e64cacedd066
t=2023-06-02T16:09:00+0800 lvl=trce msg="Removed cap-exceeding queued transaction" hash=0x2b6ef490d33b8a92329e206d3d41e950809616a6262da93d501f05fed1635cf3
t=2023-06-02T16:09:00+0800 lvl=trce msg="Removed cap-exceeding queued transaction" hash=0x5efe65702f1e6c6c9cc3939ab03f603f2f24b23af889d55567e80c2a33439002
t=2023-06-02T16:09:00+0800 lvl=trce msg="Removed cap-exceeding queued transaction" hash=0x69c34fddf294b03b7851675941d039aff7fa40503556b92c3f07e7be8b1a56f1
t=2023-06-02T16:09:00+0800 lvl=trce msg="Removed cap-exceeding queued transaction" hash=0x8363b0d8d2d90dd1f3426475924455d921dce5a5d95f30f9b77c896ff0a97368
t=2023-06-02T16:09:00+0800 lvl=trce msg="Removed cap-exceeding queued transaction" hash=0xf9705f6556db15ad9dcdc1cb0f93101ff220c7a431d47b32f607298cce95eb7a
t=2023-06-02T16:09:00+0800 lvl=trce msg="Removed cap-exceeding queued transaction" hash=0x239d6cfc21d1ebbbd687b4d480e0c8afd9b5fd167f62c9615d66f2b078f5a470
t=2023-06-02T16:09:00+0800 lvl=trce msg="Removed cap-exceeding queued transaction" hash=0x46925e51b2b942a1cb8df16db3189dc48d6085ac37f22205247c931dd1618c93
t=2023-06-02T16:09:00+0800 lvl=trce msg="Removed cap-exceeding queued transaction" hash=0x116a1ce15a09ca12b505d1355c6410f3e5e0f2598063f39c7e83659328fb66e1
t=2023-06-02T16:09:00+0800 lvl=trce msg="Pooled new future transaction"          hash=0xd3d189e6969af656f73433e44a2888a26a2df98d11a4b71d66284c763e35e07f from=0x66e0851F1a162869024b4C9f6b1C4Fc5cb4832F1 to=0x0000000000000000000000000000000000000000
t=2023-06-02T16:09:00+0800 lvl=trce msg="Removed old queued transactions"        count=0
t=2023-06-02T16:09:00+0800 lvl=trce msg="Removed cap-exceeding queued transaction" hash=0xe806f125203875dfca147da491e52193059e6608a0bb281690e3def39bc1fe3d
t=2023-06-02T16:09:00+0800 lvl=trce msg="Removed cap-exceeding queued transaction" hash=0xbf4cf8a3e8ce30822a0f69812f7125b34fca06e85544f6727161aad331411352
t=2023-06-02T16:09:00+0800 lvl=trce msg="Removed cap-exceeding queued transaction" hash=0x6411b195691301e7e9d4488e005400453bfc1d90e8e6f0f779ecc6b047c1e3c0
t=2023-06-02T16:09:00+0800 lvl=trce msg="Removed cap-exceeding queued transaction" hash=0xde43a6301f191d751c9bd2240e3c86a34000ab8f67a0ceed710ee37564516681
t=2023-06-02T16:09:00+0800 lvl=trce msg="Removed cap-exceeding queued transaction" hash=0x9831c4b79e2186ca0ea940c8977d2c06ab987613a65f581b66b1a6de212d54fe
t=2023-06-02T16:09:00+0800 lvl=trce msg="Removed cap-exceeding queued transaction" hash=0x44e780a5bf3f5af62b8aa47afd46c7e3c16ed6a93ec9980da1c44085e0bd417a
t=2023-06-02T16:09:00+0800 lvl=trce msg="Removed cap-exceeding queued transaction" hash=0x2022ac1d44f94224d3e3e496e1d30b2dd2cfb12d7cca275ef7787b8747eb8ab5
t=2023-06-02T16:09:00+0800 lvl=trce msg="Removed cap-exceeding queued transaction" hash=0x5ebedb2ebc194cc9ed4319180276ddd921653a1bedb7064ae94ae4c87d1d89e2
t=2023-06-02T16:09:00+0800 lvl=trce msg="Removed cap-exceeding queued transaction" hash=0x37e2b51e747b1ea14f84b8a6389756e9d07b2c4168c11c6dc728f981049a744f
t=2023-06-02T16:09:00+0800 lvl=trce msg="Removed cap-exceeding queued transaction" hash=0xdff14fa8c1e4007eb07ae3af348dab6db45699e1b598746c2f67e1320f7a39b9
t=2023-06-02T16:09:00+0800 lvl=trce msg="Removed cap-exceeding queued transaction" hash=0xae44a39c554f5591c479dd0e675184115e67e4fc96e299f837aa2e1a1f84e1e7
t=2023-06-02T16:09:00+0800 lvl=trce msg="Removed cap-exceeding queued transaction" hash=0x061a0829fc8eca83e663f70b889f48034bb94844f6f0fd7d70cb60ff3585795c
t=2023-06-02T16:09:00+0800 lvl=trce msg="Removed unpayable queued transactions"  count=0
t=2023-06-02T16:09:00+0800 lvl=trce msg="Promoted queued transactions"           count=1
t=2023-06-02T16:09:00+0800 lvl=trce msg="Removed cap-exceeding queued transaction" hash=0x9d06323fb707d9644504d2b53ea74cd959fbae9bd6850a0f7b13439eceed4381
t=2023-06-02T16:09:00+0800 lvl=trce msg="Removed cap-exceeding queued transaction" hash=0xdaf6fc199a31e72d52d92d5611f520a0170c1c2fa0570f85376374f99b3cc13a
t=2023-06-02T16:09:00+0800 lvl=trce msg="Removed cap-exceeding queued transaction" hash=0x038b3a2c7fad9cc34cedc3156021f118a4ed5795e00d19f67decc26e6a1f5d30
t=2023-06-02T16:09:00+0800 lvl=trce msg="Removed cap-exceeding queued transaction" hash=0x2c7a0559f67a3e24fb6195d0f3139ff30b3e8625ba0f7076e323506c856ab3c4
t=2023-06-02T16:09:00+0800 lvl=trce msg="Removed cap-exceeding queued transaction" hash=0x9c10ea12ba53ea5af568659f2c6c9f742b74d7cfe9ae8d0809e946186391d3c3
t=2023-06-02T16:09:00+0800 lvl=trce msg="Removed cap-exceeding queued transaction" hash=0xe5e6f1e736587b95bd3a3868510b3eac207fd43d77123fddaf4744bad0668563
t=2023-06-02T16:09:00+0800 lvl=trce msg="Removed cap-exceeding queued transaction" hash=0x296e5c5b7a3332ac220e47473888f6fce142d494d34ce17e35f2553cb1f716d7
t=2023-06-02T16:09:00+0800 lvl=trce msg="Removed cap-exceeding queued transaction" hash=0x4f63992dd7ee29c65073ab0c9769425a9e1344b031d6600e5d006ddebb93f828
t=2023-06-02T16:09:00+0800 lvl=trce msg="Removed cap-exceeding queued transaction" hash=0xd7d2b9aa26bd05c83db66ea425ebfdf645eb5cb92a84157acbefbf3bd27f9d9a
t=2023-06-02T16:09:00+0800 lvl=trce msg="Pooled new future transaction"          hash=0xaa381c75da0aec423d58cd684bdb110e66dae2840246fd11622e630cb2c43c86 from=0x66e0851F1a162869024b4C9f6b1C4Fc5cb4832F1 to=0x0000000000000000000000000000000000000000
t=2023-06-02T16:09:00+0800 lvl=trce msg="Removed cap-exceeding queued transaction" hash=0xdc7ed2e99d2a79ad9f1ad8a7e502e0659e6cb29bad652ed43ea54aeb7374a136
t=2023-06-02T16:09:00+0800 lvl=trce msg="Removed cap-exceeding queued transaction" hash=0xaf8deb5f4e113ea1937b78dce9e2e6fd13b4117ea7a41bf642b463ab8dc597f2
t=2023-06-02T16:09:00+0800 lvl=trce msg="Removed cap-exceeding queued transaction" hash=0x3c93973ba3f1d31dfe5ea52c39c9fa30c188bf162f6ae4b1a4c6eb070066b3e8
t=2023-06-02T16:09:00+0800 lvl=trce msg="Removed cap-exceeding queued transaction" hash=0x1443df418c720c4124534356f2c8d8da88a031b761cd716a73665af5dc48cac2
t=2023-06-02T16:09:00+0800 lvl=trce msg="Removed cap-exceeding queued transaction" hash=0x44fd9b3a845732789102f31ac7252a71be61b72b9aed9c42b9c326f381082043
t=2023-06-02T16:09:00+0800 lvl=trce msg="Removed cap-exceeding queued transaction" hash=0x3e28f12f7ec14e74a17ab290e684f659f6393e99f111724de5d4f014263d6338
t=2023-06-02T16:09:00+0800 lvl=trce msg="Removed cap-exceeding queued transaction" hash=0xdad38383bed0d7f9c95b84f9fc82fd0688fa9626d58d97db93358ea86a0001f0
t=2023-06-02T16:09:00+0800 lvl=trce msg="Removed cap-exceeding queued transaction" hash=0x376fe1e1231cef7b9f77d4aeeeaa4e5c612199ecc2840dd06cd3603c2fa53a3a
t=2023-06-02T16:09:00+0800 lvl=trce msg="Removed cap-exceeding queued transaction" hash=0x56c781c78719ced14191c518565481b99adcc897d7a8d53cf8abdf0023802398
t=2023-06-02T16:09:00+0800 lvl=trce msg="Removed cap-exceeding queued transaction" hash=0xe4dd76f7dd51c5fa4d07b430e46a350f107768e90599c764c51ec150606784e0
t=2023-06-02T16:09:00+0800 lvl=trce msg="Removed old queued transactions"        count=0
t=2023-06-02T16:09:00+0800 lvl=trce msg="Removed unpayable queued transactions"  count=0
t=2023-06-02T16:09:00+0800 lvl=trce msg="Removed cap-exceeding queued transaction" hash=0x76c8d35abf8de6c4299d53c597d5fa226cf73c287cd6aab184ecd5c751b9807b
t=2023-06-02T16:09:00+0800 lvl=trce msg="Removed cap-exceeding queued transaction" hash=0x2b5debb3852d3d96361e2840882d32fff307154b14a958329a9f295f191fa878
t=2023-06-02T16:09:00+0800 lvl=trce msg="Removed cap-exceeding queued transaction" hash=0xd5f32ef84911481bc677ced475026c3a69ef69930870d574604fe6b045e1182b
t=2023-06-02T16:09:00+0800 lvl=trce msg="Removed cap-exceeding queued transaction" hash=0x3a2c54bbbe1ac3c90c436681a040d00a4798c0a10634ad9bd23671f791b870f2
t=2023-06-02T16:09:00+0800 lvl=trce msg="Removed cap-exceeding queued transaction" hash=0xdc1fa9e4cb9e79c5e8246418ba3539f945440014fc3efc675c340e4cbfd8c0f7
t=2023-06-02T16:09:00+0800 lvl=trce msg="Removed cap-exceeding queued transaction" hash=0x00835fed03a88c6d264c4e9258c510726c1fb2a3bb3cee21f49235c56a891544
t=2023-06-02T16:09:00+0800 lvl=trce msg="Removed cap-exceeding queued transaction" hash=0x31150d761e47b74275d168a9c9df6eaccfe939054edf63f6c8782b2566fef2e8
t=2023-06-02T16:09:00+0800 lvl=trce msg="Removed cap-exceeding queued transaction" hash=0x69b72986aec08cdee07ef34e171f537e43e5f1957e875533c5068728219d78e9
t=2023-06-02T16:09:00+0800 lvl=trce msg="Removed cap-exceeding queued transaction" hash=0xb02f3207542615fc6f27ef3e6dca094660f6a0e2f1f1b608fd037e6213220c4f
t=2023-06-02T16:09:00+0800 lvl=trce msg="Removed cap-exceeding queued transaction" hash=0x06416bc2982d2444216c7b45c33c60ad92c3ea0043147c7af43b995d32084b55
t=2023-06-02T16:09:00+0800 lvl=trce msg="Promoted queued transactions"           count=0
t=2023-06-02T16:09:00+0800 lvl=trce msg="Removed cap-exceeding queued transaction" hash=0xc457ccc45ef6b0b8bec132398d821fe301685af09193da727941f7c5ef860529
t=2023-06-02T16:09:00+0800 lvl=trce msg="Removed cap-exceeding queued transaction" hash=0x6a1c179fbe528d332cabb02dcff27574a474cbc510cb1331ba5cccd1a6207269
t=2023-06-02T16:09:00+0800 lvl=trce msg="Removed cap-exceeding queued transaction" hash=0x53eeddbacc9af6df6f2830b5c1ad42ceb2313be01dd08037fa04586ee1445d17
t=2023-06-02T16:09:00+0800 lvl=trce msg="Removed cap-exceeding queued transaction" hash=0xf55120fff3b132866e319c583dff189560bdcd791391263690dae2d454823be8
t=2023-06-02T16:09:00+0800 lvl=trce msg="Removed cap-exceeding queued transaction" hash=0x9293e5e57d70099ec8c157faf6efea52ee681383196b773ee3c574adf05b892c
t=2023-06-02T16:09:00+0800 lvl=trce msg="Removed cap-exceeding queued transaction" hash=0x24f04e328414511db3393802918cf234fbbca1825b8a391b737c0eaec677610c
t=2023-06-02T16:09:00+0800 lvl=trce msg="Removed cap-exceeding queued transaction" hash=0x173ebed666fc8eaccc635ed410abe6ebac392badb4a24492f5ea7ee6cdbfa9d6
t=2023-06-02T16:09:00+0800 lvl=trce msg="Removed cap-exceeding queued transaction" hash=0x06d4d9a9bbf4bc4068f6c255f738ef343d2a635f279407f7b44c1bcc386ae7b1
t=2023-06-02T16:09:00+0800 lvl=trce msg="Removed cap-exceeding queued transaction" hash=0x0edeb6279a02e10e57dc29acb8617a04f5561c45ea212be9f964299da6824315
t=2023-06-02T16:09:00+0800 lvl=trce msg="Removed cap-exceeding queued transaction" hash=0x0a5b1295922d32cd3bd2d16635c735bb1d8ed0cb4623c1cafe91b3fafe56f839
t=2023-06-02T16:09:00+0800 lvl=trce msg="Removed cap-exceeding queued transaction" hash=0xa6572ce1adfefc1112693d15f750d75fdd52cab39268fd6ab68d89cd17a2f60f
t=2023-06-02T16:09:00+0800 lvl=trce msg="Removed cap-exceeding queued transaction" hash=0xed99c80941db4110fb559bba27c8948e2246a0bb5f11971469241be8b83caf38
t=2023-06-02T16:09:00+0800 lvl=trce msg="Removed cap-exceeding queued transaction" hash=0x99c001821db51b99041e34efa424e2d0620eca172cb2a53b1164f1e4f0d9d160
t=2023-06-02T16:09:00+0800 lvl=trce msg="Removed cap-exceeding queued transaction" hash=0xa7b3c2a43653900dcb6701d73131c94d6eaeed4a581bf8b5b828188a49ae5979
t=2023-06-02T16:09:00+0800 lvl=trce msg="Removed cap-exceeding queued transaction" hash=0x7f8f1f5ec0458643f989630a62c23dfcb9eac2e82f7038aa4b59521111953920
t=2023-06-02T16:09:00+0800 lvl=trce msg="Removed cap-exceeding queued transaction" hash=0xf942c7a84eb4e8017fb55acc701e8e03e5a421acb23ba551e156ad07b987f567
t=2023-06-02T16:09:00+0800 lvl=trce msg="Removed cap-exceeding queued transaction" hash=0x30800c4e67fd90854dd63c53d5bd0dd6dbebc3033d2ec52efea13882ce7f9ab4
t=2023-06-02T16:09:00+0800 lvl=trce msg="Removed cap-exceeding queued transaction" hash=0xe632653823c6c68c291bcb4c887e3bd6a1bca87c8ee1a484e4ec7e77979e1346
t=2023-06-02T16:09:00+0800 lvl=trce msg="Removed cap-exceeding queued transaction" hash=0x98f4c94f17ad70fa1720d330f5edb4982cbc73683692c3d48f91a6954c091be3
t=2023-06-02T16:09:00+0800 lvl=trce msg="Removed cap-exceeding queued transaction" hash=0x3fd6f854baff268bef8e5b069a9ceee051ed4edca4a5dfd409548f5e2cd3e9e0
t=2023-06-02T16:09:00+0800 lvl=trce msg="Removed cap-exceeding queued transaction" hash=0x0207c05233c8b470b7fcdfb74c3bbe25b43fbb4215f27f41de673b2a2cc34748
t=2023-06-02T16:09:00+0800 lvl=trce msg="Removed cap-exceeding queued transaction" hash=0x90a9fbbdedfcdac13b4890b305a914cf4501ffa1ab8865b8ae4ca793b85e6c68
t=2023-06-02T16:09:00+0800 lvl=trce msg="Removed cap-exceeding queued transaction" hash=0x99ea9331267a9a17342bc56b2d8219d45f9a80fd5190cc72471f6d7b7226d4ef
t=2023-06-02T16:09:00+0800 lvl=trce msg="Removed cap-exceeding queued transaction" hash=0x0f8c5146be9e0c076f194d6ad9cf65ca0d0a2406cbd988365b92cb23cc2f44d9
t=2023-06-02T16:09:00+0800 lvl=trce msg="Removed cap-exceeding queued transaction" hash=0x4beb99a67e68444586b411541a9e5be6690d1f744b09aff776e679bbad1a2426
t=2023-06-02T16:09:00+0800 lvl=trce msg="Removed cap-exceeding queued transaction" hash=0x504912af392a29375675cb9f1756e369aacf789ae789c4e7f0be5c8f72a882d8
t=2023-06-02T16:09:00+0800 lvl=trce msg="Removed cap-exceeding queued transaction" hash=0xc67b93e235943fa34ebd1423a037de19ca152e53c27a48bbdd08985214dcc318
t=2023-06-02T16:09:00+0800 lvl=trce msg="Removed cap-exceeding queued transaction" hash=0xc486bfdb18110eaea8b02d06969baba594bc1f2e40d19cf337cbee142ea03ffd
t=2023-06-02T16:09:00+0800 lvl=trce msg="Removed cap-exceeding queued transaction" hash=0xec1e9d6d46de17ef648b6be748caa66cf653ff457a9c770ac310b60da5d2c321
t=2023-06-02T16:09:00+0800 lvl=trce msg="Pooled new future transaction"          hash=0xa3e20676a1efb2169d7e79d40d7edf006cb00f862772408ee9e5d1ca330a1134 from=0x7628e7c918DAaf4dfbF615023fDBcF72b8479bCe to=0x0000000000000000000000000000000000000000
t=2023-06-02T16:09:00+0800 lvl=trce msg="Removed old queued transactions"        count=0
t=2023-06-02T16:09:00+0800 lvl=trce msg="Removed unpayable queued transactions"  count=0
t=2023-06-02T16:09:00+0800 lvl=trce msg="Promoted queued transactions"           count=1
t=2023-06-02T16:09:00+0800 lvl=trce msg="Removed cap-exceeding queued transaction" hash=0xec3557c251aa6111aaf5253f20b5c7a24a088b5485873de45b32a7baf26bc15f
t=2023-06-02T16:09:00+0800 lvl=trce msg="Removed cap-exceeding queued transaction" hash=0x6b788e59e98103fbefb6d1d7b27a396c0deeeee3ace7981c5e3bc4234573e6f9
t=2023-06-02T16:09:00+0800 lvl=trce msg="Removed cap-exceeding queued transaction" hash=0x27d5e577e01c5f49739e535fcb0f5e59b124734146a2fd730d239d9489cefdbf
t=2023-06-02T16:09:00+0800 lvl=trce msg="Removed cap-exceeding queued transaction" hash=0xa7b9f3624337ac1d29fb9ba2faeb5d2a7c7b78052c6d624481464e0b99905c4d
t=2023-06-02T16:09:00+0800 lvl=trce msg="Removed cap-exceeding queued transaction" hash=0x385827b52287ef2355c34f4e97fe8150c0d00694aae9c092a82078a48bbce5d4
t=2023-06-02T16:09:00+0800 lvl=trce msg="Removed cap-exceeding queued transaction" hash=0xdf83adce0497221d581672a477e6999f89a71ca8f52544b1ca74f9bb59581f2a
t=2023-06-02T16:09:00+0800 lvl=trce msg="Removed cap-exceeding queued transaction" hash=0x95358b8332b554e81ce9baee41bad4976cc9911f7a306a5ee7b863ee67009e8f
t=2023-06-02T16:09:00+0800 lvl=trce msg="Removed cap-exceeding queued transaction" hash=0x8bedf43cde11abec1f1ab6cc2a1b96943d699c6518fe4a9f7be12acd2365f48f
t=2023-06-02T16:09:00+0800 lvl=trce msg="Removed cap-exceeding queued transaction" hash=0x1edf1ab630c4af544fc1a1434efdb853cd6d7fef33d10cbfdb6658e1466227e9
t=2023-06-02T16:09:00+0800 lvl=trce msg="Removed cap-exceeding queued transaction" hash=0x498120f7e5f524ac886ef67fc6dc2aae1522c4291429cc37f52064fd539585fb
t=2023-06-02T16:09:00+0800 lvl=trce msg="Removed cap-exceeding queued transaction" hash=0x4505188ac342a8aec52c83a7cc83c4e2ddbc87e7c6e8a3397a9f75ab55c6a819
t=2023-06-02T16:09:00+0800 lvl=trce msg="Removed cap-exceeding queued transaction" hash=0xf7a039166eba8bb1af5fe257cfb9089b25881874c8156bec93121fbc2bd7774d
t=2023-06-02T16:09:00+0800 lvl=trce msg="Removed cap-exceeding queued transaction" hash=0xe1a5cb078a9eca025fcad2b0453052ea6baeadc51b576681843c4fef6f16e062
t=2023-06-02T16:09:00+0800 lvl=trce msg="Removed cap-exceeding queued transaction" hash=0x3bcef41bba5cd6bc1901fa99ab6121cd00cf148613342b254a3ef14ff0d4e4a3
t=2023-06-02T16:09:00+0800 lvl=trce msg="Removed cap-exceeding queued transaction" hash=0x44b2505ed7b9444fb65f8266a42a46ff600f665104aa384fe227b00d2a46d511
t=2023-06-02T16:09:00+0800 lvl=trce msg="Removed cap-exceeding queued transaction" hash=0xe63685747e522e499ceded9b0ddfee37bbef3dd69589db20baf367e6441ef38b
t=2023-06-02T16:09:00+0800 lvl=trce msg="Removed cap-exceeding queued transaction" hash=0x005900049c8567329f75d43084b7f05633e6687accde2060bf4c871e357de28d
t=2023-06-02T16:09:00+0800 lvl=trce msg="Removed cap-exceeding queued transaction" hash=0x9d2e60ed987eb21e8e8dee4ff0c7c8b5cb5e6b37ca6d395ce89fef4522a147ad
t=2023-06-02T16:09:00+0800 lvl=trce msg="Removed cap-exceeding queued transaction" hash=0xd4cbdef6416a1d8100feb19cb3aabdfd04122887fad999529f1e0c9506a15539
t=2023-06-02T16:09:00+0800 lvl=trce msg="Removed cap-exceeding queued transaction" hash=0x1b9d4c810b37d47e1cf9f50675fb8fa537fcd4eb50a6c17e7bb538b8895045f0
t=2023-06-02T16:09:00+0800 lvl=trce msg="Removed cap-exceeding queued transaction" hash=0x82368373b7e7004aa5db295012a4968e3d84801a3c8cdacb711e559e6e2aae73
t=2023-06-02T16:09:00+0800 lvl=trce msg="Removed cap-exceeding queued transaction" hash=0x0a047bbd79d97d60649b6872402049b1cf4a07c86eaaeb505f43f152890616a2
t=2023-06-02T16:09:00+0800 lvl=trce msg="Removed cap-exceeding queued transaction" hash=0xb0694dc319b072795706c132b48662756eeeeebcda3de5d71c6f3e233c9b79da
t=2023-06-02T16:09:00+0800 lvl=trce msg="Removed cap-exceeding queued transaction" hash=0x72d232cfadb124383b0afd4140e08241ebbdc75d17d80fc037ed01bbaa7b7a73
t=2023-06-02T16:09:00+0800 lvl=trce msg="Removed cap-exceeding queued transaction" hash=0xbcd041f77874e0d84983ae3093bba72827071852d27c7f4109e155aeb7dc05b1
t=2023-06-02T16:09:00+0800 lvl=trce msg="Removed cap-exceeding queued transaction" hash=0xa5cf50b6a3f422e564bff0c53bb120e9f1f4fbe89d80a6e6f0309bc2d220c280
t=2023-06-02T16:09:00+0800 lvl=trce msg="Removed cap-exceeding queued transaction" hash=0x758f55277bc433aa757757434ead3a86b3fc64b2566d1e6d5e38da8b0a815317
t=2023-06-02T16:09:00+0800 lvl=trce msg="Removed cap-exceeding queued transaction" hash=0xb23115af1c4cd186eeec3e38bec57bc3ef3a86be4c2633ebf808b9aae7a0e2d5
t=2023-06-02T16:09:00+0800 lvl=trce msg="Pooled new future transaction"          hash=0x3481fec42e9f01c946e37da2e9b78bbb9e54048147085a61f61b5d6fc51010ab from=0x7628e7c918DAaf4dfbF615023fDBcF72b8479bCe to=0x0000000000000000000000000000000000000000
t=2023-06-02T16:09:00+0800 lvl=trce msg="Removed cap-exceeding queued transaction" hash=0x3211dfe132cf617198db10270efe9dc0e29e8769fc7d6368fa6723bf699f15d7
t=2023-06-02T16:09:00+0800 lvl=trce msg="Removed cap-exceeding queued transaction" hash=0x7552595a1a9fb776e4c3f9eea69f7038035ad3493445c6352fb3e74aff88b7cc
t=2023-06-02T16:09:00+0800 lvl=trce msg="Removed cap-exceeding queued transaction" hash=0x45fd167a9e86633627fdc318688967a96795d7ef3753f966340f9d29c8027844
t=2023-06-02T16:09:00+0800 lvl=trce msg="Removed cap-exceeding queued transaction" hash=0xa8c7f7ef8e85e88ff4542769052fce5bc87c09cd07752b87c77c7417118efe69
t=2023-06-02T16:09:00+0800 lvl=trce msg="Removed cap-exceeding queued transaction" hash=0x218f804c833e79680172a2fd9bde1d742c475c442b5d8c65cd8664c0af0dc60f
t=2023-06-02T16:09:00+0800 lvl=trce msg="Removed cap-exceeding queued transaction" hash=0x8a677080c89ed3b6d895221c337d0e23ec707ab8986f0819568fdff3c5457446
t=2023-06-02T16:09:00+0800 lvl=trce msg="Removed cap-exceeding queued transaction" hash=0xdaca8ab5dc1e3bbb72d1ad5ec3a71b048bbe7ba6f92afddbb16f4e1cc68fc5e0
t=2023-06-02T16:09:00+0800 lvl=trce msg="Removed cap-exceeding queued transaction" hash=0x730c45f511f062df9aa44cc6840b2d1d1e9b04483f287ed211ba3adbbb6a7bd8
t=2023-06-02T16:09:00+0800 lvl=trce msg="Removed cap-exceeding queued transaction" hash=0xc930c1878559611b73111618acaf90481886d3f23f8cba5a6cd4c5ab544fd4a7
t=2023-06-02T16:09:00+0800 lvl=trce msg="Removed cap-exceeding queued transaction" hash=0xab3021c61a7d1b0fbddf011e7f76177153b8e80176413b2d550ba9437d150b8e
t=2023-06-02T16:09:00+0800 lvl=trce msg="Removed cap-exceeding queued transaction" hash=0x48c9e60f06551884874e3e9655c659f296115cacea90ef44b56236d22e0f68c5
t=2023-06-02T16:09:00+0800 lvl=trce msg="Removed cap-exceeding queued transaction" hash=0x9746ba9dd2ab10dcf20d9f545b4c3271c6f7f89ddd20c6448c93922b384da48f
t=2023-06-02T16:09:00+0800 lvl=trce msg="Removed cap-exceeding queued transaction" hash=0x6eb481ee96c3a9c18e672700bd77054cdb1b17f8594de80ae54d912476cd9794
t=2023-06-02T16:09:00+0800 lvl=trce msg="Removed cap-exceeding queued transaction" hash=0xbb73d09c54c7147d77be6cbdf19266b1b209b89052c199059c9b84b6963fbf8a
t=2023-06-02T16:09:00+0800 lvl=trce msg="Removed cap-exceeding queued transaction" hash=0xe1bf43e43679e15243b499bf01b1bf72c7cd53a40b3e96c5f965ceb72d9ef2fd
t=2023-06-02T16:09:00+0800 lvl=trce msg="Removed cap-exceeding queued transaction" hash=0xc2d17e5d0d1043a763b7f683a6a11a03c97f876e68680b9d6638bca5494684eb
t=2023-06-02T16:09:00+0800 lvl=trce msg="Removed cap-exceeding queued transaction" hash=0x713378df37e363db092a80b44f60fff09f41800862ef494bbb36759391c735ec
t=2023-06-02T16:09:00+0800 lvl=trce msg="Removed cap-exceeding queued transaction" hash=0x8afe1458822f0cb15399952ea4be6e342b543e03df9a20680fe04301e692ff06
t=2023-06-02T16:09:00+0800 lvl=trce msg="Removed old queued transactions"        count=0
t=2023-06-02T16:09:00+0800 lvl=trce msg="Removed unpayable queued transactions"  count=0
t=2023-06-02T16:09:00+0800 lvl=trce msg="Promoted queued transactions"           count=0
t=2023-06-02T16:09:00+0800 lvl=trce msg="Removed cap-exceeding queued transaction" hash=0x808cb278582fe2867ca9a085180a97039c2a005f15699ef98b11f14e8310ac03
t=2023-06-02T16:09:00+0800 lvl=trce msg="Removed cap-exceeding queued transaction" hash=0x7ffc521d256b127952d6694c48960a8012a7400cc258ff0b9ab719448598718d
t=2023-06-02T16:09:00+0800 lvl=trce msg="Removed cap-exceeding queued transaction" hash=0x76f0dbccad72bae1b5ca0773271e5c2a11fbd934230f84c10a9ea7a9eacae615
t=2023-06-02T16:09:00+0800 lvl=trce msg="Removed cap-exceeding queued transaction" hash=0x39b363c8556bef3770912b2e742af556dedfdd0016dbb83f71a28281871d9d2c
t=2023-06-02T16:09:00+0800 lvl=trce msg="Removed cap-exceeding queued transaction" hash=0x39f82759932f65a36872980d6d4882d91d51441dfc12ce4a34c10cff1df3330e
t=2023-06-02T16:09:00+0800 lvl=trce msg="Removed cap-exceeding queued transaction" hash=0x5516ebe824d4e2cb4c250d17a42db17e3dc9f3a5316405a537966847c6e43e07
t=2023-06-02T16:09:00+0800 lvl=trce msg="Removed cap-exceeding queued transaction" hash=0xffa19c730ac8b0e7ab169f69d448be0a1b8836fb979a3d448a4f9c33bd0248d8
t=2023-06-02T16:09:00+0800 lvl=trce msg="Removed cap-exceeding queued transaction" hash=0x06813dfc9f3388f9dacf53e6e49f048edaa1da5a7fd7833e6ef814997999b02f
t=2023-06-02T16:09:00+0800 lvl=trce msg="Removed cap-exceeding queued transaction" hash=0xce45449167ab628c6ee7154043e24edbea5d9bd29e894c56141e8a6a13585d05
t=2023-06-02T16:09:00+0800 lvl=trce msg="Removed cap-exceeding queued transaction" hash=0xa0524c0a350a628a58b6857f1dd62699be248360afe84ca02bd0fc7a73e69da9
t=2023-06-02T16:09:00+0800 lvl=trce msg="Removed cap-exceeding queued transaction" hash=0xd6d7fda39e959ee0b75c30045b6e242af8aab5ac8b198ffc7e9985c6582adea0
t=2023-06-02T16:09:00+0800 lvl=trce msg="Removed cap-exceeding queued transaction" hash=0x7e0047aef551370dc084a5c26980c1d8bdf8f109ce5c8a99ee28b66378987499
t=2023-06-02T16:09:00+0800 lvl=trce msg="Pooled new future transaction"          hash=0xfd62e86945905f247cc3ae477b1b188320076d52a3a985f034e45d9d0fabd115 from=0x66e0851F1a162869024b4C9f6b1C4Fc5cb4832F1 to=0x0000000000000000000000000000000000000000
t=2023-06-02T16:09:00+0800 lvl=trce msg="Removed old queued transactions"        count=0
t=2023-06-02T16:09:00+0800 lvl=trce msg="Removed cap-exceeding queued transaction" hash=0xae3e2df27cf7848931a37970eedc5f85ad87482545fe7fdf2b417967527a0ab4
t=2023-06-02T16:09:00+0800 lvl=trce msg="Removed cap-exceeding queued transaction" hash=0x67d835313f4e6cf2391288d8e04d531d022bcb13f12b0006a359bfde266e7796
t=2023-06-02T16:09:00+0800 lvl=trce msg="Removed cap-exceeding queued transaction" hash=0x8dcaca2d4d4f00e1ebd68a7d038454a3e1be65164e0f18944521ea6ae32c654e
t=2023-06-02T16:09:00+0800 lvl=trce msg="Removed cap-exceeding queued transaction" hash=0x25b2515ec304c0353e59b576f957dabe5c1be312e959a3dc3084ba52f644bcc7
t=2023-06-02T16:09:00+0800 lvl=trce msg="Removed cap-exceeding queued transaction" hash=0xa285eb26803ac6a93d3903564a2447f237431ded871269a14252488936ea8cf1
t=2023-06-02T16:09:00+0800 lvl=trce msg="Removed cap-exceeding queued transaction" hash=0xfa421dab0794eb7746b1daffab545b6d830bb5e99eda478025fe8b75d6e20dee
t=2023-06-02T16:09:00+0800 lvl=trce msg="Removed cap-exceeding queued transaction" hash=0x997786ee3e55855b0fe68fb50377306b66144a147794a02f94fc3de14aecd1d3
t=2023-06-02T16:09:00+0800 lvl=trce msg="Removed cap-exceeding queued transaction" hash=0x17833d997d64876c4c56624eb73376047448953fdcb4120b822131a6abaf7182
t=2023-06-02T16:09:00+0800 lvl=trce msg="Removed cap-exceeding queued transaction" hash=0x3878b264dd1d370f098486e53b51833f50781d74a4059969b251c3a2245b1260
t=2023-06-02T16:09:00+0800 lvl=trce msg="Removed cap-exceeding queued transaction" hash=0x245dd5c05c7ad238c33c957f9b062e53c428f0a89d6f27e1e04f905cc6f2f59e
t=2023-06-02T16:09:00+0800 lvl=trce msg="Removed cap-exceeding queued transaction" hash=0x579e778d3f7cd74e080a121d9cf8370da640db64cb93366ae5e0b571f538bf2a
t=2023-06-02T16:09:00+0800 lvl=trce msg="Removed unpayable queued transactions"  count=0
t=2023-06-02T16:09:00+0800 lvl=trce msg="Promoted queued transactions"           count=1
t=2023-06-02T16:09:00+0800 lvl=trce msg="Removed cap-exceeding queued transaction" hash=0x4f6d79561a9e0643914c8ac63837baf35204fea10625bf212e2e32049e733970
t=2023-06-02T16:09:00+0800 lvl=trce msg="Removed cap-exceeding queued transaction" hash=0x7abf81d5d4915bacec89cbc949bd90d8eba0ce9d082bc72f6ed7bf27068fb1f1
t=2023-06-02T16:09:00+0800 lvl=trce msg="Removed cap-exceeding queued transaction" hash=0x0ae197753070ffff882382ed1d1da45c49db188a6566b8f6c88ea001ec02dc62
t=2023-06-02T16:09:00+0800 lvl=trce msg="Removed cap-exceeding queued transaction" hash=0xfa13868e71bfe9a9dfbf94fed74f88d1b29c84f5c49541cb3faec73d874835a7
t=2023-06-02T16:09:00+0800 lvl=trce msg="Removed cap-exceeding queued transaction" hash=0x8290ffc3ae52ea17cd6f0e3e2da7866535d50380a0cb4d8a71df567a4740c933
t=2023-06-02T16:09:00+0800 lvl=trce msg="Removed cap-exceeding queued transaction" hash=0x9a1b52054a597fd20d8abd56a35a07de72cb4942dece33fd23a47713cd3d7997
t=2023-06-02T16:09:00+0800 lvl=trce msg="Removed cap-exceeding queued transaction" hash=0xbe9f7cf01b59100ba72b9f762f5c40e94f3039a53029bcbb564d0863b5f020f2
t=2023-06-02T16:09:00+0800 lvl=trce msg="Removed cap-exceeding queued transaction" hash=0xf78889298c73bbde4fc78cb7598e1b2416f7be33c16801ba511b044519b66c6a
t=2023-06-02T16:09:00+0800 lvl=trce msg="Removed cap-exceeding queued transaction" hash=0xfe7bacd98964a87f3ce5399f65dcd2d63191d29c70caba3e3064255d1ec64595
t=2023-06-02T16:09:00+0800 lvl=trce msg="Removed cap-exceeding queued transaction" hash=0x4152060acac248eb9ddf324423c0fe7ea732335672df7cef806eecd28ba9c808
t=2023-06-02T16:09:00+0800 lvl=trce msg="Removed cap-exceeding queued transaction" hash=0x68ab2da2f881565b2fd2bfce6ee6dd5b1e9403fa0e3c789ad68c8d129bf8d5a3
t=2023-06-02T16:09:00+0800 lvl=trce msg="Removed cap-exceeding queued transaction" hash=0xe3e040e504d569d35481eeea11c4ddde03ee9f94b68dcd817a2e2f2d61765a1c
t=2023-06-02T16:09:00+0800 lvl=trce msg="Removed cap-exceeding queued transaction" hash=0x44ffc4299fda8798a84be30cc124f04e464254afbc05230dc3b685711db71f5f
t=2023-06-02T16:09:00+0800 lvl=trce msg="Removed cap-exceeding queued transaction" hash=0x83aac18dae939674cbd64a2b541687e9d855bb35e4790f8cdd73039fdad47b17
t=2023-06-02T16:09:00+0800 lvl=trce msg="Removed cap-exceeding queued transaction" hash=0xb669cf715ca7843ceeae46d48319a4cd78292cf51768840369caae1583a646e5
t=2023-06-02T16:09:00+0800 lvl=trce msg="Pooled new future transaction"          hash=0x7c971d6c92c7b2142d6ebcf74830a9baf883056496627a3e788d80f27e278ff1 from=0x66e0851F1a162869024b4C9f6b1C4Fc5cb4832F1 to=0x0000000000000000000000000000000000000000
t=2023-06-02T16:09:00+0800 lvl=trce msg="Removed old queued transactions"        count=0
t=2023-06-02T16:09:00+0800 lvl=trce msg="Removed cap-exceeding queued transaction" hash=0xf44be714753a72a2bc764c263385b1a85c7ef034f1f341781da6622e1e87c8b0
t=2023-06-02T16:09:00+0800 lvl=trce msg="Removed cap-exceeding queued transaction" hash=0x229faf68b87d0ba148d848590d0ae467a2f713137726d02d277acd4451d5e973
t=2023-06-02T16:09:00+0800 lvl=trce msg="Removed cap-exceeding queued transaction" hash=0x028a2c52ed45e750edf36d857eafcfc6368f5cfbf4369806efa746132ae652b8
t=2023-06-02T16:09:00+0800 lvl=trce msg="Removed cap-exceeding queued transaction" hash=0xdfd63d8c2d59cbb7810822a2c1373f58cef2b2bddaed5d68beaf12d5e79806c4
t=2023-06-02T16:09:00+0800 lvl=trce msg="Removed cap-exceeding queued transaction" hash=0x80b41fa3ef6b350da678f29d9c881855f27147a291111a5a8cbdae37ba4d5682
t=2023-06-02T16:09:00+0800 lvl=trce msg="Removed cap-exceeding queued transaction" hash=0x18a332169de1141dc2b453eb8ba9d5271d6dfcb9016b0c377321b3af7792f9db
t=2023-06-02T16:09:00+0800 lvl=trce msg="Removed cap-exceeding queued transaction" hash=0x6209e86effe4306ab5ff88a513beba2ab828c56884d1e0b34164ac751acb81c1
t=2023-06-02T16:09:00+0800 lvl=trce msg="Removed cap-exceeding queued transaction" hash=0xdfcbd9af1e5a7297521faf56cd2a958b91dfcc4e0551db4c0c54f51a51199477
t=2023-06-02T16:09:00+0800 lvl=trce msg="Removed cap-exceeding queued transaction" hash=0xd39cda6e6f5e84c5bddfd6bb4181d41afac897701117ac386de7393786db894f
t=2023-06-02T16:09:00+0800 lvl=trce msg="Removed cap-exceeding queued transaction" hash=0xc7a1caeb58eed64820a2765d3cae8abf736788b74385a239d2503c1005b6551d
t=2023-06-02T16:09:00+0800 lvl=trce msg="Removed cap-exceeding queued transaction" hash=0xd338a6cd6e6d6f4399b8486501bc37a8ad02b9a2bdfaf48671cfb97c71de8686
t=2023-06-02T16:09:00+0800 lvl=trce msg="Removed cap-exceeding queued transaction" hash=0x11c269df0acf5a61742a45ee96a8bca457c5f6fbeb14c659287a69052da4e215
t=2023-06-02T16:09:00+0800 lvl=trce msg="Removed cap-exceeding queued transaction" hash=0x2108ed2b297d7f4f9ddb3fcd3743d71f3f299883f4bc5ae0dd9c34b786fa32b2
t=2023-06-02T16:09:00+0800 lvl=trce msg="Removed cap-exceeding queued transaction" hash=0xc09156c78557c8e2ce5176dd0de430b740939d46ef7817914b6b2e7538bb336d
t=2023-06-02T16:09:00+0800 lvl=trce msg="Removed cap-exceeding queued transaction" hash=0xb4fc47a23f55d10222c56462c034f9de622918393a6a82b06252861100fda482
t=2023-06-02T16:09:00+0800 lvl=trce msg="Removed cap-exceeding queued transaction" hash=0xdf7f8bd8f9b7578ee9e710761e05d1de06f14c281e184dd4b8998cc327deadda
t=2023-06-02T16:09:00+0800 lvl=trce msg="Removed cap-exceeding queued transaction" hash=0x5fd2d148b93c386c9be214d8ed63d92031724dd7a21e3e1c57ec7a404002af3a
t=2023-06-02T16:09:00+0800 lvl=trce msg="Removed cap-exceeding queued transaction" hash=0x8299112ac22cc338684e4d9f8410a44a2f75f815e3271cf08b3f83370762946d
t=2023-06-02T16:09:00+0800 lvl=trce msg="Removed cap-exceeding queued transaction" hash=0x8517374b6fde91ba7b07bbaa5c284a8b353613923306bfc700523ad97492cf3b
t=2023-06-02T16:09:00+0800 lvl=trce msg="Removed cap-exceeding queued transaction" hash=0x95d0405a2f1bff8062c8318a3fbe78c39e0033e84bf3cdb82bdf4c88e5bb36c0
t=2023-06-02T16:09:00+0800 lvl=trce msg="Removed cap-exceeding queued transaction" hash=0x219b67d3ea7b3ace16d42b90257371f5ce7d4ae279b003ea4cd7bd2494d814b7
t=2023-06-02T16:09:00+0800 lvl=trce msg="Removed cap-exceeding queued transaction" hash=0xbe3fde85b09e848a6edac63575f23414d96fd1d9cfae63b0e3a67c7664d94fe5
t=2023-06-02T16:09:00+0800 lvl=trce msg="Removed cap-exceeding queued transaction" hash=0x487e10b0591752bb47b50e2ae8647bc8c85bc06af93e1e2a1f776ae49cf64228
t=2023-06-02T16:09:00+0800 lvl=trce msg="Removed cap-exceeding queued transaction" hash=0xb8960de504514b94758e50518b15183cb9522ad3023ac03c9917449cddd279fe
t=2023-06-02T16:09:00+0800 lvl=trce msg="Removed cap-exceeding queued transaction" hash=0x725faf619df25c794d9065193d2f91dc5ae2a4921cc6fed0960cd578145bea42
t=2023-06-02T16:09:00+0800 lvl=trce msg="Removed cap-exceeding queued transaction" hash=0xaebfb261f79149a3187cbdf36089904341af4a6689b2a9f755af49ceb92a30a1
t=2023-06-02T16:09:00+0800 lvl=trce msg="Removed cap-exceeding queued transaction" hash=0x56ecf14e7847c5fee8a90b2715a3b67c4e7919becc2c1d041fde552920ea201c
t=2023-06-02T16:09:00+0800 lvl=trce msg="Removed cap-exceeding queued transaction" hash=0xd2749217109b4220c3ee5a9b718b2ad5fc04d1f2d15973285beb2cd2cefa4544
t=2023-06-02T16:09:00+0800 lvl=trce msg="Removed cap-exceeding queued transaction" hash=0x90762e8ca8d4728435ff95abb326f95784a4c7853a02e467109380dd16083225
t=2023-06-02T16:09:00+0800 lvl=trce msg="Removed cap-exceeding queued transaction" hash=0x56dbcde47d52e932fa99478e7b0d7fccb4242b7d9267f4460c000f9f848cb536
t=2023-06-02T16:09:00+0800 lvl=trce msg="Removed cap-exceeding queued transaction" hash=0xf233604d4b1e0436fa18fe9d16cb885aeb6c7438a59204a369232f26e3916f49
t=2023-06-02T16:09:00+0800 lvl=trce msg="Removed cap-exceeding queued transaction" hash=0xba5da773a96affe9fa5cde77026a1491df11d747a2ebcf9cbd10561f86d9df9c
t=2023-06-02T16:09:00+0800 lvl=trce msg="Removed unpayable queued transactions"  count=0
t=2023-06-02T16:09:00+0800 lvl=trce msg="Promoted queued transactions"           count=0
t=2023-06-02T16:09:00+0800 lvl=trce msg="Removed cap-exceeding queued transaction" hash=0xc82354d09863f3c70a71f0cf772b9a9854986fe7d79878046f4ee1d1ad805c38
t=2023-06-02T16:09:00+0800 lvl=trce msg="Removed cap-exceeding queued transaction" hash=0x702917ce12237c5b7dcee645a42d1eb0fdbf0126d7c7a5e4e48a91644b4567b6
t=2023-06-02T16:09:00+0800 lvl=trce msg="Removed cap-exceeding queued transaction" hash=0xa753ecef319dee8b14fb63f1bee541e51771d9951e778ebb9705c82414435ab0
t=2023-06-02T16:09:00+0800 lvl=trce msg="Removed cap-exceeding queued transaction" hash=0x19b323a3620c49001ede987e7a25d6dd682c5b76e9130b873a355a8315f10127
t=2023-06-02T16:09:00+0800 lvl=trce msg="Removed cap-exceeding queued transaction" hash=0x0cdbde11557ae8239ef59dd3dd00bb65b4952cbcb8e067dabd4513af8d86ceda
t=2023-06-02T16:09:00+0800 lvl=trce msg="Removed cap-exceeding queued transaction" hash=0x72e2238e1676d73fc7f23dcd3443ed758bc2114261d948bb38b3349c5dc69109
t=2023-06-02T16:09:00+0800 lvl=trce msg="Removed cap-exceeding queued transaction" hash=0xa440cc8554cf780c0e7ec93ee808feda1c767b869cca9b52c1ba3017d103f092
t=2023-06-02T16:09:00+0800 lvl=trce msg="Removed cap-exceeding queued transaction" hash=0xd7a44a8e3fbb690c17279733c467afd56c76d07f8915a92cb5c6395155b2ca78
t=2023-06-02T16:09:00+0800 lvl=trce msg="Removed cap-exceeding queued transaction" hash=0x7265449d1fbf1845321c569972d0e8d09bcc83152497064298cfc8b87057a8d0
t=2023-06-02T16:09:00+0800 lvl=trce msg="Removed cap-exceeding queued transaction" hash=0x56a3cc425d1f87347b58eaf0d7be759ad86cc8ffd77c6a03fff32aa028820b9b
t=2023-06-02T16:09:00+0800 lvl=trce msg="Removed cap-exceeding queued transaction" hash=0x71a1c90d3e06781e78fcb01e2d04c6731db632a9b7fabc612a8ed2874dc8dbf9
t=2023-06-02T16:09:00+0800 lvl=trce msg="Removed cap-exceeding queued transaction" hash=0x14553d8847c7960fea5cf399a9f5a5518fb60befd4d71e80657154e0fe1fb9d0
t=2023-06-02T16:09:00+0800 lvl=trce msg="Removed cap-exceeding queued transaction" hash=0x91381957cdcc1ce900bd2402eff9e39dbccdc9786ce96d8e6b9423513a032e5c
t=2023-06-02T16:09:00+0800 lvl=trce msg="Removed cap-exceeding queued transaction" hash=0x3df46af1761d522a19cb8e5546e506f420ccc75a96aceff313d174c9eb7afd1d
t=2023-06-02T16:09:00+0800 lvl=trce msg="Removed cap-exceeding queued transaction" hash=0xae82bbf6b869f743ad91e04e9bf6a8f13705ee0c9b4bd4cd39af247771271c09
t=2023-06-02T16:09:00+0800 lvl=trce msg="Removed cap-exceeding queued transaction" hash=0x494a0b2af49be62e746975dbbfcd354ee36852ee3169e1c483eb0efe86bd8ef5
t=2023-06-02T16:09:00+0800 lvl=trce msg="Removed cap-exceeding queued transaction" hash=0x3f752da0e8547a8d178705d5a912b288ee1fec6b39849c6c3939572a72e8da2b
t=2023-06-02T16:09:00+0800 lvl=trce msg="Removed cap-exceeding queued transaction" hash=0x6564b2690e6d19259161429d1bfb87fc8e9f477cdbfcf74e43f7be476664b139
t=2023-06-02T16:09:00+0800 lvl=trce msg="Removed cap-exceeding queued transaction" hash=0x66f27f81e075eefaa9f2ccad25dd489256ba57ae5e778d0553eae2ce32bd597f
t=2023-06-02T16:09:00+0800 lvl=trce msg="Removed cap-exceeding queued transaction" hash=0x1a47f18fd61749769cc15c0ef89aa2c9a2e2d97c14976ad6b1a97c0c0d36878d
t=2023-06-02T16:09:00+0800 lvl=trce msg="Removed cap-exceeding queued transaction" hash=0x3a721730cf8ab12ac50ed2fe89bf352bf60c0721d138ac0652e59fbab570e3e1
t=2023-06-02T16:09:00+0800 lvl=trce msg="Removed cap-exceeding queued transaction" hash=0x21ba3f28e1cd4f0779152b2a663fdbfb8d84ced0b33b3a31e02085f84b8dc64a
t=2023-06-02T16:09:00+0800 lvl=trce msg="Removed cap-exceeding queued transaction" hash=0x67cc092131a8f37262b0c01107dc0fe1fe70981ebc1e11d99fce11334007114a
t=2023-06-02T16:09:00+0800 lvl=trce msg="Removed cap-exceeding queued transaction" hash=0xaa569fe840dd4f0de39c72e0c19f0e99a6f5d1602378630e3066ba70fee40689
t=2023-06-02T16:09:00+0800 lvl=trce msg="Removed cap-exceeding queued transaction" hash=0xc1f5bd4b553f93b6fa62335fa948f2a53524d676fa0999ac9843569f52b22524
t=2023-06-02T16:09:00+0800 lvl=trce msg="Removed cap-exceeding queued transaction" hash=0x031a67b15d78f6f3e08bb5ae0e168ff6f47d4db49e7f4e4a9d131db4878e13f9
t=2023-06-02T16:09:00+0800 lvl=trce msg="Removed cap-exceeding queued transaction" hash=0x1cb7d569a0c738c397505a10c8442f4e9eb7b2f60d2ca17c480a5728df72d7ec
t=2023-06-02T16:09:00+0800 lvl=trce msg="Removed cap-exceeding queued transaction" hash=0xa93f7715a3c12e0be09f9549d7c297d722e66e205798c002ad694d9ee82d59f4
t=2023-06-02T16:09:00+0800 lvl=trce msg="Removed cap-exceeding queued transaction" hash=0x62f2b6fe55ac190c64d8164f6e985679b32ee2eb457235eeb122e96e798a30f8
t=2023-06-02T16:09:00+0800 lvl=trce msg="Removed cap-exceeding queued transaction" hash=0x922a06bc40cb6cea71f4f7032c2faadd1685217e8c3202b08fec7112d2d948a0
t=2023-06-02T16:09:00+0800 lvl=trce msg="Removed cap-exceeding queued transaction" hash=0x52047517bcdc92f04671bebbae2eeed885c9237908c214d5e927dbe7d5835a76
t=2023-06-02T16:09:00+0800 lvl=trce msg="Removed cap-exceeding queued transaction" hash=0x6b2c985fa66b4ef3fee33beef10a774277d4907b7f609466d5c2a3bb1dfea4e0
t=2023-06-02T16:09:00+0800 lvl=trce msg="Removed cap-exceeding queued transaction" hash=0x0eef3d7d366c8f38d064733cdd232e126c1df36c4e7e66bf5fcb3e7c5577e496
t=2023-06-02T16:09:00+0800 lvl=trce msg="Removed cap-exceeding queued transaction" hash=0xbd9871b03c1ffceabb188cf3313ea01994a7939a5f4b6e698bf6671bf7b1c1a8
t=2023-06-02T16:09:00+0800 lvl=trce msg="Removed cap-exceeding queued transaction" hash=0x723577e793fdb08bb7be2ef025176e7260fdb18becaeb388966c2d7dac391d29
t=2023-06-02T16:09:00+0800 lvl=trce msg="Removed cap-exceeding queued transaction" hash=0x2b570911b219af78b5ced0c4a44d6ac8f3af1cd588aa06f4b17031c8edc02df7
t=2023-06-02T16:09:00+0800 lvl=trce msg="Removed cap-exceeding queued transaction" hash=0x071028375af8a3b64d255d45f6ff6f781382cfdc514485b78b96c551ee46a130
t=2023-06-02T16:09:00+0800 lvl=trce msg="Removed cap-exceeding queued transaction" hash=0x8fd23d3d6bd6c5aa686228d30279dac5d55997ed6193a799357c5e12c3eee1e3
t=2023-06-02T16:09:00+0800 lvl=trce msg="Removed cap-exceeding queued transaction" hash=0x026d091d36c44218e397d13d3d513b6b5153aef9c7b487e0e4c5bbd5eed2bd74
t=2023-06-02T16:09:00+0800 lvl=trce msg="Removed cap-exceeding queued transaction" hash=0xdff3b8f44cfa5407579bd11c45791a88abe02b79027b84e50ff1b881c82b7358
t=2023-06-02T16:09:00+0800 lvl=trce msg="Removed cap-exceeding queued transaction" hash=0x6931988c054ac00126e965582df8e2be2d6c91ec0b61c13cb5cc0b645ffbb472
t=2023-06-02T16:09:00+0800 lvl=trce msg="Removed cap-exceeding queued transaction" hash=0xd2bcff8f030477618e528d0b2eaae1fba1e31868546d8c253396399b5c6fadcc
t=2023-06-02T16:09:00+0800 lvl=trce msg="Removed cap-exceeding queued transaction" hash=0xd731f9f7dfdcaba64f57fadf18a2572ccb004fe5967b04ae33886254bc02cfdb
t=2023-06-02T16:09:00+0800 lvl=trce msg="Removed cap-exceeding queued transaction" hash=0x62b61eef5e29c083bcafb55f5e2c010b3183f17e9e6d0d14d87c519cd6d078a6
t=2023-06-02T16:09:00+0800 lvl=trce msg="Removed cap-exceeding queued transaction" hash=0x02def2de7bc4f88ec32670a257eef457e85e219847580780cc65c410ed2ea8d8
t=2023-06-02T16:09:00+0800 lvl=trce msg="Removed cap-exceeding queued transaction" hash=0x40c9c7cf0a06cee86cbc87eb309a5323f3009bc9ab55119f61103f0a762d15c4
t=2023-06-02T16:09:00+0800 lvl=trce msg="Removed cap-exceeding queued transaction" hash=0xac08eba942a0784c7b595ccd36d4505d6465fc6632699b3e1acedefc35eb5202
t=2023-06-02T16:09:00+0800 lvl=trce msg="Removed cap-exceeding queued transaction" hash=0x1b60dbcb9a2bc363268376c68eb4356a0c7f4d651df52bf95fdbdced35e06b17
t=2023-06-02T16:09:00+0800 lvl=trce msg="Removed cap-exceeding queued transaction" hash=0xf71423c22f7fe59f2a79cec0fece2b59b6b78da37e4784f1175692dcd420fc07
t=2023-06-02T16:09:00+0800 lvl=trce msg="Removed cap-exceeding queued transaction" hash=0xd41dcaadfe03e177074adf015720dd99197a72570b90fa60577b2ec49fc0af99
t=2023-06-02T16:09:00+0800 lvl=trce msg="Removed cap-exceeding queued transaction" hash=0xc41f0c3af3888f2b8d51269aed980ee1f597a9f05baaaf4f1863a978be3c8ca4
t=2023-06-02T16:09:00+0800 lvl=trce msg="Removed cap-exceeding queued transaction" hash=0x36d6054831bb2686edc74211f59e68ade96e9b9d3a2d0225bb8f5b6d53e7985c
t=2023-06-02T16:09:00+0800 lvl=trce msg="Removed cap-exceeding queued transaction" hash=0xb25a66ea00e346354cd3793df98e619a236219af939c218281e543231a08f78c
t=2023-06-02T16:09:00+0800 lvl=trce msg="Pooled new future transaction"          hash=0x79b4f35c3ab8a744cd8c34b6e8fd7197ea3e911e2c177f19eb13db9350ffdc46 from=0x7628e7c918DAaf4dfbF615023fDBcF72b8479bCe to=0x0000000000000000000000000000000000000000
t=2023-06-02T16:09:00+0800 lvl=trce msg="Removed old queued transactions"        count=0
t=2023-06-02T16:09:00+0800 lvl=trce msg="Removed unpayable queued transactions"  count=0
t=2023-06-02T16:09:00+0800 lvl=trce msg="Promoted queued transactions"           count=1
t=2023-06-02T16:09:00+0800 lvl=trce msg="Removed cap-exceeding queued transaction" hash=0x1a7bfe96e24bba5e28d9d61d3de6932a7efd83672bff7c376749d5df78d07d01
t=2023-06-02T16:09:00+0800 lvl=trce msg="Removed cap-exceeding queued transaction" hash=0x590e739215cee55d9cc1c395ede67ac5d52162652870feee7d6e98bc508d66f6
t=2023-06-02T16:09:00+0800 lvl=trce msg="Removed cap-exceeding queued transaction" hash=0x4eae9637709a7b5db80ac2336a302fd5e585ea2572171feedc6703ca36ef7bd0
t=2023-06-02T16:09:00+0800 lvl=trce msg="Removed cap-exceeding queued transaction" hash=0x8dcffc29b9795358e55f0a070e85611bf22418d625f4f60306549eb504572f1e
t=2023-06-02T16:09:00+0800 lvl=trce msg="Removed cap-exceeding queued transaction" hash=0x144f098d272309e3dfc4e57dfaff2c99ecad797733002f0141b02bdf5250e99c
t=2023-06-02T16:09:00+0800 lvl=trce msg="Removed cap-exceeding queued transaction" hash=0xe6390c9a6d57bc2251b647cc6b107f1c2c4ebb63e84ec38926a51078fd68ae63
t=2023-06-02T16:09:00+0800 lvl=trce msg="Removed cap-exceeding queued transaction" hash=0x83f01aa547afd605e20500e517b35b05febb0e166d6e138185464c80afdcd67a
t=2023-06-02T16:09:00+0800 lvl=trce msg="Removed cap-exceeding queued transaction" hash=0x5334c08686c93867664c38ef3012060b7998652cfb6429e32fdfd275f83395d4
t=2023-06-02T16:09:00+0800 lvl=trce msg="Removed cap-exceeding queued transaction" hash=0x508928928c4b34d716dd180ce34b34296bcc3f8dedbb0f1587a2ad0cd5579ed8
t=2023-06-02T16:09:00+0800 lvl=trce msg="Pooled new future transaction"          hash=0xfadb42ae76a5c1660a956d1b2cbbc584892233cb4cdee1cb2c8b41fb6d3e4ffe from=0x7628e7c918DAaf4dfbF615023fDBcF72b8479bCe to=0x0000000000000000000000000000000000000000
t=2023-06-02T16:09:00+0800 lvl=trce msg="Removed cap-exceeding queued transaction" hash=0x70009da430b232170fa9cac3b9e77e8667ec01f8619fb32b9b50d77f033a34f4
t=2023-06-02T16:09:00+0800 lvl=trce msg="Removed cap-exceeding queued transaction" hash=0x425a1851d585f1d55970808f5df69dbe1dc618b23c3e5b73525465361c07bcd9
t=2023-06-02T16:09:00+0800 lvl=trce msg="Removed cap-exceeding queued transaction" hash=0xf0a295b41558f8af26b2e9e349bf50a63d32617be44e131ff441df3721e80882
t=2023-06-02T16:09:00+0800 lvl=trce msg="Removed cap-exceeding queued transaction" hash=0xe35551c23fa81cae48b3b2321e1b8610066088816d778cd5f4c552c11d31d847
t=2023-06-02T16:09:00+0800 lvl=trce msg="Removed cap-exceeding queued transaction" hash=0xf9ed0549872c479a5eb7bd950e768eb88add75016624d1282b79ac1ef688d144
t=2023-06-02T16:09:00+0800 lvl=trce msg="Removed cap-exceeding queued transaction" hash=0x8d60696d0e6c0ec4bfd86b6e3bd02046d2a8d7df07cf9032f7489afab69bdc05
t=2023-06-02T16:09:00+0800 lvl=trce msg="Removed old queued transactions"        count=0
t=2023-06-02T16:09:00+0800 lvl=trce msg="Removed unpayable queued transactions"  count=0
t=2023-06-02T16:09:00+0800 lvl=trce msg="Promoted queued transactions"           count=0
t=2023-06-02T16:09:00+0800 lvl=trce msg="Removed cap-exceeding queued transaction" hash=0x979e79bf8eb709f583180d1cbb9bbcfcb25fa3f58df202bf8f02dc534756a265
t=2023-06-02T16:09:00+0800 lvl=trce msg="Removed cap-exceeding queued transaction" hash=0x1dd91923a8e66f7a3c229b4a01330f5a8ee1699b93d7644494df14bceb729fa9
t=2023-06-02T16:09:00+0800 lvl=trce msg="Removed cap-exceeding queued transaction" hash=0x392d1d618450221aec63051c3e964f7ad5c4b9d306a13ef5c3b92a86f1998d73
t=2023-06-02T16:09:00+0800 lvl=trce msg="Removed cap-exceeding queued transaction" hash=0xd861efcfaba86ec72ce8b69b7cf1e676affde1a16b8f20a8cd7782405668cda5
t=2023-06-02T16:09:00+0800 lvl=trce msg="Removed cap-exceeding queued transaction" hash=0x851d6af613eed37d56c7ac53b70d40cdf7b5d1edc302320ec51c3c69fed8c8cf
t=2023-06-02T16:09:00+0800 lvl=trce msg="Removed cap-exceeding queued transaction" hash=0x61ebcde9896a491f4c759e55d51255aa95beccd87d2d993c3482927c89368d2d
t=2023-06-02T16:09:00+0800 lvl=trce msg="Removed cap-exceeding queued transaction" hash=0xea3c724634218ed11622961eaa87392d45e1513d43f48ef4bfd109fed211cb51
t=2023-06-02T16:09:00+0800 lvl=trce msg="Removed cap-exceeding queued transaction" hash=0x471c9a6cf07d5a2ef74a4b01727d8e8422ea51040ddc5541ee9a1d5117747496
t=2023-06-02T16:09:00+0800 lvl=trce msg="Removed cap-exceeding queued transaction" hash=0x5220ef7a00fdf2f25b9646ba85ee829d2a2c05e294faef42179113c7533d55ba
t=2023-06-02T16:09:00+0800 lvl=trce msg="Removed cap-exceeding queued transaction" hash=0x42ee2fbbe2f858abac208299c2802a2039a0bd42f552236988953ff641cabe7e
t=2023-06-02T16:09:00+0800 lvl=trce msg="Removed cap-exceeding queued transaction" hash=0x8afb82907c0aec5eacb3ce404e27c81c640f1cf0eba41f3895cad8bc8526fbee
t=2023-06-02T16:09:00+0800 lvl=trce msg="Removed cap-exceeding queued transaction" hash=0xa82dfca609d33ad6a06472b28344faa93980c1dc0327d7700603f09c6c6cb268
t=2023-06-02T16:09:00+0800 lvl=trce msg="Removed cap-exceeding queued transaction" hash=0xa9294ff7bbe64981098b4896c25de229619f2b808cbd60c53fac26524f409df5
t=2023-06-02T16:09:00+0800 lvl=trce msg="Removed cap-exceeding queued transaction" hash=0x88f475021b9e1ba550e40457632d63a3461dc3c747d2dffb894d0e2e64441d03
t=2023-06-02T16:09:00+0800 lvl=trce msg="Pooled new future transaction"          hash=0xa0fd3dff845e92e6bd37d312b35cfccac2ef073322babfb29f5b43f397d26ba4 from=0x66e0851F1a162869024b4C9f6b1C4Fc5cb4832F1 to=0x0000000000000000000000000000000000000000
t=2023-06-02T16:09:00+0800 lvl=trce msg="Removed cap-exceeding queued transaction" hash=0x30ba1ede252a5a63bfe6b6cc38a1f04bb7c2c0117b395099fe7c21e0e99282ef
t=2023-06-02T16:09:00+0800 lvl=trce msg="Removed cap-exceeding queued transaction" hash=0x73557d9f89ff682a15e6cac19b324b95301ad9a2f097edf32bb26bdca06b2d6d
t=2023-06-02T16:09:00+0800 lvl=trce msg="Removed cap-exceeding queued transaction" hash=0x7a8a433b1634cf9e103c7bcdafaa23e028f5153ea04a3556af2ce00d01554981
t=2023-06-02T16:09:00+0800 lvl=trce msg="Removed old queued transactions"        count=0
t=2023-06-02T16:09:00+0800 lvl=trce msg="Removed unpayable queued transactions"  count=0
t=2023-06-02T16:09:00+0800 lvl=trce msg="Promoted queued transactions"           count=1
t=2023-06-02T16:09:00+0800 lvl=trce msg="Removed cap-exceeding queued transaction" hash=0x00820a8a32739a38719ba4ce0fb1f68767a63be36e1332ead806045d855f8566
t=2023-06-02T16:09:00+0800 lvl=trce msg="Removed cap-exceeding queued transaction" hash=0x28c4cc16390da27273e667e725c972d4604ab9ec870f730b2f0a9e54b99828dd
t=2023-06-02T16:09:00+0800 lvl=trce msg="Removed cap-exceeding queued transaction" hash=0x353645b97e3704120da7b6bd3dc263c2b2b982f26b535f835eb365fef9db2c3b
t=2023-06-02T16:09:00+0800 lvl=trce msg="Removed cap-exceeding queued transaction" hash=0xd83cb7d730c406a980bc82de4c202761c31e1ce92837478b040538ceb90e6627
t=2023-06-02T16:09:00+0800 lvl=trce msg="Removed cap-exceeding queued transaction" hash=0x5a0d60bbca4b1671affb52e3c795db3686417321865592b458b0c8138f4ad228
t=2023-06-02T16:09:00+0800 lvl=trce msg="Removed cap-exceeding queued transaction" hash=0x648ba1dccdd6739fa5be516dc5bbf187701e7c69bb3408bba57fde4e185fc566
t=2023-06-02T16:09:00+0800 lvl=trce msg="Removed cap-exceeding queued transaction" hash=0x3c5cc17202dc0dc17f2ed1f54ef70a214219cb6f5d6270e30acb02a5a03b2a61
t=2023-06-02T16:09:00+0800 lvl=trce msg="Removed cap-exceeding queued transaction" hash=0x6cf3c21a379814850f812f128a2a4b78bc50928086ef369cfb1a971692bdd2c6
t=2023-06-02T16:09:00+0800 lvl=trce msg="Removed cap-exceeding queued transaction" hash=0xed29f86e4450f2856c226d0d58c0d8dbb12e340e93bc3ebebad9abe906a485c1
t=2023-06-02T16:09:00+0800 lvl=trce msg="Removed cap-exceeding queued transaction" hash=0xf0950a72744eec2fcd095c1c116d16edf5b0d4fc730d3e860d081831db692220
t=2023-06-02T16:09:00+0800 lvl=trce msg="Removed cap-exceeding queued transaction" hash=0x3687caa6984cc6e3c03fd0ddbcdc3478d9f51bd9afc5ad8580b021a89bbb5ff0
t=2023-06-02T16:09:00+0800 lvl=trce msg="Removed cap-exceeding queued transaction" hash=0x68ef0c10e00d7c4d33e2760c356e3fb035c1bc117e043adc484797ec0311174d
t=2023-06-02T16:09:00+0800 lvl=trce msg="Removed cap-exceeding queued transaction" hash=0x087606685a1f5e38e6e85127e7fa7c9ae807300a52d8b3d331cf83e0cfacff74
t=2023-06-02T16:09:00+0800 lvl=trce msg="Removed cap-exceeding queued transaction" hash=0x3ec06e7fc9f37ef581fb7e56268d24cdef17d67624e6c6c6e4594a26630d87ed
t=2023-06-02T16:09:00+0800 lvl=trce msg="Removed cap-exceeding queued transaction" hash=0xaac18a86e7501b0f41cdaf5b8d77e4cd838bfebcbf000d1b6d86b0f357aeeb68
t=2023-06-02T16:09:00+0800 lvl=trce msg="Removed cap-exceeding queued transaction" hash=0x4d7a26c30f0b66f145455f69b5024888622f2b198ed3504f45dffc299d82e3cb
t=2023-06-02T16:09:00+0800 lvl=trce msg="Removed cap-exceeding queued transaction" hash=0x8858eef02bf27d4e229032b7087159ae89d54e0ab118767e1ab7a7b245b04b2f
t=2023-06-02T16:09:00+0800 lvl=trce msg="Removed cap-exceeding queued transaction" hash=0xe4faafdecaa3353487aaca960a86d0338ba07df4f292fea9e1ecc475d7bced96
t=2023-06-02T16:09:00+0800 lvl=trce msg="Removed cap-exceeding queued transaction" hash=0x26b9bd89039d888bedfe542c38bddb1ae86aba87a9f3b3dc022b9013a1beafb3
t=2023-06-02T16:09:00+0800 lvl=trce msg="Removed cap-exceeding queued transaction" hash=0xc6cda0ab841856e8c47e4431895add7d5959ea8607dd45b5ccda275202055b1f
t=2023-06-02T16:09:00+0800 lvl=trce msg="Removed cap-exceeding queued transaction" hash=0xc0a8e8817d8de944f83702ec80f2fd883d47763e9ed03d857a847709db033007
t=2023-06-02T16:09:00+0800 lvl=trce msg="Removed cap-exceeding queued transaction" hash=0x6a188d8d35ee549f0270e3769bf4ef3f2f250c5c1f46352f5d998351c8e6a780
t=2023-06-02T16:09:00+0800 lvl=trce msg="Removed cap-exceeding queued transaction" hash=0x1c265b773a976dd9b41bffebfd2bece6bf88406d3cdb82604660b6098ab9ef05
t=2023-06-02T16:09:00+0800 lvl=trce msg="Removed cap-exceeding queued transaction" hash=0xc8bebc614ed2bbc21909f34f5a6354444148f7f9c3a7fced9b330de8371b5386
t=2023-06-02T16:09:00+0800 lvl=trce msg="Removed cap-exceeding queued transaction" hash=0xbad9a3d564a0d439e7170e9d852ef053cc015292319415db1370ca1ee3617b29
t=2023-06-02T16:09:00+0800 lvl=trce msg="Removed cap-exceeding queued transaction" hash=0xccc84b4c57d215cefe3bc9753a6543be56fab2ae2f53d059146aa856c2833809
t=2023-06-02T16:09:00+0800 lvl=trce msg="Removed cap-exceeding queued transaction" hash=0xce449f66e7551332f34ba4323378706b621fe59d451ba5a4b27435b45b48e15f
t=2023-06-02T16:09:00+0800 lvl=trce msg="Removed cap-exceeding queued transaction" hash=0xa00ce847e1ed394b63726cc419634a56716022502baf7e5e7b5f6fa66b035d97
t=2023-06-02T16:09:00+0800 lvl=trce msg="Removed cap-exceeding queued transaction" hash=0x3c623eac77ac9b6d6051d7e22957079177881a9d262e73bec89484aa553092ea
t=2023-06-02T16:09:00+0800 lvl=trce msg="Removed cap-exceeding queued transaction" hash=0x30183324ef716f6932cc5e0b39beca27032e2d0ff41821b1f1b2589d633569d8
t=2023-06-02T16:09:00+0800 lvl=trce msg="Removed cap-exceeding queued transaction" hash=0x8452dbd1ba3cfecefd42846f99a60b8535f64d9c210c7989b818dd11e81d6f86
t=2023-06-02T16:09:00+0800 lvl=trce msg="Removed cap-exceeding queued transaction" hash=0x977d0c4132aaca983abda49ba99ed4f046ef6702c54f59af9c54e5ab9105dd04
t=2023-06-02T16:09:00+0800 lvl=trce msg="Pooled new future transaction"          hash=0x309ca3326bac5ec9ba02e6899a2cc3ca9ffb1aaeb4f239142face3514011d9cc from=0x66e0851F1a162869024b4C9f6b1C4Fc5cb4832F1 to=0x0000000000000000000000000000000000000000
t=2023-06-02T16:09:00+0800 lvl=trce msg="Removed old queued transactions"        count=0
t=2023-06-02T16:09:00+0800 lvl=trce msg="Removed unpayable queued transactions"  count=0
t=2023-06-02T16:09:00+0800 lvl=trce msg="Promoted queued transactions"           count=0
t=2023-06-02T16:09:00+0800 lvl=trce msg="Removed cap-exceeding queued transaction" hash=0xd66d15f167856ae54628762f2daf088fbbd093e79fd1dd4b802833a12e9c9067
t=2023-06-02T16:09:00+0800 lvl=trce msg="Removed cap-exceeding queued transaction" hash=0x63a14b5d304c50e208dede84008e45b450d510f94db093b5cfcf55eb77e33d06
t=2023-06-02T16:09:00+0800 lvl=trce msg="Removed cap-exceeding queued transaction" hash=0x802ab8a8bb778776c60027fc2fbd62fcbb1542892314335183fac60a3a3c13be
t=2023-06-02T16:09:00+0800 lvl=trce msg="Removed cap-exceeding queued transaction" hash=0x4d45f6b1d932b602efe932497cd17666be67951fb779895ac2c31cfc1024c159
t=2023-06-02T16:09:00+0800 lvl=trce msg="Removed cap-exceeding queued transaction" hash=0xb2d65c66294ffbc797b057a7ab92278e762a14077128ce53bd0e162e3a4018b0
t=2023-06-02T16:09:00+0800 lvl=trce msg="Removed cap-exceeding queued transaction" hash=0x8ca6f2c64d2c48272e902f641c0cfcdce8c3b913242434dbd69605cf3671f4a0
t=2023-06-02T16:09:00+0800 lvl=trce msg="Removed cap-exceeding queued transaction" hash=0xd8b41850bfe6ebe99c9956c36ca563826c1a87a327cf471a6a73a66c17d5f131
t=2023-06-02T16:09:00+0800 lvl=trce msg="Removed cap-exceeding queued transaction" hash=0xf35e25ff47c92fbfb87f648938bbb292e5ea37dd07bb3be5a13a7bd75a39d733
t=2023-06-02T16:09:00+0800 lvl=trce msg="Removed cap-exceeding queued transaction" hash=0xa236222b8d2785bfcb1e3b3fd04c3b1147b339803349e139c117716431233224
t=2023-06-02T16:09:00+0800 lvl=trce msg="Removed cap-exceeding queued transaction" hash=0xc7ad4f0af438ee033a707bf53009e96e170a3620c6435d2f94a51c1c926b0a6c
t=2023-06-02T16:09:00+0800 lvl=trce msg="Removed cap-exceeding queued transaction" hash=0x0520841d3ed1b2d7fc940786e65abed3548e03d5853647e4b0054b2657bd4e13
t=2023-06-02T16:09:00+0800 lvl=trce msg="Removed cap-exceeding queued transaction" hash=0x5458a1d8b592cf247d28fb2151283593f3139cda8a2aba3556d0da98687e667e
t=2023-06-02T16:09:00+0800 lvl=trce msg="Removed cap-exceeding queued transaction" hash=0xef521c53dfe25b1beb93c47f225d5dd26763d16f5c23d42e779db8ad800ebe54
t=2023-06-02T16:09:00+0800 lvl=trce msg="Removed cap-exceeding queued transaction" hash=0xfdc52e38a7a8921e9a7775cfad912b6d38d3bbc1e58e32148cc76055c4db95bb
t=2023-06-02T16:09:00+0800 lvl=trce msg="Removed cap-exceeding queued transaction" hash=0xf5e8881c3f2e148c728be2d539080452af321866f7d03db8e9b0fd7a38e8ae34
t=2023-06-02T16:09:00+0800 lvl=trce msg="Removed cap-exceeding queued transaction" hash=0xaae1a096fea1c87c0fe80506967b2602240c17f5f8dc320a55fb65371b036b52
t=2023-06-02T16:09:00+0800 lvl=trce msg="Removed cap-exceeding queued transaction" hash=0x9626af58d874127bea5bbd3e2d4150832a9ba0ef4066e429fe525e8b9c422f2d
t=2023-06-02T16:09:00+0800 lvl=trce msg="Removed cap-exceeding queued transaction" hash=0x7349611265f183cb6bee55880de25bbb530a436b115fbf5c682176b174c9ec36
t=2023-06-02T16:09:00+0800 lvl=trce msg="Removed cap-exceeding queued transaction" hash=0xd42607fd8eedc01f97ecf5dae011d9e93bdace1d062068be325d316a79f8edb7
t=2023-06-02T16:09:00+0800 lvl=trce msg="Removed cap-exceeding queued transaction" hash=0xd5787bd33b311934daeafa12e2bcc5f4bafb918c1c5427fd9d79247957bf03bb
t=2023-06-02T16:09:00+0800 lvl=trce msg="Removed cap-exceeding queued transaction" hash=0xfefcd6bec5fd218751f698bffd8f72d26e1a552ea41610e9d2a4f87499a3a9b9
t=2023-06-02T16:09:00+0800 lvl=trce msg="Removed cap-exceeding queued transaction" hash=0xa7085e37087453f8e57125cac09a47ee367059b8a165b0b5f1214f1b98760786
t=2023-06-02T16:09:00+0800 lvl=trce msg="Removed cap-exceeding queued transaction" hash=0x9153dcd43cc683a3785a9915ed3c0dafffe038932edc146bcab0285bdebee052
t=2023-06-02T16:09:00+0800 lvl=trce msg="Removed cap-exceeding queued transaction" hash=0xcab55b642b769d04da5b1e27e50a6444c1f11077b50e1716232b19b5bc4c6e77
t=2023-06-02T16:09:00+0800 lvl=trce msg="Removed cap-exceeding queued transaction" hash=0x7d8c4b4a0949153bb80dbac0f60267f036dd27a1a137ff9fa281ffcbe0fb912e
t=2023-06-02T16:09:00+0800 lvl=trce msg="Removed cap-exceeding queued transaction" hash=0x1ac8adf5d3c443209763ad4eb857fe6f6a3a89fc2d7b06b22c20a402dce35897
t=2023-06-02T16:09:00+0800 lvl=trce msg="Removed cap-exceeding queued transaction" hash=0x7a365a090469f345caf5b4f17117a4589582408190eed1d42c436c91a0322f05
t=2023-06-02T16:09:00+0800 lvl=trce msg="Removed cap-exceeding queued transaction" hash=0x204220fea853f3c94eaa556034f487796c383aed06111838a9e57ecce5dd396a
t=2023-06-02T16:09:00+0800 lvl=trce msg="Removed cap-exceeding queued transaction" hash=0xe195898b881c76c4ce2f7f02e0fce8a187599a216480e8fe623a89d8fbd5ad93
t=2023-06-02T16:09:00+0800 lvl=trce msg="Removed cap-exceeding queued transaction" hash=0xdc0373a47a96e6ba0c64fd7b20eceafb8ec6796b849b538ca1e50edbfc6dcab9
t=2023-06-02T16:09:00+0800 lvl=trce msg="Removed cap-exceeding queued transaction" hash=0x68c3b5d4caad9208f3c94f29d1077709a4df6ac3738ea904a6d5940bf3f7677d
t=2023-06-02T16:09:00+0800 lvl=trce msg="Removed cap-exceeding queued transaction" hash=0x805cd743dd461fba5dec9b17fb01e7539a6d68c03709d34260e9be88f5e2721a
t=2023-06-02T16:09:00+0800 lvl=trce msg="Removed cap-exceeding queued transaction" hash=0xf67e458cd6bcba5b5a34e4101f27889b35f6eef694267c32531406dc9567e80c
t=2023-06-02T16:09:00+0800 lvl=trce msg="Removed cap-exceeding queued transaction" hash=0xc73ac648954fbed6db86714f463f2177ed138713db525893db3b435c2f5cce28
t=2023-06-02T16:09:00+0800 lvl=trce msg="Removed cap-exceeding queued transaction" hash=0x3550392b05a2fa0d98f14658006dcbbaef084c0693ca570b4d8cccce5b8905bb
t=2023-06-02T16:09:00+0800 lvl=trce msg="Removed cap-exceeding queued transaction" hash=0xe4a23ceefb222240ecc2981dcf327978f58611e88f9c61f2156566564f99b318
t=2023-06-02T16:09:00+0800 lvl=trce msg="Removed cap-exceeding queued transaction" hash=0x864650ac69d1a278bfe4c57dd60746df4e1cf0011a77dd0fe5edc6a7d4dfb847
t=2023-06-02T16:09:00+0800 lvl=trce msg="Removed cap-exceeding queued transaction" hash=0xb509ef44e498ad85dd1e91e8da35eeb4bc6d5efc74f2f8f98c448cc37f311cef
t=2023-06-02T16:09:00+0800 lvl=trce msg="Removed cap-exceeding queued transaction" hash=0x3c4dea558beafbb7bb2d6a0a52886b0d7a6c593cbf5315e42b884276b0100854
t=2023-06-02T16:09:00+0800 lvl=trce msg="Removed cap-exceeding queued transaction" hash=0x5b39db4f959db9a838f04931376d14d44783fd79b241001ab19646592214076e
t=2023-06-02T16:09:00+0800 lvl=trce msg="Removed cap-exceeding queued transaction" hash=0x21792b009635038e4188dcb55c49278b86efd7a79f1a3bb5d732ceaac7100a22
t=2023-06-02T16:09:00+0800 lvl=trce msg="Removed cap-exceeding queued transaction" hash=0x89705bb3bb1847baba51d363a44bdf34a594466169263218c6878be3a3457071
t=2023-06-02T16:09:00+0800 lvl=trce msg="Removed cap-exceeding queued transaction" hash=0x7b24cf37782eb7f662185c31d4645407124cd8fc23aed5110854d9c193de52d0
t=2023-06-02T16:09:00+0800 lvl=trce msg="Removed cap-exceeding queued transaction" hash=0xa70dc95a45fcb7e4fb3bceab05fbbdc503690eda41267786a783a1a13a71c905
t=2023-06-02T16:09:00+0800 lvl=trce msg="Removed cap-exceeding queued transaction" hash=0xf7d2e26201ec40a4e628029cfccd29b69b2b2f9e8c4f5755be93ec4b49a230e3
t=2023-06-02T16:09:00+0800 lvl=trce msg="Removed cap-exceeding queued transaction" hash=0xea03550a1a5f10bd5b00410c0d96cdd77e4ba75964ae4b1e4bea82392f89ada7
t=2023-06-02T16:09:00+0800 lvl=trce msg="Removed cap-exceeding queued transaction" hash=0xe6dee9aff3ca6a2ee037be8c432ff0005441b260beb1f6447623c1620ae35ec2
t=2023-06-02T16:09:00+0800 lvl=trce msg="Removed cap-exceeding queued transaction" hash=0x2fb115d1f9f62773583f9e3846024ef08cf47f560f6520b340410865bcc2b58b
t=2023-06-02T16:09:00+0800 lvl=trce msg="Removed cap-exceeding queued transaction" hash=0xb50c58a19476350bb172d05a84b91682bc02edfc08a321f6a9d190f1312e56af
t=2023-06-02T16:09:00+0800 lvl=trce msg="Removed cap-exceeding queued transaction" hash=0x22a8278eb106ba91760e18fded25e4af78fd17c3d959bfa50afcca5e557f53ac
t=2023-06-02T16:09:00+0800 lvl=trce msg="Removed cap-exceeding queued transaction" hash=0xbd505639b74608e43dd2db6210f5b9768151f215ffbf3d1ad649df4750acf08c
t=2023-06-02T16:09:00+0800 lvl=trce msg="Removed cap-exceeding queued transaction" hash=0x4fb072a1a169c01c234140a350d4545e983a6b5cce2a08e574c415c6dec76b3d
t=2023-06-02T16:09:00+0800 lvl=trce msg="Removed cap-exceeding queued transaction" hash=0x514fa166ecf5ad5ff44dff7af2307539b2e285f0eee38e872e16acb859443ade
t=2023-06-02T16:09:00+0800 lvl=trce msg="Removed cap-exceeding queued transaction" hash=0x91da34651e029c7d451e0f6e490323454f6fea924b2d27e0761c8640e178f8df
t=2023-06-02T16:09:00+0800 lvl=trce msg="Removed cap-exceeding queued transaction" hash=0x4844dea88b2630567980b72ea0075fc2e63ac7a5450039a32cc1538c26a9c152
t=2023-06-02T16:09:00+0800 lvl=trce msg="Removed cap-exceeding queued transaction" hash=0x41e19933341f087329a79d771786035323461b5c2acb7b296f049490a9b7c952
t=2023-06-02T16:09:00+0800 lvl=trce msg="Removed cap-exceeding queued transaction" hash=0xb8498c90ead48d587d6d771a6bbffce3c63f1f74ea2998b17c08d9714c1b95e5
t=2023-06-02T16:09:00+0800 lvl=trce msg="Removed cap-exceeding queued transaction" hash=0x64de0ffb2428e91b4ae3c511e9045d64c2ece73c14a4a36268a1d384f843362c
t=2023-06-02T16:09:00+0800 lvl=trce msg="Removed cap-exceeding queued transaction" hash=0x7871a7394d088787f9dc692256e9f60eb5a6759e7f51c851e687ab06527b03e5
t=2023-06-02T16:09:00+0800 lvl=trce msg="Pooled new future transaction"          hash=0x2c6e72a94f2b8dd0088116a634dc6a2fc8c19e3a8dcd690d88bda1a5426a33c6 from=0x7628e7c918DAaf4dfbF615023fDBcF72b8479bCe to=0x0000000000000000000000000000000000000000
t=2023-06-02T16:09:00+0800 lvl=trce msg="Removed cap-exceeding queued transaction" hash=0xa7a6afc20bdca6ba48e423804699f1e0632999d9be473f56996bb5af577dc445
t=2023-06-02T16:09:00+0800 lvl=trce msg="Removed cap-exceeding queued transaction" hash=0xfdbc37f50d74e78dd215473da883a4a4ff1813dbb7c3f3935927d2693ddb6f70
t=2023-06-02T16:09:00+0800 lvl=trce msg="Removed old queued transactions"        count=0
t=2023-06-02T16:09:00+0800 lvl=trce msg="Removed unpayable queued transactions"  count=0
t=2023-06-02T16:09:00+0800 lvl=trce msg="Promoted queued transactions"           count=1
t=2023-06-02T16:09:00+0800 lvl=info msg="Transaction pool stopped"
--- PASS: TestTransactionQueueGlobalLimitingNoLocals (0.24s)
t=2023-06-02T16:09:00+0800 lvl=trce msg="Pooled new future transaction"          hash=0x424cacffb87625fd30e7d95c28ef81bb6188267795beec55a0939f4690a46e87 from=0x7628e7c918DAaf4dfbF615023fDBcF72b8479bCe to=0x0000000000000000000000000000000000000000
t=2023-06-02T16:09:00+0800 lvl=trce msg="Removed old queued transactions"        count=0
t=2023-06-02T16:09:00+0800 lvl=trce msg="Removed unpayable queued transactions"  count=0
t=2023-06-02T16:09:00+0800 lvl=trce msg="Promoted queued transactions"           count=0
t=2023-06-02T16:09:00+0800 lvl=trce msg="Pooled new future transaction"          hash=0xd6202bc52069af86716ec781a7dd6315ba18638b647d4044cc66bc439525bcef from=0x66e0851F1a162869024b4C9f6b1C4Fc5cb4832F1 to=0x0000000000000000000000000000000000000000
t=2023-06-02T16:09:00+0800 lvl=trce msg="Removed old queued transactions"        count=0
t=2023-06-02T16:09:00+0800 lvl=trce msg="Removed unpayable queued transactions"  count=0
t=2023-06-02T16:09:00+0800 lvl=trce msg="Promoted queued transactions"           count=1
t=2023-06-02T16:09:00+0800 lvl=trce msg="Pooled new future transaction"          hash=0xa615d6d4900f4582d8b2e79ed33c8c41d9e958f9ad82206fd8350f95811a3aa7 from=0x66e0851F1a162869024b4C9f6b1C4Fc5cb4832F1 to=0x0000000000000000000000000000000000000000
t=2023-06-02T16:09:00+0800 lvl=trce msg="Removed old queued transactions"        count=0
t=2023-06-02T16:09:00+0800 lvl=trce msg="Removed unpayable queued transactions"  count=0
t=2023-06-02T16:09:00+0800 lvl=trce msg="Promoted queued transactions"           count=0
t=2023-06-02T16:09:00+0800 lvl=trce msg="Pooled new future transaction"          hash=0x049fc267307efc2ec1cea247095922f4f9c177a0fdbbbe0ca6b655a37cb997b0 from=0x7628e7c918DAaf4dfbF615023fDBcF72b8479bCe to=0x0000000000000000000000000000000000000000
t=2023-06-02T16:09:00+0800 lvl=trce msg="Removed old queued transactions"        count=0
t=2023-06-02T16:09:00+0800 lvl=trce msg="Removed unpayable queued transactions"  count=0
t=2023-06-02T16:09:00+0800 lvl=trce msg="Promoted queued transactions"           count=1
t=2023-06-02T16:09:00+0800 lvl=trce msg="Pooled new future transaction"          hash=0xbbef1400503efe92c77ad4e8e31b0214f6e2d04ee91c76f9a24461c37c294b10 from=0x7628e7c918DAaf4dfbF615023fDBcF72b8479bCe to=0x0000000000000000000000000000000000000000
t=2023-06-02T16:09:00+0800 lvl=trce msg="Removed old queued transactions"        count=0
t=2023-06-02T16:09:00+0800 lvl=trce msg="Removed unpayable queued transactions"  count=0
t=2023-06-02T16:09:00+0800 lvl=trce msg="Promoted queued transactions"           count=0
t=2023-06-02T16:09:00+0800 lvl=trce msg="Pooled new future transaction"          hash=0x3cb0b8398a5675eda2806cfcfc54a1a747354504fda39cab676a497b1bf5ebee from=0x66e0851F1a162869024b4C9f6b1C4Fc5cb4832F1 to=0x0000000000000000000000000000000000000000
t=2023-06-02T16:09:00+0800 lvl=trce msg="Removed old queued transactions"        count=0
t=2023-06-02T16:09:00+0800 lvl=trce msg="Removed unpayable queued transactions"  count=0
t=2023-06-02T16:09:00+0800 lvl=trce msg="Promoted queued transactions"           count=1
t=2023-06-02T16:09:00+0800 lvl=trce msg="Pooled new future transaction"          hash=0xf0994b533b7f185326f737e1ad7bfd7e9fe96ee6fb8e9847fe18ad9beae09d66 from=0x66e0851F1a162869024b4C9f6b1C4Fc5cb4832F1 to=0x0000000000000000000000000000000000000000
t=2023-06-02T16:09:00+0800 lvl=trce msg="Removed old queued transactions"        count=0
t=2023-06-02T16:09:00+0800 lvl=trce msg="Removed unpayable queued transactions"  count=0
t=2023-06-02T16:09:00+0800 lvl=trce msg="Promoted queued transactions"           count=0
t=2023-06-02T16:09:00+0800 lvl=trce msg="Pooled new future transaction"          hash=0xe949cdfb33bf8db4cbfdee7e42d985701cb0cf3da7281aff965dae3507060731 from=0x7628e7c918DAaf4dfbF615023fDBcF72b8479bCe to=0x0000000000000000000000000000000000000000
t=2023-06-02T16:09:00+0800 lvl=trce msg="Removed old queued transactions"        count=0
t=2023-06-02T16:09:00+0800 lvl=trce msg="Removed unpayable queued transactions"  count=0
t=2023-06-02T16:09:00+0800 lvl=trce msg="Promoted queued transactions"           count=1
t=2023-06-02T16:09:00+0800 lvl=trce msg="Pooled new future transaction"          hash=0xd9defc246015b521392ec95b723835dd16abc9714b86916da4a3825dc0247794 from=0x7628e7c918DAaf4dfbF615023fDBcF72b8479bCe to=0x0000000000000000000000000000000000000000
t=2023-06-02T16:09:00+0800 lvl=trce msg="Removed old queued transactions"        count=0
t=2023-06-02T16:09:00+0800 lvl=trce msg="Removed unpayable queued transactions"  count=0
t=2023-06-02T16:09:00+0800 lvl=trce msg="Promoted queued transactions"           count=0
t=2023-06-02T16:09:00+0800 lvl=trce msg="Pooled new future transaction"          hash=0x148515003f0228e60967e9ac94c5b088595d401bbd8fd2759455505dbe0da00d from=0x66e0851F1a162869024b4C9f6b1C4Fc5cb4832F1 to=0x0000000000000000000000000000000000000000
t=2023-06-02T16:09:00+0800 lvl=trce msg="Removed old queued transactions"        count=0
t=2023-06-02T16:09:00+0800 lvl=trce msg="Removed unpayable queued transactions"  count=0
t=2023-06-02T16:09:00+0800 lvl=trce msg="Promoted queued transactions"           count=1
t=2023-06-02T16:09:00+0800 lvl=trce msg="Pooled new future transaction"          hash=0x9618ba57ad1578c3f89c283490c18e851ddf284d8d3baa73c0593a52b404656c from=0x66e0851F1a162869024b4C9f6b1C4Fc5cb4832F1 to=0x0000000000000000000000000000000000000000
t=2023-06-02T16:09:00+0800 lvl=trce msg="Removed old queued transactions"        count=0
t=2023-06-02T16:09:00+0800 lvl=trce msg="Removed unpayable queued transactions"  count=0
t=2023-06-02T16:09:00+0800 lvl=trce msg="Promoted queued transactions"           count=0
t=2023-06-02T16:09:00+0800 lvl=trce msg="Pooled new future transaction"          hash=0xc22832bac305300e2f632019c3e4e03b8886c0026058235deb0669cdd77172de from=0x7628e7c918DAaf4dfbF615023fDBcF72b8479bCe to=0x0000000000000000000000000000000000000000
t=2023-06-02T16:09:00+0800 lvl=trce msg="Removed old queued transactions"        count=0
t=2023-06-02T16:09:00+0800 lvl=trce msg="Removed unpayable queued transactions"  count=0
t=2023-06-02T16:09:00+0800 lvl=trce msg="Promoted queued transactions"           count=1
t=2023-06-02T16:09:00+0800 lvl=trce msg="Pooled new future transaction"          hash=0xd188e8fca65b31a3d8573fd689259fac86e885614ad97c7d2579cdb3464ecdff from=0x7628e7c918DAaf4dfbF615023fDBcF72b8479bCe to=0x0000000000000000000000000000000000000000
t=2023-06-02T16:09:00+0800 lvl=trce msg="Removed old queued transactions"        count=0
t=2023-06-02T16:09:00+0800 lvl=trce msg="Removed unpayable queued transactions"  count=0
t=2023-06-02T16:09:00+0800 lvl=trce msg="Promoted queued transactions"           count=0
t=2023-06-02T16:09:00+0800 lvl=trce msg="Pooled new future transaction"          hash=0x8c09f47c4b953a8032795296d97d7138de75545b4de889e12506a710dc5000d8 from=0x66e0851F1a162869024b4C9f6b1C4Fc5cb4832F1 to=0x0000000000000000000000000000000000000000
t=2023-06-02T16:09:00+0800 lvl=trce msg="Removed old queued transactions"        count=0
t=2023-06-02T16:09:00+0800 lvl=trce msg="Removed unpayable queued transactions"  count=0
t=2023-06-02T16:09:00+0800 lvl=trce msg="Promoted queued transactions"           count=1
t=2023-06-02T16:09:00+0800 lvl=trce msg="Pooled new future transaction"          hash=0x1160a0794f72e515506bdac99bb58de6f089ffca118b6770dd3129aff71102b5 from=0x66e0851F1a162869024b4C9f6b1C4Fc5cb4832F1 to=0x0000000000000000000000000000000000000000
t=2023-06-02T16:09:00+0800 lvl=trce msg="Removed old queued transactions"        count=0
t=2023-06-02T16:09:00+0800 lvl=trce msg="Removed unpayable queued transactions"  count=0
t=2023-06-02T16:09:00+0800 lvl=trce msg="Promoted queued transactions"           count=0
t=2023-06-02T16:09:00+0800 lvl=trce msg="Pooled new future transaction"          hash=0x212ac5b35313f00aad2dce4926bc6908d31b951a00912061581ce7232a4470d6 from=0x7628e7c918DAaf4dfbF615023fDBcF72b8479bCe to=0x0000000000000000000000000000000000000000
t=2023-06-02T16:09:00+0800 lvl=trce msg="Removed old queued transactions"        count=0
t=2023-06-02T16:09:00+0800 lvl=trce msg="Removed unpayable queued transactions"  count=0
t=2023-06-02T16:09:00+0800 lvl=trce msg="Promoted queued transactions"           count=1
t=2023-06-02T16:09:00+0800 lvl=trce msg="Pooled new future transaction"          hash=0x3bdf6304980c725399f95e2ecc1b361cf28c60a2d8408d6bf81935e77653603f from=0x7628e7c918DAaf4dfbF615023fDBcF72b8479bCe to=0x0000000000000000000000000000000000000000
t=2023-06-02T16:09:00+0800 lvl=trce msg="Removed old queued transactions"        count=0
t=2023-06-02T16:09:00+0800 lvl=trce msg="Removed unpayable queued transactions"  count=0
t=2023-06-02T16:09:00+0800 lvl=trce msg="Promoted queued transactions"           count=0
t=2023-06-02T16:09:00+0800 lvl=trce msg="Pooled new future transaction"          hash=0x51d091e94b188bb62ac73df3f91c6f860622fba47db743dcb9155e32587b8a28 from=0x66e0851F1a162869024b4C9f6b1C4Fc5cb4832F1 to=0x0000000000000000000000000000000000000000
t=2023-06-02T16:09:00+0800 lvl=trce msg="Removed old queued transactions"        count=0
t=2023-06-02T16:09:00+0800 lvl=trce msg="Removed unpayable queued transactions"  count=0
t=2023-06-02T16:09:00+0800 lvl=trce msg="Promoted queued transactions"           count=1
t=2023-06-02T16:09:00+0800 lvl=trce msg="Pooled new future transaction"          hash=0xc093bcfbd1d7a7a138caf9d097e0d572afc6262bde7407dc41d242d1ee2a548e from=0x66e0851F1a162869024b4C9f6b1C4Fc5cb4832F1 to=0x0000000000000000000000000000000000000000
t=2023-06-02T16:09:00+0800 lvl=trce msg="Removed old queued transactions"        count=0
t=2023-06-02T16:09:00+0800 lvl=trce msg="Removed unpayable queued transactions"  count=0
t=2023-06-02T16:09:00+0800 lvl=trce msg="Promoted queued transactions"           count=0
t=2023-06-02T16:09:00+0800 lvl=trce msg="Pooled new future transaction"          hash=0xe6381560b9cc46d9a0841719e3f9ca4fb40b046c811deea41c58e2a7292196c3 from=0x7628e7c918DAaf4dfbF615023fDBcF72b8479bCe to=0x0000000000000000000000000000000000000000
t=2023-06-02T16:09:00+0800 lvl=trce msg="Removed old queued transactions"        count=0
t=2023-06-02T16:09:00+0800 lvl=trce msg="Removed unpayable queued transactions"  count=0
t=2023-06-02T16:09:00+0800 lvl=trce msg="Promoted queued transactions"           count=1
t=2023-06-02T16:09:00+0800 lvl=trce msg="Pooled new future transaction"          hash=0xa4c7dc72db323062d4b985ca7f8a67c79299fece71da644a7f865c675e4a9825 from=0x7628e7c918DAaf4dfbF615023fDBcF72b8479bCe to=0x0000000000000000000000000000000000000000
t=2023-06-02T16:09:00+0800 lvl=trce msg="Removed old queued transactions"        count=0
t=2023-06-02T16:09:00+0800 lvl=trce msg="Removed unpayable queued transactions"  count=0
t=2023-06-02T16:09:00+0800 lvl=trce msg="Promoted queued transactions"           count=0
t=2023-06-02T16:09:00+0800 lvl=trce msg="Pooled new future transaction"          hash=0x6af5d88a3e28c6ce2aed7673f032eeaa21aeb9963563b79a457507668609eb8b from=0x66e0851F1a162869024b4C9f6b1C4Fc5cb4832F1 to=0x0000000000000000000000000000000000000000
t=2023-06-02T16:09:00+0800 lvl=trce msg="Removed old queued transactions"        count=0
t=2023-06-02T16:09:00+0800 lvl=trce msg="Removed unpayable queued transactions"  count=0
t=2023-06-02T16:09:00+0800 lvl=trce msg="Promoted queued transactions"           count=1
t=2023-06-02T16:09:00+0800 lvl=trce msg="Pooled new future transaction"          hash=0xe83327b3eefa10b0a7f4dba9c98b4b50a807fbf3576f1cca115f6a86c22de1b8 from=0x66e0851F1a162869024b4C9f6b1C4Fc5cb4832F1 to=0x0000000000000000000000000000000000000000
t=2023-06-02T16:09:00+0800 lvl=trce msg="Removed old queued transactions"        count=0
t=2023-06-02T16:09:00+0800 lvl=trce msg="Removed unpayable queued transactions"  count=0
t=2023-06-02T16:09:00+0800 lvl=trce msg="Promoted queued transactions"           count=0
t=2023-06-02T16:09:00+0800 lvl=trce msg="Pooled new future transaction"          hash=0x35bc9875971ea13f8db922a9fab691a872f1a8e005d6c17ff50d0f2411f77b1d from=0x7628e7c918DAaf4dfbF615023fDBcF72b8479bCe to=0x0000000000000000000000000000000000000000
t=2023-06-02T16:09:00+0800 lvl=trce msg="Removed old queued transactions"        count=0
t=2023-06-02T16:09:00+0800 lvl=trce msg="Removed unpayable queued transactions"  count=0
t=2023-06-02T16:09:00+0800 lvl=trce msg="Promoted queued transactions"           count=1
t=2023-06-02T16:09:00+0800 lvl=trce msg="Pooled new future transaction"          hash=0x5e8ae621de5ed94f66a4d7ba60b5ace3d63975ed2147bcddd0ace8435af22ae8 from=0x7628e7c918DAaf4dfbF615023fDBcF72b8479bCe to=0x0000000000000000000000000000000000000000
t=2023-06-02T16:09:00+0800 lvl=trce msg="Removed old queued transactions"        count=0
t=2023-06-02T16:09:00+0800 lvl=trce msg="Removed unpayable queued transactions"  count=0
t=2023-06-02T16:09:00+0800 lvl=trce msg="Promoted queued transactions"           count=0
t=2023-06-02T16:09:00+0800 lvl=trce msg="Pooled new future transaction"          hash=0xb193aed535b96026e4b915e1a5eff8fd7e888a61e23e11e49e82a4856c80fa18 from=0x66e0851F1a162869024b4C9f6b1C4Fc5cb4832F1 to=0x0000000000000000000000000000000000000000
t=2023-06-02T16:09:00+0800 lvl=trce msg="Removed old queued transactions"        count=0
t=2023-06-02T16:09:00+0800 lvl=trce msg="Removed unpayable queued transactions"  count=0
t=2023-06-02T16:09:00+0800 lvl=trce msg="Promoted queued transactions"           count=1
t=2023-06-02T16:09:00+0800 lvl=trce msg="Pooled new future transaction"          hash=0xcce35bcd609b5a9743e790c703dc2551163c97a7669ccc095bfdeed5d3591089 from=0x66e0851F1a162869024b4C9f6b1C4Fc5cb4832F1 to=0x0000000000000000000000000000000000000000
t=2023-06-02T16:09:00+0800 lvl=trce msg="Removed old queued transactions"        count=0
t=2023-06-02T16:09:00+0800 lvl=trce msg="Removed unpayable queued transactions"  count=0
t=2023-06-02T16:09:00+0800 lvl=trce msg="Promoted queued transactions"           count=0
t=2023-06-02T16:09:00+0800 lvl=trce msg="Pooled new future transaction"          hash=0x47fac1f323282c940ea0be89d6ade2e596a23acd592e963db3906962ee9e79e7 from=0x7628e7c918DAaf4dfbF615023fDBcF72b8479bCe to=0x0000000000000000000000000000000000000000
t=2023-06-02T16:09:00+0800 lvl=trce msg="Removed old queued transactions"        count=0
t=2023-06-02T16:09:00+0800 lvl=trce msg="Removed unpayable queued transactions"  count=0
t=2023-06-02T16:09:00+0800 lvl=trce msg="Promoted queued transactions"           count=1
t=2023-06-02T16:09:00+0800 lvl=trce msg="Pooled new future transaction"          hash=0x71e61c3ed5e0e3441af635ac5b3093c47042b7902a170b9ad5e1f321ce8a14ec from=0x7628e7c918DAaf4dfbF615023fDBcF72b8479bCe to=0x0000000000000000000000000000000000000000
t=2023-06-02T16:09:00+0800 lvl=trce msg="Removed old queued transactions"        count=0
t=2023-06-02T16:09:00+0800 lvl=trce msg="Removed unpayable queued transactions"  count=0
t=2023-06-02T16:09:00+0800 lvl=trce msg="Promoted queued transactions"           count=0
t=2023-06-02T16:09:00+0800 lvl=trce msg="Pooled new future transaction"          hash=0x1eff8dc19a429e59d0ed192577c2be06f12d9683361e2409aaede6a0a74bc68b from=0x66e0851F1a162869024b4C9f6b1C4Fc5cb4832F1 to=0x0000000000000000000000000000000000000000
t=2023-06-02T16:09:00+0800 lvl=trce msg="Removed old queued transactions"        count=0
t=2023-06-02T16:09:00+0800 lvl=trce msg="Removed unpayable queued transactions"  count=0
t=2023-06-02T16:09:00+0800 lvl=trce msg="Promoted queued transactions"           count=1
t=2023-06-02T16:09:00+0800 lvl=trce msg="Pooled new future transaction"          hash=0x8969a353a087b1e20b1805555900e452829711cc04136afd3a118c42b36632d0 from=0x66e0851F1a162869024b4C9f6b1C4Fc5cb4832F1 to=0x0000000000000000000000000000000000000000
t=2023-06-02T16:09:00+0800 lvl=trce msg="Removed old queued transactions"        count=0
t=2023-06-02T16:09:00+0800 lvl=trce msg="Removed unpayable queued transactions"  count=0
t=2023-06-02T16:09:00+0800 lvl=trce msg="Promoted queued transactions"           count=0
t=2023-06-02T16:09:00+0800 lvl=trce msg="Pooled new future transaction"          hash=0xa0e19d7c602aa6bc33734a7ba181e7033774eacf27e6671665fe055e40b5af68 from=0x7628e7c918DAaf4dfbF615023fDBcF72b8479bCe to=0x0000000000000000000000000000000000000000
t=2023-06-02T16:09:00+0800 lvl=trce msg="Removed old queued transactions"        count=0
t=2023-06-02T16:09:00+0800 lvl=trce msg="Removed unpayable queued transactions"  count=0
t=2023-06-02T16:09:00+0800 lvl=trce msg="Promoted queued transactions"           count=1
t=2023-06-02T16:09:00+0800 lvl=trce msg="Pooled new future transaction"          hash=0x0b6ae3e9dec0b34ba979acd70fd76f6a2cad6959683b7a48f2c55fac1ae8e5e3 from=0x7628e7c918DAaf4dfbF615023fDBcF72b8479bCe to=0x0000000000000000000000000000000000000000
t=2023-06-02T16:09:00+0800 lvl=trce msg="Removed old queued transactions"        count=0
t=2023-06-02T16:09:00+0800 lvl=trce msg="Removed unpayable queued transactions"  count=0
t=2023-06-02T16:09:00+0800 lvl=trce msg="Promoted queued transactions"           count=0
t=2023-06-02T16:09:00+0800 lvl=trce msg="Pooled new future transaction"          hash=0x79af8fc68d0f7e2d03dcf41a9a16520103f6fcc7658546fa7676d9e280c8b251 from=0x66e0851F1a162869024b4C9f6b1C4Fc5cb4832F1 to=0x0000000000000000000000000000000000000000
t=2023-06-02T16:09:00+0800 lvl=trce msg="Removed old queued transactions"        count=0
t=2023-06-02T16:09:00+0800 lvl=trce msg="Removed unpayable queued transactions"  count=0
t=2023-06-02T16:09:00+0800 lvl=trce msg="Promoted queued transactions"           count=1
t=2023-06-02T16:09:00+0800 lvl=trce msg="Pooled new future transaction"          hash=0xef4bcb03cb71821357ad477d8ef5a2d109fe9fe10b1e61b4db0d952ca1799251 from=0x66e0851F1a162869024b4C9f6b1C4Fc5cb4832F1 to=0x0000000000000000000000000000000000000000
t=2023-06-02T16:09:00+0800 lvl=trce msg="Removed old queued transactions"        count=0
t=2023-06-02T16:09:00+0800 lvl=trce msg="Removed unpayable queued transactions"  count=0
t=2023-06-02T16:09:00+0800 lvl=trce msg="Promoted queued transactions"           count=0
t=2023-06-02T16:09:00+0800 lvl=trce msg="Pooled new future transaction"          hash=0x951ce19b6691fbc734b7bae263dba4b00df1106911530b51e100e4f138bbd76f from=0x7628e7c918DAaf4dfbF615023fDBcF72b8479bCe to=0x0000000000000000000000000000000000000000
t=2023-06-02T16:09:00+0800 lvl=trce msg="Removed old queued transactions"        count=0
t=2023-06-02T16:09:00+0800 lvl=trce msg="Removed unpayable queued transactions"  count=0
t=2023-06-02T16:09:00+0800 lvl=trce msg="Promoted queued transactions"           count=1
t=2023-06-02T16:09:00+0800 lvl=trce msg="Pooled new future transaction"          hash=0x4275e82cac0e59221ab3e3a351bbebcdad019c6a20eb820001fb8340f1738cca from=0x7628e7c918DAaf4dfbF615023fDBcF72b8479bCe to=0x0000000000000000000000000000000000000000
t=2023-06-02T16:09:00+0800 lvl=trce msg="Removed old queued transactions"        count=0
t=2023-06-02T16:09:00+0800 lvl=trce msg="Removed unpayable queued transactions"  count=0
t=2023-06-02T16:09:00+0800 lvl=trce msg="Promoted queued transactions"           count=0
t=2023-06-02T16:09:00+0800 lvl=trce msg="Pooled new future transaction"          hash=0x17d0a9fe4ceab9f7be861e442c961c10facc0504b35e2ebd0249546dfe10fc5d from=0x66e0851F1a162869024b4C9f6b1C4Fc5cb4832F1 to=0x0000000000000000000000000000000000000000
t=2023-06-02T16:09:00+0800 lvl=trce msg="Removed old queued transactions"        count=0
t=2023-06-02T16:09:00+0800 lvl=trce msg="Removed unpayable queued transactions"  count=0
t=2023-06-02T16:09:00+0800 lvl=trce msg="Promoted queued transactions"           count=1
t=2023-06-02T16:09:00+0800 lvl=trce msg="Pooled new future transaction"          hash=0x3f4db1b9404ba1d57f7333aecd60918a74555f500ae58d5d6c35a5c9adb394b4 from=0x66e0851F1a162869024b4C9f6b1C4Fc5cb4832F1 to=0x0000000000000000000000000000000000000000
t=2023-06-02T16:09:00+0800 lvl=trce msg="Removed old queued transactions"        count=0
t=2023-06-02T16:09:00+0800 lvl=trce msg="Removed unpayable queued transactions"  count=0
t=2023-06-02T16:09:00+0800 lvl=trce msg="Promoted queued transactions"           count=0
t=2023-06-02T16:09:00+0800 lvl=trce msg="Pooled new future transaction"          hash=0xafacf9adae67c0f0c87dd1a06f9b521d8b8e2bbc01ed2b4551b80fe333175554 from=0x7628e7c918DAaf4dfbF615023fDBcF72b8479bCe to=0x0000000000000000000000000000000000000000
t=2023-06-02T16:09:00+0800 lvl=trce msg="Removed old queued transactions"        count=0
t=2023-06-02T16:09:00+0800 lvl=trce msg="Removed unpayable queued transactions"  count=0
t=2023-06-02T16:09:00+0800 lvl=trce msg="Promoted queued transactions"           count=1
t=2023-06-02T16:09:00+0800 lvl=trce msg="Pooled new future transaction"          hash=0x2fedd48b36f4a7b4c8969a29f58ff33a909210354bfdd2378ad2cfbe0f29983f from=0x7628e7c918DAaf4dfbF615023fDBcF72b8479bCe to=0x0000000000000000000000000000000000000000
t=2023-06-02T16:09:00+0800 lvl=trce msg="Removed old queued transactions"        count=0
t=2023-06-02T16:09:00+0800 lvl=trce msg="Removed unpayable queued transactions"  count=0
t=2023-06-02T16:09:00+0800 lvl=trce msg="Promoted queued transactions"           count=0
t=2023-06-02T16:09:00+0800 lvl=trce msg="Pooled new future transaction"          hash=0x134fe358bf419f142711588ad382d73ed18f4ad8e268401ee7e0df19d32f0153 from=0x66e0851F1a162869024b4C9f6b1C4Fc5cb4832F1 to=0x0000000000000000000000000000000000000000
t=2023-06-02T16:09:00+0800 lvl=trce msg="Removed old queued transactions"        count=0
t=2023-06-02T16:09:00+0800 lvl=trce msg="Removed unpayable queued transactions"  count=0
t=2023-06-02T16:09:00+0800 lvl=trce msg="Promoted queued transactions"           count=1
t=2023-06-02T16:09:00+0800 lvl=trce msg="Pooled new future transaction"          hash=0x6d168076d6974a9a28351b9a10225dbc52425d9c69d0a4fd488130daba297efc from=0x66e0851F1a162869024b4C9f6b1C4Fc5cb4832F1 to=0x0000000000000000000000000000000000000000
t=2023-06-02T16:09:00+0800 lvl=trce msg="Removed old queued transactions"        count=0
t=2023-06-02T16:09:00+0800 lvl=trce msg="Removed unpayable queued transactions"  count=0
t=2023-06-02T16:09:00+0800 lvl=trce msg="Promoted queued transactions"           count=0
t=2023-06-02T16:09:00+0800 lvl=trce msg="Pooled new future transaction"          hash=0xf7d184f4e97b53cd0d9554061760d77d37a1472ad35fd939062dd57d6480f1e6 from=0x7628e7c918DAaf4dfbF615023fDBcF72b8479bCe to=0x0000000000000000000000000000000000000000
t=2023-06-02T16:09:00+0800 lvl=trce msg="Removed old queued transactions"        count=0
t=2023-06-02T16:09:00+0800 lvl=trce msg="Removed unpayable queued transactions"  count=0
t=2023-06-02T16:09:00+0800 lvl=trce msg="Promoted queued transactions"           count=1
t=2023-06-02T16:09:00+0800 lvl=trce msg="Pooled new future transaction"          hash=0x83968e427ef736def1678e996ef692fedba415aab74e35230f6b4b00f6014e74 from=0x7628e7c918DAaf4dfbF615023fDBcF72b8479bCe to=0x0000000000000000000000000000000000000000
t=2023-06-02T16:09:00+0800 lvl=trce msg="Removed old queued transactions"        count=0
t=2023-06-02T16:09:00+0800 lvl=trce msg="Removed unpayable queued transactions"  count=0
t=2023-06-02T16:09:00+0800 lvl=trce msg="Promoted queued transactions"           count=0
t=2023-06-02T16:09:00+0800 lvl=info msg="Transaction pool stopped"
--- PASS: TestTransactionPoolRepricing (0.26s)
t=2023-06-02T16:09:00+0800 lvl=trce msg="Pooled new future transaction"          hash=0x6de8b64cddb4415723b6341c19d0f0f40a33a7e856fa982ae1540b7b9f3d8068 from=0x66e0851F1a162869024b4C9f6b1C4Fc5cb4832F1 to=0x0000000000000000000000000000000000000000
t=2023-06-02T16:09:00+0800 lvl=trce msg="Removed old queued transactions"        count=0
t=2023-06-02T16:09:00+0800 lvl=trce msg="Removed unpayable queued transactions"  count=0
t=2023-06-02T16:09:00+0800 lvl=trce msg="Promoted queued transactions"           count=1
t=2023-06-02T16:09:00+0800 lvl=trce msg="Pooled new future transaction"          hash=0xb44d1b9656238d7bcc8a1a6540ab8b89a3a58833df97a124a0733bf937435776 from=0x66e0851F1a162869024b4C9f6b1C4Fc5cb4832F1 to=0x0000000000000000000000000000000000000000
t=2023-06-02T16:09:00+0800 lvl=trce msg="Removed old queued transactions"        count=0
t=2023-06-02T16:09:00+0800 lvl=trce msg="Removed unpayable queued transactions"  count=0
t=2023-06-02T16:09:00+0800 lvl=trce msg="Promoted queued transactions"           count=0
t=2023-06-02T16:09:00+0800 lvl=trce msg="Pooled new future transaction"          hash=0x2dad7539b95a7d3ee92a68f51a51853ba93a658cea92b7f69be706d1e2c1cded from=0x7628e7c918DAaf4dfbF615023fDBcF72b8479bCe to=0x0000000000000000000000000000000000000000
t=2023-06-02T16:09:00+0800 lvl=trce msg="Removed old queued transactions"        count=0
t=2023-06-02T16:09:00+0800 lvl=trce msg="Removed unpayable queued transactions"  count=0
t=2023-06-02T16:09:00+0800 lvl=trce msg="Promoted queued transactions"           count=1
t=2023-06-02T16:09:00+0800 lvl=trce msg="Pooled new future transaction"          hash=0x7e51553f6cd278511ea6513eb2dc8ffc541712039ba6d0148390465095d3db04 from=0x7628e7c918DAaf4dfbF615023fDBcF72b8479bCe to=0x0000000000000000000000000000000000000000
t=2023-06-02T16:09:00+0800 lvl=trce msg="Removed old queued transactions"        count=0
t=2023-06-02T16:09:00+0800 lvl=trce msg="Removed unpayable queued transactions"  count=0
t=2023-06-02T16:09:00+0800 lvl=trce msg="Promoted queued transactions"           count=0
t=2023-06-02T16:09:00+0800 lvl=trce msg="Pooled new future transaction"          hash=0x6ee073a1467e3570af8d4d449c4f715257636dfeea9ac41d96aae8e7178e7996 from=0x66e0851F1a162869024b4C9f6b1C4Fc5cb4832F1 to=0x0000000000000000000000000000000000000000
t=2023-06-02T16:09:00+0800 lvl=trce msg="Removed old queued transactions"        count=0
t=2023-06-02T16:09:00+0800 lvl=trce msg="Removed unpayable queued transactions"  count=0
t=2023-06-02T16:09:00+0800 lvl=trce msg="Promoted queued transactions"           count=1
t=2023-06-02T16:09:00+0800 lvl=trce msg="Pooled new future transaction"          hash=0x7e5e0ddd0599c1762d0269f2c7c212acd6c4846f1fa1790c129f7fe020c4d7b5 from=0x66e0851F1a162869024b4C9f6b1C4Fc5cb4832F1 to=0x0000000000000000000000000000000000000000
t=2023-06-02T16:09:00+0800 lvl=trce msg="Removed old queued transactions"        count=0
t=2023-06-02T16:09:00+0800 lvl=trce msg="Removed unpayable queued transactions"  count=0
t=2023-06-02T16:09:00+0800 lvl=trce msg="Promoted queued transactions"           count=0
t=2023-06-02T16:09:00+0800 lvl=trce msg="Pooled new future transaction"          hash=0xff031e89e1fe44f920cef711cc6d318e1745f7522dd2c6feeacd7e8fdcb61a68 from=0x7628e7c918DAaf4dfbF615023fDBcF72b8479bCe to=0x0000000000000000000000000000000000000000
t=2023-06-02T16:09:00+0800 lvl=info msg="Transaction pool stopped"
--- PASS: TestTransactionPoolRepricingDynamicFee (0.26s)
t=2023-06-02T16:09:00+0800 lvl=trce msg="Removed old queued transactions"        count=0
t=2023-06-02T16:09:00+0800 lvl=trce msg="Removed unpayable queued transactions"  count=0
t=2023-06-02T16:09:00+0800 lvl=trce msg="Promoted queued transactions"           count=1
t=2023-06-02T16:09:00+0800 lvl=trce msg="Pooled new future transaction"          hash=0x9cd89521ef46b948418b3294ad1e9a195d427ce4ce4a3831c243ae2ec54eb00e from=0x7628e7c918DAaf4dfbF615023fDBcF72b8479bCe to=0x0000000000000000000000000000000000000000
t=2023-06-02T16:09:00+0800 lvl=trce msg="Removed old queued transactions"        count=0
t=2023-06-02T16:09:00+0800 lvl=trce msg="Removed unpayable queued transactions"  count=0
t=2023-06-02T16:09:00+0800 lvl=trce msg="Promoted queued transactions"           count=0
t=2023-06-02T16:09:00+0800 lvl=trce msg="Pooled new future transaction"          hash=0xa6c491a865a84a9bf2bd5d87ef67a2723e27df3c273f84b5459302ea858fe3d4 from=0x66e0851F1a162869024b4C9f6b1C4Fc5cb4832F1 to=0x0000000000000000000000000000000000000000
t=2023-06-02T16:09:00+0800 lvl=trce msg="Removed old queued transactions"        count=0
t=2023-06-02T16:09:00+0800 lvl=trce msg="Removed unpayable queued transactions"  count=0
t=2023-06-02T16:09:00+0800 lvl=trce msg="Promoted queued transactions"           count=1
t=2023-06-02T16:09:00+0800 lvl=trce msg="Pooled new future transaction"          hash=0x37b205f2223c11279ad995acfa021898d5b2bc6619e9d5c1290aa7bed73ff7ba from=0x66e0851F1a162869024b4C9f6b1C4Fc5cb4832F1 to=0x0000000000000000000000000000000000000000
t=2023-06-02T16:09:00+0800 lvl=trce msg="Removed old queued transactions"        count=0
t=2023-06-02T16:09:00+0800 lvl=trce msg="Removed unpayable queued transactions"  count=0
t=2023-06-02T16:09:00+0800 lvl=trce msg="Promoted queued transactions"           count=0
t=2023-06-02T16:09:00+0800 lvl=trce msg="Pooled new future transaction"          hash=0xcfa8dd034f14364d4c47d2df3bc6b16b29784bdf7df9951487a4b9e8cb85cb33 from=0x7628e7c918DAaf4dfbF615023fDBcF72b8479bCe to=0x0000000000000000000000000000000000000000
t=2023-06-02T16:09:00+0800 lvl=trce msg="Removed old queued transactions"        count=0
t=2023-06-02T16:09:00+0800 lvl=trce msg="Removed unpayable queued transactions"  count=0
t=2023-06-02T16:09:00+0800 lvl=trce msg="Promoted queued transactions"           count=1
t=2023-06-02T16:09:00+0800 lvl=trce msg="Pooled new future transaction"          hash=0x193b24f951eaf9c66ea11af16f9c8d2b1fdcb8df485b5f93c0c78eb889ebdab7 from=0x7628e7c918DAaf4dfbF615023fDBcF72b8479bCe to=0x0000000000000000000000000000000000000000
t=2023-06-02T16:09:00+0800 lvl=trce msg="Removed old queued transactions"        count=0
t=2023-06-02T16:09:00+0800 lvl=trce msg="Removed unpayable queued transactions"  count=0
t=2023-06-02T16:09:00+0800 lvl=trce msg="Promoted queued transactions"           count=0
t=2023-06-02T16:09:00+0800 lvl=trce msg="Pooled new future transaction"          hash=0x54e085d49ac0e7b2087f51fa584b75bf7b0886f59f503bb1284114a718484c1a from=0x66e0851F1a162869024b4C9f6b1C4Fc5cb4832F1 to=0x0000000000000000000000000000000000000000
t=2023-06-02T16:09:00+0800 lvl=trce msg="Removed old queued transactions"        count=0
t=2023-06-02T16:09:00+0800 lvl=trce msg="Removed unpayable queued transactions"  count=0
t=2023-06-02T16:09:00+0800 lvl=trce msg="Promoted queued transactions"           count=1
t=2023-06-02T16:09:00+0800 lvl=trce msg="Pooled new future transaction"          hash=0x4646f81c4e70a75102feb56a691dc82e184c1af4461741af95e4b9b449ad9517 from=0x66e0851F1a162869024b4C9f6b1C4Fc5cb4832F1 to=0x0000000000000000000000000000000000000000
t=2023-06-02T16:09:00+0800 lvl=trce msg="Removed old queued transactions"        count=0
t=2023-06-02T16:09:00+0800 lvl=trce msg="Removed unpayable queued transactions"  count=0
t=2023-06-02T16:09:00+0800 lvl=trce msg="Promoted queued transactions"           count=0
t=2023-06-02T16:09:00+0800 lvl=trce msg="Pooled new future transaction"          hash=0x5e283374e9fd489f5f0fb0a699f43afb0fc5deea87349cd49a6c167253c052b8 from=0x7628e7c918DAaf4dfbF615023fDBcF72b8479bCe to=0x0000000000000000000000000000000000000000
t=2023-06-02T16:09:00+0800 lvl=trce msg="Removed old queued transactions"        count=0
t=2023-06-02T16:09:00+0800 lvl=trce msg="Removed unpayable queued transactions"  count=0
t=2023-06-02T16:09:00+0800 lvl=trce msg="Promoted queued transactions"           count=1
t=2023-06-02T16:09:00+0800 lvl=trce msg="Pooled new future transaction"          hash=0xce6c5a24c59bf81e11ea516237d59a9ef756e83ae5f8a8105a294c848aa54fd9 from=0x7628e7c918DAaf4dfbF615023fDBcF72b8479bCe to=0x0000000000000000000000000000000000000000
t=2023-06-02T16:09:00+0800 lvl=trce msg="Removed old queued transactions"        count=0
t=2023-06-02T16:09:00+0800 lvl=trce msg="Removed unpayable queued transactions"  count=0
t=2023-06-02T16:09:00+0800 lvl=trce msg="Promoted queued transactions"           count=0
t=2023-06-02T16:09:00+0800 lvl=trce msg="Pooled new future transaction"          hash=0xc4b2d84c3264d6d1b6f2013264aaca6b9240c91f7378a8b6b66061005af5183c from=0x66e0851F1a162869024b4C9f6b1C4Fc5cb4832F1 to=0x0000000000000000000000000000000000000000
t=2023-06-02T16:09:00+0800 lvl=trce msg="Removed old queued transactions"        count=0
t=2023-06-02T16:09:00+0800 lvl=trce msg="Removed unpayable queued transactions"  count=0
t=2023-06-02T16:09:00+0800 lvl=trce msg="Promoted queued transactions"           count=1
t=2023-06-02T16:09:00+0800 lvl=trce msg="Pooled new future transaction"          hash=0x0838dc8b96a84490b9c49d2f82fb188d49f29649a8b832b3f204993e6bf29729 from=0x66e0851F1a162869024b4C9f6b1C4Fc5cb4832F1 to=0x0000000000000000000000000000000000000000
t=2023-06-02T16:09:00+0800 lvl=trce msg="Removed old queued transactions"        count=0
t=2023-06-02T16:09:00+0800 lvl=trce msg="Removed unpayable queued transactions"  count=0
t=2023-06-02T16:09:00+0800 lvl=trce msg="Promoted queued transactions"           count=0
t=2023-06-02T16:09:00+0800 lvl=trce msg="Pooled new future transaction"          hash=0xc8bc44e7b783285cf00fb644865c80644e2dc38a85778e5946439da3dbfef6dd from=0x7628e7c918DAaf4dfbF615023fDBcF72b8479bCe to=0x0000000000000000000000000000000000000000
t=2023-06-02T16:09:00+0800 lvl=trce msg="Removed old queued transactions"        count=0
t=2023-06-02T16:09:00+0800 lvl=trce msg="Removed unpayable queued transactions"  count=0
t=2023-06-02T16:09:00+0800 lvl=trce msg="Promoted queued transactions"           count=1
t=2023-06-02T16:09:00+0800 lvl=trce msg="Pooled new future transaction"          hash=0x04841b012a7fa919506cb470a974234419d36053200e7eaa835543c95aafda1c from=0x7628e7c918DAaf4dfbF615023fDBcF72b8479bCe to=0x0000000000000000000000000000000000000000
t=2023-06-02T16:09:00+0800 lvl=trce msg="Removed old queued transactions"        count=0
t=2023-06-02T16:09:00+0800 lvl=trce msg="Removed unpayable queued transactions"  count=0
t=2023-06-02T16:09:00+0800 lvl=trce msg="Promoted queued transactions"           count=0
t=2023-06-02T16:09:00+0800 lvl=trce msg="Pooled new future transaction"          hash=0xfa8af585f9586ecd0e691591ec7ed1c312146e98f08cc02be3257271c79e78b2 from=0x66e0851F1a162869024b4C9f6b1C4Fc5cb4832F1 to=0x0000000000000000000000000000000000000000
t=2023-06-02T16:09:00+0800 lvl=trce msg="Removed old queued transactions"        count=0
t=2023-06-02T16:09:00+0800 lvl=trce msg="Removed unpayable queued transactions"  count=0
t=2023-06-02T16:09:00+0800 lvl=trce msg="Promoted queued transactions"           count=1
t=2023-06-02T16:09:00+0800 lvl=trce msg="Pooled new future transaction"          hash=0x914b598b92a6c6ced1577e7df57f7c0d17e9a557eec3fcd70aba3f380f1ace3a from=0x66e0851F1a162869024b4C9f6b1C4Fc5cb4832F1 to=0x0000000000000000000000000000000000000000
t=2023-06-02T16:09:00+0800 lvl=trce msg="Removed old queued transactions"        count=0
t=2023-06-02T16:09:00+0800 lvl=trce msg="Removed unpayable queued transactions"  count=0
t=2023-06-02T16:09:00+0800 lvl=trce msg="Promoted queued transactions"           count=0
t=2023-06-02T16:09:00+0800 lvl=trce msg="Pooled new future transaction"          hash=0x1d3c0c7ce47983981e3919c42496bbfe3bd157e226d865180e4e771bd966e475 from=0x7628e7c918DAaf4dfbF615023fDBcF72b8479bCe to=0x0000000000000000000000000000000000000000
t=2023-06-02T16:09:00+0800 lvl=trce msg="Removed old queued transactions"        count=0
t=2023-06-02T16:09:00+0800 lvl=trce msg="Removed unpayable queued transactions"  count=0
t=2023-06-02T16:09:00+0800 lvl=trce msg="Promoted queued transactions"           count=1
t=2023-06-02T16:09:00+0800 lvl=trce msg="Pooled new future transaction"          hash=0xac57f11ed866cab70f0d8ada80126a9a5277a0b33f6c5a06c58d1b89a59c6094 from=0x7628e7c918DAaf4dfbF615023fDBcF72b8479bCe to=0x0000000000000000000000000000000000000000
t=2023-06-02T16:09:00+0800 lvl=trce msg="Removed old queued transactions"        count=0
t=2023-06-02T16:09:00+0800 lvl=trce msg="Removed unpayable queued transactions"  count=0
t=2023-06-02T16:09:00+0800 lvl=trce msg="Promoted queued transactions"           count=0
t=2023-06-02T16:09:00+0800 lvl=trce msg="Pooled new future transaction"          hash=0x3367e68996e30aeed4fd34b2829fd49ee0410a7dc80eb39830ed3a7a47f46cc1 from=0x66e0851F1a162869024b4C9f6b1C4Fc5cb4832F1 to=0x0000000000000000000000000000000000000000
t=2023-06-02T16:09:00+0800 lvl=trce msg="Removed old queued transactions"        count=0
t=2023-06-02T16:09:00+0800 lvl=trce msg="Removed unpayable queued transactions"  count=0
t=2023-06-02T16:09:00+0800 lvl=trce msg="Promoted queued transactions"           count=1
t=2023-06-02T16:09:00+0800 lvl=trce msg="Pooled new future transaction"          hash=0x3531f3710328fda6dc05de2dedbb1ad5e914697ab8e21d164540e74518ed2977 from=0x66e0851F1a162869024b4C9f6b1C4Fc5cb4832F1 to=0x0000000000000000000000000000000000000000
t=2023-06-02T16:09:00+0800 lvl=trce msg="Removed old queued transactions"        count=0
t=2023-06-02T16:09:00+0800 lvl=trce msg="Removed unpayable queued transactions"  count=0
t=2023-06-02T16:09:00+0800 lvl=trce msg="Promoted queued transactions"           count=0
t=2023-06-02T16:09:00+0800 lvl=trce msg="Pooled new future transaction"          hash=0xc716df1b4180a81ba2bb2d76f8a14174dd28bdef08fd39002d5465886820c4b2 from=0x7628e7c918DAaf4dfbF615023fDBcF72b8479bCe to=0x0000000000000000000000000000000000000000
t=2023-06-02T16:09:00+0800 lvl=trce msg="Removed old queued transactions"        count=0
t=2023-06-02T16:09:00+0800 lvl=trce msg="Removed unpayable queued transactions"  count=0
t=2023-06-02T16:09:00+0800 lvl=trce msg="Promoted queued transactions"           count=1
t=2023-06-02T16:09:00+0800 lvl=trce msg="Pooled new future transaction"          hash=0x7220955590c2d6a15d768b93c4a9300381cd1761258d05090702d6104cd6d31a from=0x7628e7c918DAaf4dfbF615023fDBcF72b8479bCe to=0x0000000000000000000000000000000000000000
t=2023-06-02T16:09:00+0800 lvl=trce msg="Removed old queued transactions"        count=0
t=2023-06-02T16:09:00+0800 lvl=trce msg="Removed unpayable queued transactions"  count=0
t=2023-06-02T16:09:00+0800 lvl=trce msg="Promoted queued transactions"           count=0
t=2023-06-02T16:09:00+0800 lvl=trce msg="Pooled new future transaction"          hash=0xa4f5dd7f496152158b4aef40064709daa17f180fd9381debfd580edd634a0baf from=0x66e0851F1a162869024b4C9f6b1C4Fc5cb4832F1 to=0x0000000000000000000000000000000000000000
t=2023-06-02T16:09:00+0800 lvl=trce msg="Removed old queued transactions"        count=0
t=2023-06-02T16:09:00+0800 lvl=trce msg="Removed unpayable queued transactions"  count=0
t=2023-06-02T16:09:00+0800 lvl=trce msg="Promoted queued transactions"           count=1
t=2023-06-02T16:09:00+0800 lvl=trce msg="Pooled new future transaction"          hash=0x9e4a4e3ab21da1201c83cd6afe2e24a8292d95c3b5abb6392b1f2fa3abe02eb8 from=0x66e0851F1a162869024b4C9f6b1C4Fc5cb4832F1 to=0x0000000000000000000000000000000000000000
t=2023-06-02T16:09:00+0800 lvl=trce msg="Removed old queued transactions"        count=0
t=2023-06-02T16:09:00+0800 lvl=trce msg="Removed unpayable queued transactions"  count=0
t=2023-06-02T16:09:00+0800 lvl=trce msg="Promoted queued transactions"           count=0
t=2023-06-02T16:09:00+0800 lvl=trce msg="Pooled new future transaction"          hash=0x543a7139d9d9d429a18f73f11a48df7cc5082386f5397a311febf43decbb2c81 from=0x7628e7c918DAaf4dfbF615023fDBcF72b8479bCe to=0x0000000000000000000000000000000000000000
t=2023-06-02T16:09:00+0800 lvl=trce msg="Removed old queued transactions"        count=0
t=2023-06-02T16:09:00+0800 lvl=trce msg="Removed unpayable queued transactions"  count=0
t=2023-06-02T16:09:00+0800 lvl=trce msg="Promoted queued transactions"           count=1
t=2023-06-02T16:09:00+0800 lvl=trce msg="Pooled new future transaction"          hash=0x7eb4b431fb8eb9fceb511772a8ab425a1892e6753099e266ef5e1d1db6cdea70 from=0x7628e7c918DAaf4dfbF615023fDBcF72b8479bCe to=0x0000000000000000000000000000000000000000
t=2023-06-02T16:09:00+0800 lvl=trce msg="Removed old queued transactions"        count=0
t=2023-06-02T16:09:00+0800 lvl=trce msg="Removed unpayable queued transactions"  count=0
t=2023-06-02T16:09:00+0800 lvl=trce msg="Promoted queued transactions"           count=0
t=2023-06-02T16:09:00+0800 lvl=trce msg="Pooled new future transaction"          hash=0xaa593e413cac51bfbd8e152cecec1d9d5fea35e1b696921d52e6b13fbf08c29d from=0x66e0851F1a162869024b4C9f6b1C4Fc5cb4832F1 to=0x0000000000000000000000000000000000000000
t=2023-06-02T16:09:00+0800 lvl=trce msg="Removed old queued transactions"        count=0
t=2023-06-02T16:09:00+0800 lvl=trce msg="Removed unpayable queued transactions"  count=0
t=2023-06-02T16:09:00+0800 lvl=trce msg="Promoted queued transactions"           count=1
t=2023-06-02T16:09:00+0800 lvl=trce msg="Pooled new future transaction"          hash=0x5ed3865741b1d4bf63ed9e5482e13edff081061d22e96a1b39d726dce5d91a7c from=0x66e0851F1a162869024b4C9f6b1C4Fc5cb4832F1 to=0x0000000000000000000000000000000000000000
t=2023-06-02T16:09:00+0800 lvl=trce msg="Removed old queued transactions"        count=0
t=2023-06-02T16:09:00+0800 lvl=trce msg="Removed unpayable queued transactions"  count=0
t=2023-06-02T16:09:00+0800 lvl=trce msg="Promoted queued transactions"           count=0
t=2023-06-02T16:09:00+0800 lvl=trce msg="Pooled new future transaction"          hash=0xa9e23527c73c070499ae3a7e88087be210624e8ade4dc4a94af6e3da7d8ccfb2 from=0x7628e7c918DAaf4dfbF615023fDBcF72b8479bCe to=0x0000000000000000000000000000000000000000
t=2023-06-02T16:09:00+0800 lvl=trce msg="Removed old queued transactions"        count=0
t=2023-06-02T16:09:00+0800 lvl=trce msg="Removed unpayable queued transactions"  count=0
t=2023-06-02T16:09:00+0800 lvl=trce msg="Promoted queued transactions"           count=1
t=2023-06-02T16:09:00+0800 lvl=trce msg="Pooled new future transaction"          hash=0x11dbc232c8c4ec5d8944d32e03c10864947bab11b6c6b6c149201a69f24a9db2 from=0x7628e7c918DAaf4dfbF615023fDBcF72b8479bCe to=0x0000000000000000000000000000000000000000
t=2023-06-02T16:09:00+0800 lvl=trce msg="Removed old queued transactions"        count=0
t=2023-06-02T16:09:00+0800 lvl=trce msg="Removed unpayable queued transactions"  count=0
t=2023-06-02T16:09:00+0800 lvl=trce msg="Promoted queued transactions"           count=0
t=2023-06-02T16:09:00+0800 lvl=trce msg="Pooled new future transaction"          hash=0x8e877e338adbca84bfc9ca7b7a79f58a65244e94b3edfbd5eeb05064bc50146a from=0x66e0851F1a162869024b4C9f6b1C4Fc5cb4832F1 to=0x0000000000000000000000000000000000000000
t=2023-06-02T16:09:00+0800 lvl=trce msg="Removed old queued transactions"        count=0
t=2023-06-02T16:09:00+0800 lvl=trce msg="Removed unpayable queued transactions"  count=0
t=2023-06-02T16:09:00+0800 lvl=trce msg="Promoted queued transactions"           count=1
t=2023-06-02T16:09:00+0800 lvl=trce msg="Pooled new future transaction"          hash=0xae403f9f7c0907f929323c4ee2da5ca1f1f42e32c5be1f823c479210219ceb79 from=0x66e0851F1a162869024b4C9f6b1C4Fc5cb4832F1 to=0x0000000000000000000000000000000000000000
t=2023-06-02T16:09:00+0800 lvl=trce msg="Removed old queued transactions"        count=0
t=2023-06-02T16:09:00+0800 lvl=trce msg="Removed unpayable queued transactions"  count=0
t=2023-06-02T16:09:00+0800 lvl=trce msg="Promoted queued transactions"           count=0
t=2023-06-02T16:09:00+0800 lvl=trce msg="Pooled new future transaction"          hash=0x3b38b411c9fb0a7f46490182434a56db23c6b6d037c6d66b5cfe6b59c7ea12ae from=0x7628e7c918DAaf4dfbF615023fDBcF72b8479bCe to=0x0000000000000000000000000000000000000000
t=2023-06-02T16:09:00+0800 lvl=trce msg="Removed old queued transactions"        count=0
t=2023-06-02T16:09:00+0800 lvl=trce msg="Removed unpayable queued transactions"  count=0
t=2023-06-02T16:09:00+0800 lvl=trce msg="Promoted queued transactions"           count=1
t=2023-06-02T16:09:00+0800 lvl=trce msg="Pooled new future transaction"          hash=0x31169cc88e5ab08930e141347a1ea4d9c7c495ac3d3bd601fe6936b12cec8b86 from=0x7628e7c918DAaf4dfbF615023fDBcF72b8479bCe to=0x0000000000000000000000000000000000000000
t=2023-06-02T16:09:00+0800 lvl=trce msg="Removed old queued transactions"        count=0
t=2023-06-02T16:09:00+0800 lvl=trce msg="Removed unpayable queued transactions"  count=0
t=2023-06-02T16:09:00+0800 lvl=trce msg="Promoted queued transactions"           count=0
t=2023-06-02T16:09:00+0800 lvl=trce msg="Pooled new future transaction"          hash=0x61a567283075d0b6bd512cbfa6a8ada915874d3b42546c6e0dc037a1af37d503 from=0x66e0851F1a162869024b4C9f6b1C4Fc5cb4832F1 to=0x0000000000000000000000000000000000000000
t=2023-06-02T16:09:00+0800 lvl=trce msg="Removed old queued transactions"        count=0
t=2023-06-02T16:09:00+0800 lvl=trce msg="Removed unpayable queued transactions"  count=0
t=2023-06-02T16:09:00+0800 lvl=trce msg="Promoted queued transactions"           count=1
t=2023-06-02T16:09:00+0800 lvl=trce msg="Pooled new future transaction"          hash=0x8d03b503a2158495f63f769506f4d85dcdf5272fc8e6139935e30c6de5419134 from=0x66e0851F1a162869024b4C9f6b1C4Fc5cb4832F1 to=0x0000000000000000000000000000000000000000
t=2023-06-02T16:09:00+0800 lvl=trce msg="Removed old queued transactions"        count=0
t=2023-06-02T16:09:00+0800 lvl=trce msg="Removed unpayable queued transactions"  count=0
t=2023-06-02T16:09:00+0800 lvl=trce msg="Promoted queued transactions"           count=0
t=2023-06-02T16:09:00+0800 lvl=trce msg="Pooled new future transaction"          hash=0x058604c727e755031dcb75fd16b2bc5e37f9e48c38d867d98c04789efb0857eb from=0x7628e7c918DAaf4dfbF615023fDBcF72b8479bCe to=0x0000000000000000000000000000000000000000
t=2023-06-02T16:09:00+0800 lvl=trce msg="Removed old queued transactions"        count=0
t=2023-06-02T16:09:00+0800 lvl=trce msg="Removed unpayable queued transactions"  count=0
t=2023-06-02T16:09:00+0800 lvl=trce msg="Promoted queued transactions"           count=1
t=2023-06-02T16:09:00+0800 lvl=trce msg="Pooled new future transaction"          hash=0x814fd87e29d55c24cc7d5365c64a189b61d0a864441bcbb3f46c68e37f6c31e6 from=0x7628e7c918DAaf4dfbF615023fDBcF72b8479bCe to=0x0000000000000000000000000000000000000000
t=2023-06-02T16:09:00+0800 lvl=trce msg="Removed old queued transactions"        count=0
t=2023-06-02T16:09:00+0800 lvl=trce msg="Removed unpayable queued transactions"  count=0
t=2023-06-02T16:09:00+0800 lvl=trce msg="Promoted queued transactions"           count=0
t=2023-06-02T16:09:00+0800 lvl=trce msg="Pooled new future transaction"          hash=0x6f21d2a20afe15710930c2bcee1f301f8c1e5d2bf0e39c07a16ca695963419e9 from=0x66e0851F1a162869024b4C9f6b1C4Fc5cb4832F1 to=0x0000000000000000000000000000000000000000
t=2023-06-02T16:09:00+0800 lvl=trce msg="Removed old queued transactions"        count=0
t=2023-06-02T16:09:00+0800 lvl=trce msg="Removed unpayable queued transactions"  count=0
t=2023-06-02T16:09:00+0800 lvl=trce msg="Promoted queued transactions"           count=1
t=2023-06-02T16:09:00+0800 lvl=trce msg="Pooled new future transaction"          hash=0x11aa328b587b863003beae25414e1dd0f835b0708164a909b61afd8c7bfb082c from=0x66e0851F1a162869024b4C9f6b1C4Fc5cb4832F1 to=0x0000000000000000000000000000000000000000
t=2023-06-02T16:09:00+0800 lvl=trce msg="Removed old queued transactions"        count=0
t=2023-06-02T16:09:00+0800 lvl=trce msg="Removed unpayable queued transactions"  count=0
t=2023-06-02T16:09:00+0800 lvl=trce msg="Promoted queued transactions"           count=0
t=2023-06-02T16:09:00+0800 lvl=trce msg="Pooled new future transaction"          hash=0x536f3e1fc9aa865f62f3bc0d698f00c7254444410fbf9696db4c206d21f91da2 from=0x7628e7c918DAaf4dfbF615023fDBcF72b8479bCe to=0x0000000000000000000000000000000000000000
t=2023-06-02T16:09:00+0800 lvl=trce msg="Removed old queued transactions"        count=0
t=2023-06-02T16:09:00+0800 lvl=trce msg="Removed unpayable queued transactions"  count=0
t=2023-06-02T16:09:00+0800 lvl=trce msg="Promoted queued transactions"           count=1
t=2023-06-02T16:09:00+0800 lvl=trce msg="Pooled new future transaction"          hash=0x807e0867955dc7bc2a5640ca5ec9da877419c5e9fcdcc7436b2713f63d8d2231 from=0x7628e7c918DAaf4dfbF615023fDBcF72b8479bCe to=0x0000000000000000000000000000000000000000
t=2023-06-02T16:09:00+0800 lvl=trce msg="Removed old queued transactions"        count=0
t=2023-06-02T16:09:00+0800 lvl=trce msg="Removed unpayable queued transactions"  count=0
t=2023-06-02T16:09:00+0800 lvl=trce msg="Promoted queued transactions"           count=0
t=2023-06-02T16:09:00+0800 lvl=trce msg="Pooled new future transaction"          hash=0x9a4b367af0c81868b07bf6e57a0be612afead782ed2e74d7332b6ee79555a844 from=0x66e0851F1a162869024b4C9f6b1C4Fc5cb4832F1 to=0x0000000000000000000000000000000000000000
t=2023-06-02T16:09:00+0800 lvl=trce msg="Removed old queued transactions"        count=0
t=2023-06-02T16:09:00+0800 lvl=trce msg="Removed unpayable queued transactions"  count=0
t=2023-06-02T16:09:00+0800 lvl=trce msg="Promoted queued transactions"           count=1
t=2023-06-02T16:09:00+0800 lvl=trce msg="Pooled new future transaction"          hash=0x4914b68f0f40ad57b1f938ae6eda41a1db295510ad3583a30cbebc149dae2700 from=0x66e0851F1a162869024b4C9f6b1C4Fc5cb4832F1 to=0x0000000000000000000000000000000000000000
t=2023-06-02T16:09:00+0800 lvl=trce msg="Removed old queued transactions"        count=0
t=2023-06-02T16:09:00+0800 lvl=trce msg="Removed unpayable queued transactions"  count=0
t=2023-06-02T16:09:00+0800 lvl=trce msg="Promoted queued transactions"           count=0
t=2023-06-02T16:09:00+0800 lvl=trce msg="Pooled new future transaction"          hash=0xc1bb7db6855177796e04465e1a9447c97e83e2422a1ceca2689a6283fb62c349 from=0x7628e7c918DAaf4dfbF615023fDBcF72b8479bCe to=0x0000000000000000000000000000000000000000
t=2023-06-02T16:09:00+0800 lvl=trce msg="Removed old queued transactions"        count=0
t=2023-06-02T16:09:00+0800 lvl=trce msg="Removed unpayable queued transactions"  count=0
t=2023-06-02T16:09:00+0800 lvl=trce msg="Promoted queued transactions"           count=1
t=2023-06-02T16:09:00+0800 lvl=trce msg="Pooled new future transaction"          hash=0xe75cd8da909fba93f4c6102e1644341b85c74d5d4ec3b1a2df8fd6bbf8ef7f1c from=0x7628e7c918DAaf4dfbF615023fDBcF72b8479bCe to=0x0000000000000000000000000000000000000000
t=2023-06-02T16:09:00+0800 lvl=trce msg="Removed old queued transactions"        count=0
t=2023-06-02T16:09:00+0800 lvl=trce msg="Removed unpayable queued transactions"  count=0
t=2023-06-02T16:09:00+0800 lvl=trce msg="Promoted queued transactions"           count=0
t=2023-06-02T16:09:00+0800 lvl=trce msg="Pooled new future transaction"          hash=0x66b4c52173e517ccf490c9637f51476bbc56e3855073f78290cbe18fec23e5be from=0x66e0851F1a162869024b4C9f6b1C4Fc5cb4832F1 to=0x0000000000000000000000000000000000000000
t=2023-06-02T16:09:00+0800 lvl=trce msg="Removed old queued transactions"        count=0
t=2023-06-02T16:09:00+0800 lvl=trce msg="Removed unpayable queued transactions"  count=0
t=2023-06-02T16:09:00+0800 lvl=trce msg="Promoted queued transactions"           count=1
t=2023-06-02T16:09:00+0800 lvl=trce msg="Pooled new future transaction"          hash=0xc221bdc5bd65a8d3507b48540ec71d2866aab80e38e99cf59ff6c36c09296d75 from=0x66e0851F1a162869024b4C9f6b1C4Fc5cb4832F1 to=0x0000000000000000000000000000000000000000
t=2023-06-02T16:09:00+0800 lvl=trce msg="Removed old queued transactions"        count=0
t=2023-06-02T16:09:00+0800 lvl=trce msg="Removed unpayable queued transactions"  count=0
t=2023-06-02T16:09:00+0800 lvl=trce msg="Promoted queued transactions"           count=0
t=2023-06-02T16:09:00+0800 lvl=trce msg="Pooled new future transaction"          hash=0x11027966d3d14e8aa03b8478c6e18fbbaf677f74a5ddcb3a0470bc5b12b7f293 from=0x7628e7c918DAaf4dfbF615023fDBcF72b8479bCe to=0x0000000000000000000000000000000000000000
t=2023-06-02T16:09:00+0800 lvl=trce msg="Removed old queued transactions"        count=0
t=2023-06-02T16:09:00+0800 lvl=trce msg="Removed unpayable queued transactions"  count=0
t=2023-06-02T16:09:00+0800 lvl=trce msg="Promoted queued transactions"           count=1
t=2023-06-02T16:09:00+0800 lvl=trce msg="Pooled new future transaction"          hash=0x5e5a0473681734b759fca270b2781f2115e0eed9786a42a8609936ff6e6a9b51 from=0x7628e7c918DAaf4dfbF615023fDBcF72b8479bCe to=0x0000000000000000000000000000000000000000
t=2023-06-02T16:09:00+0800 lvl=trce msg="Removed old queued transactions"        count=0
t=2023-06-02T16:09:00+0800 lvl=trce msg="Removed unpayable queued transactions"  count=0
t=2023-06-02T16:09:00+0800 lvl=trce msg="Promoted queued transactions"           count=0
t=2023-06-02T16:09:00+0800 lvl=trce msg="Pooled new future transaction"          hash=0xd7e3f2e41418ff6bc1cfde8797c27473dbd1c13dd5a1c6961daec07eb07e83c4 from=0x66e0851F1a162869024b4C9f6b1C4Fc5cb4832F1 to=0x0000000000000000000000000000000000000000
t=2023-06-02T16:09:00+0800 lvl=trce msg="Removed old queued transactions"        count=0
t=2023-06-02T16:09:00+0800 lvl=trce msg="Removed unpayable queued transactions"  count=0
t=2023-06-02T16:09:00+0800 lvl=trce msg="Promoted queued transactions"           count=1
t=2023-06-02T16:09:00+0800 lvl=trce msg="Pooled new future transaction"          hash=0xcfa269604dcb20b2613e99e19ee0065ada381c5b341f0eddc18ac8726de329ea from=0x66e0851F1a162869024b4C9f6b1C4Fc5cb4832F1 to=0x0000000000000000000000000000000000000000
t=2023-06-02T16:09:00+0800 lvl=trce msg="Removed old queued transactions"        count=0
t=2023-06-02T16:09:00+0800 lvl=trce msg="Removed unpayable queued transactions"  count=0
t=2023-06-02T16:09:00+0800 lvl=trce msg="Promoted queued transactions"           count=0
t=2023-06-02T16:09:00+0800 lvl=trce msg="Pooled new future transaction"          hash=0x3a89460935323f6aa71c060e7372b428d8055f7500ffc18d287e410b80a73d88 from=0x7628e7c918DAaf4dfbF615023fDBcF72b8479bCe to=0x0000000000000000000000000000000000000000
t=2023-06-02T16:09:00+0800 lvl=trce msg="Removed old queued transactions"        count=0
t=2023-06-02T16:09:00+0800 lvl=trce msg="Removed unpayable queued transactions"  count=0
t=2023-06-02T16:09:00+0800 lvl=trce msg="Promoted queued transactions"           count=1
t=2023-06-02T16:09:00+0800 lvl=trce msg="Pooled new future transaction"          hash=0x31aaba86223eb6e01f6034c9618f41f8a636bbcb14660efaf49cd21b3ff04c20 from=0x7628e7c918DAaf4dfbF615023fDBcF72b8479bCe to=0x0000000000000000000000000000000000000000
t=2023-06-02T16:09:00+0800 lvl=trce msg="Removed old queued transactions"        count=0
t=2023-06-02T16:09:00+0800 lvl=trce msg="Removed unpayable queued transactions"  count=0
t=2023-06-02T16:09:00+0800 lvl=trce msg="Promoted queued transactions"           count=0
t=2023-06-02T16:09:00+0800 lvl=trce msg="Pooled new future transaction"          hash=0xd539a7e5af0cfbaf3d64c0c6a059f77d3ed9d58eef28f461918132e1011e34f7 from=0x66e0851F1a162869024b4C9f6b1C4Fc5cb4832F1 to=0x0000000000000000000000000000000000000000
t=2023-06-02T16:09:00+0800 lvl=trce msg="Removed old queued transactions"        count=0
t=2023-06-02T16:09:00+0800 lvl=trce msg="Removed unpayable queued transactions"  count=0
t=2023-06-02T16:09:00+0800 lvl=trce msg="Promoted queued transactions"           count=1
t=2023-06-02T16:09:00+0800 lvl=trce msg="Pooled new future transaction"          hash=0x0c4000c5724f0f6617a51215c3aa4d56d963050cb5bddafbd38daa5f81e11e75 from=0x66e0851F1a162869024b4C9f6b1C4Fc5cb4832F1 to=0x0000000000000000000000000000000000000000
t=2023-06-02T16:09:00+0800 lvl=trce msg="Removed old queued transactions"        count=0
t=2023-06-02T16:09:00+0800 lvl=trce msg="Removed unpayable queued transactions"  count=0
t=2023-06-02T16:09:00+0800 lvl=trce msg="Promoted queued transactions"           count=0
t=2023-06-02T16:09:00+0800 lvl=trce msg="Pooled new future transaction"          hash=0x328ed7ab2dd6a69b0ddf4fce7cebea22f3111d51a094b2fd88524e00d1ecafc5 from=0x7628e7c918DAaf4dfbF615023fDBcF72b8479bCe to=0x0000000000000000000000000000000000000000
t=2023-06-02T16:09:00+0800 lvl=trce msg="Removed old queued transactions"        count=0
t=2023-06-02T16:09:00+0800 lvl=trce msg="Removed unpayable queued transactions"  count=0
t=2023-06-02T16:09:00+0800 lvl=trce msg="Promoted queued transactions"           count=1
t=2023-06-02T16:09:00+0800 lvl=trce msg="Pooled new future transaction"          hash=0x5524fffca16e27d1cc3ef8f3fd5e93f81cb0a847276441898c3c139e75986649 from=0x7628e7c918DAaf4dfbF615023fDBcF72b8479bCe to=0x0000000000000000000000000000000000000000
t=2023-06-02T16:09:00+0800 lvl=trce msg="Removed old queued transactions"        count=0
t=2023-06-02T16:09:00+0800 lvl=trce msg="Removed unpayable queued transactions"  count=0
t=2023-06-02T16:09:00+0800 lvl=trce msg="Promoted queued transactions"           count=0
t=2023-06-02T16:09:00+0800 lvl=trce msg="Pooled new future transaction"          hash=0xb3c0174dc97b8e891863c7bcfa20febf0a609df50de4b2a40f219935de37f653 from=0x66e0851F1a162869024b4C9f6b1C4Fc5cb4832F1 to=0x0000000000000000000000000000000000000000
t=2023-06-02T16:09:00+0800 lvl=trce msg="Removed old queued transactions"        count=0
t=2023-06-02T16:09:00+0800 lvl=trce msg="Removed unpayable queued transactions"  count=0
t=2023-06-02T16:09:00+0800 lvl=trce msg="Promoted queued transactions"           count=1
t=2023-06-02T16:09:00+0800 lvl=trce msg="Pooled new future transaction"          hash=0x124ff6880520d135d9a7dd0f780f5ae07d0738138cb74797c213a1c9e91a389b from=0x66e0851F1a162869024b4C9f6b1C4Fc5cb4832F1 to=0x0000000000000000000000000000000000000000
t=2023-06-02T16:09:00+0800 lvl=trce msg="Removed old queued transactions"        count=0
t=2023-06-02T16:09:00+0800 lvl=trce msg="Removed unpayable queued transactions"  count=0
t=2023-06-02T16:09:00+0800 lvl=trce msg="Promoted queued transactions"           count=0
t=2023-06-02T16:09:00+0800 lvl=trce msg="Pooled new future transaction"          hash=0x619fe5d35f4ed865952a4b6cb67bc7c3249605c8a28cff9505266b120cbc67b9 from=0x7628e7c918DAaf4dfbF615023fDBcF72b8479bCe to=0x0000000000000000000000000000000000000000
t=2023-06-02T16:09:00+0800 lvl=trce msg="Removed old queued transactions"        count=0
t=2023-06-02T16:09:00+0800 lvl=trce msg="Removed unpayable queued transactions"  count=0
t=2023-06-02T16:09:00+0800 lvl=trce msg="Promoted queued transactions"           count=1
t=2023-06-02T16:09:00+0800 lvl=trce msg="Pooled new future transaction"          hash=0xde79b62c1228a244145989c015028a0602c56ece278639a953e1e97cd048418d from=0x7628e7c918DAaf4dfbF615023fDBcF72b8479bCe to=0x0000000000000000000000000000000000000000
t=2023-06-02T16:09:00+0800 lvl=trce msg="Removed old queued transactions"        count=0
t=2023-06-02T16:09:00+0800 lvl=trce msg="Removed unpayable queued transactions"  count=0
t=2023-06-02T16:09:00+0800 lvl=trce msg="Promoted queued transactions"           count=0
t=2023-06-02T16:09:00+0800 lvl=trce msg="Pooled new future transaction"          hash=0xe061a8ae2a9363c52b0ac1640e335d13048638c9a529e47569f0b753671507be from=0x66e0851F1a162869024b4C9f6b1C4Fc5cb4832F1 to=0x0000000000000000000000000000000000000000
t=2023-06-02T16:09:00+0800 lvl=trce msg="Removed old queued transactions"        count=0
t=2023-06-02T16:09:00+0800 lvl=trce msg="Removed unpayable queued transactions"  count=0
t=2023-06-02T16:09:00+0800 lvl=trce msg="Promoted queued transactions"           count=1
t=2023-06-02T16:09:00+0800 lvl=trce msg="Pooled new future transaction"          hash=0x8f0eac17778ee98c2213f42b2cd461344d7c61753c8c822cda9ce02818a77869 from=0x66e0851F1a162869024b4C9f6b1C4Fc5cb4832F1 to=0x0000000000000000000000000000000000000000
t=2023-06-02T16:09:00+0800 lvl=trce msg="Removed old queued transactions"        count=0
t=2023-06-02T16:09:00+0800 lvl=trce msg="Removed unpayable queued transactions"  count=0
t=2023-06-02T16:09:00+0800 lvl=trce msg="Promoted queued transactions"           count=0
t=2023-06-02T16:09:00+0800 lvl=trce msg="Pooled new future transaction"          hash=0xad4a1f84c313f38e4fc0d46c06111624d5b667e2188e031dd80179f1958fffc9 from=0x7628e7c918DAaf4dfbF615023fDBcF72b8479bCe to=0x0000000000000000000000000000000000000000
t=2023-06-02T16:09:00+0800 lvl=trce msg="Removed old queued transactions"        count=0
t=2023-06-02T16:09:00+0800 lvl=trce msg="Removed unpayable queued transactions"  count=0
t=2023-06-02T16:09:00+0800 lvl=trce msg="Promoted queued transactions"           count=1
t=2023-06-02T16:09:00+0800 lvl=trce msg="Pooled new future transaction"          hash=0xc14eb1f1e63685069c489a34b6ceaee2c48cea5b42495e44ce31071573a5a4a9 from=0x7628e7c918DAaf4dfbF615023fDBcF72b8479bCe to=0x0000000000000000000000000000000000000000
t=2023-06-02T16:09:00+0800 lvl=trce msg="Removed old queued transactions"        count=0
t=2023-06-02T16:09:00+0800 lvl=trce msg="Removed unpayable queued transactions"  count=0
t=2023-06-02T16:09:00+0800 lvl=trce msg="Promoted queued transactions"           count=0
t=2023-06-02T16:09:00+0800 lvl=trce msg="Pooled new future transaction"          hash=0xa40538bc600dfb3bf87188df81e5ecbd18c6c0680194563125b1ba4af65b68f9 from=0x66e0851F1a162869024b4C9f6b1C4Fc5cb4832F1 to=0x0000000000000000000000000000000000000000
t=2023-06-02T16:09:00+0800 lvl=trce msg="Removed old queued transactions"        count=0
t=2023-06-02T16:09:00+0800 lvl=trce msg="Removed unpayable queued transactions"  count=0
t=2023-06-02T16:09:00+0800 lvl=trce msg="Promoted queued transactions"           count=1
t=2023-06-02T16:09:00+0800 lvl=trce msg="Pooled new future transaction"          hash=0xcdc433fee0b0c4551de124af6ca517df08edd5002424d315ce29e264fc4af799 from=0x66e0851F1a162869024b4C9f6b1C4Fc5cb4832F1 to=0x0000000000000000000000000000000000000000
t=2023-06-02T16:09:00+0800 lvl=trce msg="Removed old queued transactions"        count=0
t=2023-06-02T16:09:00+0800 lvl=trce msg="Removed unpayable queued transactions"  count=0
t=2023-06-02T16:09:00+0800 lvl=trce msg="Promoted queued transactions"           count=0
t=2023-06-02T16:09:00+0800 lvl=trce msg="Pooled new future transaction"          hash=0x4d01f163c93070894c79e345294d98eefe4ce9ca96068974e7b63cb3a6d3fb29 from=0x7628e7c918DAaf4dfbF615023fDBcF72b8479bCe to=0x0000000000000000000000000000000000000000
t=2023-06-02T16:09:00+0800 lvl=trce msg="Removed old queued transactions"        count=0
t=2023-06-02T16:09:00+0800 lvl=trce msg="Removed unpayable queued transactions"  count=0
t=2023-06-02T16:09:00+0800 lvl=trce msg="Promoted queued transactions"           count=1
t=2023-06-02T16:09:00+0800 lvl=trce msg="Pooled new future transaction"          hash=0x0455dd2ecc56bc43d75dcc1ff9b6f041dc603bfcb3daaa7e119ea4bdbe106c88 from=0x7628e7c918DAaf4dfbF615023fDBcF72b8479bCe to=0x0000000000000000000000000000000000000000
t=2023-06-02T16:09:00+0800 lvl=trce msg="Removed old queued transactions"        count=0
t=2023-06-02T16:09:00+0800 lvl=trce msg="Removed unpayable queued transactions"  count=0
t=2023-06-02T16:09:00+0800 lvl=trce msg="Promoted queued transactions"           count=0
t=2023-06-02T16:09:00+0800 lvl=trce msg="Pooled new future transaction"          hash=0x8946711b6dd7e8af4c5381d5efff9cc5a6f641c895f711185474340e5f91192b from=0x66e0851F1a162869024b4C9f6b1C4Fc5cb4832F1 to=0x0000000000000000000000000000000000000000
t=2023-06-02T16:09:00+0800 lvl=trce msg="Removed old queued transactions"        count=0
t=2023-06-02T16:09:00+0800 lvl=trce msg="Removed unpayable queued transactions"  count=0
t=2023-06-02T16:09:00+0800 lvl=trce msg="Promoted queued transactions"           count=1
t=2023-06-02T16:09:00+0800 lvl=trce msg="Pooled new future transaction"          hash=0x74cc02cf81dbab24a3b7de3dac4b812f0a9f6be769c10f0a54d39d391f66dfaa from=0x66e0851F1a162869024b4C9f6b1C4Fc5cb4832F1 to=0x0000000000000000000000000000000000000000
t=2023-06-02T16:09:00+0800 lvl=trce msg="Removed old queued transactions"        count=0
t=2023-06-02T16:09:00+0800 lvl=trce msg="Removed unpayable queued transactions"  count=0
t=2023-06-02T16:09:00+0800 lvl=trce msg="Promoted queued transactions"           count=0
t=2023-06-02T16:09:00+0800 lvl=trce msg="Pooled new future transaction"          hash=0xa6b2dbb5115e7250516925a32a1aad886f7ae2054183374b116cb0ff2959aa28 from=0x7628e7c918DAaf4dfbF615023fDBcF72b8479bCe to=0x0000000000000000000000000000000000000000
t=2023-06-02T16:09:00+0800 lvl=trce msg="Removed old queued transactions"        count=0
t=2023-06-02T16:09:00+0800 lvl=trce msg="Removed unpayable queued transactions"  count=0
t=2023-06-02T16:09:00+0800 lvl=trce msg="Promoted queued transactions"           count=1
t=2023-06-02T16:09:00+0800 lvl=trce msg="Pooled new future transaction"          hash=0xa6ea9eb6fd61fb3c02d5dc36d9f045d7bc6f331635ba7830648ba3ff431ec728 from=0x7628e7c918DAaf4dfbF615023fDBcF72b8479bCe to=0x0000000000000000000000000000000000000000
t=2023-06-02T16:09:00+0800 lvl=trce msg="Removed old queued transactions"        count=0
t=2023-06-02T16:09:00+0800 lvl=trce msg="Removed unpayable queued transactions"  count=0
t=2023-06-02T16:09:00+0800 lvl=trce msg="Promoted queued transactions"           count=0
t=2023-06-02T16:09:00+0800 lvl=trce msg="Pooled new future transaction"          hash=0xbc70a8a09d95b31666ba8160dcbc8fc4231eab06b9377230e4447a099b9d1227 from=0x66e0851F1a162869024b4C9f6b1C4Fc5cb4832F1 to=0x0000000000000000000000000000000000000000
t=2023-06-02T16:09:00+0800 lvl=trce msg="Removed old queued transactions"        count=0
t=2023-06-02T16:09:00+0800 lvl=trce msg="Removed unpayable queued transactions"  count=0
t=2023-06-02T16:09:00+0800 lvl=trce msg="Promoted queued transactions"           count=1
t=2023-06-02T16:09:00+0800 lvl=trce msg="Pooled new future transaction"          hash=0x26069df24cc8bdeb1578b82d0806286b6e5fd09c93e9b11fd4a848c80473885e from=0x66e0851F1a162869024b4C9f6b1C4Fc5cb4832F1 to=0x0000000000000000000000000000000000000000
t=2023-06-02T16:09:00+0800 lvl=trce msg="Removed old queued transactions"        count=0
t=2023-06-02T16:09:00+0800 lvl=trce msg="Removed unpayable queued transactions"  count=0
t=2023-06-02T16:09:00+0800 lvl=trce msg="Promoted queued transactions"           count=0
t=2023-06-02T16:09:00+0800 lvl=trce msg="Pooled new future transaction"          hash=0x92dc8920046e109ee2fd14fa1e6dc543fca0ef0252e7ac2611ea82e2c67f2404 from=0x7628e7c918DAaf4dfbF615023fDBcF72b8479bCe to=0x0000000000000000000000000000000000000000
t=2023-06-02T16:09:00+0800 lvl=trce msg="Removed old queued transactions"        count=0
t=2023-06-02T16:09:00+0800 lvl=trce msg="Removed unpayable queued transactions"  count=0
t=2023-06-02T16:09:00+0800 lvl=trce msg="Promoted queued transactions"           count=1
t=2023-06-02T16:09:00+0800 lvl=trce msg="Pooled new future transaction"          hash=0xc59d3aa3500977069815ddb14b95dc55f41d8c2bb0b6a67dcc59f6fab0e0a8b3 from=0x7628e7c918DAaf4dfbF615023fDBcF72b8479bCe to=0x0000000000000000000000000000000000000000
t=2023-06-02T16:09:00+0800 lvl=trce msg="Removed old queued transactions"        count=0
t=2023-06-02T16:09:00+0800 lvl=trce msg="Removed unpayable queued transactions"  count=0
t=2023-06-02T16:09:00+0800 lvl=trce msg="Promoted queued transactions"           count=0
t=2023-06-02T16:09:00+0800 lvl=trce msg="Pooled new future transaction"          hash=0xffd84d3d850bc54306b694c2a251b4603b5b7ae7d45bba61f0854f2952fc3ed1 from=0x66e0851F1a162869024b4C9f6b1C4Fc5cb4832F1 to=0x0000000000000000000000000000000000000000
t=2023-06-02T16:09:00+0800 lvl=trce msg="Removed old queued transactions"        count=0
t=2023-06-02T16:09:00+0800 lvl=trce msg="Removed unpayable queued transactions"  count=0
t=2023-06-02T16:09:00+0800 lvl=trce msg="Promoted queued transactions"           count=1
t=2023-06-02T16:09:00+0800 lvl=trce msg="Pooled new future transaction"          hash=0x6b82b4844edc922ab692e3e9cea351f35abad7a81d3375bea3aef33e0d5bf51f from=0x66e0851F1a162869024b4C9f6b1C4Fc5cb4832F1 to=0x0000000000000000000000000000000000000000
t=2023-06-02T16:09:00+0800 lvl=trce msg="Removed old queued transactions"        count=0
t=2023-06-02T16:09:00+0800 lvl=trce msg="Removed unpayable queued transactions"  count=0
t=2023-06-02T16:09:00+0800 lvl=trce msg="Promoted queued transactions"           count=0
t=2023-06-02T16:09:00+0800 lvl=trce msg="Pooled new future transaction"          hash=0x054a37742811230f810c36653846edffbb5576c633a4abea16dabc0ea997829c from=0x7628e7c918DAaf4dfbF615023fDBcF72b8479bCe to=0x0000000000000000000000000000000000000000
t=2023-06-02T16:09:00+0800 lvl=trce msg="Removed old queued transactions"        count=0
t=2023-06-02T16:09:00+0800 lvl=trce msg="Removed unpayable queued transactions"  count=0
t=2023-06-02T16:09:00+0800 lvl=trce msg="Promoted queued transactions"           count=1
t=2023-06-02T16:09:00+0800 lvl=trce msg="Pooled new future transaction"          hash=0xa076fe353662233b0bcba336c500d0a392e5d107bff9f6c61635ce2227da92d4 from=0x7628e7c918DAaf4dfbF615023fDBcF72b8479bCe to=0x0000000000000000000000000000000000000000
t=2023-06-02T16:09:00+0800 lvl=trce msg="Removed old queued transactions"        count=0
t=2023-06-02T16:09:00+0800 lvl=trce msg="Removed unpayable queued transactions"  count=0
t=2023-06-02T16:09:00+0800 lvl=trce msg="Promoted queued transactions"           count=0
t=2023-06-02T16:09:00+0800 lvl=trce msg="Pooled new future transaction"          hash=0xd01cbcf9f72febd6bc9f7bf6ce424885d775090c15b747096768b3892be78436 from=0x66e0851F1a162869024b4C9f6b1C4Fc5cb4832F1 to=0x0000000000000000000000000000000000000000
t=2023-06-02T16:09:00+0800 lvl=trce msg="Removed old queued transactions"        count=0
t=2023-06-02T16:09:00+0800 lvl=trce msg="Removed unpayable queued transactions"  count=0
t=2023-06-02T16:09:00+0800 lvl=trce msg="Promoted queued transactions"           count=1
t=2023-06-02T16:09:00+0800 lvl=trce msg="Pooled new future transaction"          hash=0xac3c83ba4dba9e73cb56d80bd2432be28c22f4151be2443157c058b92b828263 from=0x66e0851F1a162869024b4C9f6b1C4Fc5cb4832F1 to=0x0000000000000000000000000000000000000000
t=2023-06-02T16:09:00+0800 lvl=trce msg="Removed old queued transactions"        count=0
t=2023-06-02T16:09:00+0800 lvl=trce msg="Removed unpayable queued transactions"  count=0
t=2023-06-02T16:09:00+0800 lvl=trce msg="Promoted queued transactions"           count=0
t=2023-06-02T16:09:00+0800 lvl=trce msg="Pooled new future transaction"          hash=0xf79ebcaf3110c4ece2e04f607f6dccefdfefe642c45b6904202486288bd06878 from=0x7628e7c918DAaf4dfbF615023fDBcF72b8479bCe to=0x0000000000000000000000000000000000000000
t=2023-06-02T16:09:00+0800 lvl=trce msg="Removed old queued transactions"        count=0
t=2023-06-02T16:09:00+0800 lvl=trce msg="Removed unpayable queued transactions"  count=0
t=2023-06-02T16:09:00+0800 lvl=trce msg="Promoted queued transactions"           count=1
t=2023-06-02T16:09:00+0800 lvl=trce msg="Pooled new future transaction"          hash=0x7d235484215935c79178cdd46b147119c7c6d0d9435e39eabfb66115641d9a73 from=0x7628e7c918DAaf4dfbF615023fDBcF72b8479bCe to=0x0000000000000000000000000000000000000000
t=2023-06-02T16:09:00+0800 lvl=trce msg="Removed old queued transactions"        count=0
t=2023-06-02T16:09:00+0800 lvl=trce msg="Removed unpayable queued transactions"  count=0
t=2023-06-02T16:09:00+0800 lvl=trce msg="Promoted queued transactions"           count=0
t=2023-06-02T16:09:00+0800 lvl=trce msg="Pooled new future transaction"          hash=0xc3b2070ca4cc9322ea177dc7a5ba6d38ac4c6ce6282e7aacb01ad7d958e752d9 from=0x66e0851F1a162869024b4C9f6b1C4Fc5cb4832F1 to=0x0000000000000000000000000000000000000000
t=2023-06-02T16:09:00+0800 lvl=trce msg="Removed old queued transactions"        count=0
t=2023-06-02T16:09:00+0800 lvl=trce msg="Removed unpayable queued transactions"  count=0
t=2023-06-02T16:09:00+0800 lvl=trce msg="Promoted queued transactions"           count=1
t=2023-06-02T16:09:00+0800 lvl=trce msg="Pooled new future transaction"          hash=0x449003240734693f9664f686d8da311a4d20c65f3c04f48c978d92c2474470d4 from=0x66e0851F1a162869024b4C9f6b1C4Fc5cb4832F1 to=0x0000000000000000000000000000000000000000
t=2023-06-02T16:09:00+0800 lvl=trce msg="Removed old queued transactions"        count=0
t=2023-06-02T16:09:00+0800 lvl=trce msg="Removed unpayable queued transactions"  count=0
t=2023-06-02T16:09:00+0800 lvl=trce msg="Promoted queued transactions"           count=0
t=2023-06-02T16:09:00+0800 lvl=trce msg="Pooled new future transaction"          hash=0x841448e318e26cd6d0a2e32090d80bcf3611f804bcda6ba0e71f7dd3bfa5deec from=0x7628e7c918DAaf4dfbF615023fDBcF72b8479bCe to=0x0000000000000000000000000000000000000000
t=2023-06-02T16:09:00+0800 lvl=trce msg="Removed old queued transactions"        count=0
t=2023-06-02T16:09:00+0800 lvl=trce msg="Removed unpayable queued transactions"  count=0
t=2023-06-02T16:09:00+0800 lvl=trce msg="Promoted queued transactions"           count=1
t=2023-06-02T16:09:00+0800 lvl=trce msg="Pooled new future transaction"          hash=0x6c3f802212d969f8fd337ba23f59f1e989464c5c60f03bc138cb3940e78ec96f from=0x7628e7c918DAaf4dfbF615023fDBcF72b8479bCe to=0x0000000000000000000000000000000000000000
t=2023-06-02T16:09:00+0800 lvl=trce msg="Removed old queued transactions"        count=0
t=2023-06-02T16:09:00+0800 lvl=trce msg="Removed unpayable queued transactions"  count=0
t=2023-06-02T16:09:00+0800 lvl=trce msg="Promoted queued transactions"           count=0
t=2023-06-02T16:09:00+0800 lvl=trce msg="Pooled new future transaction"          hash=0xeca7cef4e5c0aa7bb0c63082257fa133b6d7039df26d9534eab7674e3d70eee8 from=0x66e0851F1a162869024b4C9f6b1C4Fc5cb4832F1 to=0x0000000000000000000000000000000000000000
t=2023-06-02T16:09:00+0800 lvl=trce msg="Removed old queued transactions"        count=0
t=2023-06-02T16:09:00+0800 lvl=trce msg="Removed unpayable queued transactions"  count=0
t=2023-06-02T16:09:00+0800 lvl=trce msg="Promoted queued transactions"           count=1
t=2023-06-02T16:09:00+0800 lvl=trce msg="Pooled new future transaction"          hash=0x320cf8ec9de8f6e7f025b4c3696d5ea08ad7b22aab9c71f03ae42ca3df197579 from=0x66e0851F1a162869024b4C9f6b1C4Fc5cb4832F1 to=0x0000000000000000000000000000000000000000
t=2023-06-02T16:09:00+0800 lvl=trce msg="Removed old queued transactions"        count=0
t=2023-06-02T16:09:00+0800 lvl=trce msg="Removed unpayable queued transactions"  count=0
t=2023-06-02T16:09:00+0800 lvl=trce msg="Promoted queued transactions"           count=0
t=2023-06-02T16:09:00+0800 lvl=trce msg="Pooled new future transaction"          hash=0x4a3cc5a65a14a396e5bcc8421bcc260a47fb986dd7f5a62d0efa5965a1c867b9 from=0x7628e7c918DAaf4dfbF615023fDBcF72b8479bCe to=0x0000000000000000000000000000000000000000
t=2023-06-02T16:09:00+0800 lvl=trce msg="Removed old queued transactions"        count=0
t=2023-06-02T16:09:00+0800 lvl=trce msg="Removed unpayable queued transactions"  count=0
t=2023-06-02T16:09:00+0800 lvl=trce msg="Promoted queued transactions"           count=1
t=2023-06-02T16:09:00+0800 lvl=trce msg="Pooled new future transaction"          hash=0xc2fd29d51a221d053ecb48f94500248018c6ff0bd7ec28208f56fd7336c9cf97 from=0x7628e7c918DAaf4dfbF615023fDBcF72b8479bCe to=0x0000000000000000000000000000000000000000
t=2023-06-02T16:09:00+0800 lvl=trce msg="Removed old queued transactions"        count=0
t=2023-06-02T16:09:00+0800 lvl=trce msg="Removed unpayable queued transactions"  count=0
t=2023-06-02T16:09:00+0800 lvl=trce msg="Promoted queued transactions"           count=0
t=2023-06-02T16:09:00+0800 lvl=trce msg="Pooled new future transaction"          hash=0x01cd10e058715dfba8597d9fab7c00729d9a438d109abc18b0d09df9711eba87 from=0x66e0851F1a162869024b4C9f6b1C4Fc5cb4832F1 to=0x0000000000000000000000000000000000000000
t=2023-06-02T16:09:00+0800 lvl=trce msg="Removed old queued transactions"        count=0
t=2023-06-02T16:09:00+0800 lvl=trce msg="Removed unpayable queued transactions"  count=0
t=2023-06-02T16:09:00+0800 lvl=trce msg="Promoted queued transactions"           count=1
t=2023-06-02T16:09:00+0800 lvl=trce msg="Pooled new future transaction"          hash=0x2b77379b03b428c153fa6698361bd88cb7a6e3bf8177c8c339aaf951fd6dd2a1 from=0x66e0851F1a162869024b4C9f6b1C4Fc5cb4832F1 to=0x0000000000000000000000000000000000000000
t=2023-06-02T16:09:00+0800 lvl=trce msg="Removed old queued transactions"        count=0
t=2023-06-02T16:09:00+0800 lvl=trce msg="Removed unpayable queued transactions"  count=0
t=2023-06-02T16:09:00+0800 lvl=trce msg="Promoted queued transactions"           count=0
t=2023-06-02T16:09:00+0800 lvl=trce msg="Pooled new future transaction"          hash=0x07e2a97031702236927b7327bd1598c28bdeb5111c1f61cfc616c532c192f4bd from=0x7628e7c918DAaf4dfbF615023fDBcF72b8479bCe to=0x0000000000000000000000000000000000000000
t=2023-06-02T16:09:00+0800 lvl=trce msg="Removed old queued transactions"        count=0
t=2023-06-02T16:09:00+0800 lvl=trce msg="Removed unpayable queued transactions"  count=0
t=2023-06-02T16:09:00+0800 lvl=trce msg="Promoted queued transactions"           count=1
t=2023-06-02T16:09:00+0800 lvl=trce msg="Pooled new future transaction"          hash=0xf34ba995cdc7e449b225d561fa0c4e67bb2699637f969141b082abd8747a511c from=0x7628e7c918DAaf4dfbF615023fDBcF72b8479bCe to=0x0000000000000000000000000000000000000000
t=2023-06-02T16:09:00+0800 lvl=trce msg="Removed old queued transactions"        count=0
t=2023-06-02T16:09:00+0800 lvl=trce msg="Removed unpayable queued transactions"  count=0
t=2023-06-02T16:09:00+0800 lvl=trce msg="Promoted queued transactions"           count=0
t=2023-06-02T16:09:00+0800 lvl=trce msg="Pooled new future transaction"          hash=0xa367dc2b50f099e36d9b694a709d53f75c125aab9d5aa33154afb0e04ee7d62a from=0x66e0851F1a162869024b4C9f6b1C4Fc5cb4832F1 to=0x0000000000000000000000000000000000000000
t=2023-06-02T16:09:00+0800 lvl=trce msg="Removed old queued transactions"        count=0
t=2023-06-02T16:09:00+0800 lvl=trce msg="Removed unpayable queued transactions"  count=0
t=2023-06-02T16:09:00+0800 lvl=trce msg="Promoted queued transactions"           count=1
t=2023-06-02T16:09:00+0800 lvl=trce msg="Pooled new future transaction"          hash=0xd7ee14ab6f1a746c2bfa8c698cde840fff7669f21e4b4e6ad073e54f0b7f33d1 from=0x66e0851F1a162869024b4C9f6b1C4Fc5cb4832F1 to=0x0000000000000000000000000000000000000000
t=2023-06-02T16:09:00+0800 lvl=trce msg="Removed old queued transactions"        count=0
t=2023-06-02T16:09:00+0800 lvl=trce msg="Removed unpayable queued transactions"  count=0
t=2023-06-02T16:09:00+0800 lvl=trce msg="Promoted queued transactions"           count=0
t=2023-06-02T16:09:00+0800 lvl=trce msg="Pooled new future transaction"          hash=0xcc504b977a5e0da39060bcfc9a70e8a68a1cc7eb1e5f8b2a3e9395ea01b66037 from=0x7628e7c918DAaf4dfbF615023fDBcF72b8479bCe to=0x0000000000000000000000000000000000000000
t=2023-06-02T16:09:00+0800 lvl=trce msg="Removed old queued transactions"        count=0
t=2023-06-02T16:09:00+0800 lvl=trce msg="Removed unpayable queued transactions"  count=0
t=2023-06-02T16:09:00+0800 lvl=trce msg="Promoted queued transactions"           count=1
t=2023-06-02T16:09:00+0800 lvl=trce msg="Pooled new future transaction"          hash=0xb7832928c7eb7543cd96b51c9b862884aac157943d212e65b53dea03d282ecd8 from=0x7628e7c918DAaf4dfbF615023fDBcF72b8479bCe to=0x0000000000000000000000000000000000000000
t=2023-06-02T16:09:00+0800 lvl=trce msg="Removed old queued transactions"        count=0
t=2023-06-02T16:09:00+0800 lvl=trce msg="Removed unpayable queued transactions"  count=0
t=2023-06-02T16:09:00+0800 lvl=trce msg="Promoted queued transactions"           count=0
t=2023-06-02T16:09:00+0800 lvl=trce msg="Pooled new future transaction"          hash=0xd79284b40f2851864883bbdc8d98417759163fb3321167cafe92b962669e5a63 from=0x66e0851F1a162869024b4C9f6b1C4Fc5cb4832F1 to=0x0000000000000000000000000000000000000000
t=2023-06-02T16:09:00+0800 lvl=trce msg="Removed old queued transactions"        count=0
t=2023-06-02T16:09:00+0800 lvl=trce msg="Removed unpayable queued transactions"  count=0
t=2023-06-02T16:09:00+0800 lvl=trce msg="Promoted queued transactions"           count=1
t=2023-06-02T16:09:00+0800 lvl=trce msg="Pooled new future transaction"          hash=0xbfcd377e5d581d90404e397f73e9b5c80fa3a852cda21932862c0c804eff7f6e from=0x66e0851F1a162869024b4C9f6b1C4Fc5cb4832F1 to=0x0000000000000000000000000000000000000000
t=2023-06-02T16:09:00+0800 lvl=trce msg="Removed old queued transactions"        count=0
t=2023-06-02T16:09:00+0800 lvl=trce msg="Removed unpayable queued transactions"  count=0
t=2023-06-02T16:09:00+0800 lvl=trce msg="Promoted queued transactions"           count=0
t=2023-06-02T16:09:00+0800 lvl=trce msg="Pooled new future transaction"          hash=0x0d712182d15afcf50979525ef0b104acfed016ce4b11850998004ec390fd79fc from=0x7628e7c918DAaf4dfbF615023fDBcF72b8479bCe to=0x0000000000000000000000000000000000000000
t=2023-06-02T16:09:00+0800 lvl=trce msg="Removed old queued transactions"        count=0
t=2023-06-02T16:09:00+0800 lvl=trce msg="Removed unpayable queued transactions"  count=0
t=2023-06-02T16:09:00+0800 lvl=trce msg="Promoted queued transactions"           count=1
t=2023-06-02T16:09:00+0800 lvl=trce msg="Pooled new future transaction"          hash=0x72760cd59afad3549288600cb6dfd9af2e9931155f79dcbc6f2a1692df00f6fb from=0x7628e7c918DAaf4dfbF615023fDBcF72b8479bCe to=0x0000000000000000000000000000000000000000
t=2023-06-02T16:09:00+0800 lvl=trce msg="Removed old queued transactions"        count=0
t=2023-06-02T16:09:00+0800 lvl=trce msg="Removed unpayable queued transactions"  count=0
t=2023-06-02T16:09:00+0800 lvl=trce msg="Promoted queued transactions"           count=0
t=2023-06-02T16:09:00+0800 lvl=trce msg="Pooled new future transaction"          hash=0xa48de3576a9b9f4ebca2a59e5884fac7b2ea5c7dbec1c387b5aa9b35c0ac905b from=0x66e0851F1a162869024b4C9f6b1C4Fc5cb4832F1 to=0x0000000000000000000000000000000000000000
t=2023-06-02T16:09:00+0800 lvl=trce msg="Removed old queued transactions"        count=0
t=2023-06-02T16:09:00+0800 lvl=trce msg="Removed unpayable queued transactions"  count=0
t=2023-06-02T16:09:00+0800 lvl=trce msg="Promoted queued transactions"           count=1
t=2023-06-02T16:09:00+0800 lvl=trce msg="Pooled new future transaction"          hash=0xef56b77edc08baea4c462825462ef07107e00608882537380ff985a20cf19efc from=0x66e0851F1a162869024b4C9f6b1C4Fc5cb4832F1 to=0x0000000000000000000000000000000000000000
t=2023-06-02T16:09:00+0800 lvl=trce msg="Removed old queued transactions"        count=0
t=2023-06-02T16:09:00+0800 lvl=trce msg="Removed unpayable queued transactions"  count=0
t=2023-06-02T16:09:00+0800 lvl=trce msg="Promoted queued transactions"           count=0
t=2023-06-02T16:09:00+0800 lvl=trce msg="Pooled new future transaction"          hash=0x496a30d30e948f161eb8f4c766f88101c5c833b53c8048f5b4c778f294495675 from=0x7628e7c918DAaf4dfbF615023fDBcF72b8479bCe to=0x0000000000000000000000000000000000000000
t=2023-06-02T16:09:00+0800 lvl=trce msg="Removed old queued transactions"        count=0
t=2023-06-02T16:09:00+0800 lvl=trce msg="Removed unpayable queued transactions"  count=0
t=2023-06-02T16:09:00+0800 lvl=trce msg="Promoted queued transactions"           count=1
t=2023-06-02T16:09:00+0800 lvl=trce msg="Pooled new future transaction"          hash=0xafbd72bf10c749ab796dc736a39ba21d0b399dc3508fb39f0749fec6bcb303d5 from=0x7628e7c918DAaf4dfbF615023fDBcF72b8479bCe to=0x0000000000000000000000000000000000000000
t=2023-06-02T16:09:00+0800 lvl=trce msg="Removed old queued transactions"        count=0
t=2023-06-02T16:09:00+0800 lvl=trce msg="Removed unpayable queued transactions"  count=0
t=2023-06-02T16:09:00+0800 lvl=trce msg="Promoted queued transactions"           count=0
t=2023-06-02T16:09:00+0800 lvl=trce msg="Pooled new future transaction"          hash=0x29c4718e697ba22c79637dac599033f9082ed00ff3789d1d8a8d7bea618d4b20 from=0x66e0851F1a162869024b4C9f6b1C4Fc5cb4832F1 to=0x0000000000000000000000000000000000000000
t=2023-06-02T16:09:00+0800 lvl=trce msg="Removed old queued transactions"        count=0
t=2023-06-02T16:09:00+0800 lvl=trce msg="Removed unpayable queued transactions"  count=0
t=2023-06-02T16:09:00+0800 lvl=trce msg="Promoted queued transactions"           count=1
t=2023-06-02T16:09:00+0800 lvl=trce msg="Pooled new future transaction"          hash=0x766f9d7310c05a2ef2572f29bf696d18d1c6143023c2fa8b6b3f26aeb7816a77 from=0x66e0851F1a162869024b4C9f6b1C4Fc5cb4832F1 to=0x0000000000000000000000000000000000000000
t=2023-06-02T16:09:00+0800 lvl=trce msg="Removed old queued transactions"        count=0
t=2023-06-02T16:09:00+0800 lvl=trce msg="Removed unpayable queued transactions"  count=0
t=2023-06-02T16:09:00+0800 lvl=trce msg="Promoted queued transactions"           count=0
t=2023-06-02T16:09:00+0800 lvl=trce msg="Pooled new future transaction"          hash=0xa9ddacc4641cb53cf8a1dcab150ef4f393b0e5993d4beacb6df21a1af4d9ac50 from=0x7628e7c918DAaf4dfbF615023fDBcF72b8479bCe to=0x0000000000000000000000000000000000000000
t=2023-06-02T16:09:00+0800 lvl=trce msg="Removed old queued transactions"        count=0
t=2023-06-02T16:09:00+0800 lvl=trce msg="Removed unpayable queued transactions"  count=0
t=2023-06-02T16:09:00+0800 lvl=trce msg="Promoted queued transactions"           count=1
t=2023-06-02T16:09:00+0800 lvl=trce msg="Pooled new future transaction"          hash=0x05420c575ada34e382a926c5c388adc0c3600f31e5f3ad845535045aed40608b from=0x7628e7c918DAaf4dfbF615023fDBcF72b8479bCe to=0x0000000000000000000000000000000000000000
t=2023-06-02T16:09:00+0800 lvl=trce msg="Removed old queued transactions"        count=0
t=2023-06-02T16:09:00+0800 lvl=trce msg="Removed unpayable queued transactions"  count=0
t=2023-06-02T16:09:00+0800 lvl=trce msg="Promoted queued transactions"           count=0
t=2023-06-02T16:09:00+0800 lvl=trce msg="Pooled new future transaction"          hash=0xa1dd20f68ebcb24507bb60f5a8c06b8c816431b7e4d23fec26f09ca91d549d02 from=0x66e0851F1a162869024b4C9f6b1C4Fc5cb4832F1 to=0x0000000000000000000000000000000000000000
t=2023-06-02T16:09:00+0800 lvl=trce msg="Removed old queued transactions"        count=0
t=2023-06-02T16:09:00+0800 lvl=trce msg="Removed unpayable queued transactions"  count=0
t=2023-06-02T16:09:00+0800 lvl=trce msg="Promoted queued transactions"           count=1
t=2023-06-02T16:09:00+0800 lvl=trce msg="Pooled new future transaction"          hash=0xa06f5019f5a7ee27949136986d0448a3e2db6f13957f3d39837c945e59ed41d2 from=0x66e0851F1a162869024b4C9f6b1C4Fc5cb4832F1 to=0x0000000000000000000000000000000000000000
t=2023-06-02T16:09:00+0800 lvl=trce msg="Removed old queued transactions"        count=0
t=2023-06-02T16:09:00+0800 lvl=trce msg="Removed unpayable queued transactions"  count=0
t=2023-06-02T16:09:00+0800 lvl=trce msg="Promoted queued transactions"           count=0
t=2023-06-02T16:09:00+0800 lvl=trce msg="Pooled new future transaction"          hash=0x8c90ce4841c3175ec448cda7e444fa7e32dd9b213864b9ff6195ecfeaa7ffc02 from=0x7628e7c918DAaf4dfbF615023fDBcF72b8479bCe to=0x0000000000000000000000000000000000000000
t=2023-06-02T16:09:00+0800 lvl=trce msg="Removed old queued transactions"        count=0
t=2023-06-02T16:09:00+0800 lvl=trce msg="Removed unpayable queued transactions"  count=0
t=2023-06-02T16:09:00+0800 lvl=trce msg="Promoted queued transactions"           count=1
t=2023-06-02T16:09:00+0800 lvl=trce msg="Pooled new future transaction"          hash=0x74d96799877d6dccc7eee3a3ea187327cfe132e0e9beba7a0847bbacd7d79103 from=0x7628e7c918DAaf4dfbF615023fDBcF72b8479bCe to=0x0000000000000000000000000000000000000000
t=2023-06-02T16:09:00+0800 lvl=trce msg="Removed old queued transactions"        count=0
t=2023-06-02T16:09:00+0800 lvl=trce msg="Removed unpayable queued transactions"  count=0
t=2023-06-02T16:09:00+0800 lvl=trce msg="Promoted queued transactions"           count=0
t=2023-06-02T16:09:00+0800 lvl=trce msg="Pooled new future transaction"          hash=0x1015f5a3b6dba09ade109b85fc08928d0846236f6461ed1c41c8d5abcaa239f5 from=0x66e0851F1a162869024b4C9f6b1C4Fc5cb4832F1 to=0x0000000000000000000000000000000000000000
t=2023-06-02T16:09:00+0800 lvl=trce msg="Removed old queued transactions"        count=0
t=2023-06-02T16:09:00+0800 lvl=trce msg="Removed unpayable queued transactions"  count=0
t=2023-06-02T16:09:00+0800 lvl=trce msg="Promoted queued transactions"           count=1
t=2023-06-02T16:09:00+0800 lvl=trce msg="Pooled new future transaction"          hash=0xcabf3c8b23cc91bf6267c25f5a59b9628e8650495ff2c0bb5d6e0b8f6b2a0759 from=0x66e0851F1a162869024b4C9f6b1C4Fc5cb4832F1 to=0x0000000000000000000000000000000000000000
t=2023-06-02T16:09:00+0800 lvl=trce msg="Removed old queued transactions"        count=0
t=2023-06-02T16:09:00+0800 lvl=trce msg="Removed unpayable queued transactions"  count=0
t=2023-06-02T16:09:00+0800 lvl=trce msg="Promoted queued transactions"           count=0
t=2023-06-02T16:09:00+0800 lvl=trce msg="Pooled new future transaction"          hash=0xb1652ac46680774e5710ee5b449c52aa5285b23c80c68c1ed770ae689f6d34e0 from=0x7628e7c918DAaf4dfbF615023fDBcF72b8479bCe to=0x0000000000000000000000000000000000000000
t=2023-06-02T16:09:00+0800 lvl=trce msg="Removed old queued transactions"        count=0
t=2023-06-02T16:09:00+0800 lvl=trce msg="Removed unpayable queued transactions"  count=0
t=2023-06-02T16:09:00+0800 lvl=trce msg="Promoted queued transactions"           count=1
t=2023-06-02T16:09:00+0800 lvl=trce msg="Pooled new future transaction"          hash=0x496cd73c8e7dbcebd06e350dc6e93bc4718136903777439d134f60e112ad994d from=0x7628e7c918DAaf4dfbF615023fDBcF72b8479bCe to=0x0000000000000000000000000000000000000000
t=2023-06-02T16:09:00+0800 lvl=trce msg="Removed old queued transactions"        count=0
t=2023-06-02T16:09:00+0800 lvl=trce msg="Removed unpayable queued transactions"  count=0
t=2023-06-02T16:09:00+0800 lvl=trce msg="Promoted queued transactions"           count=0
t=2023-06-02T16:09:00+0800 lvl=trce msg="Pooled new future transaction"          hash=0x86d4469fedf03a7132f12af1dbae7ad95248194b981efbd3e96c75ada3b1f8d5 from=0x66e0851F1a162869024b4C9f6b1C4Fc5cb4832F1 to=0x0000000000000000000000000000000000000000
t=2023-06-02T16:09:00+0800 lvl=trce msg="Removed old queued transactions"        count=0
t=2023-06-02T16:09:00+0800 lvl=trce msg="Removed unpayable queued transactions"  count=0
t=2023-06-02T16:09:00+0800 lvl=trce msg="Promoted queued transactions"           count=1
t=2023-06-02T16:09:00+0800 lvl=trce msg="Pooled new future transaction"          hash=0x4a5a8eccbe14df7310c63e5358d9869cbb4f802049d08793a2791af269c07218 from=0x66e0851F1a162869024b4C9f6b1C4Fc5cb4832F1 to=0x0000000000000000000000000000000000000000
t=2023-06-02T16:09:00+0800 lvl=trce msg="Removed old queued transactions"        count=0
t=2023-06-02T16:09:00+0800 lvl=trce msg="Removed unpayable queued transactions"  count=0
t=2023-06-02T16:09:00+0800 lvl=trce msg="Promoted queued transactions"           count=0
t=2023-06-02T16:09:00+0800 lvl=trce msg="Pooled new future transaction"          hash=0xa0dff4048a7f1d9ef0d939a1fb21d83c166b0c76d769195c1fa68eefc2310aa5 from=0x7628e7c918DAaf4dfbF615023fDBcF72b8479bCe to=0x0000000000000000000000000000000000000000
t=2023-06-02T16:09:00+0800 lvl=trce msg="Removed old queued transactions"        count=0
t=2023-06-02T16:09:00+0800 lvl=trce msg="Removed unpayable queued transactions"  count=0
t=2023-06-02T16:09:00+0800 lvl=trce msg="Promoted queued transactions"           count=1
t=2023-06-02T16:09:00+0800 lvl=trce msg="Pooled new future transaction"          hash=0x9c1427d138123eeb08d22121e0abe96c210db807238dce36cd6e150ff1cf1eaa from=0x7628e7c918DAaf4dfbF615023fDBcF72b8479bCe to=0x0000000000000000000000000000000000000000
t=2023-06-02T16:09:00+0800 lvl=trce msg="Removed old queued transactions"        count=0
t=2023-06-02T16:09:00+0800 lvl=trce msg="Removed unpayable queued transactions"  count=0
t=2023-06-02T16:09:00+0800 lvl=trce msg="Promoted queued transactions"           count=0
t=2023-06-02T16:09:00+0800 lvl=trce msg="Pooled new future transaction"          hash=0x0526b83edf63f7ec6955469b8664cb69edb5194c69561645432a0fbb550a5b5d from=0x66e0851F1a162869024b4C9f6b1C4Fc5cb4832F1 to=0x0000000000000000000000000000000000000000
t=2023-06-02T16:09:00+0800 lvl=trce msg="Removed old queued transactions"        count=0
t=2023-06-02T16:09:00+0800 lvl=trce msg="Removed unpayable queued transactions"  count=0
t=2023-06-02T16:09:00+0800 lvl=trce msg="Promoted queued transactions"           count=1
t=2023-06-02T16:09:00+0800 lvl=trce msg="Pooled new future transaction"          hash=0x6c365a68be0a7be56d153356796edacbac9b4e255605a383917cec8da2c6c49f from=0x66e0851F1a162869024b4C9f6b1C4Fc5cb4832F1 to=0x0000000000000000000000000000000000000000
t=2023-06-02T16:09:00+0800 lvl=trce msg="Removed old queued transactions"        count=0
t=2023-06-02T16:09:00+0800 lvl=trce msg="Removed unpayable queued transactions"  count=0
t=2023-06-02T16:09:00+0800 lvl=trce msg="Promoted queued transactions"           count=0
t=2023-06-02T16:09:00+0800 lvl=trce msg="Pooled new future transaction"          hash=0x1252c7cac654f813ec203e64322590bca2dae23bdf28ab0febabd8c151b574ef from=0x7628e7c918DAaf4dfbF615023fDBcF72b8479bCe to=0x0000000000000000000000000000000000000000
t=2023-06-02T16:09:00+0800 lvl=trce msg="Removed old queued transactions"        count=0
t=2023-06-02T16:09:00+0800 lvl=trce msg="Removed unpayable queued transactions"  count=0
t=2023-06-02T16:09:00+0800 lvl=trce msg="Promoted queued transactions"           count=1
t=2023-06-02T16:09:00+0800 lvl=trce msg="Pooled new future transaction"          hash=0x0e68c8ae85278ba0b9be111196e4da6125d59f2574a9ce28c859ee8420be20d9 from=0x7628e7c918DAaf4dfbF615023fDBcF72b8479bCe to=0x0000000000000000000000000000000000000000
t=2023-06-02T16:09:00+0800 lvl=trce msg="Removed old queued transactions"        count=0
t=2023-06-02T16:09:00+0800 lvl=trce msg="Removed unpayable queued transactions"  count=0
t=2023-06-02T16:09:00+0800 lvl=trce msg="Promoted queued transactions"           count=0
t=2023-06-02T16:09:00+0800 lvl=trce msg="Pooled new future transaction"          hash=0xc4e119b64890281c6af88ce9b7574b595e81ee0811a7d6be726317b41a025103 from=0x66e0851F1a162869024b4C9f6b1C4Fc5cb4832F1 to=0x0000000000000000000000000000000000000000
t=2023-06-02T16:09:00+0800 lvl=trce msg="Removed old queued transactions"        count=0
t=2023-06-02T16:09:00+0800 lvl=trce msg="Removed unpayable queued transactions"  count=0
t=2023-06-02T16:09:00+0800 lvl=trce msg="Promoted queued transactions"           count=1
t=2023-06-02T16:09:00+0800 lvl=trce msg="Pooled new future transaction"          hash=0x0b631309e1f1ec4c0d541178c6acc3d71c65f4eebc425345fce5a6874701102a from=0x66e0851F1a162869024b4C9f6b1C4Fc5cb4832F1 to=0x0000000000000000000000000000000000000000
t=2023-06-02T16:09:00+0800 lvl=trce msg="Removed old queued transactions"        count=0
t=2023-06-02T16:09:00+0800 lvl=trce msg="Removed unpayable queued transactions"  count=0
t=2023-06-02T16:09:00+0800 lvl=trce msg="Promoted queued transactions"           count=0
t=2023-06-02T16:09:00+0800 lvl=trce msg="Pooled new future transaction"          hash=0x213172cc6a7c590a082aa282d2ec7d5705c66d9ae480d157eb7b024599fdbb47 from=0x7628e7c918DAaf4dfbF615023fDBcF72b8479bCe to=0x0000000000000000000000000000000000000000
t=2023-06-02T16:09:00+0800 lvl=trce msg="Removed old queued transactions"        count=0
t=2023-06-02T16:09:00+0800 lvl=trce msg="Removed unpayable queued transactions"  count=0
t=2023-06-02T16:09:00+0800 lvl=trce msg="Promoted queued transactions"           count=1
t=2023-06-02T16:09:00+0800 lvl=trce msg="Pooled new future transaction"          hash=0x471e4869916f339b14cf354bd003da6da3ad2106544bd481a4c42e56eeb7b2b6 from=0x7628e7c918DAaf4dfbF615023fDBcF72b8479bCe to=0x0000000000000000000000000000000000000000
t=2023-06-02T16:09:00+0800 lvl=trce msg="Removed old queued transactions"        count=0
t=2023-06-02T16:09:00+0800 lvl=trce msg="Removed unpayable queued transactions"  count=0
t=2023-06-02T16:09:00+0800 lvl=trce msg="Promoted queued transactions"           count=0
t=2023-06-02T16:09:00+0800 lvl=trce msg="Pooled new future transaction"          hash=0x677053d55d0427a08ec0119de8d996f45c2853f33da4206302b8917c8bb3bd90 from=0x66e0851F1a162869024b4C9f6b1C4Fc5cb4832F1 to=0x0000000000000000000000000000000000000000
t=2023-06-02T16:09:00+0800 lvl=trce msg="Removed old queued transactions"        count=0
t=2023-06-02T16:09:00+0800 lvl=trce msg="Removed unpayable queued transactions"  count=0
t=2023-06-02T16:09:00+0800 lvl=trce msg="Promoted queued transactions"           count=1
t=2023-06-02T16:09:00+0800 lvl=trce msg="Pooled new future transaction"          hash=0x7247216e7587f39f5fb61ea7ad4e404bb172bb33bf2aa048afb35acab36c6a0f from=0x66e0851F1a162869024b4C9f6b1C4Fc5cb4832F1 to=0x0000000000000000000000000000000000000000
t=2023-06-02T16:09:00+0800 lvl=trce msg="Removed old queued transactions"        count=0
t=2023-06-02T16:09:00+0800 lvl=trce msg="Removed unpayable queued transactions"  count=0
t=2023-06-02T16:09:00+0800 lvl=trce msg="Promoted queued transactions"           count=0
t=2023-06-02T16:09:00+0800 lvl=trce msg="Pooled new future transaction"          hash=0x47f2f8979bf1dfeed7d2228769793b7cb8db6243925ee9d1922450decf3177ba from=0x7628e7c918DAaf4dfbF615023fDBcF72b8479bCe to=0x0000000000000000000000000000000000000000
t=2023-06-02T16:09:00+0800 lvl=trce msg="Removed old queued transactions"        count=0
t=2023-06-02T16:09:00+0800 lvl=trce msg="Removed unpayable queued transactions"  count=0
t=2023-06-02T16:09:00+0800 lvl=trce msg="Promoted queued transactions"           count=1
t=2023-06-02T16:09:00+0800 lvl=trce msg="Pooled new future transaction"          hash=0x0b88c9ae658905eff8b8b61862ff8de62c8070f5b1aac8db00d2156a99d44c26 from=0x7628e7c918DAaf4dfbF615023fDBcF72b8479bCe to=0x0000000000000000000000000000000000000000
t=2023-06-02T16:09:00+0800 lvl=trce msg="Removed old queued transactions"        count=0
t=2023-06-02T16:09:00+0800 lvl=trce msg="Removed unpayable queued transactions"  count=0
t=2023-06-02T16:09:00+0800 lvl=trce msg="Promoted queued transactions"           count=0
t=2023-06-02T16:09:00+0800 lvl=trce msg="Pooled new future transaction"          hash=0xe4d4b396f997ff4917d2f517ca4805a33cd35047cc684ce65cb10b7b14cb18f7 from=0x66e0851F1a162869024b4C9f6b1C4Fc5cb4832F1 to=0x0000000000000000000000000000000000000000
t=2023-06-02T16:09:00+0800 lvl=trce msg="Removed old queued transactions"        count=0
t=2023-06-02T16:09:00+0800 lvl=trce msg="Removed unpayable queued transactions"  count=0
t=2023-06-02T16:09:00+0800 lvl=trce msg="Promoted queued transactions"           count=1
t=2023-06-02T16:09:00+0800 lvl=trce msg="Pooled new future transaction"          hash=0x1ef76ddce77bf6d352f1f22aebf4cc6700bf0db64fa28859323c44bff13ef984 from=0x66e0851F1a162869024b4C9f6b1C4Fc5cb4832F1 to=0x0000000000000000000000000000000000000000
t=2023-06-02T16:09:00+0800 lvl=trce msg="Removed old queued transactions"        count=0
t=2023-06-02T16:09:00+0800 lvl=trce msg="Removed unpayable queued transactions"  count=0
t=2023-06-02T16:09:00+0800 lvl=trce msg="Promoted queued transactions"           count=0
t=2023-06-02T16:09:00+0800 lvl=trce msg="Pooled new future transaction"          hash=0x6e215a7960e8861287803c9e9934d1c76e947bece2e2cb709d765cdae6af0284 from=0x7628e7c918DAaf4dfbF615023fDBcF72b8479bCe to=0x0000000000000000000000000000000000000000
t=2023-06-02T16:09:00+0800 lvl=trce msg="Removed old queued transactions"        count=0
t=2023-06-02T16:09:00+0800 lvl=trce msg="Removed unpayable queued transactions"  count=0
t=2023-06-02T16:09:00+0800 lvl=trce msg="Promoted queued transactions"           count=1
t=2023-06-02T16:09:00+0800 lvl=trce msg="Pooled new future transaction"          hash=0x672cf7c40ddcafc771b4c37d1f546b9cc699bb5fa506305772ce12d40184e565 from=0x7628e7c918DAaf4dfbF615023fDBcF72b8479bCe to=0x0000000000000000000000000000000000000000
t=2023-06-02T16:09:00+0800 lvl=trce msg="Removed old queued transactions"        count=0
t=2023-06-02T16:09:00+0800 lvl=trce msg="Removed unpayable queued transactions"  count=0
t=2023-06-02T16:09:00+0800 lvl=trce msg="Promoted queued transactions"           count=0
t=2023-06-02T16:09:00+0800 lvl=trce msg="Pooled new future transaction"          hash=0xa2670b50c0883771cc256fa8966a132f239d64892504412de7a3f632861e1ef8 from=0x66e0851F1a162869024b4C9f6b1C4Fc5cb4832F1 to=0x0000000000000000000000000000000000000000
t=2023-06-02T16:09:00+0800 lvl=trce msg="Removed old queued transactions"        count=0
t=2023-06-02T16:09:00+0800 lvl=trce msg="Removed unpayable queued transactions"  count=0
t=2023-06-02T16:09:00+0800 lvl=trce msg="Promoted queued transactions"           count=1
t=2023-06-02T16:09:00+0800 lvl=trce msg="Pooled new future transaction"          hash=0x76739d270f5b51d670a8a8be722db3daf39714714e1103d69d44a4c14386e728 from=0x66e0851F1a162869024b4C9f6b1C4Fc5cb4832F1 to=0x0000000000000000000000000000000000000000
t=2023-06-02T16:09:00+0800 lvl=trce msg="Removed old queued transactions"        count=0
t=2023-06-02T16:09:00+0800 lvl=trce msg="Removed unpayable queued transactions"  count=0
t=2023-06-02T16:09:00+0800 lvl=trce msg="Promoted queued transactions"           count=0
t=2023-06-02T16:09:00+0800 lvl=trce msg="Pooled new future transaction"          hash=0xf411124c551455d5960643b0c124c8f079c0eb1a9a6231f706cba8cfa5c019bf from=0x7628e7c918DAaf4dfbF615023fDBcF72b8479bCe to=0x0000000000000000000000000000000000000000
t=2023-06-02T16:09:00+0800 lvl=trce msg="Removed old queued transactions"        count=0
t=2023-06-02T16:09:00+0800 lvl=trce msg="Removed unpayable queued transactions"  count=0
t=2023-06-02T16:09:00+0800 lvl=trce msg="Promoted queued transactions"           count=1
t=2023-06-02T16:09:00+0800 lvl=trce msg="Pooled new future transaction"          hash=0x285f61f33656a188f36f596e108a8b59aa3087dc59e9a61c5eb616e64e78cacd from=0x7628e7c918DAaf4dfbF615023fDBcF72b8479bCe to=0x0000000000000000000000000000000000000000
t=2023-06-02T16:09:00+0800 lvl=trce msg="Removed old queued transactions"        count=0
t=2023-06-02T16:09:00+0800 lvl=trce msg="Removed unpayable queued transactions"  count=0
t=2023-06-02T16:09:00+0800 lvl=trce msg="Promoted queued transactions"           count=0
t=2023-06-02T16:09:00+0800 lvl=trce msg="Pooled new future transaction"          hash=0xf824bd9f8ae7382e9fab84353cbcecb131133db65e0a388807128447a7a58b30 from=0x66e0851F1a162869024b4C9f6b1C4Fc5cb4832F1 to=0x0000000000000000000000000000000000000000
t=2023-06-02T16:09:00+0800 lvl=trce msg="Removed old queued transactions"        count=0
t=2023-06-02T16:09:00+0800 lvl=trce msg="Removed unpayable queued transactions"  count=0
t=2023-06-02T16:09:00+0800 lvl=trce msg="Promoted queued transactions"           count=1
t=2023-06-02T16:09:00+0800 lvl=trce msg="Pooled new future transaction"          hash=0xc85ddcc8b3c615de3bb59ded67a856879d0489f2e51a3c00a728406ab49ee88f from=0x66e0851F1a162869024b4C9f6b1C4Fc5cb4832F1 to=0x0000000000000000000000000000000000000000
t=2023-06-02T16:09:00+0800 lvl=trce msg="Removed old queued transactions"        count=0
t=2023-06-02T16:09:00+0800 lvl=trce msg="Removed unpayable queued transactions"  count=0
t=2023-06-02T16:09:00+0800 lvl=trce msg="Promoted queued transactions"           count=0
t=2023-06-02T16:09:00+0800 lvl=trce msg="Pooled new future transaction"          hash=0x9b26a6f9248d8b0b502468f05e2a39d96e1fee1c7039995a6ca6fc030fb20348 from=0x7628e7c918DAaf4dfbF615023fDBcF72b8479bCe to=0x0000000000000000000000000000000000000000
t=2023-06-02T16:09:00+0800 lvl=trce msg="Removed old queued transactions"        count=0
t=2023-06-02T16:09:00+0800 lvl=trce msg="Removed unpayable queued transactions"  count=0
t=2023-06-02T16:09:00+0800 lvl=trce msg="Promoted queued transactions"           count=1
t=2023-06-02T16:09:00+0800 lvl=trce msg="Pooled new future transaction"          hash=0x2b15c2d3e2f291b1ac85d205f7c6e351b78cfa4d3d00545a74d131fee676c269 from=0x7628e7c918DAaf4dfbF615023fDBcF72b8479bCe to=0x0000000000000000000000000000000000000000
t=2023-06-02T16:09:00+0800 lvl=trce msg="Removed old queued transactions"        count=0
t=2023-06-02T16:09:00+0800 lvl=trce msg="Removed unpayable queued transactions"  count=0
t=2023-06-02T16:09:00+0800 lvl=trce msg="Promoted queued transactions"           count=0
t=2023-06-02T16:09:00+0800 lvl=trce msg="Pooled new future transaction"          hash=0xcbc0e56797bcc52280397c6fbf9bcdcb5ac34567e4a2c9dbb64984f3570f31f6 from=0x66e0851F1a162869024b4C9f6b1C4Fc5cb4832F1 to=0x0000000000000000000000000000000000000000
t=2023-06-02T16:09:00+0800 lvl=trce msg="Removed old queued transactions"        count=0
t=2023-06-02T16:09:00+0800 lvl=trce msg="Removed unpayable queued transactions"  count=0
t=2023-06-02T16:09:00+0800 lvl=trce msg="Promoted queued transactions"           count=1
t=2023-06-02T16:09:00+0800 lvl=trce msg="Pooled new future transaction"          hash=0x759fd6921fd0a0406d0add8b0f36b13b036b32811ce208f55bab85d507fe40fe from=0x66e0851F1a162869024b4C9f6b1C4Fc5cb4832F1 to=0x0000000000000000000000000000000000000000
t=2023-06-02T16:09:00+0800 lvl=trce msg="Removed old queued transactions"        count=0
t=2023-06-02T16:09:00+0800 lvl=trce msg="Removed unpayable queued transactions"  count=0
t=2023-06-02T16:09:00+0800 lvl=trce msg="Promoted queued transactions"           count=0
t=2023-06-02T16:09:00+0800 lvl=trce msg="Pooled new future transaction"          hash=0x0aebd98c70b7d8a47f26f790b1cf8e5810c430a9258bc46acfd08a0760b645ee from=0x7628e7c918DAaf4dfbF615023fDBcF72b8479bCe to=0x0000000000000000000000000000000000000000
t=2023-06-02T16:09:00+0800 lvl=trce msg="Removed old queued transactions"        count=0
t=2023-06-02T16:09:00+0800 lvl=trce msg="Removed unpayable queued transactions"  count=0
t=2023-06-02T16:09:00+0800 lvl=trce msg="Promoted queued transactions"           count=1
t=2023-06-02T16:09:00+0800 lvl=trce msg="Pooled new future transaction"          hash=0xc2fc36078c8cae45c8a046e185a58df3637b5182823a5035d5c1f54d333a7a97 from=0x7628e7c918DAaf4dfbF615023fDBcF72b8479bCe to=0x0000000000000000000000000000000000000000
t=2023-06-02T16:09:00+0800 lvl=trce msg="Removed old queued transactions"        count=0
t=2023-06-02T16:09:00+0800 lvl=trce msg="Removed unpayable queued transactions"  count=0
t=2023-06-02T16:09:00+0800 lvl=trce msg="Promoted queued transactions"           count=0
t=2023-06-02T16:09:00+0800 lvl=trce msg="Pooled new future transaction"          hash=0xf61f1f740453c3fdd6214e1d85c69a0fe512ae9808bb428a34306c0a8ea21d98 from=0x66e0851F1a162869024b4C9f6b1C4Fc5cb4832F1 to=0x0000000000000000000000000000000000000000
t=2023-06-02T16:09:00+0800 lvl=trce msg="Removed old queued transactions"        count=0
t=2023-06-02T16:09:00+0800 lvl=trce msg="Removed unpayable queued transactions"  count=0
t=2023-06-02T16:09:00+0800 lvl=trce msg="Promoted queued transactions"           count=1
t=2023-06-02T16:09:00+0800 lvl=trce msg="Pooled new future transaction"          hash=0xccbe819593df0069696893b9ef9e767ce2169ab51f9b9078e42c27c71854df81 from=0x66e0851F1a162869024b4C9f6b1C4Fc5cb4832F1 to=0x0000000000000000000000000000000000000000
t=2023-06-02T16:09:00+0800 lvl=trce msg="Removed old queued transactions"        count=0
t=2023-06-02T16:09:00+0800 lvl=trce msg="Removed unpayable queued transactions"  count=0
t=2023-06-02T16:09:00+0800 lvl=trce msg="Promoted queued transactions"           count=0
t=2023-06-02T16:09:00+0800 lvl=trce msg="Pooled new future transaction"          hash=0x5054de94f44fba18fa28eeef874350dd9f25c681efe67a93b5ae7816529b6153 from=0x7628e7c918DAaf4dfbF615023fDBcF72b8479bCe to=0x0000000000000000000000000000000000000000
t=2023-06-02T16:09:00+0800 lvl=trce msg="Removed old queued transactions"        count=0
t=2023-06-02T16:09:00+0800 lvl=trce msg="Removed unpayable queued transactions"  count=0
t=2023-06-02T16:09:00+0800 lvl=trce msg="Promoted queued transactions"           count=1
t=2023-06-02T16:09:00+0800 lvl=trce msg="Pooled new future transaction"          hash=0xa95f57536e51fa4fe8e3985ca557b2de08492bd42a36bf027bd30b4c325fa268 from=0x7628e7c918DAaf4dfbF615023fDBcF72b8479bCe to=0x0000000000000000000000000000000000000000
t=2023-06-02T16:09:00+0800 lvl=trce msg="Removed old queued transactions"        count=0
t=2023-06-02T16:09:00+0800 lvl=trce msg="Removed unpayable queued transactions"  count=0
t=2023-06-02T16:09:00+0800 lvl=trce msg="Promoted queued transactions"           count=0
t=2023-06-02T16:09:00+0800 lvl=trce msg="Pooled new future transaction"          hash=0x625d733025c5e651c2828f03118303e4f7beec72e1d87f1ba5c8458664fa6eb7 from=0x66e0851F1a162869024b4C9f6b1C4Fc5cb4832F1 to=0x0000000000000000000000000000000000000000
t=2023-06-02T16:09:00+0800 lvl=trce msg="Removed old queued transactions"        count=0
t=2023-06-02T16:09:00+0800 lvl=trce msg="Removed unpayable queued transactions"  count=0
t=2023-06-02T16:09:00+0800 lvl=trce msg="Promoted queued transactions"           count=1
t=2023-06-02T16:09:00+0800 lvl=trce msg="Pooled new future transaction"          hash=0x4ff44a14c27224e9448433c0a551633889331ecc40ad526d0a9d31407e34f9e2 from=0x66e0851F1a162869024b4C9f6b1C4Fc5cb4832F1 to=0x0000000000000000000000000000000000000000
t=2023-06-02T16:09:00+0800 lvl=trce msg="Removed old queued transactions"        count=0
t=2023-06-02T16:09:00+0800 lvl=trce msg="Removed unpayable queued transactions"  count=0
t=2023-06-02T16:09:00+0800 lvl=trce msg="Promoted queued transactions"           count=0
t=2023-06-02T16:09:00+0800 lvl=trce msg="Pooled new future transaction"          hash=0x67ccc17762b54a70abdaa3e726e12010ad0a492ea746e060e76bea2c7eb171de from=0x7628e7c918DAaf4dfbF615023fDBcF72b8479bCe to=0x0000000000000000000000000000000000000000
t=2023-06-02T16:09:00+0800 lvl=trce msg="Removed old queued transactions"        count=0
t=2023-06-02T16:09:00+0800 lvl=trce msg="Removed unpayable queued transactions"  count=0
t=2023-06-02T16:09:00+0800 lvl=trce msg="Promoted queued transactions"           count=1
t=2023-06-02T16:09:00+0800 lvl=trce msg="Pooled new future transaction"          hash=0xb53daa7623cf1f1a39bf17b4b000468955ef8866af0e4f0edeb572c95d6039d3 from=0x7628e7c918DAaf4dfbF615023fDBcF72b8479bCe to=0x0000000000000000000000000000000000000000
t=2023-06-02T16:09:00+0800 lvl=trce msg="Removed old queued transactions"        count=0
t=2023-06-02T16:09:00+0800 lvl=trce msg="Removed unpayable queued transactions"  count=0
t=2023-06-02T16:09:00+0800 lvl=trce msg="Promoted queued transactions"           count=0
t=2023-06-02T16:09:00+0800 lvl=trce msg="Pooled new future transaction"          hash=0x769a40cd7c3be899a58ddfc06c0c860d84ce4f3e33511307bf08fccc0669f31e from=0x66e0851F1a162869024b4C9f6b1C4Fc5cb4832F1 to=0x0000000000000000000000000000000000000000
t=2023-06-02T16:09:00+0800 lvl=trce msg="Removed old queued transactions"        count=0
t=2023-06-02T16:09:00+0800 lvl=trce msg="Removed unpayable queued transactions"  count=0
t=2023-06-02T16:09:00+0800 lvl=trce msg="Promoted queued transactions"           count=1
t=2023-06-02T16:09:00+0800 lvl=trce msg="Pooled new future transaction"          hash=0x9d287aec15064d8a8ef7d8a118323060b8d5a488f8c19518ac7c8f1bcf585ff4 from=0x66e0851F1a162869024b4C9f6b1C4Fc5cb4832F1 to=0x0000000000000000000000000000000000000000
t=2023-06-02T16:09:00+0800 lvl=trce msg="Removed old queued transactions"        count=0
t=2023-06-02T16:09:00+0800 lvl=trce msg="Removed unpayable queued transactions"  count=0
t=2023-06-02T16:09:00+0800 lvl=trce msg="Promoted queued transactions"           count=0
t=2023-06-02T16:09:00+0800 lvl=trce msg="Pooled new future transaction"          hash=0x4be8e56838eab49386bc32b483d4be7bd98804efc137e1c47ac4bdf334fd1a3e from=0x7628e7c918DAaf4dfbF615023fDBcF72b8479bCe to=0x0000000000000000000000000000000000000000
t=2023-06-02T16:09:00+0800 lvl=trce msg="Removed old queued transactions"        count=0
t=2023-06-02T16:09:00+0800 lvl=trce msg="Removed unpayable queued transactions"  count=0
t=2023-06-02T16:09:00+0800 lvl=trce msg="Promoted queued transactions"           count=1
t=2023-06-02T16:09:00+0800 lvl=trce msg="Pooled new future transaction"          hash=0xceb7ec76b97ac82925bb390fb50b0ebc191fc9b7bdbd0b8b646da4c3b42b84fa from=0x7628e7c918DAaf4dfbF615023fDBcF72b8479bCe to=0x0000000000000000000000000000000000000000
t=2023-06-02T16:09:00+0800 lvl=trce msg="Removed old queued transactions"        count=0
t=2023-06-02T16:09:00+0800 lvl=trce msg="Removed unpayable queued transactions"  count=0
t=2023-06-02T16:09:00+0800 lvl=trce msg="Promoted queued transactions"           count=0
t=2023-06-02T16:09:00+0800 lvl=trce msg="Pooled new future transaction"          hash=0xe313440108abae9554316c32c46eea9ab451efcaaf4af714d2218a2861449da5 from=0x66e0851F1a162869024b4C9f6b1C4Fc5cb4832F1 to=0x0000000000000000000000000000000000000000
t=2023-06-02T16:09:00+0800 lvl=trce msg="Removed old queued transactions"        count=0
t=2023-06-02T16:09:00+0800 lvl=trce msg="Removed unpayable queued transactions"  count=0
t=2023-06-02T16:09:00+0800 lvl=trce msg="Promoted queued transactions"           count=1
t=2023-06-02T16:09:00+0800 lvl=trce msg="Pooled new future transaction"          hash=0xe2bf258db511b822f06c781a67b5ea004b3774d6ec4d599b15409e5b5055f858 from=0x66e0851F1a162869024b4C9f6b1C4Fc5cb4832F1 to=0x0000000000000000000000000000000000000000
t=2023-06-02T16:09:00+0800 lvl=trce msg="Removed old queued transactions"        count=0
t=2023-06-02T16:09:00+0800 lvl=trce msg="Removed unpayable queued transactions"  count=0
t=2023-06-02T16:09:00+0800 lvl=trce msg="Promoted queued transactions"           count=0
t=2023-06-02T16:09:00+0800 lvl=trce msg="Pooled new future transaction"          hash=0xfaf6054e9d568b909a16f9f311cb0048d649e0bc97c01d467b6d621d22f741a0 from=0x7628e7c918DAaf4dfbF615023fDBcF72b8479bCe to=0x0000000000000000000000000000000000000000
t=2023-06-02T16:09:00+0800 lvl=trce msg="Removed old queued transactions"        count=0
t=2023-06-02T16:09:00+0800 lvl=trce msg="Removed unpayable queued transactions"  count=0
t=2023-06-02T16:09:00+0800 lvl=trce msg="Promoted queued transactions"           count=1
t=2023-06-02T16:09:00+0800 lvl=trce msg="Pooled new future transaction"          hash=0x796aab371955822ff8054693148c543eeafaf3fe3bf8f760e5023ac553c6bd56 from=0x7628e7c918DAaf4dfbF615023fDBcF72b8479bCe to=0x0000000000000000000000000000000000000000
t=2023-06-02T16:09:00+0800 lvl=trce msg="Removed old queued transactions"        count=0
t=2023-06-02T16:09:00+0800 lvl=trce msg="Removed unpayable queued transactions"  count=0
t=2023-06-02T16:09:00+0800 lvl=trce msg="Promoted queued transactions"           count=0
t=2023-06-02T16:09:00+0800 lvl=trce msg="Pooled new future transaction"          hash=0x2fe4ef165317eabfc89cdc6e0fb030d7c324ca438715951b1a0322bd5faef0bd from=0x66e0851F1a162869024b4C9f6b1C4Fc5cb4832F1 to=0x0000000000000000000000000000000000000000
t=2023-06-02T16:09:00+0800 lvl=trce msg="Removed old queued transactions"        count=0
t=2023-06-02T16:09:00+0800 lvl=trce msg="Removed unpayable queued transactions"  count=0
t=2023-06-02T16:09:00+0800 lvl=trce msg="Promoted queued transactions"           count=1
t=2023-06-02T16:09:00+0800 lvl=trce msg="Pooled new future transaction"          hash=0xbb8a79804ad8a89106495db725c141da26b26484d6ff97d60b6a56544118cc14 from=0x66e0851F1a162869024b4C9f6b1C4Fc5cb4832F1 to=0x0000000000000000000000000000000000000000
t=2023-06-02T16:09:00+0800 lvl=trce msg="Removed old queued transactions"        count=0
t=2023-06-02T16:09:00+0800 lvl=trce msg="Removed unpayable queued transactions"  count=0
t=2023-06-02T16:09:00+0800 lvl=trce msg="Promoted queued transactions"           count=0
t=2023-06-02T16:09:00+0800 lvl=trce msg="Pooled new future transaction"          hash=0x894729e796609472d82fdf6880d65edd4c089ec731f4cfaf7306b772f70c24d0 from=0x7628e7c918DAaf4dfbF615023fDBcF72b8479bCe to=0x0000000000000000000000000000000000000000
t=2023-06-02T16:09:00+0800 lvl=trce msg="Removed old queued transactions"        count=0
t=2023-06-02T16:09:00+0800 lvl=trce msg="Removed unpayable queued transactions"  count=0
t=2023-06-02T16:09:00+0800 lvl=trce msg="Promoted queued transactions"           count=1
t=2023-06-02T16:09:00+0800 lvl=trce msg="Pooled new future transaction"          hash=0x4dd906dcf76dc1f410f9c91a00750bf56d1bc1c0d38a6318259d505dcef5f8d0 from=0x7628e7c918DAaf4dfbF615023fDBcF72b8479bCe to=0x0000000000000000000000000000000000000000
t=2023-06-02T16:09:00+0800 lvl=trce msg="Removed old queued transactions"        count=0
t=2023-06-02T16:09:00+0800 lvl=trce msg="Removed unpayable queued transactions"  count=0
t=2023-06-02T16:09:00+0800 lvl=trce msg="Promoted queued transactions"           count=0
t=2023-06-02T16:09:00+0800 lvl=trce msg="Pooled new future transaction"          hash=0xde7fdc67251f84e28e2327c9c5a8ec658c91d50701ebaec1e2ebe8f941e34189 from=0x66e0851F1a162869024b4C9f6b1C4Fc5cb4832F1 to=0x0000000000000000000000000000000000000000
t=2023-06-02T16:09:00+0800 lvl=trce msg="Removed old queued transactions"        count=0
t=2023-06-02T16:09:00+0800 lvl=trce msg="Removed unpayable queued transactions"  count=0
t=2023-06-02T16:09:00+0800 lvl=trce msg="Promoted queued transactions"           count=1
t=2023-06-02T16:09:00+0800 lvl=trce msg="Pooled new future transaction"          hash=0xd75fd65a599b0ca982580dd48ff34b6599ad66a01d08686c7d72c771e4e6cdb4 from=0x66e0851F1a162869024b4C9f6b1C4Fc5cb4832F1 to=0x0000000000000000000000000000000000000000
t=2023-06-02T16:09:00+0800 lvl=trce msg="Removed old queued transactions"        count=0
t=2023-06-02T16:09:00+0800 lvl=trce msg="Removed unpayable queued transactions"  count=0
t=2023-06-02T16:09:00+0800 lvl=trce msg="Promoted queued transactions"           count=0
t=2023-06-02T16:09:00+0800 lvl=trce msg="Pooled new future transaction"          hash=0x7039447a12a0f77fb968fbb88b3a2badabb8ccd07f29a4d8cd59d406c944a2a9 from=0x7628e7c918DAaf4dfbF615023fDBcF72b8479bCe to=0x0000000000000000000000000000000000000000
t=2023-06-02T16:09:00+0800 lvl=trce msg="Removed old queued transactions"        count=0
t=2023-06-02T16:09:00+0800 lvl=trce msg="Removed unpayable queued transactions"  count=0
t=2023-06-02T16:09:00+0800 lvl=trce msg="Promoted queued transactions"           count=1
t=2023-06-02T16:09:00+0800 lvl=trce msg="Pooled new future transaction"          hash=0x9f9f016777c8d08c78813dbc592fac1e83d724b28f781ff41f7067318f0b65c1 from=0x7628e7c918DAaf4dfbF615023fDBcF72b8479bCe to=0x0000000000000000000000000000000000000000
t=2023-06-02T16:09:00+0800 lvl=trce msg="Removed old queued transactions"        count=0
t=2023-06-02T16:09:00+0800 lvl=trce msg="Removed unpayable queued transactions"  count=0
t=2023-06-02T16:09:00+0800 lvl=trce msg="Promoted queued transactions"           count=0
t=2023-06-02T16:09:00+0800 lvl=trce msg="Pooled new future transaction"          hash=0x71e33ea7ab18e516d2d6ebf5efe6e2d79439a623d324cf9172077129e733401f from=0x66e0851F1a162869024b4C9f6b1C4Fc5cb4832F1 to=0x0000000000000000000000000000000000000000
t=2023-06-02T16:09:00+0800 lvl=trce msg="Removed old queued transactions"        count=0
t=2023-06-02T16:09:00+0800 lvl=trce msg="Removed unpayable queued transactions"  count=0
t=2023-06-02T16:09:00+0800 lvl=trce msg="Promoted queued transactions"           count=1
t=2023-06-02T16:09:00+0800 lvl=trce msg="Pooled new future transaction"          hash=0x9207cbca1ea932bf07e78496c89fc760b6d90b54199019a8775a324bfb591f27 from=0x66e0851F1a162869024b4C9f6b1C4Fc5cb4832F1 to=0x0000000000000000000000000000000000000000
t=2023-06-02T16:09:00+0800 lvl=trce msg="Removed old queued transactions"        count=0
t=2023-06-02T16:09:00+0800 lvl=trce msg="Removed unpayable queued transactions"  count=0
t=2023-06-02T16:09:00+0800 lvl=trce msg="Promoted queued transactions"           count=0
t=2023-06-02T16:09:00+0800 lvl=trce msg="Pooled new future transaction"          hash=0xf9e0990f929f74adace6cc651a8cf1593de8873c84f07efb0250ec12d1e25cb8 from=0x7628e7c918DAaf4dfbF615023fDBcF72b8479bCe to=0x0000000000000000000000000000000000000000
t=2023-06-02T16:09:00+0800 lvl=trce msg="Removed old queued transactions"        count=0
t=2023-06-02T16:09:00+0800 lvl=trce msg="Removed unpayable queued transactions"  count=0
t=2023-06-02T16:09:00+0800 lvl=trce msg="Promoted queued transactions"           count=1
t=2023-06-02T16:09:00+0800 lvl=trce msg="Pooled new future transaction"          hash=0x2508925c52c9f91fef6be5903f4edfa4aa72b26a350f8e5b08a17edd6cce522f from=0x7628e7c918DAaf4dfbF615023fDBcF72b8479bCe to=0x0000000000000000000000000000000000000000
t=2023-06-02T16:09:00+0800 lvl=trce msg="Removed old queued transactions"        count=0
t=2023-06-02T16:09:00+0800 lvl=trce msg="Removed unpayable queued transactions"  count=0
t=2023-06-02T16:09:00+0800 lvl=trce msg="Promoted queued transactions"           count=0
t=2023-06-02T16:09:00+0800 lvl=trce msg="Pooled new future transaction"          hash=0x5724d9b17a4a10afd7c5d3d9b36553922d5dcf52dd7b3ae16f047bb7eb854bed from=0x66e0851F1a162869024b4C9f6b1C4Fc5cb4832F1 to=0x0000000000000000000000000000000000000000
t=2023-06-02T16:09:00+0800 lvl=trce msg="Removed old queued transactions"        count=0
t=2023-06-02T16:09:00+0800 lvl=trce msg="Removed unpayable queued transactions"  count=0
t=2023-06-02T16:09:00+0800 lvl=trce msg="Promoted queued transactions"           count=1
t=2023-06-02T16:09:00+0800 lvl=trce msg="Pooled new future transaction"          hash=0xb07ee75628d7c91a881fb9e96bbc52298a69928467e209b2ade8eb9ae4ed1e4d from=0x66e0851F1a162869024b4C9f6b1C4Fc5cb4832F1 to=0x0000000000000000000000000000000000000000
t=2023-06-02T16:09:00+0800 lvl=trce msg="Removed old queued transactions"        count=0
t=2023-06-02T16:09:00+0800 lvl=trce msg="Removed unpayable queued transactions"  count=0
t=2023-06-02T16:09:00+0800 lvl=trce msg="Promoted queued transactions"           count=0
t=2023-06-02T16:09:00+0800 lvl=trce msg="Pooled new future transaction"          hash=0xb0f3297abc247dc98b4a0e615bf3b55e4c04583342ffce74b3b01637cef8f46b from=0x7628e7c918DAaf4dfbF615023fDBcF72b8479bCe to=0x0000000000000000000000000000000000000000
t=2023-06-02T16:09:00+0800 lvl=trce msg="Removed old queued transactions"        count=0
t=2023-06-02T16:09:00+0800 lvl=trce msg="Removed unpayable queued transactions"  count=0
t=2023-06-02T16:09:00+0800 lvl=trce msg="Promoted queued transactions"           count=1
t=2023-06-02T16:09:00+0800 lvl=trce msg="Pooled new future transaction"          hash=0xdbb10b11107be51f7b768e2723e4d115bb6405e20b8a74558e9fdb03c1e4054c from=0x7628e7c918DAaf4dfbF615023fDBcF72b8479bCe to=0x0000000000000000000000000000000000000000
t=2023-06-02T16:09:00+0800 lvl=trce msg="Removed old queued transactions"        count=0
t=2023-06-02T16:09:00+0800 lvl=trce msg="Removed unpayable queued transactions"  count=0
t=2023-06-02T16:09:00+0800 lvl=trce msg="Promoted queued transactions"           count=0
t=2023-06-02T16:09:00+0800 lvl=trce msg="Pooled new future transaction"          hash=0xa570a1c09dfeb65655bd02ca19d6b766218c7510f387228e3251afc8ca5d221b from=0x66e0851F1a162869024b4C9f6b1C4Fc5cb4832F1 to=0x0000000000000000000000000000000000000000
t=2023-06-02T16:09:00+0800 lvl=trce msg="Removed old queued transactions"        count=0
t=2023-06-02T16:09:00+0800 lvl=trce msg="Removed unpayable queued transactions"  count=0
t=2023-06-02T16:09:00+0800 lvl=trce msg="Promoted queued transactions"           count=1
t=2023-06-02T16:09:00+0800 lvl=trce msg="Pooled new future transaction"          hash=0x61798f10b517afac7d85ebb5943aa3f7a723e4be7d040de291a8e9bb9688662d from=0x66e0851F1a162869024b4C9f6b1C4Fc5cb4832F1 to=0x0000000000000000000000000000000000000000
t=2023-06-02T16:09:00+0800 lvl=trce msg="Removed old queued transactions"        count=0
t=2023-06-02T16:09:00+0800 lvl=trce msg="Removed unpayable queued transactions"  count=0
t=2023-06-02T16:09:00+0800 lvl=trce msg="Promoted queued transactions"           count=0
t=2023-06-02T16:09:00+0800 lvl=trce msg="Pooled new future transaction"          hash=0x790c8ca125882b23ba9bbd4ba05db248afc7ab81785f1881ecde4c28fbaf431d from=0x7628e7c918DAaf4dfbF615023fDBcF72b8479bCe to=0x0000000000000000000000000000000000000000
t=2023-06-02T16:09:00+0800 lvl=trce msg="Removed old queued transactions"        count=0
t=2023-06-02T16:09:00+0800 lvl=trce msg="Removed unpayable queued transactions"  count=0
t=2023-06-02T16:09:00+0800 lvl=trce msg="Promoted queued transactions"           count=1
t=2023-06-02T16:09:00+0800 lvl=trce msg="Pooled new future transaction"          hash=0x5f10f2f4d74010dab9c3d45fcca5344154cd861289fa70c23114eace23723e1f from=0x7628e7c918DAaf4dfbF615023fDBcF72b8479bCe to=0x0000000000000000000000000000000000000000
t=2023-06-02T16:09:00+0800 lvl=trce msg="Removed old queued transactions"        count=0
t=2023-06-02T16:09:00+0800 lvl=trce msg="Removed unpayable queued transactions"  count=0
t=2023-06-02T16:09:00+0800 lvl=trce msg="Promoted queued transactions"           count=0
t=2023-06-02T16:09:00+0800 lvl=trce msg="Pooled new future transaction"          hash=0x4c96d4bf04fadfdc72519146f99231a56748999ccf79bd4636dfbd7856ae922a from=0x66e0851F1a162869024b4C9f6b1C4Fc5cb4832F1 to=0x0000000000000000000000000000000000000000
t=2023-06-02T16:09:00+0800 lvl=trce msg="Removed old queued transactions"        count=0
t=2023-06-02T16:09:00+0800 lvl=trce msg="Removed unpayable queued transactions"  count=0
t=2023-06-02T16:09:00+0800 lvl=trce msg="Promoted queued transactions"           count=1
t=2023-06-02T16:09:00+0800 lvl=trce msg="Pooled new future transaction"          hash=0x9efc7ff008196a5367e2992bf702b5b1b526a0fa31b29c41d06eaf5f0407bae6 from=0x66e0851F1a162869024b4C9f6b1C4Fc5cb4832F1 to=0x0000000000000000000000000000000000000000
t=2023-06-02T16:09:00+0800 lvl=trce msg="Removed old queued transactions"        count=0
t=2023-06-02T16:09:00+0800 lvl=trce msg="Removed unpayable queued transactions"  count=0
t=2023-06-02T16:09:00+0800 lvl=trce msg="Promoted queued transactions"           count=0
t=2023-06-02T16:09:00+0800 lvl=trce msg="Pooled new future transaction"          hash=0x9a9af47b29b7a513183adf160ae9a66a09625bcfb8afe09eff9d2ee038c9754f from=0x7628e7c918DAaf4dfbF615023fDBcF72b8479bCe to=0x0000000000000000000000000000000000000000
t=2023-06-02T16:09:00+0800 lvl=trce msg="Removed old queued transactions"        count=0
t=2023-06-02T16:09:00+0800 lvl=trce msg="Removed unpayable queued transactions"  count=0
t=2023-06-02T16:09:00+0800 lvl=trce msg="Promoted queued transactions"           count=1
t=2023-06-02T16:09:00+0800 lvl=trce msg="Pooled new future transaction"          hash=0xf04222e0eefe23945bf91ae92939c47dab7f188540fed1b4be4c6ead6cd0b8ce from=0x7628e7c918DAaf4dfbF615023fDBcF72b8479bCe to=0x0000000000000000000000000000000000000000
t=2023-06-02T16:09:00+0800 lvl=trce msg="Removed old queued transactions"        count=0
t=2023-06-02T16:09:00+0800 lvl=trce msg="Removed unpayable queued transactions"  count=0
t=2023-06-02T16:09:00+0800 lvl=trce msg="Promoted queued transactions"           count=0
t=2023-06-02T16:09:00+0800 lvl=trce msg="Pooled new future transaction"          hash=0x78144496b4ff3c102a82e74afd6c771f90e493bfcdf52c7e404055c5a85f4194 from=0x66e0851F1a162869024b4C9f6b1C4Fc5cb4832F1 to=0x0000000000000000000000000000000000000000
t=2023-06-02T16:09:00+0800 lvl=trce msg="Removed old queued transactions"        count=0
t=2023-06-02T16:09:00+0800 lvl=trce msg="Removed unpayable queued transactions"  count=0
t=2023-06-02T16:09:00+0800 lvl=trce msg="Promoted queued transactions"           count=1
t=2023-06-02T16:09:00+0800 lvl=trce msg="Pooled new future transaction"          hash=0xcd442586044d0a35c07b6d39eb76019f071653593919fd0a85797d76ee288590 from=0x66e0851F1a162869024b4C9f6b1C4Fc5cb4832F1 to=0x0000000000000000000000000000000000000000
t=2023-06-02T16:09:00+0800 lvl=trce msg="Removed old queued transactions"        count=0
t=2023-06-02T16:09:00+0800 lvl=trce msg="Removed unpayable queued transactions"  count=0
t=2023-06-02T16:09:00+0800 lvl=trce msg="Promoted queued transactions"           count=0
t=2023-06-02T16:09:00+0800 lvl=trce msg="Pooled new future transaction"          hash=0x68721f9875c12243c14b8b7eb342261b178b3aa7502af677f47878add0ab1cf7 from=0x7628e7c918DAaf4dfbF615023fDBcF72b8479bCe to=0x0000000000000000000000000000000000000000
t=2023-06-02T16:09:00+0800 lvl=trce msg="Removed old queued transactions"        count=0
t=2023-06-02T16:09:00+0800 lvl=trce msg="Removed unpayable queued transactions"  count=0
t=2023-06-02T16:09:00+0800 lvl=trce msg="Promoted queued transactions"           count=1
t=2023-06-02T16:09:00+0800 lvl=trce msg="Pooled new future transaction"          hash=0xb4c6b5ea14e1885df3e16b905e825411bd70331c03b62b676ca58fe9bfd462a2 from=0x7628e7c918DAaf4dfbF615023fDBcF72b8479bCe to=0x0000000000000000000000000000000000000000
t=2023-06-02T16:09:00+0800 lvl=trce msg="Removed old queued transactions"        count=0
t=2023-06-02T16:09:00+0800 lvl=trce msg="Removed unpayable queued transactions"  count=0
t=2023-06-02T16:09:00+0800 lvl=trce msg="Promoted queued transactions"           count=0
t=2023-06-02T16:09:00+0800 lvl=trce msg="Pooled new future transaction"          hash=0xe0a318d62f1349d3f0a1a7f2da24ccbaa9c063dffa57a471b49e749300d06d22 from=0x66e0851F1a162869024b4C9f6b1C4Fc5cb4832F1 to=0x0000000000000000000000000000000000000000
t=2023-06-02T16:09:00+0800 lvl=trce msg="Removed old queued transactions"        count=0
t=2023-06-02T16:09:00+0800 lvl=trce msg="Removed unpayable queued transactions"  count=0
t=2023-06-02T16:09:00+0800 lvl=trce msg="Promoted queued transactions"           count=1
t=2023-06-02T16:09:00+0800 lvl=trce msg="Pooled new future transaction"          hash=0x5b539dae12a1906e4cf2bac718a91aaabf020c1fe44ee1e18d77757cfe01cd47 from=0x66e0851F1a162869024b4C9f6b1C4Fc5cb4832F1 to=0x0000000000000000000000000000000000000000
t=2023-06-02T16:09:00+0800 lvl=trce msg="Removed old queued transactions"        count=0
t=2023-06-02T16:09:00+0800 lvl=trce msg="Removed unpayable queued transactions"  count=0
t=2023-06-02T16:09:00+0800 lvl=trce msg="Promoted queued transactions"           count=0
t=2023-06-02T16:09:00+0800 lvl=trce msg="Pooled new future transaction"          hash=0x682e8d8b60fc69eaf18906d5a7741542d4dbb1700a48b0883c5d22cd757e3b36 from=0x7628e7c918DAaf4dfbF615023fDBcF72b8479bCe to=0x0000000000000000000000000000000000000000
t=2023-06-02T16:09:00+0800 lvl=trce msg="Removed old queued transactions"        count=0
t=2023-06-02T16:09:00+0800 lvl=trce msg="Removed unpayable queued transactions"  count=0
t=2023-06-02T16:09:00+0800 lvl=trce msg="Promoted queued transactions"           count=1
t=2023-06-02T16:09:00+0800 lvl=trce msg="Pooled new future transaction"          hash=0xd00cf6c52b17d98b9d8e551f225fa0476fbc88474f16a9cac10e79fdda67abf0 from=0x7628e7c918DAaf4dfbF615023fDBcF72b8479bCe to=0x0000000000000000000000000000000000000000
t=2023-06-02T16:09:00+0800 lvl=trce msg="Removed old queued transactions"        count=0
t=2023-06-02T16:09:00+0800 lvl=trce msg="Removed unpayable queued transactions"  count=0
t=2023-06-02T16:09:00+0800 lvl=trce msg="Promoted queued transactions"           count=0
t=2023-06-02T16:09:00+0800 lvl=trce msg="Pooled new future transaction"          hash=0x9e9d2a939fd2ce55d98306d3bd1390f764c4e7880ccff3ca1bf09e6571796d57 from=0x66e0851F1a162869024b4C9f6b1C4Fc5cb4832F1 to=0x0000000000000000000000000000000000000000
t=2023-06-02T16:09:00+0800 lvl=trce msg="Removed old queued transactions"        count=0
t=2023-06-02T16:09:00+0800 lvl=trce msg="Removed unpayable queued transactions"  count=0
t=2023-06-02T16:09:00+0800 lvl=trce msg="Promoted queued transactions"           count=1
t=2023-06-02T16:09:00+0800 lvl=trce msg="Pooled new future transaction"          hash=0x9d12d26ea8bafaa8d03f3dea3c1fc759861aea02e1f7c03c1fe828012dab94de from=0x66e0851F1a162869024b4C9f6b1C4Fc5cb4832F1 to=0x0000000000000000000000000000000000000000
t=2023-06-02T16:09:00+0800 lvl=trce msg="Removed old queued transactions"        count=0
t=2023-06-02T16:09:00+0800 lvl=trce msg="Removed unpayable queued transactions"  count=0
t=2023-06-02T16:09:00+0800 lvl=trce msg="Promoted queued transactions"           count=0
t=2023-06-02T16:09:00+0800 lvl=trce msg="Pooled new future transaction"          hash=0x7bc7be33ff251fbf2113e9368e938e0bec03706db43cffaf822f60e49b0dd5cc from=0x7628e7c918DAaf4dfbF615023fDBcF72b8479bCe to=0x0000000000000000000000000000000000000000
t=2023-06-02T16:09:00+0800 lvl=trce msg="Removed old queued transactions"        count=0
t=2023-06-02T16:09:00+0800 lvl=trce msg="Removed unpayable queued transactions"  count=0
t=2023-06-02T16:09:00+0800 lvl=trce msg="Promoted queued transactions"           count=1
t=2023-06-02T16:09:00+0800 lvl=trce msg="Pooled new future transaction"          hash=0xe7aeba5381a513a319c014e07bfe5ccfdb693026bcbfd3e8a3dc40480778cbb3 from=0x7628e7c918DAaf4dfbF615023fDBcF72b8479bCe to=0x0000000000000000000000000000000000000000
t=2023-06-02T16:09:00+0800 lvl=trce msg="Removed old queued transactions"        count=0
t=2023-06-02T16:09:00+0800 lvl=trce msg="Removed unpayable queued transactions"  count=0
t=2023-06-02T16:09:00+0800 lvl=trce msg="Promoted queued transactions"           count=0
t=2023-06-02T16:09:00+0800 lvl=trce msg="Pooled new future transaction"          hash=0x01cd29f330516675d93832f82d5122292d7f74d7b629f96dd7fb673c7ce25238 from=0x66e0851F1a162869024b4C9f6b1C4Fc5cb4832F1 to=0x0000000000000000000000000000000000000000
t=2023-06-02T16:09:00+0800 lvl=trce msg="Removed old queued transactions"        count=0
t=2023-06-02T16:09:00+0800 lvl=trce msg="Removed unpayable queued transactions"  count=0
t=2023-06-02T16:09:00+0800 lvl=trce msg="Promoted queued transactions"           count=1
t=2023-06-02T16:09:00+0800 lvl=trce msg="Pooled new future transaction"          hash=0xa70a430f2829ec53cd9a41e296e981965b3f8d1bd2fa66e8dbdce8a524cdbfb1 from=0x66e0851F1a162869024b4C9f6b1C4Fc5cb4832F1 to=0x0000000000000000000000000000000000000000
t=2023-06-02T16:09:00+0800 lvl=trce msg="Removed old queued transactions"        count=0
t=2023-06-02T16:09:00+0800 lvl=trce msg="Removed unpayable queued transactions"  count=0
t=2023-06-02T16:09:00+0800 lvl=trce msg="Promoted queued transactions"           count=0
t=2023-06-02T16:09:00+0800 lvl=trce msg="Pooled new future transaction"          hash=0x1409221a1cc86ce53dac2772f816c7ca95d8fc014c466afe0ebef1683de1ad0c from=0x7628e7c918DAaf4dfbF615023fDBcF72b8479bCe to=0x0000000000000000000000000000000000000000
t=2023-06-02T16:09:00+0800 lvl=trce msg="Removed old queued transactions"        count=0
t=2023-06-02T16:09:00+0800 lvl=trce msg="Removed unpayable queued transactions"  count=0
t=2023-06-02T16:09:00+0800 lvl=trce msg="Promoted queued transactions"           count=1
t=2023-06-02T16:09:00+0800 lvl=trce msg="Pooled new future transaction"          hash=0xbe386dad55b89daf8c902d35e20023d7cc60348c5a87468cac3e2543a0fe7599 from=0x7628e7c918DAaf4dfbF615023fDBcF72b8479bCe to=0x0000000000000000000000000000000000000000
t=2023-06-02T16:09:00+0800 lvl=trce msg="Removed old queued transactions"        count=0
t=2023-06-02T16:09:00+0800 lvl=trce msg="Removed unpayable queued transactions"  count=0
t=2023-06-02T16:09:00+0800 lvl=trce msg="Promoted queued transactions"           count=0
t=2023-06-02T16:09:00+0800 lvl=trce msg="Pooled new future transaction"          hash=0xd324489cde4d202f2d2fe301a5884b1f8bd8389db753bf68297a2deec9318a1f from=0x66e0851F1a162869024b4C9f6b1C4Fc5cb4832F1 to=0x0000000000000000000000000000000000000000
t=2023-06-02T16:09:00+0800 lvl=trce msg="Removed old queued transactions"        count=0
t=2023-06-02T16:09:00+0800 lvl=trce msg="Removed unpayable queued transactions"  count=0
t=2023-06-02T16:09:00+0800 lvl=trce msg="Promoted queued transactions"           count=1
t=2023-06-02T16:09:00+0800 lvl=trce msg="Pooled new future transaction"          hash=0xea26bed320b582a67429ed33540024896e6fe45c6ea67c0c46fcb72637e464a5 from=0x66e0851F1a162869024b4C9f6b1C4Fc5cb4832F1 to=0x0000000000000000000000000000000000000000
t=2023-06-02T16:09:00+0800 lvl=trce msg="Removed old queued transactions"        count=0
t=2023-06-02T16:09:00+0800 lvl=trce msg="Removed unpayable queued transactions"  count=0
t=2023-06-02T16:09:00+0800 lvl=trce msg="Promoted queued transactions"           count=0
t=2023-06-02T16:09:00+0800 lvl=trce msg="Pooled new future transaction"          hash=0xe76b578e99182b40c282978d2940fdc6d93342226c046e46450da5b7ed1232e0 from=0x7628e7c918DAaf4dfbF615023fDBcF72b8479bCe to=0x0000000000000000000000000000000000000000
t=2023-06-02T16:09:00+0800 lvl=trce msg="Removed old queued transactions"        count=0
t=2023-06-02T16:09:00+0800 lvl=trce msg="Removed unpayable queued transactions"  count=0
t=2023-06-02T16:09:00+0800 lvl=trce msg="Promoted queued transactions"           count=1
t=2023-06-02T16:09:00+0800 lvl=trce msg="Pooled new future transaction"          hash=0x1edc67106ecc4114a6f692d55c6d2996d5e64652ce796d0c1d45bb9332f6a531 from=0x7628e7c918DAaf4dfbF615023fDBcF72b8479bCe to=0x0000000000000000000000000000000000000000
t=2023-06-02T16:09:00+0800 lvl=trce msg="Removed old queued transactions"        count=0
t=2023-06-02T16:09:00+0800 lvl=trce msg="Removed unpayable queued transactions"  count=0
t=2023-06-02T16:09:00+0800 lvl=trce msg="Promoted queued transactions"           count=0
t=2023-06-02T16:09:00+0800 lvl=trce msg="Pooled new future transaction"          hash=0xc0b7bb44d75aa1e01be1ae5ffdb05334baf54866f324cf522f7b59e0d8d9e58f from=0x66e0851F1a162869024b4C9f6b1C4Fc5cb4832F1 to=0x0000000000000000000000000000000000000000
t=2023-06-02T16:09:00+0800 lvl=trce msg="Removed old queued transactions"        count=0
t=2023-06-02T16:09:00+0800 lvl=trce msg="Removed unpayable queued transactions"  count=0
t=2023-06-02T16:09:00+0800 lvl=trce msg="Promoted queued transactions"           count=1
t=2023-06-02T16:09:00+0800 lvl=trce msg="Pooled new future transaction"          hash=0xd215ca2ad3f290cb80c3ea6b0e0f61e8a24c9f556c7e20eadcb7c1e74e2e0ed7 from=0x66e0851F1a162869024b4C9f6b1C4Fc5cb4832F1 to=0x0000000000000000000000000000000000000000
t=2023-06-02T16:09:00+0800 lvl=trce msg="Removed old queued transactions"        count=0
t=2023-06-02T16:09:00+0800 lvl=trce msg="Removed unpayable queued transactions"  count=0
t=2023-06-02T16:09:00+0800 lvl=trce msg="Promoted queued transactions"           count=0
t=2023-06-02T16:09:00+0800 lvl=trce msg="Pooled new future transaction"          hash=0x4afa6b67733a5600cbfdef4fe0ce0e2e1728cd142fd7b1b784868a9271d574d0 from=0x7628e7c918DAaf4dfbF615023fDBcF72b8479bCe to=0x0000000000000000000000000000000000000000
t=2023-06-02T16:09:00+0800 lvl=trce msg="Removed old queued transactions"        count=0
t=2023-06-02T16:09:00+0800 lvl=trce msg="Removed unpayable queued transactions"  count=0
t=2023-06-02T16:09:00+0800 lvl=trce msg="Promoted queued transactions"           count=1
t=2023-06-02T16:09:00+0800 lvl=trce msg="Pooled new future transaction"          hash=0x8f9ed10d1fbaf732a7dc56efb5f9843f9bf161480f1111036b905875f593be42 from=0x7628e7c918DAaf4dfbF615023fDBcF72b8479bCe to=0x0000000000000000000000000000000000000000
t=2023-06-02T16:09:00+0800 lvl=trce msg="Removed old queued transactions"        count=0
t=2023-06-02T16:09:00+0800 lvl=trce msg="Removed unpayable queued transactions"  count=0
t=2023-06-02T16:09:00+0800 lvl=trce msg="Promoted queued transactions"           count=0
t=2023-06-02T16:09:00+0800 lvl=trce msg="Pooled new future transaction"          hash=0xef52b57b67ba1ad4653f22e0ba939fd5812e330a7ca4e0ae0b91c5b16d7d6a27 from=0x66e0851F1a162869024b4C9f6b1C4Fc5cb4832F1 to=0x0000000000000000000000000000000000000000
t=2023-06-02T16:09:00+0800 lvl=trce msg="Removed old queued transactions"        count=0
t=2023-06-02T16:09:00+0800 lvl=trce msg="Removed unpayable queued transactions"  count=0
t=2023-06-02T16:09:00+0800 lvl=trce msg="Promoted queued transactions"           count=1
t=2023-06-02T16:09:00+0800 lvl=trce msg="Pooled new future transaction"          hash=0x3b05b764c459c1f7d5dc7a27be357d90651a396f171ba2867e75ec3f85836e88 from=0x66e0851F1a162869024b4C9f6b1C4Fc5cb4832F1 to=0x0000000000000000000000000000000000000000
t=2023-06-02T16:09:00+0800 lvl=trce msg="Removed old queued transactions"        count=0
t=2023-06-02T16:09:00+0800 lvl=trce msg="Removed unpayable queued transactions"  count=0
t=2023-06-02T16:09:00+0800 lvl=trce msg="Promoted queued transactions"           count=0
t=2023-06-02T16:09:00+0800 lvl=trce msg="Pooled new future transaction"          hash=0xb0f3746fc10e07aacd1f61c93325e3a27e9b975107e29ff58786d9c92959f709 from=0x7628e7c918DAaf4dfbF615023fDBcF72b8479bCe to=0x0000000000000000000000000000000000000000
t=2023-06-02T16:09:00+0800 lvl=trce msg="Removed old queued transactions"        count=0
t=2023-06-02T16:09:00+0800 lvl=trce msg="Removed unpayable queued transactions"  count=0
t=2023-06-02T16:09:00+0800 lvl=trce msg="Promoted queued transactions"           count=1
t=2023-06-02T16:09:00+0800 lvl=trce msg="Pooled new future transaction"          hash=0x760e476c194d6f267dc730d28860eeccf6d8c3ce25aba18fee44baab0fd636a0 from=0x7628e7c918DAaf4dfbF615023fDBcF72b8479bCe to=0x0000000000000000000000000000000000000000
t=2023-06-02T16:09:00+0800 lvl=trce msg="Removed old queued transactions"        count=0
t=2023-06-02T16:09:00+0800 lvl=trce msg="Removed unpayable queued transactions"  count=0
t=2023-06-02T16:09:00+0800 lvl=trce msg="Promoted queued transactions"           count=0
t=2023-06-02T16:09:00+0800 lvl=trce msg="Pooled new future transaction"          hash=0x12e7398743c501c686f9edf097a6200eb6ef76c39be9df773c869392d78263b3 from=0x66e0851F1a162869024b4C9f6b1C4Fc5cb4832F1 to=0x0000000000000000000000000000000000000000
t=2023-06-02T16:09:00+0800 lvl=trce msg="Removed old queued transactions"        count=0
t=2023-06-02T16:09:00+0800 lvl=trce msg="Removed unpayable queued transactions"  count=0
t=2023-06-02T16:09:00+0800 lvl=trce msg="Promoted queued transactions"           count=1
t=2023-06-02T16:09:00+0800 lvl=trce msg="Pooled new future transaction"          hash=0x48d08b3d848b21675a59a278d0713f29d148f57dc371785a53c6d8a5c95a6437 from=0x66e0851F1a162869024b4C9f6b1C4Fc5cb4832F1 to=0x0000000000000000000000000000000000000000
t=2023-06-02T16:09:00+0800 lvl=trce msg="Removed old queued transactions"        count=0
t=2023-06-02T16:09:00+0800 lvl=trce msg="Removed unpayable queued transactions"  count=0
t=2023-06-02T16:09:00+0800 lvl=trce msg="Promoted queued transactions"           count=0
t=2023-06-02T16:09:00+0800 lvl=trce msg="Pooled new future transaction"          hash=0xd4faf8f3866a9377be6f711ab8cc1b69359e5f9797f2f875ea78820c5c75a8d3 from=0x7628e7c918DAaf4dfbF615023fDBcF72b8479bCe to=0x0000000000000000000000000000000000000000
t=2023-06-02T16:09:00+0800 lvl=trce msg="Removed old queued transactions"        count=0
t=2023-06-02T16:09:00+0800 lvl=trce msg="Removed unpayable queued transactions"  count=0
t=2023-06-02T16:09:00+0800 lvl=trce msg="Promoted queued transactions"           count=1
t=2023-06-02T16:09:00+0800 lvl=trce msg="Pooled new future transaction"          hash=0x5d7a420ceacb494991c44ab8f6277aebaa91dec0ba8c5d6887fdf79be657f09a from=0x7628e7c918DAaf4dfbF615023fDBcF72b8479bCe to=0x0000000000000000000000000000000000000000
t=2023-06-02T16:09:00+0800 lvl=trce msg="Removed old queued transactions"        count=0
t=2023-06-02T16:09:00+0800 lvl=trce msg="Removed unpayable queued transactions"  count=0
t=2023-06-02T16:09:00+0800 lvl=trce msg="Promoted queued transactions"           count=0
t=2023-06-02T16:09:00+0800 lvl=trce msg="Pooled new future transaction"          hash=0xf37a2aae296af02649801df21d291d94340dffcac7c21713ef19285acda61917 from=0x66e0851F1a162869024b4C9f6b1C4Fc5cb4832F1 to=0x0000000000000000000000000000000000000000
t=2023-06-02T16:09:00+0800 lvl=trce msg="Removed old queued transactions"        count=0
t=2023-06-02T16:09:00+0800 lvl=trce msg="Removed unpayable queued transactions"  count=0
t=2023-06-02T16:09:00+0800 lvl=trce msg="Promoted queued transactions"           count=1
t=2023-06-02T16:09:00+0800 lvl=trce msg="Pooled new future transaction"          hash=0x4155b7698c55952304036c53629dfdf5c0fecab4b0a6dfaf14bdafcc560e7720 from=0x66e0851F1a162869024b4C9f6b1C4Fc5cb4832F1 to=0x0000000000000000000000000000000000000000
t=2023-06-02T16:09:00+0800 lvl=trce msg="Removed old queued transactions"        count=0
t=2023-06-02T16:09:00+0800 lvl=trce msg="Removed unpayable queued transactions"  count=0
t=2023-06-02T16:09:00+0800 lvl=trce msg="Promoted queued transactions"           count=0
t=2023-06-02T16:09:00+0800 lvl=trce msg="Pooled new future transaction"          hash=0xe3c26dfb58268b392dce9a59b86b3a98fa29d62c3a7ccb190c3a50e881e9c575 from=0x7628e7c918DAaf4dfbF615023fDBcF72b8479bCe to=0x0000000000000000000000000000000000000000
t=2023-06-02T16:09:00+0800 lvl=trce msg="Removed old queued transactions"        count=0
t=2023-06-02T16:09:00+0800 lvl=trce msg="Removed unpayable queued transactions"  count=0
t=2023-06-02T16:09:00+0800 lvl=trce msg="Promoted queued transactions"           count=1
t=2023-06-02T16:09:00+0800 lvl=trce msg="Pooled new future transaction"          hash=0x3c5595e26a36ead777a3a502686afb379099cfc4e89471c05428d0ab731220ba from=0x7628e7c918DAaf4dfbF615023fDBcF72b8479bCe to=0x0000000000000000000000000000000000000000
t=2023-06-02T16:09:00+0800 lvl=trce msg="Removed old queued transactions"        count=0
t=2023-06-02T16:09:00+0800 lvl=trce msg="Removed unpayable queued transactions"  count=0
t=2023-06-02T16:09:00+0800 lvl=trce msg="Promoted queued transactions"           count=0
t=2023-06-02T16:09:00+0800 lvl=trce msg="Pooled new future transaction"          hash=0xfaae1b6bc8e2e8b04a5136034639cc5cccde7e112ad4ede6ce60cf195f707182 from=0x66e0851F1a162869024b4C9f6b1C4Fc5cb4832F1 to=0x0000000000000000000000000000000000000000
t=2023-06-02T16:09:00+0800 lvl=trce msg="Removed old queued transactions"        count=0
t=2023-06-02T16:09:00+0800 lvl=trce msg="Removed unpayable queued transactions"  count=0
t=2023-06-02T16:09:00+0800 lvl=trce msg="Promoted queued transactions"           count=1
t=2023-06-02T16:09:00+0800 lvl=trce msg="Pooled new future transaction"          hash=0xe0403bc9eb8bd0065b347b598fe66043f1f77e1b0e2652090954db10bc834faa from=0x66e0851F1a162869024b4C9f6b1C4Fc5cb4832F1 to=0x0000000000000000000000000000000000000000
t=2023-06-02T16:09:00+0800 lvl=trce msg="Removed old queued transactions"        count=0
t=2023-06-02T16:09:00+0800 lvl=trce msg="Removed unpayable queued transactions"  count=0
t=2023-06-02T16:09:00+0800 lvl=trce msg="Promoted queued transactions"           count=0
t=2023-06-02T16:09:00+0800 lvl=trce msg="Pooled new future transaction"          hash=0x3b810094b3a8e84c6e9f9051ec2585e782c38cf86dcdabaf4af839af2d890b88 from=0x7628e7c918DAaf4dfbF615023fDBcF72b8479bCe to=0x0000000000000000000000000000000000000000
t=2023-06-02T16:09:00+0800 lvl=trce msg="Removed old queued transactions"        count=0
t=2023-06-02T16:09:00+0800 lvl=trce msg="Removed unpayable queued transactions"  count=0
t=2023-06-02T16:09:00+0800 lvl=trce msg="Promoted queued transactions"           count=1
t=2023-06-02T16:09:00+0800 lvl=trce msg="Pooled new future transaction"          hash=0x6e728b4377a8fa22f272e425d495ef3f8844f24bae9f83fd1fcaeb91342141c9 from=0x7628e7c918DAaf4dfbF615023fDBcF72b8479bCe to=0x0000000000000000000000000000000000000000
t=2023-06-02T16:09:00+0800 lvl=trce msg="Removed old queued transactions"        count=0
t=2023-06-02T16:09:00+0800 lvl=trce msg="Removed unpayable queued transactions"  count=0
t=2023-06-02T16:09:00+0800 lvl=trce msg="Promoted queued transactions"           count=0
t=2023-06-02T16:09:00+0800 lvl=trce msg="Pooled new future transaction"          hash=0xb8955cc4ae80824dc48cf9c464313239a69f87fb102f117ff3165618961e5649 from=0x66e0851F1a162869024b4C9f6b1C4Fc5cb4832F1 to=0x0000000000000000000000000000000000000000
t=2023-06-02T16:09:00+0800 lvl=trce msg="Removed old queued transactions"        count=0
t=2023-06-02T16:09:00+0800 lvl=trce msg="Removed unpayable queued transactions"  count=0
t=2023-06-02T16:09:00+0800 lvl=trce msg="Promoted queued transactions"           count=1
t=2023-06-02T16:09:00+0800 lvl=trce msg="Pooled new future transaction"          hash=0x10fa0e99460a84910f8a84a26718f04150b17624f83f63116432ab397ddd8685 from=0x66e0851F1a162869024b4C9f6b1C4Fc5cb4832F1 to=0x0000000000000000000000000000000000000000
t=2023-06-02T16:09:00+0800 lvl=trce msg="Removed old queued transactions"        count=0
t=2023-06-02T16:09:00+0800 lvl=trce msg="Removed unpayable queued transactions"  count=0
t=2023-06-02T16:09:00+0800 lvl=trce msg="Promoted queued transactions"           count=0
t=2023-06-02T16:09:00+0800 lvl=trce msg="Pooled new future transaction"          hash=0x43631004458d0e1a331d2fa943e1475c8b7f11f4360076c8110030d6905b62de from=0x7628e7c918DAaf4dfbF615023fDBcF72b8479bCe to=0x0000000000000000000000000000000000000000
t=2023-06-02T16:09:00+0800 lvl=trce msg="Removed old queued transactions"        count=0
t=2023-06-02T16:09:00+0800 lvl=trce msg="Removed unpayable queued transactions"  count=0
t=2023-06-02T16:09:00+0800 lvl=trce msg="Promoted queued transactions"           count=1
t=2023-06-02T16:09:00+0800 lvl=trce msg="Pooled new future transaction"          hash=0x4f0f1a8a039c03d73fd6408bf7f18aa6e7b56d9f0ec0ab38eed8e077e03329ea from=0x7628e7c918DAaf4dfbF615023fDBcF72b8479bCe to=0x0000000000000000000000000000000000000000
t=2023-06-02T16:09:00+0800 lvl=trce msg="Removed old queued transactions"        count=0
t=2023-06-02T16:09:00+0800 lvl=trce msg="Removed unpayable queued transactions"  count=0
t=2023-06-02T16:09:00+0800 lvl=trce msg="Promoted queued transactions"           count=0
t=2023-06-02T16:09:00+0800 lvl=trce msg="Pooled new future transaction"          hash=0x4659dde65c518fa8284237be14d1754aa8155ed23c8ed6da740cf3f377bf034a from=0x66e0851F1a162869024b4C9f6b1C4Fc5cb4832F1 to=0x0000000000000000000000000000000000000000
t=2023-06-02T16:09:00+0800 lvl=trce msg="Removed old queued transactions"        count=0
t=2023-06-02T16:09:00+0800 lvl=trce msg="Removed unpayable queued transactions"  count=0
t=2023-06-02T16:09:00+0800 lvl=trce msg="Promoted queued transactions"           count=1
t=2023-06-02T16:09:00+0800 lvl=trce msg="Pooled new future transaction"          hash=0x3ee397f58739389243a7cb2d543802fdf0f0610a411ce492644e4251f6544722 from=0x66e0851F1a162869024b4C9f6b1C4Fc5cb4832F1 to=0x0000000000000000000000000000000000000000
t=2023-06-02T16:09:00+0800 lvl=trce msg="Removed old queued transactions"        count=0
t=2023-06-02T16:09:00+0800 lvl=trce msg="Removed unpayable queued transactions"  count=0
t=2023-06-02T16:09:00+0800 lvl=trce msg="Promoted queued transactions"           count=0
t=2023-06-02T16:09:00+0800 lvl=trce msg="Pooled new future transaction"          hash=0x238cfaa5214bd52a72b9f70847071e193f64fff675e8382ddbd5c5af2b685afa from=0x7628e7c918DAaf4dfbF615023fDBcF72b8479bCe to=0x0000000000000000000000000000000000000000
t=2023-06-02T16:09:00+0800 lvl=trce msg="Removed old queued transactions"        count=0
t=2023-06-02T16:09:00+0800 lvl=trce msg="Removed unpayable queued transactions"  count=0
t=2023-06-02T16:09:00+0800 lvl=trce msg="Promoted queued transactions"           count=1
t=2023-06-02T16:09:00+0800 lvl=trce msg="Pooled new future transaction"          hash=0x8fcc9c33049dcccee0807f494b52b11ab69721ba9bd08bdfa12aabd5f1f1cf6c from=0x7628e7c918DAaf4dfbF615023fDBcF72b8479bCe to=0x0000000000000000000000000000000000000000
t=2023-06-02T16:09:00+0800 lvl=trce msg="Removed old queued transactions"        count=0
t=2023-06-02T16:09:00+0800 lvl=trce msg="Removed unpayable queued transactions"  count=0
t=2023-06-02T16:09:00+0800 lvl=trce msg="Promoted queued transactions"           count=0
t=2023-06-02T16:09:00+0800 lvl=trce msg="Pooled new future transaction"          hash=0xa07000e2a7102b698ac3536d36678af455f57f7db2128005b38fe26b77af5e16 from=0x66e0851F1a162869024b4C9f6b1C4Fc5cb4832F1 to=0x0000000000000000000000000000000000000000
t=2023-06-02T16:09:00+0800 lvl=trce msg="Removed old queued transactions"        count=0
t=2023-06-02T16:09:00+0800 lvl=trce msg="Removed unpayable queued transactions"  count=0
t=2023-06-02T16:09:00+0800 lvl=trce msg="Promoted queued transactions"           count=1
t=2023-06-02T16:09:00+0800 lvl=trce msg="Pooled new future transaction"          hash=0xc9dbae31f2e31a334a91b3a75369425a0d5d0e4e0f053d883a74ab634294d819 from=0x66e0851F1a162869024b4C9f6b1C4Fc5cb4832F1 to=0x0000000000000000000000000000000000000000
t=2023-06-02T16:09:00+0800 lvl=trce msg="Removed old queued transactions"        count=0
t=2023-06-02T16:09:00+0800 lvl=trce msg="Removed unpayable queued transactions"  count=0
t=2023-06-02T16:09:00+0800 lvl=trce msg="Promoted queued transactions"           count=0
t=2023-06-02T16:09:00+0800 lvl=trce msg="Pooled new future transaction"          hash=0xd17dbe9de81d94f620ebc165a27b3fc7d3a500eb6d035ad4bc39210729b042d6 from=0x7628e7c918DAaf4dfbF615023fDBcF72b8479bCe to=0x0000000000000000000000000000000000000000
t=2023-06-02T16:09:00+0800 lvl=trce msg="Removed old queued transactions"        count=0
t=2023-06-02T16:09:00+0800 lvl=trce msg="Removed unpayable queued transactions"  count=0
t=2023-06-02T16:09:00+0800 lvl=trce msg="Promoted queued transactions"           count=1
t=2023-06-02T16:09:00+0800 lvl=trce msg="Pooled new future transaction"          hash=0x90d255f76aef7bf3180409275ad34a8e3e1b530d1977f1d24410164f9fe2186f from=0x7628e7c918DAaf4dfbF615023fDBcF72b8479bCe to=0x0000000000000000000000000000000000000000
t=2023-06-02T16:09:00+0800 lvl=trce msg="Removed old queued transactions"        count=0
t=2023-06-02T16:09:00+0800 lvl=trce msg="Removed unpayable queued transactions"  count=0
t=2023-06-02T16:09:00+0800 lvl=trce msg="Promoted queued transactions"           count=0
t=2023-06-02T16:09:00+0800 lvl=trce msg="Pooled new future transaction"          hash=0xa269dd84fa8ba625c5c219bf50ab2e7cdf86a512cb501ee294e39e7aef39b6ce from=0x66e0851F1a162869024b4C9f6b1C4Fc5cb4832F1 to=0x0000000000000000000000000000000000000000
t=2023-06-02T16:09:00+0800 lvl=trce msg="Removed old queued transactions"        count=0
t=2023-06-02T16:09:00+0800 lvl=trce msg="Removed unpayable queued transactions"  count=0
t=2023-06-02T16:09:00+0800 lvl=trce msg="Promoted queued transactions"           count=1
t=2023-06-02T16:09:00+0800 lvl=trce msg="Pooled new future transaction"          hash=0x312091b9794f0181f48d6b2fbde13b57c8f14188c3e033990fb936235542df51 from=0x66e0851F1a162869024b4C9f6b1C4Fc5cb4832F1 to=0x0000000000000000000000000000000000000000
t=2023-06-02T16:09:00+0800 lvl=trce msg="Removed old queued transactions"        count=0
t=2023-06-02T16:09:00+0800 lvl=trce msg="Removed unpayable queued transactions"  count=0
t=2023-06-02T16:09:00+0800 lvl=trce msg="Promoted queued transactions"           count=0
t=2023-06-02T16:09:00+0800 lvl=trce msg="Pooled new future transaction"          hash=0xa64c8e585b8046a89cb9af095348d1ce6d7ad8f9a52c728b8ec2f38d6c353edd from=0x7628e7c918DAaf4dfbF615023fDBcF72b8479bCe to=0x0000000000000000000000000000000000000000
t=2023-06-02T16:09:00+0800 lvl=trce msg="Removed old queued transactions"        count=0
t=2023-06-02T16:09:00+0800 lvl=trce msg="Removed unpayable queued transactions"  count=0
t=2023-06-02T16:09:00+0800 lvl=trce msg="Promoted queued transactions"           count=1
t=2023-06-02T16:09:00+0800 lvl=trce msg="Pooled new future transaction"          hash=0x78665c04bd8e812ab4d6020b1f560b228be9b81867825c91a987e241fd513a6e from=0x7628e7c918DAaf4dfbF615023fDBcF72b8479bCe to=0x0000000000000000000000000000000000000000
t=2023-06-02T16:09:00+0800 lvl=trce msg="Removed old queued transactions"        count=0
t=2023-06-02T16:09:00+0800 lvl=trce msg="Removed unpayable queued transactions"  count=0
t=2023-06-02T16:09:00+0800 lvl=trce msg="Promoted queued transactions"           count=0
t=2023-06-02T16:09:00+0800 lvl=trce msg="Pooled new future transaction"          hash=0x9e8cf07c4b3abe0c2dc90db706f5397affc8d9a9ee70dbe998e4cc7dcabcb867 from=0x66e0851F1a162869024b4C9f6b1C4Fc5cb4832F1 to=0x0000000000000000000000000000000000000000
t=2023-06-02T16:09:00+0800 lvl=trce msg="Removed old queued transactions"        count=0
t=2023-06-02T16:09:00+0800 lvl=trce msg="Removed unpayable queued transactions"  count=0
t=2023-06-02T16:09:00+0800 lvl=trce msg="Promoted queued transactions"           count=1
t=2023-06-02T16:09:00+0800 lvl=trce msg="Pooled new future transaction"          hash=0x9029b4aac85f9bb0df10457eb2c2f6f288cc95135084fe693521f9fbc6074d3c from=0x66e0851F1a162869024b4C9f6b1C4Fc5cb4832F1 to=0x0000000000000000000000000000000000000000
t=2023-06-02T16:09:00+0800 lvl=trce msg="Removed old queued transactions"        count=0
t=2023-06-02T16:09:00+0800 lvl=trce msg="Removed unpayable queued transactions"  count=0
t=2023-06-02T16:09:00+0800 lvl=trce msg="Promoted queued transactions"           count=0
t=2023-06-02T16:09:00+0800 lvl=trce msg="Pooled new future transaction"          hash=0x6b8a429425be9e28a544164ac35bc98611d369a75574217d532f6fdad1287564 from=0x7628e7c918DAaf4dfbF615023fDBcF72b8479bCe to=0x0000000000000000000000000000000000000000
t=2023-06-02T16:09:00+0800 lvl=trce msg="Removed old queued transactions"        count=0
t=2023-06-02T16:09:00+0800 lvl=trce msg="Removed unpayable queued transactions"  count=0
t=2023-06-02T16:09:00+0800 lvl=trce msg="Promoted queued transactions"           count=1
t=2023-06-02T16:09:00+0800 lvl=trce msg="Pooled new future transaction"          hash=0xc3c27ff8d344e865792afd8037762e52c52b80e3474275225dd45589212ea8d9 from=0x7628e7c918DAaf4dfbF615023fDBcF72b8479bCe to=0x0000000000000000000000000000000000000000
t=2023-06-02T16:09:00+0800 lvl=trce msg="Removed old queued transactions"        count=0
t=2023-06-02T16:09:00+0800 lvl=trce msg="Removed unpayable queued transactions"  count=0
t=2023-06-02T16:09:00+0800 lvl=trce msg="Promoted queued transactions"           count=0
t=2023-06-02T16:09:00+0800 lvl=trce msg="Pooled new future transaction"          hash=0xc57972746515759a1c39818198def1496bef2719d47bdc0378c7457b37fe066e from=0x66e0851F1a162869024b4C9f6b1C4Fc5cb4832F1 to=0x0000000000000000000000000000000000000000
t=2023-06-02T16:09:00+0800 lvl=trce msg="Removed old queued transactions"        count=0
t=2023-06-02T16:09:00+0800 lvl=trce msg="Removed unpayable queued transactions"  count=0
t=2023-06-02T16:09:00+0800 lvl=trce msg="Promoted queued transactions"           count=1
t=2023-06-02T16:09:00+0800 lvl=trce msg="Pooled new future transaction"          hash=0xd2e5503b73f4c14771268c17501fc23a63e95040ae17c2bd2dee3fe79e652a7f from=0x66e0851F1a162869024b4C9f6b1C4Fc5cb4832F1 to=0x0000000000000000000000000000000000000000
t=2023-06-02T16:09:00+0800 lvl=trce msg="Removed old queued transactions"        count=0
t=2023-06-02T16:09:00+0800 lvl=trce msg="Removed unpayable queued transactions"  count=0
t=2023-06-02T16:09:00+0800 lvl=trce msg="Promoted queued transactions"           count=0
t=2023-06-02T16:09:00+0800 lvl=trce msg="Pooled new future transaction"          hash=0x3bf701c7d7ba188e6ee4151a45a5fafef2594857b555b36f16e83c942fb5f9bd from=0x7628e7c918DAaf4dfbF615023fDBcF72b8479bCe to=0x0000000000000000000000000000000000000000
t=2023-06-02T16:09:00+0800 lvl=trce msg="Removed old queued transactions"        count=0
t=2023-06-02T16:09:00+0800 lvl=trce msg="Removed unpayable queued transactions"  count=0
t=2023-06-02T16:09:00+0800 lvl=trce msg="Promoted queued transactions"           count=1
t=2023-06-02T16:09:00+0800 lvl=trce msg="Pooled new future transaction"          hash=0x913c983061d1300d64831c9109619d742066b15c3c3326fe85f14aada58cb306 from=0x7628e7c918DAaf4dfbF615023fDBcF72b8479bCe to=0x0000000000000000000000000000000000000000
t=2023-06-02T16:09:00+0800 lvl=trce msg="Removed old queued transactions"        count=0
t=2023-06-02T16:09:00+0800 lvl=trce msg="Removed unpayable queued transactions"  count=0
t=2023-06-02T16:09:00+0800 lvl=trce msg="Promoted queued transactions"           count=0
t=2023-06-02T16:09:00+0800 lvl=trce msg="Pooled new future transaction"          hash=0x616e38d6819b642592a2ce5cade75023d951c45693a87100d2c64a85a4e82fba from=0x66e0851F1a162869024b4C9f6b1C4Fc5cb4832F1 to=0x0000000000000000000000000000000000000000
t=2023-06-02T16:09:00+0800 lvl=trce msg="Removed old queued transactions"        count=0
t=2023-06-02T16:09:00+0800 lvl=trce msg="Removed unpayable queued transactions"  count=0
t=2023-06-02T16:09:00+0800 lvl=trce msg="Promoted queued transactions"           count=1
t=2023-06-02T16:09:00+0800 lvl=trce msg="Pooled new future transaction"          hash=0xda3d0d30972b8e3d19feee0fbac7ab143b3c2a4c9cee4731d67ea66e6d5d3a9b from=0x66e0851F1a162869024b4C9f6b1C4Fc5cb4832F1 to=0x0000000000000000000000000000000000000000
t=2023-06-02T16:09:00+0800 lvl=trce msg="Removed old queued transactions"        count=0
t=2023-06-02T16:09:00+0800 lvl=trce msg="Removed unpayable queued transactions"  count=0
t=2023-06-02T16:09:00+0800 lvl=trce msg="Promoted queued transactions"           count=0
t=2023-06-02T16:09:00+0800 lvl=trce msg="Pooled new future transaction"          hash=0x596b4960dc931ee30fd64ee9421074194cd16e75feb62d8604bd2661882429da from=0x7628e7c918DAaf4dfbF615023fDBcF72b8479bCe to=0x0000000000000000000000000000000000000000
t=2023-06-02T16:09:00+0800 lvl=trce msg="Removed old queued transactions"        count=0
t=2023-06-02T16:09:00+0800 lvl=trce msg="Removed unpayable queued transactions"  count=0
t=2023-06-02T16:09:00+0800 lvl=trce msg="Promoted queued transactions"           count=1
t=2023-06-02T16:09:00+0800 lvl=trce msg="Pooled new future transaction"          hash=0xfad2b0a21f9329019496ac5f38cc907c6c2c192095ad35e7fd55a6f2af527404 from=0x7628e7c918DAaf4dfbF615023fDBcF72b8479bCe to=0x0000000000000000000000000000000000000000
t=2023-06-02T16:09:00+0800 lvl=trce msg="Removed old queued transactions"        count=0
t=2023-06-02T16:09:00+0800 lvl=trce msg="Removed unpayable queued transactions"  count=0
t=2023-06-02T16:09:00+0800 lvl=trce msg="Promoted queued transactions"           count=0
t=2023-06-02T16:09:00+0800 lvl=trce msg="Pooled new future transaction"          hash=0x6ff7b7f14a83ac160dcd7214e84a2896d189b932d85c35ab6c01caa03903d657 from=0x66e0851F1a162869024b4C9f6b1C4Fc5cb4832F1 to=0x0000000000000000000000000000000000000000
t=2023-06-02T16:09:00+0800 lvl=trce msg="Removed old queued transactions"        count=0
t=2023-06-02T16:09:00+0800 lvl=trce msg="Removed unpayable queued transactions"  count=0
t=2023-06-02T16:09:00+0800 lvl=trce msg="Promoted queued transactions"           count=1
t=2023-06-02T16:09:00+0800 lvl=trce msg="Pooled new future transaction"          hash=0x303059ae778d53fd5fbcd7b8ad0e84a93bdc9d78179fb181fcbeee787321f784 from=0x66e0851F1a162869024b4C9f6b1C4Fc5cb4832F1 to=0x0000000000000000000000000000000000000000
t=2023-06-02T16:09:00+0800 lvl=trce msg="Removed old queued transactions"        count=0
t=2023-06-02T16:09:00+0800 lvl=trce msg="Removed unpayable queued transactions"  count=0
t=2023-06-02T16:09:00+0800 lvl=trce msg="Promoted queued transactions"           count=0
t=2023-06-02T16:09:00+0800 lvl=trce msg="Pooled new future transaction"          hash=0x649daaa53dccd615b5af33ad17766d53586abd3e2aceb071f3d4c2c52101b960 from=0x7628e7c918DAaf4dfbF615023fDBcF72b8479bCe to=0x0000000000000000000000000000000000000000
t=2023-06-02T16:09:00+0800 lvl=trce msg="Removed old queued transactions"        count=0
t=2023-06-02T16:09:00+0800 lvl=trce msg="Removed unpayable queued transactions"  count=0
t=2023-06-02T16:09:00+0800 lvl=trce msg="Promoted queued transactions"           count=1
t=2023-06-02T16:09:00+0800 lvl=trce msg="Pooled new future transaction"          hash=0x36112b7e4d6ad03d3df47926d1efab7f0b660c96145daebde93dfb8c26fe5ec3 from=0x7628e7c918DAaf4dfbF615023fDBcF72b8479bCe to=0x0000000000000000000000000000000000000000
t=2023-06-02T16:09:00+0800 lvl=trce msg="Removed old queued transactions"        count=0
t=2023-06-02T16:09:00+0800 lvl=trce msg="Removed unpayable queued transactions"  count=0
t=2023-06-02T16:09:00+0800 lvl=trce msg="Promoted queued transactions"           count=0
t=2023-06-02T16:09:00+0800 lvl=trce msg="Pooled new future transaction"          hash=0xfcf65df3a0a3d59a2fe2b24a0cd586f5a1176654cf0ec1a0ecc1c073fc85ab15 from=0x66e0851F1a162869024b4C9f6b1C4Fc5cb4832F1 to=0x0000000000000000000000000000000000000000
t=2023-06-02T16:09:00+0800 lvl=trce msg="Removed old queued transactions"        count=0
t=2023-06-02T16:09:00+0800 lvl=trce msg="Removed unpayable queued transactions"  count=0
t=2023-06-02T16:09:00+0800 lvl=trce msg="Promoted queued transactions"           count=1
t=2023-06-02T16:09:00+0800 lvl=trce msg="Pooled new future transaction"          hash=0x7d542bf48e0c6ad410b831a1248622f566e0aa2debb1c7186bb7793ba76a8705 from=0x66e0851F1a162869024b4C9f6b1C4Fc5cb4832F1 to=0x0000000000000000000000000000000000000000
t=2023-06-02T16:09:00+0800 lvl=trce msg="Removed old queued transactions"        count=0
t=2023-06-02T16:09:00+0800 lvl=trce msg="Removed unpayable queued transactions"  count=0
t=2023-06-02T16:09:00+0800 lvl=trce msg="Promoted queued transactions"           count=0
t=2023-06-02T16:09:00+0800 lvl=trce msg="Pooled new future transaction"          hash=0xb5e137e1bdd31076bfacb170bdc1afea592d17039e6e27e08bcb353f5172b533 from=0x7628e7c918DAaf4dfbF615023fDBcF72b8479bCe to=0x0000000000000000000000000000000000000000
t=2023-06-02T16:09:00+0800 lvl=trce msg="Removed old queued transactions"        count=0
t=2023-06-02T16:09:00+0800 lvl=trce msg="Removed unpayable queued transactions"  count=0
t=2023-06-02T16:09:00+0800 lvl=trce msg="Promoted queued transactions"           count=1
t=2023-06-02T16:09:00+0800 lvl=trce msg="Pooled new future transaction"          hash=0xe2a7dddc2f13baee24f1e6f0a8fbacb82273d184efd53d8e4b6567ca48db65d0 from=0x7628e7c918DAaf4dfbF615023fDBcF72b8479bCe to=0x0000000000000000000000000000000000000000
t=2023-06-02T16:09:00+0800 lvl=trce msg="Removed old queued transactions"        count=0
t=2023-06-02T16:09:00+0800 lvl=trce msg="Removed unpayable queued transactions"  count=0
t=2023-06-02T16:09:00+0800 lvl=trce msg="Promoted queued transactions"           count=0
t=2023-06-02T16:09:00+0800 lvl=trce msg="Pooled new future transaction"          hash=0x217c1ade0ae4737171cf586e6ee16e5350b149ec4309b7e1bfd5024f7d6cc087 from=0x66e0851F1a162869024b4C9f6b1C4Fc5cb4832F1 to=0x0000000000000000000000000000000000000000
t=2023-06-02T16:09:00+0800 lvl=trce msg="Removed old queued transactions"        count=0
t=2023-06-02T16:09:00+0800 lvl=trce msg="Removed unpayable queued transactions"  count=0
t=2023-06-02T16:09:00+0800 lvl=trce msg="Promoted queued transactions"           count=1
t=2023-06-02T16:09:00+0800 lvl=trce msg="Pooled new future transaction"          hash=0x04f8fb363adb97c5df320e04b27430b30c0e39f46770e5a7a9c957c5728626d5 from=0x66e0851F1a162869024b4C9f6b1C4Fc5cb4832F1 to=0x0000000000000000000000000000000000000000
t=2023-06-02T16:09:00+0800 lvl=trce msg="Removed old queued transactions"        count=0
t=2023-06-02T16:09:00+0800 lvl=trce msg="Removed unpayable queued transactions"  count=0
t=2023-06-02T16:09:00+0800 lvl=trce msg="Promoted queued transactions"           count=0
t=2023-06-02T16:09:00+0800 lvl=trce msg="Pooled new future transaction"          hash=0xa81eabd6160918174364551e125182f1c6c8870533e08daf53e20674574492c8 from=0x7628e7c918DAaf4dfbF615023fDBcF72b8479bCe to=0x0000000000000000000000000000000000000000
t=2023-06-02T16:09:00+0800 lvl=trce msg="Removed old queued transactions"        count=0
t=2023-06-02T16:09:00+0800 lvl=trce msg="Removed unpayable queued transactions"  count=0
t=2023-06-02T16:09:00+0800 lvl=trce msg="Promoted queued transactions"           count=1
t=2023-06-02T16:09:00+0800 lvl=trce msg="Pooled new future transaction"          hash=0xe911bc0d352ecbb841c7d7245dd4d56a4e1d0e96938c3c09ae857f5cd4ceb909 from=0x7628e7c918DAaf4dfbF615023fDBcF72b8479bCe to=0x0000000000000000000000000000000000000000
t=2023-06-02T16:09:00+0800 lvl=trce msg="Removed old queued transactions"        count=0
t=2023-06-02T16:09:00+0800 lvl=trce msg="Removed unpayable queued transactions"  count=0
t=2023-06-02T16:09:00+0800 lvl=trce msg="Promoted queued transactions"           count=0
t=2023-06-02T16:09:00+0800 lvl=trce msg="Pooled new future transaction"          hash=0x71ab428cb21305d07656a4bc10f4d939c182e0723952ea7dc9bbf7d221788e55 from=0x66e0851F1a162869024b4C9f6b1C4Fc5cb4832F1 to=0x0000000000000000000000000000000000000000
t=2023-06-02T16:09:00+0800 lvl=trce msg="Removed old queued transactions"        count=0
t=2023-06-02T16:09:00+0800 lvl=trce msg="Removed unpayable queued transactions"  count=0
t=2023-06-02T16:09:00+0800 lvl=trce msg="Promoted queued transactions"           count=1
t=2023-06-02T16:09:00+0800 lvl=trce msg="Pooled new future transaction"          hash=0x8f9d68026cd99a0df306585caf3d230b205623e4429212378e3ccc41f5dba491 from=0x66e0851F1a162869024b4C9f6b1C4Fc5cb4832F1 to=0x0000000000000000000000000000000000000000
t=2023-06-02T16:09:00+0800 lvl=trce msg="Removed old queued transactions"        count=0
t=2023-06-02T16:09:00+0800 lvl=trce msg="Removed unpayable queued transactions"  count=0
t=2023-06-02T16:09:00+0800 lvl=trce msg="Promoted queued transactions"           count=0
t=2023-06-02T16:09:00+0800 lvl=trce msg="Pooled new future transaction"          hash=0x4f3ab185f6df7944b213ad5a235a61988d45747915a086c98a8737014dcd33ee from=0x7628e7c918DAaf4dfbF615023fDBcF72b8479bCe to=0x0000000000000000000000000000000000000000
t=2023-06-02T16:09:00+0800 lvl=trce msg="Removed old queued transactions"        count=0
t=2023-06-02T16:09:00+0800 lvl=trce msg="Removed unpayable queued transactions"  count=0
t=2023-06-02T16:09:00+0800 lvl=trce msg="Promoted queued transactions"           count=1
t=2023-06-02T16:09:00+0800 lvl=trce msg="Pooled new future transaction"          hash=0x28f639e79147049be19062901adf1a1b483e1b6429c771d8c55570869ca015a8 from=0x7628e7c918DAaf4dfbF615023fDBcF72b8479bCe to=0x0000000000000000000000000000000000000000
t=2023-06-02T16:09:00+0800 lvl=trce msg="Removed old queued transactions"        count=0
t=2023-06-02T16:09:00+0800 lvl=trce msg="Removed unpayable queued transactions"  count=0
t=2023-06-02T16:09:00+0800 lvl=trce msg="Promoted queued transactions"           count=0
t=2023-06-02T16:09:00+0800 lvl=trce msg="Pooled new future transaction"          hash=0xdf83a0365bd447e5b42e841170f7de45485470a61153f45a966776bbad9e933f from=0x66e0851F1a162869024b4C9f6b1C4Fc5cb4832F1 to=0x0000000000000000000000000000000000000000
t=2023-06-02T16:09:00+0800 lvl=trce msg="Removed old queued transactions"        count=0
t=2023-06-02T16:09:00+0800 lvl=trce msg="Removed unpayable queued transactions"  count=0
t=2023-06-02T16:09:00+0800 lvl=trce msg="Promoted queued transactions"           count=1
t=2023-06-02T16:09:00+0800 lvl=trce msg="Pooled new future transaction"          hash=0x19d188087b66b1e94f82553559bc11b4163d09caa18fa3cf7219fea12e2932ae from=0x66e0851F1a162869024b4C9f6b1C4Fc5cb4832F1 to=0x0000000000000000000000000000000000000000
t=2023-06-02T16:09:00+0800 lvl=trce msg="Removed old queued transactions"        count=0
t=2023-06-02T16:09:00+0800 lvl=trce msg="Removed unpayable queued transactions"  count=0
t=2023-06-02T16:09:00+0800 lvl=trce msg="Promoted queued transactions"           count=0
t=2023-06-02T16:09:00+0800 lvl=trce msg="Pooled new future transaction"          hash=0xf06a0939d716ce04ce29f548a92336a6c9029de6e163de1d5413723a88c61e17 from=0x7628e7c918DAaf4dfbF615023fDBcF72b8479bCe to=0x0000000000000000000000000000000000000000
t=2023-06-02T16:09:00+0800 lvl=trce msg="Removed old queued transactions"        count=0
t=2023-06-02T16:09:00+0800 lvl=trce msg="Removed unpayable queued transactions"  count=0
t=2023-06-02T16:09:00+0800 lvl=trce msg="Promoted queued transactions"           count=1
t=2023-06-02T16:09:00+0800 lvl=trce msg="Pooled new future transaction"          hash=0x871f905d403c5e153fb46777dee74975a14088d9208b39c1096f93445e54b861 from=0x7628e7c918DAaf4dfbF615023fDBcF72b8479bCe to=0x0000000000000000000000000000000000000000
t=2023-06-02T16:09:00+0800 lvl=trce msg="Removed old queued transactions"        count=0
t=2023-06-02T16:09:00+0800 lvl=trce msg="Removed unpayable queued transactions"  count=0
t=2023-06-02T16:09:00+0800 lvl=trce msg="Promoted queued transactions"           count=0
t=2023-06-02T16:09:00+0800 lvl=trce msg="Pooled new future transaction"          hash=0x7a1dca1d8432157ed8c6dd370003f1ae25a12661d8b1c4d918af2813d38e4c45 from=0x66e0851F1a162869024b4C9f6b1C4Fc5cb4832F1 to=0x0000000000000000000000000000000000000000
t=2023-06-02T16:09:00+0800 lvl=trce msg="Removed old queued transactions"        count=0
t=2023-06-02T16:09:00+0800 lvl=trce msg="Removed unpayable queued transactions"  count=0
t=2023-06-02T16:09:00+0800 lvl=trce msg="Promoted queued transactions"           count=1
t=2023-06-02T16:09:00+0800 lvl=trce msg="Pooled new future transaction"          hash=0x8846c1dc9ebc4371fe449b062cc53968228db5274ed4db6348191693464d32cb from=0x66e0851F1a162869024b4C9f6b1C4Fc5cb4832F1 to=0x0000000000000000000000000000000000000000
t=2023-06-02T16:09:00+0800 lvl=trce msg="Removed old queued transactions"        count=0
t=2023-06-02T16:09:00+0800 lvl=trce msg="Removed unpayable queued transactions"  count=0
t=2023-06-02T16:09:00+0800 lvl=trce msg="Promoted queued transactions"           count=0
t=2023-06-02T16:09:00+0800 lvl=trce msg="Pooled new future transaction"          hash=0x0191831f066d7fb1bf78bb720c75b9fa55fdceb2c267b93dbef1b62b2f113c51 from=0x7628e7c918DAaf4dfbF615023fDBcF72b8479bCe to=0x0000000000000000000000000000000000000000
t=2023-06-02T16:09:00+0800 lvl=trce msg="Removed old queued transactions"        count=0
t=2023-06-02T16:09:00+0800 lvl=trce msg="Removed unpayable queued transactions"  count=0
t=2023-06-02T16:09:00+0800 lvl=trce msg="Promoted queued transactions"           count=1
t=2023-06-02T16:09:00+0800 lvl=trce msg="Pooled new future transaction"          hash=0xbe29b882c04d8c11ad543a56822f13abe6f7714b90ddf046e1101f341ecd5b3b from=0x7628e7c918DAaf4dfbF615023fDBcF72b8479bCe to=0x0000000000000000000000000000000000000000
t=2023-06-02T16:09:00+0800 lvl=trce msg="Removed old queued transactions"        count=0
t=2023-06-02T16:09:00+0800 lvl=trce msg="Removed unpayable queued transactions"  count=0
t=2023-06-02T16:09:00+0800 lvl=trce msg="Promoted queued transactions"           count=0
t=2023-06-02T16:09:00+0800 lvl=trce msg="Pooled new future transaction"          hash=0xd56767ba9dfece14d6e799658e597abe1e2ccf2d7db19a6b74c2084aaf44a88f from=0x66e0851F1a162869024b4C9f6b1C4Fc5cb4832F1 to=0x0000000000000000000000000000000000000000
t=2023-06-02T16:09:00+0800 lvl=trce msg="Removed old queued transactions"        count=0
t=2023-06-02T16:09:00+0800 lvl=trce msg="Removed unpayable queued transactions"  count=0
t=2023-06-02T16:09:00+0800 lvl=trce msg="Promoted queued transactions"           count=1
t=2023-06-02T16:09:00+0800 lvl=trce msg="Pooled new future transaction"          hash=0x3f3271e93630590561b97a207b8c05210b18b855db1a8262f577e1ed12b7fdce from=0x66e0851F1a162869024b4C9f6b1C4Fc5cb4832F1 to=0x0000000000000000000000000000000000000000
t=2023-06-02T16:09:00+0800 lvl=trce msg="Removed old queued transactions"        count=0
t=2023-06-02T16:09:00+0800 lvl=trce msg="Removed unpayable queued transactions"  count=0
t=2023-06-02T16:09:00+0800 lvl=trce msg="Promoted queued transactions"           count=0
t=2023-06-02T16:09:00+0800 lvl=trce msg="Pooled new future transaction"          hash=0x8ce7785dd1500d29a0011f53bc1ff0c9c6bf42e87031841a892f8f246dbacfe7 from=0x7628e7c918DAaf4dfbF615023fDBcF72b8479bCe to=0x0000000000000000000000000000000000000000
t=2023-06-02T16:09:00+0800 lvl=trce msg="Removed old queued transactions"        count=0
t=2023-06-02T16:09:00+0800 lvl=trce msg="Removed unpayable queued transactions"  count=0
t=2023-06-02T16:09:00+0800 lvl=trce msg="Promoted queued transactions"           count=1
t=2023-06-02T16:09:00+0800 lvl=trce msg="Pooled new future transaction"          hash=0x98771f9f7ef15e249acb9bdb914771ac841b2d4d5ad0595587d608a7a37ead25 from=0x7628e7c918DAaf4dfbF615023fDBcF72b8479bCe to=0x0000000000000000000000000000000000000000
t=2023-06-02T16:09:00+0800 lvl=trce msg="Removed old queued transactions"        count=0
t=2023-06-02T16:09:00+0800 lvl=trce msg="Removed unpayable queued transactions"  count=0
t=2023-06-02T16:09:00+0800 lvl=trce msg="Promoted queued transactions"           count=0
t=2023-06-02T16:09:00+0800 lvl=trce msg="Pooled new future transaction"          hash=0x44c831b6b836921e96a53e19ac31451da8a84ed5e5486c59a43c361779baaa4f from=0x66e0851F1a162869024b4C9f6b1C4Fc5cb4832F1 to=0x0000000000000000000000000000000000000000
t=2023-06-02T16:09:00+0800 lvl=trce msg="Removed old queued transactions"        count=0
t=2023-06-02T16:09:00+0800 lvl=trce msg="Removed unpayable queued transactions"  count=0
t=2023-06-02T16:09:00+0800 lvl=trce msg="Promoted queued transactions"           count=1
t=2023-06-02T16:09:00+0800 lvl=trce msg="Pooled new future transaction"          hash=0x13bcd7e16d6a084fe29a599d25f767fc2fcd46a1c8a09bec1296f33eb3c80206 from=0x66e0851F1a162869024b4C9f6b1C4Fc5cb4832F1 to=0x0000000000000000000000000000000000000000
t=2023-06-02T16:09:00+0800 lvl=trce msg="Removed old queued transactions"        count=0
t=2023-06-02T16:09:00+0800 lvl=trce msg="Removed unpayable queued transactions"  count=0
t=2023-06-02T16:09:00+0800 lvl=trce msg="Promoted queued transactions"           count=0
t=2023-06-02T16:09:00+0800 lvl=trce msg="Pooled new future transaction"          hash=0x60519b3d9abd65296983e3a9fbe1a4a5e110091567a514760816b619e7bb4e0a from=0x7628e7c918DAaf4dfbF615023fDBcF72b8479bCe to=0x0000000000000000000000000000000000000000
t=2023-06-02T16:09:00+0800 lvl=trce msg="Removed old queued transactions"        count=0
t=2023-06-02T16:09:00+0800 lvl=trce msg="Removed unpayable queued transactions"  count=0
t=2023-06-02T16:09:00+0800 lvl=trce msg="Promoted queued transactions"           count=1
t=2023-06-02T16:09:00+0800 lvl=trce msg="Pooled new future transaction"          hash=0x903af7612aba5635655b1690770d864b9f2db9cca5a8ba2293ec9006dfb6ddc7 from=0x7628e7c918DAaf4dfbF615023fDBcF72b8479bCe to=0x0000000000000000000000000000000000000000
t=2023-06-02T16:09:00+0800 lvl=trce msg="Removed old queued transactions"        count=0
t=2023-06-02T16:09:00+0800 lvl=trce msg="Removed unpayable queued transactions"  count=0
t=2023-06-02T16:09:00+0800 lvl=trce msg="Promoted queued transactions"           count=0
t=2023-06-02T16:09:00+0800 lvl=trce msg="Pooled new future transaction"          hash=0xa21dc62f617b1aa1ee2f3dd60bc5f8f9a313ed2cc12cf347106ae24f617c3daf from=0x66e0851F1a162869024b4C9f6b1C4Fc5cb4832F1 to=0x0000000000000000000000000000000000000000
t=2023-06-02T16:09:00+0800 lvl=trce msg="Removed old queued transactions"        count=0
t=2023-06-02T16:09:00+0800 lvl=trce msg="Removed unpayable queued transactions"  count=0
t=2023-06-02T16:09:00+0800 lvl=trce msg="Promoted queued transactions"           count=1
t=2023-06-02T16:09:00+0800 lvl=trce msg="Pooled new future transaction"          hash=0xf0701911dc0ecf1329501102a10b2a165b6359ce3ad4782e069c523fbdf907f7 from=0x66e0851F1a162869024b4C9f6b1C4Fc5cb4832F1 to=0x0000000000000000000000000000000000000000
t=2023-06-02T16:09:00+0800 lvl=trce msg="Removed old queued transactions"        count=0
t=2023-06-02T16:09:00+0800 lvl=trce msg="Removed unpayable queued transactions"  count=0
t=2023-06-02T16:09:00+0800 lvl=trce msg="Promoted queued transactions"           count=0
t=2023-06-02T16:09:00+0800 lvl=trce msg="Pooled new future transaction"          hash=0xce70e6a334aa683eb9cabc4105f530373bc66e4c41480f27a7f6df73ee669296 from=0x7628e7c918DAaf4dfbF615023fDBcF72b8479bCe to=0x0000000000000000000000000000000000000000
t=2023-06-02T16:09:00+0800 lvl=trce msg="Removed old queued transactions"        count=0
t=2023-06-02T16:09:00+0800 lvl=trce msg="Removed unpayable queued transactions"  count=0
t=2023-06-02T16:09:00+0800 lvl=trce msg="Promoted queued transactions"           count=1
t=2023-06-02T16:09:00+0800 lvl=trce msg="Pooled new future transaction"          hash=0xcd7c1002b8192301cd58f8ee00e66715e8b8f0255ef18b25d56eabefa2a69c4a from=0x7628e7c918DAaf4dfbF615023fDBcF72b8479bCe to=0x0000000000000000000000000000000000000000
t=2023-06-02T16:09:00+0800 lvl=trce msg="Removed old queued transactions"        count=0
t=2023-06-02T16:09:00+0800 lvl=trce msg="Removed unpayable queued transactions"  count=0
t=2023-06-02T16:09:00+0800 lvl=trce msg="Promoted queued transactions"           count=0
t=2023-06-02T16:09:00+0800 lvl=trce msg="Pooled new future transaction"          hash=0xd372951b602b9921c5348dd10e79f67e2f626048415a90e60f0bb32d1fb46a67 from=0x66e0851F1a162869024b4C9f6b1C4Fc5cb4832F1 to=0x0000000000000000000000000000000000000000
t=2023-06-02T16:09:00+0800 lvl=trce msg="Removed old queued transactions"        count=0
t=2023-06-02T16:09:00+0800 lvl=trce msg="Removed unpayable queued transactions"  count=0
t=2023-06-02T16:09:00+0800 lvl=trce msg="Promoted queued transactions"           count=1
t=2023-06-02T16:09:00+0800 lvl=trce msg="Pooled new future transaction"          hash=0x21dba635b9054c4484c0554096f016bcaff535770d88d1a88e5584b3983f90a0 from=0x66e0851F1a162869024b4C9f6b1C4Fc5cb4832F1 to=0x0000000000000000000000000000000000000000
t=2023-06-02T16:09:00+0800 lvl=trce msg="Removed old queued transactions"        count=0
t=2023-06-02T16:09:00+0800 lvl=trce msg="Removed unpayable queued transactions"  count=0
t=2023-06-02T16:09:00+0800 lvl=trce msg="Promoted queued transactions"           count=0
t=2023-06-02T16:09:00+0800 lvl=trce msg="Pooled new future transaction"          hash=0x3d5a5e931ae8da052760b7b623c71716556da9103e9287df6dd8db3f9bc2d4a9 from=0x7628e7c918DAaf4dfbF615023fDBcF72b8479bCe to=0x0000000000000000000000000000000000000000
t=2023-06-02T16:09:00+0800 lvl=trce msg="Removed old queued transactions"        count=0
t=2023-06-02T16:09:00+0800 lvl=trce msg="Removed unpayable queued transactions"  count=0
t=2023-06-02T16:09:00+0800 lvl=trce msg="Promoted queued transactions"           count=1
t=2023-06-02T16:09:00+0800 lvl=trce msg="Pooled new future transaction"          hash=0xfd050011eaefddc93bddbb592852fbbecaa19276d916f10ef7e0f34ce818d3af from=0x7628e7c918DAaf4dfbF615023fDBcF72b8479bCe to=0x0000000000000000000000000000000000000000
t=2023-06-02T16:09:00+0800 lvl=trce msg="Removed old queued transactions"        count=0
t=2023-06-02T16:09:00+0800 lvl=trce msg="Removed unpayable queued transactions"  count=0
t=2023-06-02T16:09:00+0800 lvl=trce msg="Promoted queued transactions"           count=0
t=2023-06-02T16:09:00+0800 lvl=trce msg="Pooled new future transaction"          hash=0x4ae2b0ea7140bb82fa0fb232ff6a6dce43a8e78092d840484ffae38b349ae09e from=0x66e0851F1a162869024b4C9f6b1C4Fc5cb4832F1 to=0x0000000000000000000000000000000000000000
t=2023-06-02T16:09:00+0800 lvl=trce msg="Removed old queued transactions"        count=0
t=2023-06-02T16:09:00+0800 lvl=trce msg="Removed unpayable queued transactions"  count=0
t=2023-06-02T16:09:00+0800 lvl=trce msg="Promoted queued transactions"           count=1
t=2023-06-02T16:09:00+0800 lvl=trce msg="Pooled new future transaction"          hash=0x5a4e05594223cd7769422e50e6ea628f014dd490808e29a082068effb2359fbd from=0x66e0851F1a162869024b4C9f6b1C4Fc5cb4832F1 to=0x0000000000000000000000000000000000000000
t=2023-06-02T16:09:00+0800 lvl=trce msg="Removed old queued transactions"        count=0
t=2023-06-02T16:09:00+0800 lvl=trce msg="Removed unpayable queued transactions"  count=0
t=2023-06-02T16:09:00+0800 lvl=trce msg="Promoted queued transactions"           count=0
t=2023-06-02T16:09:00+0800 lvl=trce msg="Pooled new future transaction"          hash=0x11a2b2ccf385f34ccf4beaaffe90b6b1734623f31c9d4e3310059f997f948fae from=0x7628e7c918DAaf4dfbF615023fDBcF72b8479bCe to=0x0000000000000000000000000000000000000000
t=2023-06-02T16:09:00+0800 lvl=trce msg="Removed old queued transactions"        count=0
t=2023-06-02T16:09:00+0800 lvl=trce msg="Removed unpayable queued transactions"  count=0
t=2023-06-02T16:09:00+0800 lvl=trce msg="Promoted queued transactions"           count=1
t=2023-06-02T16:09:00+0800 lvl=trce msg="Pooled new future transaction"          hash=0x35dd23221fb61855b22afdd0ccd8403aaa14611b6b37a60e0db2cb5860f494f5 from=0x7628e7c918DAaf4dfbF615023fDBcF72b8479bCe to=0x0000000000000000000000000000000000000000
t=2023-06-02T16:09:00+0800 lvl=trce msg="Removed old queued transactions"        count=0
t=2023-06-02T16:09:00+0800 lvl=trce msg="Removed unpayable queued transactions"  count=0
t=2023-06-02T16:09:00+0800 lvl=trce msg="Promoted queued transactions"           count=0
t=2023-06-02T16:09:00+0800 lvl=trce msg="Pooled new future transaction"          hash=0x913e394cce37bd177b08aca835b1d8e13f0e73f0481d76339fd7499e8d9351dc from=0x66e0851F1a162869024b4C9f6b1C4Fc5cb4832F1 to=0x0000000000000000000000000000000000000000
t=2023-06-02T16:09:00+0800 lvl=trce msg="Removed old queued transactions"        count=0
t=2023-06-02T16:09:00+0800 lvl=trce msg="Removed unpayable queued transactions"  count=0
t=2023-06-02T16:09:00+0800 lvl=trce msg="Promoted queued transactions"           count=1
t=2023-06-02T16:09:00+0800 lvl=trce msg="Pooled new future transaction"          hash=0xbe425538d64852336aacc3de9aa60410cb36c549d79b0a7a45b5651ba84b4567 from=0x66e0851F1a162869024b4C9f6b1C4Fc5cb4832F1 to=0x0000000000000000000000000000000000000000
t=2023-06-02T16:09:00+0800 lvl=trce msg="Removed old queued transactions"        count=0
t=2023-06-02T16:09:00+0800 lvl=trce msg="Removed unpayable queued transactions"  count=0
t=2023-06-02T16:09:00+0800 lvl=trce msg="Promoted queued transactions"           count=0
t=2023-06-02T16:09:00+0800 lvl=trce msg="Pooled new future transaction"          hash=0x0b6acd5bf0bb22d8c94e43ce1c4f665a9ac0c64176594b99fd4b2bfbdc28d749 from=0x7628e7c918DAaf4dfbF615023fDBcF72b8479bCe to=0x0000000000000000000000000000000000000000
t=2023-06-02T16:09:00+0800 lvl=trce msg="Removed old queued transactions"        count=0
t=2023-06-02T16:09:00+0800 lvl=trce msg="Removed unpayable queued transactions"  count=0
t=2023-06-02T16:09:00+0800 lvl=trce msg="Promoted queued transactions"           count=1
t=2023-06-02T16:09:00+0800 lvl=trce msg="Pooled new future transaction"          hash=0xbeef79e2eec725d19a393e9328840493e921b50eddeced9f26109d8536b09275 from=0x7628e7c918DAaf4dfbF615023fDBcF72b8479bCe to=0x0000000000000000000000000000000000000000
t=2023-06-02T16:09:00+0800 lvl=trce msg="Removed old queued transactions"        count=0
t=2023-06-02T16:09:00+0800 lvl=trce msg="Removed unpayable queued transactions"  count=0
t=2023-06-02T16:09:00+0800 lvl=trce msg="Promoted queued transactions"           count=0
t=2023-06-02T16:09:00+0800 lvl=trce msg="Pooled new future transaction"          hash=0x00622c2d7019c25f5e40ca3b4a6a02bcb71a829d34a730677638ce8a5dd30f5d from=0x66e0851F1a162869024b4C9f6b1C4Fc5cb4832F1 to=0x0000000000000000000000000000000000000000
t=2023-06-02T16:09:00+0800 lvl=trce msg="Removed old queued transactions"        count=0
t=2023-06-02T16:09:00+0800 lvl=trce msg="Removed unpayable queued transactions"  count=0
t=2023-06-02T16:09:00+0800 lvl=trce msg="Promoted queued transactions"           count=1
t=2023-06-02T16:09:00+0800 lvl=trce msg="Pooled new future transaction"          hash=0x296bed5d41047b402010e97621cc7ccdce1a4e4a00db8482ebac52df6d5358d6 from=0x66e0851F1a162869024b4C9f6b1C4Fc5cb4832F1 to=0x0000000000000000000000000000000000000000
t=2023-06-02T16:09:00+0800 lvl=trce msg="Removed old queued transactions"        count=0
t=2023-06-02T16:09:00+0800 lvl=trce msg="Removed unpayable queued transactions"  count=0
t=2023-06-02T16:09:00+0800 lvl=trce msg="Promoted queued transactions"           count=0
t=2023-06-02T16:09:00+0800 lvl=trce msg="Pooled new future transaction"          hash=0x980bd87619d277aea6fa7b33fdb4829ae3b940ac7d8985f070506638187ae1e9 from=0x7628e7c918DAaf4dfbF615023fDBcF72b8479bCe to=0x0000000000000000000000000000000000000000
t=2023-06-02T16:09:00+0800 lvl=trce msg="Removed old queued transactions"        count=0
t=2023-06-02T16:09:00+0800 lvl=trce msg="Removed unpayable queued transactions"  count=0
t=2023-06-02T16:09:00+0800 lvl=trce msg="Promoted queued transactions"           count=1
t=2023-06-02T16:09:00+0800 lvl=trce msg="Pooled new future transaction"          hash=0xb4d72122e53df505b33872bad4b8c4bc21757a8276b12256f01f6b259a63927a from=0x7628e7c918DAaf4dfbF615023fDBcF72b8479bCe to=0x0000000000000000000000000000000000000000
t=2023-06-02T16:09:00+0800 lvl=trce msg="Removed old queued transactions"        count=0
t=2023-06-02T16:09:00+0800 lvl=trce msg="Removed unpayable queued transactions"  count=0
t=2023-06-02T16:09:00+0800 lvl=trce msg="Promoted queued transactions"           count=0
t=2023-06-02T16:09:00+0800 lvl=trce msg="Pooled new future transaction"          hash=0x8f962dc4944291e1a09537bdc310c9a2cae8fd6f99d7f928d061f64305d45faa from=0x66e0851F1a162869024b4C9f6b1C4Fc5cb4832F1 to=0x0000000000000000000000000000000000000000
t=2023-06-02T16:09:00+0800 lvl=trce msg="Removed old queued transactions"        count=0
t=2023-06-02T16:09:00+0800 lvl=trce msg="Removed unpayable queued transactions"  count=0
t=2023-06-02T16:09:00+0800 lvl=trce msg="Promoted queued transactions"           count=1
t=2023-06-02T16:09:00+0800 lvl=trce msg="Pooled new future transaction"          hash=0x02e5f35365aa3a2ada9e94d1c002bb26dad23f827b07ee18deeee4e0acf79702 from=0x66e0851F1a162869024b4C9f6b1C4Fc5cb4832F1 to=0x0000000000000000000000000000000000000000
t=2023-06-02T16:09:00+0800 lvl=trce msg="Removed old queued transactions"        count=0
t=2023-06-02T16:09:00+0800 lvl=trce msg="Removed unpayable queued transactions"  count=0
t=2023-06-02T16:09:00+0800 lvl=trce msg="Promoted queued transactions"           count=0
t=2023-06-02T16:09:00+0800 lvl=trce msg="Pooled new future transaction"          hash=0x1aa5af1f9c1e7bd093f3e36e93485dd0314642c79498dc33f9ceecf24f11da66 from=0x7628e7c918DAaf4dfbF615023fDBcF72b8479bCe to=0x0000000000000000000000000000000000000000
t=2023-06-02T16:09:00+0800 lvl=trce msg="Removed old queued transactions"        count=0
t=2023-06-02T16:09:00+0800 lvl=trce msg="Removed unpayable queued transactions"  count=0
t=2023-06-02T16:09:00+0800 lvl=trce msg="Promoted queued transactions"           count=1
t=2023-06-02T16:09:00+0800 lvl=trce msg="Pooled new future transaction"          hash=0xf6c22bbd2fcd4e538aa0ae0a3b5eb02a707cffca72319549d3a2a49819da8f2e from=0x7628e7c918DAaf4dfbF615023fDBcF72b8479bCe to=0x0000000000000000000000000000000000000000
t=2023-06-02T16:09:00+0800 lvl=trce msg="Removed old queued transactions"        count=0
t=2023-06-02T16:09:00+0800 lvl=trce msg="Removed unpayable queued transactions"  count=0
t=2023-06-02T16:09:00+0800 lvl=trce msg="Promoted queued transactions"           count=0
t=2023-06-02T16:09:00+0800 lvl=trce msg="Pooled new future transaction"          hash=0x57396bac45482f1882f3e89b92d3615f5e6d93f19e4c6a7589bea3a4a6bb30e3 from=0x66e0851F1a162869024b4C9f6b1C4Fc5cb4832F1 to=0x0000000000000000000000000000000000000000
t=2023-06-02T16:09:00+0800 lvl=trce msg="Removed old queued transactions"        count=0
t=2023-06-02T16:09:00+0800 lvl=trce msg="Removed unpayable queued transactions"  count=0
t=2023-06-02T16:09:00+0800 lvl=trce msg="Promoted queued transactions"           count=1
t=2023-06-02T16:09:00+0800 lvl=trce msg="Pooled new future transaction"          hash=0xd3361dfe6b7f13877728c0616f34b034a37361a5e12c685e1aa5e0886cfa658f from=0x66e0851F1a162869024b4C9f6b1C4Fc5cb4832F1 to=0x0000000000000000000000000000000000000000
t=2023-06-02T16:09:00+0800 lvl=trce msg="Removed old queued transactions"        count=0
t=2023-06-02T16:09:00+0800 lvl=trce msg="Removed unpayable queued transactions"  count=0
t=2023-06-02T16:09:00+0800 lvl=trce msg="Promoted queued transactions"           count=0
t=2023-06-02T16:09:00+0800 lvl=trce msg="Pooled new future transaction"          hash=0xc3127e5f3e790f26c6f50929e873deecaec79b0930c74cdd75148be2ffc0c017 from=0x7628e7c918DAaf4dfbF615023fDBcF72b8479bCe to=0x0000000000000000000000000000000000000000
t=2023-06-02T16:09:00+0800 lvl=trce msg="Removed old queued transactions"        count=0
t=2023-06-02T16:09:00+0800 lvl=trce msg="Removed unpayable queued transactions"  count=0
t=2023-06-02T16:09:00+0800 lvl=trce msg="Promoted queued transactions"           count=1
t=2023-06-02T16:09:00+0800 lvl=trce msg="Pooled new future transaction"          hash=0xda7c53f02c27a0056a60140d6386d95c75cb21456531f3e249c1cc0f83b22f4b from=0x7628e7c918DAaf4dfbF615023fDBcF72b8479bCe to=0x0000000000000000000000000000000000000000
t=2023-06-02T16:09:00+0800 lvl=trce msg="Removed old queued transactions"        count=0
t=2023-06-02T16:09:00+0800 lvl=trce msg="Removed unpayable queued transactions"  count=0
t=2023-06-02T16:09:00+0800 lvl=trce msg="Promoted queued transactions"           count=0
t=2023-06-02T16:09:00+0800 lvl=trce msg="Pooled new future transaction"          hash=0xedb741f011d1e6fb124b28e975a8850030ece85cfee8e82cc6ab1c513b5ae9c4 from=0x66e0851F1a162869024b4C9f6b1C4Fc5cb4832F1 to=0x0000000000000000000000000000000000000000
t=2023-06-02T16:09:00+0800 lvl=trce msg="Removed old queued transactions"        count=0
t=2023-06-02T16:09:00+0800 lvl=trce msg="Removed unpayable queued transactions"  count=0
t=2023-06-02T16:09:00+0800 lvl=trce msg="Promoted queued transactions"           count=1
t=2023-06-02T16:09:00+0800 lvl=trce msg="Pooled new future transaction"          hash=0xf1bc74072ad2913e50dc43f71b9f0ad0b8f3ed4d56ae282e8204a711799cdc12 from=0x66e0851F1a162869024b4C9f6b1C4Fc5cb4832F1 to=0x0000000000000000000000000000000000000000
t=2023-06-02T16:09:00+0800 lvl=trce msg="Removed old queued transactions"        count=0
t=2023-06-02T16:09:00+0800 lvl=trce msg="Removed unpayable queued transactions"  count=0
t=2023-06-02T16:09:00+0800 lvl=trce msg="Promoted queued transactions"           count=0
t=2023-06-02T16:09:00+0800 lvl=trce msg="Pooled new future transaction"          hash=0x6ac7e5715cdb06f2f5340d9181e4df19c43d35dd826b3b6bc9c2cfa1b173113a from=0x7628e7c918DAaf4dfbF615023fDBcF72b8479bCe to=0x0000000000000000000000000000000000000000
t=2023-06-02T16:09:00+0800 lvl=trce msg="Removed old queued transactions"        count=0
t=2023-06-02T16:09:00+0800 lvl=trce msg="Removed unpayable queued transactions"  count=0
t=2023-06-02T16:09:00+0800 lvl=trce msg="Promoted queued transactions"           count=1
t=2023-06-02T16:09:00+0800 lvl=trce msg="Pooled new future transaction"          hash=0x6501fdac6e145395acfbc4bcf893ee3f25b1e81d2db46ec25395058b506094d3 from=0x7628e7c918DAaf4dfbF615023fDBcF72b8479bCe to=0x0000000000000000000000000000000000000000
t=2023-06-02T16:09:00+0800 lvl=trce msg="Removed old queued transactions"        count=0
t=2023-06-02T16:09:00+0800 lvl=trce msg="Removed unpayable queued transactions"  count=0
t=2023-06-02T16:09:00+0800 lvl=trce msg="Promoted queued transactions"           count=0
t=2023-06-02T16:09:00+0800 lvl=trce msg="Pooled new future transaction"          hash=0x5b3c50921f648136a558a492e2e64aa88ca52a456b3d4b7916e5dc0c67d0b1c1 from=0x66e0851F1a162869024b4C9f6b1C4Fc5cb4832F1 to=0x0000000000000000000000000000000000000000
t=2023-06-02T16:09:00+0800 lvl=trce msg="Removed old queued transactions"        count=0
t=2023-06-02T16:09:00+0800 lvl=trce msg="Removed unpayable queued transactions"  count=0
t=2023-06-02T16:09:00+0800 lvl=trce msg="Promoted queued transactions"           count=1
t=2023-06-02T16:09:00+0800 lvl=trce msg="Pooled new future transaction"          hash=0xf668f20f0360411b3e3d1c9a0636b44d3d47a73253dc6a0b89f479f91ede6940 from=0x66e0851F1a162869024b4C9f6b1C4Fc5cb4832F1 to=0x0000000000000000000000000000000000000000
t=2023-06-02T16:09:00+0800 lvl=trce msg="Removed old queued transactions"        count=0
t=2023-06-02T16:09:00+0800 lvl=trce msg="Removed unpayable queued transactions"  count=0
t=2023-06-02T16:09:00+0800 lvl=trce msg="Promoted queued transactions"           count=0
t=2023-06-02T16:09:00+0800 lvl=trce msg="Pooled new future transaction"          hash=0x58c42362afc5c0bba02546fb1fb897cf4f6a162d5b3bacdc41f864f185b6a693 from=0x7628e7c918DAaf4dfbF615023fDBcF72b8479bCe to=0x0000000000000000000000000000000000000000
t=2023-06-02T16:09:00+0800 lvl=trce msg="Removed old queued transactions"        count=0
t=2023-06-02T16:09:00+0800 lvl=trce msg="Removed unpayable queued transactions"  count=0
t=2023-06-02T16:09:00+0800 lvl=trce msg="Promoted queued transactions"           count=1
t=2023-06-02T16:09:00+0800 lvl=trce msg="Pooled new future transaction"          hash=0xcc28f164a201edea8a2dd1d933ef74b74ed5ff46196641f0f5aa4e6b1cb337c4 from=0x7628e7c918DAaf4dfbF615023fDBcF72b8479bCe to=0x0000000000000000000000000000000000000000
t=2023-06-02T16:09:00+0800 lvl=trce msg="Removed old queued transactions"        count=0
t=2023-06-02T16:09:00+0800 lvl=trce msg="Removed unpayable queued transactions"  count=0
t=2023-06-02T16:09:00+0800 lvl=trce msg="Promoted queued transactions"           count=0
t=2023-06-02T16:09:00+0800 lvl=trce msg="Pooled new future transaction"          hash=0xc8320fb5bbcd43eea964f5ab06dcc0a01a6433650016e36af777182319769d4e from=0x66e0851F1a162869024b4C9f6b1C4Fc5cb4832F1 to=0x0000000000000000000000000000000000000000
t=2023-06-02T16:09:00+0800 lvl=trce msg="Removed old queued transactions"        count=0
t=2023-06-02T16:09:00+0800 lvl=trce msg="Removed unpayable queued transactions"  count=0
t=2023-06-02T16:09:00+0800 lvl=trce msg="Promoted queued transactions"           count=1
t=2023-06-02T16:09:00+0800 lvl=trce msg="Pooled new future transaction"          hash=0x1bdc8645e8b7f04992fa3f83c2f5750b6992597c68296670e1a8a5825b2e0f1c from=0x66e0851F1a162869024b4C9f6b1C4Fc5cb4832F1 to=0x0000000000000000000000000000000000000000
t=2023-06-02T16:09:00+0800 lvl=trce msg="Removed old queued transactions"        count=0
t=2023-06-02T16:09:00+0800 lvl=trce msg="Removed unpayable queued transactions"  count=0
t=2023-06-02T16:09:00+0800 lvl=trce msg="Promoted queued transactions"           count=0
t=2023-06-02T16:09:00+0800 lvl=trce msg="Pooled new future transaction"          hash=0x18e733905b5b6e9aea6bd5e5215381ab698a1bff0b41e12b8a7dc4f6cf00ad09 from=0x7628e7c918DAaf4dfbF615023fDBcF72b8479bCe to=0x0000000000000000000000000000000000000000
t=2023-06-02T16:09:00+0800 lvl=trce msg="Removed old queued transactions"        count=0
t=2023-06-02T16:09:00+0800 lvl=trce msg="Removed unpayable queued transactions"  count=0
t=2023-06-02T16:09:00+0800 lvl=trce msg="Promoted queued transactions"           count=1
t=2023-06-02T16:09:00+0800 lvl=trce msg="Pooled new future transaction"          hash=0xe37c1f0a2d718ab63a1d648433fa61eba807d770a7d87d1e88d8703541cd6f5b from=0x7628e7c918DAaf4dfbF615023fDBcF72b8479bCe to=0x0000000000000000000000000000000000000000
t=2023-06-02T16:09:00+0800 lvl=trce msg="Removed old queued transactions"        count=0
t=2023-06-02T16:09:00+0800 lvl=trce msg="Removed unpayable queued transactions"  count=0
t=2023-06-02T16:09:00+0800 lvl=trce msg="Promoted queued transactions"           count=0
t=2023-06-02T16:09:00+0800 lvl=trce msg="Pooled new future transaction"          hash=0x62a78ef2f6e4ddbfe92be8c7c35c54d6eb357ec28206f7c8e7b96e7cdb7d35e3 from=0x66e0851F1a162869024b4C9f6b1C4Fc5cb4832F1 to=0x0000000000000000000000000000000000000000
t=2023-06-02T16:09:00+0800 lvl=trce msg="Removed old queued transactions"        count=0
t=2023-06-02T16:09:00+0800 lvl=trce msg="Removed unpayable queued transactions"  count=0
t=2023-06-02T16:09:00+0800 lvl=trce msg="Promoted queued transactions"           count=1
t=2023-06-02T16:09:00+0800 lvl=trce msg="Pooled new future transaction"          hash=0xa33bacac9b6e5a812e28466da07c6b74da54c8ed333618f266a24141fb681a3c from=0x66e0851F1a162869024b4C9f6b1C4Fc5cb4832F1 to=0x0000000000000000000000000000000000000000
t=2023-06-02T16:09:00+0800 lvl=trce msg="Removed old queued transactions"        count=0
t=2023-06-02T16:09:00+0800 lvl=trce msg="Removed unpayable queued transactions"  count=0
t=2023-06-02T16:09:00+0800 lvl=trce msg="Promoted queued transactions"           count=0
t=2023-06-02T16:09:00+0800 lvl=trce msg="Pooled new future transaction"          hash=0xcdf6c5bb7f43920b6ad5ac70a8bc1a1816130d575ce727b8c6b96bc53dfde9b0 from=0x7628e7c918DAaf4dfbF615023fDBcF72b8479bCe to=0x0000000000000000000000000000000000000000
t=2023-06-02T16:09:00+0800 lvl=trce msg="Removed old queued transactions"        count=0
t=2023-06-02T16:09:00+0800 lvl=trce msg="Removed unpayable queued transactions"  count=0
t=2023-06-02T16:09:00+0800 lvl=trce msg="Promoted queued transactions"           count=1
t=2023-06-02T16:09:00+0800 lvl=trce msg="Pooled new future transaction"          hash=0x4488989559bbb105440505ab4f3b3d89e81a311df1099f6a9d5d249e9ea180a5 from=0x7628e7c918DAaf4dfbF615023fDBcF72b8479bCe to=0x0000000000000000000000000000000000000000
t=2023-06-02T16:09:00+0800 lvl=trce msg="Removed old queued transactions"        count=0
t=2023-06-02T16:09:00+0800 lvl=trce msg="Removed unpayable queued transactions"  count=0
t=2023-06-02T16:09:00+0800 lvl=trce msg="Promoted queued transactions"           count=0
t=2023-06-02T16:09:00+0800 lvl=trce msg="Pooled new future transaction"          hash=0x45e8c8e0df1270cc0a6a3d993e1b36b81362837255a47dfd1ef9de180e79831a from=0x66e0851F1a162869024b4C9f6b1C4Fc5cb4832F1 to=0x0000000000000000000000000000000000000000
t=2023-06-02T16:09:00+0800 lvl=trce msg="Removed old queued transactions"        count=0
t=2023-06-02T16:09:00+0800 lvl=trce msg="Removed unpayable queued transactions"  count=0
t=2023-06-02T16:09:00+0800 lvl=trce msg="Promoted queued transactions"           count=1
t=2023-06-02T16:09:00+0800 lvl=trce msg="Pooled new future transaction"          hash=0x8d887666bf258b39d3e980eba3f1df59e421eaeae97094a33e5276de9acb6238 from=0x66e0851F1a162869024b4C9f6b1C4Fc5cb4832F1 to=0x0000000000000000000000000000000000000000
t=2023-06-02T16:09:00+0800 lvl=trce msg="Removed old queued transactions"        count=0
t=2023-06-02T16:09:00+0800 lvl=trce msg="Removed unpayable queued transactions"  count=0
t=2023-06-02T16:09:00+0800 lvl=trce msg="Promoted queued transactions"           count=0
t=2023-06-02T16:09:00+0800 lvl=trce msg="Pooled new future transaction"          hash=0x43af6729aace84858a62450d157d42dee73b9bb32b1674a03dd95c93364e842c from=0x7628e7c918DAaf4dfbF615023fDBcF72b8479bCe to=0x0000000000000000000000000000000000000000
t=2023-06-02T16:09:00+0800 lvl=trce msg="Removed old queued transactions"        count=0
t=2023-06-02T16:09:00+0800 lvl=trce msg="Removed unpayable queued transactions"  count=0
t=2023-06-02T16:09:00+0800 lvl=trce msg="Promoted queued transactions"           count=1
t=2023-06-02T16:09:00+0800 lvl=trce msg="Pooled new future transaction"          hash=0x638494bdd81dbd3dc40ed2a82a89820d252ac09a5bd3320ea934f3194d614bc0 from=0x7628e7c918DAaf4dfbF615023fDBcF72b8479bCe to=0x0000000000000000000000000000000000000000
t=2023-06-02T16:09:00+0800 lvl=trce msg="Removed old queued transactions"        count=0
t=2023-06-02T16:09:00+0800 lvl=trce msg="Removed unpayable queued transactions"  count=0
t=2023-06-02T16:09:00+0800 lvl=trce msg="Promoted queued transactions"           count=0
t=2023-06-02T16:09:00+0800 lvl=trce msg="Pooled new future transaction"          hash=0x11618a4ec5dae413bc6aff7c17381182f1bdabce9e01fc664d270af9ce5a41fb from=0x66e0851F1a162869024b4C9f6b1C4Fc5cb4832F1 to=0x0000000000000000000000000000000000000000
t=2023-06-02T16:09:00+0800 lvl=trce msg="Removed old queued transactions"        count=0
t=2023-06-02T16:09:00+0800 lvl=trce msg="Removed unpayable queued transactions"  count=0
t=2023-06-02T16:09:00+0800 lvl=trce msg="Promoted queued transactions"           count=1
t=2023-06-02T16:09:00+0800 lvl=trce msg="Pooled new future transaction"          hash=0xa74dd566341fec2c1eb7ea57045f95baa318ae37d95a883cf0658e1aa790004c from=0x66e0851F1a162869024b4C9f6b1C4Fc5cb4832F1 to=0x0000000000000000000000000000000000000000
t=2023-06-02T16:09:00+0800 lvl=trce msg="Removed old queued transactions"        count=0
t=2023-06-02T16:09:00+0800 lvl=trce msg="Removed unpayable queued transactions"  count=0
t=2023-06-02T16:09:00+0800 lvl=trce msg="Promoted queued transactions"           count=0
t=2023-06-02T16:09:00+0800 lvl=trce msg="Pooled new future transaction"          hash=0xc73374e1537494a8437f9eb29e2fc4327b7eea0ed8069a69a73dcfb522e95a9d from=0x7628e7c918DAaf4dfbF615023fDBcF72b8479bCe to=0x0000000000000000000000000000000000000000
t=2023-06-02T16:09:00+0800 lvl=trce msg="Removed old queued transactions"        count=0
t=2023-06-02T16:09:00+0800 lvl=trce msg="Removed unpayable queued transactions"  count=0
t=2023-06-02T16:09:00+0800 lvl=trce msg="Promoted queued transactions"           count=1
t=2023-06-02T16:09:00+0800 lvl=trce msg="Pooled new future transaction"          hash=0x1ae2023e47f55c9a0be15b9adad796e6a07316a03b3704e1feca6ce1a08c6f98 from=0x7628e7c918DAaf4dfbF615023fDBcF72b8479bCe to=0x0000000000000000000000000000000000000000
t=2023-06-02T16:09:00+0800 lvl=trce msg="Removed old queued transactions"        count=0
t=2023-06-02T16:09:00+0800 lvl=trce msg="Removed unpayable queued transactions"  count=0
t=2023-06-02T16:09:00+0800 lvl=trce msg="Promoted queued transactions"           count=0
t=2023-06-02T16:09:00+0800 lvl=trce msg="Pooled new future transaction"          hash=0xa0d7887cf3557a625003a444acf179067b7f56f567434ac3094d1595d67f4dab from=0x66e0851F1a162869024b4C9f6b1C4Fc5cb4832F1 to=0x0000000000000000000000000000000000000000
t=2023-06-02T16:09:00+0800 lvl=trce msg="Removed old queued transactions"        count=0
t=2023-06-02T16:09:00+0800 lvl=trce msg="Removed unpayable queued transactions"  count=0
t=2023-06-02T16:09:00+0800 lvl=trce msg="Promoted queued transactions"           count=1
t=2023-06-02T16:09:00+0800 lvl=trce msg="Pooled new future transaction"          hash=0x5d405f41468f3c15fc396bda02796678b97e3bc4e73afbcde73779f605803330 from=0x66e0851F1a162869024b4C9f6b1C4Fc5cb4832F1 to=0x0000000000000000000000000000000000000000
t=2023-06-02T16:09:00+0800 lvl=trce msg="Removed old queued transactions"        count=0
t=2023-06-02T16:09:00+0800 lvl=trce msg="Removed unpayable queued transactions"  count=0
t=2023-06-02T16:09:00+0800 lvl=trce msg="Promoted queued transactions"           count=0
t=2023-06-02T16:09:00+0800 lvl=trce msg="Pooled new future transaction"          hash=0x6ecefce6b23e256c952c26972abcc39d1376794678c00ff9c5984b126fee3405 from=0x7628e7c918DAaf4dfbF615023fDBcF72b8479bCe to=0x0000000000000000000000000000000000000000
t=2023-06-02T16:09:00+0800 lvl=trce msg="Removed old queued transactions"        count=0
t=2023-06-02T16:09:00+0800 lvl=trce msg="Removed unpayable queued transactions"  count=0
t=2023-06-02T16:09:00+0800 lvl=trce msg="Promoted queued transactions"           count=1
t=2023-06-02T16:09:00+0800 lvl=trce msg="Pooled new future transaction"          hash=0x058faca5c0d704237a2cf82c46bff52b485705368d79dbf3fca278c9d7dae05b from=0x7628e7c918DAaf4dfbF615023fDBcF72b8479bCe to=0x0000000000000000000000000000000000000000
t=2023-06-02T16:09:00+0800 lvl=trce msg="Removed old queued transactions"        count=0
t=2023-06-02T16:09:00+0800 lvl=trce msg="Removed unpayable queued transactions"  count=0
t=2023-06-02T16:09:00+0800 lvl=trce msg="Promoted queued transactions"           count=0
t=2023-06-02T16:09:00+0800 lvl=trce msg="Pooled new future transaction"          hash=0x62a8b3f268739f787b6406153e794d992d920a79989b09401cf8f37acb8df678 from=0x66e0851F1a162869024b4C9f6b1C4Fc5cb4832F1 to=0x0000000000000000000000000000000000000000
t=2023-06-02T16:09:00+0800 lvl=trce msg="Removed old queued transactions"        count=0
t=2023-06-02T16:09:00+0800 lvl=trce msg="Removed unpayable queued transactions"  count=0
t=2023-06-02T16:09:00+0800 lvl=trce msg="Promoted queued transactions"           count=1
t=2023-06-02T16:09:00+0800 lvl=trce msg="Pooled new future transaction"          hash=0x17d99de57f60e1e3f2d41767b06739303c2587030c7d272cbfb941064e298b6c from=0x66e0851F1a162869024b4C9f6b1C4Fc5cb4832F1 to=0x0000000000000000000000000000000000000000
t=2023-06-02T16:09:00+0800 lvl=trce msg="Removed old queued transactions"        count=0
t=2023-06-02T16:09:00+0800 lvl=trce msg="Removed unpayable queued transactions"  count=0
t=2023-06-02T16:09:00+0800 lvl=trce msg="Promoted queued transactions"           count=0
t=2023-06-02T16:09:00+0800 lvl=trce msg="Pooled new future transaction"          hash=0x4a4f7f23d5d7e4049682eeeafe06b75442854a8f318ccf7fa21f0fec2f39baec from=0x7628e7c918DAaf4dfbF615023fDBcF72b8479bCe to=0x0000000000000000000000000000000000000000
t=2023-06-02T16:09:00+0800 lvl=trce msg="Removed old queued transactions"        count=0
t=2023-06-02T16:09:00+0800 lvl=trce msg="Removed unpayable queued transactions"  count=0
t=2023-06-02T16:09:00+0800 lvl=trce msg="Promoted queued transactions"           count=1
t=2023-06-02T16:09:00+0800 lvl=trce msg="Pooled new future transaction"          hash=0x6f18d6e94d45c74d71688386a2112019f9f35299f863a564dc5494b83a11e66a from=0x7628e7c918DAaf4dfbF615023fDBcF72b8479bCe to=0x0000000000000000000000000000000000000000
t=2023-06-02T16:09:00+0800 lvl=trce msg="Removed old queued transactions"        count=0
t=2023-06-02T16:09:00+0800 lvl=trce msg="Removed unpayable queued transactions"  count=0
t=2023-06-02T16:09:00+0800 lvl=trce msg="Promoted queued transactions"           count=0
t=2023-06-02T16:09:00+0800 lvl=trce msg="Pooled new future transaction"          hash=0x3dc2388b23b6be7d971250d2d500563907675b2de6cb4ceb6bf8e8ebf27c638d from=0x66e0851F1a162869024b4C9f6b1C4Fc5cb4832F1 to=0x0000000000000000000000000000000000000000
t=2023-06-02T16:09:00+0800 lvl=trce msg="Removed old queued transactions"        count=0
t=2023-06-02T16:09:00+0800 lvl=trce msg="Removed unpayable queued transactions"  count=0
t=2023-06-02T16:09:00+0800 lvl=trce msg="Promoted queued transactions"           count=1
t=2023-06-02T16:09:00+0800 lvl=trce msg="Pooled new future transaction"          hash=0xc4d956feffcbdddbebed8c6df60737f39b0e66ddcdbcaef26284fd39bef7c5f0 from=0x66e0851F1a162869024b4C9f6b1C4Fc5cb4832F1 to=0x0000000000000000000000000000000000000000
t=2023-06-02T16:09:00+0800 lvl=trce msg="Removed old queued transactions"        count=0
t=2023-06-02T16:09:00+0800 lvl=trce msg="Removed unpayable queued transactions"  count=0
t=2023-06-02T16:09:00+0800 lvl=trce msg="Promoted queued transactions"           count=0
t=2023-06-02T16:09:00+0800 lvl=trce msg="Pooled new future transaction"          hash=0xa2be526c9cc9cb0dfa69730ea06968a98ce99af2498f2b13d6a9f7d234c09c58 from=0x7628e7c918DAaf4dfbF615023fDBcF72b8479bCe to=0x0000000000000000000000000000000000000000
t=2023-06-02T16:09:00+0800 lvl=trce msg="Removed old queued transactions"        count=0
t=2023-06-02T16:09:00+0800 lvl=trce msg="Removed unpayable queued transactions"  count=0
t=2023-06-02T16:09:00+0800 lvl=trce msg="Promoted queued transactions"           count=1
t=2023-06-02T16:09:00+0800 lvl=trce msg="Pooled new future transaction"          hash=0x73a0deeb17f42b848c96f251813e2d9459d0f6b780060f4f6147ed6995520df3 from=0x7628e7c918DAaf4dfbF615023fDBcF72b8479bCe to=0x0000000000000000000000000000000000000000
t=2023-06-02T16:09:00+0800 lvl=trce msg="Removed old queued transactions"        count=0
t=2023-06-02T16:09:00+0800 lvl=trce msg="Removed unpayable queued transactions"  count=0
t=2023-06-02T16:09:00+0800 lvl=trce msg="Promoted queued transactions"           count=0
t=2023-06-02T16:09:00+0800 lvl=trce msg="Pooled new future transaction"          hash=0x8c78f22a9248189e5100889b78239c7569ffda8b5718e58213c5041b099303ea from=0x66e0851F1a162869024b4C9f6b1C4Fc5cb4832F1 to=0x0000000000000000000000000000000000000000
t=2023-06-02T16:09:00+0800 lvl=trce msg="Removed old queued transactions"        count=0
t=2023-06-02T16:09:00+0800 lvl=trce msg="Removed unpayable queued transactions"  count=0
t=2023-06-02T16:09:00+0800 lvl=trce msg="Promoted queued transactions"           count=1
t=2023-06-02T16:09:00+0800 lvl=trce msg="Pooled new future transaction"          hash=0xd3a115fdc8e91e35081122d29720f6ffc53c9001376c959a3aa049c25887576a from=0x66e0851F1a162869024b4C9f6b1C4Fc5cb4832F1 to=0x0000000000000000000000000000000000000000
t=2023-06-02T16:09:00+0800 lvl=trce msg="Removed old queued transactions"        count=0
t=2023-06-02T16:09:00+0800 lvl=trce msg="Removed unpayable queued transactions"  count=0
t=2023-06-02T16:09:00+0800 lvl=trce msg="Promoted queued transactions"           count=0
t=2023-06-02T16:09:00+0800 lvl=trce msg="Pooled new future transaction"          hash=0x99e2ba9077ead3a657cf9d0ba8476630764298fc09fdd68b027c60252ffd47fa from=0x7628e7c918DAaf4dfbF615023fDBcF72b8479bCe to=0x0000000000000000000000000000000000000000
t=2023-06-02T16:09:00+0800 lvl=trce msg="Removed old queued transactions"        count=0
t=2023-06-02T16:09:00+0800 lvl=trce msg="Removed unpayable queued transactions"  count=0
t=2023-06-02T16:09:00+0800 lvl=trce msg="Promoted queued transactions"           count=1
t=2023-06-02T16:09:00+0800 lvl=trce msg="Pooled new future transaction"          hash=0x2a92f785ff6e8d57b79a5ef4b0ca48d998a60b02f42aec163348561a68b4927a from=0x7628e7c918DAaf4dfbF615023fDBcF72b8479bCe to=0x0000000000000000000000000000000000000000
t=2023-06-02T16:09:00+0800 lvl=trce msg="Removed old queued transactions"        count=0
t=2023-06-02T16:09:00+0800 lvl=trce msg="Removed unpayable queued transactions"  count=0
t=2023-06-02T16:09:00+0800 lvl=trce msg="Promoted queued transactions"           count=0
t=2023-06-02T16:09:00+0800 lvl=trce msg="Pooled new future transaction"          hash=0xee54412cd05da9d82e3285fde757e2aa947d767f91c446a991941b3a7539bd02 from=0x66e0851F1a162869024b4C9f6b1C4Fc5cb4832F1 to=0x0000000000000000000000000000000000000000
t=2023-06-02T16:09:00+0800 lvl=trce msg="Removed old queued transactions"        count=0
t=2023-06-02T16:09:00+0800 lvl=trce msg="Removed unpayable queued transactions"  count=0
t=2023-06-02T16:09:00+0800 lvl=trce msg="Promoted queued transactions"           count=1
t=2023-06-02T16:09:00+0800 lvl=trce msg="Pooled new future transaction"          hash=0x1f047af1a5e64a4d5bd6abf87be81e516912b031de068a48c291a9354ef79de9 from=0x66e0851F1a162869024b4C9f6b1C4Fc5cb4832F1 to=0x0000000000000000000000000000000000000000
t=2023-06-02T16:09:00+0800 lvl=trce msg="Removed old queued transactions"        count=0
t=2023-06-02T16:09:00+0800 lvl=trce msg="Removed unpayable queued transactions"  count=0
t=2023-06-02T16:09:00+0800 lvl=trce msg="Promoted queued transactions"           count=0
t=2023-06-02T16:09:00+0800 lvl=trce msg="Pooled new future transaction"          hash=0x9f88d093f2c22f8209763e26e89617848738f900b1f698c9659b8174ae577050 from=0x7628e7c918DAaf4dfbF615023fDBcF72b8479bCe to=0x0000000000000000000000000000000000000000
t=2023-06-02T16:09:00+0800 lvl=trce msg="Removed old queued transactions"        count=0
t=2023-06-02T16:09:00+0800 lvl=trce msg="Removed unpayable queued transactions"  count=0
t=2023-06-02T16:09:00+0800 lvl=trce msg="Promoted queued transactions"           count=1
t=2023-06-02T16:09:00+0800 lvl=trce msg="Pooled new future transaction"          hash=0xd15e58d62b421dc39e35b29b5651d0dcf7b8eab9d466b8a79bdb365297c6615f from=0x7628e7c918DAaf4dfbF615023fDBcF72b8479bCe to=0x0000000000000000000000000000000000000000
t=2023-06-02T16:09:00+0800 lvl=trce msg="Removed old queued transactions"        count=0
t=2023-06-02T16:09:00+0800 lvl=trce msg="Removed unpayable queued transactions"  count=0
t=2023-06-02T16:09:00+0800 lvl=trce msg="Promoted queued transactions"           count=0
t=2023-06-02T16:09:00+0800 lvl=trce msg="Pooled new future transaction"          hash=0xdb070b4d4156648fcbd05aa63ced51b1cdeaf3ff4a2e1d0b8735385e30c8fb7c from=0x66e0851F1a162869024b4C9f6b1C4Fc5cb4832F1 to=0x0000000000000000000000000000000000000000
t=2023-06-02T16:09:00+0800 lvl=trce msg="Removed old queued transactions"        count=0
t=2023-06-02T16:09:00+0800 lvl=trce msg="Removed unpayable queued transactions"  count=0
t=2023-06-02T16:09:00+0800 lvl=trce msg="Promoted queued transactions"           count=1
t=2023-06-02T16:09:00+0800 lvl=trce msg="Pooled new future transaction"          hash=0xd1f2567a8b5edf73e783bcbadb06c4e621c535d113f47473b592764dd4d24714 from=0x66e0851F1a162869024b4C9f6b1C4Fc5cb4832F1 to=0x0000000000000000000000000000000000000000
t=2023-06-02T16:09:00+0800 lvl=trce msg="Removed old queued transactions"        count=0
t=2023-06-02T16:09:00+0800 lvl=trce msg="Removed unpayable queued transactions"  count=0
t=2023-06-02T16:09:00+0800 lvl=trce msg="Promoted queued transactions"           count=0
t=2023-06-02T16:09:00+0800 lvl=trce msg="Pooled new future transaction"          hash=0x4108be7f9c2130b9eb4057d70cb8b6696964c5668b757df2619cff4696d691e4 from=0x7628e7c918DAaf4dfbF615023fDBcF72b8479bCe to=0x0000000000000000000000000000000000000000
t=2023-06-02T16:09:00+0800 lvl=trce msg="Removed old queued transactions"        count=0
t=2023-06-02T16:09:00+0800 lvl=trce msg="Removed unpayable queued transactions"  count=0
t=2023-06-02T16:09:00+0800 lvl=trce msg="Promoted queued transactions"           count=1
t=2023-06-02T16:09:00+0800 lvl=trce msg="Pooled new future transaction"          hash=0x816d8b272877e564461b870ed07789d6335daf2257099e2fb79b03cfd64b2195 from=0x7628e7c918DAaf4dfbF615023fDBcF72b8479bCe to=0x0000000000000000000000000000000000000000
t=2023-06-02T16:09:00+0800 lvl=trce msg="Removed old queued transactions"        count=0
t=2023-06-02T16:09:00+0800 lvl=trce msg="Removed unpayable queued transactions"  count=0
t=2023-06-02T16:09:00+0800 lvl=trce msg="Promoted queued transactions"           count=0
t=2023-06-02T16:09:00+0800 lvl=trce msg="Pooled new future transaction"          hash=0xca5d60ca1bb6bd9ab1a37bc42828162926649204a0f32f4c0e48306a2227f822 from=0x66e0851F1a162869024b4C9f6b1C4Fc5cb4832F1 to=0x0000000000000000000000000000000000000000
t=2023-06-02T16:09:00+0800 lvl=trce msg="Removed old queued transactions"        count=0
t=2023-06-02T16:09:00+0800 lvl=trce msg="Removed unpayable queued transactions"  count=0
t=2023-06-02T16:09:00+0800 lvl=trce msg="Promoted queued transactions"           count=1
t=2023-06-02T16:09:00+0800 lvl=trce msg="Pooled new future transaction"          hash=0x031102207c24e88645cd46dd40b51e6e86737ca48e1719968192d86f6f9b5a0b from=0x66e0851F1a162869024b4C9f6b1C4Fc5cb4832F1 to=0x0000000000000000000000000000000000000000
t=2023-06-02T16:09:00+0800 lvl=trce msg="Removed old queued transactions"        count=0
t=2023-06-02T16:09:00+0800 lvl=trce msg="Removed unpayable queued transactions"  count=0
t=2023-06-02T16:09:00+0800 lvl=trce msg="Promoted queued transactions"           count=0
t=2023-06-02T16:09:00+0800 lvl=trce msg="Pooled new future transaction"          hash=0x1b9c0db6766482a3d908cc6471e7c196fc2b59ef21e88b2a65cec1417df4de28 from=0x7628e7c918DAaf4dfbF615023fDBcF72b8479bCe to=0x0000000000000000000000000000000000000000
t=2023-06-02T16:09:00+0800 lvl=trce msg="Removed old queued transactions"        count=0
t=2023-06-02T16:09:00+0800 lvl=trce msg="Removed unpayable queued transactions"  count=0
t=2023-06-02T16:09:00+0800 lvl=trce msg="Promoted queued transactions"           count=1
t=2023-06-02T16:09:00+0800 lvl=trce msg="Pooled new future transaction"          hash=0xc7a2c4fe95c507a2b9d86824c000d1d73c201e95c82006611a7632c7e71a6b77 from=0x7628e7c918DAaf4dfbF615023fDBcF72b8479bCe to=0x0000000000000000000000000000000000000000
t=2023-06-02T16:09:00+0800 lvl=trce msg="Removed old queued transactions"        count=0
t=2023-06-02T16:09:00+0800 lvl=trce msg="Removed unpayable queued transactions"  count=0
t=2023-06-02T16:09:00+0800 lvl=trce msg="Promoted queued transactions"           count=0
t=2023-06-02T16:09:00+0800 lvl=trce msg="Pooled new future transaction"          hash=0xfb1391e972d0629dc197d7728af4764e1076ed03ec91fb73319eb271a341750d from=0x66e0851F1a162869024b4C9f6b1C4Fc5cb4832F1 to=0x0000000000000000000000000000000000000000
t=2023-06-02T16:09:00+0800 lvl=trce msg="Removed old queued transactions"        count=0
t=2023-06-02T16:09:00+0800 lvl=trce msg="Removed unpayable queued transactions"  count=0
t=2023-06-02T16:09:00+0800 lvl=trce msg="Promoted queued transactions"           count=1
t=2023-06-02T16:09:00+0800 lvl=trce msg="Pooled new future transaction"          hash=0xcb6935c83056097a06483480340c72c6b9dfdf0551e2667f515483247f677202 from=0x66e0851F1a162869024b4C9f6b1C4Fc5cb4832F1 to=0x0000000000000000000000000000000000000000
t=2023-06-02T16:09:00+0800 lvl=trce msg="Removed old queued transactions"        count=0
t=2023-06-02T16:09:00+0800 lvl=trce msg="Removed unpayable queued transactions"  count=0
t=2023-06-02T16:09:00+0800 lvl=trce msg="Promoted queued transactions"           count=0
t=2023-06-02T16:09:00+0800 lvl=trce msg="Pooled new future transaction"          hash=0x81e637365eddea7dfa1c05f949aa995a55c4020f9a1bea81a0f275a4ddcc136d from=0x7628e7c918DAaf4dfbF615023fDBcF72b8479bCe to=0x0000000000000000000000000000000000000000
t=2023-06-02T16:09:00+0800 lvl=trce msg="Removed old queued transactions"        count=0
t=2023-06-02T16:09:00+0800 lvl=trce msg="Removed unpayable queued transactions"  count=0
t=2023-06-02T16:09:00+0800 lvl=trce msg="Promoted queued transactions"           count=1
t=2023-06-02T16:09:00+0800 lvl=trce msg="Pooled new future transaction"          hash=0x76ca7b355b4097448878ccf8157e4fab1560f31903e8364c2c9b86ede34d30c9 from=0x7628e7c918DAaf4dfbF615023fDBcF72b8479bCe to=0x0000000000000000000000000000000000000000
t=2023-06-02T16:09:00+0800 lvl=trce msg="Removed old queued transactions"        count=0
t=2023-06-02T16:09:00+0800 lvl=trce msg="Removed unpayable queued transactions"  count=0
t=2023-06-02T16:09:00+0800 lvl=trce msg="Promoted queued transactions"           count=0
t=2023-06-02T16:09:00+0800 lvl=trce msg="Pooled new future transaction"          hash=0x234b2704b8a02e0a0e836400aa27e926e687a38f5a2dda10c14b74d4def53012 from=0x66e0851F1a162869024b4C9f6b1C4Fc5cb4832F1 to=0x0000000000000000000000000000000000000000
t=2023-06-02T16:09:00+0800 lvl=trce msg="Removed old queued transactions"        count=0
t=2023-06-02T16:09:00+0800 lvl=trce msg="Removed unpayable queued transactions"  count=0
t=2023-06-02T16:09:00+0800 lvl=trce msg="Promoted queued transactions"           count=1
t=2023-06-02T16:09:00+0800 lvl=trce msg="Pooled new future transaction"          hash=0x8cac6a6eca8acf7a5f5e951bfb69f8abd8f049cad4fd17412aa5955126de8db6 from=0x66e0851F1a162869024b4C9f6b1C4Fc5cb4832F1 to=0x0000000000000000000000000000000000000000
t=2023-06-02T16:09:00+0800 lvl=trce msg="Removed old queued transactions"        count=0
t=2023-06-02T16:09:00+0800 lvl=trce msg="Removed unpayable queued transactions"  count=0
t=2023-06-02T16:09:00+0800 lvl=trce msg="Promoted queued transactions"           count=0
t=2023-06-02T16:09:00+0800 lvl=trce msg="Pooled new future transaction"          hash=0x18410ed765582952e2ebad30f63fbe202bc42d33d8b0831e2763b19cc4c7fe15 from=0x7628e7c918DAaf4dfbF615023fDBcF72b8479bCe to=0x0000000000000000000000000000000000000000
t=2023-06-02T16:09:00+0800 lvl=trce msg="Removed old queued transactions"        count=0
t=2023-06-02T16:09:00+0800 lvl=trce msg="Removed unpayable queued transactions"  count=0
t=2023-06-02T16:09:00+0800 lvl=trce msg="Promoted queued transactions"           count=1
t=2023-06-02T16:09:00+0800 lvl=trce msg="Pooled new future transaction"          hash=0x1b169ad0e7cd037e0e71402d63615149447900adaa8572ec52d5d7e07dd06175 from=0x7628e7c918DAaf4dfbF615023fDBcF72b8479bCe to=0x0000000000000000000000000000000000000000
t=2023-06-02T16:09:00+0800 lvl=trce msg="Removed old queued transactions"        count=0
t=2023-06-02T16:09:00+0800 lvl=trce msg="Removed unpayable queued transactions"  count=0
t=2023-06-02T16:09:00+0800 lvl=trce msg="Promoted queued transactions"           count=0
t=2023-06-02T16:09:00+0800 lvl=trce msg="Pooled new future transaction"          hash=0x1b3bafb13e577eddd84908573c01d14e0c89c5393fa29b595e1b51372a54354b from=0x66e0851F1a162869024b4C9f6b1C4Fc5cb4832F1 to=0x0000000000000000000000000000000000000000
t=2023-06-02T16:09:00+0800 lvl=trce msg="Removed old queued transactions"        count=0
t=2023-06-02T16:09:00+0800 lvl=trce msg="Removed unpayable queued transactions"  count=0
t=2023-06-02T16:09:00+0800 lvl=trce msg="Promoted queued transactions"           count=1
t=2023-06-02T16:09:00+0800 lvl=trce msg="Pooled new future transaction"          hash=0xee259a923e1aaf5049f183f0f7e25c89de17c662968bd81d79bace270b07fde6 from=0x66e0851F1a162869024b4C9f6b1C4Fc5cb4832F1 to=0x0000000000000000000000000000000000000000
t=2023-06-02T16:09:00+0800 lvl=trce msg="Removed old queued transactions"        count=0
t=2023-06-02T16:09:00+0800 lvl=trce msg="Removed unpayable queued transactions"  count=0
t=2023-06-02T16:09:00+0800 lvl=trce msg="Promoted queued transactions"           count=0
t=2023-06-02T16:09:00+0800 lvl=trce msg="Pooled new future transaction"          hash=0x4600c4982b0184c91ac28a1b80a8d30bbd047217442149e45521132222c4d4e3 from=0x7628e7c918DAaf4dfbF615023fDBcF72b8479bCe to=0x0000000000000000000000000000000000000000
t=2023-06-02T16:09:00+0800 lvl=trce msg="Removed old queued transactions"        count=0
t=2023-06-02T16:09:00+0800 lvl=trce msg="Removed unpayable queued transactions"  count=0
t=2023-06-02T16:09:00+0800 lvl=trce msg="Promoted queued transactions"           count=1
t=2023-06-02T16:09:00+0800 lvl=trce msg="Pooled new future transaction"          hash=0x21449872e7922d394c1194871f48c53e6d721c723d8909e551dc6f3269461582 from=0x7628e7c918DAaf4dfbF615023fDBcF72b8479bCe to=0x0000000000000000000000000000000000000000
t=2023-06-02T16:09:00+0800 lvl=trce msg="Removed old queued transactions"        count=0
t=2023-06-02T16:09:00+0800 lvl=trce msg="Removed unpayable queued transactions"  count=0
t=2023-06-02T16:09:00+0800 lvl=trce msg="Promoted queued transactions"           count=0
t=2023-06-02T16:09:00+0800 lvl=trce msg="Pooled new future transaction"          hash=0x63a82f64c9e09738adf7d9e31a1679ae226fdc061156cba5618f9d3a44c864d3 from=0x66e0851F1a162869024b4C9f6b1C4Fc5cb4832F1 to=0x0000000000000000000000000000000000000000
t=2023-06-02T16:09:00+0800 lvl=trce msg="Removed old queued transactions"        count=0
t=2023-06-02T16:09:00+0800 lvl=trce msg="Removed unpayable queued transactions"  count=0
t=2023-06-02T16:09:00+0800 lvl=trce msg="Promoted queued transactions"           count=1
t=2023-06-02T16:09:00+0800 lvl=trce msg="Pooled new future transaction"          hash=0xf7f86142a1998034f9b4f3ed7c43a43bf66d69f986ee6cf08e9d1c7c6b88e282 from=0x66e0851F1a162869024b4C9f6b1C4Fc5cb4832F1 to=0x0000000000000000000000000000000000000000
t=2023-06-02T16:09:00+0800 lvl=trce msg="Removed old queued transactions"        count=0
t=2023-06-02T16:09:00+0800 lvl=trce msg="Removed unpayable queued transactions"  count=0
t=2023-06-02T16:09:00+0800 lvl=trce msg="Promoted queued transactions"           count=0
t=2023-06-02T16:09:00+0800 lvl=trce msg="Pooled new future transaction"          hash=0xaf54ada1c6a363edca4f407b973a71eb80d908203c0ff1538b806bba301ac146 from=0x7628e7c918DAaf4dfbF615023fDBcF72b8479bCe to=0x0000000000000000000000000000000000000000
t=2023-06-02T16:09:00+0800 lvl=trce msg="Removed old queued transactions"        count=0
t=2023-06-02T16:09:00+0800 lvl=trce msg="Removed unpayable queued transactions"  count=0
t=2023-06-02T16:09:00+0800 lvl=trce msg="Promoted queued transactions"           count=1
t=2023-06-02T16:09:00+0800 lvl=trce msg="Pooled new future transaction"          hash=0x0d8a0d90d9cb446ff87bfb57275fb5381eaf2700ba068452bfbc873a0a1fd3fb from=0x7628e7c918DAaf4dfbF615023fDBcF72b8479bCe to=0x0000000000000000000000000000000000000000
t=2023-06-02T16:09:00+0800 lvl=trce msg="Removed old queued transactions"        count=0
t=2023-06-02T16:09:00+0800 lvl=trce msg="Removed unpayable queued transactions"  count=0
t=2023-06-02T16:09:00+0800 lvl=trce msg="Promoted queued transactions"           count=0
t=2023-06-02T16:09:00+0800 lvl=trce msg="Pooled new future transaction"          hash=0xd7bfe9d70402e44ced7943d4a5242a54f684cf2fed25830f6128bf72977794dc from=0x66e0851F1a162869024b4C9f6b1C4Fc5cb4832F1 to=0x0000000000000000000000000000000000000000
t=2023-06-02T16:09:00+0800 lvl=trce msg="Removed old queued transactions"        count=0
t=2023-06-02T16:09:00+0800 lvl=trce msg="Removed unpayable queued transactions"  count=0
t=2023-06-02T16:09:00+0800 lvl=trce msg="Promoted queued transactions"           count=1
t=2023-06-02T16:09:00+0800 lvl=trce msg="Pooled new future transaction"          hash=0xce320a5d724b755e0e1fe1250366b1ed19e8e5bdb8ee379ec320ca6661cf4981 from=0x66e0851F1a162869024b4C9f6b1C4Fc5cb4832F1 to=0x0000000000000000000000000000000000000000
t=2023-06-02T16:09:00+0800 lvl=trce msg="Removed old queued transactions"        count=0
t=2023-06-02T16:09:00+0800 lvl=trce msg="Removed unpayable queued transactions"  count=0
t=2023-06-02T16:09:00+0800 lvl=trce msg="Promoted queued transactions"           count=0
t=2023-06-02T16:09:00+0800 lvl=trce msg="Pooled new future transaction"          hash=0xb19fc2e425a69255efe5e72a9c209eedf1512942aaf275a452c75072c48558c5 from=0x7628e7c918DAaf4dfbF615023fDBcF72b8479bCe to=0x0000000000000000000000000000000000000000
t=2023-06-02T16:09:00+0800 lvl=trce msg="Removed old queued transactions"        count=0
t=2023-06-02T16:09:00+0800 lvl=trce msg="Removed unpayable queued transactions"  count=0
t=2023-06-02T16:09:00+0800 lvl=trce msg="Promoted queued transactions"           count=1
t=2023-06-02T16:09:00+0800 lvl=trce msg="Pooled new future transaction"          hash=0x8df2062b315cf3f90265151946499ce953219f81853bee418d7aecea0391d04f from=0x7628e7c918DAaf4dfbF615023fDBcF72b8479bCe to=0x0000000000000000000000000000000000000000
t=2023-06-02T16:09:00+0800 lvl=trce msg="Removed old queued transactions"        count=0
t=2023-06-02T16:09:00+0800 lvl=trce msg="Removed unpayable queued transactions"  count=0
t=2023-06-02T16:09:00+0800 lvl=trce msg="Promoted queued transactions"           count=0
t=2023-06-02T16:09:00+0800 lvl=trce msg="Pooled new future transaction"          hash=0x7af2dec20322ea2a0abe2f65ca35933db20afef3f39a969940ec1d5062ae44dd from=0x66e0851F1a162869024b4C9f6b1C4Fc5cb4832F1 to=0x0000000000000000000000000000000000000000
t=2023-06-02T16:09:00+0800 lvl=trce msg="Removed old queued transactions"        count=0
t=2023-06-02T16:09:00+0800 lvl=trce msg="Removed unpayable queued transactions"  count=0
t=2023-06-02T16:09:00+0800 lvl=trce msg="Promoted queued transactions"           count=1
t=2023-06-02T16:09:00+0800 lvl=trce msg="Pooled new future transaction"          hash=0x2778511179d443416bcd7bbb2eb17c9b5a1f60c7b44108eb5c7b49cda6cfcd2b from=0x66e0851F1a162869024b4C9f6b1C4Fc5cb4832F1 to=0x0000000000000000000000000000000000000000
t=2023-06-02T16:09:00+0800 lvl=trce msg="Removed old queued transactions"        count=0
t=2023-06-02T16:09:00+0800 lvl=trce msg="Removed unpayable queued transactions"  count=0
t=2023-06-02T16:09:00+0800 lvl=trce msg="Promoted queued transactions"           count=0
t=2023-06-02T16:09:00+0800 lvl=trce msg="Pooled new future transaction"          hash=0xf97cc3012edfed38a8e12d6d0374a5b1ef0c5fe29ecfc96dea63f56252370291 from=0x7628e7c918DAaf4dfbF615023fDBcF72b8479bCe to=0x0000000000000000000000000000000000000000
t=2023-06-02T16:09:00+0800 lvl=trce msg="Removed old queued transactions"        count=0
t=2023-06-02T16:09:00+0800 lvl=trce msg="Removed unpayable queued transactions"  count=0
t=2023-06-02T16:09:00+0800 lvl=trce msg="Promoted queued transactions"           count=1
t=2023-06-02T16:09:00+0800 lvl=trce msg="Pooled new future transaction"          hash=0xdfe9b8cef366a0861033726f7f594c46c4030f07e2f908402224c50bc36cd1f9 from=0x7628e7c918DAaf4dfbF615023fDBcF72b8479bCe to=0x0000000000000000000000000000000000000000
t=2023-06-02T16:09:00+0800 lvl=trce msg="Removed old queued transactions"        count=0
t=2023-06-02T16:09:00+0800 lvl=trce msg="Removed unpayable queued transactions"  count=0
t=2023-06-02T16:09:00+0800 lvl=trce msg="Promoted queued transactions"           count=0
t=2023-06-02T16:09:00+0800 lvl=trce msg="Pooled new future transaction"          hash=0x76e306caf3a3a09591295f8d596119660ced72368e7fb55a3c4c0e28fef41bc1 from=0x66e0851F1a162869024b4C9f6b1C4Fc5cb4832F1 to=0x0000000000000000000000000000000000000000
t=2023-06-02T16:09:00+0800 lvl=trce msg="Removed old queued transactions"        count=0
t=2023-06-02T16:09:00+0800 lvl=trce msg="Removed unpayable queued transactions"  count=0
t=2023-06-02T16:09:00+0800 lvl=trce msg="Promoted queued transactions"           count=1
t=2023-06-02T16:09:00+0800 lvl=trce msg="Pooled new future transaction"          hash=0x5662368c732b4d151c0e32517477c74cce2b6e90ca5f8283e067591b0546014f from=0x66e0851F1a162869024b4C9f6b1C4Fc5cb4832F1 to=0x0000000000000000000000000000000000000000
t=2023-06-02T16:09:00+0800 lvl=trce msg="Removed old queued transactions"        count=0
t=2023-06-02T16:09:00+0800 lvl=trce msg="Removed unpayable queued transactions"  count=0
t=2023-06-02T16:09:00+0800 lvl=trce msg="Promoted queued transactions"           count=0
t=2023-06-02T16:09:00+0800 lvl=trce msg="Pooled new future transaction"          hash=0x07160a0e006b6dd7e9edf29f6e91e82c2ecbd98acece04e9c8a1f9501a19f46e from=0x7628e7c918DAaf4dfbF615023fDBcF72b8479bCe to=0x0000000000000000000000000000000000000000
t=2023-06-02T16:09:00+0800 lvl=trce msg="Removed old queued transactions"        count=0
t=2023-06-02T16:09:00+0800 lvl=trce msg="Removed unpayable queued transactions"  count=0
t=2023-06-02T16:09:00+0800 lvl=trce msg="Promoted queued transactions"           count=1
t=2023-06-02T16:09:00+0800 lvl=trce msg="Pooled new future transaction"          hash=0x51a4211cdf9d9dbb424341644164c6bd23a4f9e635b950f35c0eeb3cf5c60083 from=0x7628e7c918DAaf4dfbF615023fDBcF72b8479bCe to=0x0000000000000000000000000000000000000000
t=2023-06-02T16:09:00+0800 lvl=trce msg="Removed old queued transactions"        count=0
t=2023-06-02T16:09:00+0800 lvl=trce msg="Removed unpayable queued transactions"  count=0
t=2023-06-02T16:09:00+0800 lvl=trce msg="Promoted queued transactions"           count=0
t=2023-06-02T16:09:00+0800 lvl=trce msg="Pooled new future transaction"          hash=0x2121f89b03fce49b3896ae80d25e51a9f28c8f2c6cbdb464bfd843bbe2f6acd1 from=0x66e0851F1a162869024b4C9f6b1C4Fc5cb4832F1 to=0x0000000000000000000000000000000000000000
t=2023-06-02T16:09:00+0800 lvl=trce msg="Removed old queued transactions"        count=0
t=2023-06-02T16:09:00+0800 lvl=trce msg="Removed unpayable queued transactions"  count=0
t=2023-06-02T16:09:00+0800 lvl=trce msg="Promoted queued transactions"           count=1
t=2023-06-02T16:09:00+0800 lvl=trce msg="Pooled new future transaction"          hash=0xd304bf77fa35432f35c4a3c20a4a0aa8658ec5345a38935e9feabcbea6d3f7e1 from=0x66e0851F1a162869024b4C9f6b1C4Fc5cb4832F1 to=0x0000000000000000000000000000000000000000
t=2023-06-02T16:09:00+0800 lvl=trce msg="Removed old queued transactions"        count=0
t=2023-06-02T16:09:00+0800 lvl=trce msg="Removed unpayable queued transactions"  count=0
t=2023-06-02T16:09:00+0800 lvl=trce msg="Promoted queued transactions"           count=0
t=2023-06-02T16:09:00+0800 lvl=trce msg="Pooled new future transaction"          hash=0x6dd2be542c8c8a758d5cd793084b855d397e54695c70c389ab799bbd431755f1 from=0x7628e7c918DAaf4dfbF615023fDBcF72b8479bCe to=0x0000000000000000000000000000000000000000
t=2023-06-02T16:09:00+0800 lvl=trce msg="Removed old queued transactions"        count=0
t=2023-06-02T16:09:00+0800 lvl=trce msg="Removed unpayable queued transactions"  count=0
t=2023-06-02T16:09:00+0800 lvl=trce msg="Promoted queued transactions"           count=1
t=2023-06-02T16:09:00+0800 lvl=trce msg="Pooled new future transaction"          hash=0x6de95aadfb7a9d9a50ab925a7d7bdced93e69dfd65b0f2749c645af59723f049 from=0x7628e7c918DAaf4dfbF615023fDBcF72b8479bCe to=0x0000000000000000000000000000000000000000
t=2023-06-02T16:09:00+0800 lvl=trce msg="Removed old queued transactions"        count=0
t=2023-06-02T16:09:00+0800 lvl=trce msg="Removed unpayable queued transactions"  count=0
t=2023-06-02T16:09:00+0800 lvl=trce msg="Promoted queued transactions"           count=0
t=2023-06-02T16:09:00+0800 lvl=trce msg="Pooled new future transaction"          hash=0x1215cf089b1974a74d80bc6a5b33ea0d040210f8f04996a29ab47f4b48908bb1 from=0x66e0851F1a162869024b4C9f6b1C4Fc5cb4832F1 to=0x0000000000000000000000000000000000000000
t=2023-06-02T16:09:00+0800 lvl=trce msg="Removed old queued transactions"        count=0
t=2023-06-02T16:09:00+0800 lvl=trce msg="Removed unpayable queued transactions"  count=0
t=2023-06-02T16:09:00+0800 lvl=trce msg="Promoted queued transactions"           count=1
t=2023-06-02T16:09:00+0800 lvl=trce msg="Pooled new future transaction"          hash=0xc80a312c47c4bb7850a9636b5fe6463dd540d5f735fa72aac42f135240a76b52 from=0x66e0851F1a162869024b4C9f6b1C4Fc5cb4832F1 to=0x0000000000000000000000000000000000000000
t=2023-06-02T16:09:00+0800 lvl=trce msg="Removed old queued transactions"        count=0
t=2023-06-02T16:09:00+0800 lvl=trce msg="Removed unpayable queued transactions"  count=0
t=2023-06-02T16:09:00+0800 lvl=trce msg="Promoted queued transactions"           count=0
t=2023-06-02T16:09:00+0800 lvl=trce msg="Pooled new future transaction"          hash=0x298de87c1e95f5209125fb72349d0243b95e19d302be4ebbac854b9e87d07c2f from=0x7628e7c918DAaf4dfbF615023fDBcF72b8479bCe to=0x0000000000000000000000000000000000000000
t=2023-06-02T16:09:00+0800 lvl=trce msg="Removed old queued transactions"        count=0
t=2023-06-02T16:09:00+0800 lvl=trce msg="Removed unpayable queued transactions"  count=0
t=2023-06-02T16:09:00+0800 lvl=trce msg="Promoted queued transactions"           count=1
t=2023-06-02T16:09:00+0800 lvl=trce msg="Pooled new future transaction"          hash=0x83f879419e6641739a2cc23623271f438707503acbcbd5c2c56031b9886bdb44 from=0x7628e7c918DAaf4dfbF615023fDBcF72b8479bCe to=0x0000000000000000000000000000000000000000
t=2023-06-02T16:09:00+0800 lvl=trce msg="Removed old queued transactions"        count=0
t=2023-06-02T16:09:00+0800 lvl=trce msg="Removed unpayable queued transactions"  count=0
t=2023-06-02T16:09:00+0800 lvl=trce msg="Promoted queued transactions"           count=0
t=2023-06-02T16:09:00+0800 lvl=trce msg="Pooled new future transaction"          hash=0xe588059225e509db952d083c4007ea90451cec2c96e4dbf2008eb5eaa7893f8f from=0x66e0851F1a162869024b4C9f6b1C4Fc5cb4832F1 to=0x0000000000000000000000000000000000000000
t=2023-06-02T16:09:00+0800 lvl=trce msg="Removed old queued transactions"        count=0
t=2023-06-02T16:09:00+0800 lvl=trce msg="Removed unpayable queued transactions"  count=0
t=2023-06-02T16:09:00+0800 lvl=trce msg="Promoted queued transactions"           count=1
t=2023-06-02T16:09:00+0800 lvl=trce msg="Pooled new future transaction"          hash=0x95595c27820289dad2569b30e0ca1ffaedff23e7eeaa55fe3392430c802b5d3e from=0x66e0851F1a162869024b4C9f6b1C4Fc5cb4832F1 to=0x0000000000000000000000000000000000000000
t=2023-06-02T16:09:00+0800 lvl=trce msg="Removed old queued transactions"        count=0
t=2023-06-02T16:09:00+0800 lvl=trce msg="Removed unpayable queued transactions"  count=0
t=2023-06-02T16:09:00+0800 lvl=trce msg="Promoted queued transactions"           count=0
t=2023-06-02T16:09:00+0800 lvl=trce msg="Pooled new future transaction"          hash=0xc6b34cbf02a9456c97d30fa8020421eebfc88b4d578d534b6170a7bb57713049 from=0x7628e7c918DAaf4dfbF615023fDBcF72b8479bCe to=0x0000000000000000000000000000000000000000
t=2023-06-02T16:09:00+0800 lvl=trce msg="Removed old queued transactions"        count=0
t=2023-06-02T16:09:00+0800 lvl=trce msg="Removed unpayable queued transactions"  count=0
t=2023-06-02T16:09:00+0800 lvl=trce msg="Promoted queued transactions"           count=1
t=2023-06-02T16:09:00+0800 lvl=trce msg="Pooled new future transaction"          hash=0xfd51fad8efb5a2a1b277dbaf3389d46c4c6aa2232c1b8c5dac0005b362e3f24c from=0x7628e7c918DAaf4dfbF615023fDBcF72b8479bCe to=0x0000000000000000000000000000000000000000
t=2023-06-02T16:09:00+0800 lvl=trce msg="Removed old queued transactions"        count=0
t=2023-06-02T16:09:00+0800 lvl=trce msg="Removed unpayable queued transactions"  count=0
t=2023-06-02T16:09:00+0800 lvl=trce msg="Promoted queued transactions"           count=0
t=2023-06-02T16:09:00+0800 lvl=trce msg="Pooled new future transaction"          hash=0x3733051d1b2fc8bb55d4173273cc2f733466e6ab11d32af272f6203d4048ca04 from=0x66e0851F1a162869024b4C9f6b1C4Fc5cb4832F1 to=0x0000000000000000000000000000000000000000
t=2023-06-02T16:09:00+0800 lvl=trce msg="Removed old queued transactions"        count=0
t=2023-06-02T16:09:00+0800 lvl=trce msg="Removed unpayable queued transactions"  count=0
t=2023-06-02T16:09:00+0800 lvl=trce msg="Promoted queued transactions"           count=1
t=2023-06-02T16:09:00+0800 lvl=trce msg="Pooled new future transaction"          hash=0xf55d7789ef56dd920dbf31e6ea2a08455fc63bac83e6d05d949fc0d0ff582286 from=0x66e0851F1a162869024b4C9f6b1C4Fc5cb4832F1 to=0x0000000000000000000000000000000000000000
t=2023-06-02T16:09:00+0800 lvl=trce msg="Removed old queued transactions"        count=0
t=2023-06-02T16:09:00+0800 lvl=trce msg="Removed unpayable queued transactions"  count=0
t=2023-06-02T16:09:00+0800 lvl=trce msg="Promoted queued transactions"           count=0
t=2023-06-02T16:09:00+0800 lvl=trce msg="Pooled new future transaction"          hash=0xd378651ba8b683f9e1656ffc90a842bb771df24702e2595533c9f5a0606793dc from=0x7628e7c918DAaf4dfbF615023fDBcF72b8479bCe to=0x0000000000000000000000000000000000000000
t=2023-06-02T16:09:00+0800 lvl=trce msg="Removed old queued transactions"        count=0
t=2023-06-02T16:09:00+0800 lvl=trce msg="Removed unpayable queued transactions"  count=0
t=2023-06-02T16:09:00+0800 lvl=trce msg="Promoted queued transactions"           count=1
t=2023-06-02T16:09:00+0800 lvl=trce msg="Pooled new future transaction"          hash=0x8cf3190e1ad30aaebb89ccd7effb9bc0950a8b1ff6f92acff6970236c7acadcb from=0x7628e7c918DAaf4dfbF615023fDBcF72b8479bCe to=0x0000000000000000000000000000000000000000
t=2023-06-02T16:09:00+0800 lvl=trce msg="Removed old queued transactions"        count=0
t=2023-06-02T16:09:00+0800 lvl=trce msg="Removed unpayable queued transactions"  count=0
t=2023-06-02T16:09:00+0800 lvl=trce msg="Promoted queued transactions"           count=0
t=2023-06-02T16:09:00+0800 lvl=trce msg="Pooled new future transaction"          hash=0x2d6fbddb3bf25792f7da4e8ce0f5b4550da41de30916f138f87f7538d34012da from=0x66e0851F1a162869024b4C9f6b1C4Fc5cb4832F1 to=0x0000000000000000000000000000000000000000
t=2023-06-02T16:09:00+0800 lvl=trce msg="Removed old queued transactions"        count=0
t=2023-06-02T16:09:00+0800 lvl=trce msg="Removed unpayable queued transactions"  count=0
t=2023-06-02T16:09:00+0800 lvl=trce msg="Promoted queued transactions"           count=1
t=2023-06-02T16:09:00+0800 lvl=trce msg="Pooled new future transaction"          hash=0xdd6807849d35be401e1f48cf70008e61e00a12998268d417c9e79ee8cbc7b600 from=0x66e0851F1a162869024b4C9f6b1C4Fc5cb4832F1 to=0x0000000000000000000000000000000000000000
t=2023-06-02T16:09:00+0800 lvl=trce msg="Removed old queued transactions"        count=0
t=2023-06-02T16:09:00+0800 lvl=trce msg="Removed unpayable queued transactions"  count=0
t=2023-06-02T16:09:00+0800 lvl=trce msg="Promoted queued transactions"           count=0
t=2023-06-02T16:09:00+0800 lvl=trce msg="Pooled new future transaction"          hash=0x3cf1ada606382a76023ac1adc535a7ddd2c46dc9e07fb0d87d8c3a9b1c8f0518 from=0x7628e7c918DAaf4dfbF615023fDBcF72b8479bCe to=0x0000000000000000000000000000000000000000
t=2023-06-02T16:09:00+0800 lvl=trce msg="Removed old queued transactions"        count=0
t=2023-06-02T16:09:00+0800 lvl=trce msg="Removed unpayable queued transactions"  count=0
t=2023-06-02T16:09:00+0800 lvl=trce msg="Promoted queued transactions"           count=1
t=2023-06-02T16:09:00+0800 lvl=trce msg="Pooled new future transaction"          hash=0x01bd990bf180fb51e895ac42f6c3fcb467e454a168291c6dd53eb804ec10b8de from=0x7628e7c918DAaf4dfbF615023fDBcF72b8479bCe to=0x0000000000000000000000000000000000000000
t=2023-06-02T16:09:00+0800 lvl=trce msg="Removed old queued transactions"        count=0
t=2023-06-02T16:09:00+0800 lvl=trce msg="Removed unpayable queued transactions"  count=0
t=2023-06-02T16:09:00+0800 lvl=trce msg="Promoted queued transactions"           count=0
t=2023-06-02T16:09:00+0800 lvl=trce msg="Pooled new future transaction"          hash=0x5644f3ebc64ea97ecae21536ed9ce57414dc332e56176311945ee6adf1d76dcd from=0x66e0851F1a162869024b4C9f6b1C4Fc5cb4832F1 to=0x0000000000000000000000000000000000000000
t=2023-06-02T16:09:00+0800 lvl=trce msg="Removed old queued transactions"        count=0
t=2023-06-02T16:09:00+0800 lvl=trce msg="Removed unpayable queued transactions"  count=0
t=2023-06-02T16:09:00+0800 lvl=trce msg="Promoted queued transactions"           count=1
t=2023-06-02T16:09:00+0800 lvl=trce msg="Pooled new future transaction"          hash=0xd81ef31f273f33da841aada1fa4e88af85a98bacf3c962ce9c0a6e16bb9b374d from=0x66e0851F1a162869024b4C9f6b1C4Fc5cb4832F1 to=0x0000000000000000000000000000000000000000
t=2023-06-02T16:09:00+0800 lvl=trce msg="Removed old queued transactions"        count=0
t=2023-06-02T16:09:00+0800 lvl=trce msg="Removed unpayable queued transactions"  count=0
t=2023-06-02T16:09:00+0800 lvl=trce msg="Promoted queued transactions"           count=0
t=2023-06-02T16:09:00+0800 lvl=trce msg="Pooled new future transaction"          hash=0xacb61802cd57242b8a784d2c95c557d59879f104fe4c289b481bc673114de702 from=0x7628e7c918DAaf4dfbF615023fDBcF72b8479bCe to=0x0000000000000000000000000000000000000000
t=2023-06-02T16:09:00+0800 lvl=trce msg="Removed old queued transactions"        count=0
t=2023-06-02T16:09:00+0800 lvl=trce msg="Removed unpayable queued transactions"  count=0
t=2023-06-02T16:09:00+0800 lvl=trce msg="Promoted queued transactions"           count=1
t=2023-06-02T16:09:00+0800 lvl=trce msg="Pooled new future transaction"          hash=0x3760276e1c7ee7203870118fda87c75d719e108351f167519c6d088d8b33c748 from=0x7628e7c918DAaf4dfbF615023fDBcF72b8479bCe to=0x0000000000000000000000000000000000000000
t=2023-06-02T16:09:00+0800 lvl=trce msg="Removed old queued transactions"        count=0
t=2023-06-02T16:09:00+0800 lvl=trce msg="Removed unpayable queued transactions"  count=0
t=2023-06-02T16:09:00+0800 lvl=trce msg="Promoted queued transactions"           count=0
t=2023-06-02T16:09:00+0800 lvl=trce msg="Pooled new future transaction"          hash=0xf20b014550072254af2876882257c3ebf06efa039179dd50af53ed3f8a5a3ea6 from=0x66e0851F1a162869024b4C9f6b1C4Fc5cb4832F1 to=0x0000000000000000000000000000000000000000
t=2023-06-02T16:09:00+0800 lvl=trce msg="Removed old queued transactions"        count=0
t=2023-06-02T16:09:00+0800 lvl=trce msg="Removed unpayable queued transactions"  count=0
t=2023-06-02T16:09:00+0800 lvl=trce msg="Promoted queued transactions"           count=1
t=2023-06-02T16:09:00+0800 lvl=trce msg="Pooled new future transaction"          hash=0x3419ee161f2cb4b0ff88ab41c4ac4c1df568351653d18edef675dd09492d9e85 from=0x66e0851F1a162869024b4C9f6b1C4Fc5cb4832F1 to=0x0000000000000000000000000000000000000000
t=2023-06-02T16:09:00+0800 lvl=trce msg="Removed old queued transactions"        count=0
t=2023-06-02T16:09:00+0800 lvl=trce msg="Removed unpayable queued transactions"  count=0
t=2023-06-02T16:09:00+0800 lvl=trce msg="Promoted queued transactions"           count=0
t=2023-06-02T16:09:00+0800 lvl=trce msg="Pooled new future transaction"          hash=0x296bb1a9b58d2c8bcdd13dc64483a90227c5e16668a54696815f1285e66cf2de from=0x7628e7c918DAaf4dfbF615023fDBcF72b8479bCe to=0x0000000000000000000000000000000000000000
t=2023-06-02T16:09:00+0800 lvl=trce msg="Removed old queued transactions"        count=0
t=2023-06-02T16:09:00+0800 lvl=trce msg="Removed unpayable queued transactions"  count=0
t=2023-06-02T16:09:00+0800 lvl=trce msg="Promoted queued transactions"           count=1
t=2023-06-02T16:09:00+0800 lvl=trce msg="Pooled new future transaction"          hash=0xc35d9c1121ce1530a2325a4357a3076708f25a9c8a6b8722d7f79862b84df8ab from=0x7628e7c918DAaf4dfbF615023fDBcF72b8479bCe to=0x0000000000000000000000000000000000000000
t=2023-06-02T16:09:00+0800 lvl=trce msg="Removed old queued transactions"        count=0
t=2023-06-02T16:09:00+0800 lvl=trce msg="Removed unpayable queued transactions"  count=0
t=2023-06-02T16:09:00+0800 lvl=trce msg="Promoted queued transactions"           count=0
t=2023-06-02T16:09:00+0800 lvl=trce msg="Pooled new future transaction"          hash=0x719f9bc3f097d90341378fd21c729c4ef93ac6609316d611e6c2337b87bf7e0d from=0x66e0851F1a162869024b4C9f6b1C4Fc5cb4832F1 to=0x0000000000000000000000000000000000000000
t=2023-06-02T16:09:00+0800 lvl=trce msg="Removed old queued transactions"        count=0
t=2023-06-02T16:09:00+0800 lvl=trce msg="Removed unpayable queued transactions"  count=0
t=2023-06-02T16:09:00+0800 lvl=trce msg="Promoted queued transactions"           count=1
t=2023-06-02T16:09:00+0800 lvl=trce msg="Pooled new future transaction"          hash=0xdd6b967d27430655fab408b04b8a3fa560734e20ecf326b008c70d5da7b2c99c from=0x66e0851F1a162869024b4C9f6b1C4Fc5cb4832F1 to=0x0000000000000000000000000000000000000000
t=2023-06-02T16:09:00+0800 lvl=trce msg="Removed old queued transactions"        count=0
t=2023-06-02T16:09:00+0800 lvl=trce msg="Removed unpayable queued transactions"  count=0
t=2023-06-02T16:09:00+0800 lvl=trce msg="Promoted queued transactions"           count=0
t=2023-06-02T16:09:00+0800 lvl=trce msg="Pooled new future transaction"          hash=0x0c8bc24977271cb2a3b884a7e2b44d368d0bff8beeb4b2f22ff53616094941c8 from=0x7628e7c918DAaf4dfbF615023fDBcF72b8479bCe to=0x0000000000000000000000000000000000000000
t=2023-06-02T16:09:00+0800 lvl=trce msg="Removed old queued transactions"        count=0
t=2023-06-02T16:09:00+0800 lvl=trce msg="Removed unpayable queued transactions"  count=0
t=2023-06-02T16:09:00+0800 lvl=trce msg="Promoted queued transactions"           count=1
t=2023-06-02T16:09:00+0800 lvl=trce msg="Pooled new future transaction"          hash=0x2be00abcca5a6ca365c4290b1021ee22d2d76c1dcf73f2648982203ca6475df4 from=0x7628e7c918DAaf4dfbF615023fDBcF72b8479bCe to=0x0000000000000000000000000000000000000000
t=2023-06-02T16:09:00+0800 lvl=trce msg="Removed old queued transactions"        count=0
t=2023-06-02T16:09:00+0800 lvl=trce msg="Removed unpayable queued transactions"  count=0
t=2023-06-02T16:09:00+0800 lvl=trce msg="Promoted queued transactions"           count=0
t=2023-06-02T16:09:00+0800 lvl=trce msg="Pooled new future transaction"          hash=0x75b6ad31de5dabfa0cbad7610aef069cef254a0f06a2a8385c30673b1c416281 from=0x66e0851F1a162869024b4C9f6b1C4Fc5cb4832F1 to=0x0000000000000000000000000000000000000000
t=2023-06-02T16:09:00+0800 lvl=trce msg="Removed old queued transactions"        count=0
t=2023-06-02T16:09:00+0800 lvl=trce msg="Removed unpayable queued transactions"  count=0
t=2023-06-02T16:09:00+0800 lvl=trce msg="Promoted queued transactions"           count=1
t=2023-06-02T16:09:00+0800 lvl=trce msg="Pooled new future transaction"          hash=0xaca3be04469e0e8fa354ea5493098a4fa17e6d8ba076c0806254005e867a31ea from=0x66e0851F1a162869024b4C9f6b1C4Fc5cb4832F1 to=0x0000000000000000000000000000000000000000
t=2023-06-02T16:09:00+0800 lvl=trce msg="Removed old queued transactions"        count=0
t=2023-06-02T16:09:00+0800 lvl=trce msg="Removed unpayable queued transactions"  count=0
t=2023-06-02T16:09:00+0800 lvl=trce msg="Promoted queued transactions"           count=0
t=2023-06-02T16:09:00+0800 lvl=trce msg="Pooled new future transaction"          hash=0x7affcb37e957ea67f581112da4a58906cbc49cf09f368feb9b02726f4a845e88 from=0x7628e7c918DAaf4dfbF615023fDBcF72b8479bCe to=0x0000000000000000000000000000000000000000
t=2023-06-02T16:09:00+0800 lvl=trce msg="Removed old queued transactions"        count=0
t=2023-06-02T16:09:00+0800 lvl=trce msg="Removed unpayable queued transactions"  count=0
t=2023-06-02T16:09:00+0800 lvl=trce msg="Promoted queued transactions"           count=1
t=2023-06-02T16:09:00+0800 lvl=trce msg="Pooled new future transaction"          hash=0xdf170cfe639812a1b887fd4041bca8587f62a46d2735c990e6c98c196d7a1e05 from=0x7628e7c918DAaf4dfbF615023fDBcF72b8479bCe to=0x0000000000000000000000000000000000000000
t=2023-06-02T16:09:00+0800 lvl=trce msg="Removed old queued transactions"        count=0
t=2023-06-02T16:09:00+0800 lvl=trce msg="Removed unpayable queued transactions"  count=0
t=2023-06-02T16:09:00+0800 lvl=trce msg="Promoted queued transactions"           count=0
t=2023-06-02T16:09:00+0800 lvl=trce msg="Pooled new future transaction"          hash=0xde1065b7771c8975428fe4611d6e7fbfa07509482b46debecf12d82b4a0f7298 from=0x66e0851F1a162869024b4C9f6b1C4Fc5cb4832F1 to=0x0000000000000000000000000000000000000000
t=2023-06-02T16:09:00+0800 lvl=trce msg="Removed old queued transactions"        count=0
t=2023-06-02T16:09:00+0800 lvl=trce msg="Removed unpayable queued transactions"  count=0
t=2023-06-02T16:09:00+0800 lvl=trce msg="Promoted queued transactions"           count=1
t=2023-06-02T16:09:00+0800 lvl=trce msg="Pooled new future transaction"          hash=0x9d6c5f20b68953b9e9b083c5dbc4f0e25ddae4cc0fcb36587cb208c36118f883 from=0x66e0851F1a162869024b4C9f6b1C4Fc5cb4832F1 to=0x0000000000000000000000000000000000000000
t=2023-06-02T16:09:00+0800 lvl=trce msg="Removed old queued transactions"        count=0
t=2023-06-02T16:09:00+0800 lvl=trce msg="Removed unpayable queued transactions"  count=0
t=2023-06-02T16:09:00+0800 lvl=trce msg="Promoted queued transactions"           count=0
t=2023-06-02T16:09:00+0800 lvl=trce msg="Pooled new future transaction"          hash=0xe2c3888617f37f298d1caf038145dfb20bfc7eb2429262469c8357e7726e2275 from=0x7628e7c918DAaf4dfbF615023fDBcF72b8479bCe to=0x0000000000000000000000000000000000000000
t=2023-06-02T16:09:00+0800 lvl=trce msg="Removed old queued transactions"        count=0
t=2023-06-02T16:09:00+0800 lvl=trce msg="Removed unpayable queued transactions"  count=0
t=2023-06-02T16:09:00+0800 lvl=trce msg="Promoted queued transactions"           count=1
t=2023-06-02T16:09:00+0800 lvl=trce msg="Pooled new future transaction"          hash=0x32f32457fe66d4e0162aeab775b7877dea44d992ce16c0afb2f4db70955a79d3 from=0x7628e7c918DAaf4dfbF615023fDBcF72b8479bCe to=0x0000000000000000000000000000000000000000
t=2023-06-02T16:09:00+0800 lvl=trce msg="Removed old queued transactions"        count=0
t=2023-06-02T16:09:00+0800 lvl=trce msg="Removed unpayable queued transactions"  count=0
t=2023-06-02T16:09:00+0800 lvl=trce msg="Promoted queued transactions"           count=0
t=2023-06-02T16:09:00+0800 lvl=trce msg="Pooled new future transaction"          hash=0x48c61237b0fce3e94f16739e94b13898662b12d0eb7774377de0746b3c0ff67a from=0x66e0851F1a162869024b4C9f6b1C4Fc5cb4832F1 to=0x0000000000000000000000000000000000000000
t=2023-06-02T16:09:00+0800 lvl=trce msg="Removed old queued transactions"        count=0
t=2023-06-02T16:09:00+0800 lvl=trce msg="Removed unpayable queued transactions"  count=0
t=2023-06-02T16:09:00+0800 lvl=trce msg="Promoted queued transactions"           count=1
t=2023-06-02T16:09:00+0800 lvl=trce msg="Pooled new future transaction"          hash=0xc58ddfb3247bc2fb3ec92952f46276691fc7d37e3a282a05585fa782298da2a9 from=0x66e0851F1a162869024b4C9f6b1C4Fc5cb4832F1 to=0x0000000000000000000000000000000000000000
t=2023-06-02T16:09:00+0800 lvl=trce msg="Removed old queued transactions"        count=0
t=2023-06-02T16:09:00+0800 lvl=trce msg="Removed unpayable queued transactions"  count=0
t=2023-06-02T16:09:00+0800 lvl=trce msg="Promoted queued transactions"           count=0
t=2023-06-02T16:09:00+0800 lvl=trce msg="Pooled new future transaction"          hash=0xc515a6cb615ba1c84c9f3cf7a7da6dc84386df83a796f1786dde2f247e996ebe from=0x7628e7c918DAaf4dfbF615023fDBcF72b8479bCe to=0x0000000000000000000000000000000000000000
t=2023-06-02T16:09:00+0800 lvl=trce msg="Removed old queued transactions"        count=0
t=2023-06-02T16:09:00+0800 lvl=trce msg="Removed unpayable queued transactions"  count=0
t=2023-06-02T16:09:00+0800 lvl=trce msg="Promoted queued transactions"           count=1
t=2023-06-02T16:09:00+0800 lvl=trce msg="Pooled new future transaction"          hash=0x1f44e81590c43d6db1304a860d7a94755d420b6bfef92c9c7f80a5e2ed7a25b9 from=0x7628e7c918DAaf4dfbF615023fDBcF72b8479bCe to=0x0000000000000000000000000000000000000000
t=2023-06-02T16:09:00+0800 lvl=trce msg="Removed old queued transactions"        count=0
t=2023-06-02T16:09:00+0800 lvl=trce msg="Removed unpayable queued transactions"  count=0
t=2023-06-02T16:09:00+0800 lvl=trce msg="Promoted queued transactions"           count=0
t=2023-06-02T16:09:00+0800 lvl=trce msg="Pooled new future transaction"          hash=0xa94279acd498f16f677071d5a311e0ab5dfa5a71e533c9028c1498685bc478fb from=0x66e0851F1a162869024b4C9f6b1C4Fc5cb4832F1 to=0x0000000000000000000000000000000000000000
t=2023-06-02T16:09:00+0800 lvl=trce msg="Removed old queued transactions"        count=0
t=2023-06-02T16:09:00+0800 lvl=trce msg="Removed unpayable queued transactions"  count=0
t=2023-06-02T16:09:00+0800 lvl=trce msg="Promoted queued transactions"           count=1
t=2023-06-02T16:09:00+0800 lvl=trce msg="Pooled new future transaction"          hash=0x10a129e4a2cf48b3b5a27429d051c7216fb1bf10ab6a6a7a53c2f993f510328e from=0x66e0851F1a162869024b4C9f6b1C4Fc5cb4832F1 to=0x0000000000000000000000000000000000000000
t=2023-06-02T16:09:00+0800 lvl=trce msg="Removed old queued transactions"        count=0
t=2023-06-02T16:09:00+0800 lvl=trce msg="Removed unpayable queued transactions"  count=0
t=2023-06-02T16:09:00+0800 lvl=trce msg="Promoted queued transactions"           count=0
t=2023-06-02T16:09:00+0800 lvl=trce msg="Pooled new future transaction"          hash=0x53ef2dbc1f1b145ff4250b09b7c092ce6ceb85253d240fc642b7970e0e16e4bf from=0x7628e7c918DAaf4dfbF615023fDBcF72b8479bCe to=0x0000000000000000000000000000000000000000
t=2023-06-02T16:09:00+0800 lvl=trce msg="Removed old queued transactions"        count=0
t=2023-06-02T16:09:00+0800 lvl=trce msg="Removed unpayable queued transactions"  count=0
t=2023-06-02T16:09:00+0800 lvl=trce msg="Promoted queued transactions"           count=1
t=2023-06-02T16:09:00+0800 lvl=trce msg="Pooled new future transaction"          hash=0xf9533996d6a67a3855437748fea3ad993b170c098b62ceefd8a79784e7741d68 from=0x7628e7c918DAaf4dfbF615023fDBcF72b8479bCe to=0x0000000000000000000000000000000000000000
t=2023-06-02T16:09:00+0800 lvl=trce msg="Removed old queued transactions"        count=0
t=2023-06-02T16:09:00+0800 lvl=trce msg="Removed unpayable queued transactions"  count=0
t=2023-06-02T16:09:00+0800 lvl=trce msg="Promoted queued transactions"           count=0
t=2023-06-02T16:09:00+0800 lvl=trce msg="Pooled new future transaction"          hash=0x639d5b1c6b4a17f08b83e7268c947cca787abd862d4805a29c78698a852ab76c from=0x66e0851F1a162869024b4C9f6b1C4Fc5cb4832F1 to=0x0000000000000000000000000000000000000000
t=2023-06-02T16:09:00+0800 lvl=trce msg="Removed old queued transactions"        count=0
t=2023-06-02T16:09:00+0800 lvl=trce msg="Removed unpayable queued transactions"  count=0
t=2023-06-02T16:09:00+0800 lvl=trce msg="Promoted queued transactions"           count=1
t=2023-06-02T16:09:00+0800 lvl=trce msg="Pooled new future transaction"          hash=0xd7c6581917c1ecd31b5d5ffafad91c2def6a58b395ecc2ff15e13b66cbfcd762 from=0x66e0851F1a162869024b4C9f6b1C4Fc5cb4832F1 to=0x0000000000000000000000000000000000000000
t=2023-06-02T16:09:00+0800 lvl=trce msg="Removed old queued transactions"        count=0
t=2023-06-02T16:09:00+0800 lvl=trce msg="Removed unpayable queued transactions"  count=0
t=2023-06-02T16:09:00+0800 lvl=trce msg="Promoted queued transactions"           count=0
t=2023-06-02T16:09:00+0800 lvl=trce msg="Pooled new future transaction"          hash=0x0a19a75584c66c92762ecd48f019f2145a2e8f52ee17186d7c165670c3e1ccf0 from=0x7628e7c918DAaf4dfbF615023fDBcF72b8479bCe to=0x0000000000000000000000000000000000000000
t=2023-06-02T16:09:00+0800 lvl=trce msg="Removed old queued transactions"        count=0
t=2023-06-02T16:09:00+0800 lvl=trce msg="Removed unpayable queued transactions"  count=0
t=2023-06-02T16:09:00+0800 lvl=trce msg="Promoted queued transactions"           count=1
t=2023-06-02T16:09:00+0800 lvl=trce msg="Pooled new future transaction"          hash=0x229fce9410943edbde56ba817e0e576bf58febb3eb8c810075fe1151b9ba8b8f from=0x7628e7c918DAaf4dfbF615023fDBcF72b8479bCe to=0x0000000000000000000000000000000000000000
t=2023-06-02T16:09:00+0800 lvl=trce msg="Removed old queued transactions"        count=0
t=2023-06-02T16:09:00+0800 lvl=trce msg="Removed unpayable queued transactions"  count=0
t=2023-06-02T16:09:00+0800 lvl=trce msg="Promoted queued transactions"           count=0
t=2023-06-02T16:09:00+0800 lvl=trce msg="Pooled new future transaction"          hash=0x5a6c8dd65da3ff623b2eaf1525ba3ed5673c41b3e2b4c8ea4bf8454fa7746977 from=0x66e0851F1a162869024b4C9f6b1C4Fc5cb4832F1 to=0x0000000000000000000000000000000000000000
t=2023-06-02T16:09:00+0800 lvl=trce msg="Removed old queued transactions"        count=0
t=2023-06-02T16:09:00+0800 lvl=trce msg="Removed unpayable queued transactions"  count=0
t=2023-06-02T16:09:00+0800 lvl=trce msg="Promoted queued transactions"           count=1
t=2023-06-02T16:09:00+0800 lvl=trce msg="Pooled new future transaction"          hash=0xbfd2dfa14020176ea3728761c50c907ac8d142015addaf32fd0469ea1097a369 from=0x66e0851F1a162869024b4C9f6b1C4Fc5cb4832F1 to=0x0000000000000000000000000000000000000000
t=2023-06-02T16:09:00+0800 lvl=trce msg="Removed old queued transactions"        count=0
t=2023-06-02T16:09:00+0800 lvl=trce msg="Removed unpayable queued transactions"  count=0
t=2023-06-02T16:09:00+0800 lvl=trce msg="Promoted queued transactions"           count=0
t=2023-06-02T16:09:00+0800 lvl=trce msg="Pooled new future transaction"          hash=0x48567e0c72cd970949df0114ce0a529160feb2b13a0193b27f2531d925b6543e from=0x7628e7c918DAaf4dfbF615023fDBcF72b8479bCe to=0x0000000000000000000000000000000000000000
t=2023-06-02T16:09:00+0800 lvl=trce msg="Removed old queued transactions"        count=0
t=2023-06-02T16:09:00+0800 lvl=trce msg="Removed unpayable queued transactions"  count=0
t=2023-06-02T16:09:00+0800 lvl=trce msg="Promoted queued transactions"           count=1
t=2023-06-02T16:09:00+0800 lvl=trce msg="Pooled new future transaction"          hash=0x1d22da71215da159d16e15e89e1fb4950eecf768f2d4373bb8510f25cb4574a9 from=0x7628e7c918DAaf4dfbF615023fDBcF72b8479bCe to=0x0000000000000000000000000000000000000000
t=2023-06-02T16:09:00+0800 lvl=trce msg="Removed old queued transactions"        count=0
t=2023-06-02T16:09:00+0800 lvl=trce msg="Removed unpayable queued transactions"  count=0
t=2023-06-02T16:09:00+0800 lvl=trce msg="Promoted queued transactions"           count=0
t=2023-06-02T16:09:00+0800 lvl=trce msg="Pooled new future transaction"          hash=0x3ab0463f888aa758390b6e71dc782c7deb057cda5b5960d4f96cd5844a8e519c from=0x66e0851F1a162869024b4C9f6b1C4Fc5cb4832F1 to=0x0000000000000000000000000000000000000000
t=2023-06-02T16:09:00+0800 lvl=trce msg="Removed old queued transactions"        count=0
t=2023-06-02T16:09:00+0800 lvl=trce msg="Removed unpayable queued transactions"  count=0
t=2023-06-02T16:09:00+0800 lvl=trce msg="Promoted queued transactions"           count=1
t=2023-06-02T16:09:00+0800 lvl=trce msg="Pooled new future transaction"          hash=0xb24ad4d68fc32e0b533715e81eae8e9508418c981d1f1550010da664e5f96fff from=0x66e0851F1a162869024b4C9f6b1C4Fc5cb4832F1 to=0x0000000000000000000000000000000000000000
t=2023-06-02T16:09:00+0800 lvl=trce msg="Removed old queued transactions"        count=0
t=2023-06-02T16:09:00+0800 lvl=trce msg="Removed unpayable queued transactions"  count=0
t=2023-06-02T16:09:00+0800 lvl=trce msg="Promoted queued transactions"           count=0
t=2023-06-02T16:09:00+0800 lvl=trce msg="Pooled new future transaction"          hash=0x4c7f036092190df907a00e696090069d932263bd96f836fcd7a7843694d9c4cd from=0x7628e7c918DAaf4dfbF615023fDBcF72b8479bCe to=0x0000000000000000000000000000000000000000
t=2023-06-02T16:09:00+0800 lvl=trce msg="Removed old queued transactions"        count=0
t=2023-06-02T16:09:00+0800 lvl=trce msg="Removed unpayable queued transactions"  count=0
t=2023-06-02T16:09:00+0800 lvl=trce msg="Promoted queued transactions"           count=1
t=2023-06-02T16:09:00+0800 lvl=trce msg="Pooled new future transaction"          hash=0xa9673794757617e0f2905164f38ee46ebb0ea658849b6778d0e1731f0304b786 from=0x7628e7c918DAaf4dfbF615023fDBcF72b8479bCe to=0x0000000000000000000000000000000000000000
t=2023-06-02T16:09:00+0800 lvl=trce msg="Removed old queued transactions"        count=0
t=2023-06-02T16:09:00+0800 lvl=trce msg="Removed unpayable queued transactions"  count=0
t=2023-06-02T16:09:00+0800 lvl=trce msg="Promoted queued transactions"           count=0
t=2023-06-02T16:09:00+0800 lvl=trce msg="Pooled new future transaction"          hash=0x10fee611f3acd13be3eee522971861bcfd9715bd21c940ddc8c29bd2da7fb5fc from=0x66e0851F1a162869024b4C9f6b1C4Fc5cb4832F1 to=0x0000000000000000000000000000000000000000
t=2023-06-02T16:09:00+0800 lvl=trce msg="Removed old queued transactions"        count=0
t=2023-06-02T16:09:00+0800 lvl=trce msg="Removed unpayable queued transactions"  count=0
t=2023-06-02T16:09:00+0800 lvl=trce msg="Promoted queued transactions"           count=1
t=2023-06-02T16:09:00+0800 lvl=trce msg="Pooled new future transaction"          hash=0x7499a0f8faa1e94dd7fc7731ce67f4bf38406e801c3e7eff72fd8559ddab6964 from=0x66e0851F1a162869024b4C9f6b1C4Fc5cb4832F1 to=0x0000000000000000000000000000000000000000
t=2023-06-02T16:09:00+0800 lvl=trce msg="Removed old queued transactions"        count=0
t=2023-06-02T16:09:00+0800 lvl=trce msg="Removed unpayable queued transactions"  count=0
t=2023-06-02T16:09:00+0800 lvl=trce msg="Promoted queued transactions"           count=0
t=2023-06-02T16:09:00+0800 lvl=trce msg="Pooled new future transaction"          hash=0xc3da43dff7989a0d659262681c096ab53e67729f85d0ab8ef57089d786f1d200 from=0x7628e7c918DAaf4dfbF615023fDBcF72b8479bCe to=0x0000000000000000000000000000000000000000
t=2023-06-02T16:09:00+0800 lvl=trce msg="Removed old queued transactions"        count=0
t=2023-06-02T16:09:00+0800 lvl=trce msg="Removed unpayable queued transactions"  count=0
t=2023-06-02T16:09:00+0800 lvl=trce msg="Promoted queued transactions"           count=1
t=2023-06-02T16:09:00+0800 lvl=trce msg="Pooled new future transaction"          hash=0xaaab5623ef00660b037a8af96c88b3c3760b636944fc529a5663e4dcb6be51a5 from=0x7628e7c918DAaf4dfbF615023fDBcF72b8479bCe to=0x0000000000000000000000000000000000000000
t=2023-06-02T16:09:00+0800 lvl=trce msg="Removed old queued transactions"        count=0
t=2023-06-02T16:09:00+0800 lvl=trce msg="Removed unpayable queued transactions"  count=0
t=2023-06-02T16:09:00+0800 lvl=trce msg="Promoted queued transactions"           count=0
t=2023-06-02T16:09:00+0800 lvl=trce msg="Pooled new future transaction"          hash=0xf00b8f22c20c19910c8d60c039c583fd0465ef110a1f4b0fe855418eaa985b46 from=0x66e0851F1a162869024b4C9f6b1C4Fc5cb4832F1 to=0x0000000000000000000000000000000000000000
t=2023-06-02T16:09:00+0800 lvl=trce msg="Removed old queued transactions"        count=0
t=2023-06-02T16:09:00+0800 lvl=trce msg="Removed unpayable queued transactions"  count=0
t=2023-06-02T16:09:00+0800 lvl=trce msg="Promoted queued transactions"           count=1
t=2023-06-02T16:09:00+0800 lvl=trce msg="Pooled new future transaction"          hash=0x0e9478836005695138c636ac2663224d95d3d8f6a2d2d7c03ccf82deb3d90551 from=0x66e0851F1a162869024b4C9f6b1C4Fc5cb4832F1 to=0x0000000000000000000000000000000000000000
t=2023-06-02T16:09:00+0800 lvl=trce msg="Removed old queued transactions"        count=0
t=2023-06-02T16:09:00+0800 lvl=trce msg="Removed unpayable queued transactions"  count=0
t=2023-06-02T16:09:00+0800 lvl=trce msg="Promoted queued transactions"           count=0
t=2023-06-02T16:09:00+0800 lvl=trce msg="Pooled new future transaction"          hash=0x58186a27fb2b373f386a68370593a58cb2ff06d6633ce7ae8b4d5e71a255a71d from=0x7628e7c918DAaf4dfbF615023fDBcF72b8479bCe to=0x0000000000000000000000000000000000000000
t=2023-06-02T16:09:00+0800 lvl=trce msg="Removed old queued transactions"        count=0
t=2023-06-02T16:09:00+0800 lvl=trce msg="Removed unpayable queued transactions"  count=0
t=2023-06-02T16:09:00+0800 lvl=trce msg="Promoted queued transactions"           count=1
t=2023-06-02T16:09:00+0800 lvl=trce msg="Pooled new future transaction"          hash=0xbf551c1b62cb0d1b80a1c9fdaeecab7652e064be2a35087be922cd6fd8f6e4b3 from=0x7628e7c918DAaf4dfbF615023fDBcF72b8479bCe to=0x0000000000000000000000000000000000000000
t=2023-06-02T16:09:00+0800 lvl=trce msg="Removed old queued transactions"        count=0
t=2023-06-02T16:09:00+0800 lvl=trce msg="Removed unpayable queued transactions"  count=0
t=2023-06-02T16:09:00+0800 lvl=trce msg="Promoted queued transactions"           count=0
t=2023-06-02T16:09:00+0800 lvl=trce msg="Pooled new future transaction"          hash=0xf48cd257557975bdee0e9f47cf3923c6b36516b2a868c22693dfcba01afc6bb1 from=0x66e0851F1a162869024b4C9f6b1C4Fc5cb4832F1 to=0x0000000000000000000000000000000000000000
t=2023-06-02T16:09:00+0800 lvl=trce msg="Removed old queued transactions"        count=0
t=2023-06-02T16:09:00+0800 lvl=trce msg="Removed unpayable queued transactions"  count=0
t=2023-06-02T16:09:00+0800 lvl=trce msg="Promoted queued transactions"           count=1
t=2023-06-02T16:09:00+0800 lvl=trce msg="Pooled new future transaction"          hash=0x37ac1caf2cbb27af237e456153d837e0c00475cbb1502d7a2e1410eba68695a0 from=0x66e0851F1a162869024b4C9f6b1C4Fc5cb4832F1 to=0x0000000000000000000000000000000000000000
t=2023-06-02T16:09:00+0800 lvl=trce msg="Removed old queued transactions"        count=0
t=2023-06-02T16:09:00+0800 lvl=trce msg="Removed unpayable queued transactions"  count=0
t=2023-06-02T16:09:00+0800 lvl=trce msg="Promoted queued transactions"           count=0
t=2023-06-02T16:09:00+0800 lvl=trce msg="Pooled new future transaction"          hash=0xa5c3e0c23d8b6a7c888eaab93e32c860cf5b8c8f8c2f81999b035e6d07697751 from=0x7628e7c918DAaf4dfbF615023fDBcF72b8479bCe to=0x0000000000000000000000000000000000000000
t=2023-06-02T16:09:00+0800 lvl=trce msg="Removed old queued transactions"        count=0
t=2023-06-02T16:09:00+0800 lvl=trce msg="Removed unpayable queued transactions"  count=0
t=2023-06-02T16:09:00+0800 lvl=trce msg="Promoted queued transactions"           count=1
t=2023-06-02T16:09:00+0800 lvl=trce msg="Pooled new future transaction"          hash=0x8b3160afc9a63bc8fd7397c9c36b344d4ead4a75ff395f031637be99eb8349f3 from=0x7628e7c918DAaf4dfbF615023fDBcF72b8479bCe to=0x0000000000000000000000000000000000000000
t=2023-06-02T16:09:00+0800 lvl=trce msg="Removed old queued transactions"        count=0
t=2023-06-02T16:09:00+0800 lvl=trce msg="Removed unpayable queued transactions"  count=0
t=2023-06-02T16:09:00+0800 lvl=trce msg="Promoted queued transactions"           count=0
t=2023-06-02T16:09:00+0800 lvl=trce msg="Pooled new future transaction"          hash=0xe0ccada267d828e98fbdc80c0ab537381bf832cff514e5eb62a60c399b42d2c4 from=0x66e0851F1a162869024b4C9f6b1C4Fc5cb4832F1 to=0x0000000000000000000000000000000000000000
t=2023-06-02T16:09:00+0800 lvl=trce msg="Removed old queued transactions"        count=0
t=2023-06-02T16:09:00+0800 lvl=trce msg="Removed unpayable queued transactions"  count=0
t=2023-06-02T16:09:00+0800 lvl=trce msg="Promoted queued transactions"           count=1
t=2023-06-02T16:09:00+0800 lvl=trce msg="Pooled new future transaction"          hash=0x2af237960cdd6c5851d8e1272bd65c408aed9d5a04b104a2066671de39d6f8d8 from=0x66e0851F1a162869024b4C9f6b1C4Fc5cb4832F1 to=0x0000000000000000000000000000000000000000
t=2023-06-02T16:09:00+0800 lvl=trce msg="Removed old queued transactions"        count=0
t=2023-06-02T16:09:00+0800 lvl=trce msg="Removed unpayable queued transactions"  count=0
t=2023-06-02T16:09:00+0800 lvl=trce msg="Promoted queued transactions"           count=0
t=2023-06-02T16:09:00+0800 lvl=trce msg="Pooled new future transaction"          hash=0x9425cce3643d9485ad97f5bf9c4b15102120c4d6eba2b200d6756f4b7ce7a357 from=0x7628e7c918DAaf4dfbF615023fDBcF72b8479bCe to=0x0000000000000000000000000000000000000000
t=2023-06-02T16:09:00+0800 lvl=trce msg="Removed old queued transactions"        count=0
t=2023-06-02T16:09:00+0800 lvl=trce msg="Removed unpayable queued transactions"  count=0
t=2023-06-02T16:09:00+0800 lvl=trce msg="Promoted queued transactions"           count=1
t=2023-06-02T16:09:00+0800 lvl=trce msg="Pooled new future transaction"          hash=0x620672fa61e2f8f500ab6df9749271095e4433adbee788bcfa901b12e96c06a0 from=0x7628e7c918DAaf4dfbF615023fDBcF72b8479bCe to=0x0000000000000000000000000000000000000000
t=2023-06-02T16:09:00+0800 lvl=trce msg="Removed old queued transactions"        count=0
t=2023-06-02T16:09:00+0800 lvl=trce msg="Removed unpayable queued transactions"  count=0
t=2023-06-02T16:09:00+0800 lvl=trce msg="Promoted queued transactions"           count=0
t=2023-06-02T16:09:00+0800 lvl=trce msg="Pooled new future transaction"          hash=0xd9cd9db6fe7b5c69bba966af985766edcb4da96641c3311a13f7ce7a4478b688 from=0x66e0851F1a162869024b4C9f6b1C4Fc5cb4832F1 to=0x0000000000000000000000000000000000000000
t=2023-06-02T16:09:00+0800 lvl=trce msg="Removed old queued transactions"        count=0
t=2023-06-02T16:09:00+0800 lvl=trce msg="Removed unpayable queued transactions"  count=0
t=2023-06-02T16:09:00+0800 lvl=trce msg="Promoted queued transactions"           count=1
t=2023-06-02T16:09:00+0800 lvl=trce msg="Pooled new future transaction"          hash=0x441f6bd9776355b0351f35f7d1c17a804c3a077564fff244062703dd8109647f from=0x66e0851F1a162869024b4C9f6b1C4Fc5cb4832F1 to=0x0000000000000000000000000000000000000000
t=2023-06-02T16:09:00+0800 lvl=trce msg="Removed old queued transactions"        count=0
t=2023-06-02T16:09:00+0800 lvl=trce msg="Removed unpayable queued transactions"  count=0
t=2023-06-02T16:09:00+0800 lvl=trce msg="Promoted queued transactions"           count=0
t=2023-06-02T16:09:00+0800 lvl=trce msg="Pooled new future transaction"          hash=0x2af3716def27f7cc14a643872d0ffbf7a56dfed2ca5a47adbc89c7c5e072bad5 from=0x7628e7c918DAaf4dfbF615023fDBcF72b8479bCe to=0x0000000000000000000000000000000000000000
t=2023-06-02T16:09:00+0800 lvl=trce msg="Removed old queued transactions"        count=0
t=2023-06-02T16:09:00+0800 lvl=trce msg="Removed unpayable queued transactions"  count=0
t=2023-06-02T16:09:00+0800 lvl=trce msg="Promoted queued transactions"           count=1
t=2023-06-02T16:09:00+0800 lvl=trce msg="Pooled new future transaction"          hash=0x92d446d747fbfef1f01b68c00142681dc21bd45c0859f27fcea3d74b785a75c1 from=0x7628e7c918DAaf4dfbF615023fDBcF72b8479bCe to=0x0000000000000000000000000000000000000000
t=2023-06-02T16:09:00+0800 lvl=trce msg="Removed old queued transactions"        count=0
t=2023-06-02T16:09:00+0800 lvl=trce msg="Removed unpayable queued transactions"  count=0
t=2023-06-02T16:09:00+0800 lvl=trce msg="Promoted queued transactions"           count=0
t=2023-06-02T16:09:00+0800 lvl=trce msg="Pooled new future transaction"          hash=0x40299ebfec93ba250ab1126ac91c5be35d53c749d86ee38bc96fa40ea2a515e6 from=0x66e0851F1a162869024b4C9f6b1C4Fc5cb4832F1 to=0x0000000000000000000000000000000000000000
t=2023-06-02T16:09:00+0800 lvl=trce msg="Removed old queued transactions"        count=0
t=2023-06-02T16:09:00+0800 lvl=trce msg="Removed unpayable queued transactions"  count=0
t=2023-06-02T16:09:00+0800 lvl=trce msg="Promoted queued transactions"           count=1
t=2023-06-02T16:09:00+0800 lvl=trce msg="Pooled new future transaction"          hash=0x6693fcc94945b88f1acc5b6961379dc64a932b4dbd02f0aa5c62d31aac626083 from=0x66e0851F1a162869024b4C9f6b1C4Fc5cb4832F1 to=0x0000000000000000000000000000000000000000
t=2023-06-02T16:09:00+0800 lvl=trce msg="Removed old queued transactions"        count=0
t=2023-06-02T16:09:00+0800 lvl=trce msg="Removed unpayable queued transactions"  count=0
t=2023-06-02T16:09:00+0800 lvl=trce msg="Promoted queued transactions"           count=0
t=2023-06-02T16:09:00+0800 lvl=trce msg="Pooled new future transaction"          hash=0x6c8a775b781abff36875c8633b67622cffc9dd31a571a6d4601e3b6d5789885b from=0x7628e7c918DAaf4dfbF615023fDBcF72b8479bCe to=0x0000000000000000000000000000000000000000
t=2023-06-02T16:09:00+0800 lvl=trce msg="Removed old queued transactions"        count=0
t=2023-06-02T16:09:00+0800 lvl=trce msg="Removed unpayable queued transactions"  count=0
t=2023-06-02T16:09:00+0800 lvl=trce msg="Promoted queued transactions"           count=1
t=2023-06-02T16:09:00+0800 lvl=trce msg="Pooled new future transaction"          hash=0x05e873435bc2ceb679849775d17c6e9f35caabf2322516e70627a234a7117f1b from=0x7628e7c918DAaf4dfbF615023fDBcF72b8479bCe to=0x0000000000000000000000000000000000000000
t=2023-06-02T16:09:00+0800 lvl=trce msg="Removed old queued transactions"        count=0
t=2023-06-02T16:09:00+0800 lvl=trce msg="Removed unpayable queued transactions"  count=0
t=2023-06-02T16:09:00+0800 lvl=trce msg="Promoted queued transactions"           count=0
t=2023-06-02T16:09:00+0800 lvl=trce msg="Pooled new future transaction"          hash=0x8c4a503571bc500c33c37a54107646766cadbbc1603dc4dd7ad0450774d2b59f from=0x66e0851F1a162869024b4C9f6b1C4Fc5cb4832F1 to=0x0000000000000000000000000000000000000000
t=2023-06-02T16:09:00+0800 lvl=trce msg="Removed old queued transactions"        count=0
t=2023-06-02T16:09:00+0800 lvl=trce msg="Removed unpayable queued transactions"  count=0
t=2023-06-02T16:09:00+0800 lvl=trce msg="Promoted queued transactions"           count=1
t=2023-06-02T16:09:00+0800 lvl=trce msg="Pooled new future transaction"          hash=0x37686b28d4caadec2e973aefb42f6c6f6f1f1b1d766266b452854f4fb1597e9d from=0x66e0851F1a162869024b4C9f6b1C4Fc5cb4832F1 to=0x0000000000000000000000000000000000000000
t=2023-06-02T16:09:00+0800 lvl=trce msg="Removed old queued transactions"        count=0
t=2023-06-02T16:09:00+0800 lvl=trce msg="Removed unpayable queued transactions"  count=0
t=2023-06-02T16:09:00+0800 lvl=trce msg="Promoted queued transactions"           count=0
t=2023-06-02T16:09:00+0800 lvl=trce msg="Pooled new future transaction"          hash=0x93c7c6e1842b2a10418b33679fb3bdf9a5b5b1c5ac36113878c096b9ce43225c from=0x7628e7c918DAaf4dfbF615023fDBcF72b8479bCe to=0x0000000000000000000000000000000000000000
t=2023-06-02T16:09:00+0800 lvl=trce msg="Removed old queued transactions"        count=0
t=2023-06-02T16:09:00+0800 lvl=trce msg="Removed unpayable queued transactions"  count=0
t=2023-06-02T16:09:00+0800 lvl=trce msg="Promoted queued transactions"           count=1
t=2023-06-02T16:09:00+0800 lvl=trce msg="Pooled new future transaction"          hash=0xf9e93ec5edf084191ec96fb5c0e0fe903111f58906cefcfb6d67677b02ed2cf6 from=0x7628e7c918DAaf4dfbF615023fDBcF72b8479bCe to=0x0000000000000000000000000000000000000000
t=2023-06-02T16:09:00+0800 lvl=trce msg="Removed old queued transactions"        count=0
t=2023-06-02T16:09:00+0800 lvl=trce msg="Removed unpayable queued transactions"  count=0
t=2023-06-02T16:09:00+0800 lvl=trce msg="Promoted queued transactions"           count=0
t=2023-06-02T16:09:00+0800 lvl=trce msg="Pooled new future transaction"          hash=0x1199cfd7852c01bfd4313624fd75bc373add1bc1a5ca742947b7f139057956b5 from=0x66e0851F1a162869024b4C9f6b1C4Fc5cb4832F1 to=0x0000000000000000000000000000000000000000
t=2023-06-02T16:09:00+0800 lvl=trce msg="Removed old queued transactions"        count=0
t=2023-06-02T16:09:00+0800 lvl=trce msg="Removed unpayable queued transactions"  count=0
t=2023-06-02T16:09:00+0800 lvl=trce msg="Promoted queued transactions"           count=1
t=2023-06-02T16:09:00+0800 lvl=trce msg="Pooled new future transaction"          hash=0xbcb1ae0c7f298de393b4495085270bbf0491a2e874e399e7abd7d299b63075d4 from=0x66e0851F1a162869024b4C9f6b1C4Fc5cb4832F1 to=0x0000000000000000000000000000000000000000
t=2023-06-02T16:09:00+0800 lvl=trce msg="Removed old queued transactions"        count=0
t=2023-06-02T16:09:00+0800 lvl=trce msg="Removed unpayable queued transactions"  count=0
t=2023-06-02T16:09:00+0800 lvl=trce msg="Promoted queued transactions"           count=0
t=2023-06-02T16:09:00+0800 lvl=trce msg="Pooled new future transaction"          hash=0xdb71a76c5b7ee4465f084007b42ff46791880126a2e18a3c00ff7aeec0f15a51 from=0x7628e7c918DAaf4dfbF615023fDBcF72b8479bCe to=0x0000000000000000000000000000000000000000
t=2023-06-02T16:09:00+0800 lvl=trce msg="Removed old queued transactions"        count=0
t=2023-06-02T16:09:00+0800 lvl=trce msg="Removed unpayable queued transactions"  count=0
t=2023-06-02T16:09:00+0800 lvl=trce msg="Promoted queued transactions"           count=1
t=2023-06-02T16:09:00+0800 lvl=trce msg="Pooled new future transaction"          hash=0xa1089c3c7b1733109dd8c359beb916189f3e7d7f89f947e64fc06bb6696263cb from=0x7628e7c918DAaf4dfbF615023fDBcF72b8479bCe to=0x0000000000000000000000000000000000000000
t=2023-06-02T16:09:00+0800 lvl=trce msg="Removed old queued transactions"        count=0
t=2023-06-02T16:09:00+0800 lvl=trce msg="Removed unpayable queued transactions"  count=0
t=2023-06-02T16:09:00+0800 lvl=trce msg="Promoted queued transactions"           count=0
t=2023-06-02T16:09:00+0800 lvl=trce msg="Pooled new future transaction"          hash=0x182f0c082683b67a34966aa29cb895c632f8c3bda54eafe51e7caebeeec874b1 from=0x66e0851F1a162869024b4C9f6b1C4Fc5cb4832F1 to=0x0000000000000000000000000000000000000000
t=2023-06-02T16:09:00+0800 lvl=trce msg="Removed old queued transactions"        count=0
t=2023-06-02T16:09:00+0800 lvl=trce msg="Removed unpayable queued transactions"  count=0
t=2023-06-02T16:09:00+0800 lvl=trce msg="Promoted queued transactions"           count=1
t=2023-06-02T16:09:00+0800 lvl=trce msg="Pooled new future transaction"          hash=0xe056a3b9e9d9ff3601c698a35c4838701e03457130206617210b8f691e92d357 from=0x66e0851F1a162869024b4C9f6b1C4Fc5cb4832F1 to=0x0000000000000000000000000000000000000000
t=2023-06-02T16:09:00+0800 lvl=trce msg="Removed old queued transactions"        count=0
t=2023-06-02T16:09:00+0800 lvl=trce msg="Removed unpayable queued transactions"  count=0
t=2023-06-02T16:09:00+0800 lvl=trce msg="Promoted queued transactions"           count=0
t=2023-06-02T16:09:00+0800 lvl=trce msg="Pooled new future transaction"          hash=0x91bb6cb6f7710d22a9fa36d2a17420cb214433ee0ed469981717d0ea41179151 from=0x7628e7c918DAaf4dfbF615023fDBcF72b8479bCe to=0x0000000000000000000000000000000000000000
t=2023-06-02T16:09:00+0800 lvl=trce msg="Removed old queued transactions"        count=0
t=2023-06-02T16:09:00+0800 lvl=trce msg="Removed unpayable queued transactions"  count=0
t=2023-06-02T16:09:00+0800 lvl=trce msg="Promoted queued transactions"           count=1
t=2023-06-02T16:09:00+0800 lvl=trce msg="Pooled new future transaction"          hash=0x3d42814de5b536fbeb1e80f89bda5b746a286b9b2005fd858cbe38663dc0ab21 from=0x7628e7c918DAaf4dfbF615023fDBcF72b8479bCe to=0x0000000000000000000000000000000000000000
t=2023-06-02T16:09:00+0800 lvl=trce msg="Removed old queued transactions"        count=0
t=2023-06-02T16:09:00+0800 lvl=trce msg="Removed unpayable queued transactions"  count=0
t=2023-06-02T16:09:00+0800 lvl=trce msg="Promoted queued transactions"           count=0
t=2023-06-02T16:09:00+0800 lvl=trce msg="Pooled new future transaction"          hash=0xea662bbc30cb6dc03878187bdfe4a5401aba4209c79a509839bdde5f91a3725d from=0x66e0851F1a162869024b4C9f6b1C4Fc5cb4832F1 to=0x0000000000000000000000000000000000000000
t=2023-06-02T16:09:00+0800 lvl=trce msg="Removed old queued transactions"        count=0
t=2023-06-02T16:09:00+0800 lvl=trce msg="Removed unpayable queued transactions"  count=0
t=2023-06-02T16:09:00+0800 lvl=trce msg="Promoted queued transactions"           count=1
t=2023-06-02T16:09:00+0800 lvl=trce msg="Pooled new future transaction"          hash=0xbb5f30d61f6b42ac5afe154ac6d6a9f7c02c159a9446bb4abe4c4601287394b4 from=0x66e0851F1a162869024b4C9f6b1C4Fc5cb4832F1 to=0x0000000000000000000000000000000000000000
t=2023-06-02T16:09:00+0800 lvl=trce msg="Removed old queued transactions"        count=0
t=2023-06-02T16:09:00+0800 lvl=trce msg="Removed unpayable queued transactions"  count=0
t=2023-06-02T16:09:00+0800 lvl=trce msg="Promoted queued transactions"           count=0
t=2023-06-02T16:09:00+0800 lvl=trce msg="Pooled new future transaction"          hash=0xc377191667fa3a4ab6f32144f65d125170b2854a755ecf789bbb639f3d7b09dc from=0x7628e7c918DAaf4dfbF615023fDBcF72b8479bCe to=0x0000000000000000000000000000000000000000
t=2023-06-02T16:09:00+0800 lvl=trce msg="Removed old queued transactions"        count=0
t=2023-06-02T16:09:00+0800 lvl=trce msg="Removed unpayable queued transactions"  count=0
t=2023-06-02T16:09:00+0800 lvl=trce msg="Promoted queued transactions"           count=1
t=2023-06-02T16:09:00+0800 lvl=trce msg="Pooled new future transaction"          hash=0x07562adef934d06ac718f3b15509003deb537485435d12854102bbd4264cdbaa from=0x7628e7c918DAaf4dfbF615023fDBcF72b8479bCe to=0x0000000000000000000000000000000000000000
t=2023-06-02T16:09:00+0800 lvl=trce msg="Removed old queued transactions"        count=0
t=2023-06-02T16:09:00+0800 lvl=trce msg="Removed unpayable queued transactions"  count=0
t=2023-06-02T16:09:00+0800 lvl=trce msg="Promoted queued transactions"           count=0
t=2023-06-02T16:09:00+0800 lvl=trce msg="Pooled new future transaction"          hash=0xab3a6e7e0b5156e53688ffeaec293f3e3e0fe6c27e28d15668059cc291aedb34 from=0x66e0851F1a162869024b4C9f6b1C4Fc5cb4832F1 to=0x0000000000000000000000000000000000000000
t=2023-06-02T16:09:00+0800 lvl=trce msg="Removed old queued transactions"        count=0
t=2023-06-02T16:09:00+0800 lvl=trce msg="Removed unpayable queued transactions"  count=0
t=2023-06-02T16:09:00+0800 lvl=trce msg="Promoted queued transactions"           count=1
t=2023-06-02T16:09:00+0800 lvl=trce msg="Pooled new future transaction"          hash=0x510d5a5916e37d62560d42c41be39d664ced27198ddf29c8dda427a823e6ee2f from=0x66e0851F1a162869024b4C9f6b1C4Fc5cb4832F1 to=0x0000000000000000000000000000000000000000
t=2023-06-02T16:09:00+0800 lvl=trce msg="Removed old queued transactions"        count=0
t=2023-06-02T16:09:00+0800 lvl=trce msg="Removed unpayable queued transactions"  count=0
t=2023-06-02T16:09:00+0800 lvl=trce msg="Promoted queued transactions"           count=0
t=2023-06-02T16:09:00+0800 lvl=trce msg="Pooled new future transaction"          hash=0x1ed971be96a638398bdf10b328aaffa587b1bf174a3a48693cb8ad54e00b36ac from=0x7628e7c918DAaf4dfbF615023fDBcF72b8479bCe to=0x0000000000000000000000000000000000000000
t=2023-06-02T16:09:00+0800 lvl=trce msg="Removed old queued transactions"        count=0
t=2023-06-02T16:09:00+0800 lvl=trce msg="Removed unpayable queued transactions"  count=0
t=2023-06-02T16:09:00+0800 lvl=trce msg="Promoted queued transactions"           count=1
t=2023-06-02T16:09:00+0800 lvl=trce msg="Pooled new future transaction"          hash=0x5eb526d1c94c1cd04a01210ade3849a094311874fff5e6f446851a44e2febb90 from=0x7628e7c918DAaf4dfbF615023fDBcF72b8479bCe to=0x0000000000000000000000000000000000000000
t=2023-06-02T16:09:00+0800 lvl=trce msg="Removed old queued transactions"        count=0
t=2023-06-02T16:09:00+0800 lvl=trce msg="Removed unpayable queued transactions"  count=0
t=2023-06-02T16:09:00+0800 lvl=trce msg="Promoted queued transactions"           count=0
t=2023-06-02T16:09:00+0800 lvl=trce msg="Pooled new future transaction"          hash=0x30a7ba2ae3b546e74c29f4007b926205af4976337d082d261bcb41abbc1b7975 from=0x66e0851F1a162869024b4C9f6b1C4Fc5cb4832F1 to=0x0000000000000000000000000000000000000000
t=2023-06-02T16:09:00+0800 lvl=trce msg="Removed old queued transactions"        count=0
t=2023-06-02T16:09:00+0800 lvl=trce msg="Removed unpayable queued transactions"  count=0
t=2023-06-02T16:09:00+0800 lvl=trce msg="Promoted queued transactions"           count=1
t=2023-06-02T16:09:00+0800 lvl=trce msg="Pooled new future transaction"          hash=0xb0878f37862c4ee69fb7913d17f0e0c540998dd873af843e490b99011d034417 from=0x66e0851F1a162869024b4C9f6b1C4Fc5cb4832F1 to=0x0000000000000000000000000000000000000000
t=2023-06-02T16:09:00+0800 lvl=trce msg="Removed old queued transactions"        count=0
t=2023-06-02T16:09:00+0800 lvl=trce msg="Removed unpayable queued transactions"  count=0
t=2023-06-02T16:09:00+0800 lvl=trce msg="Promoted queued transactions"           count=0
t=2023-06-02T16:09:00+0800 lvl=trce msg="Pooled new future transaction"          hash=0xb3a412d1ad4930ae633d46cdc6a92e25e463dc3383a3ab88e0f623ec3aed4e1e from=0x7628e7c918DAaf4dfbF615023fDBcF72b8479bCe to=0x0000000000000000000000000000000000000000
t=2023-06-02T16:09:00+0800 lvl=trce msg="Removed old queued transactions"        count=0
t=2023-06-02T16:09:00+0800 lvl=trce msg="Removed unpayable queued transactions"  count=0
t=2023-06-02T16:09:00+0800 lvl=trce msg="Promoted queued transactions"           count=1
t=2023-06-02T16:09:00+0800 lvl=trce msg="Pooled new future transaction"          hash=0x692a1853a8e311cf98146ffcd1ad3b17e71058fbec56626e1e44204e51451bf8 from=0x7628e7c918DAaf4dfbF615023fDBcF72b8479bCe to=0x0000000000000000000000000000000000000000
t=2023-06-02T16:09:00+0800 lvl=trce msg="Removed old queued transactions"        count=0
t=2023-06-02T16:09:00+0800 lvl=trce msg="Removed unpayable queued transactions"  count=0
t=2023-06-02T16:09:00+0800 lvl=trce msg="Promoted queued transactions"           count=0
t=2023-06-02T16:09:00+0800 lvl=trce msg="Pooled new future transaction"          hash=0xca42ca921008683cc2d66f2ced69a06837620f056e67bf379fef6a520619d92c from=0x66e0851F1a162869024b4C9f6b1C4Fc5cb4832F1 to=0x0000000000000000000000000000000000000000
t=2023-06-02T16:09:00+0800 lvl=trce msg="Removed old queued transactions"        count=0
t=2023-06-02T16:09:00+0800 lvl=trce msg="Removed unpayable queued transactions"  count=0
t=2023-06-02T16:09:00+0800 lvl=trce msg="Promoted queued transactions"           count=1
t=2023-06-02T16:09:00+0800 lvl=trce msg="Pooled new future transaction"          hash=0x6f9d5e59e06d64a4e14308827eeb41ce50ffd5bf21c1f184aed5eb04d786fc87 from=0x66e0851F1a162869024b4C9f6b1C4Fc5cb4832F1 to=0x0000000000000000000000000000000000000000
t=2023-06-02T16:09:00+0800 lvl=trce msg="Removed old queued transactions"        count=0
t=2023-06-02T16:09:00+0800 lvl=trce msg="Removed unpayable queued transactions"  count=0
t=2023-06-02T16:09:00+0800 lvl=trce msg="Promoted queued transactions"           count=0
t=2023-06-02T16:09:00+0800 lvl=trce msg="Pooled new future transaction"          hash=0x717b9073d1b106791b2086ccbb2b39ac107a3ff1406bbebf0f4b2444de7068f8 from=0x7628e7c918DAaf4dfbF615023fDBcF72b8479bCe to=0x0000000000000000000000000000000000000000
t=2023-06-02T16:09:00+0800 lvl=trce msg="Removed old queued transactions"        count=0
t=2023-06-02T16:09:00+0800 lvl=trce msg="Removed unpayable queued transactions"  count=0
t=2023-06-02T16:09:00+0800 lvl=trce msg="Promoted queued transactions"           count=1
t=2023-06-02T16:09:00+0800 lvl=trce msg="Pooled new future transaction"          hash=0xeb2aad89bc031b97f115a38f7e7d6d2c5c7da7899d4854ace9159d268176433d from=0x7628e7c918DAaf4dfbF615023fDBcF72b8479bCe to=0x0000000000000000000000000000000000000000
t=2023-06-02T16:09:00+0800 lvl=trce msg="Removed old queued transactions"        count=0
t=2023-06-02T16:09:00+0800 lvl=trce msg="Removed unpayable queued transactions"  count=0
t=2023-06-02T16:09:00+0800 lvl=trce msg="Promoted queued transactions"           count=0
t=2023-06-02T16:09:00+0800 lvl=trce msg="Pooled new future transaction"          hash=0x65af12515d98b2e6306812b82054c1661098dc3d0ae96b289f07ff4ee3388970 from=0x66e0851F1a162869024b4C9f6b1C4Fc5cb4832F1 to=0x0000000000000000000000000000000000000000
t=2023-06-02T16:09:00+0800 lvl=trce msg="Removed old queued transactions"        count=0
t=2023-06-02T16:09:00+0800 lvl=trce msg="Removed unpayable queued transactions"  count=0
t=2023-06-02T16:09:00+0800 lvl=trce msg="Promoted queued transactions"           count=1
t=2023-06-02T16:09:00+0800 lvl=trce msg="Pooled new future transaction"          hash=0x413d717c47f41144a0a7d0a372d0cfe9acf3b77764659feb8ac9414bb35ad009 from=0x66e0851F1a162869024b4C9f6b1C4Fc5cb4832F1 to=0x0000000000000000000000000000000000000000
t=2023-06-02T16:09:00+0800 lvl=trce msg="Removed old queued transactions"        count=0
t=2023-06-02T16:09:00+0800 lvl=trce msg="Removed unpayable queued transactions"  count=0
t=2023-06-02T16:09:00+0800 lvl=trce msg="Promoted queued transactions"           count=0
t=2023-06-02T16:09:00+0800 lvl=trce msg="Pooled new future transaction"          hash=0xf90600216d27b799552eebfdd7f30623778013dd158b1b454d21d6de949dd133 from=0x7628e7c918DAaf4dfbF615023fDBcF72b8479bCe to=0x0000000000000000000000000000000000000000
t=2023-06-02T16:09:00+0800 lvl=trce msg="Removed old queued transactions"        count=0
t=2023-06-02T16:09:00+0800 lvl=trce msg="Removed unpayable queued transactions"  count=0
t=2023-06-02T16:09:00+0800 lvl=trce msg="Promoted queued transactions"           count=1
t=2023-06-02T16:09:00+0800 lvl=trce msg="Pooled new future transaction"          hash=0x16149f40500945e82053ab794bd8fa1b1751b71fbffbc46e6fb1e04493cafd39 from=0x7628e7c918DAaf4dfbF615023fDBcF72b8479bCe to=0x0000000000000000000000000000000000000000
t=2023-06-02T16:09:00+0800 lvl=trce msg="Removed old queued transactions"        count=0
t=2023-06-02T16:09:00+0800 lvl=trce msg="Removed unpayable queued transactions"  count=0
t=2023-06-02T16:09:00+0800 lvl=trce msg="Promoted queued transactions"           count=0
t=2023-06-02T16:09:00+0800 lvl=trce msg="Pooled new future transaction"          hash=0xdbb74a25353c9e0c6fde75855c07d69b1a706a95bd662496e7768dde04e84469 from=0x66e0851F1a162869024b4C9f6b1C4Fc5cb4832F1 to=0x0000000000000000000000000000000000000000
t=2023-06-02T16:09:00+0800 lvl=trce msg="Removed old queued transactions"        count=0
t=2023-06-02T16:09:00+0800 lvl=trce msg="Removed unpayable queued transactions"  count=0
t=2023-06-02T16:09:00+0800 lvl=trce msg="Promoted queued transactions"           count=1
t=2023-06-02T16:09:00+0800 lvl=trce msg="Pooled new future transaction"          hash=0x7c641124184f670cb5d61c609e089a6e3bb905eb33e996072703255e9bff7f6b from=0x66e0851F1a162869024b4C9f6b1C4Fc5cb4832F1 to=0x0000000000000000000000000000000000000000
t=2023-06-02T16:09:00+0800 lvl=trce msg="Removed old queued transactions"        count=0
t=2023-06-02T16:09:00+0800 lvl=trce msg="Removed unpayable queued transactions"  count=0
t=2023-06-02T16:09:00+0800 lvl=trce msg="Promoted queued transactions"           count=0
t=2023-06-02T16:09:00+0800 lvl=trce msg="Pooled new future transaction"          hash=0x71262f8cbb72c18f8c62ab4a9598f513c00464983cbb90387216dd3a647cd858 from=0x7628e7c918DAaf4dfbF615023fDBcF72b8479bCe to=0x0000000000000000000000000000000000000000
t=2023-06-02T16:09:00+0800 lvl=trce msg="Removed old queued transactions"        count=0
t=2023-06-02T16:09:00+0800 lvl=trce msg="Removed unpayable queued transactions"  count=0
t=2023-06-02T16:09:00+0800 lvl=trce msg="Promoted queued transactions"           count=1
t=2023-06-02T16:09:00+0800 lvl=trce msg="Pooled new future transaction"          hash=0xdfad33a1c934b878e0e46e1c0e5846b29225055f571d336b674421d7124c57f6 from=0x7628e7c918DAaf4dfbF615023fDBcF72b8479bCe to=0x0000000000000000000000000000000000000000
t=2023-06-02T16:09:00+0800 lvl=trce msg="Removed old queued transactions"        count=0
t=2023-06-02T16:09:00+0800 lvl=trce msg="Removed unpayable queued transactions"  count=0
t=2023-06-02T16:09:00+0800 lvl=trce msg="Promoted queued transactions"           count=0
t=2023-06-02T16:09:00+0800 lvl=trce msg="Pooled new future transaction"          hash=0x10bc0fbf8f32033ad2145122688fac97a6dbbf0ea8bd14d11ebaacdec98abea7 from=0x66e0851F1a162869024b4C9f6b1C4Fc5cb4832F1 to=0x0000000000000000000000000000000000000000
t=2023-06-02T16:09:00+0800 lvl=trce msg="Removed old queued transactions"        count=0
t=2023-06-02T16:09:00+0800 lvl=trce msg="Removed unpayable queued transactions"  count=0
t=2023-06-02T16:09:00+0800 lvl=trce msg="Promoted queued transactions"           count=1
t=2023-06-02T16:09:00+0800 lvl=trce msg="Pooled new future transaction"          hash=0x3ac1d6d734003156df1724fe2021956cb07e646e2ab76ec7ffb126f9b3e46713 from=0x66e0851F1a162869024b4C9f6b1C4Fc5cb4832F1 to=0x0000000000000000000000000000000000000000
t=2023-06-02T16:09:00+0800 lvl=trce msg="Removed old queued transactions"        count=0
t=2023-06-02T16:09:00+0800 lvl=trce msg="Removed unpayable queued transactions"  count=0
t=2023-06-02T16:09:00+0800 lvl=trce msg="Promoted queued transactions"           count=0
t=2023-06-02T16:09:00+0800 lvl=trce msg="Pooled new future transaction"          hash=0x5506ebbc8ba5784d8b50b983cc22373f1a3a326a89bc63861924351063f0b6b1 from=0x7628e7c918DAaf4dfbF615023fDBcF72b8479bCe to=0x0000000000000000000000000000000000000000
t=2023-06-02T16:09:00+0800 lvl=trce msg="Removed old queued transactions"        count=0
t=2023-06-02T16:09:00+0800 lvl=trce msg="Removed unpayable queued transactions"  count=0
t=2023-06-02T16:09:00+0800 lvl=trce msg="Promoted queued transactions"           count=1
t=2023-06-02T16:09:00+0800 lvl=trce msg="Pooled new future transaction"          hash=0xaacdfc01d01741f890e010540be599f100c28b4fdf239a1270e38210ffa361d5 from=0x7628e7c918DAaf4dfbF615023fDBcF72b8479bCe to=0x0000000000000000000000000000000000000000
t=2023-06-02T16:09:00+0800 lvl=trce msg="Removed old queued transactions"        count=0
t=2023-06-02T16:09:00+0800 lvl=trce msg="Removed unpayable queued transactions"  count=0
t=2023-06-02T16:09:00+0800 lvl=trce msg="Promoted queued transactions"           count=0
t=2023-06-02T16:09:00+0800 lvl=trce msg="Pooled new future transaction"          hash=0x76cfda1c0efbf21b5f21394f7c86982f28a66d5980ca8efd87354f12cd5c724a from=0x66e0851F1a162869024b4C9f6b1C4Fc5cb4832F1 to=0x0000000000000000000000000000000000000000
t=2023-06-02T16:09:00+0800 lvl=trce msg="Removed old queued transactions"        count=0
t=2023-06-02T16:09:00+0800 lvl=trce msg="Removed unpayable queued transactions"  count=0
t=2023-06-02T16:09:00+0800 lvl=trce msg="Promoted queued transactions"           count=1
t=2023-06-02T16:09:00+0800 lvl=trce msg="Pooled new future transaction"          hash=0x15adccdb8d7ad8ce8ffda4a26919ab125cbafb436c69a2d8a5bc3b6dc29fe7f1 from=0x66e0851F1a162869024b4C9f6b1C4Fc5cb4832F1 to=0x0000000000000000000000000000000000000000
t=2023-06-02T16:09:00+0800 lvl=trce msg="Removed old queued transactions"        count=0
t=2023-06-02T16:09:00+0800 lvl=trce msg="Removed unpayable queued transactions"  count=0
t=2023-06-02T16:09:00+0800 lvl=trce msg="Promoted queued transactions"           count=0
t=2023-06-02T16:09:00+0800 lvl=trce msg="Pooled new future transaction"          hash=0xfeab946f9761ce931fc311ad70298f0dc8c7d0320d66d7af77ee5263cf061d93 from=0x7628e7c918DAaf4dfbF615023fDBcF72b8479bCe to=0x0000000000000000000000000000000000000000
t=2023-06-02T16:09:00+0800 lvl=trce msg="Removed old queued transactions"        count=0
t=2023-06-02T16:09:00+0800 lvl=trce msg="Removed unpayable queued transactions"  count=0
t=2023-06-02T16:09:00+0800 lvl=trce msg="Promoted queued transactions"           count=1
t=2023-06-02T16:09:00+0800 lvl=trce msg="Pooled new future transaction"          hash=0xd77529ff77bd921b2b7173c30f703bd93f8fb3905674b751ce1d06c83cb74484 from=0x7628e7c918DAaf4dfbF615023fDBcF72b8479bCe to=0x0000000000000000000000000000000000000000
t=2023-06-02T16:09:00+0800 lvl=trce msg="Removed old queued transactions"        count=0
t=2023-06-02T16:09:00+0800 lvl=trce msg="Removed unpayable queued transactions"  count=0
t=2023-06-02T16:09:00+0800 lvl=trce msg="Promoted queued transactions"           count=0
t=2023-06-02T16:09:00+0800 lvl=trce msg="Pooled new future transaction"          hash=0xfe996a16af5633454a5e7672bda78c97c63d58fc543572df8d26410f57246f1d from=0x66e0851F1a162869024b4C9f6b1C4Fc5cb4832F1 to=0x0000000000000000000000000000000000000000
t=2023-06-02T16:09:00+0800 lvl=trce msg="Removed old queued transactions"        count=0
t=2023-06-02T16:09:00+0800 lvl=trce msg="Removed unpayable queued transactions"  count=0
t=2023-06-02T16:09:00+0800 lvl=trce msg="Promoted queued transactions"           count=1
t=2023-06-02T16:09:00+0800 lvl=trce msg="Pooled new future transaction"          hash=0x71d7f14b150679f9b991dc4213036d66c1b35b61e10f60968fc588e761d3eec5 from=0x66e0851F1a162869024b4C9f6b1C4Fc5cb4832F1 to=0x0000000000000000000000000000000000000000
t=2023-06-02T16:09:00+0800 lvl=trce msg="Removed old queued transactions"        count=0
t=2023-06-02T16:09:00+0800 lvl=trce msg="Removed unpayable queued transactions"  count=0
t=2023-06-02T16:09:00+0800 lvl=trce msg="Promoted queued transactions"           count=0
t=2023-06-02T16:09:00+0800 lvl=trce msg="Pooled new future transaction"          hash=0xb2d1e83d4749b661a73106bbb92672f4feac64a604cb91995b651af3bcc48961 from=0x7628e7c918DAaf4dfbF615023fDBcF72b8479bCe to=0x0000000000000000000000000000000000000000
t=2023-06-02T16:09:00+0800 lvl=trce msg="Removed old queued transactions"        count=0
t=2023-06-02T16:09:00+0800 lvl=trce msg="Removed unpayable queued transactions"  count=0
t=2023-06-02T16:09:00+0800 lvl=trce msg="Promoted queued transactions"           count=1
t=2023-06-02T16:09:00+0800 lvl=trce msg="Pooled new future transaction"          hash=0xd3a0ec5be86b92b09c8915a23ea626e1c6bf905e4c709a9c0543a12ddb0a30a9 from=0x7628e7c918DAaf4dfbF615023fDBcF72b8479bCe to=0x0000000000000000000000000000000000000000
t=2023-06-02T16:09:00+0800 lvl=trce msg="Removed old queued transactions"        count=0
t=2023-06-02T16:09:00+0800 lvl=trce msg="Removed unpayable queued transactions"  count=0
t=2023-06-02T16:09:00+0800 lvl=trce msg="Promoted queued transactions"           count=0
t=2023-06-02T16:09:00+0800 lvl=trce msg="Pooled new future transaction"          hash=0xcb0a335ef7d9524dc70d37ffc771e0b3993379330019af19130fbacf7520bf3f from=0x66e0851F1a162869024b4C9f6b1C4Fc5cb4832F1 to=0x0000000000000000000000000000000000000000
t=2023-06-02T16:09:00+0800 lvl=trce msg="Removed old queued transactions"        count=0
t=2023-06-02T16:09:00+0800 lvl=trce msg="Removed unpayable queued transactions"  count=0
t=2023-06-02T16:09:00+0800 lvl=trce msg="Promoted queued transactions"           count=1
t=2023-06-02T16:09:00+0800 lvl=trce msg="Pooled new future transaction"          hash=0xcb5eef4f18899e949689afa2a785123638278942cfb77a4b06898110342b4123 from=0x66e0851F1a162869024b4C9f6b1C4Fc5cb4832F1 to=0x0000000000000000000000000000000000000000
t=2023-06-02T16:09:00+0800 lvl=trce msg="Removed old queued transactions"        count=0
t=2023-06-02T16:09:00+0800 lvl=trce msg="Removed unpayable queued transactions"  count=0
t=2023-06-02T16:09:00+0800 lvl=trce msg="Promoted queued transactions"           count=0
t=2023-06-02T16:09:00+0800 lvl=trce msg="Pooled new future transaction"          hash=0x1d82a2eefcf486cdfe0fdc317811ecaa6cef6de19633b1938ac22f5f53e93215 from=0x7628e7c918DAaf4dfbF615023fDBcF72b8479bCe to=0x0000000000000000000000000000000000000000
t=2023-06-02T16:09:00+0800 lvl=trce msg="Removed old queued transactions"        count=0
t=2023-06-02T16:09:00+0800 lvl=trce msg="Removed unpayable queued transactions"  count=0
t=2023-06-02T16:09:00+0800 lvl=trce msg="Promoted queued transactions"           count=1
t=2023-06-02T16:09:00+0800 lvl=trce msg="Pooled new future transaction"          hash=0x53200950469b2aad9f4d48cdd88a366d5631b827197535033f48074204aa2bce from=0x7628e7c918DAaf4dfbF615023fDBcF72b8479bCe to=0x0000000000000000000000000000000000000000
t=2023-06-02T16:09:00+0800 lvl=trce msg="Removed old queued transactions"        count=0
t=2023-06-02T16:09:00+0800 lvl=trce msg="Removed unpayable queued transactions"  count=0
t=2023-06-02T16:09:00+0800 lvl=trce msg="Promoted queued transactions"           count=0
t=2023-06-02T16:09:00+0800 lvl=trce msg="Pooled new future transaction"          hash=0x6cdb3d063dbaed709cecf94ecc9d4dd61e02059761a9a6c17b91e95dcaf8b778 from=0x66e0851F1a162869024b4C9f6b1C4Fc5cb4832F1 to=0x0000000000000000000000000000000000000000
t=2023-06-02T16:09:00+0800 lvl=trce msg="Removed old queued transactions"        count=0
t=2023-06-02T16:09:00+0800 lvl=trce msg="Removed unpayable queued transactions"  count=0
t=2023-06-02T16:09:00+0800 lvl=trce msg="Promoted queued transactions"           count=1
t=2023-06-02T16:09:00+0800 lvl=trce msg="Pooled new future transaction"          hash=0x7d4149ef20917aee76f4af00e260a371373e5141a1a815287d7bbac3e9a0c623 from=0x66e0851F1a162869024b4C9f6b1C4Fc5cb4832F1 to=0x0000000000000000000000000000000000000000
t=2023-06-02T16:09:00+0800 lvl=trce msg="Removed old queued transactions"        count=0
t=2023-06-02T16:09:00+0800 lvl=trce msg="Removed unpayable queued transactions"  count=0
t=2023-06-02T16:09:00+0800 lvl=trce msg="Promoted queued transactions"           count=0
t=2023-06-02T16:09:00+0800 lvl=trce msg="Pooled new future transaction"          hash=0x20ae06b1ade867ebb32e8107f02520113b944e27f90c3daf7237112c26c4eef0 from=0x7628e7c918DAaf4dfbF615023fDBcF72b8479bCe to=0x0000000000000000000000000000000000000000
t=2023-06-02T16:09:00+0800 lvl=trce msg="Removed old queued transactions"        count=0
t=2023-06-02T16:09:00+0800 lvl=trce msg="Removed unpayable queued transactions"  count=0
t=2023-06-02T16:09:00+0800 lvl=trce msg="Promoted queued transactions"           count=1
t=2023-06-02T16:09:00+0800 lvl=trce msg="Pooled new future transaction"          hash=0xd06a19fa569a7c0cf38a98f654601f193e72616be3b56620cf55a9c7fa519a17 from=0x7628e7c918DAaf4dfbF615023fDBcF72b8479bCe to=0x0000000000000000000000000000000000000000
t=2023-06-02T16:09:00+0800 lvl=trce msg="Removed old queued transactions"        count=0
t=2023-06-02T16:09:00+0800 lvl=trce msg="Removed unpayable queued transactions"  count=0
t=2023-06-02T16:09:00+0800 lvl=trce msg="Promoted queued transactions"           count=0
t=2023-06-02T16:09:00+0800 lvl=trce msg="Pooled new future transaction"          hash=0x1abd8e7b347266267f420dd194050e2420ca810face196a3a9d91d2b69e63240 from=0x66e0851F1a162869024b4C9f6b1C4Fc5cb4832F1 to=0x0000000000000000000000000000000000000000
t=2023-06-02T16:09:00+0800 lvl=trce msg="Removed old queued transactions"        count=0
t=2023-06-02T16:09:00+0800 lvl=trce msg="Removed unpayable queued transactions"  count=0
t=2023-06-02T16:09:00+0800 lvl=trce msg="Promoted queued transactions"           count=1
t=2023-06-02T16:09:00+0800 lvl=trce msg="Pooled new future transaction"          hash=0xd2599d77c7d4a28de3dbb21fa5a6921788231d335ba58c87124312c77893245c from=0x66e0851F1a162869024b4C9f6b1C4Fc5cb4832F1 to=0x0000000000000000000000000000000000000000
t=2023-06-02T16:09:00+0800 lvl=trce msg="Removed old queued transactions"        count=0
t=2023-06-02T16:09:00+0800 lvl=trce msg="Removed unpayable queued transactions"  count=0
t=2023-06-02T16:09:00+0800 lvl=trce msg="Promoted queued transactions"           count=0
t=2023-06-02T16:09:00+0800 lvl=trce msg="Pooled new future transaction"          hash=0x21ebc36e9f43618c35b2244e6b3ecc7edb795c8ed14eff10f7063050c214aa35 from=0x7628e7c918DAaf4dfbF615023fDBcF72b8479bCe to=0x0000000000000000000000000000000000000000
t=2023-06-02T16:09:00+0800 lvl=trce msg="Removed old queued transactions"        count=0
t=2023-06-02T16:09:00+0800 lvl=trce msg="Removed unpayable queued transactions"  count=0
t=2023-06-02T16:09:00+0800 lvl=trce msg="Promoted queued transactions"           count=1
t=2023-06-02T16:09:00+0800 lvl=trce msg="Pooled new future transaction"          hash=0x9a258e8d930a0a0711b3bc4c3f5872fb904192f188d3694a443f960b3ebaf983 from=0x7628e7c918DAaf4dfbF615023fDBcF72b8479bCe to=0x0000000000000000000000000000000000000000
t=2023-06-02T16:09:00+0800 lvl=trce msg="Removed old queued transactions"        count=0
t=2023-06-02T16:09:00+0800 lvl=trce msg="Removed unpayable queued transactions"  count=0
t=2023-06-02T16:09:00+0800 lvl=trce msg="Promoted queued transactions"           count=0
t=2023-06-02T16:09:00+0800 lvl=trce msg="Pooled new future transaction"          hash=0xa08f3024a59ab709eeef246c03b212d0d03330be1a4a14e1f2e5cdf5454aab90 from=0x66e0851F1a162869024b4C9f6b1C4Fc5cb4832F1 to=0x0000000000000000000000000000000000000000
t=2023-06-02T16:09:00+0800 lvl=trce msg="Removed old queued transactions"        count=0
t=2023-06-02T16:09:00+0800 lvl=trce msg="Removed unpayable queued transactions"  count=0
t=2023-06-02T16:09:00+0800 lvl=trce msg="Promoted queued transactions"           count=1
t=2023-06-02T16:09:00+0800 lvl=trce msg="Pooled new future transaction"          hash=0x971f730c1093022651447f66c7c2b6c3d550343f5e46a1723c4bad33777382f8 from=0x66e0851F1a162869024b4C9f6b1C4Fc5cb4832F1 to=0x0000000000000000000000000000000000000000
t=2023-06-02T16:09:00+0800 lvl=trce msg="Removed old queued transactions"        count=0
t=2023-06-02T16:09:00+0800 lvl=trce msg="Removed unpayable queued transactions"  count=0
t=2023-06-02T16:09:00+0800 lvl=trce msg="Promoted queued transactions"           count=0
t=2023-06-02T16:09:00+0800 lvl=trce msg="Pooled new future transaction"          hash=0x7c416b1c677488cccdc64cd95dbec6f17cd7f4ce994a158b4b40e7d5c1c50130 from=0x7628e7c918DAaf4dfbF615023fDBcF72b8479bCe to=0x0000000000000000000000000000000000000000
t=2023-06-02T16:09:00+0800 lvl=trce msg="Removed old queued transactions"        count=0
t=2023-06-02T16:09:00+0800 lvl=trce msg="Removed unpayable queued transactions"  count=0
t=2023-06-02T16:09:00+0800 lvl=trce msg="Promoted queued transactions"           count=1
t=2023-06-02T16:09:00+0800 lvl=trce msg="Pooled new future transaction"          hash=0x756d02f0b2630006e95827145de5007ee96b8fa3bd8e642317baf320cb0cd100 from=0x7628e7c918DAaf4dfbF615023fDBcF72b8479bCe to=0x0000000000000000000000000000000000000000
t=2023-06-02T16:09:00+0800 lvl=trce msg="Removed old queued transactions"        count=0
t=2023-06-02T16:09:00+0800 lvl=trce msg="Removed unpayable queued transactions"  count=0
t=2023-06-02T16:09:00+0800 lvl=trce msg="Promoted queued transactions"           count=0
t=2023-06-02T16:09:00+0800 lvl=trce msg="Pooled new future transaction"          hash=0x934cfbd6eb7acd3c2af0eb9df7168029db1e3e6492e8102331a142a8b0b23123 from=0x66e0851F1a162869024b4C9f6b1C4Fc5cb4832F1 to=0x0000000000000000000000000000000000000000
t=2023-06-02T16:09:00+0800 lvl=trce msg="Removed old queued transactions"        count=0
t=2023-06-02T16:09:00+0800 lvl=trce msg="Removed unpayable queued transactions"  count=0
t=2023-06-02T16:09:00+0800 lvl=trce msg="Promoted queued transactions"           count=1
t=2023-06-02T16:09:00+0800 lvl=trce msg="Pooled new future transaction"          hash=0xe8e3eb33b6d5486f8b0f4a50f1fd7dd5309dd9514ffa3f2593f7c5dabc486282 from=0x66e0851F1a162869024b4C9f6b1C4Fc5cb4832F1 to=0x0000000000000000000000000000000000000000
t=2023-06-02T16:09:00+0800 lvl=trce msg="Removed old queued transactions"        count=0
t=2023-06-02T16:09:00+0800 lvl=trce msg="Removed unpayable queued transactions"  count=0
t=2023-06-02T16:09:00+0800 lvl=trce msg="Promoted queued transactions"           count=0
t=2023-06-02T16:09:00+0800 lvl=trce msg="Pooled new future transaction"          hash=0xaa4efcd8e0a0a41b4b47880bd75230c5e8814a7fd8194e8df8542b5d48448d6d from=0x7628e7c918DAaf4dfbF615023fDBcF72b8479bCe to=0x0000000000000000000000000000000000000000
t=2023-06-02T16:09:00+0800 lvl=trce msg="Removed old queued transactions"        count=0
t=2023-06-02T16:09:00+0800 lvl=trce msg="Removed unpayable queued transactions"  count=0
t=2023-06-02T16:09:00+0800 lvl=trce msg="Promoted queued transactions"           count=1
t=2023-06-02T16:09:00+0800 lvl=trce msg="Pooled new future transaction"          hash=0xd95b08ebf3357e1d2e7ce7fbf3130e766778642523332bcb88b057da635edcd0 from=0x7628e7c918DAaf4dfbF615023fDBcF72b8479bCe to=0x0000000000000000000000000000000000000000
t=2023-06-02T16:09:00+0800 lvl=trce msg="Removed old queued transactions"        count=0
t=2023-06-02T16:09:00+0800 lvl=trce msg="Removed unpayable queued transactions"  count=0
t=2023-06-02T16:09:00+0800 lvl=trce msg="Promoted queued transactions"           count=0
t=2023-06-02T16:09:00+0800 lvl=trce msg="Pooled new future transaction"          hash=0xc4885f927545e5faa8a1fc51b8bd31c65228f6e25c6126ed62ca03eb2c678fd8 from=0x66e0851F1a162869024b4C9f6b1C4Fc5cb4832F1 to=0x0000000000000000000000000000000000000000
t=2023-06-02T16:09:00+0800 lvl=trce msg="Removed old queued transactions"        count=0
t=2023-06-02T16:09:00+0800 lvl=trce msg="Removed unpayable queued transactions"  count=0
t=2023-06-02T16:09:00+0800 lvl=trce msg="Promoted queued transactions"           count=1
t=2023-06-02T16:09:00+0800 lvl=trce msg="Pooled new future transaction"          hash=0xb9670170f2aa2b49966368a7c13d597bb334158e5911ef5dfc636646ee23bb30 from=0x66e0851F1a162869024b4C9f6b1C4Fc5cb4832F1 to=0x0000000000000000000000000000000000000000
t=2023-06-02T16:09:00+0800 lvl=trce msg="Removed old queued transactions"        count=0
t=2023-06-02T16:09:00+0800 lvl=trce msg="Removed unpayable queued transactions"  count=0
t=2023-06-02T16:09:00+0800 lvl=trce msg="Promoted queued transactions"           count=0
t=2023-06-02T16:09:00+0800 lvl=trce msg="Pooled new future transaction"          hash=0x3339e30c2057e09e57f15e79e269e5f7da399c0c30d7622d0d741fac7b3f21db from=0x7628e7c918DAaf4dfbF615023fDBcF72b8479bCe to=0x0000000000000000000000000000000000000000
t=2023-06-02T16:09:00+0800 lvl=trce msg="Removed old queued transactions"        count=0
t=2023-06-02T16:09:00+0800 lvl=trce msg="Removed unpayable queued transactions"  count=0
t=2023-06-02T16:09:00+0800 lvl=trce msg="Promoted queued transactions"           count=1
t=2023-06-02T16:09:00+0800 lvl=trce msg="Pooled new future transaction"          hash=0x5ace6a4ec6637ec699819c57ae936f1a761530a39e1c41652917acc085b497b1 from=0x7628e7c918DAaf4dfbF615023fDBcF72b8479bCe to=0x0000000000000000000000000000000000000000
t=2023-06-02T16:09:00+0800 lvl=trce msg="Removed old queued transactions"        count=0
t=2023-06-02T16:09:00+0800 lvl=trce msg="Removed unpayable queued transactions"  count=0
t=2023-06-02T16:09:00+0800 lvl=trce msg="Promoted queued transactions"           count=0
t=2023-06-02T16:09:00+0800 lvl=trce msg="Pooled new future transaction"          hash=0xc34060ff0f3224728925532c63d9280897756edbe8afe4e9a78a117a18a99b7b from=0x66e0851F1a162869024b4C9f6b1C4Fc5cb4832F1 to=0x0000000000000000000000000000000000000000
t=2023-06-02T16:09:00+0800 lvl=trce msg="Removed old queued transactions"        count=0
t=2023-06-02T16:09:00+0800 lvl=trce msg="Removed unpayable queued transactions"  count=0
t=2023-06-02T16:09:00+0800 lvl=trce msg="Promoted queued transactions"           count=1
t=2023-06-02T16:09:00+0800 lvl=trce msg="Pooled new future transaction"          hash=0x7e16d2b78447ef6b76a270041cf72f143945c1e162d9a4a882f40172a922719d from=0x66e0851F1a162869024b4C9f6b1C4Fc5cb4832F1 to=0x0000000000000000000000000000000000000000
t=2023-06-02T16:09:00+0800 lvl=trce msg="Removed old queued transactions"        count=0
t=2023-06-02T16:09:00+0800 lvl=trce msg="Removed unpayable queued transactions"  count=0
t=2023-06-02T16:09:00+0800 lvl=trce msg="Promoted queued transactions"           count=0
t=2023-06-02T16:09:00+0800 lvl=trce msg="Pooled new future transaction"          hash=0xe6b85b3ae5b4f6f2020807b72704fc7c76c0e0b432fc287e4b0ecf9255b827a3 from=0x7628e7c918DAaf4dfbF615023fDBcF72b8479bCe to=0x0000000000000000000000000000000000000000
t=2023-06-02T16:09:00+0800 lvl=trce msg="Removed old queued transactions"        count=0
t=2023-06-02T16:09:00+0800 lvl=trce msg="Removed unpayable queued transactions"  count=0
t=2023-06-02T16:09:00+0800 lvl=trce msg="Promoted queued transactions"           count=1
t=2023-06-02T16:09:00+0800 lvl=trce msg="Pooled new future transaction"          hash=0xc47ad2e0e90a2b5918d2635d6e940c2d1eecdabd9d0ff9a0ed87f73772c8640c from=0x7628e7c918DAaf4dfbF615023fDBcF72b8479bCe to=0x0000000000000000000000000000000000000000
t=2023-06-02T16:09:00+0800 lvl=trce msg="Removed old queued transactions"        count=0
t=2023-06-02T16:09:00+0800 lvl=trce msg="Removed unpayable queued transactions"  count=0
t=2023-06-02T16:09:00+0800 lvl=trce msg="Promoted queued transactions"           count=0
t=2023-06-02T16:09:00+0800 lvl=trce msg="Pooled new future transaction"          hash=0x834c565c13b2675e4d66936412e965ae399a79ce75862433578f107a7b8f7409 from=0x66e0851F1a162869024b4C9f6b1C4Fc5cb4832F1 to=0x0000000000000000000000000000000000000000
t=2023-06-02T16:09:00+0800 lvl=trce msg="Removed old queued transactions"        count=0
t=2023-06-02T16:09:00+0800 lvl=trce msg="Removed unpayable queued transactions"  count=0
t=2023-06-02T16:09:00+0800 lvl=trce msg="Promoted queued transactions"           count=1
t=2023-06-02T16:09:00+0800 lvl=trce msg="Pooled new future transaction"          hash=0xcf0c9dbad494e445c2d03a3df6a3d33b4420e26db9ee0c4f7a7d4e1872992dd1 from=0x66e0851F1a162869024b4C9f6b1C4Fc5cb4832F1 to=0x0000000000000000000000000000000000000000
t=2023-06-02T16:09:00+0800 lvl=trce msg="Removed old queued transactions"        count=0
t=2023-06-02T16:09:00+0800 lvl=trce msg="Removed unpayable queued transactions"  count=0
t=2023-06-02T16:09:00+0800 lvl=trce msg="Promoted queued transactions"           count=0
t=2023-06-02T16:09:00+0800 lvl=trce msg="Pooled new future transaction"          hash=0x43ac288f477c3e5155b9d2de3343207cb3ccad97d0db449d0b2a2abc685b96fa from=0x7628e7c918DAaf4dfbF615023fDBcF72b8479bCe to=0x0000000000000000000000000000000000000000
t=2023-06-02T16:09:00+0800 lvl=trce msg="Removed old queued transactions"        count=0
t=2023-06-02T16:09:00+0800 lvl=trce msg="Removed unpayable queued transactions"  count=0
t=2023-06-02T16:09:00+0800 lvl=trce msg="Promoted queued transactions"           count=1
t=2023-06-02T16:09:00+0800 lvl=trce msg="Pooled new future transaction"          hash=0xaa3bbc553bb7ebaeeb14a30ea723e56c2b00ac2e2329eae5ef72247e138222ae from=0x7628e7c918DAaf4dfbF615023fDBcF72b8479bCe to=0x0000000000000000000000000000000000000000
t=2023-06-02T16:09:00+0800 lvl=trce msg="Removed old queued transactions"        count=0
t=2023-06-02T16:09:00+0800 lvl=trce msg="Removed unpayable queued transactions"  count=0
t=2023-06-02T16:09:00+0800 lvl=trce msg="Promoted queued transactions"           count=0
t=2023-06-02T16:09:00+0800 lvl=trce msg="Pooled new future transaction"          hash=0x5713714f925926152f8a942ae4411e64156d6dfcf6236107720f74831d4e0347 from=0x66e0851F1a162869024b4C9f6b1C4Fc5cb4832F1 to=0x0000000000000000000000000000000000000000
t=2023-06-02T16:09:00+0800 lvl=trce msg="Removed old queued transactions"        count=0
t=2023-06-02T16:09:00+0800 lvl=trce msg="Removed unpayable queued transactions"  count=0
t=2023-06-02T16:09:00+0800 lvl=trce msg="Promoted queued transactions"           count=1
t=2023-06-02T16:09:00+0800 lvl=trce msg="Pooled new future transaction"          hash=0x9209915200cdd2882549f1b390fbdc9d8730f629be533f0293a2cd8d9930c1b7 from=0x66e0851F1a162869024b4C9f6b1C4Fc5cb4832F1 to=0x0000000000000000000000000000000000000000
t=2023-06-02T16:09:00+0800 lvl=trce msg="Removed old queued transactions"        count=0
t=2023-06-02T16:09:00+0800 lvl=trce msg="Removed unpayable queued transactions"  count=0
t=2023-06-02T16:09:00+0800 lvl=trce msg="Promoted queued transactions"           count=0
t=2023-06-02T16:09:00+0800 lvl=trce msg="Pooled new future transaction"          hash=0x2fa53d871ba28c574ed83ab8e7d31f7d7b46aec9eddca614bf8f00504bf321cf from=0x7628e7c918DAaf4dfbF615023fDBcF72b8479bCe to=0x0000000000000000000000000000000000000000
t=2023-06-02T16:09:00+0800 lvl=trce msg="Removed old queued transactions"        count=0
t=2023-06-02T16:09:00+0800 lvl=trce msg="Removed unpayable queued transactions"  count=0
t=2023-06-02T16:09:00+0800 lvl=trce msg="Promoted queued transactions"           count=1
t=2023-06-02T16:09:00+0800 lvl=trce msg="Pooled new future transaction"          hash=0xa003e12df4ce9868156a0ed1bfdf7f7bcd35cc295309806daac3692de78544ad from=0x7628e7c918DAaf4dfbF615023fDBcF72b8479bCe to=0x0000000000000000000000000000000000000000
t=2023-06-02T16:09:00+0800 lvl=trce msg="Removed old queued transactions"        count=0
t=2023-06-02T16:09:00+0800 lvl=trce msg="Removed unpayable queued transactions"  count=0
t=2023-06-02T16:09:00+0800 lvl=trce msg="Promoted queued transactions"           count=0
t=2023-06-02T16:09:00+0800 lvl=trce msg="Pooled new future transaction"          hash=0xbc87c0c739dd3c90c4beafcade022f7d934b107b614697c668db2cf0d1125ae1 from=0x66e0851F1a162869024b4C9f6b1C4Fc5cb4832F1 to=0x0000000000000000000000000000000000000000
t=2023-06-02T16:09:00+0800 lvl=trce msg="Removed old queued transactions"        count=0
t=2023-06-02T16:09:00+0800 lvl=trce msg="Removed unpayable queued transactions"  count=0
t=2023-06-02T16:09:00+0800 lvl=trce msg="Promoted queued transactions"           count=1
t=2023-06-02T16:09:00+0800 lvl=trce msg="Pooled new future transaction"          hash=0xc15da76b5e9132f2b50a7215d47f051b4302337758fde57db219252ae5371c27 from=0x66e0851F1a162869024b4C9f6b1C4Fc5cb4832F1 to=0x0000000000000000000000000000000000000000
t=2023-06-02T16:09:00+0800 lvl=trce msg="Removed old queued transactions"        count=0
t=2023-06-02T16:09:00+0800 lvl=trce msg="Removed unpayable queued transactions"  count=0
t=2023-06-02T16:09:00+0800 lvl=trce msg="Promoted queued transactions"           count=0
t=2023-06-02T16:09:00+0800 lvl=trce msg="Pooled new future transaction"          hash=0x26dae3143d6217111699d7376c11bf637c8fe6b147f2d831e6e3dba01e730009 from=0x7628e7c918DAaf4dfbF615023fDBcF72b8479bCe to=0x0000000000000000000000000000000000000000
t=2023-06-02T16:09:00+0800 lvl=trce msg="Removed old queued transactions"        count=0
t=2023-06-02T16:09:00+0800 lvl=trce msg="Removed unpayable queued transactions"  count=0
t=2023-06-02T16:09:00+0800 lvl=trce msg="Promoted queued transactions"           count=1
t=2023-06-02T16:09:00+0800 lvl=trce msg="Pooled new future transaction"          hash=0x2c44513be0e3a1c3b2506b068896a0cdbecb8a2444f6931a07433c823bce6c94 from=0x7628e7c918DAaf4dfbF615023fDBcF72b8479bCe to=0x0000000000000000000000000000000000000000
t=2023-06-02T16:09:00+0800 lvl=trce msg="Removed old queued transactions"        count=0
t=2023-06-02T16:09:00+0800 lvl=trce msg="Removed unpayable queued transactions"  count=0
t=2023-06-02T16:09:00+0800 lvl=trce msg="Promoted queued transactions"           count=0
t=2023-06-02T16:09:00+0800 lvl=trce msg="Pooled new future transaction"          hash=0xc8c7b11e8e72b9afdeead6e5ecc13e1a5e203415cfa3f0b4664a3c37ff50f433 from=0x66e0851F1a162869024b4C9f6b1C4Fc5cb4832F1 to=0x0000000000000000000000000000000000000000
t=2023-06-02T16:09:00+0800 lvl=trce msg="Removed old queued transactions"        count=0
t=2023-06-02T16:09:00+0800 lvl=trce msg="Removed unpayable queued transactions"  count=0
t=2023-06-02T16:09:00+0800 lvl=trce msg="Promoted queued transactions"           count=1
t=2023-06-02T16:09:00+0800 lvl=trce msg="Pooled new future transaction"          hash=0x23a1118b2fa0f93e938aa5537cf4829bd30bb8f8357a6845be6e7a345f6e3ea7 from=0x66e0851F1a162869024b4C9f6b1C4Fc5cb4832F1 to=0x0000000000000000000000000000000000000000
t=2023-06-02T16:09:00+0800 lvl=trce msg="Removed old queued transactions"        count=0
t=2023-06-02T16:09:00+0800 lvl=trce msg="Removed unpayable queued transactions"  count=0
t=2023-06-02T16:09:00+0800 lvl=trce msg="Promoted queued transactions"           count=0
t=2023-06-02T16:09:00+0800 lvl=trce msg="Pooled new future transaction"          hash=0xf5dddeb6c0d23745a87323622176539391016f50575e83403cb4bb15772af897 from=0x7628e7c918DAaf4dfbF615023fDBcF72b8479bCe to=0x0000000000000000000000000000000000000000
t=2023-06-02T16:09:00+0800 lvl=trce msg="Removed old queued transactions"        count=0
t=2023-06-02T16:09:00+0800 lvl=trce msg="Removed unpayable queued transactions"  count=0
t=2023-06-02T16:09:00+0800 lvl=trce msg="Promoted queued transactions"           count=1
t=2023-06-02T16:09:00+0800 lvl=trce msg="Pooled new future transaction"          hash=0x197e0ccda4f9050c6ea804a140818aecdc02f94885c4d88583392b3ec7241b4a from=0x7628e7c918DAaf4dfbF615023fDBcF72b8479bCe to=0x0000000000000000000000000000000000000000
t=2023-06-02T16:09:00+0800 lvl=trce msg="Removed old queued transactions"        count=0
t=2023-06-02T16:09:00+0800 lvl=trce msg="Removed unpayable queued transactions"  count=0
t=2023-06-02T16:09:00+0800 lvl=trce msg="Promoted queued transactions"           count=0
t=2023-06-02T16:09:00+0800 lvl=trce msg="Pooled new future transaction"          hash=0x20935117a982340ee10cc11debda49cb098ba0c7b84a52462caed24f3038119e from=0x66e0851F1a162869024b4C9f6b1C4Fc5cb4832F1 to=0x0000000000000000000000000000000000000000
t=2023-06-02T16:09:00+0800 lvl=trce msg="Removed old queued transactions"        count=0
t=2023-06-02T16:09:00+0800 lvl=trce msg="Removed unpayable queued transactions"  count=0
t=2023-06-02T16:09:00+0800 lvl=trce msg="Promoted queued transactions"           count=1
t=2023-06-02T16:09:00+0800 lvl=trce msg="Pooled new future transaction"          hash=0xf7587627a7a767273884e26d2e7cfb28cbfe341d223c236f50183222881423cf from=0x66e0851F1a162869024b4C9f6b1C4Fc5cb4832F1 to=0x0000000000000000000000000000000000000000
t=2023-06-02T16:09:00+0800 lvl=trce msg="Removed old queued transactions"        count=0
t=2023-06-02T16:09:00+0800 lvl=trce msg="Removed unpayable queued transactions"  count=0
t=2023-06-02T16:09:00+0800 lvl=trce msg="Promoted queued transactions"           count=0
t=2023-06-02T16:09:00+0800 lvl=trce msg="Pooled new future transaction"          hash=0xe30e1aaa898f5278747239355c2658967169da9561c37cb48818690d4ae0c5a9 from=0x7628e7c918DAaf4dfbF615023fDBcF72b8479bCe to=0x0000000000000000000000000000000000000000
t=2023-06-02T16:09:00+0800 lvl=trce msg="Removed old queued transactions"        count=0
t=2023-06-02T16:09:00+0800 lvl=trce msg="Removed unpayable queued transactions"  count=0
t=2023-06-02T16:09:00+0800 lvl=trce msg="Promoted queued transactions"           count=1
t=2023-06-02T16:09:00+0800 lvl=trce msg="Pooled new future transaction"          hash=0x990a75baef198632b67b898611cca803315e389e638027139b2c4b6a44e2813e from=0x7628e7c918DAaf4dfbF615023fDBcF72b8479bCe to=0x0000000000000000000000000000000000000000
t=2023-06-02T16:09:00+0800 lvl=trce msg="Removed old queued transactions"        count=0
t=2023-06-02T16:09:00+0800 lvl=trce msg="Removed unpayable queued transactions"  count=0
t=2023-06-02T16:09:00+0800 lvl=trce msg="Promoted queued transactions"           count=0
t=2023-06-02T16:09:00+0800 lvl=trce msg="Pooled new future transaction"          hash=0x2885c0208bc5d2be1eb3f3bda44e6afc75a9d3719965fff8b25ccb7191cbb55e from=0x66e0851F1a162869024b4C9f6b1C4Fc5cb4832F1 to=0x0000000000000000000000000000000000000000
t=2023-06-02T16:09:00+0800 lvl=trce msg="Removed old queued transactions"        count=0
t=2023-06-02T16:09:00+0800 lvl=trce msg="Removed unpayable queued transactions"  count=0
t=2023-06-02T16:09:00+0800 lvl=trce msg="Promoted queued transactions"           count=1
t=2023-06-02T16:09:00+0800 lvl=trce msg="Pooled new future transaction"          hash=0x988fdd2945439a96667e09e2126b7ee8a029d89c401fdad48fff38d5a8affdc0 from=0x66e0851F1a162869024b4C9f6b1C4Fc5cb4832F1 to=0x0000000000000000000000000000000000000000
t=2023-06-02T16:09:00+0800 lvl=trce msg="Removed old queued transactions"        count=0
t=2023-06-02T16:09:00+0800 lvl=trce msg="Removed unpayable queued transactions"  count=0
t=2023-06-02T16:09:00+0800 lvl=trce msg="Promoted queued transactions"           count=0
t=2023-06-02T16:09:00+0800 lvl=trce msg="Pooled new future transaction"          hash=0x95ac826b6c71b1a7cc04e746f95a7aaaaaa30879525bb8d259b11aaa4198dbd8 from=0x7628e7c918DAaf4dfbF615023fDBcF72b8479bCe to=0x0000000000000000000000000000000000000000
t=2023-06-02T16:09:00+0800 lvl=trce msg="Removed old queued transactions"        count=0
t=2023-06-02T16:09:00+0800 lvl=trce msg="Removed unpayable queued transactions"  count=0
t=2023-06-02T16:09:00+0800 lvl=trce msg="Promoted queued transactions"           count=1
t=2023-06-02T16:09:00+0800 lvl=trce msg="Pooled new future transaction"          hash=0x39fef5bb54aeb59b0b34761dc00bb271df227fd1facbc5e0e980af00c45fdbdf from=0x7628e7c918DAaf4dfbF615023fDBcF72b8479bCe to=0x0000000000000000000000000000000000000000
t=2023-06-02T16:09:00+0800 lvl=trce msg="Removed old queued transactions"        count=0
t=2023-06-02T16:09:00+0800 lvl=trce msg="Removed unpayable queued transactions"  count=0
t=2023-06-02T16:09:00+0800 lvl=trce msg="Promoted queued transactions"           count=0
t=2023-06-02T16:09:00+0800 lvl=trce msg="Pooled new future transaction"          hash=0xe3bf69cbbd7672037c376cf353f4e068ee465755cabe834285d2dc70d77d75fc from=0x66e0851F1a162869024b4C9f6b1C4Fc5cb4832F1 to=0x0000000000000000000000000000000000000000
t=2023-06-02T16:09:00+0800 lvl=trce msg="Removed old queued transactions"        count=0
t=2023-06-02T16:09:00+0800 lvl=trce msg="Removed unpayable queued transactions"  count=0
t=2023-06-02T16:09:00+0800 lvl=trce msg="Promoted queued transactions"           count=1
t=2023-06-02T16:09:00+0800 lvl=trce msg="Pooled new future transaction"          hash=0x001fc7ddcac992c29a7a001f1f252464bc797cff2a4925e04fe7efcac6c2133d from=0x66e0851F1a162869024b4C9f6b1C4Fc5cb4832F1 to=0x0000000000000000000000000000000000000000
t=2023-06-02T16:09:00+0800 lvl=trce msg="Removed old queued transactions"        count=0
t=2023-06-02T16:09:00+0800 lvl=trce msg="Removed unpayable queued transactions"  count=0
t=2023-06-02T16:09:00+0800 lvl=trce msg="Promoted queued transactions"           count=0
t=2023-06-02T16:09:00+0800 lvl=trce msg="Pooled new future transaction"          hash=0x2c09f72ba4f7dfc962b09bcce15491c1d6421efbd7fcba5699d0dc19128deacc from=0x7628e7c918DAaf4dfbF615023fDBcF72b8479bCe to=0x0000000000000000000000000000000000000000
t=2023-06-02T16:09:00+0800 lvl=trce msg="Removed old queued transactions"        count=0
t=2023-06-02T16:09:00+0800 lvl=trce msg="Removed unpayable queued transactions"  count=0
t=2023-06-02T16:09:00+0800 lvl=trce msg="Promoted queued transactions"           count=1
t=2023-06-02T16:09:00+0800 lvl=trce msg="Pooled new future transaction"          hash=0x5c573cd36db6ce9ebab4141c7bda2431a92229b44b2c7eee256a973e105cdfcd from=0x7628e7c918DAaf4dfbF615023fDBcF72b8479bCe to=0x0000000000000000000000000000000000000000
t=2023-06-02T16:09:00+0800 lvl=trce msg="Removed old queued transactions"        count=0
t=2023-06-02T16:09:00+0800 lvl=trce msg="Removed unpayable queued transactions"  count=0
t=2023-06-02T16:09:00+0800 lvl=trce msg="Promoted queued transactions"           count=0
t=2023-06-02T16:09:00+0800 lvl=trce msg="Pooled new future transaction"          hash=0x2e6f733ada2bcc46dc98e955c022ce69c9169c423fd7798cc60c05844b9aef39 from=0x66e0851F1a162869024b4C9f6b1C4Fc5cb4832F1 to=0x0000000000000000000000000000000000000000
t=2023-06-02T16:09:00+0800 lvl=trce msg="Removed old queued transactions"        count=0
t=2023-06-02T16:09:00+0800 lvl=trce msg="Removed unpayable queued transactions"  count=0
t=2023-06-02T16:09:00+0800 lvl=trce msg="Promoted queued transactions"           count=1
t=2023-06-02T16:09:00+0800 lvl=trce msg="Pooled new future transaction"          hash=0xc65e5245526002520f80695fe3ba21d71bec986f348969bedf77d37487384f3f from=0x66e0851F1a162869024b4C9f6b1C4Fc5cb4832F1 to=0x0000000000000000000000000000000000000000
t=2023-06-02T16:09:00+0800 lvl=trce msg="Removed old queued transactions"        count=0
t=2023-06-02T16:09:00+0800 lvl=trce msg="Removed unpayable queued transactions"  count=0
t=2023-06-02T16:09:00+0800 lvl=trce msg="Promoted queued transactions"           count=0
t=2023-06-02T16:09:00+0800 lvl=trce msg="Pooled new future transaction"          hash=0x9d0ba1b3a40f2720c3fc82cdf5bd3079a7d1d84247a87f50395a4ed7f2855b8e from=0x7628e7c918DAaf4dfbF615023fDBcF72b8479bCe to=0x0000000000000000000000000000000000000000
t=2023-06-02T16:09:00+0800 lvl=trce msg="Removed old queued transactions"        count=0
t=2023-06-02T16:09:00+0800 lvl=trce msg="Removed unpayable queued transactions"  count=0
t=2023-06-02T16:09:00+0800 lvl=trce msg="Promoted queued transactions"           count=1
t=2023-06-02T16:09:00+0800 lvl=trce msg="Pooled new future transaction"          hash=0xf5e12012e6b85fa0721af5e99acd8679dc06ddf278fb7f3200939c6a0e35ca01 from=0x7628e7c918DAaf4dfbF615023fDBcF72b8479bCe to=0x0000000000000000000000000000000000000000
t=2023-06-02T16:09:00+0800 lvl=trce msg="Removed old queued transactions"        count=0
t=2023-06-02T16:09:00+0800 lvl=trce msg="Removed unpayable queued transactions"  count=0
t=2023-06-02T16:09:00+0800 lvl=trce msg="Promoted queued transactions"           count=0
t=2023-06-02T16:09:00+0800 lvl=trce msg="Pooled new future transaction"          hash=0x8c0f37bab10c1ed9afa8917cbb98f43468604a3444f156a16b806b0b813336d9 from=0x66e0851F1a162869024b4C9f6b1C4Fc5cb4832F1 to=0x0000000000000000000000000000000000000000
t=2023-06-02T16:09:00+0800 lvl=trce msg="Removed old queued transactions"        count=0
t=2023-06-02T16:09:00+0800 lvl=trce msg="Removed unpayable queued transactions"  count=0
t=2023-06-02T16:09:00+0800 lvl=trce msg="Promoted queued transactions"           count=1
t=2023-06-02T16:09:00+0800 lvl=trce msg="Pooled new future transaction"          hash=0xf2f15ccc42d1049b07d8efae83f5e341c6226792118e0955c67f1e834fc154dd from=0x66e0851F1a162869024b4C9f6b1C4Fc5cb4832F1 to=0x0000000000000000000000000000000000000000
t=2023-06-02T16:09:00+0800 lvl=trce msg="Removed old queued transactions"        count=0
t=2023-06-02T16:09:00+0800 lvl=trce msg="Removed unpayable queued transactions"  count=0
t=2023-06-02T16:09:00+0800 lvl=trce msg="Promoted queued transactions"           count=0
t=2023-06-02T16:09:00+0800 lvl=trce msg="Pooled new future transaction"          hash=0xcd8843ea108dd37f7088e74bc4070fb95fe32ef82423fbef986f3685116f054c from=0x7628e7c918DAaf4dfbF615023fDBcF72b8479bCe to=0x0000000000000000000000000000000000000000
t=2023-06-02T16:09:00+0800 lvl=trce msg="Removed old queued transactions"        count=0
t=2023-06-02T16:09:00+0800 lvl=trce msg="Removed unpayable queued transactions"  count=0
t=2023-06-02T16:09:00+0800 lvl=trce msg="Promoted queued transactions"           count=1
t=2023-06-02T16:09:00+0800 lvl=trce msg="Pooled new future transaction"          hash=0xef65869a11220af6fcd5206e0dcc0433f64fab63a8797d72e07eafc48876be78 from=0x7628e7c918DAaf4dfbF615023fDBcF72b8479bCe to=0x0000000000000000000000000000000000000000
t=2023-06-02T16:09:00+0800 lvl=trce msg="Removed old queued transactions"        count=0
t=2023-06-02T16:09:00+0800 lvl=trce msg="Removed unpayable queued transactions"  count=0
t=2023-06-02T16:09:00+0800 lvl=trce msg="Promoted queued transactions"           count=0
t=2023-06-02T16:09:00+0800 lvl=trce msg="Pooled new future transaction"          hash=0xe866fdc09691ba3d6f3f9159fa87088ee14d7c65b4e63e23c80b82fc4cc2c707 from=0x66e0851F1a162869024b4C9f6b1C4Fc5cb4832F1 to=0x0000000000000000000000000000000000000000
t=2023-06-02T16:09:00+0800 lvl=trce msg="Removed old queued transactions"        count=0
t=2023-06-02T16:09:00+0800 lvl=trce msg="Removed unpayable queued transactions"  count=0
t=2023-06-02T16:09:00+0800 lvl=trce msg="Promoted queued transactions"           count=1
t=2023-06-02T16:09:00+0800 lvl=trce msg="Pooled new future transaction"          hash=0x8de14b14af2ff3671c125a9c08266758ea3ada6bbfca16d3be4decbef3085870 from=0x66e0851F1a162869024b4C9f6b1C4Fc5cb4832F1 to=0x0000000000000000000000000000000000000000
t=2023-06-02T16:09:00+0800 lvl=trce msg="Removed old queued transactions"        count=0
t=2023-06-02T16:09:00+0800 lvl=trce msg="Removed unpayable queued transactions"  count=0
t=2023-06-02T16:09:00+0800 lvl=trce msg="Promoted queued transactions"           count=0
t=2023-06-02T16:09:00+0800 lvl=trce msg="Pooled new future transaction"          hash=0x7f95e449bb442b4fc5d95a3ae3b295e3bc71cd1d0616c45a271f93287f63a154 from=0x7628e7c918DAaf4dfbF615023fDBcF72b8479bCe to=0x0000000000000000000000000000000000000000
t=2023-06-02T16:09:00+0800 lvl=trce msg="Removed old queued transactions"        count=0
t=2023-06-02T16:09:00+0800 lvl=trce msg="Removed unpayable queued transactions"  count=0
t=2023-06-02T16:09:00+0800 lvl=trce msg="Promoted queued transactions"           count=1
t=2023-06-02T16:09:00+0800 lvl=trce msg="Pooled new future transaction"          hash=0x23671e05dbf08fefb32d54d4b182b07438956371a4f459370c4aa2e0179ab300 from=0x7628e7c918DAaf4dfbF615023fDBcF72b8479bCe to=0x0000000000000000000000000000000000000000
t=2023-06-02T16:09:00+0800 lvl=trce msg="Removed old queued transactions"        count=0
t=2023-06-02T16:09:00+0800 lvl=trce msg="Removed unpayable queued transactions"  count=0
t=2023-06-02T16:09:00+0800 lvl=trce msg="Promoted queued transactions"           count=0
t=2023-06-02T16:09:00+0800 lvl=trce msg="Pooled new future transaction"          hash=0x89741e691c43a8bd863c8e91c80f4b6c115897f2659bc1db5904ad43c70229a2 from=0x66e0851F1a162869024b4C9f6b1C4Fc5cb4832F1 to=0x0000000000000000000000000000000000000000
t=2023-06-02T16:09:00+0800 lvl=trce msg="Removed old queued transactions"        count=0
t=2023-06-02T16:09:00+0800 lvl=trce msg="Removed unpayable queued transactions"  count=0
t=2023-06-02T16:09:00+0800 lvl=trce msg="Promoted queued transactions"           count=1
t=2023-06-02T16:09:00+0800 lvl=trce msg="Pooled new future transaction"          hash=0x76f2866d13de8686a28befd22709bb79e0bef3d55f5ef2062f8a8cf06513eb5c from=0x66e0851F1a162869024b4C9f6b1C4Fc5cb4832F1 to=0x0000000000000000000000000000000000000000
t=2023-06-02T16:09:00+0800 lvl=trce msg="Removed old queued transactions"        count=0
t=2023-06-02T16:09:00+0800 lvl=trce msg="Removed unpayable queued transactions"  count=0
t=2023-06-02T16:09:00+0800 lvl=trce msg="Promoted queued transactions"           count=0
t=2023-06-02T16:09:00+0800 lvl=trce msg="Pooled new future transaction"          hash=0x263ad64a64d7eb6c693e2625a15fd1bf31f74187fbcd4bb47ea57941c2fb9041 from=0x7628e7c918DAaf4dfbF615023fDBcF72b8479bCe to=0x0000000000000000000000000000000000000000
t=2023-06-02T16:09:00+0800 lvl=trce msg="Removed old queued transactions"        count=0
t=2023-06-02T16:09:00+0800 lvl=trce msg="Removed unpayable queued transactions"  count=0
t=2023-06-02T16:09:00+0800 lvl=trce msg="Promoted queued transactions"           count=1
t=2023-06-02T16:09:00+0800 lvl=trce msg="Pooled new future transaction"          hash=0x52b044650510ea7f8637b6770e97a4fd923ee885d7c3f7aed1b42fb52410593e from=0x7628e7c918DAaf4dfbF615023fDBcF72b8479bCe to=0x0000000000000000000000000000000000000000
t=2023-06-02T16:09:00+0800 lvl=trce msg="Removed old queued transactions"        count=0
t=2023-06-02T16:09:00+0800 lvl=trce msg="Removed unpayable queued transactions"  count=0
t=2023-06-02T16:09:00+0800 lvl=trce msg="Promoted queued transactions"           count=0
t=2023-06-02T16:09:00+0800 lvl=trce msg="Pooled new future transaction"          hash=0xf4897436d2007145c4157fc20672994620d9ea4ba9ae23f867119653e21d74fd from=0x66e0851F1a162869024b4C9f6b1C4Fc5cb4832F1 to=0x0000000000000000000000000000000000000000
t=2023-06-02T16:09:00+0800 lvl=trce msg="Removed old queued transactions"        count=0
t=2023-06-02T16:09:00+0800 lvl=trce msg="Removed unpayable queued transactions"  count=0
t=2023-06-02T16:09:00+0800 lvl=trce msg="Promoted queued transactions"           count=1
t=2023-06-02T16:09:00+0800 lvl=trce msg="Pooled new future transaction"          hash=0x28448e8e15506a160d26df2ec735e968b7febc4464382fd92a64833bfbf4896b from=0x66e0851F1a162869024b4C9f6b1C4Fc5cb4832F1 to=0x0000000000000000000000000000000000000000
t=2023-06-02T16:09:00+0800 lvl=trce msg="Removed old queued transactions"        count=0
t=2023-06-02T16:09:00+0800 lvl=trce msg="Removed unpayable queued transactions"  count=0
t=2023-06-02T16:09:00+0800 lvl=trce msg="Promoted queued transactions"           count=0
t=2023-06-02T16:09:00+0800 lvl=trce msg="Pooled new future transaction"          hash=0x57c3545eceb0fdc2ffb68cbade05219c76baad5b8f30628a97783690c356bd96 from=0x7628e7c918DAaf4dfbF615023fDBcF72b8479bCe to=0x0000000000000000000000000000000000000000
t=2023-06-02T16:09:00+0800 lvl=trce msg="Removed old queued transactions"        count=0
t=2023-06-02T16:09:00+0800 lvl=trce msg="Removed unpayable queued transactions"  count=0
t=2023-06-02T16:09:00+0800 lvl=trce msg="Promoted queued transactions"           count=1
t=2023-06-02T16:09:00+0800 lvl=trce msg="Pooled new future transaction"          hash=0xf0236838cbb3acf9ae693cb9a41c8d79d9ecab8734cbb13002691b5afcf4bd1f from=0x7628e7c918DAaf4dfbF615023fDBcF72b8479bCe to=0x0000000000000000000000000000000000000000
t=2023-06-02T16:09:00+0800 lvl=trce msg="Removed old queued transactions"        count=0
t=2023-06-02T16:09:00+0800 lvl=trce msg="Removed unpayable queued transactions"  count=0
t=2023-06-02T16:09:00+0800 lvl=trce msg="Promoted queued transactions"           count=0
t=2023-06-02T16:09:00+0800 lvl=trce msg="Pooled new future transaction"          hash=0x0f570a3b75d49e1d44e10fd0e6f4228dacabf7a695ab88c431eea60f2a682619 from=0x66e0851F1a162869024b4C9f6b1C4Fc5cb4832F1 to=0x0000000000000000000000000000000000000000
t=2023-06-02T16:09:00+0800 lvl=trce msg="Removed old queued transactions"        count=0
t=2023-06-02T16:09:00+0800 lvl=trce msg="Removed unpayable queued transactions"  count=0
t=2023-06-02T16:09:00+0800 lvl=trce msg="Promoted queued transactions"           count=1
t=2023-06-02T16:09:00+0800 lvl=trce msg="Pooled new future transaction"          hash=0x8f230dc731aa46a036bc58f01f0991b3cc3e12646b4efec5c3a941002122b93d from=0x66e0851F1a162869024b4C9f6b1C4Fc5cb4832F1 to=0x0000000000000000000000000000000000000000
t=2023-06-02T16:09:00+0800 lvl=trce msg="Removed old queued transactions"        count=0
t=2023-06-02T16:09:00+0800 lvl=trce msg="Removed unpayable queued transactions"  count=0
t=2023-06-02T16:09:00+0800 lvl=trce msg="Promoted queued transactions"           count=0
t=2023-06-02T16:09:00+0800 lvl=trce msg="Pooled new future transaction"          hash=0x9c0aead045455ca28a8771d1f66909113d1e1942342692978c5d5b57e9d73d5d from=0x7628e7c918DAaf4dfbF615023fDBcF72b8479bCe to=0x0000000000000000000000000000000000000000
t=2023-06-02T16:09:00+0800 lvl=trce msg="Removed old queued transactions"        count=0
t=2023-06-02T16:09:00+0800 lvl=trce msg="Removed unpayable queued transactions"  count=0
t=2023-06-02T16:09:00+0800 lvl=trce msg="Promoted queued transactions"           count=1
t=2023-06-02T16:09:00+0800 lvl=trce msg="Pooled new future transaction"          hash=0xcbfbc793c5084fc4a9ab1b4fda28491b5af3fb6ed42045cbc259b842de7abfab from=0x7628e7c918DAaf4dfbF615023fDBcF72b8479bCe to=0x0000000000000000000000000000000000000000
t=2023-06-02T16:09:00+0800 lvl=trce msg="Removed old queued transactions"        count=0
t=2023-06-02T16:09:00+0800 lvl=trce msg="Removed unpayable queued transactions"  count=0
t=2023-06-02T16:09:00+0800 lvl=trce msg="Promoted queued transactions"           count=0
t=2023-06-02T16:09:00+0800 lvl=trce msg="Pooled new future transaction"          hash=0x83fec2597dea34a8bfd83c17a92ea652516b11392b4ff11e0fbba69c8e579b4a from=0x66e0851F1a162869024b4C9f6b1C4Fc5cb4832F1 to=0x0000000000000000000000000000000000000000
t=2023-06-02T16:09:00+0800 lvl=trce msg="Removed old queued transactions"        count=0
t=2023-06-02T16:09:00+0800 lvl=trce msg="Removed unpayable queued transactions"  count=0
t=2023-06-02T16:09:00+0800 lvl=trce msg="Promoted queued transactions"           count=1
t=2023-06-02T16:09:00+0800 lvl=trce msg="Pooled new future transaction"          hash=0x35099fe4b4f8d77ec257b4f3ad75332029c836f583c7675049c93871a6135b73 from=0x66e0851F1a162869024b4C9f6b1C4Fc5cb4832F1 to=0x0000000000000000000000000000000000000000
t=2023-06-02T16:09:00+0800 lvl=trce msg="Removed old queued transactions"        count=0
t=2023-06-02T16:09:00+0800 lvl=trce msg="Removed unpayable queued transactions"  count=0
t=2023-06-02T16:09:00+0800 lvl=trce msg="Promoted queued transactions"           count=0
t=2023-06-02T16:09:00+0800 lvl=trce msg="Pooled new future transaction"          hash=0xdbedc2fbffe1257b1968f0ecf9bc0f58c62583af4e84437abd82099ceafa52de from=0x7628e7c918DAaf4dfbF615023fDBcF72b8479bCe to=0x0000000000000000000000000000000000000000
t=2023-06-02T16:09:00+0800 lvl=trce msg="Removed old queued transactions"        count=0
t=2023-06-02T16:09:00+0800 lvl=trce msg="Removed unpayable queued transactions"  count=0
t=2023-06-02T16:09:00+0800 lvl=trce msg="Promoted queued transactions"           count=1
t=2023-06-02T16:09:00+0800 lvl=trce msg="Pooled new future transaction"          hash=0x18faaa2e7ee58c3bdec1d43e0b623bf3d1fb1127ed0581f5599211b8cdeef765 from=0x7628e7c918DAaf4dfbF615023fDBcF72b8479bCe to=0x0000000000000000000000000000000000000000
t=2023-06-02T16:09:00+0800 lvl=trce msg="Removed old queued transactions"        count=0
t=2023-06-02T16:09:00+0800 lvl=trce msg="Removed unpayable queued transactions"  count=0
t=2023-06-02T16:09:00+0800 lvl=trce msg="Promoted queued transactions"           count=0
t=2023-06-02T16:09:00+0800 lvl=trce msg="Pooled new future transaction"          hash=0xa836e4a28576524f656ad01fca3a833fabb7913d6bb9b41a67ad8231cbc53aa3 from=0x66e0851F1a162869024b4C9f6b1C4Fc5cb4832F1 to=0x0000000000000000000000000000000000000000
t=2023-06-02T16:09:00+0800 lvl=trce msg="Removed old queued transactions"        count=0
t=2023-06-02T16:09:00+0800 lvl=trce msg="Removed unpayable queued transactions"  count=0
t=2023-06-02T16:09:00+0800 lvl=trce msg="Promoted queued transactions"           count=1
t=2023-06-02T16:09:00+0800 lvl=trce msg="Pooled new future transaction"          hash=0x38844890aa2499c8564dad2405d64e6958980fc3d25c4005809d5a3e0ac999c1 from=0x66e0851F1a162869024b4C9f6b1C4Fc5cb4832F1 to=0x0000000000000000000000000000000000000000
t=2023-06-02T16:09:00+0800 lvl=trce msg="Removed old queued transactions"        count=0
t=2023-06-02T16:09:00+0800 lvl=trce msg="Removed unpayable queued transactions"  count=0
t=2023-06-02T16:09:00+0800 lvl=trce msg="Promoted queued transactions"           count=0
t=2023-06-02T16:09:00+0800 lvl=trce msg="Pooled new future transaction"          hash=0x09db81609f09d667c4e96a90d0c066cb51045bf26c36777642a0d08b2b55ed81 from=0x7628e7c918DAaf4dfbF615023fDBcF72b8479bCe to=0x0000000000000000000000000000000000000000
t=2023-06-02T16:09:00+0800 lvl=trce msg="Removed old queued transactions"        count=0
t=2023-06-02T16:09:00+0800 lvl=trce msg="Removed unpayable queued transactions"  count=0
t=2023-06-02T16:09:00+0800 lvl=trce msg="Promoted queued transactions"           count=1
t=2023-06-02T16:09:00+0800 lvl=trce msg="Pooled new future transaction"          hash=0x901739d4ebdfd1a3976cfe9e53c91a2068408244306a0be0ae9552a8730eeda6 from=0x7628e7c918DAaf4dfbF615023fDBcF72b8479bCe to=0x0000000000000000000000000000000000000000
t=2023-06-02T16:09:00+0800 lvl=trce msg="Removed old queued transactions"        count=0
t=2023-06-02T16:09:00+0800 lvl=trce msg="Removed unpayable queued transactions"  count=0
t=2023-06-02T16:09:00+0800 lvl=trce msg="Promoted queued transactions"           count=0
t=2023-06-02T16:09:00+0800 lvl=trce msg="Pooled new future transaction"          hash=0x463c57c077e2cfcfa6e18d8c762f67f85b2abf84db33716528572643c9cc4f1b from=0x66e0851F1a162869024b4C9f6b1C4Fc5cb4832F1 to=0x0000000000000000000000000000000000000000
t=2023-06-02T16:09:00+0800 lvl=trce msg="Removed old queued transactions"        count=0
t=2023-06-02T16:09:00+0800 lvl=trce msg="Removed unpayable queued transactions"  count=0
t=2023-06-02T16:09:00+0800 lvl=trce msg="Promoted queued transactions"           count=1
t=2023-06-02T16:09:00+0800 lvl=trce msg="Pooled new future transaction"          hash=0x60ca4149f257e8c2e4c326985526fd6f838f41a7a9eb318d1dcf90bada6719c3 from=0x66e0851F1a162869024b4C9f6b1C4Fc5cb4832F1 to=0x0000000000000000000000000000000000000000
t=2023-06-02T16:09:00+0800 lvl=trce msg="Removed old queued transactions"        count=0
t=2023-06-02T16:09:00+0800 lvl=trce msg="Removed unpayable queued transactions"  count=0
t=2023-06-02T16:09:00+0800 lvl=trce msg="Promoted queued transactions"           count=0
t=2023-06-02T16:09:00+0800 lvl=trce msg="Pooled new future transaction"          hash=0xc3775d5e12c03590f8748b7c0259b722cd61d01e8a296453d52732a21119967f from=0x7628e7c918DAaf4dfbF615023fDBcF72b8479bCe to=0x0000000000000000000000000000000000000000
t=2023-06-02T16:09:00+0800 lvl=trce msg="Removed old queued transactions"        count=0
t=2023-06-02T16:09:00+0800 lvl=trce msg="Removed unpayable queued transactions"  count=0
t=2023-06-02T16:09:00+0800 lvl=trce msg="Promoted queued transactions"           count=1
t=2023-06-02T16:09:00+0800 lvl=trce msg="Pooled new future transaction"          hash=0xcd6dc9240d76d28cea316a15a5f574f87b9495e278cf0028e43ead923d318377 from=0x7628e7c918DAaf4dfbF615023fDBcF72b8479bCe to=0x0000000000000000000000000000000000000000
t=2023-06-02T16:09:00+0800 lvl=trce msg="Removed old queued transactions"        count=0
t=2023-06-02T16:09:00+0800 lvl=trce msg="Removed unpayable queued transactions"  count=0
t=2023-06-02T16:09:00+0800 lvl=trce msg="Promoted queued transactions"           count=0
t=2023-06-02T16:09:00+0800 lvl=trce msg="Pooled new future transaction"          hash=0xeb0a3bfddde18c5a2764998ccc5e6f9aa109903b2f22f2ef004df2b43b4da527 from=0x66e0851F1a162869024b4C9f6b1C4Fc5cb4832F1 to=0x0000000000000000000000000000000000000000
t=2023-06-02T16:09:00+0800 lvl=trce msg="Removed old queued transactions"        count=0
t=2023-06-02T16:09:00+0800 lvl=trce msg="Removed unpayable queued transactions"  count=0
t=2023-06-02T16:09:00+0800 lvl=trce msg="Promoted queued transactions"           count=1
t=2023-06-02T16:09:00+0800 lvl=trce msg="Pooled new future transaction"          hash=0x16e8ca81545f8634f24a96dfe0f29a94175a8e880a5103a88c0960c1137a09bf from=0x66e0851F1a162869024b4C9f6b1C4Fc5cb4832F1 to=0x0000000000000000000000000000000000000000
t=2023-06-02T16:09:00+0800 lvl=trce msg="Removed old queued transactions"        count=0
t=2023-06-02T16:09:00+0800 lvl=trce msg="Removed unpayable queued transactions"  count=0
t=2023-06-02T16:09:00+0800 lvl=trce msg="Promoted queued transactions"           count=0
t=2023-06-02T16:09:00+0800 lvl=trce msg="Pooled new future transaction"          hash=0x1dd173ba74b8c49dce331139e4de6dabc6539d8eb65549086e4eedc5a063ed42 from=0x7628e7c918DAaf4dfbF615023fDBcF72b8479bCe to=0x0000000000000000000000000000000000000000
t=2023-06-02T16:09:00+0800 lvl=trce msg="Removed old queued transactions"        count=0
t=2023-06-02T16:09:00+0800 lvl=trce msg="Removed unpayable queued transactions"  count=0
t=2023-06-02T16:09:00+0800 lvl=trce msg="Promoted queued transactions"           count=1
t=2023-06-02T16:09:00+0800 lvl=trce msg="Pooled new future transaction"          hash=0x983cd5f0a34746ef90f08028e1fe0f60f06d5745649172b43ad830fca08ee0f0 from=0x7628e7c918DAaf4dfbF615023fDBcF72b8479bCe to=0x0000000000000000000000000000000000000000
t=2023-06-02T16:09:00+0800 lvl=trce msg="Removed old queued transactions"        count=0
t=2023-06-02T16:09:00+0800 lvl=trce msg="Removed unpayable queued transactions"  count=0
t=2023-06-02T16:09:00+0800 lvl=trce msg="Promoted queued transactions"           count=0
t=2023-06-02T16:09:00+0800 lvl=trce msg="Pooled new future transaction"          hash=0xd86f957e79ac0a7ffc63e968407a3447786e48f65e59040c3c5a466cb21ed98a from=0x66e0851F1a162869024b4C9f6b1C4Fc5cb4832F1 to=0x0000000000000000000000000000000000000000
t=2023-06-02T16:09:00+0800 lvl=trce msg="Removed old queued transactions"        count=0
t=2023-06-02T16:09:00+0800 lvl=trce msg="Removed unpayable queued transactions"  count=0
t=2023-06-02T16:09:00+0800 lvl=trce msg="Promoted queued transactions"           count=1
t=2023-06-02T16:09:00+0800 lvl=trce msg="Pooled new future transaction"          hash=0xddf9491bc405a713c5245515afca00a73df615e320360680f58d5fd17a6ee2ae from=0x66e0851F1a162869024b4C9f6b1C4Fc5cb4832F1 to=0x0000000000000000000000000000000000000000
t=2023-06-02T16:09:00+0800 lvl=trce msg="Removed old queued transactions"        count=0
t=2023-06-02T16:09:00+0800 lvl=trce msg="Removed unpayable queued transactions"  count=0
t=2023-06-02T16:09:00+0800 lvl=trce msg="Promoted queued transactions"           count=0
t=2023-06-02T16:09:00+0800 lvl=trce msg="Pooled new future transaction"          hash=0x3b7419b3fb5b4eb4fcf8fca3ef7aba6726ae156924d0f4e855e29bf41d41370e from=0x7628e7c918DAaf4dfbF615023fDBcF72b8479bCe to=0x0000000000000000000000000000000000000000
t=2023-06-02T16:09:00+0800 lvl=trce msg="Removed old queued transactions"        count=0
t=2023-06-02T16:09:00+0800 lvl=trce msg="Removed unpayable queued transactions"  count=0
t=2023-06-02T16:09:00+0800 lvl=trce msg="Promoted queued transactions"           count=1
t=2023-06-02T16:09:00+0800 lvl=trce msg="Pooled new future transaction"          hash=0x326ab013dd4d3b6cec5fb399ba47c275a5b45485b1fef9fb1ec7fc13b2b71064 from=0x7628e7c918DAaf4dfbF615023fDBcF72b8479bCe to=0x0000000000000000000000000000000000000000
t=2023-06-02T16:09:00+0800 lvl=trce msg="Removed old queued transactions"        count=0
t=2023-06-02T16:09:00+0800 lvl=trce msg="Removed unpayable queued transactions"  count=0
t=2023-06-02T16:09:00+0800 lvl=trce msg="Promoted queued transactions"           count=0
t=2023-06-02T16:09:00+0800 lvl=trce msg="Pooled new future transaction"          hash=0x63bec9f52d2498a9a1855bb98d77241d3f4c5be7c08665e40625516833093fe2 from=0x66e0851F1a162869024b4C9f6b1C4Fc5cb4832F1 to=0x0000000000000000000000000000000000000000
t=2023-06-02T16:09:00+0800 lvl=trce msg="Removed old queued transactions"        count=0
t=2023-06-02T16:09:00+0800 lvl=trce msg="Removed unpayable queued transactions"  count=0
t=2023-06-02T16:09:00+0800 lvl=trce msg="Promoted queued transactions"           count=1
t=2023-06-02T16:09:00+0800 lvl=trce msg="Pooled new future transaction"          hash=0x1a6832e5aaabb07de2cbe41fff0323acfd90e245964ccac1f0b3d7e68ab9c4ce from=0x66e0851F1a162869024b4C9f6b1C4Fc5cb4832F1 to=0x0000000000000000000000000000000000000000
t=2023-06-02T16:09:00+0800 lvl=trce msg="Removed old queued transactions"        count=0
t=2023-06-02T16:09:00+0800 lvl=trce msg="Removed unpayable queued transactions"  count=0
t=2023-06-02T16:09:00+0800 lvl=trce msg="Promoted queued transactions"           count=0
t=2023-06-02T16:09:00+0800 lvl=trce msg="Pooled new future transaction"          hash=0xbe6ed0ffe9ee2fa22502e08bc32ebe22f84c6c3b5cf7a96dfaf6f929a746d8fb from=0x7628e7c918DAaf4dfbF615023fDBcF72b8479bCe to=0x0000000000000000000000000000000000000000
t=2023-06-02T16:09:00+0800 lvl=trce msg="Removed old queued transactions"        count=0
t=2023-06-02T16:09:00+0800 lvl=trce msg="Removed unpayable queued transactions"  count=0
t=2023-06-02T16:09:00+0800 lvl=trce msg="Promoted queued transactions"           count=1
t=2023-06-02T16:09:00+0800 lvl=trce msg="Pooled new future transaction"          hash=0x76f660886367181bdac4585f852a792bced084057a5220d5f027e8e3c3a0f375 from=0x7628e7c918DAaf4dfbF615023fDBcF72b8479bCe to=0x0000000000000000000000000000000000000000
t=2023-06-02T16:09:00+0800 lvl=trce msg="Removed old queued transactions"        count=0
t=2023-06-02T16:09:00+0800 lvl=trce msg="Removed unpayable queued transactions"  count=0
t=2023-06-02T16:09:00+0800 lvl=trce msg="Promoted queued transactions"           count=0
t=2023-06-02T16:09:00+0800 lvl=trce msg="Pooled new future transaction"          hash=0x66c9cd19ae4afe14a2854d79a9d17b21cb91dba50029753ce714bce1ab0dc931 from=0x66e0851F1a162869024b4C9f6b1C4Fc5cb4832F1 to=0x0000000000000000000000000000000000000000
t=2023-06-02T16:09:00+0800 lvl=trce msg="Removed old queued transactions"        count=0
t=2023-06-02T16:09:00+0800 lvl=trce msg="Removed unpayable queued transactions"  count=0
t=2023-06-02T16:09:00+0800 lvl=trce msg="Promoted queued transactions"           count=1
t=2023-06-02T16:09:00+0800 lvl=trce msg="Pooled new future transaction"          hash=0xf4aca82458b22a0b04364d1812851d6e945b8d21bfb5fe273e82b57f4d3b950e from=0x66e0851F1a162869024b4C9f6b1C4Fc5cb4832F1 to=0x0000000000000000000000000000000000000000
t=2023-06-02T16:09:00+0800 lvl=trce msg="Removed old queued transactions"        count=0
t=2023-06-02T16:09:00+0800 lvl=trce msg="Removed unpayable queued transactions"  count=0
t=2023-06-02T16:09:00+0800 lvl=trce msg="Promoted queued transactions"           count=0
t=2023-06-02T16:09:00+0800 lvl=trce msg="Pooled new future transaction"          hash=0x52077efc4a01f0674946f8fb36a1168cc24d3eda7c578b3333534b92d257a477 from=0x7628e7c918DAaf4dfbF615023fDBcF72b8479bCe to=0x0000000000000000000000000000000000000000
t=2023-06-02T16:09:00+0800 lvl=trce msg="Removed old queued transactions"        count=0
t=2023-06-02T16:09:00+0800 lvl=trce msg="Removed unpayable queued transactions"  count=0
t=2023-06-02T16:09:00+0800 lvl=trce msg="Promoted queued transactions"           count=1
t=2023-06-02T16:09:00+0800 lvl=trce msg="Pooled new future transaction"          hash=0xfb10706c647ce7336eeef2deae9f6ff83a7fc8f42440aaf2694ba68fd3e9dc79 from=0x7628e7c918DAaf4dfbF615023fDBcF72b8479bCe to=0x0000000000000000000000000000000000000000
t=2023-06-02T16:09:00+0800 lvl=trce msg="Removed old queued transactions"        count=0
t=2023-06-02T16:09:00+0800 lvl=trce msg="Removed unpayable queued transactions"  count=0
t=2023-06-02T16:09:00+0800 lvl=trce msg="Promoted queued transactions"           count=0
t=2023-06-02T16:09:00+0800 lvl=trce msg="Pooled new future transaction"          hash=0x9e87d79cb3738c8867443d917db775fa5cb48d280d3b945baca10e80660b7824 from=0x66e0851F1a162869024b4C9f6b1C4Fc5cb4832F1 to=0x0000000000000000000000000000000000000000
t=2023-06-02T16:09:00+0800 lvl=trce msg="Removed old queued transactions"        count=0
t=2023-06-02T16:09:00+0800 lvl=trce msg="Removed unpayable queued transactions"  count=0
t=2023-06-02T16:09:00+0800 lvl=trce msg="Promoted queued transactions"           count=1
t=2023-06-02T16:09:00+0800 lvl=trce msg="Pooled new future transaction"          hash=0x0f8674b1cc0ddc0fc5381f568775faefb08543e49827ae7d917636a6bb62ceeb from=0x66e0851F1a162869024b4C9f6b1C4Fc5cb4832F1 to=0x0000000000000000000000000000000000000000
t=2023-06-02T16:09:00+0800 lvl=trce msg="Removed old queued transactions"        count=0
t=2023-06-02T16:09:00+0800 lvl=trce msg="Removed unpayable queued transactions"  count=0
t=2023-06-02T16:09:00+0800 lvl=trce msg="Promoted queued transactions"           count=0
t=2023-06-02T16:09:00+0800 lvl=trce msg="Pooled new future transaction"          hash=0x38ccb9b3e02d0bf0af5c6bb0b4c2b2b9d43370289d5c6848f940d55fd951bfbd from=0x7628e7c918DAaf4dfbF615023fDBcF72b8479bCe to=0x0000000000000000000000000000000000000000
t=2023-06-02T16:09:00+0800 lvl=trce msg="Removed old queued transactions"        count=0
t=2023-06-02T16:09:00+0800 lvl=trce msg="Removed unpayable queued transactions"  count=0
t=2023-06-02T16:09:00+0800 lvl=trce msg="Promoted queued transactions"           count=1
t=2023-06-02T16:09:00+0800 lvl=trce msg="Pooled new future transaction"          hash=0xe46047d2a604225edbc96b232b0a7671445503b49429df764e9f87348a1b0d40 from=0x7628e7c918DAaf4dfbF615023fDBcF72b8479bCe to=0x0000000000000000000000000000000000000000
t=2023-06-02T16:09:00+0800 lvl=trce msg="Removed old queued transactions"        count=0
t=2023-06-02T16:09:00+0800 lvl=trce msg="Removed unpayable queued transactions"  count=0
t=2023-06-02T16:09:00+0800 lvl=trce msg="Promoted queued transactions"           count=0
t=2023-06-02T16:09:00+0800 lvl=trce msg="Pooled new future transaction"          hash=0x59625180fe37b62b06902ada40170eb5ae2208937e97f845d701cace4082bd93 from=0x66e0851F1a162869024b4C9f6b1C4Fc5cb4832F1 to=0x0000000000000000000000000000000000000000
t=2023-06-02T16:09:00+0800 lvl=trce msg="Removed old queued transactions"        count=0
t=2023-06-02T16:09:00+0800 lvl=trce msg="Removed unpayable queued transactions"  count=0
t=2023-06-02T16:09:00+0800 lvl=trce msg="Promoted queued transactions"           count=1
t=2023-06-02T16:09:00+0800 lvl=trce msg="Pooled new future transaction"          hash=0xd62433e3aee5f1617c7c8678520fe9176531521c7ec94f903789089a65ef9775 from=0x66e0851F1a162869024b4C9f6b1C4Fc5cb4832F1 to=0x0000000000000000000000000000000000000000
t=2023-06-02T16:09:00+0800 lvl=trce msg="Removed old queued transactions"        count=0
t=2023-06-02T16:09:00+0800 lvl=trce msg="Removed unpayable queued transactions"  count=0
t=2023-06-02T16:09:00+0800 lvl=trce msg="Promoted queued transactions"           count=0
t=2023-06-02T16:09:00+0800 lvl=trce msg="Pooled new future transaction"          hash=0x54263929d9ed2357166ec27ada7598c80e786e301123e2f72216a4f2d247a260 from=0x7628e7c918DAaf4dfbF615023fDBcF72b8479bCe to=0x0000000000000000000000000000000000000000
t=2023-06-02T16:09:00+0800 lvl=trce msg="Removed old queued transactions"        count=0
t=2023-06-02T16:09:00+0800 lvl=trce msg="Removed unpayable queued transactions"  count=0
t=2023-06-02T16:09:00+0800 lvl=trce msg="Promoted queued transactions"           count=1
t=2023-06-02T16:09:00+0800 lvl=trce msg="Pooled new future transaction"          hash=0x9229e0a144a431609755da7a0b5afd5e7f0f87d497ffe54b40c89a400c8c723e from=0x7628e7c918DAaf4dfbF615023fDBcF72b8479bCe to=0x0000000000000000000000000000000000000000
t=2023-06-02T16:09:00+0800 lvl=trce msg="Removed old queued transactions"        count=0
t=2023-06-02T16:09:00+0800 lvl=trce msg="Removed unpayable queued transactions"  count=0
t=2023-06-02T16:09:00+0800 lvl=trce msg="Promoted queued transactions"           count=0
t=2023-06-02T16:09:00+0800 lvl=trce msg="Pooled new future transaction"          hash=0xd14c765ead7f1913fe58da21073add4c23764f9b3b69635ea932ab544e3f1afb from=0x66e0851F1a162869024b4C9f6b1C4Fc5cb4832F1 to=0x0000000000000000000000000000000000000000
t=2023-06-02T16:09:00+0800 lvl=trce msg="Removed old queued transactions"        count=0
t=2023-06-02T16:09:00+0800 lvl=trce msg="Removed unpayable queued transactions"  count=0
t=2023-06-02T16:09:00+0800 lvl=trce msg="Promoted queued transactions"           count=1
t=2023-06-02T16:09:00+0800 lvl=trce msg="Pooled new future transaction"          hash=0x039d11b91c8b79d2b21d626038da42f2e859ea36be377c781cc8164a7a76811e from=0x66e0851F1a162869024b4C9f6b1C4Fc5cb4832F1 to=0x0000000000000000000000000000000000000000
t=2023-06-02T16:09:00+0800 lvl=trce msg="Removed old queued transactions"        count=0
t=2023-06-02T16:09:00+0800 lvl=trce msg="Removed unpayable queued transactions"  count=0
t=2023-06-02T16:09:00+0800 lvl=trce msg="Promoted queued transactions"           count=0
t=2023-06-02T16:09:00+0800 lvl=trce msg="Pooled new future transaction"          hash=0x7fe0de022080e434593a16aae6d3d20bcaab25d5a940a1b279409bffea9c1699 from=0x7628e7c918DAaf4dfbF615023fDBcF72b8479bCe to=0x0000000000000000000000000000000000000000
t=2023-06-02T16:09:00+0800 lvl=trce msg="Removed old queued transactions"        count=0
t=2023-06-02T16:09:00+0800 lvl=trce msg="Removed unpayable queued transactions"  count=0
t=2023-06-02T16:09:00+0800 lvl=trce msg="Promoted queued transactions"           count=1
t=2023-06-02T16:09:00+0800 lvl=trce msg="Pooled new future transaction"          hash=0x3cdebe7cb421b745e5d8d265bce58cd737a283925300cf723f9edf38f8ac2ad2 from=0x7628e7c918DAaf4dfbF615023fDBcF72b8479bCe to=0x0000000000000000000000000000000000000000
t=2023-06-02T16:09:00+0800 lvl=trce msg="Removed old queued transactions"        count=0
t=2023-06-02T16:09:00+0800 lvl=trce msg="Removed unpayable queued transactions"  count=0
t=2023-06-02T16:09:00+0800 lvl=trce msg="Promoted queued transactions"           count=0
t=2023-06-02T16:09:00+0800 lvl=trce msg="Pooled new future transaction"          hash=0x7a18456f65da54d62876183e679797573cbe046eb7642b487626fc8bcd61da3e from=0x66e0851F1a162869024b4C9f6b1C4Fc5cb4832F1 to=0x0000000000000000000000000000000000000000
t=2023-06-02T16:09:00+0800 lvl=trce msg="Removed old queued transactions"        count=0
t=2023-06-02T16:09:00+0800 lvl=trce msg="Removed unpayable queued transactions"  count=0
t=2023-06-02T16:09:00+0800 lvl=trce msg="Promoted queued transactions"           count=1
t=2023-06-02T16:09:00+0800 lvl=trce msg="Pooled new future transaction"          hash=0xdf75df7170dbfd6e56fa91480f70839083e9453d1bc1220fde27fcdbe6d50a2b from=0x66e0851F1a162869024b4C9f6b1C4Fc5cb4832F1 to=0x0000000000000000000000000000000000000000
t=2023-06-02T16:09:00+0800 lvl=trce msg="Removed old queued transactions"        count=0
t=2023-06-02T16:09:00+0800 lvl=trce msg="Removed unpayable queued transactions"  count=0
t=2023-06-02T16:09:00+0800 lvl=trce msg="Promoted queued transactions"           count=0
t=2023-06-02T16:09:00+0800 lvl=trce msg="Pooled new future transaction"          hash=0xf45c00d0689a35ef314beeeaa78f741b67de4cb53fdbb515cd1adff61fc5c196 from=0x7628e7c918DAaf4dfbF615023fDBcF72b8479bCe to=0x0000000000000000000000000000000000000000
t=2023-06-02T16:09:00+0800 lvl=trce msg="Removed old queued transactions"        count=0
t=2023-06-02T16:09:00+0800 lvl=trce msg="Removed unpayable queued transactions"  count=0
t=2023-06-02T16:09:00+0800 lvl=trce msg="Promoted queued transactions"           count=1
t=2023-06-02T16:09:00+0800 lvl=trce msg="Pooled new future transaction"          hash=0xca991e15001dc9e3071c6e7943ea3bb0669ff407f37604462afbcaee29d93637 from=0x7628e7c918DAaf4dfbF615023fDBcF72b8479bCe to=0x0000000000000000000000000000000000000000
t=2023-06-02T16:09:00+0800 lvl=trce msg="Removed old queued transactions"        count=0
t=2023-06-02T16:09:00+0800 lvl=trce msg="Removed unpayable queued transactions"  count=0
t=2023-06-02T16:09:00+0800 lvl=trce msg="Promoted queued transactions"           count=0
t=2023-06-02T16:09:00+0800 lvl=trce msg="Pooled new future transaction"          hash=0xd253a3ac24526af58e52c3559f2d56b32fdd49bc5b7eb3ebe245b57fe0796ee9 from=0x66e0851F1a162869024b4C9f6b1C4Fc5cb4832F1 to=0x0000000000000000000000000000000000000000
t=2023-06-02T16:09:00+0800 lvl=trce msg="Removed old queued transactions"        count=0
t=2023-06-02T16:09:00+0800 lvl=trce msg="Removed unpayable queued transactions"  count=0
t=2023-06-02T16:09:00+0800 lvl=trce msg="Promoted queued transactions"           count=1
t=2023-06-02T16:09:00+0800 lvl=trce msg="Pooled new future transaction"          hash=0x5681bbf7461e355a83099aecb983528e0e4e2d740a66f0b811f04d61f9906e4c from=0x66e0851F1a162869024b4C9f6b1C4Fc5cb4832F1 to=0x0000000000000000000000000000000000000000
t=2023-06-02T16:09:00+0800 lvl=trce msg="Removed old queued transactions"        count=0
t=2023-06-02T16:09:00+0800 lvl=trce msg="Removed unpayable queued transactions"  count=0
t=2023-06-02T16:09:00+0800 lvl=trce msg="Promoted queued transactions"           count=0
t=2023-06-02T16:09:00+0800 lvl=trce msg="Pooled new future transaction"          hash=0x9beae922122b9be7f2e71295c61ee97ece90bf9016669f8aec0e800e9a7ca21d from=0x7628e7c918DAaf4dfbF615023fDBcF72b8479bCe to=0x0000000000000000000000000000000000000000
t=2023-06-02T16:09:00+0800 lvl=trce msg="Removed old queued transactions"        count=0
t=2023-06-02T16:09:00+0800 lvl=trce msg="Removed unpayable queued transactions"  count=0
t=2023-06-02T16:09:00+0800 lvl=trce msg="Promoted queued transactions"           count=1
t=2023-06-02T16:09:00+0800 lvl=trce msg="Pooled new future transaction"          hash=0x22d2e6be46ab3f754a000fe1bbaac1fef71a89cf7ef10f1a9f5433af34277b0d from=0x7628e7c918DAaf4dfbF615023fDBcF72b8479bCe to=0x0000000000000000000000000000000000000000
t=2023-06-02T16:09:00+0800 lvl=trce msg="Removed old queued transactions"        count=0
t=2023-06-02T16:09:00+0800 lvl=trce msg="Removed unpayable queued transactions"  count=0
t=2023-06-02T16:09:00+0800 lvl=trce msg="Promoted queued transactions"           count=0
t=2023-06-02T16:09:00+0800 lvl=trce msg="Pooled new future transaction"          hash=0xb7a77aa67bc86e7b7f3696ab9f460195e16a590239a3d847f5cd2dc6cb584328 from=0x66e0851F1a162869024b4C9f6b1C4Fc5cb4832F1 to=0x0000000000000000000000000000000000000000
t=2023-06-02T16:09:00+0800 lvl=trce msg="Removed old queued transactions"        count=0
t=2023-06-02T16:09:00+0800 lvl=trce msg="Removed unpayable queued transactions"  count=0
t=2023-06-02T16:09:00+0800 lvl=trce msg="Promoted queued transactions"           count=1
t=2023-06-02T16:09:00+0800 lvl=trce msg="Pooled new future transaction"          hash=0x62c3904128d5585cf126ff7ca24addf9398a04914946c4c29bd07952c8660b4b from=0x66e0851F1a162869024b4C9f6b1C4Fc5cb4832F1 to=0x0000000000000000000000000000000000000000
t=2023-06-02T16:09:00+0800 lvl=trce msg="Removed old queued transactions"        count=0
t=2023-06-02T16:09:00+0800 lvl=trce msg="Removed unpayable queued transactions"  count=0
t=2023-06-02T16:09:00+0800 lvl=trce msg="Promoted queued transactions"           count=0
t=2023-06-02T16:09:00+0800 lvl=trce msg="Pooled new future transaction"          hash=0xb4f239692a6a6d31a6588c40ea976d309f3b4dbd964f8aa6342d34973169b2fc from=0x7628e7c918DAaf4dfbF615023fDBcF72b8479bCe to=0x0000000000000000000000000000000000000000
t=2023-06-02T16:09:00+0800 lvl=trce msg="Removed old queued transactions"        count=0
t=2023-06-02T16:09:00+0800 lvl=trce msg="Removed unpayable queued transactions"  count=0
t=2023-06-02T16:09:00+0800 lvl=trce msg="Promoted queued transactions"           count=1
t=2023-06-02T16:09:00+0800 lvl=trce msg="Pooled new future transaction"          hash=0x36eb65079e708fba4b76927137bbdf6d3417b852fd3bfc31ba077a81da51f5ac from=0x7628e7c918DAaf4dfbF615023fDBcF72b8479bCe to=0x0000000000000000000000000000000000000000
t=2023-06-02T16:09:00+0800 lvl=trce msg="Removed old queued transactions"        count=0
t=2023-06-02T16:09:00+0800 lvl=trce msg="Removed unpayable queued transactions"  count=0
t=2023-06-02T16:09:00+0800 lvl=trce msg="Promoted queued transactions"           count=0
t=2023-06-02T16:09:00+0800 lvl=trce msg="Pooled new future transaction"          hash=0x3282146e86a60e3f3ce5fca26356b10ba896862eb5973e0be914547f872a58c6 from=0x66e0851F1a162869024b4C9f6b1C4Fc5cb4832F1 to=0x0000000000000000000000000000000000000000
t=2023-06-02T16:09:00+0800 lvl=trce msg="Removed old queued transactions"        count=0
t=2023-06-02T16:09:00+0800 lvl=trce msg="Removed unpayable queued transactions"  count=0
t=2023-06-02T16:09:00+0800 lvl=trce msg="Promoted queued transactions"           count=1
t=2023-06-02T16:09:00+0800 lvl=trce msg="Pooled new future transaction"          hash=0x6d4f40854ba8da38a07fc3b75be883752199292c4b51f87bc3ed9a7322246185 from=0x66e0851F1a162869024b4C9f6b1C4Fc5cb4832F1 to=0x0000000000000000000000000000000000000000
t=2023-06-02T16:09:00+0800 lvl=trce msg="Removed old queued transactions"        count=0
t=2023-06-02T16:09:00+0800 lvl=trce msg="Removed unpayable queued transactions"  count=0
t=2023-06-02T16:09:00+0800 lvl=trce msg="Promoted queued transactions"           count=0
t=2023-06-02T16:09:00+0800 lvl=trce msg="Pooled new future transaction"          hash=0x0a324d267b7b00e00f70f20da2c29ca469addb5ef95877528dbe3b15fa7eddf6 from=0x7628e7c918DAaf4dfbF615023fDBcF72b8479bCe to=0x0000000000000000000000000000000000000000
t=2023-06-02T16:09:00+0800 lvl=trce msg="Removed old queued transactions"        count=0
t=2023-06-02T16:09:00+0800 lvl=trce msg="Removed unpayable queued transactions"  count=0
t=2023-06-02T16:09:00+0800 lvl=trce msg="Promoted queued transactions"           count=1
t=2023-06-02T16:09:00+0800 lvl=trce msg="Pooled new future transaction"          hash=0x9f77eb47898b30ca4714084f8b9e879a6f34af7ce48b49fa611fccda231a748b from=0x7628e7c918DAaf4dfbF615023fDBcF72b8479bCe to=0x0000000000000000000000000000000000000000
t=2023-06-02T16:09:00+0800 lvl=trce msg="Removed old queued transactions"        count=0
t=2023-06-02T16:09:00+0800 lvl=trce msg="Removed unpayable queued transactions"  count=0
t=2023-06-02T16:09:00+0800 lvl=trce msg="Promoted queued transactions"           count=0
t=2023-06-02T16:09:00+0800 lvl=trce msg="Pooled new future transaction"          hash=0x7568dcb795e81094b83e7cebd9b00d1ad1a27fab701e16d00d104c9b0903ca3f from=0x66e0851F1a162869024b4C9f6b1C4Fc5cb4832F1 to=0x0000000000000000000000000000000000000000
t=2023-06-02T16:09:00+0800 lvl=trce msg="Removed old queued transactions"        count=0
t=2023-06-02T16:09:00+0800 lvl=trce msg="Removed unpayable queued transactions"  count=0
t=2023-06-02T16:09:00+0800 lvl=trce msg="Promoted queued transactions"           count=1
t=2023-06-02T16:09:00+0800 lvl=trce msg="Pooled new future transaction"          hash=0xa1f8b83e9de3e75bf2bcb5b89274c7a1ceb473bbc849d6eb22387bea93eb4c00 from=0x66e0851F1a162869024b4C9f6b1C4Fc5cb4832F1 to=0x0000000000000000000000000000000000000000
t=2023-06-02T16:09:00+0800 lvl=trce msg="Removed old queued transactions"        count=0
t=2023-06-02T16:09:00+0800 lvl=trce msg="Removed unpayable queued transactions"  count=0
t=2023-06-02T16:09:00+0800 lvl=trce msg="Promoted queued transactions"           count=0
t=2023-06-02T16:09:00+0800 lvl=trce msg="Pooled new future transaction"          hash=0x2f821719988ecf6ec2615b8e01d439397f6e636ea8f9e1c9c10fec5a313b06bf from=0x7628e7c918DAaf4dfbF615023fDBcF72b8479bCe to=0x0000000000000000000000000000000000000000
t=2023-06-02T16:09:00+0800 lvl=trce msg="Removed old queued transactions"        count=0
t=2023-06-02T16:09:00+0800 lvl=trce msg="Removed unpayable queued transactions"  count=0
t=2023-06-02T16:09:00+0800 lvl=trce msg="Promoted queued transactions"           count=1
t=2023-06-02T16:09:00+0800 lvl=trce msg="Pooled new future transaction"          hash=0x1a6f993e7c0db6e18cb0e2ca070f7f554fd4308700ccbdb37e4a4489363c33a2 from=0x7628e7c918DAaf4dfbF615023fDBcF72b8479bCe to=0x0000000000000000000000000000000000000000
t=2023-06-02T16:09:00+0800 lvl=trce msg="Removed old queued transactions"        count=0
t=2023-06-02T16:09:00+0800 lvl=trce msg="Removed unpayable queued transactions"  count=0
t=2023-06-02T16:09:00+0800 lvl=trce msg="Promoted queued transactions"           count=0
t=2023-06-02T16:09:00+0800 lvl=trce msg="Pooled new future transaction"          hash=0x5fb17d3cade33e8eda5c5b59fa527d791b7959a4ded5f8cc325e1008acffa748 from=0x66e0851F1a162869024b4C9f6b1C4Fc5cb4832F1 to=0x0000000000000000000000000000000000000000
t=2023-06-02T16:09:00+0800 lvl=trce msg="Removed old queued transactions"        count=0
t=2023-06-02T16:09:00+0800 lvl=trce msg="Removed unpayable queued transactions"  count=0
t=2023-06-02T16:09:00+0800 lvl=trce msg="Promoted queued transactions"           count=1
t=2023-06-02T16:09:00+0800 lvl=trce msg="Pooled new future transaction"          hash=0x6673232ec4a300e7792f79529742c381a53914ff3d8517b18cb3f89ee4abd888 from=0x66e0851F1a162869024b4C9f6b1C4Fc5cb4832F1 to=0x0000000000000000000000000000000000000000
t=2023-06-02T16:09:00+0800 lvl=trce msg="Removed old queued transactions"        count=0
t=2023-06-02T16:09:00+0800 lvl=trce msg="Removed unpayable queued transactions"  count=0
t=2023-06-02T16:09:00+0800 lvl=trce msg="Promoted queued transactions"           count=0
t=2023-06-02T16:09:00+0800 lvl=trce msg="Pooled new future transaction"          hash=0x709194bde8bcd788d31b09708bf271f9d1fde00cb477b0946644481fc833aafd from=0x7628e7c918DAaf4dfbF615023fDBcF72b8479bCe to=0x0000000000000000000000000000000000000000
t=2023-06-02T16:09:00+0800 lvl=trce msg="Removed old queued transactions"        count=0
t=2023-06-02T16:09:00+0800 lvl=trce msg="Removed unpayable queued transactions"  count=0
t=2023-06-02T16:09:00+0800 lvl=trce msg="Promoted queued transactions"           count=1
t=2023-06-02T16:09:00+0800 lvl=trce msg="Pooled new future transaction"          hash=0xcca1c634247e6655de965f72552b75e08fcc2a87c3c59cc0b1836c9a6359e944 from=0x7628e7c918DAaf4dfbF615023fDBcF72b8479bCe to=0x0000000000000000000000000000000000000000
t=2023-06-02T16:09:00+0800 lvl=trce msg="Removed old queued transactions"        count=0
t=2023-06-02T16:09:00+0800 lvl=trce msg="Removed unpayable queued transactions"  count=0
t=2023-06-02T16:09:00+0800 lvl=trce msg="Promoted queued transactions"           count=0
t=2023-06-02T16:09:00+0800 lvl=trce msg="Pooled new future transaction"          hash=0x19994ca1aaaa9a863313a2232ef965ccfe7921971e8657a3d134afd18b00fde7 from=0x66e0851F1a162869024b4C9f6b1C4Fc5cb4832F1 to=0x0000000000000000000000000000000000000000
t=2023-06-02T16:09:00+0800 lvl=trce msg="Removed old queued transactions"        count=0
t=2023-06-02T16:09:00+0800 lvl=trce msg="Removed unpayable queued transactions"  count=0
t=2023-06-02T16:09:00+0800 lvl=trce msg="Promoted queued transactions"           count=1
t=2023-06-02T16:09:00+0800 lvl=trce msg="Pooled new future transaction"          hash=0x39fcb1be47893ec1a1f9435dc45a3624c321b66912569cf1699f33454d803bf8 from=0x66e0851F1a162869024b4C9f6b1C4Fc5cb4832F1 to=0x0000000000000000000000000000000000000000
t=2023-06-02T16:09:00+0800 lvl=trce msg="Removed old queued transactions"        count=0
t=2023-06-02T16:09:00+0800 lvl=trce msg="Removed unpayable queued transactions"  count=0
t=2023-06-02T16:09:00+0800 lvl=trce msg="Promoted queued transactions"           count=0
t=2023-06-02T16:09:00+0800 lvl=trce msg="Pooled new future transaction"          hash=0x6114ce22742c1243b877a7a0df5442111e188d988cd4bf8fc3b0c184feb9a1ba from=0x7628e7c918DAaf4dfbF615023fDBcF72b8479bCe to=0x0000000000000000000000000000000000000000
t=2023-06-02T16:09:00+0800 lvl=trce msg="Removed old queued transactions"        count=0
t=2023-06-02T16:09:00+0800 lvl=trce msg="Removed unpayable queued transactions"  count=0
t=2023-06-02T16:09:00+0800 lvl=trce msg="Promoted queued transactions"           count=1
t=2023-06-02T16:09:00+0800 lvl=trce msg="Pooled new future transaction"          hash=0x8a0f6bba3a18112dc983e5a6fd32acd337eb7b7a6e4823b1e64bd0c6bfb3056f from=0x7628e7c918DAaf4dfbF615023fDBcF72b8479bCe to=0x0000000000000000000000000000000000000000
t=2023-06-02T16:09:00+0800 lvl=trce msg="Removed old queued transactions"        count=0
t=2023-06-02T16:09:00+0800 lvl=trce msg="Removed unpayable queued transactions"  count=0
t=2023-06-02T16:09:00+0800 lvl=trce msg="Promoted queued transactions"           count=0
t=2023-06-02T16:09:00+0800 lvl=trce msg="Pooled new future transaction"          hash=0x1269729c5d4d0fe78b7ae15558311506bf578629d14a22faf0b87d650b08151f from=0x66e0851F1a162869024b4C9f6b1C4Fc5cb4832F1 to=0x0000000000000000000000000000000000000000
t=2023-06-02T16:09:00+0800 lvl=trce msg="Removed old queued transactions"        count=0
t=2023-06-02T16:09:00+0800 lvl=trce msg="Removed unpayable queued transactions"  count=0
t=2023-06-02T16:09:00+0800 lvl=trce msg="Promoted queued transactions"           count=1
t=2023-06-02T16:09:00+0800 lvl=trce msg="Pooled new future transaction"          hash=0xd7d8f12ae752b30d64f8f32f1c38c8db0d20b1dc496dc30b0fdd06701865903d from=0x66e0851F1a162869024b4C9f6b1C4Fc5cb4832F1 to=0x0000000000000000000000000000000000000000
t=2023-06-02T16:09:00+0800 lvl=trce msg="Removed old queued transactions"        count=0
t=2023-06-02T16:09:00+0800 lvl=trce msg="Removed unpayable queued transactions"  count=0
t=2023-06-02T16:09:00+0800 lvl=trce msg="Promoted queued transactions"           count=0
t=2023-06-02T16:09:00+0800 lvl=trce msg="Pooled new future transaction"          hash=0xdfac71579ea180339fd5b4c6b20a3a3dc27acdaa5e44daa71a65ed7c56a96b8f from=0x7628e7c918DAaf4dfbF615023fDBcF72b8479bCe to=0x0000000000000000000000000000000000000000
t=2023-06-02T16:09:00+0800 lvl=trce msg="Removed old queued transactions"        count=0
t=2023-06-02T16:09:00+0800 lvl=trce msg="Removed unpayable queued transactions"  count=0
t=2023-06-02T16:09:00+0800 lvl=trce msg="Promoted queued transactions"           count=1
t=2023-06-02T16:09:00+0800 lvl=trce msg="Pooled new future transaction"          hash=0x7ec5ce1cb74af3cc479103fb9167f387e8020e1a018044cf2624c0db6568f0f8 from=0x7628e7c918DAaf4dfbF615023fDBcF72b8479bCe to=0x0000000000000000000000000000000000000000
t=2023-06-02T16:09:00+0800 lvl=trce msg="Removed old queued transactions"        count=0
t=2023-06-02T16:09:00+0800 lvl=trce msg="Removed unpayable queued transactions"  count=0
t=2023-06-02T16:09:00+0800 lvl=trce msg="Promoted queued transactions"           count=0
t=2023-06-02T16:09:00+0800 lvl=trce msg="Pooled new future transaction"          hash=0x3d97228b9fcd910499901b393e300bce0f2c1ea847b4b3951a2e56aad8005404 from=0x66e0851F1a162869024b4C9f6b1C4Fc5cb4832F1 to=0x0000000000000000000000000000000000000000
t=2023-06-02T16:09:00+0800 lvl=trce msg="Removed old queued transactions"        count=0
t=2023-06-02T16:09:00+0800 lvl=trce msg="Removed unpayable queued transactions"  count=0
t=2023-06-02T16:09:00+0800 lvl=trce msg="Promoted queued transactions"           count=1
t=2023-06-02T16:09:00+0800 lvl=trce msg="Pooled new future transaction"          hash=0x3faee7461e4075670d4a68bf2351ed19ed79bd66e1a25052fdb5d6a329f734f8 from=0x66e0851F1a162869024b4C9f6b1C4Fc5cb4832F1 to=0x0000000000000000000000000000000000000000
t=2023-06-02T16:09:00+0800 lvl=trce msg="Removed old queued transactions"        count=0
t=2023-06-02T16:09:00+0800 lvl=trce msg="Removed unpayable queued transactions"  count=0
t=2023-06-02T16:09:00+0800 lvl=trce msg="Promoted queued transactions"           count=0
t=2023-06-02T16:09:00+0800 lvl=trce msg="Pooled new future transaction"          hash=0xe40f3b3d7cf6231b531f906ca5a4f62f851b1a685db4dc423506c3a87ab8720b from=0x7628e7c918DAaf4dfbF615023fDBcF72b8479bCe to=0x0000000000000000000000000000000000000000
t=2023-06-02T16:09:00+0800 lvl=trce msg="Removed old queued transactions"        count=0
t=2023-06-02T16:09:00+0800 lvl=trce msg="Removed unpayable queued transactions"  count=0
t=2023-06-02T16:09:00+0800 lvl=trce msg="Promoted queued transactions"           count=1
t=2023-06-02T16:09:00+0800 lvl=trce msg="Pooled new future transaction"          hash=0x85477eb9ca36f250ea5ffbd1329a363d86471f82102b5b91b2533b2549baa313 from=0x7628e7c918DAaf4dfbF615023fDBcF72b8479bCe to=0x0000000000000000000000000000000000000000
t=2023-06-02T16:09:00+0800 lvl=trce msg="Removed old queued transactions"        count=0
t=2023-06-02T16:09:00+0800 lvl=trce msg="Removed unpayable queued transactions"  count=0
t=2023-06-02T16:09:00+0800 lvl=trce msg="Promoted queued transactions"           count=0
t=2023-06-02T16:09:00+0800 lvl=trce msg="Pooled new future transaction"          hash=0xcbd8914734c8e31f5fd032d6279985204e348f788f0e2396ceb84b199a331686 from=0x66e0851F1a162869024b4C9f6b1C4Fc5cb4832F1 to=0x0000000000000000000000000000000000000000
t=2023-06-02T16:09:00+0800 lvl=trce msg="Removed old queued transactions"        count=0
t=2023-06-02T16:09:00+0800 lvl=trce msg="Removed unpayable queued transactions"  count=0
t=2023-06-02T16:09:00+0800 lvl=trce msg="Promoted queued transactions"           count=1
t=2023-06-02T16:09:00+0800 lvl=trce msg="Pooled new future transaction"          hash=0x22d7d92c7a519c7c66bb61eda8c778fd2a4602f389220bde9fd8d50d8a8516bc from=0x66e0851F1a162869024b4C9f6b1C4Fc5cb4832F1 to=0x0000000000000000000000000000000000000000
t=2023-06-02T16:09:00+0800 lvl=trce msg="Removed old queued transactions"        count=0
t=2023-06-02T16:09:00+0800 lvl=trce msg="Removed unpayable queued transactions"  count=0
t=2023-06-02T16:09:00+0800 lvl=trce msg="Promoted queued transactions"           count=0
t=2023-06-02T16:09:00+0800 lvl=trce msg="Pooled new future transaction"          hash=0x1052bdb7d8b60e9664a6201606340030f3358cd616e051d2e3eb25872d8f0129 from=0x7628e7c918DAaf4dfbF615023fDBcF72b8479bCe to=0x0000000000000000000000000000000000000000
t=2023-06-02T16:09:00+0800 lvl=trce msg="Removed old queued transactions"        count=0
t=2023-06-02T16:09:00+0800 lvl=trce msg="Removed unpayable queued transactions"  count=0
t=2023-06-02T16:09:00+0800 lvl=trce msg="Promoted queued transactions"           count=1
t=2023-06-02T16:09:00+0800 lvl=trce msg="Pooled new future transaction"          hash=0x8e60d27008e55fae44c3ec0ac17b2aa42e29ed1626927cf1d3706f64662e71c5 from=0x7628e7c918DAaf4dfbF615023fDBcF72b8479bCe to=0x0000000000000000000000000000000000000000
t=2023-06-02T16:09:00+0800 lvl=trce msg="Removed old queued transactions"        count=0
t=2023-06-02T16:09:00+0800 lvl=trce msg="Removed unpayable queued transactions"  count=0
t=2023-06-02T16:09:00+0800 lvl=trce msg="Promoted queued transactions"           count=0
t=2023-06-02T16:09:00+0800 lvl=trce msg="Pooled new future transaction"          hash=0x8839758baf34a0fa9b230d1e9192170f3fd262e2c7594b5efb2ee53b0c41f168 from=0x66e0851F1a162869024b4C9f6b1C4Fc5cb4832F1 to=0x0000000000000000000000000000000000000000
t=2023-06-02T16:09:00+0800 lvl=trce msg="Removed old queued transactions"        count=0
t=2023-06-02T16:09:00+0800 lvl=trce msg="Removed unpayable queued transactions"  count=0
t=2023-06-02T16:09:00+0800 lvl=trce msg="Promoted queued transactions"           count=1
t=2023-06-02T16:09:00+0800 lvl=trce msg="Pooled new future transaction"          hash=0xeea985c322019835078752a3eb4c898b3caea87416a12d41abe447d86d301a28 from=0x66e0851F1a162869024b4C9f6b1C4Fc5cb4832F1 to=0x0000000000000000000000000000000000000000
t=2023-06-02T16:09:00+0800 lvl=trce msg="Removed old queued transactions"        count=0
t=2023-06-02T16:09:00+0800 lvl=trce msg="Removed unpayable queued transactions"  count=0
t=2023-06-02T16:09:00+0800 lvl=trce msg="Promoted queued transactions"           count=0
t=2023-06-02T16:09:00+0800 lvl=trce msg="Pooled new future transaction"          hash=0x2af597eb2a7109ccb165269fac6dcfab6efc95685deb7558a1ab68328d16e239 from=0x7628e7c918DAaf4dfbF615023fDBcF72b8479bCe to=0x0000000000000000000000000000000000000000
t=2023-06-02T16:09:00+0800 lvl=trce msg="Removed old queued transactions"        count=0
t=2023-06-02T16:09:00+0800 lvl=trce msg="Removed unpayable queued transactions"  count=0
t=2023-06-02T16:09:00+0800 lvl=trce msg="Promoted queued transactions"           count=1
t=2023-06-02T16:09:00+0800 lvl=trce msg="Pooled new future transaction"          hash=0x01db7b177637bc76416f62f38be2e6d395675531fe71618190bead6eacbbbef2 from=0x7628e7c918DAaf4dfbF615023fDBcF72b8479bCe to=0x0000000000000000000000000000000000000000
t=2023-06-02T16:09:00+0800 lvl=trce msg="Removed old queued transactions"        count=0
t=2023-06-02T16:09:00+0800 lvl=trce msg="Removed unpayable queued transactions"  count=0
t=2023-06-02T16:09:00+0800 lvl=trce msg="Promoted queued transactions"           count=0
t=2023-06-02T16:09:00+0800 lvl=trce msg="Pooled new future transaction"          hash=0x611c51176c0a2712121e13ad48775717bc2d93816ad354b34e1f6ed04d3f539c from=0x66e0851F1a162869024b4C9f6b1C4Fc5cb4832F1 to=0x0000000000000000000000000000000000000000
t=2023-06-02T16:09:00+0800 lvl=trce msg="Removed old queued transactions"        count=0
t=2023-06-02T16:09:00+0800 lvl=trce msg="Removed unpayable queued transactions"  count=0
t=2023-06-02T16:09:00+0800 lvl=trce msg="Promoted queued transactions"           count=1
t=2023-06-02T16:09:00+0800 lvl=trce msg="Pooled new future transaction"          hash=0x45f9d81fd0d6a9802d25407764f1228d3bb5c0ff7984631ac2e8756a9d32682b from=0x66e0851F1a162869024b4C9f6b1C4Fc5cb4832F1 to=0x0000000000000000000000000000000000000000
t=2023-06-02T16:09:00+0800 lvl=trce msg="Removed old queued transactions"        count=0
t=2023-06-02T16:09:00+0800 lvl=trce msg="Removed unpayable queued transactions"  count=0
t=2023-06-02T16:09:00+0800 lvl=trce msg="Promoted queued transactions"           count=0
t=2023-06-02T16:09:00+0800 lvl=trce msg="Pooled new future transaction"          hash=0x7b67654e1aabf2e986f88a9339c59351d69534ffa9409dbaffa19fa0ed3f6d5a from=0x7628e7c918DAaf4dfbF615023fDBcF72b8479bCe to=0x0000000000000000000000000000000000000000
t=2023-06-02T16:09:00+0800 lvl=trce msg="Removed old queued transactions"        count=0
t=2023-06-02T16:09:00+0800 lvl=trce msg="Removed unpayable queued transactions"  count=0
t=2023-06-02T16:09:00+0800 lvl=trce msg="Promoted queued transactions"           count=1
t=2023-06-02T16:09:00+0800 lvl=trce msg="Pooled new future transaction"          hash=0xd249d89bc753e85e5bca3c36909a8eed91699b2153800ced18c2cc733ceec9b6 from=0x7628e7c918DAaf4dfbF615023fDBcF72b8479bCe to=0x0000000000000000000000000000000000000000
t=2023-06-02T16:09:00+0800 lvl=trce msg="Removed old queued transactions"        count=0
t=2023-06-02T16:09:00+0800 lvl=trce msg="Removed unpayable queued transactions"  count=0
t=2023-06-02T16:09:00+0800 lvl=trce msg="Promoted queued transactions"           count=0
t=2023-06-02T16:09:00+0800 lvl=trce msg="Pooled new future transaction"          hash=0x28ea31c1d0738f484b95f9fcea59c49ce1ba115e4caf06425aee532c160aae54 from=0x66e0851F1a162869024b4C9f6b1C4Fc5cb4832F1 to=0x0000000000000000000000000000000000000000
t=2023-06-02T16:09:00+0800 lvl=trce msg="Removed old queued transactions"        count=0
t=2023-06-02T16:09:00+0800 lvl=trce msg="Removed unpayable queued transactions"  count=0
t=2023-06-02T16:09:00+0800 lvl=trce msg="Promoted queued transactions"           count=1
t=2023-06-02T16:09:00+0800 lvl=trce msg="Pooled new future transaction"          hash=0xe323150435666ec91a68fac78d06c006f51b2f5f327f31db94f45f2887596f6c from=0x66e0851F1a162869024b4C9f6b1C4Fc5cb4832F1 to=0x0000000000000000000000000000000000000000
t=2023-06-02T16:09:00+0800 lvl=trce msg="Removed old queued transactions"        count=0
t=2023-06-02T16:09:00+0800 lvl=trce msg="Removed unpayable queued transactions"  count=0
t=2023-06-02T16:09:00+0800 lvl=trce msg="Promoted queued transactions"           count=0
t=2023-06-02T16:09:00+0800 lvl=trce msg="Pooled new future transaction"          hash=0xb2e51d5ad00e51625d11b81cce3bede154195e35a9a15e9bdbeb7c2a377d924e from=0x7628e7c918DAaf4dfbF615023fDBcF72b8479bCe to=0x0000000000000000000000000000000000000000
t=2023-06-02T16:09:00+0800 lvl=trce msg="Removed old queued transactions"        count=0
t=2023-06-02T16:09:00+0800 lvl=trce msg="Removed unpayable queued transactions"  count=0
t=2023-06-02T16:09:00+0800 lvl=trce msg="Promoted queued transactions"           count=1
t=2023-06-02T16:09:00+0800 lvl=trce msg="Pooled new future transaction"          hash=0x3961c473a5ef26d99857ed8b3c18044e02fc5f432f19433533a8cb43ab087897 from=0x7628e7c918DAaf4dfbF615023fDBcF72b8479bCe to=0x0000000000000000000000000000000000000000
t=2023-06-02T16:09:00+0800 lvl=trce msg="Removed old queued transactions"        count=0
t=2023-06-02T16:09:00+0800 lvl=trce msg="Removed unpayable queued transactions"  count=0
t=2023-06-02T16:09:00+0800 lvl=trce msg="Promoted queued transactions"           count=0
t=2023-06-02T16:09:00+0800 lvl=trce msg="Pooled new future transaction"          hash=0x113817be12b6d75baa97d70802f17d4eeab9158d9f54a2b65e852722727c4bb0 from=0x66e0851F1a162869024b4C9f6b1C4Fc5cb4832F1 to=0x0000000000000000000000000000000000000000
t=2023-06-02T16:09:00+0800 lvl=trce msg="Removed old queued transactions"        count=0
t=2023-06-02T16:09:00+0800 lvl=trce msg="Removed unpayable queued transactions"  count=0
t=2023-06-02T16:09:00+0800 lvl=trce msg="Promoted queued transactions"           count=1
t=2023-06-02T16:09:00+0800 lvl=trce msg="Pooled new future transaction"          hash=0x59316c3f35b14826b29f2b35336edfe3f2a150f98300dd6e61b4a07d5c499ebe from=0x66e0851F1a162869024b4C9f6b1C4Fc5cb4832F1 to=0x0000000000000000000000000000000000000000
t=2023-06-02T16:09:00+0800 lvl=trce msg="Removed old queued transactions"        count=0
t=2023-06-02T16:09:00+0800 lvl=trce msg="Removed unpayable queued transactions"  count=0
t=2023-06-02T16:09:00+0800 lvl=trce msg="Promoted queued transactions"           count=0
t=2023-06-02T16:09:00+0800 lvl=trce msg="Pooled new future transaction"          hash=0xc94cb2963a71dac7d53357de6a13c2e17ba472e21394bb2ea32f37600ff4ca88 from=0x7628e7c918DAaf4dfbF615023fDBcF72b8479bCe to=0x0000000000000000000000000000000000000000
t=2023-06-02T16:09:00+0800 lvl=trce msg="Removed old queued transactions"        count=0
t=2023-06-02T16:09:00+0800 lvl=trce msg="Removed unpayable queued transactions"  count=0
t=2023-06-02T16:09:00+0800 lvl=trce msg="Promoted queued transactions"           count=1
t=2023-06-02T16:09:00+0800 lvl=trce msg="Pooled new future transaction"          hash=0x8172e1dfe7be3695408fb35ee999ec66263f92fcba345fe4d4d7b0a2635a6e10 from=0x7628e7c918DAaf4dfbF615023fDBcF72b8479bCe to=0x0000000000000000000000000000000000000000
t=2023-06-02T16:09:00+0800 lvl=trce msg="Removed old queued transactions"        count=0
t=2023-06-02T16:09:00+0800 lvl=trce msg="Removed unpayable queued transactions"  count=0
t=2023-06-02T16:09:00+0800 lvl=trce msg="Promoted queued transactions"           count=0
t=2023-06-02T16:09:00+0800 lvl=trce msg="Pooled new future transaction"          hash=0x12b933a8962e12a19827080d5d14eafe0faab74ace0202b3f7ad2805ed8b087c from=0x66e0851F1a162869024b4C9f6b1C4Fc5cb4832F1 to=0x0000000000000000000000000000000000000000
t=2023-06-02T16:09:00+0800 lvl=trce msg="Removed old queued transactions"        count=0
t=2023-06-02T16:09:00+0800 lvl=trce msg="Removed unpayable queued transactions"  count=0
t=2023-06-02T16:09:00+0800 lvl=trce msg="Promoted queued transactions"           count=1
t=2023-06-02T16:09:00+0800 lvl=trce msg="Pooled new future transaction"          hash=0x9ff84380fd041869ebfd48e8e2ded89249fa17604e3afa690f1e48993ca1f6ae from=0x66e0851F1a162869024b4C9f6b1C4Fc5cb4832F1 to=0x0000000000000000000000000000000000000000
t=2023-06-02T16:09:00+0800 lvl=trce msg="Removed old queued transactions"        count=0
t=2023-06-02T16:09:00+0800 lvl=trce msg="Removed unpayable queued transactions"  count=0
t=2023-06-02T16:09:00+0800 lvl=trce msg="Promoted queued transactions"           count=0
t=2023-06-02T16:09:00+0800 lvl=trce msg="Pooled new future transaction"          hash=0x9433ff8dc23f1a2584db95fd5923f0d54637bd2be0bbfab80a8716fa6075c84f from=0x7628e7c918DAaf4dfbF615023fDBcF72b8479bCe to=0x0000000000000000000000000000000000000000
t=2023-06-02T16:09:00+0800 lvl=trce msg="Removed old queued transactions"        count=0
t=2023-06-02T16:09:00+0800 lvl=trce msg="Removed unpayable queued transactions"  count=0
t=2023-06-02T16:09:00+0800 lvl=trce msg="Promoted queued transactions"           count=1
t=2023-06-02T16:09:00+0800 lvl=trce msg="Pooled new future transaction"          hash=0xa42fec6739c22f70263ee2d25eed009912d36a3344863976cdfbf773c0efcf70 from=0x7628e7c918DAaf4dfbF615023fDBcF72b8479bCe to=0x0000000000000000000000000000000000000000
t=2023-06-02T16:09:00+0800 lvl=trce msg="Removed old queued transactions"        count=0
t=2023-06-02T16:09:00+0800 lvl=trce msg="Removed unpayable queued transactions"  count=0
t=2023-06-02T16:09:00+0800 lvl=trce msg="Promoted queued transactions"           count=0
t=2023-06-02T16:09:00+0800 lvl=trce msg="Pooled new future transaction"          hash=0x706841a889227dee9c2ceee3bb15887d5a1e4a28b9f989e60cee615d9883b869 from=0x66e0851F1a162869024b4C9f6b1C4Fc5cb4832F1 to=0x0000000000000000000000000000000000000000
t=2023-06-02T16:09:00+0800 lvl=trce msg="Removed old queued transactions"        count=0
t=2023-06-02T16:09:00+0800 lvl=trce msg="Removed unpayable queued transactions"  count=0
t=2023-06-02T16:09:00+0800 lvl=trce msg="Promoted queued transactions"           count=1
t=2023-06-02T16:09:00+0800 lvl=trce msg="Pooled new future transaction"          hash=0xa25272ea029c257c7ecdda884c28a886815a08b80f1b3b1abd2935d86d6263dd from=0x66e0851F1a162869024b4C9f6b1C4Fc5cb4832F1 to=0x0000000000000000000000000000000000000000
t=2023-06-02T16:09:00+0800 lvl=trce msg="Removed old queued transactions"        count=0
t=2023-06-02T16:09:00+0800 lvl=trce msg="Removed unpayable queued transactions"  count=0
t=2023-06-02T16:09:00+0800 lvl=trce msg="Promoted queued transactions"           count=0
t=2023-06-02T16:09:00+0800 lvl=trce msg="Pooled new future transaction"          hash=0x1f5c24d493b88aaad9f6600d2cfbbce3b5e264916d8a1096a95241401f9ba1b8 from=0x7628e7c918DAaf4dfbF615023fDBcF72b8479bCe to=0x0000000000000000000000000000000000000000
t=2023-06-02T16:09:00+0800 lvl=trce msg="Removed old queued transactions"        count=0
t=2023-06-02T16:09:00+0800 lvl=trce msg="Removed unpayable queued transactions"  count=0
t=2023-06-02T16:09:00+0800 lvl=trce msg="Promoted queued transactions"           count=1
t=2023-06-02T16:09:00+0800 lvl=trce msg="Pooled new future transaction"          hash=0xdfe375fb2e27f2a328ab3e28ccdec42ccfa2da5eee029400defd11f87c6b117b from=0x7628e7c918DAaf4dfbF615023fDBcF72b8479bCe to=0x0000000000000000000000000000000000000000
t=2023-06-02T16:09:00+0800 lvl=trce msg="Removed old queued transactions"        count=0
t=2023-06-02T16:09:00+0800 lvl=trce msg="Removed unpayable queued transactions"  count=0
t=2023-06-02T16:09:00+0800 lvl=trce msg="Promoted queued transactions"           count=0
t=2023-06-02T16:09:00+0800 lvl=trce msg="Pooled new future transaction"          hash=0x4cd00cd0f9726e35f58a6fb5d6be95d59b7f349eb94996c33405cacbf23e503d from=0x66e0851F1a162869024b4C9f6b1C4Fc5cb4832F1 to=0x0000000000000000000000000000000000000000
t=2023-06-02T16:09:00+0800 lvl=trce msg="Removed old queued transactions"        count=0
t=2023-06-02T16:09:00+0800 lvl=trce msg="Removed unpayable queued transactions"  count=0
t=2023-06-02T16:09:00+0800 lvl=trce msg="Promoted queued transactions"           count=1
t=2023-06-02T16:09:00+0800 lvl=trce msg="Pooled new future transaction"          hash=0x772601614d91aab90fddc5b2da48f1cfd5c362f7e1dc983fe547065bde9b29f0 from=0x66e0851F1a162869024b4C9f6b1C4Fc5cb4832F1 to=0x0000000000000000000000000000000000000000
t=2023-06-02T16:09:00+0800 lvl=trce msg="Removed old queued transactions"        count=0
t=2023-06-02T16:09:00+0800 lvl=trce msg="Removed unpayable queued transactions"  count=0
t=2023-06-02T16:09:00+0800 lvl=trce msg="Promoted queued transactions"           count=0
t=2023-06-02T16:09:00+0800 lvl=trce msg="Pooled new future transaction"          hash=0xf5a6ec51181f54d1f66945ee97e7c05fd0cacf578d3a5b9c94445f45c07501ea from=0x7628e7c918DAaf4dfbF615023fDBcF72b8479bCe to=0x0000000000000000000000000000000000000000
t=2023-06-02T16:09:00+0800 lvl=trce msg="Removed old queued transactions"        count=0
t=2023-06-02T16:09:00+0800 lvl=trce msg="Removed unpayable queued transactions"  count=0
t=2023-06-02T16:09:00+0800 lvl=trce msg="Promoted queued transactions"           count=1
t=2023-06-02T16:09:00+0800 lvl=trce msg="Pooled new future transaction"          hash=0xdd7c2d5b25093cfd4055daf1a91326d06303448a61bcaa7043a9f6545db75600 from=0x7628e7c918DAaf4dfbF615023fDBcF72b8479bCe to=0x0000000000000000000000000000000000000000
t=2023-06-02T16:09:00+0800 lvl=trce msg="Removed old queued transactions"        count=0
t=2023-06-02T16:09:00+0800 lvl=trce msg="Removed unpayable queued transactions"  count=0
t=2023-06-02T16:09:00+0800 lvl=trce msg="Promoted queued transactions"           count=0
t=2023-06-02T16:09:00+0800 lvl=trce msg="Pooled new future transaction"          hash=0x0d7d457cabdd2e4b3da7228680571b5ec1826176944a7664be3e2465063a8573 from=0x66e0851F1a162869024b4C9f6b1C4Fc5cb4832F1 to=0x0000000000000000000000000000000000000000
t=2023-06-02T16:09:00+0800 lvl=trce msg="Removed old queued transactions"        count=0
t=2023-06-02T16:09:00+0800 lvl=trce msg="Removed unpayable queued transactions"  count=0
t=2023-06-02T16:09:00+0800 lvl=trce msg="Promoted queued transactions"           count=1
t=2023-06-02T16:09:00+0800 lvl=trce msg="Pooled new future transaction"          hash=0xb53bd4518470c38268ce26558720c97b229a00ec57cf1aad49fd547b2b8a2084 from=0x66e0851F1a162869024b4C9f6b1C4Fc5cb4832F1 to=0x0000000000000000000000000000000000000000
t=2023-06-02T16:09:00+0800 lvl=trce msg="Removed old queued transactions"        count=0
t=2023-06-02T16:09:00+0800 lvl=trce msg="Removed unpayable queued transactions"  count=0
t=2023-06-02T16:09:00+0800 lvl=trce msg="Promoted queued transactions"           count=0
t=2023-06-02T16:09:00+0800 lvl=trce msg="Pooled new future transaction"          hash=0x238add8fa343e244e6b4a263c6b977c09585c154cb75ac717e5e5cbbb16fc5ca from=0x7628e7c918DAaf4dfbF615023fDBcF72b8479bCe to=0x0000000000000000000000000000000000000000
t=2023-06-02T16:09:00+0800 lvl=trce msg="Removed old queued transactions"        count=0
t=2023-06-02T16:09:00+0800 lvl=trce msg="Removed unpayable queued transactions"  count=0
t=2023-06-02T16:09:00+0800 lvl=trce msg="Promoted queued transactions"           count=1
t=2023-06-02T16:09:00+0800 lvl=trce msg="Pooled new future transaction"          hash=0x1b8951f20e2d21965868d8d4a0c4656201c7cfcc84d347e64235f662d948959d from=0x7628e7c918DAaf4dfbF615023fDBcF72b8479bCe to=0x0000000000000000000000000000000000000000
t=2023-06-02T16:09:00+0800 lvl=trce msg="Removed old queued transactions"        count=0
t=2023-06-02T16:09:00+0800 lvl=trce msg="Removed unpayable queued transactions"  count=0
t=2023-06-02T16:09:00+0800 lvl=trce msg="Promoted queued transactions"           count=0
t=2023-06-02T16:09:00+0800 lvl=trce msg="Pooled new future transaction"          hash=0x96af4d03af26477bacc7e4817871f992a8983a692694c6c946bb7c1bd5a81e24 from=0x66e0851F1a162869024b4C9f6b1C4Fc5cb4832F1 to=0x0000000000000000000000000000000000000000
t=2023-06-02T16:09:00+0800 lvl=trce msg="Removed old queued transactions"        count=0
t=2023-06-02T16:09:00+0800 lvl=trce msg="Removed unpayable queued transactions"  count=0
t=2023-06-02T16:09:00+0800 lvl=trce msg="Promoted queued transactions"           count=1
t=2023-06-02T16:09:00+0800 lvl=trce msg="Pooled new future transaction"          hash=0x50f19fbba267474a48ffb63c6cb419b80643b7d8b4b3b48feb5cd6f18af6eaf8 from=0x66e0851F1a162869024b4C9f6b1C4Fc5cb4832F1 to=0x0000000000000000000000000000000000000000
t=2023-06-02T16:09:00+0800 lvl=trce msg="Removed old queued transactions"        count=0
t=2023-06-02T16:09:00+0800 lvl=trce msg="Removed unpayable queued transactions"  count=0
t=2023-06-02T16:09:00+0800 lvl=trce msg="Promoted queued transactions"           count=0
t=2023-06-02T16:09:00+0800 lvl=trce msg="Pooled new future transaction"          hash=0xb24f2638e61e1239b3a370ec00a51ef6de53a01c2804a3250e209298abddebfc from=0x7628e7c918DAaf4dfbF615023fDBcF72b8479bCe to=0x0000000000000000000000000000000000000000
t=2023-06-02T16:09:00+0800 lvl=trce msg="Removed old queued transactions"        count=0
t=2023-06-02T16:09:00+0800 lvl=trce msg="Removed unpayable queued transactions"  count=0
t=2023-06-02T16:09:00+0800 lvl=trce msg="Promoted queued transactions"           count=1
t=2023-06-02T16:09:00+0800 lvl=trce msg="Pooled new future transaction"          hash=0x83fa0409a42349a04d75c0a7f805707d2605f3b69be69c7042a819a7d32977d9 from=0x7628e7c918DAaf4dfbF615023fDBcF72b8479bCe to=0x0000000000000000000000000000000000000000
t=2023-06-02T16:09:00+0800 lvl=trce msg="Removed old queued transactions"        count=0
t=2023-06-02T16:09:00+0800 lvl=trce msg="Removed unpayable queued transactions"  count=0
t=2023-06-02T16:09:00+0800 lvl=trce msg="Promoted queued transactions"           count=0
t=2023-06-02T16:09:00+0800 lvl=trce msg="Pooled new future transaction"          hash=0xa1e4f9c4641af060d6b6b9550b6b34743b91184ff74f015da37cb7afca038847 from=0x66e0851F1a162869024b4C9f6b1C4Fc5cb4832F1 to=0x0000000000000000000000000000000000000000
t=2023-06-02T16:09:00+0800 lvl=trce msg="Removed old queued transactions"        count=0
t=2023-06-02T16:09:00+0800 lvl=trce msg="Removed unpayable queued transactions"  count=0
t=2023-06-02T16:09:00+0800 lvl=trce msg="Promoted queued transactions"           count=1
t=2023-06-02T16:09:00+0800 lvl=trce msg="Pooled new future transaction"          hash=0x6ecdfce8d83ff1007ee2ea807483f6eb7a734c3507a3f72b22aa173c26cbb58b from=0x66e0851F1a162869024b4C9f6b1C4Fc5cb4832F1 to=0x0000000000000000000000000000000000000000
t=2023-06-02T16:09:00+0800 lvl=trce msg="Removed old queued transactions"        count=0
t=2023-06-02T16:09:00+0800 lvl=trce msg="Removed unpayable queued transactions"  count=0
t=2023-06-02T16:09:00+0800 lvl=trce msg="Promoted queued transactions"           count=0
t=2023-06-02T16:09:00+0800 lvl=trce msg="Pooled new future transaction"          hash=0x63c11b0200f037bd9a052fc5ad1b2378485ecc16a897c23a7a1717d43e478c24 from=0x7628e7c918DAaf4dfbF615023fDBcF72b8479bCe to=0x0000000000000000000000000000000000000000
t=2023-06-02T16:09:00+0800 lvl=trce msg="Removed old queued transactions"        count=0
t=2023-06-02T16:09:00+0800 lvl=trce msg="Removed unpayable queued transactions"  count=0
t=2023-06-02T16:09:00+0800 lvl=trce msg="Promoted queued transactions"           count=1
t=2023-06-02T16:09:00+0800 lvl=trce msg="Pooled new future transaction"          hash=0xfee173157fafead9d989df23248aa551053863430aade5eddd2875850ca9df6d from=0x7628e7c918DAaf4dfbF615023fDBcF72b8479bCe to=0x0000000000000000000000000000000000000000
t=2023-06-02T16:09:00+0800 lvl=trce msg="Removed old queued transactions"        count=0
t=2023-06-02T16:09:00+0800 lvl=trce msg="Removed unpayable queued transactions"  count=0
t=2023-06-02T16:09:00+0800 lvl=trce msg="Promoted queued transactions"           count=0
t=2023-06-02T16:09:00+0800 lvl=trce msg="Pooled new future transaction"          hash=0x47ca50fb8beee0193641971ef272c1d52e946ba8f34237a8122a9eb511c75910 from=0x66e0851F1a162869024b4C9f6b1C4Fc5cb4832F1 to=0x0000000000000000000000000000000000000000
t=2023-06-02T16:09:00+0800 lvl=trce msg="Removed old queued transactions"        count=0
t=2023-06-02T16:09:00+0800 lvl=trce msg="Removed unpayable queued transactions"  count=0
t=2023-06-02T16:09:00+0800 lvl=trce msg="Promoted queued transactions"           count=1
t=2023-06-02T16:09:00+0800 lvl=trce msg="Pooled new future transaction"          hash=0x727566c14240ecd0c988995a54b399d4370e2bac5280249b42db37f9217f81f1 from=0x66e0851F1a162869024b4C9f6b1C4Fc5cb4832F1 to=0x0000000000000000000000000000000000000000
t=2023-06-02T16:09:00+0800 lvl=trce msg="Removed old queued transactions"        count=0
t=2023-06-02T16:09:00+0800 lvl=trce msg="Removed unpayable queued transactions"  count=0
t=2023-06-02T16:09:00+0800 lvl=trce msg="Promoted queued transactions"           count=0
t=2023-06-02T16:09:00+0800 lvl=trce msg="Pooled new future transaction"          hash=0x3b6962a150a7c05050f724d4a21cd7e9a257e062ddee886f7466b16eaee85e99 from=0x7628e7c918DAaf4dfbF615023fDBcF72b8479bCe to=0x0000000000000000000000000000000000000000
t=2023-06-02T16:09:00+0800 lvl=trce msg="Removed old queued transactions"        count=0
t=2023-06-02T16:09:00+0800 lvl=trce msg="Removed unpayable queued transactions"  count=0
t=2023-06-02T16:09:00+0800 lvl=trce msg="Promoted queued transactions"           count=1
t=2023-06-02T16:09:00+0800 lvl=trce msg="Pooled new future transaction"          hash=0xfa88c4f866550193fd2b00db136d93752d2dfc1a45ad0b24bd78fe123786be5f from=0x7628e7c918DAaf4dfbF615023fDBcF72b8479bCe to=0x0000000000000000000000000000000000000000
t=2023-06-02T16:09:00+0800 lvl=trce msg="Removed old queued transactions"        count=0
t=2023-06-02T16:09:00+0800 lvl=trce msg="Removed unpayable queued transactions"  count=0
t=2023-06-02T16:09:00+0800 lvl=trce msg="Promoted queued transactions"           count=0
t=2023-06-02T16:09:00+0800 lvl=trce msg="Pooled new future transaction"          hash=0xeb9495124ee234e2266df89958d03995f20350a9f317f7fb51c017e8d78dfbfc from=0x66e0851F1a162869024b4C9f6b1C4Fc5cb4832F1 to=0x0000000000000000000000000000000000000000
t=2023-06-02T16:09:00+0800 lvl=trce msg="Removed old queued transactions"        count=0
t=2023-06-02T16:09:00+0800 lvl=trce msg="Removed unpayable queued transactions"  count=0
t=2023-06-02T16:09:00+0800 lvl=trce msg="Promoted queued transactions"           count=1
t=2023-06-02T16:09:00+0800 lvl=trce msg="Pooled new future transaction"          hash=0xf387a419e3c5b6c1a06a3f809a73f27be5048ba592d329daa179fb1b991d8f7f from=0x66e0851F1a162869024b4C9f6b1C4Fc5cb4832F1 to=0x0000000000000000000000000000000000000000
t=2023-06-02T16:09:00+0800 lvl=trce msg="Removed old queued transactions"        count=0
t=2023-06-02T16:09:00+0800 lvl=trce msg="Removed unpayable queued transactions"  count=0
t=2023-06-02T16:09:00+0800 lvl=trce msg="Promoted queued transactions"           count=0
t=2023-06-02T16:09:00+0800 lvl=trce msg="Pooled new future transaction"          hash=0x71d75648f7a667ed62e9d4fc9946409260460d10bc214a4dac55896122e59301 from=0x7628e7c918DAaf4dfbF615023fDBcF72b8479bCe to=0x0000000000000000000000000000000000000000
t=2023-06-02T16:09:00+0800 lvl=trce msg="Removed old queued transactions"        count=0
t=2023-06-02T16:09:00+0800 lvl=trce msg="Removed unpayable queued transactions"  count=0
t=2023-06-02T16:09:00+0800 lvl=trce msg="Promoted queued transactions"           count=1
t=2023-06-02T16:09:00+0800 lvl=trce msg="Pooled new future transaction"          hash=0xb52bacd8d4a3612e6f81469b2161d3b42e2ccb347241dfc8b6ef6dc9bc8903d1 from=0x7628e7c918DAaf4dfbF615023fDBcF72b8479bCe to=0x0000000000000000000000000000000000000000
t=2023-06-02T16:09:00+0800 lvl=trce msg="Removed old queued transactions"        count=0
t=2023-06-02T16:09:00+0800 lvl=trce msg="Removed unpayable queued transactions"  count=0
t=2023-06-02T16:09:00+0800 lvl=trce msg="Promoted queued transactions"           count=0
t=2023-06-02T16:09:00+0800 lvl=trce msg="Pooled new future transaction"          hash=0x666ec4d1de71ff4d1bfa312ec13d21e8f548b4d65ad03812b7da0a058321c369 from=0x66e0851F1a162869024b4C9f6b1C4Fc5cb4832F1 to=0x0000000000000000000000000000000000000000
t=2023-06-02T16:09:00+0800 lvl=trce msg="Removed old queued transactions"        count=0
t=2023-06-02T16:09:00+0800 lvl=trce msg="Removed unpayable queued transactions"  count=0
t=2023-06-02T16:09:00+0800 lvl=trce msg="Promoted queued transactions"           count=1
t=2023-06-02T16:09:00+0800 lvl=trce msg="Pooled new future transaction"          hash=0x1acf7a56cf7d13bd47f5ad8e3cfd4229c55bdae3a467cafaa47fc3d857be3ff0 from=0x66e0851F1a162869024b4C9f6b1C4Fc5cb4832F1 to=0x0000000000000000000000000000000000000000
t=2023-06-02T16:09:00+0800 lvl=trce msg="Removed old queued transactions"        count=0
t=2023-06-02T16:09:00+0800 lvl=trce msg="Removed unpayable queued transactions"  count=0
t=2023-06-02T16:09:00+0800 lvl=trce msg="Promoted queued transactions"           count=0
t=2023-06-02T16:09:00+0800 lvl=trce msg="Pooled new future transaction"          hash=0xded7e888581ba34b5300fb4e84a405e8b4e70ca39037bb78462392abbff19c62 from=0x7628e7c918DAaf4dfbF615023fDBcF72b8479bCe to=0x0000000000000000000000000000000000000000
t=2023-06-02T16:09:00+0800 lvl=trce msg="Removed old queued transactions"        count=0
t=2023-06-02T16:09:00+0800 lvl=trce msg="Removed unpayable queued transactions"  count=0
t=2023-06-02T16:09:00+0800 lvl=trce msg="Promoted queued transactions"           count=1
t=2023-06-02T16:09:00+0800 lvl=trce msg="Pooled new future transaction"          hash=0xc442da3d5f746cd13bb94fa8f06547d71254629754e5c9bbc5218690409d15e4 from=0x7628e7c918DAaf4dfbF615023fDBcF72b8479bCe to=0x0000000000000000000000000000000000000000
t=2023-06-02T16:09:00+0800 lvl=trce msg="Removed old queued transactions"        count=0
t=2023-06-02T16:09:00+0800 lvl=trce msg="Removed unpayable queued transactions"  count=0
t=2023-06-02T16:09:00+0800 lvl=trce msg="Promoted queued transactions"           count=0
t=2023-06-02T16:09:00+0800 lvl=trce msg="Pooled new future transaction"          hash=0x774beb7807bce963ac422f3fe6a40f03b658ceaa86ad178ace8957304b4d9107 from=0x66e0851F1a162869024b4C9f6b1C4Fc5cb4832F1 to=0x0000000000000000000000000000000000000000
t=2023-06-02T16:09:00+0800 lvl=trce msg="Removed old queued transactions"        count=0
t=2023-06-02T16:09:00+0800 lvl=trce msg="Removed unpayable queued transactions"  count=0
t=2023-06-02T16:09:00+0800 lvl=trce msg="Promoted queued transactions"           count=1
t=2023-06-02T16:09:00+0800 lvl=trce msg="Pooled new future transaction"          hash=0x1dec240ed172269ab63f9052f04bcd7372da4da4e3061a03831a3cd997be50dc from=0x66e0851F1a162869024b4C9f6b1C4Fc5cb4832F1 to=0x0000000000000000000000000000000000000000
t=2023-06-02T16:09:00+0800 lvl=trce msg="Removed old queued transactions"        count=0
t=2023-06-02T16:09:00+0800 lvl=trce msg="Removed unpayable queued transactions"  count=0
t=2023-06-02T16:09:00+0800 lvl=trce msg="Promoted queued transactions"           count=0
t=2023-06-02T16:09:00+0800 lvl=trce msg="Pooled new future transaction"          hash=0xe61ea7e6ba0b1447ad81d1c84c840fe1cccf850106d9508b646ab9dc2a70f4e5 from=0x7628e7c918DAaf4dfbF615023fDBcF72b8479bCe to=0x0000000000000000000000000000000000000000
t=2023-06-02T16:09:00+0800 lvl=trce msg="Removed old queued transactions"        count=0
t=2023-06-02T16:09:00+0800 lvl=trce msg="Removed unpayable queued transactions"  count=0
t=2023-06-02T16:09:00+0800 lvl=trce msg="Promoted queued transactions"           count=1
t=2023-06-02T16:09:00+0800 lvl=trce msg="Pooled new future transaction"          hash=0x18e33527ba6082e5ce456e03f9d38377c945f2f7137187829b111a32be42ae97 from=0x7628e7c918DAaf4dfbF615023fDBcF72b8479bCe to=0x0000000000000000000000000000000000000000
t=2023-06-02T16:09:00+0800 lvl=trce msg="Removed old queued transactions"        count=0
t=2023-06-02T16:09:00+0800 lvl=trce msg="Removed unpayable queued transactions"  count=0
t=2023-06-02T16:09:00+0800 lvl=trce msg="Promoted queued transactions"           count=0
t=2023-06-02T16:09:00+0800 lvl=trce msg="Pooled new future transaction"          hash=0x0cfee8330ce3ba53d416c68c2ac4eab6e20f8bdab1ce07940e12fd213fc8733d from=0x66e0851F1a162869024b4C9f6b1C4Fc5cb4832F1 to=0x0000000000000000000000000000000000000000
t=2023-06-02T16:09:00+0800 lvl=trce msg="Removed old queued transactions"        count=0
t=2023-06-02T16:09:00+0800 lvl=trce msg="Removed unpayable queued transactions"  count=0
t=2023-06-02T16:09:00+0800 lvl=trce msg="Promoted queued transactions"           count=1
t=2023-06-02T16:09:00+0800 lvl=trce msg="Pooled new future transaction"          hash=0xcfb49573e7f7462d9020dc3b7331cd4cff1e83cf8ee8597dd128ac66e78579c3 from=0x66e0851F1a162869024b4C9f6b1C4Fc5cb4832F1 to=0x0000000000000000000000000000000000000000
t=2023-06-02T16:09:00+0800 lvl=trce msg="Removed old queued transactions"        count=0
t=2023-06-02T16:09:00+0800 lvl=trce msg="Removed unpayable queued transactions"  count=0
t=2023-06-02T16:09:00+0800 lvl=trce msg="Promoted queued transactions"           count=0
t=2023-06-02T16:09:00+0800 lvl=trce msg="Pooled new future transaction"          hash=0x5f470d4d691eeb0d7fb1aed5c19d73126f7ffc079cd064d1727e75783bff6b1a from=0x7628e7c918DAaf4dfbF615023fDBcF72b8479bCe to=0x0000000000000000000000000000000000000000
t=2023-06-02T16:09:00+0800 lvl=trce msg="Removed old queued transactions"        count=0
t=2023-06-02T16:09:00+0800 lvl=trce msg="Removed unpayable queued transactions"  count=0
t=2023-06-02T16:09:00+0800 lvl=trce msg="Promoted queued transactions"           count=1
t=2023-06-02T16:09:00+0800 lvl=trce msg="Pooled new future transaction"          hash=0x63152830f5072805673ffdaac6d6eec4f773c5ce324112268f578987b2f85b3b from=0x7628e7c918DAaf4dfbF615023fDBcF72b8479bCe to=0x0000000000000000000000000000000000000000
t=2023-06-02T16:09:00+0800 lvl=trce msg="Removed old queued transactions"        count=0
t=2023-06-02T16:09:00+0800 lvl=trce msg="Removed unpayable queued transactions"  count=0
t=2023-06-02T16:09:00+0800 lvl=trce msg="Promoted queued transactions"           count=0
t=2023-06-02T16:09:00+0800 lvl=trce msg="Pooled new future transaction"          hash=0x3f38d84811ef4f3713fda922ae741bcbd3a0ae761de1692140d9c53e20c92fdb from=0x66e0851F1a162869024b4C9f6b1C4Fc5cb4832F1 to=0x0000000000000000000000000000000000000000
t=2023-06-02T16:09:00+0800 lvl=trce msg="Removed old queued transactions"        count=0
t=2023-06-02T16:09:00+0800 lvl=trce msg="Removed unpayable queued transactions"  count=0
t=2023-06-02T16:09:00+0800 lvl=trce msg="Promoted queued transactions"           count=1
t=2023-06-02T16:09:00+0800 lvl=trce msg="Pooled new future transaction"          hash=0x0bd4a1bcd1a6987f9d1e481b431173b21523096292e1ec3214a7f858d12386ac from=0x66e0851F1a162869024b4C9f6b1C4Fc5cb4832F1 to=0x0000000000000000000000000000000000000000
t=2023-06-02T16:09:00+0800 lvl=trce msg="Removed old queued transactions"        count=0
t=2023-06-02T16:09:00+0800 lvl=trce msg="Removed unpayable queued transactions"  count=0
t=2023-06-02T16:09:00+0800 lvl=trce msg="Promoted queued transactions"           count=0
t=2023-06-02T16:09:00+0800 lvl=trce msg="Pooled new future transaction"          hash=0x6a20987a4489611f1edf181d0ec21bd8d1aa70049726eee0edee6eb07014a4d7 from=0x7628e7c918DAaf4dfbF615023fDBcF72b8479bCe to=0x0000000000000000000000000000000000000000
t=2023-06-02T16:09:00+0800 lvl=trce msg="Removed old queued transactions"        count=0
t=2023-06-02T16:09:00+0800 lvl=trce msg="Removed unpayable queued transactions"  count=0
t=2023-06-02T16:09:00+0800 lvl=trce msg="Promoted queued transactions"           count=1
t=2023-06-02T16:09:00+0800 lvl=trce msg="Pooled new future transaction"          hash=0x4180033abf76857f9875241a9b2a53cc4bb0a7ef386a04b1d6ab86c04ffec22d from=0x7628e7c918DAaf4dfbF615023fDBcF72b8479bCe to=0x0000000000000000000000000000000000000000
t=2023-06-02T16:09:00+0800 lvl=trce msg="Removed old queued transactions"        count=0
t=2023-06-02T16:09:00+0800 lvl=trce msg="Removed unpayable queued transactions"  count=0
t=2023-06-02T16:09:00+0800 lvl=trce msg="Promoted queued transactions"           count=0
t=2023-06-02T16:09:00+0800 lvl=trce msg="Pooled new future transaction"          hash=0xd26f638330811ec968019729467ab6277b2bc55da5264c53acec512f97640fee from=0x66e0851F1a162869024b4C9f6b1C4Fc5cb4832F1 to=0x0000000000000000000000000000000000000000
t=2023-06-02T16:09:00+0800 lvl=trce msg="Removed old queued transactions"        count=0
t=2023-06-02T16:09:00+0800 lvl=trce msg="Removed unpayable queued transactions"  count=0
t=2023-06-02T16:09:00+0800 lvl=trce msg="Promoted queued transactions"           count=1
t=2023-06-02T16:09:00+0800 lvl=trce msg="Pooled new future transaction"          hash=0x9de4fbe51af683f33d4b11bf233d1aa6b0e9b1ca90cdcc327e188a608e6ccfe3 from=0x66e0851F1a162869024b4C9f6b1C4Fc5cb4832F1 to=0x0000000000000000000000000000000000000000
t=2023-06-02T16:09:00+0800 lvl=trce msg="Removed old queued transactions"        count=0
t=2023-06-02T16:09:00+0800 lvl=trce msg="Removed unpayable queued transactions"  count=0
t=2023-06-02T16:09:00+0800 lvl=trce msg="Promoted queued transactions"           count=0
t=2023-06-02T16:09:00+0800 lvl=trce msg="Pooled new future transaction"          hash=0x4c760be4ca47e11cb1c700e0502680c651c21717b77c6ce20e1f802e44a96003 from=0x7628e7c918DAaf4dfbF615023fDBcF72b8479bCe to=0x0000000000000000000000000000000000000000
t=2023-06-02T16:09:00+0800 lvl=trce msg="Removed old queued transactions"        count=0
t=2023-06-02T16:09:00+0800 lvl=trce msg="Removed unpayable queued transactions"  count=0
t=2023-06-02T16:09:00+0800 lvl=trce msg="Promoted queued transactions"           count=1
t=2023-06-02T16:09:00+0800 lvl=trce msg="Pooled new future transaction"          hash=0xc62d0dab62d8cd93e8108dd0b044f47243692412ce3a58628dd26eaf4a438832 from=0x7628e7c918DAaf4dfbF615023fDBcF72b8479bCe to=0x0000000000000000000000000000000000000000
t=2023-06-02T16:09:00+0800 lvl=trce msg="Removed old queued transactions"        count=0
t=2023-06-02T16:09:00+0800 lvl=trce msg="Removed unpayable queued transactions"  count=0
t=2023-06-02T16:09:00+0800 lvl=trce msg="Promoted queued transactions"           count=0
t=2023-06-02T16:09:00+0800 lvl=trce msg="Pooled new future transaction"          hash=0xdd718f7db1a3f8b1a420726dc6e743ac12374b14efc691604c0475c5b52a76fb from=0x66e0851F1a162869024b4C9f6b1C4Fc5cb4832F1 to=0x0000000000000000000000000000000000000000
t=2023-06-02T16:09:00+0800 lvl=trce msg="Removed old queued transactions"        count=0
t=2023-06-02T16:09:00+0800 lvl=trce msg="Removed unpayable queued transactions"  count=0
t=2023-06-02T16:09:00+0800 lvl=trce msg="Promoted queued transactions"           count=1
t=2023-06-02T16:09:00+0800 lvl=trce msg="Pooled new future transaction"          hash=0x2f38f61149e475227be0385bd20eac2b069ec9b82e0e9922e8dd8c4dd56fe384 from=0x66e0851F1a162869024b4C9f6b1C4Fc5cb4832F1 to=0x0000000000000000000000000000000000000000
t=2023-06-02T16:09:00+0800 lvl=trce msg="Removed old queued transactions"        count=0
t=2023-06-02T16:09:00+0800 lvl=trce msg="Removed unpayable queued transactions"  count=0
t=2023-06-02T16:09:00+0800 lvl=trce msg="Promoted queued transactions"           count=0
t=2023-06-02T16:09:00+0800 lvl=trce msg="Pooled new future transaction"          hash=0x5959aaacdcfe699deb54ffe4620a00eb4cfdce115efc95f81b12436e6360913b from=0x7628e7c918DAaf4dfbF615023fDBcF72b8479bCe to=0x0000000000000000000000000000000000000000
t=2023-06-02T16:09:00+0800 lvl=trce msg="Removed old queued transactions"        count=0
t=2023-06-02T16:09:00+0800 lvl=trce msg="Removed unpayable queued transactions"  count=0
t=2023-06-02T16:09:00+0800 lvl=trce msg="Promoted queued transactions"           count=1
t=2023-06-02T16:09:00+0800 lvl=trce msg="Pooled new future transaction"          hash=0x80359f0a87a4e067d2254b1918779b2d4fa8b7bbe934e712f36e1c1d0b201007 from=0x7628e7c918DAaf4dfbF615023fDBcF72b8479bCe to=0x0000000000000000000000000000000000000000
t=2023-06-02T16:09:00+0800 lvl=trce msg="Removed old queued transactions"        count=0
t=2023-06-02T16:09:00+0800 lvl=trce msg="Removed unpayable queued transactions"  count=0
t=2023-06-02T16:09:00+0800 lvl=trce msg="Promoted queued transactions"           count=0
t=2023-06-02T16:09:00+0800 lvl=trce msg="Pooled new future transaction"          hash=0x363cb4f233f03ee12c0396c10fb00e182007d097a739a53a162910c2c812f7e1 from=0x66e0851F1a162869024b4C9f6b1C4Fc5cb4832F1 to=0x0000000000000000000000000000000000000000
t=2023-06-02T16:09:00+0800 lvl=trce msg="Removed old queued transactions"        count=0
t=2023-06-02T16:09:00+0800 lvl=trce msg="Removed unpayable queued transactions"  count=0
t=2023-06-02T16:09:00+0800 lvl=trce msg="Promoted queued transactions"           count=1
t=2023-06-02T16:09:00+0800 lvl=trce msg="Pooled new future transaction"          hash=0xcc9f504b52d8fce2443814a76f2da637d2182e442bdec24a798eb8b50bccbbf6 from=0x66e0851F1a162869024b4C9f6b1C4Fc5cb4832F1 to=0x0000000000000000000000000000000000000000
t=2023-06-02T16:09:00+0800 lvl=trce msg="Removed old queued transactions"        count=0
t=2023-06-02T16:09:00+0800 lvl=trce msg="Removed unpayable queued transactions"  count=0
t=2023-06-02T16:09:00+0800 lvl=trce msg="Promoted queued transactions"           count=0
t=2023-06-02T16:09:00+0800 lvl=trce msg="Pooled new future transaction"          hash=0xde30aa8f09968a7c4d414db7bf2d62dd57fcbf4e522ae530a24a240d3e59e73a from=0x7628e7c918DAaf4dfbF615023fDBcF72b8479bCe to=0x0000000000000000000000000000000000000000
t=2023-06-02T16:09:00+0800 lvl=trce msg="Removed old queued transactions"        count=0
t=2023-06-02T16:09:00+0800 lvl=trce msg="Removed unpayable queued transactions"  count=0
t=2023-06-02T16:09:00+0800 lvl=trce msg="Promoted queued transactions"           count=1
t=2023-06-02T16:09:00+0800 lvl=trce msg="Pooled new future transaction"          hash=0x0cc4c5960c616d7c1f03e777970525e58b93cb8201ac2571f45401c0d6f43197 from=0x7628e7c918DAaf4dfbF615023fDBcF72b8479bCe to=0x0000000000000000000000000000000000000000
t=2023-06-02T16:09:00+0800 lvl=trce msg="Removed old queued transactions"        count=0
t=2023-06-02T16:09:00+0800 lvl=trce msg="Removed unpayable queued transactions"  count=0
t=2023-06-02T16:09:00+0800 lvl=trce msg="Promoted queued transactions"           count=0
t=2023-06-02T16:09:00+0800 lvl=trce msg="Pooled new future transaction"          hash=0x53abcce0a27fb148cb7ba6fc7be5b58468328645484ec414b583c6902514d761 from=0x66e0851F1a162869024b4C9f6b1C4Fc5cb4832F1 to=0x0000000000000000000000000000000000000000
t=2023-06-02T16:09:00+0800 lvl=trce msg="Removed old queued transactions"        count=0
t=2023-06-02T16:09:00+0800 lvl=trce msg="Removed unpayable queued transactions"  count=0
t=2023-06-02T16:09:00+0800 lvl=trce msg="Promoted queued transactions"           count=1
t=2023-06-02T16:09:00+0800 lvl=trce msg="Pooled new future transaction"          hash=0x17b5d02532f947db0cdf38114ee8bd3af87a578e5146b91c0b6a538756912433 from=0x66e0851F1a162869024b4C9f6b1C4Fc5cb4832F1 to=0x0000000000000000000000000000000000000000
t=2023-06-02T16:09:00+0800 lvl=trce msg="Removed old queued transactions"        count=0
t=2023-06-02T16:09:00+0800 lvl=trce msg="Removed unpayable queued transactions"  count=0
t=2023-06-02T16:09:00+0800 lvl=trce msg="Promoted queued transactions"           count=0
t=2023-06-02T16:09:00+0800 lvl=trce msg="Pooled new future transaction"          hash=0xa3c2d3e206d749734db55f0991e7757cd23a6fe5787c072cb3fcbb6ff0e9d1c9 from=0x7628e7c918DAaf4dfbF615023fDBcF72b8479bCe to=0x0000000000000000000000000000000000000000
t=2023-06-02T16:09:00+0800 lvl=trce msg="Removed old queued transactions"        count=0
t=2023-06-02T16:09:00+0800 lvl=trce msg="Removed unpayable queued transactions"  count=0
t=2023-06-02T16:09:00+0800 lvl=trce msg="Promoted queued transactions"           count=1
t=2023-06-02T16:09:00+0800 lvl=trce msg="Pooled new future transaction"          hash=0xaf82e58904b30f774680a443de97301d55c04c068991cbd76728af9734cc39f4 from=0x7628e7c918DAaf4dfbF615023fDBcF72b8479bCe to=0x0000000000000000000000000000000000000000
t=2023-06-02T16:09:00+0800 lvl=trce msg="Removed old queued transactions"        count=0
t=2023-06-02T16:09:00+0800 lvl=trce msg="Removed unpayable queued transactions"  count=0
t=2023-06-02T16:09:00+0800 lvl=trce msg="Promoted queued transactions"           count=0
t=2023-06-02T16:09:00+0800 lvl=trce msg="Pooled new future transaction"          hash=0xb662cd60e7d3cf78d370a63e90d54fca209266bdaa82e3ad825d79c171118694 from=0x66e0851F1a162869024b4C9f6b1C4Fc5cb4832F1 to=0x0000000000000000000000000000000000000000
t=2023-06-02T16:09:00+0800 lvl=trce msg="Removed old queued transactions"        count=0
t=2023-06-02T16:09:00+0800 lvl=trce msg="Removed unpayable queued transactions"  count=0
t=2023-06-02T16:09:00+0800 lvl=trce msg="Promoted queued transactions"           count=1
t=2023-06-02T16:09:00+0800 lvl=trce msg="Pooled new future transaction"          hash=0x9e7e5cabf6bef7a12d75a42a106445b058b65e9c33ce64099d376c2ecd21092e from=0x66e0851F1a162869024b4C9f6b1C4Fc5cb4832F1 to=0x0000000000000000000000000000000000000000
t=2023-06-02T16:09:00+0800 lvl=trce msg="Removed old queued transactions"        count=0
t=2023-06-02T16:09:00+0800 lvl=trce msg="Removed unpayable queued transactions"  count=0
t=2023-06-02T16:09:00+0800 lvl=trce msg="Promoted queued transactions"           count=0
t=2023-06-02T16:09:00+0800 lvl=trce msg="Pooled new future transaction"          hash=0xa99aeb989f09c86beff1b8cf86c12de1383f0b8b0ea7bc5d4f74bdc7eeb57812 from=0x7628e7c918DAaf4dfbF615023fDBcF72b8479bCe to=0x0000000000000000000000000000000000000000
t=2023-06-02T16:09:00+0800 lvl=trce msg="Removed old queued transactions"        count=0
t=2023-06-02T16:09:00+0800 lvl=trce msg="Removed unpayable queued transactions"  count=0
t=2023-06-02T16:09:00+0800 lvl=trce msg="Promoted queued transactions"           count=1
t=2023-06-02T16:09:00+0800 lvl=trce msg="Pooled new future transaction"          hash=0x1ea90ec4c12bf34b59ae4219e95c7f8cca79ccfa4ba0dd600ae83fdc058a1bf7 from=0x7628e7c918DAaf4dfbF615023fDBcF72b8479bCe to=0x0000000000000000000000000000000000000000
t=2023-06-02T16:09:00+0800 lvl=trce msg="Removed old queued transactions"        count=0
t=2023-06-02T16:09:00+0800 lvl=trce msg="Removed unpayable queued transactions"  count=0
t=2023-06-02T16:09:00+0800 lvl=trce msg="Promoted queued transactions"           count=0
t=2023-06-02T16:09:00+0800 lvl=trce msg="Pooled new future transaction"          hash=0x038140c15382237985e3635a1efc4a3aa458bf2f7cc97d0f2010c3c0b77b643a from=0x66e0851F1a162869024b4C9f6b1C4Fc5cb4832F1 to=0x0000000000000000000000000000000000000000
t=2023-06-02T16:09:00+0800 lvl=trce msg="Removed old queued transactions"        count=0
t=2023-06-02T16:09:00+0800 lvl=trce msg="Removed unpayable queued transactions"  count=0
t=2023-06-02T16:09:00+0800 lvl=trce msg="Promoted queued transactions"           count=1
t=2023-06-02T16:09:00+0800 lvl=trce msg="Pooled new future transaction"          hash=0x8a19a092935b83ea6ddf8bbefc56886d2b986041c1329295cb9a4d141fdc7877 from=0x66e0851F1a162869024b4C9f6b1C4Fc5cb4832F1 to=0x0000000000000000000000000000000000000000
t=2023-06-02T16:09:00+0800 lvl=trce msg="Removed old queued transactions"        count=0
t=2023-06-02T16:09:00+0800 lvl=trce msg="Removed unpayable queued transactions"  count=0
t=2023-06-02T16:09:00+0800 lvl=trce msg="Promoted queued transactions"           count=0
t=2023-06-02T16:09:00+0800 lvl=trce msg="Pooled new future transaction"          hash=0x63492e590c2036a61a56dbf79d2008bdd2cf1525a4b5b3964af7a938af56ebf2 from=0x7628e7c918DAaf4dfbF615023fDBcF72b8479bCe to=0x0000000000000000000000000000000000000000
t=2023-06-02T16:09:00+0800 lvl=trce msg="Removed old queued transactions"        count=0
t=2023-06-02T16:09:00+0800 lvl=trce msg="Removed unpayable queued transactions"  count=0
t=2023-06-02T16:09:00+0800 lvl=trce msg="Promoted queued transactions"           count=1
t=2023-06-02T16:09:00+0800 lvl=trce msg="Pooled new future transaction"          hash=0x7bab92694190a1f52bd4829eac0472fcbf245483f89ef8d3168d334d0ca6130c from=0x7628e7c918DAaf4dfbF615023fDBcF72b8479bCe to=0x0000000000000000000000000000000000000000
t=2023-06-02T16:09:00+0800 lvl=trce msg="Removed old queued transactions"        count=0
t=2023-06-02T16:09:00+0800 lvl=trce msg="Removed unpayable queued transactions"  count=0
t=2023-06-02T16:09:00+0800 lvl=trce msg="Promoted queued transactions"           count=0
t=2023-06-02T16:09:00+0800 lvl=trce msg="Pooled new future transaction"          hash=0xccc6ec6c3bda9b8002b4a152ba6d8b4e46decf4967d4694c38e8895851fcf067 from=0x66e0851F1a162869024b4C9f6b1C4Fc5cb4832F1 to=0x0000000000000000000000000000000000000000
t=2023-06-02T16:09:00+0800 lvl=trce msg="Removed old queued transactions"        count=0
t=2023-06-02T16:09:00+0800 lvl=trce msg="Removed unpayable queued transactions"  count=0
t=2023-06-02T16:09:00+0800 lvl=trce msg="Promoted queued transactions"           count=1
t=2023-06-02T16:09:00+0800 lvl=trce msg="Pooled new future transaction"          hash=0xef139ce3f5fdb362d2a0800751e96fc97c19c5fa884416133342392f59f3de84 from=0x66e0851F1a162869024b4C9f6b1C4Fc5cb4832F1 to=0x0000000000000000000000000000000000000000
t=2023-06-02T16:09:00+0800 lvl=trce msg="Removed old queued transactions"        count=0
t=2023-06-02T16:09:00+0800 lvl=trce msg="Removed unpayable queued transactions"  count=0
t=2023-06-02T16:09:00+0800 lvl=trce msg="Promoted queued transactions"           count=0
t=2023-06-02T16:09:00+0800 lvl=trce msg="Pooled new future transaction"          hash=0xe51317eb36410ce5f5551b24103c108b5741174fa25a1091fe195479620e058e from=0x7628e7c918DAaf4dfbF615023fDBcF72b8479bCe to=0x0000000000000000000000000000000000000000
t=2023-06-02T16:09:00+0800 lvl=trce msg="Removed old queued transactions"        count=0
t=2023-06-02T16:09:00+0800 lvl=trce msg="Removed unpayable queued transactions"  count=0
t=2023-06-02T16:09:00+0800 lvl=trce msg="Promoted queued transactions"           count=1
t=2023-06-02T16:09:00+0800 lvl=trce msg="Pooled new future transaction"          hash=0x54460207ad1933b2a468eb4d3065151aa274294fa5755b86292128c5adc7139e from=0x7628e7c918DAaf4dfbF615023fDBcF72b8479bCe to=0x0000000000000000000000000000000000000000
t=2023-06-02T16:09:00+0800 lvl=trce msg="Removed old queued transactions"        count=0
t=2023-06-02T16:09:00+0800 lvl=trce msg="Removed unpayable queued transactions"  count=0
t=2023-06-02T16:09:00+0800 lvl=trce msg="Promoted queued transactions"           count=0
t=2023-06-02T16:09:00+0800 lvl=trce msg="Pooled new future transaction"          hash=0x2fbbcf9e3e6ad769bec49a749f1a33e72eb2ab10bfc843c2d988bc126ab599fa from=0x66e0851F1a162869024b4C9f6b1C4Fc5cb4832F1 to=0x0000000000000000000000000000000000000000
t=2023-06-02T16:09:00+0800 lvl=trce msg="Removed old queued transactions"        count=0
t=2023-06-02T16:09:00+0800 lvl=trce msg="Removed unpayable queued transactions"  count=0
t=2023-06-02T16:09:00+0800 lvl=trce msg="Promoted queued transactions"           count=1
t=2023-06-02T16:09:00+0800 lvl=trce msg="Pooled new future transaction"          hash=0x3f06cf4b18c0c28075b590893d6451bd8b748d2f99a3d9d592f63379e43397a1 from=0x66e0851F1a162869024b4C9f6b1C4Fc5cb4832F1 to=0x0000000000000000000000000000000000000000
t=2023-06-02T16:09:00+0800 lvl=trce msg="Removed old queued transactions"        count=0
t=2023-06-02T16:09:00+0800 lvl=trce msg="Removed unpayable queued transactions"  count=0
t=2023-06-02T16:09:00+0800 lvl=trce msg="Promoted queued transactions"           count=0
t=2023-06-02T16:09:00+0800 lvl=trce msg="Pooled new future transaction"          hash=0x216ed5398cefe4781b1caa5e7229767361ced8f86888e28b1c5417343babb2e1 from=0x7628e7c918DAaf4dfbF615023fDBcF72b8479bCe to=0x0000000000000000000000000000000000000000
t=2023-06-02T16:09:00+0800 lvl=trce msg="Removed old queued transactions"        count=0
t=2023-06-02T16:09:00+0800 lvl=trce msg="Removed unpayable queued transactions"  count=0
t=2023-06-02T16:09:00+0800 lvl=trce msg="Promoted queued transactions"           count=1
t=2023-06-02T16:09:00+0800 lvl=trce msg="Pooled new future transaction"          hash=0xd8f48a507ef992dc43d2757ddd5d83457ef8f77525517808438817c632052952 from=0x7628e7c918DAaf4dfbF615023fDBcF72b8479bCe to=0x0000000000000000000000000000000000000000
t=2023-06-02T16:09:00+0800 lvl=trce msg="Removed old queued transactions"        count=0
t=2023-06-02T16:09:00+0800 lvl=trce msg="Removed unpayable queued transactions"  count=0
t=2023-06-02T16:09:00+0800 lvl=trce msg="Promoted queued transactions"           count=0
t=2023-06-02T16:09:00+0800 lvl=trce msg="Pooled new future transaction"          hash=0xc1c06433e6b76fb52cf81862297eb703d258ba0d251fbe204161974259004868 from=0x66e0851F1a162869024b4C9f6b1C4Fc5cb4832F1 to=0x0000000000000000000000000000000000000000
t=2023-06-02T16:09:00+0800 lvl=trce msg="Removed old queued transactions"        count=0
t=2023-06-02T16:09:00+0800 lvl=trce msg="Removed unpayable queued transactions"  count=0
t=2023-06-02T16:09:00+0800 lvl=trce msg="Promoted queued transactions"           count=1
t=2023-06-02T16:09:00+0800 lvl=trce msg="Pooled new future transaction"          hash=0x47e11a01668e5a0ab71b4c18700451adc9321b9fa0473b97ede8540f915f9e26 from=0x66e0851F1a162869024b4C9f6b1C4Fc5cb4832F1 to=0x0000000000000000000000000000000000000000
t=2023-06-02T16:09:00+0800 lvl=trce msg="Removed old queued transactions"        count=0
t=2023-06-02T16:09:00+0800 lvl=trce msg="Removed unpayable queued transactions"  count=0
t=2023-06-02T16:09:00+0800 lvl=trce msg="Promoted queued transactions"           count=0
t=2023-06-02T16:09:00+0800 lvl=trce msg="Pooled new future transaction"          hash=0x0f1fc7f5bef709f80565e26584ca7531e348789e9d11d0695ecf3f6691fa6f17 from=0x7628e7c918DAaf4dfbF615023fDBcF72b8479bCe to=0x0000000000000000000000000000000000000000
t=2023-06-02T16:09:00+0800 lvl=trce msg="Removed old queued transactions"        count=0
t=2023-06-02T16:09:00+0800 lvl=trce msg="Removed unpayable queued transactions"  count=0
t=2023-06-02T16:09:00+0800 lvl=trce msg="Promoted queued transactions"           count=1
t=2023-06-02T16:09:00+0800 lvl=trce msg="Pooled new future transaction"          hash=0x7349fee2d9bdb3d85de2d03176a2531bf09242bbfa6243cd187c5c98a44b8eda from=0x7628e7c918DAaf4dfbF615023fDBcF72b8479bCe to=0x0000000000000000000000000000000000000000
t=2023-06-02T16:09:00+0800 lvl=trce msg="Removed old queued transactions"        count=0
t=2023-06-02T16:09:00+0800 lvl=trce msg="Removed unpayable queued transactions"  count=0
t=2023-06-02T16:09:00+0800 lvl=trce msg="Promoted queued transactions"           count=0
t=2023-06-02T16:09:00+0800 lvl=trce msg="Pooled new future transaction"          hash=0xad31f084c94e523e0844a77d5124ff33ec3e41f1e5a670de4d54ed38f607347d from=0x66e0851F1a162869024b4C9f6b1C4Fc5cb4832F1 to=0x0000000000000000000000000000000000000000
t=2023-06-02T16:09:00+0800 lvl=trce msg="Removed old queued transactions"        count=0
t=2023-06-02T16:09:00+0800 lvl=trce msg="Removed unpayable queued transactions"  count=0
t=2023-06-02T16:09:00+0800 lvl=trce msg="Promoted queued transactions"           count=1
t=2023-06-02T16:09:00+0800 lvl=trce msg="Pooled new future transaction"          hash=0x85de9f2d695d6a4b965ba08a9d87e29fb50491c70be515d00c4477380d9278a1 from=0x66e0851F1a162869024b4C9f6b1C4Fc5cb4832F1 to=0x0000000000000000000000000000000000000000
t=2023-06-02T16:09:00+0800 lvl=trce msg="Removed old queued transactions"        count=0
t=2023-06-02T16:09:00+0800 lvl=trce msg="Removed unpayable queued transactions"  count=0
t=2023-06-02T16:09:00+0800 lvl=trce msg="Promoted queued transactions"           count=0
t=2023-06-02T16:09:00+0800 lvl=trce msg="Pooled new future transaction"          hash=0x734e3b7d34ba5fd7d700b30c5cd4fadcd5be43565c2cff19583594aea555db94 from=0x7628e7c918DAaf4dfbF615023fDBcF72b8479bCe to=0x0000000000000000000000000000000000000000
t=2023-06-02T16:09:00+0800 lvl=trce msg="Removed old queued transactions"        count=0
t=2023-06-02T16:09:00+0800 lvl=trce msg="Removed unpayable queued transactions"  count=0
t=2023-06-02T16:09:00+0800 lvl=trce msg="Promoted queued transactions"           count=1
t=2023-06-02T16:09:00+0800 lvl=trce msg="Pooled new future transaction"          hash=0x22e9602432f324825440b4e52d9ed453fcb171780561960e171e3f8fdb5ce4cd from=0x7628e7c918DAaf4dfbF615023fDBcF72b8479bCe to=0x0000000000000000000000000000000000000000
t=2023-06-02T16:09:00+0800 lvl=trce msg="Removed old queued transactions"        count=0
t=2023-06-02T16:09:00+0800 lvl=trce msg="Removed unpayable queued transactions"  count=0
t=2023-06-02T16:09:00+0800 lvl=trce msg="Promoted queued transactions"           count=0
t=2023-06-02T16:09:00+0800 lvl=trce msg="Pooled new future transaction"          hash=0x6e41956391ba03ff8cc4838eb2dde183634d11f51f83f5f20b769afad068de66 from=0x66e0851F1a162869024b4C9f6b1C4Fc5cb4832F1 to=0x0000000000000000000000000000000000000000
t=2023-06-02T16:09:00+0800 lvl=trce msg="Removed old queued transactions"        count=0
t=2023-06-02T16:09:00+0800 lvl=trce msg="Removed unpayable queued transactions"  count=0
t=2023-06-02T16:09:00+0800 lvl=trce msg="Promoted queued transactions"           count=1
t=2023-06-02T16:09:00+0800 lvl=trce msg="Pooled new future transaction"          hash=0xc253b1099bb9aff0fff0e8ba8a6fc443a50d61c1e9378fd6372019df9ba520e5 from=0x66e0851F1a162869024b4C9f6b1C4Fc5cb4832F1 to=0x0000000000000000000000000000000000000000
t=2023-06-02T16:09:00+0800 lvl=trce msg="Removed old queued transactions"        count=0
t=2023-06-02T16:09:00+0800 lvl=trce msg="Removed unpayable queued transactions"  count=0
t=2023-06-02T16:09:00+0800 lvl=trce msg="Promoted queued transactions"           count=0
t=2023-06-02T16:09:00+0800 lvl=trce msg="Pooled new future transaction"          hash=0x9364add14d12f6b1e83a6a9bacaf4bbca05d3da91af61f3a178c3f99dee82d38 from=0x7628e7c918DAaf4dfbF615023fDBcF72b8479bCe to=0x0000000000000000000000000000000000000000
t=2023-06-02T16:09:00+0800 lvl=trce msg="Removed old queued transactions"        count=0
t=2023-06-02T16:09:00+0800 lvl=trce msg="Removed unpayable queued transactions"  count=0
t=2023-06-02T16:09:00+0800 lvl=trce msg="Promoted queued transactions"           count=1
t=2023-06-02T16:09:00+0800 lvl=trce msg="Pooled new future transaction"          hash=0x7511f605083f399ffa65d5816f59587ec330ff15b30ac5d302e7fd05f7d57ba2 from=0x7628e7c918DAaf4dfbF615023fDBcF72b8479bCe to=0x0000000000000000000000000000000000000000
t=2023-06-02T16:09:00+0800 lvl=trce msg="Removed old queued transactions"        count=0
t=2023-06-02T16:09:00+0800 lvl=trce msg="Removed unpayable queued transactions"  count=0
t=2023-06-02T16:09:00+0800 lvl=trce msg="Promoted queued transactions"           count=0
t=2023-06-02T16:09:00+0800 lvl=trce msg="Pooled new future transaction"          hash=0x224bd9725ec8eac87136a3de6bd3e64beffbc10ea49f616451c5ac871e75b37f from=0x66e0851F1a162869024b4C9f6b1C4Fc5cb4832F1 to=0x0000000000000000000000000000000000000000
t=2023-06-02T16:09:00+0800 lvl=trce msg="Removed old queued transactions"        count=0
t=2023-06-02T16:09:00+0800 lvl=trce msg="Removed unpayable queued transactions"  count=0
t=2023-06-02T16:09:00+0800 lvl=trce msg="Promoted queued transactions"           count=1
t=2023-06-02T16:09:00+0800 lvl=trce msg="Pooled new future transaction"          hash=0x479cae77e031e6cf1a170c777d8b78cf8215c133d232d06ab49f556bd8b8ec92 from=0x66e0851F1a162869024b4C9f6b1C4Fc5cb4832F1 to=0x0000000000000000000000000000000000000000
t=2023-06-02T16:09:00+0800 lvl=trce msg="Removed old queued transactions"        count=0
t=2023-06-02T16:09:00+0800 lvl=trce msg="Removed unpayable queued transactions"  count=0
t=2023-06-02T16:09:00+0800 lvl=trce msg="Promoted queued transactions"           count=0
t=2023-06-02T16:09:00+0800 lvl=trce msg="Pooled new future transaction"          hash=0xa403093faf36ba35fb8ea91993128d9bc79e5333c2980c1b46352db86f772a55 from=0x7628e7c918DAaf4dfbF615023fDBcF72b8479bCe to=0x0000000000000000000000000000000000000000
t=2023-06-02T16:09:00+0800 lvl=trce msg="Removed old queued transactions"        count=0
t=2023-06-02T16:09:00+0800 lvl=trce msg="Removed unpayable queued transactions"  count=0
t=2023-06-02T16:09:00+0800 lvl=trce msg="Promoted queued transactions"           count=1
t=2023-06-02T16:09:00+0800 lvl=trce msg="Pooled new future transaction"          hash=0xf24ee4965936a537183152b456b2db6032fabb545b7ae8f9a1bec5aa38e7a486 from=0x7628e7c918DAaf4dfbF615023fDBcF72b8479bCe to=0x0000000000000000000000000000000000000000
t=2023-06-02T16:09:00+0800 lvl=trce msg="Removed old queued transactions"        count=0
t=2023-06-02T16:09:00+0800 lvl=trce msg="Removed unpayable queued transactions"  count=0
t=2023-06-02T16:09:00+0800 lvl=trce msg="Promoted queued transactions"           count=0
t=2023-06-02T16:09:00+0800 lvl=trce msg="Pooled new future transaction"          hash=0x5e64e2f46cfeefffac92251cfad239702e3ac4cd6ac9f17a81b063c8f5b1baf9 from=0x66e0851F1a162869024b4C9f6b1C4Fc5cb4832F1 to=0x0000000000000000000000000000000000000000
t=2023-06-02T16:09:00+0800 lvl=trce msg="Removed old queued transactions"        count=0
t=2023-06-02T16:09:00+0800 lvl=trce msg="Removed unpayable queued transactions"  count=0
t=2023-06-02T16:09:00+0800 lvl=trce msg="Promoted queued transactions"           count=1
t=2023-06-02T16:09:00+0800 lvl=trce msg="Pooled new future transaction"          hash=0x447c3c1595eabb9424257054e646e67a052c9b55ee626aa1423898e1c1800c47 from=0x66e0851F1a162869024b4C9f6b1C4Fc5cb4832F1 to=0x0000000000000000000000000000000000000000
t=2023-06-02T16:09:00+0800 lvl=trce msg="Removed old queued transactions"        count=0
t=2023-06-02T16:09:00+0800 lvl=trce msg="Removed unpayable queued transactions"  count=0
t=2023-06-02T16:09:00+0800 lvl=trce msg="Promoted queued transactions"           count=0
t=2023-06-02T16:09:00+0800 lvl=trce msg="Pooled new future transaction"          hash=0x17d31213f81a0e5e4c58d65d2336cdd24fbde1135d060d17f362df635b575a8f from=0x7628e7c918DAaf4dfbF615023fDBcF72b8479bCe to=0x0000000000000000000000000000000000000000
t=2023-06-02T16:09:00+0800 lvl=trce msg="Removed old queued transactions"        count=0
t=2023-06-02T16:09:00+0800 lvl=trce msg="Removed unpayable queued transactions"  count=0
t=2023-06-02T16:09:00+0800 lvl=trce msg="Promoted queued transactions"           count=1
t=2023-06-02T16:09:00+0800 lvl=trce msg="Pooled new future transaction"          hash=0xd2ebbf33bb1902ecfc594ebeb81dc4ef69d7bf9dcdc33199c7564824c993144d from=0x7628e7c918DAaf4dfbF615023fDBcF72b8479bCe to=0x0000000000000000000000000000000000000000
t=2023-06-02T16:09:00+0800 lvl=trce msg="Removed old queued transactions"        count=0
t=2023-06-02T16:09:00+0800 lvl=trce msg="Removed unpayable queued transactions"  count=0
t=2023-06-02T16:09:00+0800 lvl=trce msg="Promoted queued transactions"           count=0
t=2023-06-02T16:09:00+0800 lvl=trce msg="Pooled new future transaction"          hash=0xf6ac50e0f2d551271249c3159484402341e983db73d8ec21b90ce81997b8cf29 from=0x66e0851F1a162869024b4C9f6b1C4Fc5cb4832F1 to=0x0000000000000000000000000000000000000000
t=2023-06-02T16:09:00+0800 lvl=trce msg="Removed old queued transactions"        count=0
t=2023-06-02T16:09:00+0800 lvl=trce msg="Removed unpayable queued transactions"  count=0
t=2023-06-02T16:09:00+0800 lvl=trce msg="Promoted queued transactions"           count=1
t=2023-06-02T16:09:00+0800 lvl=trce msg="Pooled new future transaction"          hash=0x1a57d1445cff9eb59f6984e569aca275996231a6eae0bb2710d281b0c977d59e from=0x66e0851F1a162869024b4C9f6b1C4Fc5cb4832F1 to=0x0000000000000000000000000000000000000000
t=2023-06-02T16:09:00+0800 lvl=trce msg="Removed old queued transactions"        count=0
t=2023-06-02T16:09:00+0800 lvl=trce msg="Removed unpayable queued transactions"  count=0
t=2023-06-02T16:09:00+0800 lvl=trce msg="Promoted queued transactions"           count=0
t=2023-06-02T16:09:00+0800 lvl=trce msg="Pooled new future transaction"          hash=0x119c176bf5284d23f85c5404ed59bef34b35e3f25221107dcba2770b3a2bc6c8 from=0x7628e7c918DAaf4dfbF615023fDBcF72b8479bCe to=0x0000000000000000000000000000000000000000
t=2023-06-02T16:09:00+0800 lvl=trce msg="Removed old queued transactions"        count=0
t=2023-06-02T16:09:00+0800 lvl=trce msg="Removed unpayable queued transactions"  count=0
t=2023-06-02T16:09:00+0800 lvl=trce msg="Promoted queued transactions"           count=1
t=2023-06-02T16:09:00+0800 lvl=trce msg="Pooled new future transaction"          hash=0x9a873b23ccf14c03aaafc358cb7bb2e6579c2cfc2c28a4beabdee22d1c08cbd8 from=0x7628e7c918DAaf4dfbF615023fDBcF72b8479bCe to=0x0000000000000000000000000000000000000000
t=2023-06-02T16:09:00+0800 lvl=trce msg="Removed old queued transactions"        count=0
t=2023-06-02T16:09:00+0800 lvl=trce msg="Removed unpayable queued transactions"  count=0
t=2023-06-02T16:09:00+0800 lvl=trce msg="Promoted queued transactions"           count=0
t=2023-06-02T16:09:00+0800 lvl=trce msg="Pooled new future transaction"          hash=0x711527c6ae93624003d0d7d87e257c8265b76a7d7b5799b05e42b0f102c9b49c from=0x66e0851F1a162869024b4C9f6b1C4Fc5cb4832F1 to=0x0000000000000000000000000000000000000000
t=2023-06-02T16:09:00+0800 lvl=trce msg="Removed old queued transactions"        count=0
t=2023-06-02T16:09:00+0800 lvl=trce msg="Removed unpayable queued transactions"  count=0
t=2023-06-02T16:09:00+0800 lvl=trce msg="Promoted queued transactions"           count=1
t=2023-06-02T16:09:00+0800 lvl=trce msg="Pooled new future transaction"          hash=0x7c7c2181b49543cd2794bedf51138226896c725fca228d6d60409f67a3dcdc65 from=0x66e0851F1a162869024b4C9f6b1C4Fc5cb4832F1 to=0x0000000000000000000000000000000000000000
t=2023-06-02T16:09:00+0800 lvl=trce msg="Removed old queued transactions"        count=0
t=2023-06-02T16:09:00+0800 lvl=trce msg="Removed unpayable queued transactions"  count=0
t=2023-06-02T16:09:00+0800 lvl=trce msg="Promoted queued transactions"           count=0
t=2023-06-02T16:09:00+0800 lvl=trce msg="Pooled new future transaction"          hash=0x3e616daa9ef01c5144e0298ed9ce958c9488d3f10a2c4270d44c9afc21bba1c2 from=0x7628e7c918DAaf4dfbF615023fDBcF72b8479bCe to=0x0000000000000000000000000000000000000000
t=2023-06-02T16:09:00+0800 lvl=trce msg="Removed old queued transactions"        count=0
t=2023-06-02T16:09:00+0800 lvl=trce msg="Removed unpayable queued transactions"  count=0
t=2023-06-02T16:09:00+0800 lvl=trce msg="Promoted queued transactions"           count=1
t=2023-06-02T16:09:00+0800 lvl=trce msg="Pooled new future transaction"          hash=0x1502f6c5f624b8a422f6bbe69baac4c5d8a268d50c42128516d52ff074703898 from=0x7628e7c918DAaf4dfbF615023fDBcF72b8479bCe to=0x0000000000000000000000000000000000000000
t=2023-06-02T16:09:00+0800 lvl=trce msg="Removed old queued transactions"        count=0
t=2023-06-02T16:09:00+0800 lvl=trce msg="Removed unpayable queued transactions"  count=0
t=2023-06-02T16:09:00+0800 lvl=trce msg="Promoted queued transactions"           count=0
t=2023-06-02T16:09:00+0800 lvl=trce msg="Pooled new future transaction"          hash=0xc1e35dc1d9ec882212cbd7975ceced971730baadf7ed37aec47745b0aa628f89 from=0x66e0851F1a162869024b4C9f6b1C4Fc5cb4832F1 to=0x0000000000000000000000000000000000000000
t=2023-06-02T16:09:00+0800 lvl=trce msg="Removed old queued transactions"        count=0
t=2023-06-02T16:09:00+0800 lvl=trce msg="Removed unpayable queued transactions"  count=0
t=2023-06-02T16:09:00+0800 lvl=trce msg="Promoted queued transactions"           count=1
t=2023-06-02T16:09:00+0800 lvl=trce msg="Pooled new future transaction"          hash=0x44a9aca818d9cf6e5682bba62ec1f9a2d5dfa7eb606df1b89345308aaa1e1eec from=0x66e0851F1a162869024b4C9f6b1C4Fc5cb4832F1 to=0x0000000000000000000000000000000000000000
t=2023-06-02T16:09:00+0800 lvl=trce msg="Removed old queued transactions"        count=0
t=2023-06-02T16:09:00+0800 lvl=trce msg="Removed unpayable queued transactions"  count=0
t=2023-06-02T16:09:00+0800 lvl=trce msg="Promoted queued transactions"           count=0
t=2023-06-02T16:09:00+0800 lvl=trce msg="Pooled new future transaction"          hash=0xcb83e2eafb930eba7c04a8098811340d8798f3d425b665abd3d8b88b5a268a99 from=0x7628e7c918DAaf4dfbF615023fDBcF72b8479bCe to=0x0000000000000000000000000000000000000000
t=2023-06-02T16:09:00+0800 lvl=trce msg="Removed old queued transactions"        count=0
t=2023-06-02T16:09:00+0800 lvl=trce msg="Removed unpayable queued transactions"  count=0
t=2023-06-02T16:09:00+0800 lvl=trce msg="Promoted queued transactions"           count=1
t=2023-06-02T16:09:00+0800 lvl=trce msg="Pooled new future transaction"          hash=0xe8ee78704222a4e6b4100594ec864336ae1c9c0c075e8f1d971580be1cfdaf1d from=0x7628e7c918DAaf4dfbF615023fDBcF72b8479bCe to=0x0000000000000000000000000000000000000000
t=2023-06-02T16:09:00+0800 lvl=trce msg="Removed old queued transactions"        count=0
t=2023-06-02T16:09:00+0800 lvl=trce msg="Removed unpayable queued transactions"  count=0
t=2023-06-02T16:09:00+0800 lvl=trce msg="Promoted queued transactions"           count=0
t=2023-06-02T16:09:00+0800 lvl=trce msg="Pooled new future transaction"          hash=0xc17fd414c1664bea4170ec53ccf5405a084e227d29a1bb9bfcdb4f87792114cf from=0x66e0851F1a162869024b4C9f6b1C4Fc5cb4832F1 to=0x0000000000000000000000000000000000000000
t=2023-06-02T16:09:00+0800 lvl=trce msg="Removed old queued transactions"        count=0
t=2023-06-02T16:09:00+0800 lvl=trce msg="Removed unpayable queued transactions"  count=0
t=2023-06-02T16:09:00+0800 lvl=trce msg="Promoted queued transactions"           count=1
t=2023-06-02T16:09:00+0800 lvl=trce msg="Pooled new future transaction"          hash=0x362dd7fc3e6e222b62904ce26a396ed6925fc750484989c75fe441810476760b from=0x66e0851F1a162869024b4C9f6b1C4Fc5cb4832F1 to=0x0000000000000000000000000000000000000000
t=2023-06-02T16:09:00+0800 lvl=trce msg="Removed old queued transactions"        count=0
t=2023-06-02T16:09:00+0800 lvl=trce msg="Removed unpayable queued transactions"  count=0
t=2023-06-02T16:09:00+0800 lvl=trce msg="Promoted queued transactions"           count=0
t=2023-06-02T16:09:00+0800 lvl=trce msg="Pooled new future transaction"          hash=0x858d10f497d48d62173f40b1055ca27f0d290a1ecbf7d4513f7a90f7d12a14b0 from=0x7628e7c918DAaf4dfbF615023fDBcF72b8479bCe to=0x0000000000000000000000000000000000000000
t=2023-06-02T16:09:00+0800 lvl=trce msg="Removed old queued transactions"        count=0
t=2023-06-02T16:09:00+0800 lvl=trce msg="Removed unpayable queued transactions"  count=0
t=2023-06-02T16:09:00+0800 lvl=trce msg="Promoted queued transactions"           count=1
t=2023-06-02T16:09:00+0800 lvl=trce msg="Pooled new future transaction"          hash=0x4d60a49df2027706761e102f7d560e1e94ba720a143657b6a2f30c7b330c0596 from=0x7628e7c918DAaf4dfbF615023fDBcF72b8479bCe to=0x0000000000000000000000000000000000000000
t=2023-06-02T16:09:00+0800 lvl=trce msg="Removed old queued transactions"        count=0
t=2023-06-02T16:09:00+0800 lvl=trce msg="Removed unpayable queued transactions"  count=0
t=2023-06-02T16:09:00+0800 lvl=trce msg="Promoted queued transactions"           count=0
t=2023-06-02T16:09:00+0800 lvl=trce msg="Pooled new future transaction"          hash=0x1bd5738548b67a5aa62cf1db80f8b434964d39b21e45ae5987a8ef95acaec73f from=0x66e0851F1a162869024b4C9f6b1C4Fc5cb4832F1 to=0x0000000000000000000000000000000000000000
t=2023-06-02T16:09:00+0800 lvl=trce msg="Removed old queued transactions"        count=0
t=2023-06-02T16:09:00+0800 lvl=trce msg="Removed unpayable queued transactions"  count=0
t=2023-06-02T16:09:00+0800 lvl=trce msg="Promoted queued transactions"           count=1
t=2023-06-02T16:09:00+0800 lvl=trce msg="Pooled new future transaction"          hash=0x23ec96e87bfa2175a0c78d5bcc9ee246295f74a25aba01f0286c6d748716d05c from=0x66e0851F1a162869024b4C9f6b1C4Fc5cb4832F1 to=0x0000000000000000000000000000000000000000
t=2023-06-02T16:09:00+0800 lvl=trce msg="Removed old queued transactions"        count=0
t=2023-06-02T16:09:00+0800 lvl=trce msg="Removed unpayable queued transactions"  count=0
t=2023-06-02T16:09:00+0800 lvl=trce msg="Promoted queued transactions"           count=0
t=2023-06-02T16:09:00+0800 lvl=trce msg="Pooled new future transaction"          hash=0x6f22ecdebfb7d9e5644f8536ae4f16ec84fb441255181ece021bdefe096c6c0a from=0x7628e7c918DAaf4dfbF615023fDBcF72b8479bCe to=0x0000000000000000000000000000000000000000
t=2023-06-02T16:09:00+0800 lvl=trce msg="Removed old queued transactions"        count=0
t=2023-06-02T16:09:00+0800 lvl=trce msg="Removed unpayable queued transactions"  count=0
t=2023-06-02T16:09:00+0800 lvl=trce msg="Promoted queued transactions"           count=1
t=2023-06-02T16:09:00+0800 lvl=trce msg="Pooled new future transaction"          hash=0x2bc971f2ec52460c154bb599e81f35c94772eb9bc87510b3ee86953ed9333590 from=0x7628e7c918DAaf4dfbF615023fDBcF72b8479bCe to=0x0000000000000000000000000000000000000000
t=2023-06-02T16:09:00+0800 lvl=trce msg="Removed old queued transactions"        count=0
t=2023-06-02T16:09:00+0800 lvl=trce msg="Removed unpayable queued transactions"  count=0
t=2023-06-02T16:09:00+0800 lvl=trce msg="Promoted queued transactions"           count=0
t=2023-06-02T16:09:00+0800 lvl=trce msg="Pooled new future transaction"          hash=0x3fbd2dd4b2062ab6518e6956080088bf7a0248e978e548e72014594c20db2ae6 from=0x66e0851F1a162869024b4C9f6b1C4Fc5cb4832F1 to=0x0000000000000000000000000000000000000000
t=2023-06-02T16:09:00+0800 lvl=trce msg="Removed old queued transactions"        count=0
t=2023-06-02T16:09:00+0800 lvl=trce msg="Removed unpayable queued transactions"  count=0
t=2023-06-02T16:09:00+0800 lvl=trce msg="Promoted queued transactions"           count=1
t=2023-06-02T16:09:00+0800 lvl=trce msg="Pooled new future transaction"          hash=0x286e2f9038b22fdc3fb3f1a00d71dad975e3ad3a88979ffe4b8d1b4bf90083c9 from=0x66e0851F1a162869024b4C9f6b1C4Fc5cb4832F1 to=0x0000000000000000000000000000000000000000
t=2023-06-02T16:09:00+0800 lvl=trce msg="Removed old queued transactions"        count=0
t=2023-06-02T16:09:00+0800 lvl=trce msg="Removed unpayable queued transactions"  count=0
t=2023-06-02T16:09:00+0800 lvl=trce msg="Promoted queued transactions"           count=0
t=2023-06-02T16:09:00+0800 lvl=trce msg="Pooled new future transaction"          hash=0x463c63d769e80195782e738336b48349fcfdd2d95ece51bae9887996c039d457 from=0x7628e7c918DAaf4dfbF615023fDBcF72b8479bCe to=0x0000000000000000000000000000000000000000
t=2023-06-02T16:09:00+0800 lvl=trce msg="Removed old queued transactions"        count=0
t=2023-06-02T16:09:00+0800 lvl=trce msg="Removed unpayable queued transactions"  count=0
t=2023-06-02T16:09:00+0800 lvl=trce msg="Promoted queued transactions"           count=1
t=2023-06-02T16:09:00+0800 lvl=trce msg="Pooled new future transaction"          hash=0xa84f2b0d2b8edd2026907c3e150063ce5de381fc8404f4b5c3cfff45cac38a87 from=0x7628e7c918DAaf4dfbF615023fDBcF72b8479bCe to=0x0000000000000000000000000000000000000000
t=2023-06-02T16:09:00+0800 lvl=trce msg="Removed old queued transactions"        count=0
t=2023-06-02T16:09:00+0800 lvl=trce msg="Removed unpayable queued transactions"  count=0
t=2023-06-02T16:09:00+0800 lvl=trce msg="Promoted queued transactions"           count=0
t=2023-06-02T16:09:00+0800 lvl=trce msg="Pooled new future transaction"          hash=0xefdcf9ce8834ffb9ef1d162ffab9fa0dbc0bae11fd8e268ffb4b157d4db45a8e from=0x66e0851F1a162869024b4C9f6b1C4Fc5cb4832F1 to=0x0000000000000000000000000000000000000000
t=2023-06-02T16:09:00+0800 lvl=trce msg="Removed old queued transactions"        count=0
t=2023-06-02T16:09:00+0800 lvl=trce msg="Removed unpayable queued transactions"  count=0
t=2023-06-02T16:09:00+0800 lvl=trce msg="Promoted queued transactions"           count=1
t=2023-06-02T16:09:00+0800 lvl=trce msg="Pooled new future transaction"          hash=0xa6581b59944fdc01b25af8e640f0ec17a33d0f8ce77c679455203d6de46a3c14 from=0x66e0851F1a162869024b4C9f6b1C4Fc5cb4832F1 to=0x0000000000000000000000000000000000000000
t=2023-06-02T16:09:00+0800 lvl=trce msg="Removed old queued transactions"        count=0
t=2023-06-02T16:09:00+0800 lvl=trce msg="Removed unpayable queued transactions"  count=0
t=2023-06-02T16:09:00+0800 lvl=trce msg="Promoted queued transactions"           count=0
t=2023-06-02T16:09:00+0800 lvl=trce msg="Pooled new future transaction"          hash=0x31242c81cb2cb308a64d5b1f90b1b9dd6c8401ca6e3bb756bf0e8b3d878f2abc from=0x7628e7c918DAaf4dfbF615023fDBcF72b8479bCe to=0x0000000000000000000000000000000000000000
t=2023-06-02T16:09:00+0800 lvl=trce msg="Removed old queued transactions"        count=0
t=2023-06-02T16:09:00+0800 lvl=trce msg="Removed unpayable queued transactions"  count=0
t=2023-06-02T16:09:00+0800 lvl=trce msg="Promoted queued transactions"           count=1
t=2023-06-02T16:09:00+0800 lvl=trce msg="Pooled new future transaction"          hash=0x554832685b8952a39fb9ad73d1d9a0354067aa584f7e237cbb5675180162ec4f from=0x7628e7c918DAaf4dfbF615023fDBcF72b8479bCe to=0x0000000000000000000000000000000000000000
t=2023-06-02T16:09:00+0800 lvl=trce msg="Removed old queued transactions"        count=0
t=2023-06-02T16:09:00+0800 lvl=trce msg="Removed unpayable queued transactions"  count=0
t=2023-06-02T16:09:00+0800 lvl=trce msg="Promoted queued transactions"           count=0
t=2023-06-02T16:09:00+0800 lvl=trce msg="Pooled new future transaction"          hash=0x551201e54e3459892e8ba43aab7eeb6806b41c61ffee9400b590c1fb099248ee from=0x66e0851F1a162869024b4C9f6b1C4Fc5cb4832F1 to=0x0000000000000000000000000000000000000000
t=2023-06-02T16:09:00+0800 lvl=trce msg="Removed old queued transactions"        count=0
t=2023-06-02T16:09:00+0800 lvl=trce msg="Removed unpayable queued transactions"  count=0
t=2023-06-02T16:09:00+0800 lvl=trce msg="Promoted queued transactions"           count=1
t=2023-06-02T16:09:00+0800 lvl=trce msg="Pooled new future transaction"          hash=0x0aa27656be1f3e66d6c953b2435e116cbd17130d2c2d28512d57ecbe28ada9b3 from=0x66e0851F1a162869024b4C9f6b1C4Fc5cb4832F1 to=0x0000000000000000000000000000000000000000
t=2023-06-02T16:09:00+0800 lvl=trce msg="Removed old queued transactions"        count=0
t=2023-06-02T16:09:00+0800 lvl=trce msg="Removed unpayable queued transactions"  count=0
t=2023-06-02T16:09:00+0800 lvl=trce msg="Promoted queued transactions"           count=0
t=2023-06-02T16:09:00+0800 lvl=trce msg="Pooled new future transaction"          hash=0xbbbf2b055f13b4a1314995d67d5b154a5573e242706db461b3267083e2ce14bf from=0x7628e7c918DAaf4dfbF615023fDBcF72b8479bCe to=0x0000000000000000000000000000000000000000
t=2023-06-02T16:09:00+0800 lvl=trce msg="Removed old queued transactions"        count=0
t=2023-06-02T16:09:00+0800 lvl=trce msg="Removed unpayable queued transactions"  count=0
t=2023-06-02T16:09:00+0800 lvl=trce msg="Promoted queued transactions"           count=1
t=2023-06-02T16:09:00+0800 lvl=trce msg="Pooled new future transaction"          hash=0xa6575113c314248466e27b55a6cd6286545029942a05a89a1ac3eaac76074478 from=0x7628e7c918DAaf4dfbF615023fDBcF72b8479bCe to=0x0000000000000000000000000000000000000000
t=2023-06-02T16:09:00+0800 lvl=trce msg="Removed old queued transactions"        count=0
t=2023-06-02T16:09:00+0800 lvl=trce msg="Removed unpayable queued transactions"  count=0
t=2023-06-02T16:09:00+0800 lvl=trce msg="Promoted queued transactions"           count=0
t=2023-06-02T16:09:00+0800 lvl=trce msg="Pooled new future transaction"          hash=0xe34ab5e94b1ecba91f9ecb81b49e3ac189dc309f6a12a83e412cff9a8fc7deaa from=0x66e0851F1a162869024b4C9f6b1C4Fc5cb4832F1 to=0x0000000000000000000000000000000000000000
t=2023-06-02T16:09:00+0800 lvl=trce msg="Removed old queued transactions"        count=0
t=2023-06-02T16:09:00+0800 lvl=trce msg="Removed unpayable queued transactions"  count=0
t=2023-06-02T16:09:00+0800 lvl=trce msg="Promoted queued transactions"           count=1
t=2023-06-02T16:09:00+0800 lvl=trce msg="Pooled new future transaction"          hash=0x5b23a64ec6ce73c4aa7ded5b3950210b310ce04ae646042fbabb5e0be8e726df from=0x66e0851F1a162869024b4C9f6b1C4Fc5cb4832F1 to=0x0000000000000000000000000000000000000000
t=2023-06-02T16:09:00+0800 lvl=trce msg="Removed old queued transactions"        count=0
t=2023-06-02T16:09:00+0800 lvl=trce msg="Removed unpayable queued transactions"  count=0
t=2023-06-02T16:09:00+0800 lvl=trce msg="Promoted queued transactions"           count=0
t=2023-06-02T16:09:00+0800 lvl=trce msg="Pooled new future transaction"          hash=0x04d348fac990b8d2ca4a78673d610a7bdf2931f29f440764a3a7a2cf60dfbc71 from=0x7628e7c918DAaf4dfbF615023fDBcF72b8479bCe to=0x0000000000000000000000000000000000000000
t=2023-06-02T16:09:00+0800 lvl=trce msg="Removed old queued transactions"        count=0
t=2023-06-02T16:09:00+0800 lvl=trce msg="Removed unpayable queued transactions"  count=0
t=2023-06-02T16:09:00+0800 lvl=trce msg="Promoted queued transactions"           count=1
t=2023-06-02T16:09:00+0800 lvl=trce msg="Pooled new future transaction"          hash=0x88fe5cf2e57ebe2eae3735cbdc496d13164aeae16224a9315c97399ba13546d4 from=0x7628e7c918DAaf4dfbF615023fDBcF72b8479bCe to=0x0000000000000000000000000000000000000000
t=2023-06-02T16:09:00+0800 lvl=trce msg="Removed old queued transactions"        count=0
t=2023-06-02T16:09:00+0800 lvl=trce msg="Removed unpayable queued transactions"  count=0
t=2023-06-02T16:09:00+0800 lvl=trce msg="Promoted queued transactions"           count=0
t=2023-06-02T16:09:00+0800 lvl=trce msg="Pooled new future transaction"          hash=0x8419edf1ced96ed3b2922d5a03eb72a07c26cf7bea981394e3e419c9f68d490b from=0x66e0851F1a162869024b4C9f6b1C4Fc5cb4832F1 to=0x0000000000000000000000000000000000000000
t=2023-06-02T16:09:00+0800 lvl=trce msg="Removed old queued transactions"        count=0
t=2023-06-02T16:09:00+0800 lvl=trce msg="Removed unpayable queued transactions"  count=0
t=2023-06-02T16:09:00+0800 lvl=trce msg="Promoted queued transactions"           count=1
t=2023-06-02T16:09:00+0800 lvl=trce msg="Pooled new future transaction"          hash=0x42b3ee5f29a2683408e5456169ac3ffc7f2d83fbacb57696162058252fd9dfd0 from=0x66e0851F1a162869024b4C9f6b1C4Fc5cb4832F1 to=0x0000000000000000000000000000000000000000
t=2023-06-02T16:09:00+0800 lvl=trce msg="Removed old queued transactions"        count=0
t=2023-06-02T16:09:00+0800 lvl=trce msg="Removed unpayable queued transactions"  count=0
t=2023-06-02T16:09:00+0800 lvl=trce msg="Promoted queued transactions"           count=0
t=2023-06-02T16:09:00+0800 lvl=trce msg="Pooled new future transaction"          hash=0xdcbcce8d7002cfa0bcfae3e12ce86b8cc498c2b9df2991c958bb88875abce064 from=0x7628e7c918DAaf4dfbF615023fDBcF72b8479bCe to=0x0000000000000000000000000000000000000000
t=2023-06-02T16:09:00+0800 lvl=trce msg="Removed old queued transactions"        count=0
t=2023-06-02T16:09:00+0800 lvl=trce msg="Removed unpayable queued transactions"  count=0
t=2023-06-02T16:09:00+0800 lvl=trce msg="Promoted queued transactions"           count=1
t=2023-06-02T16:09:00+0800 lvl=trce msg="Pooled new future transaction"          hash=0x431e823369843effdfdeacc894534d499280d3bdfcf44983ad33fbc4bf24e60c from=0x7628e7c918DAaf4dfbF615023fDBcF72b8479bCe to=0x0000000000000000000000000000000000000000
t=2023-06-02T16:09:00+0800 lvl=trce msg="Removed old queued transactions"        count=0
t=2023-06-02T16:09:00+0800 lvl=trce msg="Removed unpayable queued transactions"  count=0
t=2023-06-02T16:09:00+0800 lvl=trce msg="Promoted queued transactions"           count=0
t=2023-06-02T16:09:00+0800 lvl=trce msg="Pooled new future transaction"          hash=0x701aed52966cd0444c90c2011e2b130fd63ee873dc6faa6a08d905fd3e704dcb from=0x66e0851F1a162869024b4C9f6b1C4Fc5cb4832F1 to=0x0000000000000000000000000000000000000000
t=2023-06-02T16:09:00+0800 lvl=trce msg="Removed old queued transactions"        count=0
t=2023-06-02T16:09:00+0800 lvl=trce msg="Removed unpayable queued transactions"  count=0
t=2023-06-02T16:09:00+0800 lvl=trce msg="Promoted queued transactions"           count=1
t=2023-06-02T16:09:00+0800 lvl=trce msg="Pooled new future transaction"          hash=0xb2d80325cb7eb0f126718498881165ca57dd34515ebea602cf9991ca2533c15f from=0x66e0851F1a162869024b4C9f6b1C4Fc5cb4832F1 to=0x0000000000000000000000000000000000000000
t=2023-06-02T16:09:00+0800 lvl=trce msg="Removed old queued transactions"        count=0
t=2023-06-02T16:09:00+0800 lvl=trce msg="Removed unpayable queued transactions"  count=0
t=2023-06-02T16:09:00+0800 lvl=trce msg="Promoted queued transactions"           count=0
t=2023-06-02T16:09:00+0800 lvl=trce msg="Pooled new future transaction"          hash=0x43f2b83b4811779042d8869da3241bfeec9ebe267afb4bbf9116eed4d45de3c4 from=0x7628e7c918DAaf4dfbF615023fDBcF72b8479bCe to=0x0000000000000000000000000000000000000000
t=2023-06-02T16:09:00+0800 lvl=trce msg="Removed old queued transactions"        count=0
t=2023-06-02T16:09:00+0800 lvl=trce msg="Removed unpayable queued transactions"  count=0
t=2023-06-02T16:09:00+0800 lvl=trce msg="Promoted queued transactions"           count=1
t=2023-06-02T16:09:00+0800 lvl=trce msg="Pooled new future transaction"          hash=0xdc8da8825e16d7fc611c953c1059da7fb28b58a38bcded3ca4614960912bfcf7 from=0x7628e7c918DAaf4dfbF615023fDBcF72b8479bCe to=0x0000000000000000000000000000000000000000
t=2023-06-02T16:09:00+0800 lvl=trce msg="Removed old queued transactions"        count=0
t=2023-06-02T16:09:00+0800 lvl=trce msg="Removed unpayable queued transactions"  count=0
t=2023-06-02T16:09:00+0800 lvl=trce msg="Promoted queued transactions"           count=0
t=2023-06-02T16:09:00+0800 lvl=trce msg="Pooled new future transaction"          hash=0x039139e79c296e5f412bf1fbc396542a7c8677a6d20e543d86962c0e318176e9 from=0x66e0851F1a162869024b4C9f6b1C4Fc5cb4832F1 to=0x0000000000000000000000000000000000000000
t=2023-06-02T16:09:00+0800 lvl=trce msg="Removed old queued transactions"        count=0
t=2023-06-02T16:09:00+0800 lvl=trce msg="Removed unpayable queued transactions"  count=0
t=2023-06-02T16:09:00+0800 lvl=trce msg="Promoted queued transactions"           count=1
t=2023-06-02T16:09:00+0800 lvl=trce msg="Pooled new future transaction"          hash=0x0fdd79e34e8bc9e52d9026cb3ff0d43c51d199eb3abef25cb6fcc3834ad2fbad from=0x66e0851F1a162869024b4C9f6b1C4Fc5cb4832F1 to=0x0000000000000000000000000000000000000000
t=2023-06-02T16:09:00+0800 lvl=trce msg="Removed old queued transactions"        count=0
t=2023-06-02T16:09:00+0800 lvl=trce msg="Removed unpayable queued transactions"  count=0
t=2023-06-02T16:09:00+0800 lvl=trce msg="Promoted queued transactions"           count=0
t=2023-06-02T16:09:00+0800 lvl=trce msg="Pooled new future transaction"          hash=0x5126d88d5e821feee1502ea1d3ca5262997d0c828c12b254b10e0b7fa3cddd84 from=0x7628e7c918DAaf4dfbF615023fDBcF72b8479bCe to=0x0000000000000000000000000000000000000000
t=2023-06-02T16:09:00+0800 lvl=trce msg="Removed old queued transactions"        count=0
t=2023-06-02T16:09:00+0800 lvl=trce msg="Removed unpayable queued transactions"  count=0
t=2023-06-02T16:09:00+0800 lvl=trce msg="Promoted queued transactions"           count=1
t=2023-06-02T16:09:00+0800 lvl=trce msg="Pooled new future transaction"          hash=0x651c6c7fd8b9699029aa87f34bbff3930a47b4749cfd0fdb03d2fbe1610368ab from=0x7628e7c918DAaf4dfbF615023fDBcF72b8479bCe to=0x0000000000000000000000000000000000000000
t=2023-06-02T16:09:00+0800 lvl=trce msg="Removed old queued transactions"        count=0
t=2023-06-02T16:09:00+0800 lvl=trce msg="Removed unpayable queued transactions"  count=0
t=2023-06-02T16:09:00+0800 lvl=trce msg="Promoted queued transactions"           count=0
t=2023-06-02T16:09:00+0800 lvl=trce msg="Pooled new future transaction"          hash=0x0228b7ac496751db4169e142756cc77989c6fc7dd7c44a6413db42fbb5a98cf2 from=0x66e0851F1a162869024b4C9f6b1C4Fc5cb4832F1 to=0x0000000000000000000000000000000000000000
t=2023-06-02T16:09:00+0800 lvl=trce msg="Removed old queued transactions"        count=0
t=2023-06-02T16:09:00+0800 lvl=trce msg="Removed unpayable queued transactions"  count=0
t=2023-06-02T16:09:00+0800 lvl=trce msg="Promoted queued transactions"           count=1
t=2023-06-02T16:09:00+0800 lvl=trce msg="Pooled new future transaction"          hash=0xaaecd29875336c596fc176f66808f7528843346059b2e35627e6e6e8f8d3cb43 from=0x66e0851F1a162869024b4C9f6b1C4Fc5cb4832F1 to=0x0000000000000000000000000000000000000000
t=2023-06-02T16:09:00+0800 lvl=trce msg="Removed old queued transactions"        count=0
t=2023-06-02T16:09:00+0800 lvl=trce msg="Removed unpayable queued transactions"  count=0
t=2023-06-02T16:09:00+0800 lvl=trce msg="Promoted queued transactions"           count=0
t=2023-06-02T16:09:00+0800 lvl=trce msg="Pooled new future transaction"          hash=0x342f92e327fa8dede03c20ea8eb2eef3e9945e62ae9c2080f621de22ce188144 from=0x7628e7c918DAaf4dfbF615023fDBcF72b8479bCe to=0x0000000000000000000000000000000000000000
t=2023-06-02T16:09:00+0800 lvl=trce msg="Removed old queued transactions"        count=0
t=2023-06-02T16:09:00+0800 lvl=trce msg="Removed unpayable queued transactions"  count=0
t=2023-06-02T16:09:00+0800 lvl=trce msg="Promoted queued transactions"           count=1
t=2023-06-02T16:09:00+0800 lvl=trce msg="Pooled new future transaction"          hash=0x3caefa5d8877a3990e9dff7ac4bf2cc80a4c414345193688ce4a0a4a0ee91516 from=0x7628e7c918DAaf4dfbF615023fDBcF72b8479bCe to=0x0000000000000000000000000000000000000000
t=2023-06-02T16:09:00+0800 lvl=trce msg="Removed old queued transactions"        count=0
t=2023-06-02T16:09:00+0800 lvl=trce msg="Removed unpayable queued transactions"  count=0
t=2023-06-02T16:09:00+0800 lvl=trce msg="Promoted queued transactions"           count=0
t=2023-06-02T16:09:00+0800 lvl=trce msg="Pooled new future transaction"          hash=0x6bc2c073c39bf62ae824c5bee91a0650c6961a946e034b157224ea3617ae0709 from=0x66e0851F1a162869024b4C9f6b1C4Fc5cb4832F1 to=0x0000000000000000000000000000000000000000
t=2023-06-02T16:09:00+0800 lvl=trce msg="Removed old queued transactions"        count=0
t=2023-06-02T16:09:00+0800 lvl=trce msg="Removed unpayable queued transactions"  count=0
t=2023-06-02T16:09:00+0800 lvl=trce msg="Promoted queued transactions"           count=1
t=2023-06-02T16:09:00+0800 lvl=trce msg="Pooled new future transaction"          hash=0x039870ab6deac5b3622b6e11b441ab4c02a65a68ee4e2ac5ffb9f11d29f0deb3 from=0x66e0851F1a162869024b4C9f6b1C4Fc5cb4832F1 to=0x0000000000000000000000000000000000000000
t=2023-06-02T16:09:00+0800 lvl=trce msg="Removed old queued transactions"        count=0
t=2023-06-02T16:09:00+0800 lvl=trce msg="Removed unpayable queued transactions"  count=0
t=2023-06-02T16:09:00+0800 lvl=trce msg="Promoted queued transactions"           count=0
t=2023-06-02T16:09:00+0800 lvl=trce msg="Pooled new future transaction"          hash=0xd1317d4ce03e83a7bf48f20b1816c4e1e88a5008a7d81a0343a3d5145893195d from=0x7628e7c918DAaf4dfbF615023fDBcF72b8479bCe to=0x0000000000000000000000000000000000000000
t=2023-06-02T16:09:00+0800 lvl=trce msg="Removed old queued transactions"        count=0
t=2023-06-02T16:09:00+0800 lvl=trce msg="Removed unpayable queued transactions"  count=0
t=2023-06-02T16:09:00+0800 lvl=trce msg="Promoted queued transactions"           count=1
t=2023-06-02T16:09:00+0800 lvl=trce msg="Pooled new future transaction"          hash=0xcad27a29d93e663594c636b2c80a66d87a1804e3d83ff7d2071beb07d85b1f0b from=0x7628e7c918DAaf4dfbF615023fDBcF72b8479bCe to=0x0000000000000000000000000000000000000000
t=2023-06-02T16:09:00+0800 lvl=trce msg="Removed old queued transactions"        count=0
t=2023-06-02T16:09:00+0800 lvl=trce msg="Removed unpayable queued transactions"  count=0
t=2023-06-02T16:09:00+0800 lvl=trce msg="Promoted queued transactions"           count=0
t=2023-06-02T16:09:00+0800 lvl=trce msg="Pooled new future transaction"          hash=0xd585057c25fbf0e4ad35b839d801d04ebcfdcbc089c608b9ce1d217e560048da from=0x66e0851F1a162869024b4C9f6b1C4Fc5cb4832F1 to=0x0000000000000000000000000000000000000000
t=2023-06-02T16:09:00+0800 lvl=trce msg="Removed old queued transactions"        count=0
t=2023-06-02T16:09:00+0800 lvl=trce msg="Removed unpayable queued transactions"  count=0
t=2023-06-02T16:09:00+0800 lvl=trce msg="Promoted queued transactions"           count=1
t=2023-06-02T16:09:00+0800 lvl=trce msg="Pooled new future transaction"          hash=0x91373ab4b86147053692a8c8ce353ede818675ae6e4f03c921982a558ec9ea5c from=0x66e0851F1a162869024b4C9f6b1C4Fc5cb4832F1 to=0x0000000000000000000000000000000000000000
t=2023-06-02T16:09:00+0800 lvl=trce msg="Removed old queued transactions"        count=0
t=2023-06-02T16:09:00+0800 lvl=trce msg="Removed unpayable queued transactions"  count=0
t=2023-06-02T16:09:00+0800 lvl=trce msg="Promoted queued transactions"           count=0
t=2023-06-02T16:09:00+0800 lvl=trce msg="Pooled new future transaction"          hash=0x791bd3156e953b4690755a3e117f0cf63265833ff476338ef97eee45fb1f0fd7 from=0x7628e7c918DAaf4dfbF615023fDBcF72b8479bCe to=0x0000000000000000000000000000000000000000
t=2023-06-02T16:09:00+0800 lvl=trce msg="Removed old queued transactions"        count=0
t=2023-06-02T16:09:00+0800 lvl=trce msg="Removed unpayable queued transactions"  count=0
t=2023-06-02T16:09:00+0800 lvl=trce msg="Promoted queued transactions"           count=1
t=2023-06-02T16:09:00+0800 lvl=trce msg="Pooled new future transaction"          hash=0x1729ff263004bfe6fe1bb8233a06318bcf883c55fdff0df670f3d2e3aa862516 from=0x7628e7c918DAaf4dfbF615023fDBcF72b8479bCe to=0x0000000000000000000000000000000000000000
t=2023-06-02T16:09:00+0800 lvl=trce msg="Removed old queued transactions"        count=0
t=2023-06-02T16:09:00+0800 lvl=trce msg="Removed unpayable queued transactions"  count=0
t=2023-06-02T16:09:00+0800 lvl=trce msg="Promoted queued transactions"           count=0
t=2023-06-02T16:09:00+0800 lvl=trce msg="Pooled new future transaction"          hash=0x848323cf7a7858da19c47679ddcdc3fe7b6a8f444c08a89cece26396b76f378b from=0x66e0851F1a162869024b4C9f6b1C4Fc5cb4832F1 to=0x0000000000000000000000000000000000000000
t=2023-06-02T16:09:00+0800 lvl=trce msg="Removed old queued transactions"        count=0
t=2023-06-02T16:09:00+0800 lvl=trce msg="Removed unpayable queued transactions"  count=0
t=2023-06-02T16:09:00+0800 lvl=trce msg="Promoted queued transactions"           count=1
t=2023-06-02T16:09:00+0800 lvl=trce msg="Pooled new future transaction"          hash=0xaa6a79d26528568abf162a1e7bf8f233d5dcfcf6701e5694117e7d7bb2c96b20 from=0x66e0851F1a162869024b4C9f6b1C4Fc5cb4832F1 to=0x0000000000000000000000000000000000000000
t=2023-06-02T16:09:00+0800 lvl=trce msg="Removed old queued transactions"        count=0
t=2023-06-02T16:09:00+0800 lvl=trce msg="Removed unpayable queued transactions"  count=0
t=2023-06-02T16:09:00+0800 lvl=trce msg="Promoted queued transactions"           count=0
t=2023-06-02T16:09:00+0800 lvl=trce msg="Pooled new future transaction"          hash=0x42c842b4fb29eff6bc0795259815c45e7491fd778981e640140b0dbb00698905 from=0x7628e7c918DAaf4dfbF615023fDBcF72b8479bCe to=0x0000000000000000000000000000000000000000
t=2023-06-02T16:09:00+0800 lvl=trce msg="Removed old queued transactions"        count=0
t=2023-06-02T16:09:00+0800 lvl=trce msg="Removed unpayable queued transactions"  count=0
t=2023-06-02T16:09:00+0800 lvl=trce msg="Promoted queued transactions"           count=1
t=2023-06-02T16:09:00+0800 lvl=trce msg="Pooled new future transaction"          hash=0xad1b6790a8059e403a0be9d097f24069758d59bb0ffea955f05616e32ab7c502 from=0x7628e7c918DAaf4dfbF615023fDBcF72b8479bCe to=0x0000000000000000000000000000000000000000
t=2023-06-02T16:09:00+0800 lvl=trce msg="Removed old queued transactions"        count=0
t=2023-06-02T16:09:00+0800 lvl=trce msg="Removed unpayable queued transactions"  count=0
t=2023-06-02T16:09:00+0800 lvl=trce msg="Promoted queued transactions"           count=0
t=2023-06-02T16:09:00+0800 lvl=trce msg="Pooled new future transaction"          hash=0x7599f44eeb284158612da2184e3b7eea55e00e1b2148da7e4863b7cba674557c from=0x66e0851F1a162869024b4C9f6b1C4Fc5cb4832F1 to=0x0000000000000000000000000000000000000000
t=2023-06-02T16:09:00+0800 lvl=trce msg="Removed old queued transactions"        count=0
t=2023-06-02T16:09:00+0800 lvl=trce msg="Removed unpayable queued transactions"  count=0
t=2023-06-02T16:09:00+0800 lvl=trce msg="Promoted queued transactions"           count=1
t=2023-06-02T16:09:00+0800 lvl=trce msg="Pooled new future transaction"          hash=0x2f0a31a1f5de776a595e2fe548e868cf4c1fc16655cadf6e9e56b2c6fea978c6 from=0x66e0851F1a162869024b4C9f6b1C4Fc5cb4832F1 to=0x0000000000000000000000000000000000000000
t=2023-06-02T16:09:00+0800 lvl=trce msg="Removed old queued transactions"        count=0
t=2023-06-02T16:09:00+0800 lvl=trce msg="Removed unpayable queued transactions"  count=0
t=2023-06-02T16:09:00+0800 lvl=trce msg="Promoted queued transactions"           count=0
t=2023-06-02T16:09:00+0800 lvl=trce msg="Pooled new future transaction"          hash=0xbd4865ac2765ca58da05dc82b0841c83adac17776463f148a4583afd93e56f6d from=0x7628e7c918DAaf4dfbF615023fDBcF72b8479bCe to=0x0000000000000000000000000000000000000000
t=2023-06-02T16:09:00+0800 lvl=trce msg="Removed old queued transactions"        count=0
t=2023-06-02T16:09:00+0800 lvl=trce msg="Removed unpayable queued transactions"  count=0
t=2023-06-02T16:09:00+0800 lvl=trce msg="Promoted queued transactions"           count=1
t=2023-06-02T16:09:00+0800 lvl=trce msg="Pooled new future transaction"          hash=0xb3be6802fb186f33849fe4098860d705c952b7a21cc02970a9cff66215bf7777 from=0x7628e7c918DAaf4dfbF615023fDBcF72b8479bCe to=0x0000000000000000000000000000000000000000
t=2023-06-02T16:09:00+0800 lvl=trce msg="Removed old queued transactions"        count=0
t=2023-06-02T16:09:00+0800 lvl=trce msg="Removed unpayable queued transactions"  count=0
t=2023-06-02T16:09:00+0800 lvl=trce msg="Promoted queued transactions"           count=0
t=2023-06-02T16:09:00+0800 lvl=trce msg="Pooled new future transaction"          hash=0x115a1ab3a1fc942c5d83240bb0a980e72108d77b60e4c661e1114107bf2adedf from=0x66e0851F1a162869024b4C9f6b1C4Fc5cb4832F1 to=0x0000000000000000000000000000000000000000
t=2023-06-02T16:09:00+0800 lvl=trce msg="Removed old queued transactions"        count=0
t=2023-06-02T16:09:00+0800 lvl=trce msg="Removed unpayable queued transactions"  count=0
t=2023-06-02T16:09:00+0800 lvl=trce msg="Promoted queued transactions"           count=1
t=2023-06-02T16:09:00+0800 lvl=trce msg="Pooled new future transaction"          hash=0x13fdb1efa531717f98bd11b30b10284d49b638bd0ec901a453a75a790a33de87 from=0x66e0851F1a162869024b4C9f6b1C4Fc5cb4832F1 to=0x0000000000000000000000000000000000000000
t=2023-06-02T16:09:00+0800 lvl=trce msg="Removed old queued transactions"        count=0
t=2023-06-02T16:09:00+0800 lvl=trce msg="Removed unpayable queued transactions"  count=0
t=2023-06-02T16:09:00+0800 lvl=trce msg="Promoted queued transactions"           count=0
t=2023-06-02T16:09:00+0800 lvl=trce msg="Pooled new future transaction"          hash=0xdf3072319b512637f868e8704d31c129e7962bfcec5699c929d624d9a34749e6 from=0x7628e7c918DAaf4dfbF615023fDBcF72b8479bCe to=0x0000000000000000000000000000000000000000
t=2023-06-02T16:09:00+0800 lvl=trce msg="Removed old queued transactions"        count=0
t=2023-06-02T16:09:00+0800 lvl=trce msg="Removed unpayable queued transactions"  count=0
t=2023-06-02T16:09:00+0800 lvl=trce msg="Promoted queued transactions"           count=1
t=2023-06-02T16:09:00+0800 lvl=trce msg="Pooled new future transaction"          hash=0x18f002d34df0e07f9fb4f9aeddb3ebe9bfd350e3163755dd71fd476188be5ed4 from=0x7628e7c918DAaf4dfbF615023fDBcF72b8479bCe to=0x0000000000000000000000000000000000000000
t=2023-06-02T16:09:00+0800 lvl=trce msg="Removed old queued transactions"        count=0
t=2023-06-02T16:09:00+0800 lvl=trce msg="Removed unpayable queued transactions"  count=0
t=2023-06-02T16:09:00+0800 lvl=trce msg="Promoted queued transactions"           count=0
t=2023-06-02T16:09:00+0800 lvl=trce msg="Pooled new future transaction"          hash=0x7bab0260e30e862f7b2d0d4d121c281c68dc51907b921209649e1029eda1ceeb from=0x66e0851F1a162869024b4C9f6b1C4Fc5cb4832F1 to=0x0000000000000000000000000000000000000000
t=2023-06-02T16:09:00+0800 lvl=trce msg="Removed old queued transactions"        count=0
t=2023-06-02T16:09:00+0800 lvl=trce msg="Removed unpayable queued transactions"  count=0
t=2023-06-02T16:09:00+0800 lvl=trce msg="Promoted queued transactions"           count=1
t=2023-06-02T16:09:00+0800 lvl=trce msg="Pooled new future transaction"          hash=0x058f83209263e85ae25f98a12f125967d776c56bac291f3d4ed3aaac9fbc36aa from=0x66e0851F1a162869024b4C9f6b1C4Fc5cb4832F1 to=0x0000000000000000000000000000000000000000
t=2023-06-02T16:09:00+0800 lvl=trce msg="Removed old queued transactions"        count=0
t=2023-06-02T16:09:00+0800 lvl=trce msg="Removed unpayable queued transactions"  count=0
t=2023-06-02T16:09:00+0800 lvl=trce msg="Promoted queued transactions"           count=0
t=2023-06-02T16:09:00+0800 lvl=trce msg="Pooled new future transaction"          hash=0x8a89918b06feb362883365cf5547eb009e7f3c335ea0b1ea225a9dfe0dee2920 from=0x7628e7c918DAaf4dfbF615023fDBcF72b8479bCe to=0x0000000000000000000000000000000000000000
t=2023-06-02T16:09:00+0800 lvl=trce msg="Removed old queued transactions"        count=0
t=2023-06-02T16:09:00+0800 lvl=trce msg="Removed unpayable queued transactions"  count=0
t=2023-06-02T16:09:00+0800 lvl=trce msg="Promoted queued transactions"           count=1
t=2023-06-02T16:09:00+0800 lvl=trce msg="Pooled new future transaction"          hash=0x756bb38aafecd4898d58f6174328e6e09d5754a126bd9097c3c152f8bdde6462 from=0x7628e7c918DAaf4dfbF615023fDBcF72b8479bCe to=0x0000000000000000000000000000000000000000
t=2023-06-02T16:09:00+0800 lvl=trce msg="Removed old queued transactions"        count=0
t=2023-06-02T16:09:00+0800 lvl=trce msg="Removed unpayable queued transactions"  count=0
t=2023-06-02T16:09:00+0800 lvl=trce msg="Promoted queued transactions"           count=0
t=2023-06-02T16:09:00+0800 lvl=trce msg="Pooled new future transaction"          hash=0xc45381263be32817294906b824ebe62cb3eb95158627586bfe7529cc8e98d56f from=0x66e0851F1a162869024b4C9f6b1C4Fc5cb4832F1 to=0x0000000000000000000000000000000000000000
t=2023-06-02T16:09:00+0800 lvl=trce msg="Removed old queued transactions"        count=0
t=2023-06-02T16:09:00+0800 lvl=trce msg="Removed unpayable queued transactions"  count=0
t=2023-06-02T16:09:00+0800 lvl=trce msg="Promoted queued transactions"           count=1
t=2023-06-02T16:09:00+0800 lvl=trce msg="Pooled new future transaction"          hash=0x8d393a4150b71a5bfa34c8df3c73df2c4586eb0f3b96eda1ed4cb4f230acc8d9 from=0x66e0851F1a162869024b4C9f6b1C4Fc5cb4832F1 to=0x0000000000000000000000000000000000000000
t=2023-06-02T16:09:00+0800 lvl=trce msg="Removed old queued transactions"        count=0
t=2023-06-02T16:09:00+0800 lvl=trce msg="Removed unpayable queued transactions"  count=0
t=2023-06-02T16:09:00+0800 lvl=trce msg="Promoted queued transactions"           count=0
t=2023-06-02T16:09:00+0800 lvl=trce msg="Pooled new future transaction"          hash=0x9285b790feb7726855445a1fdd5ab9713c6744067544ec86551fa2d3ee2a89ca from=0x7628e7c918DAaf4dfbF615023fDBcF72b8479bCe to=0x0000000000000000000000000000000000000000
t=2023-06-02T16:09:00+0800 lvl=trce msg="Removed old queued transactions"        count=0
t=2023-06-02T16:09:00+0800 lvl=trce msg="Removed unpayable queued transactions"  count=0
t=2023-06-02T16:09:00+0800 lvl=trce msg="Promoted queued transactions"           count=1
t=2023-06-02T16:09:00+0800 lvl=trce msg="Pooled new future transaction"          hash=0xf67c38fb9c53b24dc21541b026d118846f08b03302b643484862e44c4a40669b from=0x7628e7c918DAaf4dfbF615023fDBcF72b8479bCe to=0x0000000000000000000000000000000000000000
t=2023-06-02T16:09:00+0800 lvl=trce msg="Removed old queued transactions"        count=0
t=2023-06-02T16:09:00+0800 lvl=trce msg="Removed unpayable queued transactions"  count=0
t=2023-06-02T16:09:00+0800 lvl=trce msg="Promoted queued transactions"           count=0
t=2023-06-02T16:09:00+0800 lvl=trce msg="Pooled new future transaction"          hash=0x1047dd18f0238f0e046cc107cadc89dfc173b3a6477027f3131475120acdb89a from=0x66e0851F1a162869024b4C9f6b1C4Fc5cb4832F1 to=0x0000000000000000000000000000000000000000
t=2023-06-02T16:09:00+0800 lvl=trce msg="Removed old queued transactions"        count=0
t=2023-06-02T16:09:00+0800 lvl=trce msg="Removed unpayable queued transactions"  count=0
t=2023-06-02T16:09:00+0800 lvl=trce msg="Promoted queued transactions"           count=1
t=2023-06-02T16:09:00+0800 lvl=trce msg="Pooled new future transaction"          hash=0xb09f39aecf7cdd4e5ee9695e98dbcac311735f49be00daedb53460951e40d087 from=0x66e0851F1a162869024b4C9f6b1C4Fc5cb4832F1 to=0x0000000000000000000000000000000000000000
t=2023-06-02T16:09:00+0800 lvl=trce msg="Removed old queued transactions"        count=0
t=2023-06-02T16:09:00+0800 lvl=trce msg="Removed unpayable queued transactions"  count=0
t=2023-06-02T16:09:00+0800 lvl=trce msg="Promoted queued transactions"           count=0
t=2023-06-02T16:09:00+0800 lvl=trce msg="Pooled new future transaction"          hash=0x14395ee8fdae3bbd407eea963cb27111705f8199fc7c2aa3d74f8f79517d52ae from=0x7628e7c918DAaf4dfbF615023fDBcF72b8479bCe to=0x0000000000000000000000000000000000000000
t=2023-06-02T16:09:00+0800 lvl=trce msg="Removed old queued transactions"        count=0
t=2023-06-02T16:09:00+0800 lvl=trce msg="Removed unpayable queued transactions"  count=0
t=2023-06-02T16:09:00+0800 lvl=trce msg="Promoted queued transactions"           count=1
t=2023-06-02T16:09:00+0800 lvl=trce msg="Pooled new future transaction"          hash=0x81b02e89390710379979ece674eb1a635b4cb1fce5e3af723a4bc903b4b85acf from=0x7628e7c918DAaf4dfbF615023fDBcF72b8479bCe to=0x0000000000000000000000000000000000000000
t=2023-06-02T16:09:00+0800 lvl=trce msg="Removed old queued transactions"        count=0
t=2023-06-02T16:09:00+0800 lvl=trce msg="Removed unpayable queued transactions"  count=0
t=2023-06-02T16:09:00+0800 lvl=trce msg="Promoted queued transactions"           count=0
t=2023-06-02T16:09:00+0800 lvl=trce msg="Pooled new future transaction"          hash=0x3be15a5b668945aaa19ff8ce63bc0452608c272eb5ee4fa8773f6e6aab1ba337 from=0x66e0851F1a162869024b4C9f6b1C4Fc5cb4832F1 to=0x0000000000000000000000000000000000000000
t=2023-06-02T16:09:00+0800 lvl=trce msg="Removed old queued transactions"        count=0
t=2023-06-02T16:09:00+0800 lvl=trce msg="Removed unpayable queued transactions"  count=0
t=2023-06-02T16:09:00+0800 lvl=trce msg="Promoted queued transactions"           count=1
t=2023-06-02T16:09:00+0800 lvl=trce msg="Pooled new future transaction"          hash=0x4cee0ff10a4f3062e22be71122b0c2ba99f097455945ddf84f4ad0ec0230aa43 from=0x66e0851F1a162869024b4C9f6b1C4Fc5cb4832F1 to=0x0000000000000000000000000000000000000000
t=2023-06-02T16:09:00+0800 lvl=trce msg="Removed old queued transactions"        count=0
t=2023-06-02T16:09:00+0800 lvl=trce msg="Removed unpayable queued transactions"  count=0
t=2023-06-02T16:09:00+0800 lvl=trce msg="Promoted queued transactions"           count=0
t=2023-06-02T16:09:00+0800 lvl=trce msg="Pooled new future transaction"          hash=0x5d5a72494f3935cb6b08f9e0bb8b8240d39225373e4a8b3585f47e1412b69eae from=0x7628e7c918DAaf4dfbF615023fDBcF72b8479bCe to=0x0000000000000000000000000000000000000000
t=2023-06-02T16:09:00+0800 lvl=trce msg="Removed old queued transactions"        count=0
t=2023-06-02T16:09:00+0800 lvl=trce msg="Removed unpayable queued transactions"  count=0
t=2023-06-02T16:09:00+0800 lvl=trce msg="Promoted queued transactions"           count=1
t=2023-06-02T16:09:00+0800 lvl=trce msg="Pooled new future transaction"          hash=0x9b5149bae7151fe27150f31ce4bfe62488782ec393077b6b356c7afa05c875fc from=0x7628e7c918DAaf4dfbF615023fDBcF72b8479bCe to=0x0000000000000000000000000000000000000000
t=2023-06-02T16:09:00+0800 lvl=trce msg="Removed old queued transactions"        count=0
t=2023-06-02T16:09:00+0800 lvl=trce msg="Removed unpayable queued transactions"  count=0
t=2023-06-02T16:09:00+0800 lvl=trce msg="Promoted queued transactions"           count=0
t=2023-06-02T16:09:00+0800 lvl=trce msg="Pooled new future transaction"          hash=0x1faadbac305bf127aa3c086089f0b5201f3954648d85fe1e72e88635f8ded2dd from=0x66e0851F1a162869024b4C9f6b1C4Fc5cb4832F1 to=0x0000000000000000000000000000000000000000
t=2023-06-02T16:09:00+0800 lvl=trce msg="Removed old queued transactions"        count=0
t=2023-06-02T16:09:00+0800 lvl=trce msg="Removed unpayable queued transactions"  count=0
t=2023-06-02T16:09:00+0800 lvl=trce msg="Promoted queued transactions"           count=1
t=2023-06-02T16:09:00+0800 lvl=trce msg="Pooled new future transaction"          hash=0x685552bd7c428da69ef3f6ca25b2300e6cac1995f7e049290dfe07f2da698700 from=0x66e0851F1a162869024b4C9f6b1C4Fc5cb4832F1 to=0x0000000000000000000000000000000000000000
t=2023-06-02T16:09:00+0800 lvl=trce msg="Removed old queued transactions"        count=0
t=2023-06-02T16:09:00+0800 lvl=trce msg="Removed unpayable queued transactions"  count=0
t=2023-06-02T16:09:00+0800 lvl=trce msg="Promoted queued transactions"           count=0
t=2023-06-02T16:09:00+0800 lvl=trce msg="Pooled new future transaction"          hash=0xdd13121070cfe1ef68a12657527af94843a8ed44bfb4ccd23add76f005738bc9 from=0x7628e7c918DAaf4dfbF615023fDBcF72b8479bCe to=0x0000000000000000000000000000000000000000
t=2023-06-02T16:09:00+0800 lvl=trce msg="Removed old queued transactions"        count=0
t=2023-06-02T16:09:00+0800 lvl=trce msg="Removed unpayable queued transactions"  count=0
t=2023-06-02T16:09:00+0800 lvl=trce msg="Promoted queued transactions"           count=1
t=2023-06-02T16:09:00+0800 lvl=trce msg="Pooled new future transaction"          hash=0x5fda684c91ac77aeabd62b10cc29a41d90c4b7e06e1e0a7d87cc32a6a545c529 from=0x7628e7c918DAaf4dfbF615023fDBcF72b8479bCe to=0x0000000000000000000000000000000000000000
t=2023-06-02T16:09:00+0800 lvl=trce msg="Removed old queued transactions"        count=0
t=2023-06-02T16:09:00+0800 lvl=trce msg="Removed unpayable queued transactions"  count=0
t=2023-06-02T16:09:00+0800 lvl=trce msg="Promoted queued transactions"           count=0
t=2023-06-02T16:09:00+0800 lvl=trce msg="Pooled new future transaction"          hash=0x0c5f6236b8eebfe2ff9293e136bf8d73a24a05082d05b34f34031262f3a68ac9 from=0x66e0851F1a162869024b4C9f6b1C4Fc5cb4832F1 to=0x0000000000000000000000000000000000000000
t=2023-06-02T16:09:00+0800 lvl=trce msg="Removed old queued transactions"        count=0
t=2023-06-02T16:09:00+0800 lvl=trce msg="Removed unpayable queued transactions"  count=0
t=2023-06-02T16:09:00+0800 lvl=trce msg="Promoted queued transactions"           count=1
t=2023-06-02T16:09:00+0800 lvl=trce msg="Pooled new future transaction"          hash=0x433cc5004940a62ea4c5d1b0d592e7dab268ee5c318b934279d32091af97c926 from=0x66e0851F1a162869024b4C9f6b1C4Fc5cb4832F1 to=0x0000000000000000000000000000000000000000
t=2023-06-02T16:09:00+0800 lvl=trce msg="Removed old queued transactions"        count=0
t=2023-06-02T16:09:00+0800 lvl=trce msg="Removed unpayable queued transactions"  count=0
t=2023-06-02T16:09:00+0800 lvl=trce msg="Promoted queued transactions"           count=0
t=2023-06-02T16:09:00+0800 lvl=trce msg="Pooled new future transaction"          hash=0x1db631c10f3ef0f03e328ccd8d80a710eae5bfbce45fcbc2e1df860d258ac89c from=0x7628e7c918DAaf4dfbF615023fDBcF72b8479bCe to=0x0000000000000000000000000000000000000000
t=2023-06-02T16:09:00+0800 lvl=trce msg="Removed old queued transactions"        count=0
t=2023-06-02T16:09:00+0800 lvl=trce msg="Removed unpayable queued transactions"  count=0
t=2023-06-02T16:09:00+0800 lvl=trce msg="Promoted queued transactions"           count=1
t=2023-06-02T16:09:00+0800 lvl=trce msg="Pooled new future transaction"          hash=0x4a8041b04a914a454ffaa75f4d872756c201a5194799c233c640860c98b1e6ae from=0x7628e7c918DAaf4dfbF615023fDBcF72b8479bCe to=0x0000000000000000000000000000000000000000
t=2023-06-02T16:09:00+0800 lvl=trce msg="Removed old queued transactions"        count=0
t=2023-06-02T16:09:00+0800 lvl=trce msg="Removed unpayable queued transactions"  count=0
t=2023-06-02T16:09:00+0800 lvl=trce msg="Promoted queued transactions"           count=0
t=2023-06-02T16:09:00+0800 lvl=trce msg="Pooled new future transaction"          hash=0x16aefc230781c991d38eaac34e7579d064c7491b4c4acd9511a9ef7ca0ef8aed from=0x66e0851F1a162869024b4C9f6b1C4Fc5cb4832F1 to=0x0000000000000000000000000000000000000000
t=2023-06-02T16:09:00+0800 lvl=trce msg="Removed old queued transactions"        count=0
t=2023-06-02T16:09:00+0800 lvl=trce msg="Removed unpayable queued transactions"  count=0
t=2023-06-02T16:09:00+0800 lvl=trce msg="Promoted queued transactions"           count=1
t=2023-06-02T16:09:00+0800 lvl=trce msg="Pooled new future transaction"          hash=0x8d34e3ace85914e4241d23fb291ba34be9a1af9fbaa4ac8881f818e111b03241 from=0x66e0851F1a162869024b4C9f6b1C4Fc5cb4832F1 to=0x0000000000000000000000000000000000000000
t=2023-06-02T16:09:00+0800 lvl=trce msg="Removed old queued transactions"        count=0
t=2023-06-02T16:09:00+0800 lvl=trce msg="Removed unpayable queued transactions"  count=0
t=2023-06-02T16:09:00+0800 lvl=trce msg="Promoted queued transactions"           count=0
t=2023-06-02T16:09:00+0800 lvl=trce msg="Pooled new future transaction"          hash=0x8317cc0a4b1b034b6cf3bc17542e40f9fd4f0c285ff9b2b642e665d251983958 from=0x7628e7c918DAaf4dfbF615023fDBcF72b8479bCe to=0x0000000000000000000000000000000000000000
t=2023-06-02T16:09:00+0800 lvl=trce msg="Removed old queued transactions"        count=0
t=2023-06-02T16:09:00+0800 lvl=trce msg="Removed unpayable queued transactions"  count=0
t=2023-06-02T16:09:00+0800 lvl=trce msg="Promoted queued transactions"           count=1
t=2023-06-02T16:09:00+0800 lvl=trce msg="Pooled new future transaction"          hash=0x0e9e757be43856b9dae87b678a7b60e75a49006fb8630e9ac239dba3aba7d97c from=0x7628e7c918DAaf4dfbF615023fDBcF72b8479bCe to=0x0000000000000000000000000000000000000000
t=2023-06-02T16:09:00+0800 lvl=trce msg="Removed old queued transactions"        count=0
t=2023-06-02T16:09:00+0800 lvl=trce msg="Removed unpayable queued transactions"  count=0
t=2023-06-02T16:09:00+0800 lvl=trce msg="Promoted queued transactions"           count=0
t=2023-06-02T16:09:00+0800 lvl=trce msg="Pooled new future transaction"          hash=0xab6174b41be606f0e627ef22bbb2e54f3e7da959093a79c938b729d84a7a9bf8 from=0x66e0851F1a162869024b4C9f6b1C4Fc5cb4832F1 to=0x0000000000000000000000000000000000000000
t=2023-06-02T16:09:00+0800 lvl=trce msg="Removed old queued transactions"        count=0
t=2023-06-02T16:09:00+0800 lvl=trce msg="Removed unpayable queued transactions"  count=0
t=2023-06-02T16:09:00+0800 lvl=trce msg="Promoted queued transactions"           count=1
t=2023-06-02T16:09:00+0800 lvl=trce msg="Pooled new future transaction"          hash=0xc5cd0113aef66be0fb029ccf520018a31f2d918885177622791e8bcf866d50b5 from=0x66e0851F1a162869024b4C9f6b1C4Fc5cb4832F1 to=0x0000000000000000000000000000000000000000
t=2023-06-02T16:09:00+0800 lvl=trce msg="Removed old queued transactions"        count=0
t=2023-06-02T16:09:00+0800 lvl=trce msg="Removed unpayable queued transactions"  count=0
t=2023-06-02T16:09:00+0800 lvl=trce msg="Promoted queued transactions"           count=0
t=2023-06-02T16:09:00+0800 lvl=trce msg="Pooled new future transaction"          hash=0xe05d97b4acd985c54d567228573da0e30e29fbc3b6f24305b7407aaf47d98463 from=0x7628e7c918DAaf4dfbF615023fDBcF72b8479bCe to=0x0000000000000000000000000000000000000000
t=2023-06-02T16:09:00+0800 lvl=trce msg="Removed old queued transactions"        count=0
t=2023-06-02T16:09:00+0800 lvl=trce msg="Removed unpayable queued transactions"  count=0
t=2023-06-02T16:09:00+0800 lvl=trce msg="Promoted queued transactions"           count=1
t=2023-06-02T16:09:00+0800 lvl=trce msg="Pooled new future transaction"          hash=0xe9a6289956b3dd9396464a3cf0c895cfe2a9d711bd56d6713598e42368ce93b9 from=0x7628e7c918DAaf4dfbF615023fDBcF72b8479bCe to=0x0000000000000000000000000000000000000000
t=2023-06-02T16:09:00+0800 lvl=trce msg="Removed old queued transactions"        count=0
t=2023-06-02T16:09:00+0800 lvl=trce msg="Removed unpayable queued transactions"  count=0
t=2023-06-02T16:09:00+0800 lvl=trce msg="Promoted queued transactions"           count=0
t=2023-06-02T16:09:00+0800 lvl=trce msg="Pooled new future transaction"          hash=0x6976c8de0eff1d45b4a481021239f3fe9db568a53cae6904de419d20f12f825d from=0x66e0851F1a162869024b4C9f6b1C4Fc5cb4832F1 to=0x0000000000000000000000000000000000000000
t=2023-06-02T16:09:00+0800 lvl=trce msg="Removed old queued transactions"        count=0
t=2023-06-02T16:09:00+0800 lvl=trce msg="Removed unpayable queued transactions"  count=0
t=2023-06-02T16:09:00+0800 lvl=trce msg="Promoted queued transactions"           count=1
t=2023-06-02T16:09:00+0800 lvl=trce msg="Pooled new future transaction"          hash=0xb9cb4f6d606350e5b69bed24599470b7f748c37dfa5259a17e0e7f73504785bc from=0x66e0851F1a162869024b4C9f6b1C4Fc5cb4832F1 to=0x0000000000000000000000000000000000000000
t=2023-06-02T16:09:00+0800 lvl=trce msg="Removed old queued transactions"        count=0
t=2023-06-02T16:09:00+0800 lvl=trce msg="Removed unpayable queued transactions"  count=0
t=2023-06-02T16:09:00+0800 lvl=trce msg="Promoted queued transactions"           count=0
t=2023-06-02T16:09:00+0800 lvl=trce msg="Pooled new future transaction"          hash=0x6d96061f88ab1bffa0a86f8fc0386568ebff4f2292579c3b665c6ee94b289b5d from=0x7628e7c918DAaf4dfbF615023fDBcF72b8479bCe to=0x0000000000000000000000000000000000000000
t=2023-06-02T16:09:00+0800 lvl=trce msg="Removed old queued transactions"        count=0
t=2023-06-02T16:09:00+0800 lvl=trce msg="Removed unpayable queued transactions"  count=0
t=2023-06-02T16:09:00+0800 lvl=trce msg="Promoted queued transactions"           count=1
t=2023-06-02T16:09:00+0800 lvl=trce msg="Pooled new future transaction"          hash=0xe64befffcc608c01b9a7508dcc9c11129f8f2667b9da0f4cdf9789d8c7cf03f2 from=0x7628e7c918DAaf4dfbF615023fDBcF72b8479bCe to=0x0000000000000000000000000000000000000000
t=2023-06-02T16:09:00+0800 lvl=trce msg="Removed old queued transactions"        count=0
t=2023-06-02T16:09:00+0800 lvl=trce msg="Removed unpayable queued transactions"  count=0
t=2023-06-02T16:09:00+0800 lvl=trce msg="Promoted queued transactions"           count=0
t=2023-06-02T16:09:00+0800 lvl=trce msg="Pooled new future transaction"          hash=0xcc9d098133a8205d71f54389ef966aaccb788d4a17796fa7affc7b6f16c059f6 from=0x66e0851F1a162869024b4C9f6b1C4Fc5cb4832F1 to=0x0000000000000000000000000000000000000000
t=2023-06-02T16:09:00+0800 lvl=trce msg="Removed old queued transactions"        count=0
t=2023-06-02T16:09:00+0800 lvl=trce msg="Removed unpayable queued transactions"  count=0
t=2023-06-02T16:09:00+0800 lvl=trce msg="Promoted queued transactions"           count=1
t=2023-06-02T16:09:00+0800 lvl=trce msg="Pooled new future transaction"          hash=0x6ffb610e246219981dc6e8df57eca0152d752849bf1b9b4aa54eb1b9baa0b6d0 from=0x66e0851F1a162869024b4C9f6b1C4Fc5cb4832F1 to=0x0000000000000000000000000000000000000000
t=2023-06-02T16:09:00+0800 lvl=trce msg="Removed old queued transactions"        count=0
t=2023-06-02T16:09:00+0800 lvl=trce msg="Removed unpayable queued transactions"  count=0
t=2023-06-02T16:09:00+0800 lvl=trce msg="Promoted queued transactions"           count=0
t=2023-06-02T16:09:00+0800 lvl=trce msg="Pooled new future transaction"          hash=0x6641f4c60bdf1b650464d41f99003ac25aece27523eff99e3f8b26c3629291ee from=0x7628e7c918DAaf4dfbF615023fDBcF72b8479bCe to=0x0000000000000000000000000000000000000000
t=2023-06-02T16:09:00+0800 lvl=trce msg="Removed old queued transactions"        count=0
t=2023-06-02T16:09:00+0800 lvl=trce msg="Removed unpayable queued transactions"  count=0
t=2023-06-02T16:09:00+0800 lvl=trce msg="Promoted queued transactions"           count=1
t=2023-06-02T16:09:00+0800 lvl=trce msg="Pooled new future transaction"          hash=0x80e7e602dc484deb1ded78e5f6edc198ccf6a7a3264e8d3916d3a65bb1bd3f3c from=0x7628e7c918DAaf4dfbF615023fDBcF72b8479bCe to=0x0000000000000000000000000000000000000000
t=2023-06-02T16:09:00+0800 lvl=trce msg="Removed old queued transactions"        count=0
t=2023-06-02T16:09:00+0800 lvl=trce msg="Removed unpayable queued transactions"  count=0
t=2023-06-02T16:09:00+0800 lvl=trce msg="Promoted queued transactions"           count=0
t=2023-06-02T16:09:00+0800 lvl=trce msg="Pooled new future transaction"          hash=0xbf92e5d01e9c4a5f52366ca4e1432dd0522102add6cd5762ffad78125c719e30 from=0x66e0851F1a162869024b4C9f6b1C4Fc5cb4832F1 to=0x0000000000000000000000000000000000000000
t=2023-06-02T16:09:00+0800 lvl=trce msg="Removed old queued transactions"        count=0
t=2023-06-02T16:09:00+0800 lvl=trce msg="Removed unpayable queued transactions"  count=0
t=2023-06-02T16:09:00+0800 lvl=trce msg="Promoted queued transactions"           count=1
t=2023-06-02T16:09:00+0800 lvl=trce msg="Pooled new future transaction"          hash=0xc9f3641c3ff15552072f33f34ecbc3899b47b67135d79dde504f667eb158a1f5 from=0x66e0851F1a162869024b4C9f6b1C4Fc5cb4832F1 to=0x0000000000000000000000000000000000000000
t=2023-06-02T16:09:00+0800 lvl=trce msg="Removed old queued transactions"        count=0
t=2023-06-02T16:09:00+0800 lvl=trce msg="Removed unpayable queued transactions"  count=0
t=2023-06-02T16:09:00+0800 lvl=trce msg="Promoted queued transactions"           count=0
t=2023-06-02T16:09:00+0800 lvl=trce msg="Pooled new future transaction"          hash=0x459fe06b3cfea75183de105dc20f974809a48d5cfae6258acdce57299f131dc9 from=0x7628e7c918DAaf4dfbF615023fDBcF72b8479bCe to=0x0000000000000000000000000000000000000000
t=2023-06-02T16:09:00+0800 lvl=trce msg="Removed old queued transactions"        count=0
t=2023-06-02T16:09:00+0800 lvl=trce msg="Removed unpayable queued transactions"  count=0
t=2023-06-02T16:09:00+0800 lvl=trce msg="Promoted queued transactions"           count=1
t=2023-06-02T16:09:00+0800 lvl=trce msg="Pooled new future transaction"          hash=0xc296acae7249fec9c04d1ef732d3b57d07e63423e034b3c3cd143224c53cc513 from=0x7628e7c918DAaf4dfbF615023fDBcF72b8479bCe to=0x0000000000000000000000000000000000000000
t=2023-06-02T16:09:00+0800 lvl=trce msg="Removed old queued transactions"        count=0
t=2023-06-02T16:09:00+0800 lvl=trce msg="Removed unpayable queued transactions"  count=0
t=2023-06-02T16:09:00+0800 lvl=trce msg="Promoted queued transactions"           count=0
t=2023-06-02T16:09:00+0800 lvl=trce msg="Pooled new future transaction"          hash=0x4cffd06b23d0dacb407462b46d02dccac735edfca84f0b4c373304c5e25faa79 from=0x66e0851F1a162869024b4C9f6b1C4Fc5cb4832F1 to=0x0000000000000000000000000000000000000000
t=2023-06-02T16:09:00+0800 lvl=trce msg="Removed old queued transactions"        count=0
t=2023-06-02T16:09:00+0800 lvl=trce msg="Removed unpayable queued transactions"  count=0
t=2023-06-02T16:09:00+0800 lvl=trce msg="Promoted queued transactions"           count=1
t=2023-06-02T16:09:00+0800 lvl=trce msg="Pooled new future transaction"          hash=0x176a972e330adc45809866647685e0bafb74b3b003027099e17dad8a7ade9d01 from=0x66e0851F1a162869024b4C9f6b1C4Fc5cb4832F1 to=0x0000000000000000000000000000000000000000
t=2023-06-02T16:09:00+0800 lvl=trce msg="Removed old queued transactions"        count=0
t=2023-06-02T16:09:00+0800 lvl=trce msg="Removed unpayable queued transactions"  count=0
t=2023-06-02T16:09:00+0800 lvl=trce msg="Promoted queued transactions"           count=0
t=2023-06-02T16:09:00+0800 lvl=trce msg="Pooled new future transaction"          hash=0x6aa9154996b6ea5b116dd5b257e0afabdbd09edb8b43047bd21bbcf423942948 from=0x7628e7c918DAaf4dfbF615023fDBcF72b8479bCe to=0x0000000000000000000000000000000000000000
t=2023-06-02T16:09:00+0800 lvl=trce msg="Removed old queued transactions"        count=0
t=2023-06-02T16:09:00+0800 lvl=trce msg="Removed unpayable queued transactions"  count=0
t=2023-06-02T16:09:00+0800 lvl=trce msg="Promoted queued transactions"           count=1
t=2023-06-02T16:09:00+0800 lvl=trce msg="Pooled new future transaction"          hash=0x93725899422678d960eb2caeafadb151faf39662d1de10bd97f71536d488ffe3 from=0x7628e7c918DAaf4dfbF615023fDBcF72b8479bCe to=0x0000000000000000000000000000000000000000
t=2023-06-02T16:09:00+0800 lvl=trce msg="Removed old queued transactions"        count=0
t=2023-06-02T16:09:00+0800 lvl=trce msg="Removed unpayable queued transactions"  count=0
t=2023-06-02T16:09:00+0800 lvl=trce msg="Promoted queued transactions"           count=0
t=2023-06-02T16:09:00+0800 lvl=trce msg="Pooled new future transaction"          hash=0x9015b377b4ebd30641e98fb10eaeda6caa92ca195dd41adbae4db5a9a58bf021 from=0x66e0851F1a162869024b4C9f6b1C4Fc5cb4832F1 to=0x0000000000000000000000000000000000000000
t=2023-06-02T16:09:00+0800 lvl=trce msg="Removed old queued transactions"        count=0
t=2023-06-02T16:09:00+0800 lvl=trce msg="Removed unpayable queued transactions"  count=0
t=2023-06-02T16:09:00+0800 lvl=trce msg="Promoted queued transactions"           count=1
t=2023-06-02T16:09:00+0800 lvl=trce msg="Pooled new future transaction"          hash=0x6647f5e8a07117fb999c4a0217d1b57d599f11f144929053325bb5703caf818f from=0x66e0851F1a162869024b4C9f6b1C4Fc5cb4832F1 to=0x0000000000000000000000000000000000000000
t=2023-06-02T16:09:00+0800 lvl=trce msg="Removed old queued transactions"        count=0
t=2023-06-02T16:09:00+0800 lvl=trce msg="Removed unpayable queued transactions"  count=0
t=2023-06-02T16:09:00+0800 lvl=trce msg="Promoted queued transactions"           count=0
t=2023-06-02T16:09:00+0800 lvl=trce msg="Pooled new future transaction"          hash=0x21df818b48c6e351df6c131df91c7b225f4ceb7be609f75b7dbf1b26f100fadc from=0x7628e7c918DAaf4dfbF615023fDBcF72b8479bCe to=0x0000000000000000000000000000000000000000
t=2023-06-02T16:09:00+0800 lvl=trce msg="Removed old queued transactions"        count=0
t=2023-06-02T16:09:00+0800 lvl=trce msg="Removed unpayable queued transactions"  count=0
t=2023-06-02T16:09:00+0800 lvl=trce msg="Promoted queued transactions"           count=1
t=2023-06-02T16:09:00+0800 lvl=trce msg="Pooled new future transaction"          hash=0xf0c30c7eb9494b6e8dfea6b877c9ca9b8a872c9d46d7a8f980e299fb3aba0f9e from=0x7628e7c918DAaf4dfbF615023fDBcF72b8479bCe to=0x0000000000000000000000000000000000000000
t=2023-06-02T16:09:00+0800 lvl=trce msg="Removed old queued transactions"        count=0
t=2023-06-02T16:09:00+0800 lvl=trce msg="Removed unpayable queued transactions"  count=0
t=2023-06-02T16:09:00+0800 lvl=trce msg="Promoted queued transactions"           count=0
t=2023-06-02T16:09:00+0800 lvl=trce msg="Pooled new future transaction"          hash=0x05031a837fd70e4cdcdd12176580f21a953e6e9ecb5543deacd1822f55b6f8c8 from=0x66e0851F1a162869024b4C9f6b1C4Fc5cb4832F1 to=0x0000000000000000000000000000000000000000
t=2023-06-02T16:09:00+0800 lvl=trce msg="Removed old queued transactions"        count=0
t=2023-06-02T16:09:00+0800 lvl=trce msg="Removed unpayable queued transactions"  count=0
t=2023-06-02T16:09:00+0800 lvl=trce msg="Promoted queued transactions"           count=1
t=2023-06-02T16:09:00+0800 lvl=trce msg="Pooled new future transaction"          hash=0xa88d6653f5af93e0236d14b7f100f767af4a8d489d20a85f78b60cbe0ece80fe from=0x66e0851F1a162869024b4C9f6b1C4Fc5cb4832F1 to=0x0000000000000000000000000000000000000000
t=2023-06-02T16:09:00+0800 lvl=trce msg="Removed old queued transactions"        count=0
t=2023-06-02T16:09:00+0800 lvl=trce msg="Removed unpayable queued transactions"  count=0
t=2023-06-02T16:09:00+0800 lvl=trce msg="Promoted queued transactions"           count=0
t=2023-06-02T16:09:00+0800 lvl=trce msg="Pooled new future transaction"          hash=0x5a702b2ea59a2c09a175f452b3431299c363ec810e7e317d6eded523a40eb91d from=0x7628e7c918DAaf4dfbF615023fDBcF72b8479bCe to=0x0000000000000000000000000000000000000000
t=2023-06-02T16:09:00+0800 lvl=trce msg="Removed old queued transactions"        count=0
t=2023-06-02T16:09:00+0800 lvl=trce msg="Removed unpayable queued transactions"  count=0
t=2023-06-02T16:09:00+0800 lvl=trce msg="Promoted queued transactions"           count=1
t=2023-06-02T16:09:00+0800 lvl=trce msg="Pooled new future transaction"          hash=0xb86d943d526529e86fa19385d943e494c05ad6309096e52071600e96f1fa15b6 from=0x7628e7c918DAaf4dfbF615023fDBcF72b8479bCe to=0x0000000000000000000000000000000000000000
t=2023-06-02T16:09:00+0800 lvl=trce msg="Removed old queued transactions"        count=0
t=2023-06-02T16:09:00+0800 lvl=trce msg="Removed unpayable queued transactions"  count=0
t=2023-06-02T16:09:00+0800 lvl=trce msg="Promoted queued transactions"           count=0
t=2023-06-02T16:09:00+0800 lvl=trce msg="Pooled new future transaction"          hash=0xae5026d6e62caf01a662b0f1ddac4df3b39b70fee67ed3eac1d1da57a3e351fb from=0x66e0851F1a162869024b4C9f6b1C4Fc5cb4832F1 to=0x0000000000000000000000000000000000000000
t=2023-06-02T16:09:00+0800 lvl=trce msg="Removed old queued transactions"        count=0
t=2023-06-02T16:09:00+0800 lvl=trce msg="Removed unpayable queued transactions"  count=0
t=2023-06-02T16:09:00+0800 lvl=trce msg="Promoted queued transactions"           count=1
t=2023-06-02T16:09:00+0800 lvl=trce msg="Pooled new future transaction"          hash=0xf7b62b2ac0fccda9bfe2ec6ef53385916404f6255d562faa892c89da2ba2ad56 from=0x66e0851F1a162869024b4C9f6b1C4Fc5cb4832F1 to=0x0000000000000000000000000000000000000000
t=2023-06-02T16:09:00+0800 lvl=trce msg="Removed old queued transactions"        count=0
t=2023-06-02T16:09:00+0800 lvl=trce msg="Removed unpayable queued transactions"  count=0
t=2023-06-02T16:09:00+0800 lvl=trce msg="Promoted queued transactions"           count=0
t=2023-06-02T16:09:00+0800 lvl=trce msg="Pooled new future transaction"          hash=0xa2bf6160ed676e7d6b9db9432507fbf5101b5ddd46894dd0efb2e3398bd92cac from=0x7628e7c918DAaf4dfbF615023fDBcF72b8479bCe to=0x0000000000000000000000000000000000000000
t=2023-06-02T16:09:00+0800 lvl=trce msg="Removed old queued transactions"        count=0
t=2023-06-02T16:09:00+0800 lvl=trce msg="Removed unpayable queued transactions"  count=0
t=2023-06-02T16:09:00+0800 lvl=trce msg="Promoted queued transactions"           count=1
t=2023-06-02T16:09:00+0800 lvl=trce msg="Pooled new future transaction"          hash=0xd5fde96b707b9cb07856de613794fce283ddcc41f7948ddf84a702168a1b3bd8 from=0x7628e7c918DAaf4dfbF615023fDBcF72b8479bCe to=0x0000000000000000000000000000000000000000
t=2023-06-02T16:09:00+0800 lvl=trce msg="Removed old queued transactions"        count=0
t=2023-06-02T16:09:00+0800 lvl=trce msg="Removed unpayable queued transactions"  count=0
t=2023-06-02T16:09:00+0800 lvl=trce msg="Promoted queued transactions"           count=0
t=2023-06-02T16:09:00+0800 lvl=trce msg="Pooled new future transaction"          hash=0xdbcb84187ac0b5a56a5d638c864fadc05290b127ad5b59e9f7608949c6109793 from=0x66e0851F1a162869024b4C9f6b1C4Fc5cb4832F1 to=0x0000000000000000000000000000000000000000
t=2023-06-02T16:09:00+0800 lvl=trce msg="Removed old queued transactions"        count=0
t=2023-06-02T16:09:00+0800 lvl=trce msg="Removed unpayable queued transactions"  count=0
t=2023-06-02T16:09:00+0800 lvl=trce msg="Promoted queued transactions"           count=1
t=2023-06-02T16:09:00+0800 lvl=trce msg="Pooled new future transaction"          hash=0x5e01f7ad7b11b1ea44ea9b6dd23f3d40bd761ca3986dd6e59cba52618c28b27b from=0x66e0851F1a162869024b4C9f6b1C4Fc5cb4832F1 to=0x0000000000000000000000000000000000000000
t=2023-06-02T16:09:00+0800 lvl=trce msg="Removed old queued transactions"        count=0
t=2023-06-02T16:09:00+0800 lvl=trce msg="Removed unpayable queued transactions"  count=0
t=2023-06-02T16:09:00+0800 lvl=trce msg="Promoted queued transactions"           count=0
t=2023-06-02T16:09:00+0800 lvl=trce msg="Pooled new future transaction"          hash=0x80ffd37cc775aeabd43ebb4cb4c47ad9aa2174b0c8472760d9de3b6a0c714bb4 from=0x7628e7c918DAaf4dfbF615023fDBcF72b8479bCe to=0x0000000000000000000000000000000000000000
t=2023-06-02T16:09:00+0800 lvl=trce msg="Removed old queued transactions"        count=0
t=2023-06-02T16:09:00+0800 lvl=trce msg="Removed unpayable queued transactions"  count=0
t=2023-06-02T16:09:00+0800 lvl=trce msg="Promoted queued transactions"           count=1
t=2023-06-02T16:09:00+0800 lvl=trce msg="Pooled new future transaction"          hash=0xcd2c804bbb098b0c547136e1f9f659f754871fa3507f22335d75a9c83dc7c1a0 from=0x7628e7c918DAaf4dfbF615023fDBcF72b8479bCe to=0x0000000000000000000000000000000000000000
t=2023-06-02T16:09:00+0800 lvl=trce msg="Removed old queued transactions"        count=0
t=2023-06-02T16:09:00+0800 lvl=trce msg="Removed unpayable queued transactions"  count=0
t=2023-06-02T16:09:00+0800 lvl=trce msg="Promoted queued transactions"           count=0
t=2023-06-02T16:09:00+0800 lvl=trce msg="Pooled new future transaction"          hash=0xb79f67f393f62510bba55806f44aae800e10083e9e56653b2a4896d86ba023ae from=0x66e0851F1a162869024b4C9f6b1C4Fc5cb4832F1 to=0x0000000000000000000000000000000000000000
t=2023-06-02T16:09:00+0800 lvl=trce msg="Removed old queued transactions"        count=0
t=2023-06-02T16:09:00+0800 lvl=trce msg="Removed unpayable queued transactions"  count=0
t=2023-06-02T16:09:00+0800 lvl=trce msg="Promoted queued transactions"           count=1
t=2023-06-02T16:09:00+0800 lvl=trce msg="Pooled new future transaction"          hash=0x0d4e880091554499089d58352741d1f0791276aeef4bb7cb4f8ad3259d026cbb from=0x66e0851F1a162869024b4C9f6b1C4Fc5cb4832F1 to=0x0000000000000000000000000000000000000000
t=2023-06-02T16:09:00+0800 lvl=trce msg="Removed old queued transactions"        count=0
t=2023-06-02T16:09:00+0800 lvl=trce msg="Removed unpayable queued transactions"  count=0
t=2023-06-02T16:09:00+0800 lvl=trce msg="Promoted queued transactions"           count=0
t=2023-06-02T16:09:00+0800 lvl=trce msg="Pooled new future transaction"          hash=0xc3b1628cb723fbf3743094d2008d044011480149dcbba9a687cb72f733e0c365 from=0x7628e7c918DAaf4dfbF615023fDBcF72b8479bCe to=0x0000000000000000000000000000000000000000
t=2023-06-02T16:09:00+0800 lvl=trce msg="Removed old queued transactions"        count=0
t=2023-06-02T16:09:00+0800 lvl=trce msg="Removed unpayable queued transactions"  count=0
t=2023-06-02T16:09:00+0800 lvl=trce msg="Promoted queued transactions"           count=1
t=2023-06-02T16:09:00+0800 lvl=trce msg="Pooled new future transaction"          hash=0x271aa56166e88bc1765688c097d5eae3ff5195bc6939f13c80c8e71b7a254098 from=0x7628e7c918DAaf4dfbF615023fDBcF72b8479bCe to=0x0000000000000000000000000000000000000000
t=2023-06-02T16:09:00+0800 lvl=trce msg="Removed old queued transactions"        count=0
t=2023-06-02T16:09:00+0800 lvl=trce msg="Removed unpayable queued transactions"  count=0
t=2023-06-02T16:09:00+0800 lvl=trce msg="Promoted queued transactions"           count=0
t=2023-06-02T16:09:00+0800 lvl=trce msg="Pooled new future transaction"          hash=0x2a39c236b1ce98ca100153358a8f2e711c32d548bcfb2e5bab83dc65b0e64d38 from=0x66e0851F1a162869024b4C9f6b1C4Fc5cb4832F1 to=0x0000000000000000000000000000000000000000
t=2023-06-02T16:09:00+0800 lvl=trce msg="Removed old queued transactions"        count=0
t=2023-06-02T16:09:00+0800 lvl=trce msg="Removed unpayable queued transactions"  count=0
t=2023-06-02T16:09:00+0800 lvl=trce msg="Promoted queued transactions"           count=1
t=2023-06-02T16:09:00+0800 lvl=trce msg="Pooled new future transaction"          hash=0xa99974a28b23e9f117fdd97f6ed5cf88cb6fb66c152a91bbebae96f40c2b65e7 from=0x66e0851F1a162869024b4C9f6b1C4Fc5cb4832F1 to=0x0000000000000000000000000000000000000000
t=2023-06-02T16:09:00+0800 lvl=trce msg="Removed old queued transactions"        count=0
t=2023-06-02T16:09:00+0800 lvl=trce msg="Removed unpayable queued transactions"  count=0
t=2023-06-02T16:09:00+0800 lvl=trce msg="Promoted queued transactions"           count=0
t=2023-06-02T16:09:00+0800 lvl=trce msg="Pooled new future transaction"          hash=0x44fdc8498b84e675287e223537e571fe84b903075dadda53ae6d5052dfbbfb09 from=0x7628e7c918DAaf4dfbF615023fDBcF72b8479bCe to=0x0000000000000000000000000000000000000000
t=2023-06-02T16:09:00+0800 lvl=trce msg="Removed old queued transactions"        count=0
t=2023-06-02T16:09:00+0800 lvl=trce msg="Removed unpayable queued transactions"  count=0
t=2023-06-02T16:09:00+0800 lvl=trce msg="Promoted queued transactions"           count=1
t=2023-06-02T16:09:00+0800 lvl=trce msg="Pooled new future transaction"          hash=0xc83646b342ba7b3954a86e95ee0641fd904e308c946b81fff849c2c90c9d1d16 from=0x7628e7c918DAaf4dfbF615023fDBcF72b8479bCe to=0x0000000000000000000000000000000000000000
t=2023-06-02T16:09:00+0800 lvl=trce msg="Removed old queued transactions"        count=0
t=2023-06-02T16:09:00+0800 lvl=trce msg="Removed unpayable queued transactions"  count=0
t=2023-06-02T16:09:00+0800 lvl=trce msg="Promoted queued transactions"           count=0
t=2023-06-02T16:09:00+0800 lvl=trce msg="Pooled new future transaction"          hash=0x1beae5d0d6406a3095429fef75bb41845634e68e0f295d64a0737f6478e63701 from=0x66e0851F1a162869024b4C9f6b1C4Fc5cb4832F1 to=0x0000000000000000000000000000000000000000
t=2023-06-02T16:09:00+0800 lvl=trce msg="Removed old queued transactions"        count=0
t=2023-06-02T16:09:00+0800 lvl=trce msg="Removed unpayable queued transactions"  count=0
t=2023-06-02T16:09:00+0800 lvl=trce msg="Promoted queued transactions"           count=1
t=2023-06-02T16:09:00+0800 lvl=trce msg="Pooled new future transaction"          hash=0x1c41d36b23c6ae7655ddab4fc59765a8dfc9a75635bb62e381651a497a0d9aac from=0x66e0851F1a162869024b4C9f6b1C4Fc5cb4832F1 to=0x0000000000000000000000000000000000000000
t=2023-06-02T16:09:00+0800 lvl=trce msg="Removed old queued transactions"        count=0
t=2023-06-02T16:09:00+0800 lvl=trce msg="Removed unpayable queued transactions"  count=0
t=2023-06-02T16:09:00+0800 lvl=trce msg="Promoted queued transactions"           count=0
t=2023-06-02T16:09:00+0800 lvl=trce msg="Pooled new future transaction"          hash=0xeb77a643a95d895a53ba485448dcabef711e954e43539070f940605f2dd6347a from=0x7628e7c918DAaf4dfbF615023fDBcF72b8479bCe to=0x0000000000000000000000000000000000000000
t=2023-06-02T16:09:00+0800 lvl=trce msg="Removed old queued transactions"        count=0
t=2023-06-02T16:09:00+0800 lvl=trce msg="Removed unpayable queued transactions"  count=0
t=2023-06-02T16:09:00+0800 lvl=trce msg="Promoted queued transactions"           count=1
t=2023-06-02T16:09:00+0800 lvl=trce msg="Pooled new future transaction"          hash=0xed45d2ee13c796f1b90e556bd7a89f0161c0c2995a0354047e7588b62f7215c2 from=0x7628e7c918DAaf4dfbF615023fDBcF72b8479bCe to=0x0000000000000000000000000000000000000000
t=2023-06-02T16:09:00+0800 lvl=trce msg="Removed old queued transactions"        count=0
t=2023-06-02T16:09:00+0800 lvl=trce msg="Removed unpayable queued transactions"  count=0
t=2023-06-02T16:09:00+0800 lvl=trce msg="Promoted queued transactions"           count=0
t=2023-06-02T16:09:00+0800 lvl=trce msg="Pooled new future transaction"          hash=0xe566da51c6da988c0a7f617129bdc2a7b5556a8f3815ffbb93d8ba82c16c2d0a from=0x66e0851F1a162869024b4C9f6b1C4Fc5cb4832F1 to=0x0000000000000000000000000000000000000000
t=2023-06-02T16:09:00+0800 lvl=trce msg="Removed old queued transactions"        count=0
t=2023-06-02T16:09:00+0800 lvl=trce msg="Removed unpayable queued transactions"  count=0
t=2023-06-02T16:09:00+0800 lvl=trce msg="Promoted queued transactions"           count=1
t=2023-06-02T16:09:00+0800 lvl=trce msg="Pooled new future transaction"          hash=0xccce9f8888031d3c5bdd825b497af5096b397ee34d1d0b6f84f74fda5608e76f from=0x66e0851F1a162869024b4C9f6b1C4Fc5cb4832F1 to=0x0000000000000000000000000000000000000000
t=2023-06-02T16:09:00+0800 lvl=trce msg="Removed old queued transactions"        count=0
t=2023-06-02T16:09:00+0800 lvl=trce msg="Removed unpayable queued transactions"  count=0
t=2023-06-02T16:09:00+0800 lvl=trce msg="Promoted queued transactions"           count=0
t=2023-06-02T16:09:00+0800 lvl=trce msg="Pooled new future transaction"          hash=0xda30c5d6f205c91fbc85ac12b18ac3063bb2869fd962d61879ae4013e5c5d384 from=0x7628e7c918DAaf4dfbF615023fDBcF72b8479bCe to=0x0000000000000000000000000000000000000000
t=2023-06-02T16:09:00+0800 lvl=trce msg="Removed old queued transactions"        count=0
t=2023-06-02T16:09:00+0800 lvl=trce msg="Removed unpayable queued transactions"  count=0
t=2023-06-02T16:09:00+0800 lvl=trce msg="Promoted queued transactions"           count=1
t=2023-06-02T16:09:00+0800 lvl=trce msg="Pooled new future transaction"          hash=0x5cab71060f18601c04fd49be50b8bb835e892eee1c899f277182d62d90bcebbb from=0x7628e7c918DAaf4dfbF615023fDBcF72b8479bCe to=0x0000000000000000000000000000000000000000
t=2023-06-02T16:09:00+0800 lvl=trce msg="Removed old queued transactions"        count=0
t=2023-06-02T16:09:00+0800 lvl=trce msg="Removed unpayable queued transactions"  count=0
t=2023-06-02T16:09:00+0800 lvl=trce msg="Promoted queued transactions"           count=0
t=2023-06-02T16:09:00+0800 lvl=trce msg="Pooled new future transaction"          hash=0x0aee0b578c3b213796f139aceb785706cbe9211496412e9d88cce7a20888a45d from=0x66e0851F1a162869024b4C9f6b1C4Fc5cb4832F1 to=0x0000000000000000000000000000000000000000
t=2023-06-02T16:09:00+0800 lvl=trce msg="Removed old queued transactions"        count=0
t=2023-06-02T16:09:00+0800 lvl=trce msg="Removed unpayable queued transactions"  count=0
t=2023-06-02T16:09:00+0800 lvl=trce msg="Promoted queued transactions"           count=1
t=2023-06-02T16:09:00+0800 lvl=trce msg="Pooled new future transaction"          hash=0x09b48faa4e6e5e171892e408ace65f8848d37dd3642b0164d712278ba147cf75 from=0x66e0851F1a162869024b4C9f6b1C4Fc5cb4832F1 to=0x0000000000000000000000000000000000000000
t=2023-06-02T16:09:00+0800 lvl=trce msg="Removed old queued transactions"        count=0
t=2023-06-02T16:09:00+0800 lvl=trce msg="Removed unpayable queued transactions"  count=0
t=2023-06-02T16:09:00+0800 lvl=trce msg="Promoted queued transactions"           count=0
t=2023-06-02T16:09:00+0800 lvl=trce msg="Pooled new future transaction"          hash=0xafa0330867d04b565e2a5cb2a7525a44383b5ab8aea55a23bb856aaa34053d81 from=0x7628e7c918DAaf4dfbF615023fDBcF72b8479bCe to=0x0000000000000000000000000000000000000000
t=2023-06-02T16:09:00+0800 lvl=trce msg="Removed old queued transactions"        count=0
t=2023-06-02T16:09:00+0800 lvl=trce msg="Removed unpayable queued transactions"  count=0
t=2023-06-02T16:09:00+0800 lvl=trce msg="Promoted queued transactions"           count=1
t=2023-06-02T16:09:00+0800 lvl=trce msg="Pooled new future transaction"          hash=0x5b6040a6338a74ca0f1270df5f5bcff13517caed8f5510c95a2141ee069247c0 from=0x7628e7c918DAaf4dfbF615023fDBcF72b8479bCe to=0x0000000000000000000000000000000000000000
t=2023-06-02T16:09:00+0800 lvl=trce msg="Removed old queued transactions"        count=0
t=2023-06-02T16:09:00+0800 lvl=trce msg="Removed unpayable queued transactions"  count=0
t=2023-06-02T16:09:00+0800 lvl=trce msg="Promoted queued transactions"           count=0
t=2023-06-02T16:09:00+0800 lvl=trce msg="Pooled new future transaction"          hash=0x995f95c0d495eb56e790ef1e9c251eb1a14c85be9cdfdd478723823397dd4213 from=0x66e0851F1a162869024b4C9f6b1C4Fc5cb4832F1 to=0x0000000000000000000000000000000000000000
t=2023-06-02T16:09:00+0800 lvl=trce msg="Removed old queued transactions"        count=0
t=2023-06-02T16:09:00+0800 lvl=trce msg="Removed unpayable queued transactions"  count=0
t=2023-06-02T16:09:00+0800 lvl=trce msg="Promoted queued transactions"           count=1
t=2023-06-02T16:09:00+0800 lvl=trce msg="Pooled new future transaction"          hash=0xece63f973096544b8240d28d6bc300fe400ce65271a95b1e3fd37be444983392 from=0x66e0851F1a162869024b4C9f6b1C4Fc5cb4832F1 to=0x0000000000000000000000000000000000000000
t=2023-06-02T16:09:00+0800 lvl=trce msg="Removed old queued transactions"        count=0
t=2023-06-02T16:09:00+0800 lvl=trce msg="Removed unpayable queued transactions"  count=0
t=2023-06-02T16:09:00+0800 lvl=trce msg="Promoted queued transactions"           count=0
t=2023-06-02T16:09:00+0800 lvl=trce msg="Pooled new future transaction"          hash=0x4bb30e47f2baec029611af2950a0a8764da51dd6776aaddefb1d7493f4a81543 from=0x7628e7c918DAaf4dfbF615023fDBcF72b8479bCe to=0x0000000000000000000000000000000000000000
t=2023-06-02T16:09:00+0800 lvl=trce msg="Removed old queued transactions"        count=0
t=2023-06-02T16:09:00+0800 lvl=trce msg="Removed unpayable queued transactions"  count=0
t=2023-06-02T16:09:00+0800 lvl=trce msg="Promoted queued transactions"           count=1
t=2023-06-02T16:09:00+0800 lvl=trce msg="Pooled new future transaction"          hash=0x1c0126900c5783038afc6cbc3bdab2dcc5622627ab8eb9df983b62fb4252e1ed from=0x7628e7c918DAaf4dfbF615023fDBcF72b8479bCe to=0x0000000000000000000000000000000000000000
t=2023-06-02T16:09:00+0800 lvl=trce msg="Removed old queued transactions"        count=0
t=2023-06-02T16:09:00+0800 lvl=trce msg="Removed unpayable queued transactions"  count=0
t=2023-06-02T16:09:00+0800 lvl=trce msg="Promoted queued transactions"           count=0
t=2023-06-02T16:09:00+0800 lvl=trce msg="Pooled new future transaction"          hash=0xa0393239d1004a4d2db6fb9cea59880fc6b61420938ada6f6c97be6c1a3c7f65 from=0x66e0851F1a162869024b4C9f6b1C4Fc5cb4832F1 to=0x0000000000000000000000000000000000000000
t=2023-06-02T16:09:00+0800 lvl=trce msg="Removed old queued transactions"        count=0
t=2023-06-02T16:09:00+0800 lvl=trce msg="Removed unpayable queued transactions"  count=0
t=2023-06-02T16:09:00+0800 lvl=trce msg="Promoted queued transactions"           count=1
t=2023-06-02T16:09:00+0800 lvl=trce msg="Pooled new future transaction"          hash=0x72c802e06860f29e0943b06799f0a03c9d516d4e0e2ddfb0a8880fa8246e80bc from=0x66e0851F1a162869024b4C9f6b1C4Fc5cb4832F1 to=0x0000000000000000000000000000000000000000
t=2023-06-02T16:09:00+0800 lvl=trce msg="Removed old queued transactions"        count=0
t=2023-06-02T16:09:00+0800 lvl=trce msg="Removed unpayable queued transactions"  count=0
t=2023-06-02T16:09:00+0800 lvl=trce msg="Promoted queued transactions"           count=0
t=2023-06-02T16:09:00+0800 lvl=trce msg="Pooled new future transaction"          hash=0xcb0a6b8d8d0a73b5e75e2a5bc92a73d919d27a3253e011b199f3a7fff64c47eb from=0x7628e7c918DAaf4dfbF615023fDBcF72b8479bCe to=0x0000000000000000000000000000000000000000
t=2023-06-02T16:09:00+0800 lvl=trce msg="Removed old queued transactions"        count=0
t=2023-06-02T16:09:00+0800 lvl=trce msg="Removed unpayable queued transactions"  count=0
t=2023-06-02T16:09:00+0800 lvl=trce msg="Promoted queued transactions"           count=1
t=2023-06-02T16:09:00+0800 lvl=trce msg="Pooled new future transaction"          hash=0x5a8aeffb9f70dc214c3779e619613dbbb624e19f82e90a558ec010638c0293d5 from=0x7628e7c918DAaf4dfbF615023fDBcF72b8479bCe to=0x0000000000000000000000000000000000000000
t=2023-06-02T16:09:00+0800 lvl=trce msg="Removed old queued transactions"        count=0
t=2023-06-02T16:09:00+0800 lvl=trce msg="Removed unpayable queued transactions"  count=0
t=2023-06-02T16:09:00+0800 lvl=trce msg="Promoted queued transactions"           count=0
t=2023-06-02T16:09:00+0800 lvl=trce msg="Pooled new future transaction"          hash=0x1a1b4ad80735946b90c61db1d9a69d8d8f8e6205e46916a39c294b81f813236f from=0x66e0851F1a162869024b4C9f6b1C4Fc5cb4832F1 to=0x0000000000000000000000000000000000000000
t=2023-06-02T16:09:00+0800 lvl=trce msg="Removed old queued transactions"        count=0
t=2023-06-02T16:09:00+0800 lvl=trce msg="Removed unpayable queued transactions"  count=0
t=2023-06-02T16:09:00+0800 lvl=trce msg="Promoted queued transactions"           count=1
t=2023-06-02T16:09:00+0800 lvl=trce msg="Pooled new future transaction"          hash=0x06c8dee866214bd18de6d42409b02c0d0cb782d31f38e664e1bcfe96c7608f15 from=0x66e0851F1a162869024b4C9f6b1C4Fc5cb4832F1 to=0x0000000000000000000000000000000000000000
t=2023-06-02T16:09:00+0800 lvl=trce msg="Removed old queued transactions"        count=0
t=2023-06-02T16:09:00+0800 lvl=trce msg="Removed unpayable queued transactions"  count=0
t=2023-06-02T16:09:00+0800 lvl=trce msg="Promoted queued transactions"           count=0
t=2023-06-02T16:09:00+0800 lvl=trce msg="Pooled new future transaction"          hash=0xb93c0312b98551fc4fc7a414fec06d0e76a0892ea80f07830a3d7ddf1def1d3f from=0x7628e7c918DAaf4dfbF615023fDBcF72b8479bCe to=0x0000000000000000000000000000000000000000
t=2023-06-02T16:09:00+0800 lvl=trce msg="Removed old queued transactions"        count=0
t=2023-06-02T16:09:00+0800 lvl=trce msg="Removed unpayable queued transactions"  count=0
t=2023-06-02T16:09:00+0800 lvl=trce msg="Promoted queued transactions"           count=1
t=2023-06-02T16:09:00+0800 lvl=trce msg="Pooled new future transaction"          hash=0x33cbaf7e2f13ca5968152dbeee80f6686924b71db0950e763a4e35c100070d10 from=0x7628e7c918DAaf4dfbF615023fDBcF72b8479bCe to=0x0000000000000000000000000000000000000000
t=2023-06-02T16:09:00+0800 lvl=trce msg="Removed old queued transactions"        count=0
t=2023-06-02T16:09:00+0800 lvl=trce msg="Removed unpayable queued transactions"  count=0
t=2023-06-02T16:09:00+0800 lvl=trce msg="Promoted queued transactions"           count=0
t=2023-06-02T16:09:00+0800 lvl=trce msg="Pooled new future transaction"          hash=0xa5fb270e4d55b7c994d271059a81e8f41af98c3fa9a35210e03602ccdb87dc1e from=0x66e0851F1a162869024b4C9f6b1C4Fc5cb4832F1 to=0x0000000000000000000000000000000000000000
t=2023-06-02T16:09:00+0800 lvl=trce msg="Removed old queued transactions"        count=0
t=2023-06-02T16:09:00+0800 lvl=trce msg="Removed unpayable queued transactions"  count=0
t=2023-06-02T16:09:00+0800 lvl=trce msg="Promoted queued transactions"           count=1
t=2023-06-02T16:09:00+0800 lvl=trce msg="Pooled new future transaction"          hash=0x6dfc60dc655162955913af487d879fb2d58a34a8edce0cf27d3641720857e010 from=0x66e0851F1a162869024b4C9f6b1C4Fc5cb4832F1 to=0x0000000000000000000000000000000000000000
t=2023-06-02T16:09:00+0800 lvl=trce msg="Removed old queued transactions"        count=0
t=2023-06-02T16:09:00+0800 lvl=trce msg="Removed unpayable queued transactions"  count=0
t=2023-06-02T16:09:00+0800 lvl=trce msg="Promoted queued transactions"           count=0
t=2023-06-02T16:09:00+0800 lvl=trce msg="Pooled new future transaction"          hash=0xcc788b8a603c9a726215aa6236b60d343b02cc1edc4d99527f39cb1f7c20aab2 from=0x7628e7c918DAaf4dfbF615023fDBcF72b8479bCe to=0x0000000000000000000000000000000000000000
t=2023-06-02T16:09:00+0800 lvl=trce msg="Removed old queued transactions"        count=0
t=2023-06-02T16:09:00+0800 lvl=trce msg="Removed unpayable queued transactions"  count=0
t=2023-06-02T16:09:00+0800 lvl=trce msg="Promoted queued transactions"           count=1
t=2023-06-02T16:09:00+0800 lvl=trce msg="Pooled new future transaction"          hash=0xfed37a53dfb533baa4449324ea053d616b282066e7f02c1c30c992ab61386877 from=0x7628e7c918DAaf4dfbF615023fDBcF72b8479bCe to=0x0000000000000000000000000000000000000000
t=2023-06-02T16:09:00+0800 lvl=trce msg="Removed old queued transactions"        count=0
t=2023-06-02T16:09:00+0800 lvl=trce msg="Removed unpayable queued transactions"  count=0
t=2023-06-02T16:09:00+0800 lvl=trce msg="Promoted queued transactions"           count=0
t=2023-06-02T16:09:00+0800 lvl=trce msg="Pooled new future transaction"          hash=0x5f00b95ccf2b1c9a6143b661ea8ca402b1993ca064e7b04291c99d0e534637f3 from=0x66e0851F1a162869024b4C9f6b1C4Fc5cb4832F1 to=0x0000000000000000000000000000000000000000
t=2023-06-02T16:09:00+0800 lvl=trce msg="Removed old queued transactions"        count=0
t=2023-06-02T16:09:00+0800 lvl=trce msg="Removed unpayable queued transactions"  count=0
t=2023-06-02T16:09:00+0800 lvl=trce msg="Promoted queued transactions"           count=1
t=2023-06-02T16:09:00+0800 lvl=trce msg="Pooled new future transaction"          hash=0x9a6b708450e5a08c161e8d83b9fd5613b4259576cd7802e7663b9955650eb4fb from=0x66e0851F1a162869024b4C9f6b1C4Fc5cb4832F1 to=0x0000000000000000000000000000000000000000
t=2023-06-02T16:09:00+0800 lvl=trce msg="Removed old queued transactions"        count=0
t=2023-06-02T16:09:00+0800 lvl=trce msg="Removed unpayable queued transactions"  count=0
t=2023-06-02T16:09:00+0800 lvl=trce msg="Promoted queued transactions"           count=0
t=2023-06-02T16:09:00+0800 lvl=trce msg="Pooled new future transaction"          hash=0x75cceb0a905391a78c8265feffcdf715600d000fd31509f41dcf6d5fee09543d from=0x7628e7c918DAaf4dfbF615023fDBcF72b8479bCe to=0x0000000000000000000000000000000000000000
t=2023-06-02T16:09:00+0800 lvl=trce msg="Removed old queued transactions"        count=0
t=2023-06-02T16:09:00+0800 lvl=trce msg="Removed unpayable queued transactions"  count=0
t=2023-06-02T16:09:00+0800 lvl=trce msg="Promoted queued transactions"           count=1
t=2023-06-02T16:09:00+0800 lvl=trce msg="Pooled new future transaction"          hash=0x75f054b6feaa7ac9ed1f856d26b3c0fc4a329e041b8c1f88c6ab7ebc633cd507 from=0x7628e7c918DAaf4dfbF615023fDBcF72b8479bCe to=0x0000000000000000000000000000000000000000
t=2023-06-02T16:09:00+0800 lvl=trce msg="Removed old queued transactions"        count=0
t=2023-06-02T16:09:00+0800 lvl=trce msg="Removed unpayable queued transactions"  count=0
t=2023-06-02T16:09:00+0800 lvl=trce msg="Promoted queued transactions"           count=0
t=2023-06-02T16:09:00+0800 lvl=trce msg="Pooled new future transaction"          hash=0x63f0add36b98424f818305251959c3ae7d69ca3b8a1601bc5445acccf73b0bce from=0x66e0851F1a162869024b4C9f6b1C4Fc5cb4832F1 to=0x0000000000000000000000000000000000000000
t=2023-06-02T16:09:00+0800 lvl=trce msg="Removed old queued transactions"        count=0
t=2023-06-02T16:09:00+0800 lvl=trce msg="Removed unpayable queued transactions"  count=0
t=2023-06-02T16:09:00+0800 lvl=trce msg="Promoted queued transactions"           count=1
t=2023-06-02T16:09:00+0800 lvl=trce msg="Pooled new future transaction"          hash=0x39436b48cecc9dcabd46f2dbbdf0b0217d50463cf7d9cdb2e46f89d14cc487ae from=0x66e0851F1a162869024b4C9f6b1C4Fc5cb4832F1 to=0x0000000000000000000000000000000000000000
t=2023-06-02T16:09:00+0800 lvl=trce msg="Removed old queued transactions"        count=0
t=2023-06-02T16:09:00+0800 lvl=trce msg="Removed unpayable queued transactions"  count=0
t=2023-06-02T16:09:00+0800 lvl=trce msg="Promoted queued transactions"           count=0
t=2023-06-02T16:09:00+0800 lvl=trce msg="Pooled new future transaction"          hash=0x2125b9115513db3022417f4b3b57704f45f0b7e21696c0ad8ee0daa7aec0b04d from=0x7628e7c918DAaf4dfbF615023fDBcF72b8479bCe to=0x0000000000000000000000000000000000000000
t=2023-06-02T16:09:00+0800 lvl=trce msg="Removed old queued transactions"        count=0
t=2023-06-02T16:09:00+0800 lvl=trce msg="Removed unpayable queued transactions"  count=0
t=2023-06-02T16:09:00+0800 lvl=trce msg="Promoted queued transactions"           count=1
t=2023-06-02T16:09:00+0800 lvl=trce msg="Pooled new future transaction"          hash=0x810d858ac682c00ae59bcdf6fce53c7dc10bc0deb337dc08656af03ead26f18c from=0x7628e7c918DAaf4dfbF615023fDBcF72b8479bCe to=0x0000000000000000000000000000000000000000
t=2023-06-02T16:09:00+0800 lvl=trce msg="Removed old queued transactions"        count=0
t=2023-06-02T16:09:00+0800 lvl=trce msg="Removed unpayable queued transactions"  count=0
t=2023-06-02T16:09:00+0800 lvl=trce msg="Promoted queued transactions"           count=0
t=2023-06-02T16:09:00+0800 lvl=trce msg="Pooled new future transaction"          hash=0xdaf08222806e92f1a1f9d0c3268e2dd6f9fa6a97ae00ae9675da22083c76650a from=0x66e0851F1a162869024b4C9f6b1C4Fc5cb4832F1 to=0x0000000000000000000000000000000000000000
t=2023-06-02T16:09:00+0800 lvl=trce msg="Removed old queued transactions"        count=0
t=2023-06-02T16:09:00+0800 lvl=trce msg="Removed unpayable queued transactions"  count=0
t=2023-06-02T16:09:00+0800 lvl=trce msg="Promoted queued transactions"           count=1
t=2023-06-02T16:09:00+0800 lvl=trce msg="Pooled new future transaction"          hash=0xf4c31fe789224c6551f6491ea89accd0acce1f4c1e7e1eb460daecd285273d0d from=0x66e0851F1a162869024b4C9f6b1C4Fc5cb4832F1 to=0x0000000000000000000000000000000000000000
t=2023-06-02T16:09:00+0800 lvl=trce msg="Removed old queued transactions"        count=0
t=2023-06-02T16:09:00+0800 lvl=trce msg="Removed unpayable queued transactions"  count=0
t=2023-06-02T16:09:00+0800 lvl=trce msg="Promoted queued transactions"           count=0
t=2023-06-02T16:09:00+0800 lvl=trce msg="Pooled new future transaction"          hash=0x29dadddb8bb8a220e77ff32d987d892245a1bbb5a8e68e5d9370a22a3708058c from=0x7628e7c918DAaf4dfbF615023fDBcF72b8479bCe to=0x0000000000000000000000000000000000000000
t=2023-06-02T16:09:00+0800 lvl=trce msg="Removed old queued transactions"        count=0
t=2023-06-02T16:09:00+0800 lvl=trce msg="Removed unpayable queued transactions"  count=0
t=2023-06-02T16:09:00+0800 lvl=trce msg="Promoted queued transactions"           count=1
t=2023-06-02T16:09:00+0800 lvl=trce msg="Pooled new future transaction"          hash=0xac46ff0044446111815fc79d467a04c2c59a205a65d42de3d1274c644cb25f64 from=0x7628e7c918DAaf4dfbF615023fDBcF72b8479bCe to=0x0000000000000000000000000000000000000000
t=2023-06-02T16:09:00+0800 lvl=trce msg="Removed old queued transactions"        count=0
t=2023-06-02T16:09:00+0800 lvl=trce msg="Removed unpayable queued transactions"  count=0
t=2023-06-02T16:09:00+0800 lvl=trce msg="Promoted queued transactions"           count=0
t=2023-06-02T16:09:00+0800 lvl=trce msg="Pooled new future transaction"          hash=0x2709ac8859ce776526d9f96f6f23869f14905e6738eaa836f75f30340d7ff924 from=0x66e0851F1a162869024b4C9f6b1C4Fc5cb4832F1 to=0x0000000000000000000000000000000000000000
t=2023-06-02T16:09:00+0800 lvl=trce msg="Removed old queued transactions"        count=0
t=2023-06-02T16:09:00+0800 lvl=trce msg="Removed unpayable queued transactions"  count=0
t=2023-06-02T16:09:00+0800 lvl=trce msg="Promoted queued transactions"           count=1
t=2023-06-02T16:09:00+0800 lvl=trce msg="Pooled new future transaction"          hash=0xaaf432390ed5cde464b401895e55f4f982db7704a2d3efc7780ec641cc953bcc from=0x66e0851F1a162869024b4C9f6b1C4Fc5cb4832F1 to=0x0000000000000000000000000000000000000000
t=2023-06-02T16:09:00+0800 lvl=trce msg="Removed old queued transactions"        count=0
t=2023-06-02T16:09:00+0800 lvl=trce msg="Removed unpayable queued transactions"  count=0
t=2023-06-02T16:09:00+0800 lvl=trce msg="Promoted queued transactions"           count=0
t=2023-06-02T16:09:00+0800 lvl=trce msg="Pooled new future transaction"          hash=0x70fedffb04a273ec117b7dcffa586162d1453c493439167a976264f2d2e81a21 from=0x7628e7c918DAaf4dfbF615023fDBcF72b8479bCe to=0x0000000000000000000000000000000000000000
t=2023-06-02T16:09:00+0800 lvl=trce msg="Removed old queued transactions"        count=0
t=2023-06-02T16:09:00+0800 lvl=trce msg="Removed unpayable queued transactions"  count=0
t=2023-06-02T16:09:00+0800 lvl=trce msg="Promoted queued transactions"           count=1
t=2023-06-02T16:09:00+0800 lvl=trce msg="Pooled new future transaction"          hash=0x09ad58b18cbc6b273ef0b415394c21c3e02ee902f82e7142f83e0e211726ef3e from=0x7628e7c918DAaf4dfbF615023fDBcF72b8479bCe to=0x0000000000000000000000000000000000000000
t=2023-06-02T16:09:00+0800 lvl=trce msg="Removed old queued transactions"        count=0
t=2023-06-02T16:09:00+0800 lvl=trce msg="Removed unpayable queued transactions"  count=0
t=2023-06-02T16:09:00+0800 lvl=trce msg="Promoted queued transactions"           count=0
t=2023-06-02T16:09:00+0800 lvl=trce msg="Pooled new future transaction"          hash=0x111070b8d25bfc54aa240270eec9ea531d6b6da38986b2810b3011ef3987d510 from=0x66e0851F1a162869024b4C9f6b1C4Fc5cb4832F1 to=0x0000000000000000000000000000000000000000
t=2023-06-02T16:09:00+0800 lvl=trce msg="Removed old queued transactions"        count=0
t=2023-06-02T16:09:00+0800 lvl=trce msg="Removed unpayable queued transactions"  count=0
t=2023-06-02T16:09:00+0800 lvl=trce msg="Promoted queued transactions"           count=1
t=2023-06-02T16:09:00+0800 lvl=trce msg="Pooled new future transaction"          hash=0x002a52ef324e5d922a551eb8dbdd50b7afb5f75403e5eb46649e66fbd4c07e52 from=0x66e0851F1a162869024b4C9f6b1C4Fc5cb4832F1 to=0x0000000000000000000000000000000000000000
t=2023-06-02T16:09:00+0800 lvl=trce msg="Removed old queued transactions"        count=0
t=2023-06-02T16:09:00+0800 lvl=trce msg="Removed unpayable queued transactions"  count=0
t=2023-06-02T16:09:00+0800 lvl=trce msg="Promoted queued transactions"           count=0
t=2023-06-02T16:09:00+0800 lvl=trce msg="Pooled new future transaction"          hash=0x24e937af7ef4af91b35bb669052a73ab443bb5b122682e4149974ef6b0e8ec5e from=0x7628e7c918DAaf4dfbF615023fDBcF72b8479bCe to=0x0000000000000000000000000000000000000000
t=2023-06-02T16:09:00+0800 lvl=trce msg="Removed old queued transactions"        count=0
t=2023-06-02T16:09:00+0800 lvl=trce msg="Removed unpayable queued transactions"  count=0
t=2023-06-02T16:09:00+0800 lvl=trce msg="Promoted queued transactions"           count=1
t=2023-06-02T16:09:00+0800 lvl=trce msg="Pooled new future transaction"          hash=0x34a44133d5d5a970a9da66a7f8cd532dd9baceb5e8ff64057ad896a946c4f9d2 from=0x7628e7c918DAaf4dfbF615023fDBcF72b8479bCe to=0x0000000000000000000000000000000000000000
t=2023-06-02T16:09:00+0800 lvl=trce msg="Removed old queued transactions"        count=0
t=2023-06-02T16:09:00+0800 lvl=trce msg="Removed unpayable queued transactions"  count=0
t=2023-06-02T16:09:00+0800 lvl=trce msg="Promoted queued transactions"           count=0
t=2023-06-02T16:09:00+0800 lvl=trce msg="Pooled new future transaction"          hash=0xade4a440c9f51da6e534dcd3367b20c43bba86b66297b570fdaa57c922c1e899 from=0x66e0851F1a162869024b4C9f6b1C4Fc5cb4832F1 to=0x0000000000000000000000000000000000000000
t=2023-06-02T16:09:00+0800 lvl=trce msg="Removed old queued transactions"        count=0
t=2023-06-02T16:09:00+0800 lvl=trce msg="Removed unpayable queued transactions"  count=0
t=2023-06-02T16:09:00+0800 lvl=trce msg="Promoted queued transactions"           count=1
t=2023-06-02T16:09:00+0800 lvl=trce msg="Pooled new future transaction"          hash=0xb17222e62942e53744fffa288f99eae56ffcfb11ac9f669fe2dd88c4543ea142 from=0x66e0851F1a162869024b4C9f6b1C4Fc5cb4832F1 to=0x0000000000000000000000000000000000000000
t=2023-06-02T16:09:00+0800 lvl=trce msg="Removed old queued transactions"        count=0
t=2023-06-02T16:09:00+0800 lvl=trce msg="Removed unpayable queued transactions"  count=0
t=2023-06-02T16:09:00+0800 lvl=trce msg="Promoted queued transactions"           count=0
t=2023-06-02T16:09:00+0800 lvl=trce msg="Pooled new future transaction"          hash=0xf1fd35827ec3f5a68041d71b6f0f3839d3f78bc0b1e77b8d4978bb125a26081e from=0x7628e7c918DAaf4dfbF615023fDBcF72b8479bCe to=0x0000000000000000000000000000000000000000
t=2023-06-02T16:09:00+0800 lvl=trce msg="Removed old queued transactions"        count=0
t=2023-06-02T16:09:00+0800 lvl=trce msg="Removed unpayable queued transactions"  count=0
t=2023-06-02T16:09:00+0800 lvl=trce msg="Promoted queued transactions"           count=1
t=2023-06-02T16:09:00+0800 lvl=trce msg="Pooled new future transaction"          hash=0x8bbf5f4da14fe320c2ccc3e7343e68768dda5c2e580811f732a5d421b1d0de8b from=0x7628e7c918DAaf4dfbF615023fDBcF72b8479bCe to=0x0000000000000000000000000000000000000000
t=2023-06-02T16:09:00+0800 lvl=trce msg="Removed old queued transactions"        count=0
t=2023-06-02T16:09:00+0800 lvl=trce msg="Removed unpayable queued transactions"  count=0
t=2023-06-02T16:09:00+0800 lvl=trce msg="Promoted queued transactions"           count=0
t=2023-06-02T16:09:00+0800 lvl=trce msg="Pooled new future transaction"          hash=0x65c64822167e271f2ebaf8b3c328b060eb273a7fb7e9bf181d297072efd6d2ae from=0x66e0851F1a162869024b4C9f6b1C4Fc5cb4832F1 to=0x0000000000000000000000000000000000000000
t=2023-06-02T16:09:00+0800 lvl=trce msg="Removed old queued transactions"        count=0
t=2023-06-02T16:09:00+0800 lvl=trce msg="Removed unpayable queued transactions"  count=0
t=2023-06-02T16:09:00+0800 lvl=trce msg="Promoted queued transactions"           count=1
t=2023-06-02T16:09:00+0800 lvl=trce msg="Pooled new future transaction"          hash=0x6bb66757fa3cfdfaaeeb460a37ea730bb70082f35a8a17ef0eda10ad36f51a74 from=0x66e0851F1a162869024b4C9f6b1C4Fc5cb4832F1 to=0x0000000000000000000000000000000000000000
t=2023-06-02T16:09:00+0800 lvl=trce msg="Removed old queued transactions"        count=0
t=2023-06-02T16:09:00+0800 lvl=trce msg="Removed unpayable queued transactions"  count=0
t=2023-06-02T16:09:00+0800 lvl=trce msg="Promoted queued transactions"           count=0
t=2023-06-02T16:09:00+0800 lvl=trce msg="Pooled new future transaction"          hash=0xdf575377ab980dde22a67ae43ba5a6214216256b400ac8278fe664df60c003f4 from=0x7628e7c918DAaf4dfbF615023fDBcF72b8479bCe to=0x0000000000000000000000000000000000000000
t=2023-06-02T16:09:00+0800 lvl=trce msg="Removed old queued transactions"        count=0
t=2023-06-02T16:09:00+0800 lvl=trce msg="Removed unpayable queued transactions"  count=0
t=2023-06-02T16:09:00+0800 lvl=trce msg="Promoted queued transactions"           count=1
t=2023-06-02T16:09:00+0800 lvl=trce msg="Pooled new future transaction"          hash=0x4ec929aba49d131659dcb59b4d336a44cd9650106330b01f7fcdabe1b42aa51c from=0x7628e7c918DAaf4dfbF615023fDBcF72b8479bCe to=0x0000000000000000000000000000000000000000
t=2023-06-02T16:09:00+0800 lvl=trce msg="Removed old queued transactions"        count=0
t=2023-06-02T16:09:00+0800 lvl=trce msg="Removed unpayable queued transactions"  count=0
t=2023-06-02T16:09:00+0800 lvl=trce msg="Promoted queued transactions"           count=0
t=2023-06-02T16:09:00+0800 lvl=trce msg="Pooled new future transaction"          hash=0x3ab1d6514a77f40374487b48474cff400b4be5f956c0c9d9feba7079c1baf016 from=0x66e0851F1a162869024b4C9f6b1C4Fc5cb4832F1 to=0x0000000000000000000000000000000000000000
t=2023-06-02T16:09:00+0800 lvl=trce msg="Removed old queued transactions"        count=0
t=2023-06-02T16:09:00+0800 lvl=trce msg="Removed unpayable queued transactions"  count=0
t=2023-06-02T16:09:00+0800 lvl=trce msg="Promoted queued transactions"           count=1
t=2023-06-02T16:09:00+0800 lvl=trce msg="Pooled new future transaction"          hash=0x7524470c3f6536afb9db06c0352c121f2eedc96cccda16cd60e11e9887de7b75 from=0x66e0851F1a162869024b4C9f6b1C4Fc5cb4832F1 to=0x0000000000000000000000000000000000000000
t=2023-06-02T16:09:00+0800 lvl=trce msg="Removed old queued transactions"        count=0
t=2023-06-02T16:09:00+0800 lvl=trce msg="Removed unpayable queued transactions"  count=0
t=2023-06-02T16:09:00+0800 lvl=trce msg="Promoted queued transactions"           count=0
t=2023-06-02T16:09:00+0800 lvl=trce msg="Pooled new future transaction"          hash=0xa1ec4d2367618e12b1e4f495242863e589c44c753e9e865dbbaf4738d39b1d7e from=0x7628e7c918DAaf4dfbF615023fDBcF72b8479bCe to=0x0000000000000000000000000000000000000000
t=2023-06-02T16:09:00+0800 lvl=trce msg="Removed old queued transactions"        count=0
t=2023-06-02T16:09:00+0800 lvl=trce msg="Removed unpayable queued transactions"  count=0
t=2023-06-02T16:09:00+0800 lvl=trce msg="Promoted queued transactions"           count=1
t=2023-06-02T16:09:00+0800 lvl=trce msg="Pooled new future transaction"          hash=0xd6df8b757cbc59831cd30b2e5f10239cc1408c5c877d87149e07a95a9f43d297 from=0x7628e7c918DAaf4dfbF615023fDBcF72b8479bCe to=0x0000000000000000000000000000000000000000
t=2023-06-02T16:09:00+0800 lvl=trce msg="Removed old queued transactions"        count=0
t=2023-06-02T16:09:00+0800 lvl=trce msg="Removed unpayable queued transactions"  count=0
t=2023-06-02T16:09:00+0800 lvl=trce msg="Promoted queued transactions"           count=0
t=2023-06-02T16:09:00+0800 lvl=trce msg="Pooled new future transaction"          hash=0x0aeacf5789dcdd57660b532087e5b7f37cfd12dac23a028fed7ce693078998a5 from=0x66e0851F1a162869024b4C9f6b1C4Fc5cb4832F1 to=0x0000000000000000000000000000000000000000
t=2023-06-02T16:09:00+0800 lvl=trce msg="Removed old queued transactions"        count=0
t=2023-06-02T16:09:00+0800 lvl=trce msg="Removed unpayable queued transactions"  count=0
t=2023-06-02T16:09:00+0800 lvl=trce msg="Promoted queued transactions"           count=1
t=2023-06-02T16:09:00+0800 lvl=trce msg="Pooled new future transaction"          hash=0xaf4e0ef6a919aad0c2cd08c6e9b3a6bd197a0f7489dad68f1afb8ee357ef6e50 from=0x66e0851F1a162869024b4C9f6b1C4Fc5cb4832F1 to=0x0000000000000000000000000000000000000000
t=2023-06-02T16:09:00+0800 lvl=trce msg="Removed old queued transactions"        count=0
t=2023-06-02T16:09:00+0800 lvl=trce msg="Removed unpayable queued transactions"  count=0
t=2023-06-02T16:09:00+0800 lvl=trce msg="Promoted queued transactions"           count=0
t=2023-06-02T16:09:00+0800 lvl=trce msg="Pooled new future transaction"          hash=0x27a1271fbe3d194cb4899c0ab7ebe067f0f43397c980e1e98eec67566518feb9 from=0x7628e7c918DAaf4dfbF615023fDBcF72b8479bCe to=0x0000000000000000000000000000000000000000
t=2023-06-02T16:09:00+0800 lvl=trce msg="Removed old queued transactions"        count=0
t=2023-06-02T16:09:00+0800 lvl=trce msg="Removed unpayable queued transactions"  count=0
t=2023-06-02T16:09:00+0800 lvl=trce msg="Promoted queued transactions"           count=1
t=2023-06-02T16:09:00+0800 lvl=trce msg="Pooled new future transaction"          hash=0x7ad03961919a6741092e1ac42b8e029c25c5c53af7251b515d8fc4bb3ecd1b30 from=0x7628e7c918DAaf4dfbF615023fDBcF72b8479bCe to=0x0000000000000000000000000000000000000000
t=2023-06-02T16:09:00+0800 lvl=trce msg="Removed old queued transactions"        count=0
t=2023-06-02T16:09:00+0800 lvl=trce msg="Removed unpayable queued transactions"  count=0
t=2023-06-02T16:09:00+0800 lvl=trce msg="Promoted queued transactions"           count=0
t=2023-06-02T16:09:00+0800 lvl=trce msg="Pooled new future transaction"          hash=0x3e5c078d85eea196961143564219f681d4b3b79cc7cea38c935b346be8ae8d80 from=0x66e0851F1a162869024b4C9f6b1C4Fc5cb4832F1 to=0x0000000000000000000000000000000000000000
t=2023-06-02T16:09:00+0800 lvl=trce msg="Removed old queued transactions"        count=0
t=2023-06-02T16:09:00+0800 lvl=trce msg="Removed unpayable queued transactions"  count=0
t=2023-06-02T16:09:00+0800 lvl=trce msg="Promoted queued transactions"           count=1
t=2023-06-02T16:09:00+0800 lvl=trce msg="Pooled new future transaction"          hash=0xc6bf5a58cc9a26943930d2de40f107223cd72ea0392156a5de6fd497e29d089d from=0x66e0851F1a162869024b4C9f6b1C4Fc5cb4832F1 to=0x0000000000000000000000000000000000000000
t=2023-06-02T16:09:00+0800 lvl=trce msg="Removed old queued transactions"        count=0
t=2023-06-02T16:09:00+0800 lvl=trce msg="Removed unpayable queued transactions"  count=0
t=2023-06-02T16:09:00+0800 lvl=trce msg="Promoted queued transactions"           count=0
t=2023-06-02T16:09:00+0800 lvl=trce msg="Pooled new future transaction"          hash=0x866e9e73209d765ec43a890b25696615f6798acb0f62ebc5c638044fde7a2312 from=0x7628e7c918DAaf4dfbF615023fDBcF72b8479bCe to=0x0000000000000000000000000000000000000000
t=2023-06-02T16:09:00+0800 lvl=trce msg="Removed old queued transactions"        count=0
t=2023-06-02T16:09:00+0800 lvl=trce msg="Removed unpayable queued transactions"  count=0
t=2023-06-02T16:09:00+0800 lvl=trce msg="Promoted queued transactions"           count=1
t=2023-06-02T16:09:00+0800 lvl=trce msg="Pooled new future transaction"          hash=0xfe0af8037e9fb3dd69abae46bd35259c65811377a332dd4514e199031d34346d from=0x7628e7c918DAaf4dfbF615023fDBcF72b8479bCe to=0x0000000000000000000000000000000000000000
t=2023-06-02T16:09:00+0800 lvl=trce msg="Removed old queued transactions"        count=0
t=2023-06-02T16:09:00+0800 lvl=trce msg="Removed unpayable queued transactions"  count=0
t=2023-06-02T16:09:00+0800 lvl=trce msg="Promoted queued transactions"           count=0
t=2023-06-02T16:09:00+0800 lvl=trce msg="Pooled new future transaction"          hash=0x572e2a413436ccd1a9643b121c50ca25ead09cb08ebc9ad2d4713719bc26227f from=0x66e0851F1a162869024b4C9f6b1C4Fc5cb4832F1 to=0x0000000000000000000000000000000000000000
t=2023-06-02T16:09:00+0800 lvl=trce msg="Removed old queued transactions"        count=0
t=2023-06-02T16:09:00+0800 lvl=trce msg="Removed unpayable queued transactions"  count=0
t=2023-06-02T16:09:00+0800 lvl=trce msg="Promoted queued transactions"           count=1
t=2023-06-02T16:09:00+0800 lvl=trce msg="Pooled new future transaction"          hash=0x45edabd7f92e56994ce8773b74e96346374cd59a91def6b164cbeb7b76208c6b from=0x66e0851F1a162869024b4C9f6b1C4Fc5cb4832F1 to=0x0000000000000000000000000000000000000000
t=2023-06-02T16:09:00+0800 lvl=trce msg="Removed old queued transactions"        count=0
t=2023-06-02T16:09:00+0800 lvl=trce msg="Removed unpayable queued transactions"  count=0
t=2023-06-02T16:09:00+0800 lvl=trce msg="Promoted queued transactions"           count=0
t=2023-06-02T16:09:00+0800 lvl=trce msg="Pooled new future transaction"          hash=0x0559f7acd04e57d3a6598541210f615f29b6f54c9f932bab9cd967332234169b from=0x7628e7c918DAaf4dfbF615023fDBcF72b8479bCe to=0x0000000000000000000000000000000000000000
t=2023-06-02T16:09:00+0800 lvl=trce msg="Removed old queued transactions"        count=0
t=2023-06-02T16:09:00+0800 lvl=trce msg="Removed unpayable queued transactions"  count=0
t=2023-06-02T16:09:00+0800 lvl=trce msg="Promoted queued transactions"           count=1
t=2023-06-02T16:09:00+0800 lvl=trce msg="Pooled new future transaction"          hash=0x83fca7e87f8f631b960d557063e41a163378bda080802bf857e5cd454571cdc2 from=0x7628e7c918DAaf4dfbF615023fDBcF72b8479bCe to=0x0000000000000000000000000000000000000000
t=2023-06-02T16:09:00+0800 lvl=trce msg="Removed old queued transactions"        count=0
t=2023-06-02T16:09:00+0800 lvl=trce msg="Removed unpayable queued transactions"  count=0
t=2023-06-02T16:09:00+0800 lvl=trce msg="Promoted queued transactions"           count=0
t=2023-06-02T16:09:00+0800 lvl=trce msg="Pooled new future transaction"          hash=0x67e8f74118e275c730f6457070ea88df17430db690b8fc7cfed3a0b6fb73f655 from=0x66e0851F1a162869024b4C9f6b1C4Fc5cb4832F1 to=0x0000000000000000000000000000000000000000
t=2023-06-02T16:09:00+0800 lvl=trce msg="Removed old queued transactions"        count=0
t=2023-06-02T16:09:00+0800 lvl=trce msg="Removed unpayable queued transactions"  count=0
t=2023-06-02T16:09:00+0800 lvl=trce msg="Promoted queued transactions"           count=1
t=2023-06-02T16:09:00+0800 lvl=trce msg="Pooled new future transaction"          hash=0xa833f8cfb5e1b7b46b643d3d5080968c5b0a9832f29ccc34dc64549d84e7440c from=0x66e0851F1a162869024b4C9f6b1C4Fc5cb4832F1 to=0x0000000000000000000000000000000000000000
t=2023-06-02T16:09:00+0800 lvl=trce msg="Removed old queued transactions"        count=0
t=2023-06-02T16:09:00+0800 lvl=trce msg="Removed unpayable queued transactions"  count=0
t=2023-06-02T16:09:00+0800 lvl=trce msg="Promoted queued transactions"           count=0
t=2023-06-02T16:09:00+0800 lvl=trce msg="Pooled new future transaction"          hash=0xd8d981f9240abb127bf9e18c501d4a4f1329a3edc6cff986fc19f50d8fd486b1 from=0x7628e7c918DAaf4dfbF615023fDBcF72b8479bCe to=0x0000000000000000000000000000000000000000
t=2023-06-02T16:09:00+0800 lvl=trce msg="Removed old queued transactions"        count=0
t=2023-06-02T16:09:00+0800 lvl=trce msg="Removed unpayable queued transactions"  count=0
t=2023-06-02T16:09:00+0800 lvl=trce msg="Promoted queued transactions"           count=1
t=2023-06-02T16:09:00+0800 lvl=trce msg="Pooled new future transaction"          hash=0x7350499c10a531aaf4a1d9677e1a4dfa2412ace6ae5a02fe80cdcb3bdfd86353 from=0x7628e7c918DAaf4dfbF615023fDBcF72b8479bCe to=0x0000000000000000000000000000000000000000
t=2023-06-02T16:09:00+0800 lvl=trce msg="Removed old queued transactions"        count=0
t=2023-06-02T16:09:00+0800 lvl=trce msg="Removed unpayable queued transactions"  count=0
t=2023-06-02T16:09:00+0800 lvl=trce msg="Promoted queued transactions"           count=0
t=2023-06-02T16:09:00+0800 lvl=trce msg="Pooled new future transaction"          hash=0x92b7e71ba01a9a2207fc7dd8612c3bd0eb316cdaa4d9f09e6437133909a82681 from=0x66e0851F1a162869024b4C9f6b1C4Fc5cb4832F1 to=0x0000000000000000000000000000000000000000
t=2023-06-02T16:09:00+0800 lvl=trce msg="Removed old queued transactions"        count=0
t=2023-06-02T16:09:00+0800 lvl=trce msg="Removed unpayable queued transactions"  count=0
t=2023-06-02T16:09:00+0800 lvl=trce msg="Promoted queued transactions"           count=1
t=2023-06-02T16:09:00+0800 lvl=trce msg="Pooled new future transaction"          hash=0xb00a3d928a50db708f878c22a579651240ba1fd3fdefad4334d63ac246346721 from=0x66e0851F1a162869024b4C9f6b1C4Fc5cb4832F1 to=0x0000000000000000000000000000000000000000
t=2023-06-02T16:09:00+0800 lvl=trce msg="Removed old queued transactions"        count=0
t=2023-06-02T16:09:00+0800 lvl=trce msg="Removed unpayable queued transactions"  count=0
t=2023-06-02T16:09:00+0800 lvl=trce msg="Promoted queued transactions"           count=0
t=2023-06-02T16:09:00+0800 lvl=trce msg="Pooled new future transaction"          hash=0xc7338e922185eb9f660c3fd1d56c33a346570a67ea6415533505715e380aa379 from=0x7628e7c918DAaf4dfbF615023fDBcF72b8479bCe to=0x0000000000000000000000000000000000000000
t=2023-06-02T16:09:00+0800 lvl=trce msg="Removed old queued transactions"        count=0
t=2023-06-02T16:09:00+0800 lvl=trce msg="Removed unpayable queued transactions"  count=0
t=2023-06-02T16:09:00+0800 lvl=trce msg="Promoted queued transactions"           count=1
t=2023-06-02T16:09:00+0800 lvl=trce msg="Pooled new future transaction"          hash=0x2e517c0d100cd9ac90bf4a836b5e16a370c73723ed21fe6b5a26ac0a8c884702 from=0x7628e7c918DAaf4dfbF615023fDBcF72b8479bCe to=0x0000000000000000000000000000000000000000
t=2023-06-02T16:09:00+0800 lvl=trce msg="Removed old queued transactions"        count=0
t=2023-06-02T16:09:00+0800 lvl=trce msg="Removed unpayable queued transactions"  count=0
t=2023-06-02T16:09:00+0800 lvl=trce msg="Promoted queued transactions"           count=0
t=2023-06-02T16:09:00+0800 lvl=trce msg="Pooled new future transaction"          hash=0xe07bb92a1e7bf2337d64112d87ad4769f90e20f17ef4a2855a3ddaacefd58521 from=0x66e0851F1a162869024b4C9f6b1C4Fc5cb4832F1 to=0x0000000000000000000000000000000000000000
t=2023-06-02T16:09:00+0800 lvl=trce msg="Removed old queued transactions"        count=0
t=2023-06-02T16:09:00+0800 lvl=trce msg="Removed unpayable queued transactions"  count=0
t=2023-06-02T16:09:00+0800 lvl=trce msg="Promoted queued transactions"           count=1
t=2023-06-02T16:09:00+0800 lvl=trce msg="Pooled new future transaction"          hash=0xf2e1fcbe87a2f941fd76745eb5a0fc3a1064330858c2ff2c181615cd60ae011c from=0x66e0851F1a162869024b4C9f6b1C4Fc5cb4832F1 to=0x0000000000000000000000000000000000000000
t=2023-06-02T16:09:00+0800 lvl=trce msg="Removed old queued transactions"        count=0
t=2023-06-02T16:09:00+0800 lvl=trce msg="Removed unpayable queued transactions"  count=0
t=2023-06-02T16:09:00+0800 lvl=trce msg="Promoted queued transactions"           count=0
t=2023-06-02T16:09:00+0800 lvl=trce msg="Pooled new future transaction"          hash=0x6225c55b1a73dcae16a3b9f4c55b2f73e9e54ae7a079ddb852e5df797a1adc19 from=0x7628e7c918DAaf4dfbF615023fDBcF72b8479bCe to=0x0000000000000000000000000000000000000000
t=2023-06-02T16:09:00+0800 lvl=trce msg="Removed old queued transactions"        count=0
t=2023-06-02T16:09:00+0800 lvl=trce msg="Removed unpayable queued transactions"  count=0
t=2023-06-02T16:09:00+0800 lvl=trce msg="Promoted queued transactions"           count=1
t=2023-06-02T16:09:00+0800 lvl=trce msg="Pooled new future transaction"          hash=0x871bd71d7a09a7e26c00c0b8c732485edf4f3033ecfcd3222d140682c55505d7 from=0x7628e7c918DAaf4dfbF615023fDBcF72b8479bCe to=0x0000000000000000000000000000000000000000
t=2023-06-02T16:09:00+0800 lvl=trce msg="Removed old queued transactions"        count=0
t=2023-06-02T16:09:00+0800 lvl=trce msg="Removed unpayable queued transactions"  count=0
t=2023-06-02T16:09:00+0800 lvl=trce msg="Promoted queued transactions"           count=0
t=2023-06-02T16:09:00+0800 lvl=trce msg="Pooled new future transaction"          hash=0x72564392945132978ca97a877f80c8a850f9f64478ee67915e6f4d4ce3a4b035 from=0x66e0851F1a162869024b4C9f6b1C4Fc5cb4832F1 to=0x0000000000000000000000000000000000000000
t=2023-06-02T16:09:00+0800 lvl=trce msg="Removed old queued transactions"        count=0
t=2023-06-02T16:09:00+0800 lvl=trce msg="Removed unpayable queued transactions"  count=0
t=2023-06-02T16:09:00+0800 lvl=trce msg="Promoted queued transactions"           count=1
t=2023-06-02T16:09:00+0800 lvl=trce msg="Pooled new future transaction"          hash=0x5359687186f78518d6ffbd468a13bd024e401b2f3e8b15263b7583de6238cc0c from=0x66e0851F1a162869024b4C9f6b1C4Fc5cb4832F1 to=0x0000000000000000000000000000000000000000
t=2023-06-02T16:09:00+0800 lvl=trce msg="Removed old queued transactions"        count=0
t=2023-06-02T16:09:00+0800 lvl=trce msg="Removed unpayable queued transactions"  count=0
t=2023-06-02T16:09:00+0800 lvl=trce msg="Promoted queued transactions"           count=0
t=2023-06-02T16:09:00+0800 lvl=trce msg="Pooled new future transaction"          hash=0x15f0e378263dda6f21931b6200f727733f03746e70d6e57d919eea0b62bceb0c from=0x7628e7c918DAaf4dfbF615023fDBcF72b8479bCe to=0x0000000000000000000000000000000000000000
t=2023-06-02T16:09:00+0800 lvl=trce msg="Removed old queued transactions"        count=0
t=2023-06-02T16:09:00+0800 lvl=trce msg="Removed unpayable queued transactions"  count=0
t=2023-06-02T16:09:00+0800 lvl=trce msg="Promoted queued transactions"           count=1
t=2023-06-02T16:09:00+0800 lvl=trce msg="Pooled new future transaction"          hash=0xa57abb1661af71c518a3bc6c672ab0555e74a36fc9b1d88f9d2c6d08ae28c169 from=0x7628e7c918DAaf4dfbF615023fDBcF72b8479bCe to=0x0000000000000000000000000000000000000000
t=2023-06-02T16:09:00+0800 lvl=trce msg="Removed old queued transactions"        count=0
t=2023-06-02T16:09:00+0800 lvl=trce msg="Removed unpayable queued transactions"  count=0
t=2023-06-02T16:09:00+0800 lvl=trce msg="Promoted queued transactions"           count=0
t=2023-06-02T16:09:00+0800 lvl=trce msg="Pooled new future transaction"          hash=0x6c5c3894e841adb6eb85c74b91d960551434e884f2e013300ee7b0c084d1a0d5 from=0x66e0851F1a162869024b4C9f6b1C4Fc5cb4832F1 to=0x0000000000000000000000000000000000000000
t=2023-06-02T16:09:00+0800 lvl=trce msg="Removed old queued transactions"        count=0
t=2023-06-02T16:09:00+0800 lvl=trce msg="Removed unpayable queued transactions"  count=0
t=2023-06-02T16:09:00+0800 lvl=trce msg="Promoted queued transactions"           count=1
t=2023-06-02T16:09:00+0800 lvl=trce msg="Pooled new future transaction"          hash=0xa533412923eaa3fe1e23ddf5496cc87349e497180dc6a842aa374c76d0bcffb4 from=0x66e0851F1a162869024b4C9f6b1C4Fc5cb4832F1 to=0x0000000000000000000000000000000000000000
t=2023-06-02T16:09:00+0800 lvl=trce msg="Removed old queued transactions"        count=0
t=2023-06-02T16:09:00+0800 lvl=trce msg="Removed unpayable queued transactions"  count=0
t=2023-06-02T16:09:00+0800 lvl=trce msg="Promoted queued transactions"           count=0
t=2023-06-02T16:09:00+0800 lvl=trce msg="Pooled new future transaction"          hash=0x7a7ce7d18e959020dec64d08edc10f8bc80e2c767e425719b801caa6a32ea4b9 from=0x7628e7c918DAaf4dfbF615023fDBcF72b8479bCe to=0x0000000000000000000000000000000000000000
t=2023-06-02T16:09:00+0800 lvl=trce msg="Removed old queued transactions"        count=0
t=2023-06-02T16:09:00+0800 lvl=trce msg="Removed unpayable queued transactions"  count=0
t=2023-06-02T16:09:00+0800 lvl=trce msg="Promoted queued transactions"           count=1
t=2023-06-02T16:09:00+0800 lvl=trce msg="Pooled new future transaction"          hash=0x94d226bf3e14656b9723d4173d822d7b26e75f2987d41cb055d6b4d7af86632d from=0x7628e7c918DAaf4dfbF615023fDBcF72b8479bCe to=0x0000000000000000000000000000000000000000
t=2023-06-02T16:09:00+0800 lvl=trce msg="Removed old queued transactions"        count=0
t=2023-06-02T16:09:00+0800 lvl=trce msg="Removed unpayable queued transactions"  count=0
t=2023-06-02T16:09:00+0800 lvl=trce msg="Promoted queued transactions"           count=0
t=2023-06-02T16:09:00+0800 lvl=trce msg="Pooled new future transaction"          hash=0xa9518ce54b9c85d4770e85b2e66d6529781969e34d64421deb36e22f131da4a1 from=0x66e0851F1a162869024b4C9f6b1C4Fc5cb4832F1 to=0x0000000000000000000000000000000000000000
t=2023-06-02T16:09:00+0800 lvl=trce msg="Removed old queued transactions"        count=0
t=2023-06-02T16:09:00+0800 lvl=trce msg="Removed unpayable queued transactions"  count=0
t=2023-06-02T16:09:00+0800 lvl=trce msg="Promoted queued transactions"           count=1
t=2023-06-02T16:09:00+0800 lvl=trce msg="Pooled new future transaction"          hash=0x4d529e0bc770d22101015d09bb490f94d90ab6ef780e6f125e3b94eb2d197d18 from=0x66e0851F1a162869024b4C9f6b1C4Fc5cb4832F1 to=0x0000000000000000000000000000000000000000
t=2023-06-02T16:09:00+0800 lvl=trce msg="Removed old queued transactions"        count=0
t=2023-06-02T16:09:00+0800 lvl=trce msg="Removed unpayable queued transactions"  count=0
t=2023-06-02T16:09:00+0800 lvl=trce msg="Promoted queued transactions"           count=0
t=2023-06-02T16:09:00+0800 lvl=trce msg="Pooled new future transaction"          hash=0x7edacda1b7174fc2b9938c328f604d2ed0e62f6e0ad3a8f1e01e3abab7e16b5c from=0x7628e7c918DAaf4dfbF615023fDBcF72b8479bCe to=0x0000000000000000000000000000000000000000
t=2023-06-02T16:09:00+0800 lvl=trce msg="Removed old queued transactions"        count=0
t=2023-06-02T16:09:00+0800 lvl=trce msg="Removed unpayable queued transactions"  count=0
t=2023-06-02T16:09:00+0800 lvl=trce msg="Promoted queued transactions"           count=1
t=2023-06-02T16:09:00+0800 lvl=trce msg="Pooled new future transaction"          hash=0x40678c894127f4a736e1c448b65ec6254298657c821e0c22b01c25ba693bd7c7 from=0x7628e7c918DAaf4dfbF615023fDBcF72b8479bCe to=0x0000000000000000000000000000000000000000
t=2023-06-02T16:09:00+0800 lvl=trce msg="Removed old queued transactions"        count=0
t=2023-06-02T16:09:00+0800 lvl=trce msg="Removed unpayable queued transactions"  count=0
t=2023-06-02T16:09:00+0800 lvl=trce msg="Promoted queued transactions"           count=0
t=2023-06-02T16:09:00+0800 lvl=trce msg="Pooled new future transaction"          hash=0xd5c8e2556ec2ad6f3f56868e4e876c43ccd3bb0838d62b716c433b4fde6841de from=0x66e0851F1a162869024b4C9f6b1C4Fc5cb4832F1 to=0x0000000000000000000000000000000000000000
t=2023-06-02T16:09:00+0800 lvl=trce msg="Removed old queued transactions"        count=0
t=2023-06-02T16:09:00+0800 lvl=trce msg="Removed unpayable queued transactions"  count=0
t=2023-06-02T16:09:00+0800 lvl=trce msg="Promoted queued transactions"           count=1
t=2023-06-02T16:09:00+0800 lvl=trce msg="Pooled new future transaction"          hash=0x642d6771de80f9b54bf89713868be1b0f22eb9bfc9ce067e7c54df3fc7dd7f38 from=0x66e0851F1a162869024b4C9f6b1C4Fc5cb4832F1 to=0x0000000000000000000000000000000000000000
t=2023-06-02T16:09:00+0800 lvl=trce msg="Removed old queued transactions"        count=0
t=2023-06-02T16:09:00+0800 lvl=trce msg="Removed unpayable queued transactions"  count=0
t=2023-06-02T16:09:00+0800 lvl=trce msg="Promoted queued transactions"           count=0
t=2023-06-02T16:09:00+0800 lvl=trce msg="Pooled new future transaction"          hash=0xa4cd47edfd549228f11f1d3f8441c146d9f48d326f511aeb81d9077c65c92814 from=0x7628e7c918DAaf4dfbF615023fDBcF72b8479bCe to=0x0000000000000000000000000000000000000000
t=2023-06-02T16:09:00+0800 lvl=trce msg="Removed old queued transactions"        count=0
t=2023-06-02T16:09:00+0800 lvl=trce msg="Removed unpayable queued transactions"  count=0
t=2023-06-02T16:09:00+0800 lvl=trce msg="Promoted queued transactions"           count=1
t=2023-06-02T16:09:00+0800 lvl=trce msg="Pooled new future transaction"          hash=0xdbc4fc3a23964b7bc55f49c02210280bfc1f887d91f23b5a2c3e426ec92ab5fe from=0x7628e7c918DAaf4dfbF615023fDBcF72b8479bCe to=0x0000000000000000000000000000000000000000
t=2023-06-02T16:09:00+0800 lvl=trce msg="Removed old queued transactions"        count=0
t=2023-06-02T16:09:00+0800 lvl=trce msg="Removed unpayable queued transactions"  count=0
t=2023-06-02T16:09:00+0800 lvl=trce msg="Promoted queued transactions"           count=0
t=2023-06-02T16:09:00+0800 lvl=trce msg="Pooled new future transaction"          hash=0xba3bb26882bd86330553f227eb766399dcd14f33f98bfc152d8683a199badfbe from=0x66e0851F1a162869024b4C9f6b1C4Fc5cb4832F1 to=0x0000000000000000000000000000000000000000
t=2023-06-02T16:09:00+0800 lvl=trce msg="Removed old queued transactions"        count=0
t=2023-06-02T16:09:00+0800 lvl=trce msg="Removed unpayable queued transactions"  count=0
t=2023-06-02T16:09:00+0800 lvl=trce msg="Promoted queued transactions"           count=1
t=2023-06-02T16:09:00+0800 lvl=trce msg="Pooled new future transaction"          hash=0x1ef9c10152a690f9932581034b7da3586b2826588ac7a04fc8d77f170f7563d5 from=0x66e0851F1a162869024b4C9f6b1C4Fc5cb4832F1 to=0x0000000000000000000000000000000000000000
t=2023-06-02T16:09:00+0800 lvl=trce msg="Removed old queued transactions"        count=0
t=2023-06-02T16:09:00+0800 lvl=trce msg="Removed unpayable queued transactions"  count=0
t=2023-06-02T16:09:00+0800 lvl=trce msg="Promoted queued transactions"           count=0
t=2023-06-02T16:09:00+0800 lvl=trce msg="Pooled new future transaction"          hash=0x964227c86e16b0ef1f5569e435b674baa59c3f0343524da3626130ceb7cac9d7 from=0x7628e7c918DAaf4dfbF615023fDBcF72b8479bCe to=0x0000000000000000000000000000000000000000
t=2023-06-02T16:09:00+0800 lvl=trce msg="Removed old queued transactions"        count=0
t=2023-06-02T16:09:00+0800 lvl=trce msg="Removed unpayable queued transactions"  count=0
t=2023-06-02T16:09:00+0800 lvl=trce msg="Promoted queued transactions"           count=1
t=2023-06-02T16:09:00+0800 lvl=trce msg="Pooled new future transaction"          hash=0x411a1609104cbd92cd852d5760b9344a3781edd11ed9badf81f599ca17fcea8f from=0x7628e7c918DAaf4dfbF615023fDBcF72b8479bCe to=0x0000000000000000000000000000000000000000
t=2023-06-02T16:09:00+0800 lvl=trce msg="Removed old queued transactions"        count=0
t=2023-06-02T16:09:00+0800 lvl=trce msg="Removed unpayable queued transactions"  count=0
t=2023-06-02T16:09:00+0800 lvl=trce msg="Promoted queued transactions"           count=0
t=2023-06-02T16:09:00+0800 lvl=trce msg="Pooled new future transaction"          hash=0x08abd364031964dc8e2f8382b6f32d0b5282da5f05d964d1b7690c60182cc378 from=0x66e0851F1a162869024b4C9f6b1C4Fc5cb4832F1 to=0x0000000000000000000000000000000000000000
t=2023-06-02T16:09:00+0800 lvl=trce msg="Removed old queued transactions"        count=0
t=2023-06-02T16:09:00+0800 lvl=trce msg="Removed unpayable queued transactions"  count=0
t=2023-06-02T16:09:00+0800 lvl=trce msg="Promoted queued transactions"           count=1
t=2023-06-02T16:09:00+0800 lvl=trce msg="Pooled new future transaction"          hash=0xe218f2e8ba794800ceb79e5ed895ddb0d509c828a0e5cb2ae059d125bde3e252 from=0x66e0851F1a162869024b4C9f6b1C4Fc5cb4832F1 to=0x0000000000000000000000000000000000000000
t=2023-06-02T16:09:00+0800 lvl=trce msg="Removed old queued transactions"        count=0
t=2023-06-02T16:09:00+0800 lvl=trce msg="Removed unpayable queued transactions"  count=0
t=2023-06-02T16:09:00+0800 lvl=trce msg="Promoted queued transactions"           count=0
t=2023-06-02T16:09:00+0800 lvl=trce msg="Pooled new future transaction"          hash=0x5ad36d74293d4870da289caa7900915714c5dc7595273ea6acc22ff0e8389b30 from=0x7628e7c918DAaf4dfbF615023fDBcF72b8479bCe to=0x0000000000000000000000000000000000000000
t=2023-06-02T16:09:00+0800 lvl=trce msg="Removed old queued transactions"        count=0
t=2023-06-02T16:09:00+0800 lvl=trce msg="Removed unpayable queued transactions"  count=0
t=2023-06-02T16:09:00+0800 lvl=trce msg="Promoted queued transactions"           count=1
t=2023-06-02T16:09:00+0800 lvl=trce msg="Pooled new future transaction"          hash=0x081a83e1abf8bec8f16248927effd7540392c336841b6bed5c362fa18e9ea84b from=0x7628e7c918DAaf4dfbF615023fDBcF72b8479bCe to=0x0000000000000000000000000000000000000000
t=2023-06-02T16:09:00+0800 lvl=trce msg="Removed old queued transactions"        count=0
t=2023-06-02T16:09:00+0800 lvl=trce msg="Removed unpayable queued transactions"  count=0
t=2023-06-02T16:09:00+0800 lvl=trce msg="Promoted queued transactions"           count=0
t=2023-06-02T16:09:00+0800 lvl=trce msg="Pooled new future transaction"          hash=0x5efc530d1a7fa9c3ceeefce727bc07a8571e233c73b5219c078a5ac1321eb4d9 from=0x66e0851F1a162869024b4C9f6b1C4Fc5cb4832F1 to=0x0000000000000000000000000000000000000000
t=2023-06-02T16:09:00+0800 lvl=trce msg="Removed old queued transactions"        count=0
t=2023-06-02T16:09:00+0800 lvl=trce msg="Removed unpayable queued transactions"  count=0
t=2023-06-02T16:09:00+0800 lvl=trce msg="Promoted queued transactions"           count=1
t=2023-06-02T16:09:00+0800 lvl=trce msg="Pooled new future transaction"          hash=0x1ed1345afbb81d7f940da86fe15f4728a8827c1b6170d214c4040a1037a9d200 from=0x66e0851F1a162869024b4C9f6b1C4Fc5cb4832F1 to=0x0000000000000000000000000000000000000000
t=2023-06-02T16:09:00+0800 lvl=trce msg="Removed old queued transactions"        count=0
t=2023-06-02T16:09:00+0800 lvl=trce msg="Removed unpayable queued transactions"  count=0
t=2023-06-02T16:09:00+0800 lvl=trce msg="Promoted queued transactions"           count=0
t=2023-06-02T16:09:00+0800 lvl=trce msg="Pooled new future transaction"          hash=0x3748d8395d465138a8ac9985bd52359f70df4297bdad83d3038cdbc51e3eb5a5 from=0x7628e7c918DAaf4dfbF615023fDBcF72b8479bCe to=0x0000000000000000000000000000000000000000
t=2023-06-02T16:09:00+0800 lvl=trce msg="Removed old queued transactions"        count=0
t=2023-06-02T16:09:00+0800 lvl=trce msg="Removed unpayable queued transactions"  count=0
t=2023-06-02T16:09:00+0800 lvl=trce msg="Promoted queued transactions"           count=1
t=2023-06-02T16:09:00+0800 lvl=trce msg="Pooled new future transaction"          hash=0x9dd7497356a824a5fd42b94ea4ba9ebf9d68589d18e49ca8449f888384cc3166 from=0x7628e7c918DAaf4dfbF615023fDBcF72b8479bCe to=0x0000000000000000000000000000000000000000
t=2023-06-02T16:09:00+0800 lvl=trce msg="Removed old queued transactions"        count=0
t=2023-06-02T16:09:00+0800 lvl=trce msg="Removed unpayable queued transactions"  count=0
t=2023-06-02T16:09:00+0800 lvl=trce msg="Promoted queued transactions"           count=0
t=2023-06-02T16:09:00+0800 lvl=trce msg="Pooled new future transaction"          hash=0x9e9adb116b3bb7d87a2dcec4a7198310b53566d3ea983a92cfdafa3c40eaa2ee from=0x66e0851F1a162869024b4C9f6b1C4Fc5cb4832F1 to=0x0000000000000000000000000000000000000000
t=2023-06-02T16:09:00+0800 lvl=trce msg="Removed old queued transactions"        count=0
t=2023-06-02T16:09:00+0800 lvl=trce msg="Removed unpayable queued transactions"  count=0
t=2023-06-02T16:09:00+0800 lvl=trce msg="Promoted queued transactions"           count=1
t=2023-06-02T16:09:00+0800 lvl=trce msg="Pooled new future transaction"          hash=0x2842f2aa4e17e1e0be3946444db1928e88417ff0ba4e99d2814eefab46897205 from=0x66e0851F1a162869024b4C9f6b1C4Fc5cb4832F1 to=0x0000000000000000000000000000000000000000
t=2023-06-02T16:09:00+0800 lvl=trce msg="Removed old queued transactions"        count=0
t=2023-06-02T16:09:00+0800 lvl=trce msg="Removed unpayable queued transactions"  count=0
t=2023-06-02T16:09:00+0800 lvl=trce msg="Promoted queued transactions"           count=0
t=2023-06-02T16:09:00+0800 lvl=trce msg="Pooled new future transaction"          hash=0xa55e5ac4bc0b7ece36389457ae64dc8f376140f049ff57e7e521067933f56dc2 from=0x7628e7c918DAaf4dfbF615023fDBcF72b8479bCe to=0x0000000000000000000000000000000000000000
t=2023-06-02T16:09:00+0800 lvl=trce msg="Removed old queued transactions"        count=0
t=2023-06-02T16:09:00+0800 lvl=trce msg="Removed unpayable queued transactions"  count=0
t=2023-06-02T16:09:00+0800 lvl=trce msg="Promoted queued transactions"           count=1
t=2023-06-02T16:09:00+0800 lvl=trce msg="Pooled new future transaction"          hash=0xcf6ad16e6ed63e185ee638066de3575b7a527fe6ac4d151e2d8ea7c0f4e0d105 from=0x7628e7c918DAaf4dfbF615023fDBcF72b8479bCe to=0x0000000000000000000000000000000000000000
t=2023-06-02T16:09:00+0800 lvl=trce msg="Removed old queued transactions"        count=0
t=2023-06-02T16:09:00+0800 lvl=trce msg="Removed unpayable queued transactions"  count=0
t=2023-06-02T16:09:00+0800 lvl=trce msg="Promoted queued transactions"           count=0
t=2023-06-02T16:09:00+0800 lvl=trce msg="Pooled new future transaction"          hash=0xbf7d7dc411b8238060fab3545e10b678bef91a4b48af8668e843fbec8775c549 from=0x66e0851F1a162869024b4C9f6b1C4Fc5cb4832F1 to=0x0000000000000000000000000000000000000000
t=2023-06-02T16:09:00+0800 lvl=trce msg="Removed old queued transactions"        count=0
t=2023-06-02T16:09:00+0800 lvl=trce msg="Removed unpayable queued transactions"  count=0
t=2023-06-02T16:09:00+0800 lvl=trce msg="Promoted queued transactions"           count=1
t=2023-06-02T16:09:00+0800 lvl=trce msg="Pooled new future transaction"          hash=0xb9b2feb937df3b60d55a8b8b3538c1275983cb3aa53d028c64754f867ba1fd9c from=0x66e0851F1a162869024b4C9f6b1C4Fc5cb4832F1 to=0x0000000000000000000000000000000000000000
t=2023-06-02T16:09:00+0800 lvl=trce msg="Removed old queued transactions"        count=0
t=2023-06-02T16:09:00+0800 lvl=trce msg="Removed unpayable queued transactions"  count=0
t=2023-06-02T16:09:00+0800 lvl=trce msg="Promoted queued transactions"           count=0
t=2023-06-02T16:09:00+0800 lvl=trce msg="Pooled new future transaction"          hash=0xcb4b25eb0319b00136d5b9023b1730da89326b4e46a5563c98ca302dc9ab6f4c from=0x7628e7c918DAaf4dfbF615023fDBcF72b8479bCe to=0x0000000000000000000000000000000000000000
t=2023-06-02T16:09:00+0800 lvl=trce msg="Removed old queued transactions"        count=0
t=2023-06-02T16:09:00+0800 lvl=trce msg="Removed unpayable queued transactions"  count=0
t=2023-06-02T16:09:00+0800 lvl=trce msg="Promoted queued transactions"           count=1
t=2023-06-02T16:09:00+0800 lvl=trce msg="Pooled new future transaction"          hash=0xe88dce210118e30831af0dea28c87c10a2145881e19fba183cedf3a6e4f4c879 from=0x7628e7c918DAaf4dfbF615023fDBcF72b8479bCe to=0x0000000000000000000000000000000000000000
t=2023-06-02T16:09:00+0800 lvl=trce msg="Removed old queued transactions"        count=0
t=2023-06-02T16:09:00+0800 lvl=trce msg="Removed unpayable queued transactions"  count=0
t=2023-06-02T16:09:00+0800 lvl=trce msg="Promoted queued transactions"           count=0
t=2023-06-02T16:09:00+0800 lvl=trce msg="Pooled new future transaction"          hash=0xa2c9bde671a4f0715b110282733854ac6f78d42a7c25230038e6b9f15d2d4ce0 from=0x66e0851F1a162869024b4C9f6b1C4Fc5cb4832F1 to=0x0000000000000000000000000000000000000000
t=2023-06-02T16:09:00+0800 lvl=trce msg="Removed old queued transactions"        count=0
t=2023-06-02T16:09:00+0800 lvl=trce msg="Removed unpayable queued transactions"  count=0
t=2023-06-02T16:09:00+0800 lvl=trce msg="Promoted queued transactions"           count=1
t=2023-06-02T16:09:00+0800 lvl=trce msg="Pooled new future transaction"          hash=0x9742a82024df784fee020646be41256548e57eae5de64dd1168efa391f3fb027 from=0x66e0851F1a162869024b4C9f6b1C4Fc5cb4832F1 to=0x0000000000000000000000000000000000000000
t=2023-06-02T16:09:00+0800 lvl=trce msg="Removed old queued transactions"        count=0
t=2023-06-02T16:09:00+0800 lvl=trce msg="Removed unpayable queued transactions"  count=0
t=2023-06-02T16:09:00+0800 lvl=trce msg="Promoted queued transactions"           count=0
t=2023-06-02T16:09:00+0800 lvl=trce msg="Pooled new future transaction"          hash=0x0d099104bea9aeb36790a283a4c9e959f1aa46361732991194537eb523ebf92c from=0x7628e7c918DAaf4dfbF615023fDBcF72b8479bCe to=0x0000000000000000000000000000000000000000
t=2023-06-02T16:09:00+0800 lvl=trce msg="Removed old queued transactions"        count=0
t=2023-06-02T16:09:00+0800 lvl=trce msg="Removed unpayable queued transactions"  count=0
t=2023-06-02T16:09:00+0800 lvl=trce msg="Promoted queued transactions"           count=1
t=2023-06-02T16:09:00+0800 lvl=trce msg="Pooled new future transaction"          hash=0xfca04b71af4e593bf13732d6ef95f872416a19f8bc33bd2498f50084f53d89d0 from=0x7628e7c918DAaf4dfbF615023fDBcF72b8479bCe to=0x0000000000000000000000000000000000000000
t=2023-06-02T16:09:00+0800 lvl=trce msg="Removed old queued transactions"        count=0
t=2023-06-02T16:09:00+0800 lvl=trce msg="Removed unpayable queued transactions"  count=0
t=2023-06-02T16:09:00+0800 lvl=trce msg="Promoted queued transactions"           count=0
t=2023-06-02T16:09:00+0800 lvl=trce msg="Pooled new future transaction"          hash=0x29180572a40036b415914e8c7f5d2f29b3753175fe48440b281ba34f9121aa73 from=0x66e0851F1a162869024b4C9f6b1C4Fc5cb4832F1 to=0x0000000000000000000000000000000000000000
t=2023-06-02T16:09:00+0800 lvl=trce msg="Removed old queued transactions"        count=0
t=2023-06-02T16:09:00+0800 lvl=trce msg="Removed unpayable queued transactions"  count=0
t=2023-06-02T16:09:00+0800 lvl=trce msg="Promoted queued transactions"           count=1
t=2023-06-02T16:09:00+0800 lvl=trce msg="Pooled new future transaction"          hash=0xe5eda42a9631b028f765afde1ff66f95785bab47931349d233d278b8cd9d5a05 from=0x66e0851F1a162869024b4C9f6b1C4Fc5cb4832F1 to=0x0000000000000000000000000000000000000000
t=2023-06-02T16:09:00+0800 lvl=trce msg="Removed old queued transactions"        count=0
t=2023-06-02T16:09:00+0800 lvl=trce msg="Removed unpayable queued transactions"  count=0
t=2023-06-02T16:09:00+0800 lvl=trce msg="Promoted queued transactions"           count=0
t=2023-06-02T16:09:00+0800 lvl=trce msg="Pooled new future transaction"          hash=0x7956daaf9039348ea4460d0d925118c6c5206706180d22e3a771b50e87c1efb4 from=0x7628e7c918DAaf4dfbF615023fDBcF72b8479bCe to=0x0000000000000000000000000000000000000000
t=2023-06-02T16:09:00+0800 lvl=trce msg="Removed old queued transactions"        count=0
t=2023-06-02T16:09:00+0800 lvl=trce msg="Removed unpayable queued transactions"  count=0
t=2023-06-02T16:09:00+0800 lvl=trce msg="Promoted queued transactions"           count=1
t=2023-06-02T16:09:00+0800 lvl=trce msg="Pooled new future transaction"          hash=0xed36e53d38ab9889a0a9340d16f53c992c191ac7a5f14ccb4788fcf8ad6aa5f4 from=0x7628e7c918DAaf4dfbF615023fDBcF72b8479bCe to=0x0000000000000000000000000000000000000000
t=2023-06-02T16:09:00+0800 lvl=trce msg="Removed old queued transactions"        count=0
t=2023-06-02T16:09:00+0800 lvl=trce msg="Removed unpayable queued transactions"  count=0
t=2023-06-02T16:09:00+0800 lvl=trce msg="Promoted queued transactions"           count=0
t=2023-06-02T16:09:00+0800 lvl=trce msg="Pooled new future transaction"          hash=0x55845ec972c02715155a910212cb5d0fe607a0462920bed7b31979a11c717b78 from=0x66e0851F1a162869024b4C9f6b1C4Fc5cb4832F1 to=0x0000000000000000000000000000000000000000
t=2023-06-02T16:09:00+0800 lvl=trce msg="Removed old queued transactions"        count=0
t=2023-06-02T16:09:00+0800 lvl=trce msg="Removed unpayable queued transactions"  count=0
t=2023-06-02T16:09:00+0800 lvl=trce msg="Promoted queued transactions"           count=1
t=2023-06-02T16:09:00+0800 lvl=trce msg="Pooled new future transaction"          hash=0x2f3abeddbe5c6265aaee59b14a8703ee679987339e1b9535717fbbb231f224d7 from=0x66e0851F1a162869024b4C9f6b1C4Fc5cb4832F1 to=0x0000000000000000000000000000000000000000
t=2023-06-02T16:09:00+0800 lvl=trce msg="Removed old queued transactions"        count=0
t=2023-06-02T16:09:00+0800 lvl=trce msg="Removed unpayable queued transactions"  count=0
t=2023-06-02T16:09:00+0800 lvl=trce msg="Promoted queued transactions"           count=0
t=2023-06-02T16:09:00+0800 lvl=trce msg="Pooled new future transaction"          hash=0xe02ddd2ec029452147c5b9b2778bae5ed6c741fb187f570a03e129deafffb767 from=0x7628e7c918DAaf4dfbF615023fDBcF72b8479bCe to=0x0000000000000000000000000000000000000000
t=2023-06-02T16:09:00+0800 lvl=trce msg="Removed old queued transactions"        count=0
t=2023-06-02T16:09:00+0800 lvl=trce msg="Removed unpayable queued transactions"  count=0
t=2023-06-02T16:09:00+0800 lvl=trce msg="Promoted queued transactions"           count=1
t=2023-06-02T16:09:00+0800 lvl=trce msg="Pooled new future transaction"          hash=0x7ef061094dccca755227e1ce6f1ba895e3c1f973b79a64ba883cec0aa23461dc from=0x7628e7c918DAaf4dfbF615023fDBcF72b8479bCe to=0x0000000000000000000000000000000000000000
t=2023-06-02T16:09:00+0800 lvl=trce msg="Removed old queued transactions"        count=0
t=2023-06-02T16:09:00+0800 lvl=trce msg="Removed unpayable queued transactions"  count=0
t=2023-06-02T16:09:00+0800 lvl=trce msg="Promoted queued transactions"           count=0
t=2023-06-02T16:09:00+0800 lvl=trce msg="Pooled new future transaction"          hash=0x640c592db58cbe04fdc956be674190cb83d0af30a2e5800e850103939e699fc5 from=0x66e0851F1a162869024b4C9f6b1C4Fc5cb4832F1 to=0x0000000000000000000000000000000000000000
t=2023-06-02T16:09:00+0800 lvl=trce msg="Removed old queued transactions"        count=0
t=2023-06-02T16:09:00+0800 lvl=trce msg="Removed unpayable queued transactions"  count=0
t=2023-06-02T16:09:00+0800 lvl=trce msg="Promoted queued transactions"           count=1
t=2023-06-02T16:09:00+0800 lvl=trce msg="Pooled new future transaction"          hash=0x4309f7bf50603f5b97cfe39c78f025a085f7a5c36f8cfb3249110945e8e9618c from=0x66e0851F1a162869024b4C9f6b1C4Fc5cb4832F1 to=0x0000000000000000000000000000000000000000
t=2023-06-02T16:09:00+0800 lvl=trce msg="Removed old queued transactions"        count=0
t=2023-06-02T16:09:00+0800 lvl=trce msg="Removed unpayable queued transactions"  count=0
t=2023-06-02T16:09:00+0800 lvl=trce msg="Promoted queued transactions"           count=0
t=2023-06-02T16:09:00+0800 lvl=trce msg="Pooled new future transaction"          hash=0x2ccb6d929947f06616459b12311c12b184628d08f6b67f100951c3f89b48379a from=0x7628e7c918DAaf4dfbF615023fDBcF72b8479bCe to=0x0000000000000000000000000000000000000000
t=2023-06-02T16:09:00+0800 lvl=trce msg="Removed old queued transactions"        count=0
t=2023-06-02T16:09:00+0800 lvl=trce msg="Removed unpayable queued transactions"  count=0
t=2023-06-02T16:09:00+0800 lvl=trce msg="Promoted queued transactions"           count=1
t=2023-06-02T16:09:00+0800 lvl=trce msg="Pooled new future transaction"          hash=0x91f5542d1b735efded9771227ec0a5031cbf35150770992762ab9ad59322f0c4 from=0x7628e7c918DAaf4dfbF615023fDBcF72b8479bCe to=0x0000000000000000000000000000000000000000
t=2023-06-02T16:09:00+0800 lvl=trce msg="Removed old queued transactions"        count=0
t=2023-06-02T16:09:00+0800 lvl=trce msg="Removed unpayable queued transactions"  count=0
t=2023-06-02T16:09:00+0800 lvl=trce msg="Promoted queued transactions"           count=0
t=2023-06-02T16:09:00+0800 lvl=trce msg="Pooled new future transaction"          hash=0x69c81131b19a8b1a9b4f0f6ca439f9d5c7aed38c6edad478f69c5b1b938f0e04 from=0x66e0851F1a162869024b4C9f6b1C4Fc5cb4832F1 to=0x0000000000000000000000000000000000000000
t=2023-06-02T16:09:00+0800 lvl=trce msg="Removed old queued transactions"        count=0
t=2023-06-02T16:09:00+0800 lvl=trce msg="Removed unpayable queued transactions"  count=0
t=2023-06-02T16:09:00+0800 lvl=trce msg="Promoted queued transactions"           count=1
t=2023-06-02T16:09:00+0800 lvl=trce msg="Pooled new future transaction"          hash=0x9eafcabfd35b9192a82eb0474aba95f354420dd48c275eeb971426162b76d03e from=0x66e0851F1a162869024b4C9f6b1C4Fc5cb4832F1 to=0x0000000000000000000000000000000000000000
t=2023-06-02T16:09:00+0800 lvl=trce msg="Removed old queued transactions"        count=0
t=2023-06-02T16:09:00+0800 lvl=trce msg="Removed unpayable queued transactions"  count=0
t=2023-06-02T16:09:00+0800 lvl=trce msg="Promoted queued transactions"           count=0
t=2023-06-02T16:09:00+0800 lvl=trce msg="Pooled new future transaction"          hash=0xfd2c1a03b30fb7645e56fa6428d95a2ce8ec5494f2984060d12efce5bcef6cf9 from=0x7628e7c918DAaf4dfbF615023fDBcF72b8479bCe to=0x0000000000000000000000000000000000000000
t=2023-06-02T16:09:00+0800 lvl=trce msg="Removed old queued transactions"        count=0
t=2023-06-02T16:09:00+0800 lvl=trce msg="Removed unpayable queued transactions"  count=0
t=2023-06-02T16:09:00+0800 lvl=trce msg="Promoted queued transactions"           count=1
t=2023-06-02T16:09:00+0800 lvl=trce msg="Pooled new future transaction"          hash=0x13ac5790ab953b993d36734f29267cc69385791dd85cbb4ef79f291267db5e5a from=0x7628e7c918DAaf4dfbF615023fDBcF72b8479bCe to=0x0000000000000000000000000000000000000000
t=2023-06-02T16:09:00+0800 lvl=trce msg="Removed old queued transactions"        count=0
t=2023-06-02T16:09:00+0800 lvl=trce msg="Removed unpayable queued transactions"  count=0
t=2023-06-02T16:09:00+0800 lvl=trce msg="Promoted queued transactions"           count=0
t=2023-06-02T16:09:00+0800 lvl=trce msg="Pooled new future transaction"          hash=0x9744a084a580613d86bb760d2c20a4196dbc0457dbcb73872adf222a41392dc7 from=0x66e0851F1a162869024b4C9f6b1C4Fc5cb4832F1 to=0x0000000000000000000000000000000000000000
t=2023-06-02T16:09:00+0800 lvl=trce msg="Removed old queued transactions"        count=0
t=2023-06-02T16:09:00+0800 lvl=trce msg="Removed unpayable queued transactions"  count=0
t=2023-06-02T16:09:00+0800 lvl=trce msg="Promoted queued transactions"           count=1
t=2023-06-02T16:09:00+0800 lvl=trce msg="Pooled new future transaction"          hash=0xf91948f62ae68c1327107a0566215026d615297bba5cc1af035386e7f4d81d01 from=0x66e0851F1a162869024b4C9f6b1C4Fc5cb4832F1 to=0x0000000000000000000000000000000000000000
t=2023-06-02T16:09:00+0800 lvl=trce msg="Removed old queued transactions"        count=0
t=2023-06-02T16:09:00+0800 lvl=trce msg="Removed unpayable queued transactions"  count=0
t=2023-06-02T16:09:00+0800 lvl=trce msg="Promoted queued transactions"           count=0
t=2023-06-02T16:09:00+0800 lvl=trce msg="Pooled new future transaction"          hash=0x0c0ff694947ec357c2731e3d3d70dad1cf4dc046d1020d4a0b14fdcadee54800 from=0x7628e7c918DAaf4dfbF615023fDBcF72b8479bCe to=0x0000000000000000000000000000000000000000
t=2023-06-02T16:09:00+0800 lvl=trce msg="Removed old queued transactions"        count=0
t=2023-06-02T16:09:00+0800 lvl=trce msg="Removed unpayable queued transactions"  count=0
t=2023-06-02T16:09:00+0800 lvl=trce msg="Promoted queued transactions"           count=1
t=2023-06-02T16:09:00+0800 lvl=trce msg="Pooled new future transaction"          hash=0x7b0ecbea1c3f8e0deb20c1c75007d4a878a74e5351c0c717a1ebaad24c2a0407 from=0x7628e7c918DAaf4dfbF615023fDBcF72b8479bCe to=0x0000000000000000000000000000000000000000
t=2023-06-02T16:09:00+0800 lvl=trce msg="Removed old queued transactions"        count=0
t=2023-06-02T16:09:00+0800 lvl=trce msg="Removed unpayable queued transactions"  count=0
t=2023-06-02T16:09:00+0800 lvl=trce msg="Promoted queued transactions"           count=0
t=2023-06-02T16:09:00+0800 lvl=trce msg="Pooled new future transaction"          hash=0x7c0e19c3c4006fa5bdede68c6a548f974f175dcefa48781a62a8745968509533 from=0x66e0851F1a162869024b4C9f6b1C4Fc5cb4832F1 to=0x0000000000000000000000000000000000000000
t=2023-06-02T16:09:00+0800 lvl=trce msg="Removed old queued transactions"        count=0
t=2023-06-02T16:09:00+0800 lvl=trce msg="Removed unpayable queued transactions"  count=0
t=2023-06-02T16:09:00+0800 lvl=trce msg="Promoted queued transactions"           count=1
t=2023-06-02T16:09:00+0800 lvl=trce msg="Pooled new future transaction"          hash=0x5818e3e864edaae1023e5fdde6c5a2d2779447768591eb8bd748fa19af1e786a from=0x66e0851F1a162869024b4C9f6b1C4Fc5cb4832F1 to=0x0000000000000000000000000000000000000000
t=2023-06-02T16:09:00+0800 lvl=trce msg="Removed old queued transactions"        count=0
t=2023-06-02T16:09:00+0800 lvl=trce msg="Removed unpayable queued transactions"  count=0
t=2023-06-02T16:09:00+0800 lvl=trce msg="Promoted queued transactions"           count=0
t=2023-06-02T16:09:00+0800 lvl=trce msg="Pooled new future transaction"          hash=0x96e1caaf6010903541d55d776683c3e9f0adefbcbdcdf9ae709cde98f2c4fd50 from=0x7628e7c918DAaf4dfbF615023fDBcF72b8479bCe to=0x0000000000000000000000000000000000000000
t=2023-06-02T16:09:00+0800 lvl=trce msg="Removed old queued transactions"        count=0
t=2023-06-02T16:09:00+0800 lvl=trce msg="Removed unpayable queued transactions"  count=0
t=2023-06-02T16:09:00+0800 lvl=trce msg="Promoted queued transactions"           count=1
t=2023-06-02T16:09:00+0800 lvl=trce msg="Pooled new future transaction"          hash=0x765d20f0e1887c8f8d76e645bf3e6a48ced79c157f29d629e6ef1bb115f3ec71 from=0x7628e7c918DAaf4dfbF615023fDBcF72b8479bCe to=0x0000000000000000000000000000000000000000
t=2023-06-02T16:09:00+0800 lvl=trce msg="Removed old queued transactions"        count=0
t=2023-06-02T16:09:00+0800 lvl=trce msg="Removed unpayable queued transactions"  count=0
t=2023-06-02T16:09:00+0800 lvl=trce msg="Promoted queued transactions"           count=0
t=2023-06-02T16:09:00+0800 lvl=trce msg="Pooled new future transaction"          hash=0xf523e3113ecec01f65c59aab8659957f274187472165baef265a686ddca7a1f1 from=0x66e0851F1a162869024b4C9f6b1C4Fc5cb4832F1 to=0x0000000000000000000000000000000000000000
t=2023-06-02T16:09:00+0800 lvl=trce msg="Removed old queued transactions"        count=0
t=2023-06-02T16:09:00+0800 lvl=trce msg="Removed unpayable queued transactions"  count=0
t=2023-06-02T16:09:00+0800 lvl=trce msg="Promoted queued transactions"           count=1
t=2023-06-02T16:09:00+0800 lvl=trce msg="Pooled new future transaction"          hash=0x04b3ea5be7434c6335c0eb94724bf83b84e48d0940dfb95b38f837d544d68da0 from=0x66e0851F1a162869024b4C9f6b1C4Fc5cb4832F1 to=0x0000000000000000000000000000000000000000
t=2023-06-02T16:09:00+0800 lvl=trce msg="Removed old queued transactions"        count=0
t=2023-06-02T16:09:00+0800 lvl=trce msg="Removed unpayable queued transactions"  count=0
t=2023-06-02T16:09:00+0800 lvl=trce msg="Promoted queued transactions"           count=0
t=2023-06-02T16:09:00+0800 lvl=trce msg="Pooled new future transaction"          hash=0x9cd2680a7254769749499f76ee8e2cbec67bec2c0f91f08e2e79b33dbe0d1115 from=0x7628e7c918DAaf4dfbF615023fDBcF72b8479bCe to=0x0000000000000000000000000000000000000000
t=2023-06-02T16:09:00+0800 lvl=trce msg="Removed old queued transactions"        count=0
t=2023-06-02T16:09:00+0800 lvl=trce msg="Removed unpayable queued transactions"  count=0
t=2023-06-02T16:09:00+0800 lvl=trce msg="Promoted queued transactions"           count=1
t=2023-06-02T16:09:00+0800 lvl=trce msg="Pooled new future transaction"          hash=0x000ef409fc4943d1b371cb5e6af78b9ddc6a5c87b571981ff15b91d6a72267d4 from=0x7628e7c918DAaf4dfbF615023fDBcF72b8479bCe to=0x0000000000000000000000000000000000000000
t=2023-06-02T16:09:00+0800 lvl=trce msg="Removed old queued transactions"        count=0
t=2023-06-02T16:09:00+0800 lvl=trce msg="Removed unpayable queued transactions"  count=0
t=2023-06-02T16:09:00+0800 lvl=trce msg="Promoted queued transactions"           count=0
t=2023-06-02T16:09:00+0800 lvl=trce msg="Pooled new future transaction"          hash=0xc81061157c5cf370cb81cdb3124d57d5b8dd944362a1fd3dc64f326cfcfc5a25 from=0x66e0851F1a162869024b4C9f6b1C4Fc5cb4832F1 to=0x0000000000000000000000000000000000000000
t=2023-06-02T16:09:00+0800 lvl=trce msg="Removed old queued transactions"        count=0
t=2023-06-02T16:09:00+0800 lvl=trce msg="Removed unpayable queued transactions"  count=0
t=2023-06-02T16:09:00+0800 lvl=trce msg="Promoted queued transactions"           count=1
t=2023-06-02T16:09:00+0800 lvl=trce msg="Pooled new future transaction"          hash=0x476eac7593a853af2fd92efe28cfacb6a6b17ec614c1c99662f7a73ba13171e0 from=0x66e0851F1a162869024b4C9f6b1C4Fc5cb4832F1 to=0x0000000000000000000000000000000000000000
t=2023-06-02T16:09:00+0800 lvl=trce msg="Removed old queued transactions"        count=0
t=2023-06-02T16:09:00+0800 lvl=trce msg="Removed unpayable queued transactions"  count=0
t=2023-06-02T16:09:00+0800 lvl=trce msg="Promoted queued transactions"           count=0
t=2023-06-02T16:09:00+0800 lvl=trce msg="Pooled new future transaction"          hash=0x4b99120e56989eba2990f2e2da04f109fcc6d62e15152f93c92f9e9d817f8df7 from=0x7628e7c918DAaf4dfbF615023fDBcF72b8479bCe to=0x0000000000000000000000000000000000000000
t=2023-06-02T16:09:00+0800 lvl=trce msg="Removed old queued transactions"        count=0
t=2023-06-02T16:09:00+0800 lvl=trce msg="Removed unpayable queued transactions"  count=0
t=2023-06-02T16:09:00+0800 lvl=trce msg="Promoted queued transactions"           count=1
t=2023-06-02T16:09:00+0800 lvl=trce msg="Pooled new future transaction"          hash=0xfe4ed0dcbcbb6a57802b51144c570700bf6a2f51b7aa881d001bcfdc1907296e from=0x7628e7c918DAaf4dfbF615023fDBcF72b8479bCe to=0x0000000000000000000000000000000000000000
t=2023-06-02T16:09:00+0800 lvl=trce msg="Removed old queued transactions"        count=0
t=2023-06-02T16:09:00+0800 lvl=trce msg="Removed unpayable queued transactions"  count=0
t=2023-06-02T16:09:00+0800 lvl=trce msg="Promoted queued transactions"           count=0
t=2023-06-02T16:09:00+0800 lvl=trce msg="Pooled new future transaction"          hash=0x88b902c5429f6b7441a9f8d9825d53754fc3bc2a4020b9dc330bce0a20f482b7 from=0x66e0851F1a162869024b4C9f6b1C4Fc5cb4832F1 to=0x0000000000000000000000000000000000000000
t=2023-06-02T16:09:00+0800 lvl=trce msg="Removed old queued transactions"        count=0
t=2023-06-02T16:09:00+0800 lvl=trce msg="Removed unpayable queued transactions"  count=0
t=2023-06-02T16:09:00+0800 lvl=trce msg="Promoted queued transactions"           count=1
t=2023-06-02T16:09:00+0800 lvl=trce msg="Pooled new future transaction"          hash=0x0db7e5b436389d1588086b52b9f56b2fbf7bceaf4e82ab27de5b4e0540083287 from=0x66e0851F1a162869024b4C9f6b1C4Fc5cb4832F1 to=0x0000000000000000000000000000000000000000
t=2023-06-02T16:09:00+0800 lvl=trce msg="Removed old queued transactions"        count=0
t=2023-06-02T16:09:00+0800 lvl=trce msg="Removed unpayable queued transactions"  count=0
t=2023-06-02T16:09:00+0800 lvl=trce msg="Promoted queued transactions"           count=0
t=2023-06-02T16:09:00+0800 lvl=trce msg="Pooled new future transaction"          hash=0x6ed519e9a92d35b40bfe0d24c625996fe8561d65d0bda44bc2fbfd43b25351a0 from=0x7628e7c918DAaf4dfbF615023fDBcF72b8479bCe to=0x0000000000000000000000000000000000000000
t=2023-06-02T16:09:00+0800 lvl=trce msg="Removed old queued transactions"        count=0
t=2023-06-02T16:09:00+0800 lvl=trce msg="Removed unpayable queued transactions"  count=0
t=2023-06-02T16:09:00+0800 lvl=trce msg="Promoted queued transactions"           count=1
t=2023-06-02T16:09:00+0800 lvl=trce msg="Pooled new future transaction"          hash=0xe87ffd1addb123fa506e885cb07cb93094480add4fc4742b103511e8bb6c602c from=0x7628e7c918DAaf4dfbF615023fDBcF72b8479bCe to=0x0000000000000000000000000000000000000000
t=2023-06-02T16:09:00+0800 lvl=trce msg="Removed old queued transactions"        count=0
t=2023-06-02T16:09:00+0800 lvl=trce msg="Removed unpayable queued transactions"  count=0
t=2023-06-02T16:09:00+0800 lvl=trce msg="Promoted queued transactions"           count=0
t=2023-06-02T16:09:00+0800 lvl=trce msg="Pooled new future transaction"          hash=0xdac99734439caec8ce4e161ccefc5602aee7761b80d51b35fcd71730851f01b6 from=0x66e0851F1a162869024b4C9f6b1C4Fc5cb4832F1 to=0x0000000000000000000000000000000000000000
t=2023-06-02T16:09:00+0800 lvl=trce msg="Removed old queued transactions"        count=0
t=2023-06-02T16:09:00+0800 lvl=trce msg="Removed unpayable queued transactions"  count=0
t=2023-06-02T16:09:00+0800 lvl=trce msg="Promoted queued transactions"           count=1
t=2023-06-02T16:09:00+0800 lvl=trce msg="Pooled new future transaction"          hash=0xd3216825f35cec4f1c3dd13f28f273f55e1cb2326047580d29834e03dbb5c72d from=0x66e0851F1a162869024b4C9f6b1C4Fc5cb4832F1 to=0x0000000000000000000000000000000000000000
t=2023-06-02T16:09:00+0800 lvl=trce msg="Removed old queued transactions"        count=0
t=2023-06-02T16:09:00+0800 lvl=trce msg="Removed unpayable queued transactions"  count=0
t=2023-06-02T16:09:00+0800 lvl=trce msg="Promoted queued transactions"           count=0
t=2023-06-02T16:09:00+0800 lvl=trce msg="Pooled new future transaction"          hash=0x39f24492a13c9c8c5123de0be68e9381a44023a7e327ca8e86c05930e6d8f046 from=0x7628e7c918DAaf4dfbF615023fDBcF72b8479bCe to=0x0000000000000000000000000000000000000000
t=2023-06-02T16:09:00+0800 lvl=trce msg="Removed old queued transactions"        count=0
t=2023-06-02T16:09:00+0800 lvl=trce msg="Removed unpayable queued transactions"  count=0
t=2023-06-02T16:09:00+0800 lvl=trce msg="Promoted queued transactions"           count=1
t=2023-06-02T16:09:00+0800 lvl=trce msg="Pooled new future transaction"          hash=0xe0838101198fa5d4280c36e9846e7594d3607991dd02009790a5e736062f31dc from=0x7628e7c918DAaf4dfbF615023fDBcF72b8479bCe to=0x0000000000000000000000000000000000000000
t=2023-06-02T16:09:00+0800 lvl=trce msg="Removed old queued transactions"        count=0
t=2023-06-02T16:09:00+0800 lvl=trce msg="Removed unpayable queued transactions"  count=0
t=2023-06-02T16:09:00+0800 lvl=trce msg="Promoted queued transactions"           count=0
t=2023-06-02T16:09:00+0800 lvl=trce msg="Pooled new future transaction"          hash=0xe3b8e58565029b8d10b8c4bc1c3f12fc2cf5d832d79ecebd6358231129933c84 from=0x66e0851F1a162869024b4C9f6b1C4Fc5cb4832F1 to=0x0000000000000000000000000000000000000000
t=2023-06-02T16:09:00+0800 lvl=trce msg="Removed old queued transactions"        count=0
t=2023-06-02T16:09:00+0800 lvl=trce msg="Removed unpayable queued transactions"  count=0
t=2023-06-02T16:09:00+0800 lvl=trce msg="Promoted queued transactions"           count=1
t=2023-06-02T16:09:00+0800 lvl=trce msg="Pooled new future transaction"          hash=0xa889f8afc8ba01f2d9df455f4a1fa3a3d1a4d6c910df0c5f7f6df9949d24ad59 from=0x66e0851F1a162869024b4C9f6b1C4Fc5cb4832F1 to=0x0000000000000000000000000000000000000000
t=2023-06-02T16:09:00+0800 lvl=trce msg="Removed old queued transactions"        count=0
t=2023-06-02T16:09:00+0800 lvl=trce msg="Removed unpayable queued transactions"  count=0
t=2023-06-02T16:09:00+0800 lvl=trce msg="Promoted queued transactions"           count=0
t=2023-06-02T16:09:00+0800 lvl=trce msg="Pooled new future transaction"          hash=0x173747d2b0aba20402d92c4578f34235857860c03ac093aadaf7db769bdc27fe from=0x7628e7c918DAaf4dfbF615023fDBcF72b8479bCe to=0x0000000000000000000000000000000000000000
t=2023-06-02T16:09:00+0800 lvl=trce msg="Removed old queued transactions"        count=0
t=2023-06-02T16:09:00+0800 lvl=trce msg="Removed unpayable queued transactions"  count=0
t=2023-06-02T16:09:00+0800 lvl=trce msg="Promoted queued transactions"           count=1
t=2023-06-02T16:09:00+0800 lvl=trce msg="Pooled new future transaction"          hash=0xcf7833e92ed3ce1807af08b509bb2d225d6ce4a2142fc6c810e16c8b85a144a5 from=0x7628e7c918DAaf4dfbF615023fDBcF72b8479bCe to=0x0000000000000000000000000000000000000000
t=2023-06-02T16:09:00+0800 lvl=trce msg="Removed old queued transactions"        count=0
t=2023-06-02T16:09:00+0800 lvl=trce msg="Removed unpayable queued transactions"  count=0
t=2023-06-02T16:09:00+0800 lvl=trce msg="Promoted queued transactions"           count=0
t=2023-06-02T16:09:00+0800 lvl=trce msg="Pooled new future transaction"          hash=0xb0448b4297f89adcb36945ceb3fea6e153a268b0b646fb630d707f77a4658285 from=0x66e0851F1a162869024b4C9f6b1C4Fc5cb4832F1 to=0x0000000000000000000000000000000000000000
t=2023-06-02T16:09:00+0800 lvl=trce msg="Removed old queued transactions"        count=0
t=2023-06-02T16:09:00+0800 lvl=trce msg="Removed unpayable queued transactions"  count=0
t=2023-06-02T16:09:00+0800 lvl=trce msg="Promoted queued transactions"           count=1
t=2023-06-02T16:09:00+0800 lvl=trce msg="Pooled new future transaction"          hash=0x74a17cb7d85b36bdcefa9c49860419bb29c269e715f08d631d69982513d67479 from=0x66e0851F1a162869024b4C9f6b1C4Fc5cb4832F1 to=0x0000000000000000000000000000000000000000
t=2023-06-02T16:09:00+0800 lvl=trce msg="Removed old queued transactions"        count=0
t=2023-06-02T16:09:00+0800 lvl=trce msg="Removed unpayable queued transactions"  count=0
t=2023-06-02T16:09:00+0800 lvl=trce msg="Promoted queued transactions"           count=0
t=2023-06-02T16:09:00+0800 lvl=trce msg="Pooled new future transaction"          hash=0x5d840ac429cef1b06571fb239cc5f6b23acb76052fbaebd64b43eba46d937c30 from=0x7628e7c918DAaf4dfbF615023fDBcF72b8479bCe to=0x0000000000000000000000000000000000000000
t=2023-06-02T16:09:00+0800 lvl=trce msg="Removed old queued transactions"        count=0
t=2023-06-02T16:09:00+0800 lvl=trce msg="Removed unpayable queued transactions"  count=0
t=2023-06-02T16:09:00+0800 lvl=trce msg="Promoted queued transactions"           count=1
t=2023-06-02T16:09:00+0800 lvl=trce msg="Pooled new future transaction"          hash=0x05062d03c387398885c8e5f0dea2239c88b63e85cccc111034db076571444a3a from=0x7628e7c918DAaf4dfbF615023fDBcF72b8479bCe to=0x0000000000000000000000000000000000000000
t=2023-06-02T16:09:00+0800 lvl=trce msg="Removed old queued transactions"        count=0
t=2023-06-02T16:09:00+0800 lvl=trce msg="Removed unpayable queued transactions"  count=0
t=2023-06-02T16:09:00+0800 lvl=trce msg="Promoted queued transactions"           count=0
t=2023-06-02T16:09:00+0800 lvl=trce msg="Pooled new future transaction"          hash=0x6a13ca130e0b19f9e504f5290bdf691a712157470c5bb97c71430f57e0325d1b from=0x66e0851F1a162869024b4C9f6b1C4Fc5cb4832F1 to=0x0000000000000000000000000000000000000000
t=2023-06-02T16:09:00+0800 lvl=trce msg="Removed old queued transactions"        count=0
t=2023-06-02T16:09:00+0800 lvl=trce msg="Removed unpayable queued transactions"  count=0
t=2023-06-02T16:09:00+0800 lvl=trce msg="Promoted queued transactions"           count=1
t=2023-06-02T16:09:00+0800 lvl=trce msg="Pooled new future transaction"          hash=0x0838c4a27dd8ba56ebaee3a6704f0770784c25715bdb80221e8006f8c55c25a8 from=0x66e0851F1a162869024b4C9f6b1C4Fc5cb4832F1 to=0x0000000000000000000000000000000000000000
t=2023-06-02T16:09:00+0800 lvl=trce msg="Removed old queued transactions"        count=0
t=2023-06-02T16:09:00+0800 lvl=trce msg="Removed unpayable queued transactions"  count=0
t=2023-06-02T16:09:00+0800 lvl=trce msg="Promoted queued transactions"           count=0
t=2023-06-02T16:09:00+0800 lvl=trce msg="Pooled new future transaction"          hash=0x9dec9f89e0a4ca575de88321a594a43e14d93558fce40697a363c4adf700f594 from=0x7628e7c918DAaf4dfbF615023fDBcF72b8479bCe to=0x0000000000000000000000000000000000000000
t=2023-06-02T16:09:00+0800 lvl=trce msg="Removed old queued transactions"        count=0
t=2023-06-02T16:09:00+0800 lvl=trce msg="Removed unpayable queued transactions"  count=0
t=2023-06-02T16:09:00+0800 lvl=trce msg="Promoted queued transactions"           count=1
t=2023-06-02T16:09:00+0800 lvl=trce msg="Pooled new future transaction"          hash=0xf4f030d68e097cdce2dfb536e5bd62f43ee69cc15e42412c20e16908cec4c13f from=0x7628e7c918DAaf4dfbF615023fDBcF72b8479bCe to=0x0000000000000000000000000000000000000000
t=2023-06-02T16:09:00+0800 lvl=trce msg="Removed old queued transactions"        count=0
t=2023-06-02T16:09:00+0800 lvl=trce msg="Removed unpayable queued transactions"  count=0
t=2023-06-02T16:09:00+0800 lvl=trce msg="Promoted queued transactions"           count=0
t=2023-06-02T16:09:00+0800 lvl=trce msg="Pooled new future transaction"          hash=0x48487f2ce3731fa4cff678f0f41b0be806c4e8d9a7987c483361f29ee0c8563a from=0x66e0851F1a162869024b4C9f6b1C4Fc5cb4832F1 to=0x0000000000000000000000000000000000000000
t=2023-06-02T16:09:00+0800 lvl=trce msg="Removed old queued transactions"        count=0
t=2023-06-02T16:09:00+0800 lvl=trce msg="Removed unpayable queued transactions"  count=0
t=2023-06-02T16:09:00+0800 lvl=trce msg="Promoted queued transactions"           count=1
t=2023-06-02T16:09:00+0800 lvl=trce msg="Pooled new future transaction"          hash=0xf0b01d28eb02b7a47318fed6d80001c9bc7977a724ed5be503f0e16d12de9183 from=0x66e0851F1a162869024b4C9f6b1C4Fc5cb4832F1 to=0x0000000000000000000000000000000000000000
t=2023-06-02T16:09:00+0800 lvl=trce msg="Removed old queued transactions"        count=0
t=2023-06-02T16:09:00+0800 lvl=trce msg="Removed unpayable queued transactions"  count=0
t=2023-06-02T16:09:00+0800 lvl=trce msg="Promoted queued transactions"           count=0
t=2023-06-02T16:09:00+0800 lvl=trce msg="Pooled new future transaction"          hash=0x19cff00c567787c028baae357d8e8291b4695b53eb2b84190000edaaf884bddd from=0x7628e7c918DAaf4dfbF615023fDBcF72b8479bCe to=0x0000000000000000000000000000000000000000
t=2023-06-02T16:09:00+0800 lvl=trce msg="Removed old queued transactions"        count=0
t=2023-06-02T16:09:00+0800 lvl=trce msg="Removed unpayable queued transactions"  count=0
t=2023-06-02T16:09:00+0800 lvl=trce msg="Promoted queued transactions"           count=1
t=2023-06-02T16:09:00+0800 lvl=trce msg="Pooled new future transaction"          hash=0xe869a6939684645736cbc59e47525c21e83d97c37e30ec7d69264a6ca2ff6d98 from=0x7628e7c918DAaf4dfbF615023fDBcF72b8479bCe to=0x0000000000000000000000000000000000000000
t=2023-06-02T16:09:00+0800 lvl=trce msg="Removed old queued transactions"        count=0
t=2023-06-02T16:09:00+0800 lvl=trce msg="Removed unpayable queued transactions"  count=0
t=2023-06-02T16:09:00+0800 lvl=trce msg="Promoted queued transactions"           count=0
t=2023-06-02T16:09:00+0800 lvl=trce msg="Pooled new future transaction"          hash=0x47207e112870e2cee67206c9404c6845978919e1f540f67d2a406c7d7a836728 from=0x66e0851F1a162869024b4C9f6b1C4Fc5cb4832F1 to=0x0000000000000000000000000000000000000000
t=2023-06-02T16:09:00+0800 lvl=trce msg="Removed old queued transactions"        count=0
t=2023-06-02T16:09:00+0800 lvl=trce msg="Removed unpayable queued transactions"  count=0
t=2023-06-02T16:09:00+0800 lvl=trce msg="Promoted queued transactions"           count=1
t=2023-06-02T16:09:00+0800 lvl=trce msg="Pooled new future transaction"          hash=0x9bea4af662064b17d684a4b5373afd6cf6b1426b74af5dc32d55bc62544bd5bf from=0x66e0851F1a162869024b4C9f6b1C4Fc5cb4832F1 to=0x0000000000000000000000000000000000000000
t=2023-06-02T16:09:00+0800 lvl=trce msg="Removed old queued transactions"        count=0
t=2023-06-02T16:09:00+0800 lvl=trce msg="Removed unpayable queued transactions"  count=0
t=2023-06-02T16:09:00+0800 lvl=trce msg="Promoted queued transactions"           count=0
t=2023-06-02T16:09:00+0800 lvl=trce msg="Pooled new future transaction"          hash=0x0ae5e313bdd2a38a144e9704fcc5bb99c1c7e367c02e3bd34badb5bacd5fea72 from=0x7628e7c918DAaf4dfbF615023fDBcF72b8479bCe to=0x0000000000000000000000000000000000000000
t=2023-06-02T16:09:00+0800 lvl=trce msg="Removed old queued transactions"        count=0
t=2023-06-02T16:09:00+0800 lvl=trce msg="Removed unpayable queued transactions"  count=0
t=2023-06-02T16:09:00+0800 lvl=trce msg="Promoted queued transactions"           count=1
t=2023-06-02T16:09:00+0800 lvl=trce msg="Pooled new future transaction"          hash=0x807124ff13f81ab07e7264c93a07461693024fdda10e8edcf223b56d2dbde741 from=0x7628e7c918DAaf4dfbF615023fDBcF72b8479bCe to=0x0000000000000000000000000000000000000000
t=2023-06-02T16:09:00+0800 lvl=trce msg="Removed old queued transactions"        count=0
t=2023-06-02T16:09:00+0800 lvl=trce msg="Removed unpayable queued transactions"  count=0
t=2023-06-02T16:09:00+0800 lvl=trce msg="Promoted queued transactions"           count=0
t=2023-06-02T16:09:00+0800 lvl=trce msg="Pooled new future transaction"          hash=0xbb875a667063823c3940291dc4ab1253280a0820dc683fc255eec5568c032e28 from=0x66e0851F1a162869024b4C9f6b1C4Fc5cb4832F1 to=0x0000000000000000000000000000000000000000
t=2023-06-02T16:09:00+0800 lvl=trce msg="Removed old queued transactions"        count=0
t=2023-06-02T16:09:00+0800 lvl=trce msg="Removed unpayable queued transactions"  count=0
t=2023-06-02T16:09:00+0800 lvl=trce msg="Promoted queued transactions"           count=1
t=2023-06-02T16:09:00+0800 lvl=trce msg="Pooled new future transaction"          hash=0x64d240980212779ec64d86f66d8d1f947e371a74fffd6c9166ae7f90fccf4b3e from=0x66e0851F1a162869024b4C9f6b1C4Fc5cb4832F1 to=0x0000000000000000000000000000000000000000
t=2023-06-02T16:09:00+0800 lvl=trce msg="Removed old queued transactions"        count=0
t=2023-06-02T16:09:00+0800 lvl=trce msg="Removed unpayable queued transactions"  count=0
t=2023-06-02T16:09:00+0800 lvl=trce msg="Promoted queued transactions"           count=0
t=2023-06-02T16:09:00+0800 lvl=trce msg="Pooled new future transaction"          hash=0xe71c5f594a015333f307467d317c92bf58d146eb8d3f82684517c7e274d1eee0 from=0x7628e7c918DAaf4dfbF615023fDBcF72b8479bCe to=0x0000000000000000000000000000000000000000
t=2023-06-02T16:09:00+0800 lvl=trce msg="Removed old queued transactions"        count=0
t=2023-06-02T16:09:00+0800 lvl=trce msg="Removed unpayable queued transactions"  count=0
t=2023-06-02T16:09:00+0800 lvl=trce msg="Promoted queued transactions"           count=1
t=2023-06-02T16:09:00+0800 lvl=trce msg="Pooled new future transaction"          hash=0x55149940d7b61a456b99fcb16a4d5a77dfde68759b5ad0f92b6f32d313d88c08 from=0x7628e7c918DAaf4dfbF615023fDBcF72b8479bCe to=0x0000000000000000000000000000000000000000
t=2023-06-02T16:09:00+0800 lvl=trce msg="Removed old queued transactions"        count=0
t=2023-06-02T16:09:00+0800 lvl=trce msg="Removed unpayable queued transactions"  count=0
t=2023-06-02T16:09:00+0800 lvl=trce msg="Promoted queued transactions"           count=0
t=2023-06-02T16:09:00+0800 lvl=trce msg="Pooled new future transaction"          hash=0x078bf0b19faa98ca924e24b70e2e1c94d7f251aa9e0b4342f3713b6a767145da from=0x66e0851F1a162869024b4C9f6b1C4Fc5cb4832F1 to=0x0000000000000000000000000000000000000000
t=2023-06-02T16:09:00+0800 lvl=trce msg="Removed old queued transactions"        count=0
t=2023-06-02T16:09:00+0800 lvl=trce msg="Removed unpayable queued transactions"  count=0
t=2023-06-02T16:09:00+0800 lvl=trce msg="Promoted queued transactions"           count=1
t=2023-06-02T16:09:00+0800 lvl=trce msg="Pooled new future transaction"          hash=0xf66852ccf360d6e24908f50f3cfd3a104365e092f9d2f673f7e2671287c79803 from=0x66e0851F1a162869024b4C9f6b1C4Fc5cb4832F1 to=0x0000000000000000000000000000000000000000
t=2023-06-02T16:09:00+0800 lvl=trce msg="Removed old queued transactions"        count=0
t=2023-06-02T16:09:00+0800 lvl=trce msg="Removed unpayable queued transactions"  count=0
t=2023-06-02T16:09:00+0800 lvl=trce msg="Promoted queued transactions"           count=0
t=2023-06-02T16:09:00+0800 lvl=trce msg="Pooled new future transaction"          hash=0x178acaf872ac7d789c73035a3b7ffc3b5fd74657a1fb471efeeecbb088781589 from=0x7628e7c918DAaf4dfbF615023fDBcF72b8479bCe to=0x0000000000000000000000000000000000000000
t=2023-06-02T16:09:00+0800 lvl=trce msg="Removed old queued transactions"        count=0
t=2023-06-02T16:09:00+0800 lvl=trce msg="Removed unpayable queued transactions"  count=0
t=2023-06-02T16:09:00+0800 lvl=trce msg="Promoted queued transactions"           count=1
t=2023-06-02T16:09:00+0800 lvl=trce msg="Pooled new future transaction"          hash=0xa6fb0d3a4d45affc00019caea2a84b6f59322d72f87bcb36ab594c080e0b2027 from=0x7628e7c918DAaf4dfbF615023fDBcF72b8479bCe to=0x0000000000000000000000000000000000000000
t=2023-06-02T16:09:00+0800 lvl=trce msg="Removed old queued transactions"        count=0
t=2023-06-02T16:09:00+0800 lvl=trce msg="Removed unpayable queued transactions"  count=0
t=2023-06-02T16:09:00+0800 lvl=trce msg="Promoted queued transactions"           count=0
t=2023-06-02T16:09:00+0800 lvl=trce msg="Pooled new future transaction"          hash=0xf49294f03e1c366fa39e01284748deb5b6b9343f22721d9ece822a51fe6d45a8 from=0x66e0851F1a162869024b4C9f6b1C4Fc5cb4832F1 to=0x0000000000000000000000000000000000000000
t=2023-06-02T16:09:00+0800 lvl=trce msg="Removed old queued transactions"        count=0
t=2023-06-02T16:09:00+0800 lvl=trce msg="Removed unpayable queued transactions"  count=0
t=2023-06-02T16:09:00+0800 lvl=trce msg="Promoted queued transactions"           count=1
t=2023-06-02T16:09:00+0800 lvl=trce msg="Pooled new future transaction"          hash=0x4e2189246e66e2532abc62d4cdae17c47b96a24d5b16f725212742513e675a61 from=0x66e0851F1a162869024b4C9f6b1C4Fc5cb4832F1 to=0x0000000000000000000000000000000000000000
t=2023-06-02T16:09:00+0800 lvl=trce msg="Removed old queued transactions"        count=0
t=2023-06-02T16:09:00+0800 lvl=trce msg="Removed unpayable queued transactions"  count=0
t=2023-06-02T16:09:00+0800 lvl=trce msg="Promoted queued transactions"           count=0
t=2023-06-02T16:09:00+0800 lvl=trce msg="Pooled new future transaction"          hash=0x6a652e23c8f60c36b15560c1aa8241eb0a9be124bea2bc9f6e3ff47812c72b71 from=0x7628e7c918DAaf4dfbF615023fDBcF72b8479bCe to=0x0000000000000000000000000000000000000000
t=2023-06-02T16:09:00+0800 lvl=trce msg="Removed old queued transactions"        count=0
t=2023-06-02T16:09:00+0800 lvl=trce msg="Removed unpayable queued transactions"  count=0
t=2023-06-02T16:09:00+0800 lvl=trce msg="Promoted queued transactions"           count=1
t=2023-06-02T16:09:00+0800 lvl=trce msg="Pooled new future transaction"          hash=0x7e8e6fbc12c183b8d18dc469b8da84fd6b8eb01e26b42720e3f92237b0beb289 from=0x7628e7c918DAaf4dfbF615023fDBcF72b8479bCe to=0x0000000000000000000000000000000000000000
t=2023-06-02T16:09:00+0800 lvl=trce msg="Removed old queued transactions"        count=0
t=2023-06-02T16:09:00+0800 lvl=trce msg="Removed unpayable queued transactions"  count=0
t=2023-06-02T16:09:00+0800 lvl=trce msg="Promoted queued transactions"           count=0
t=2023-06-02T16:09:00+0800 lvl=trce msg="Pooled new future transaction"          hash=0x6525eb5cf651dc84f314f0f3005461ed91fd99f9d21d9ebb06eac666659b8b39 from=0x66e0851F1a162869024b4C9f6b1C4Fc5cb4832F1 to=0x0000000000000000000000000000000000000000
t=2023-06-02T16:09:00+0800 lvl=trce msg="Removed old queued transactions"        count=0
t=2023-06-02T16:09:00+0800 lvl=trce msg="Removed unpayable queued transactions"  count=0
t=2023-06-02T16:09:00+0800 lvl=trce msg="Promoted queued transactions"           count=1
t=2023-06-02T16:09:00+0800 lvl=trce msg="Pooled new future transaction"          hash=0x82a7c93d75dec9ca5d462e8604554dd9fba61afaccf03bf63f9ad8e773f0b52a from=0x66e0851F1a162869024b4C9f6b1C4Fc5cb4832F1 to=0x0000000000000000000000000000000000000000
t=2023-06-02T16:09:00+0800 lvl=trce msg="Removed old queued transactions"        count=0
t=2023-06-02T16:09:00+0800 lvl=trce msg="Removed unpayable queued transactions"  count=0
t=2023-06-02T16:09:00+0800 lvl=trce msg="Promoted queued transactions"           count=0
t=2023-06-02T16:09:00+0800 lvl=trce msg="Pooled new future transaction"          hash=0x5046cfc797486f3814aedacaa576b32436bf570cb5ada3b0f1382242678f44d0 from=0x7628e7c918DAaf4dfbF615023fDBcF72b8479bCe to=0x0000000000000000000000000000000000000000
t=2023-06-02T16:09:00+0800 lvl=trce msg="Removed old queued transactions"        count=0
t=2023-06-02T16:09:00+0800 lvl=trce msg="Removed unpayable queued transactions"  count=0
t=2023-06-02T16:09:00+0800 lvl=trce msg="Promoted queued transactions"           count=1
t=2023-06-02T16:09:00+0800 lvl=trce msg="Pooled new future transaction"          hash=0xbdb528420e2ba71a7b16ca5476162a2f803a7ad929ef3d362a620fd563111931 from=0x7628e7c918DAaf4dfbF615023fDBcF72b8479bCe to=0x0000000000000000000000000000000000000000
t=2023-06-02T16:09:00+0800 lvl=trce msg="Removed old queued transactions"        count=0
t=2023-06-02T16:09:00+0800 lvl=trce msg="Removed unpayable queued transactions"  count=0
t=2023-06-02T16:09:00+0800 lvl=trce msg="Promoted queued transactions"           count=0
t=2023-06-02T16:09:00+0800 lvl=trce msg="Pooled new future transaction"          hash=0xde9e2f59742eab2ff8896201f28a09bb2c156311bc98ae2837f576ef5366c5d5 from=0x66e0851F1a162869024b4C9f6b1C4Fc5cb4832F1 to=0x0000000000000000000000000000000000000000
t=2023-06-02T16:09:00+0800 lvl=trce msg="Removed old queued transactions"        count=0
t=2023-06-02T16:09:00+0800 lvl=trce msg="Removed unpayable queued transactions"  count=0
t=2023-06-02T16:09:00+0800 lvl=trce msg="Promoted queued transactions"           count=1
t=2023-06-02T16:09:00+0800 lvl=trce msg="Pooled new future transaction"          hash=0x5ed329ae8e9c76a987e5725cf12bd38ebaff1d42e9697320518550dfc2b05e09 from=0x66e0851F1a162869024b4C9f6b1C4Fc5cb4832F1 to=0x0000000000000000000000000000000000000000
t=2023-06-02T16:09:00+0800 lvl=trce msg="Removed old queued transactions"        count=0
t=2023-06-02T16:09:00+0800 lvl=trce msg="Removed unpayable queued transactions"  count=0
t=2023-06-02T16:09:00+0800 lvl=trce msg="Promoted queued transactions"           count=0
t=2023-06-02T16:09:00+0800 lvl=trce msg="Pooled new future transaction"          hash=0x5934296db6f45e728df3aeac5568d99f0bb5c40758a2a984ff14f52fa5d12e58 from=0x7628e7c918DAaf4dfbF615023fDBcF72b8479bCe to=0x0000000000000000000000000000000000000000
t=2023-06-02T16:09:00+0800 lvl=trce msg="Removed old queued transactions"        count=0
t=2023-06-02T16:09:00+0800 lvl=trce msg="Removed unpayable queued transactions"  count=0
t=2023-06-02T16:09:00+0800 lvl=trce msg="Promoted queued transactions"           count=1
t=2023-06-02T16:09:00+0800 lvl=trce msg="Pooled new future transaction"          hash=0x6acac8a10fa763db5fd86f98008dd80ef7bd70c702a22f4502b6f566636ad5ec from=0x7628e7c918DAaf4dfbF615023fDBcF72b8479bCe to=0x0000000000000000000000000000000000000000
t=2023-06-02T16:09:00+0800 lvl=trce msg="Removed old queued transactions"        count=0
t=2023-06-02T16:09:00+0800 lvl=trce msg="Removed unpayable queued transactions"  count=0
t=2023-06-02T16:09:00+0800 lvl=trce msg="Promoted queued transactions"           count=0
t=2023-06-02T16:09:00+0800 lvl=trce msg="Pooled new future transaction"          hash=0xb3f77941da049be7487511ffe2e71658b8bcd4e75abdbfc2a8ad78dc0ae319a4 from=0x66e0851F1a162869024b4C9f6b1C4Fc5cb4832F1 to=0x0000000000000000000000000000000000000000
t=2023-06-02T16:09:00+0800 lvl=trce msg="Removed old queued transactions"        count=0
t=2023-06-02T16:09:00+0800 lvl=trce msg="Removed unpayable queued transactions"  count=0
t=2023-06-02T16:09:00+0800 lvl=trce msg="Promoted queued transactions"           count=1
t=2023-06-02T16:09:00+0800 lvl=trce msg="Pooled new future transaction"          hash=0x4ac39040ad87c7b1d5fef39c689b34ade09ff0bb65f242827b5e3a2685cdcc3e from=0x66e0851F1a162869024b4C9f6b1C4Fc5cb4832F1 to=0x0000000000000000000000000000000000000000
t=2023-06-02T16:09:00+0800 lvl=trce msg="Removed old queued transactions"        count=0
t=2023-06-02T16:09:00+0800 lvl=trce msg="Removed unpayable queued transactions"  count=0
t=2023-06-02T16:09:00+0800 lvl=trce msg="Promoted queued transactions"           count=0
t=2023-06-02T16:09:00+0800 lvl=trce msg="Pooled new future transaction"          hash=0x133b1851c34afe2bde96704a1f3a61f95db934dd9f6ee9c3aa8ed4290da43dff from=0x7628e7c918DAaf4dfbF615023fDBcF72b8479bCe to=0x0000000000000000000000000000000000000000
t=2023-06-02T16:09:00+0800 lvl=trce msg="Removed old queued transactions"        count=0
t=2023-06-02T16:09:00+0800 lvl=trce msg="Removed unpayable queued transactions"  count=0
t=2023-06-02T16:09:00+0800 lvl=trce msg="Promoted queued transactions"           count=1
t=2023-06-02T16:09:00+0800 lvl=trce msg="Pooled new future transaction"          hash=0xce332ad49b15e321c029337cf72ba62050e1d9f96c26c84cc0b5c18c9e5c05b7 from=0x7628e7c918DAaf4dfbF615023fDBcF72b8479bCe to=0x0000000000000000000000000000000000000000
t=2023-06-02T16:09:00+0800 lvl=trce msg="Removed old queued transactions"        count=0
t=2023-06-02T16:09:00+0800 lvl=trce msg="Removed unpayable queued transactions"  count=0
t=2023-06-02T16:09:00+0800 lvl=trce msg="Promoted queued transactions"           count=0
t=2023-06-02T16:09:00+0800 lvl=trce msg="Pooled new future transaction"          hash=0x31249e480439211cb8c09a2cf30421aadb6eae6bb0f17e1de88d55292f08a327 from=0x66e0851F1a162869024b4C9f6b1C4Fc5cb4832F1 to=0x0000000000000000000000000000000000000000
t=2023-06-02T16:09:00+0800 lvl=trce msg="Removed old queued transactions"        count=0
t=2023-06-02T16:09:00+0800 lvl=trce msg="Removed unpayable queued transactions"  count=0
t=2023-06-02T16:09:00+0800 lvl=trce msg="Promoted queued transactions"           count=1
t=2023-06-02T16:09:00+0800 lvl=trce msg="Pooled new future transaction"          hash=0x7ee7b8c3714fac35eab01f41319179b8665117a2d6e5a1a9a88e2e3d49e59894 from=0x66e0851F1a162869024b4C9f6b1C4Fc5cb4832F1 to=0x0000000000000000000000000000000000000000
t=2023-06-02T16:09:00+0800 lvl=trce msg="Removed old queued transactions"        count=0
t=2023-06-02T16:09:00+0800 lvl=trce msg="Removed unpayable queued transactions"  count=0
t=2023-06-02T16:09:00+0800 lvl=trce msg="Promoted queued transactions"           count=0
t=2023-06-02T16:09:00+0800 lvl=trce msg="Pooled new future transaction"          hash=0xabdd9ef0422be8d7c55b6548f3b31270c8e7c1ef3a415282ded7c84b71fe3e93 from=0x7628e7c918DAaf4dfbF615023fDBcF72b8479bCe to=0x0000000000000000000000000000000000000000
t=2023-06-02T16:09:00+0800 lvl=trce msg="Removed old queued transactions"        count=0
t=2023-06-02T16:09:00+0800 lvl=trce msg="Removed unpayable queued transactions"  count=0
t=2023-06-02T16:09:00+0800 lvl=trce msg="Promoted queued transactions"           count=1
t=2023-06-02T16:09:00+0800 lvl=trce msg="Pooled new future transaction"          hash=0xce3c847398c1e49dd947f3236f1da5271727c3f9fe8cd90cccbe9b9200013837 from=0x7628e7c918DAaf4dfbF615023fDBcF72b8479bCe to=0x0000000000000000000000000000000000000000
t=2023-06-02T16:09:00+0800 lvl=trce msg="Removed old queued transactions"        count=0
t=2023-06-02T16:09:00+0800 lvl=trce msg="Removed unpayable queued transactions"  count=0
t=2023-06-02T16:09:00+0800 lvl=trce msg="Promoted queued transactions"           count=0
t=2023-06-02T16:09:00+0800 lvl=trce msg="Pooled new future transaction"          hash=0x59e2d27ac53041446ddf9cb3220b599eb082f21c811a24e39d351a61e05973dd from=0x66e0851F1a162869024b4C9f6b1C4Fc5cb4832F1 to=0x0000000000000000000000000000000000000000
t=2023-06-02T16:09:00+0800 lvl=trce msg="Removed old queued transactions"        count=0
t=2023-06-02T16:09:00+0800 lvl=trce msg="Removed unpayable queued transactions"  count=0
t=2023-06-02T16:09:00+0800 lvl=trce msg="Promoted queued transactions"           count=1
t=2023-06-02T16:09:00+0800 lvl=trce msg="Pooled new future transaction"          hash=0x74a8874dc344956c8b0ed38fccb331515431b4cabc624b5b5c7da695f5b4ae0a from=0x66e0851F1a162869024b4C9f6b1C4Fc5cb4832F1 to=0x0000000000000000000000000000000000000000
t=2023-06-02T16:09:00+0800 lvl=trce msg="Removed old queued transactions"        count=0
t=2023-06-02T16:09:00+0800 lvl=trce msg="Removed unpayable queued transactions"  count=0
t=2023-06-02T16:09:00+0800 lvl=trce msg="Promoted queued transactions"           count=0
t=2023-06-02T16:09:00+0800 lvl=trce msg="Pooled new future transaction"          hash=0x4cdfdb28a07aa74ed214144ad93785ba876d478d65570c6465751a8409d63f1b from=0x7628e7c918DAaf4dfbF615023fDBcF72b8479bCe to=0x0000000000000000000000000000000000000000
t=2023-06-02T16:09:00+0800 lvl=trce msg="Removed old queued transactions"        count=0
t=2023-06-02T16:09:00+0800 lvl=trce msg="Removed unpayable queued transactions"  count=0
t=2023-06-02T16:09:00+0800 lvl=trce msg="Promoted queued transactions"           count=1
t=2023-06-02T16:09:00+0800 lvl=trce msg="Pooled new future transaction"          hash=0xb1357cd77335b9dad90f63f359bca2e397ffc7262f47ca84ddff1dbba62114c9 from=0x7628e7c918DAaf4dfbF615023fDBcF72b8479bCe to=0x0000000000000000000000000000000000000000
t=2023-06-02T16:09:00+0800 lvl=trce msg="Removed old queued transactions"        count=0
t=2023-06-02T16:09:00+0800 lvl=trce msg="Removed unpayable queued transactions"  count=0
t=2023-06-02T16:09:00+0800 lvl=trce msg="Promoted queued transactions"           count=0
t=2023-06-02T16:09:00+0800 lvl=trce msg="Pooled new future transaction"          hash=0xc9c1809c58ed4b8ffbd67ef32d525fb03f9933086b6ea2e7aa8f39e27964c98d from=0x66e0851F1a162869024b4C9f6b1C4Fc5cb4832F1 to=0x0000000000000000000000000000000000000000
t=2023-06-02T16:09:00+0800 lvl=trce msg="Removed old queued transactions"        count=0
t=2023-06-02T16:09:00+0800 lvl=trce msg="Removed unpayable queued transactions"  count=0
t=2023-06-02T16:09:00+0800 lvl=trce msg="Promoted queued transactions"           count=1
t=2023-06-02T16:09:00+0800 lvl=trce msg="Pooled new future transaction"          hash=0x3ca759089171e51874b288bf6e7d958aeb34f0015cd3f0407f39b12da2b2c99b from=0x66e0851F1a162869024b4C9f6b1C4Fc5cb4832F1 to=0x0000000000000000000000000000000000000000
t=2023-06-02T16:09:00+0800 lvl=trce msg="Removed old queued transactions"        count=0
t=2023-06-02T16:09:00+0800 lvl=trce msg="Removed unpayable queued transactions"  count=0
t=2023-06-02T16:09:00+0800 lvl=trce msg="Promoted queued transactions"           count=0
t=2023-06-02T16:09:00+0800 lvl=trce msg="Pooled new future transaction"          hash=0xd5d7c4cc9fe5f4126e0ca9d4e6d66a2835098a103cdfa2b5c279f4449be83b5b from=0x7628e7c918DAaf4dfbF615023fDBcF72b8479bCe to=0x0000000000000000000000000000000000000000
t=2023-06-02T16:09:00+0800 lvl=trce msg="Removed old queued transactions"        count=0
t=2023-06-02T16:09:00+0800 lvl=trce msg="Removed unpayable queued transactions"  count=0
t=2023-06-02T16:09:00+0800 lvl=trce msg="Promoted queued transactions"           count=1
t=2023-06-02T16:09:00+0800 lvl=trce msg="Pooled new future transaction"          hash=0x96bc3d8a6c619713d4d265f0485802b72e41f039f06ccb1a856bca9ee678bc60 from=0x7628e7c918DAaf4dfbF615023fDBcF72b8479bCe to=0x0000000000000000000000000000000000000000
t=2023-06-02T16:09:00+0800 lvl=trce msg="Removed old queued transactions"        count=0
t=2023-06-02T16:09:00+0800 lvl=trce msg="Removed unpayable queued transactions"  count=0
t=2023-06-02T16:09:00+0800 lvl=trce msg="Promoted queued transactions"           count=0
t=2023-06-02T16:09:00+0800 lvl=trce msg="Pooled new future transaction"          hash=0xa9f28e4935a749ffb1fc3487af861f1ee85db0423087b1c9e0257fa40edf1232 from=0x66e0851F1a162869024b4C9f6b1C4Fc5cb4832F1 to=0x0000000000000000000000000000000000000000
t=2023-06-02T16:09:00+0800 lvl=trce msg="Removed old queued transactions"        count=0
t=2023-06-02T16:09:00+0800 lvl=trce msg="Removed unpayable queued transactions"  count=0
t=2023-06-02T16:09:00+0800 lvl=trce msg="Promoted queued transactions"           count=1
t=2023-06-02T16:09:00+0800 lvl=trce msg="Pooled new future transaction"          hash=0x69fc43985db8fc94081bf885c15e93b34397afa36e821d4c8780b166d438d337 from=0x66e0851F1a162869024b4C9f6b1C4Fc5cb4832F1 to=0x0000000000000000000000000000000000000000
t=2023-06-02T16:09:00+0800 lvl=trce msg="Removed old queued transactions"        count=0
t=2023-06-02T16:09:00+0800 lvl=trce msg="Removed unpayable queued transactions"  count=0
t=2023-06-02T16:09:00+0800 lvl=trce msg="Promoted queued transactions"           count=0
t=2023-06-02T16:09:00+0800 lvl=trce msg="Pooled new future transaction"          hash=0xb8bd8a6ff515f815e51726150bd296645606fbd347e02c21c458906f5bbd805f from=0x7628e7c918DAaf4dfbF615023fDBcF72b8479bCe to=0x0000000000000000000000000000000000000000
t=2023-06-02T16:09:00+0800 lvl=trce msg="Removed old queued transactions"        count=0
t=2023-06-02T16:09:00+0800 lvl=trce msg="Removed unpayable queued transactions"  count=0
t=2023-06-02T16:09:00+0800 lvl=trce msg="Promoted queued transactions"           count=1
t=2023-06-02T16:09:00+0800 lvl=trce msg="Pooled new future transaction"          hash=0x0f7f1bd4d663a409a2fbe51091d5efa08bdee4b5c5f9971cc7e0e85288c17770 from=0x7628e7c918DAaf4dfbF615023fDBcF72b8479bCe to=0x0000000000000000000000000000000000000000
t=2023-06-02T16:09:00+0800 lvl=trce msg="Removed old queued transactions"        count=0
t=2023-06-02T16:09:00+0800 lvl=trce msg="Removed unpayable queued transactions"  count=0
t=2023-06-02T16:09:00+0800 lvl=trce msg="Promoted queued transactions"           count=0
t=2023-06-02T16:09:00+0800 lvl=trce msg="Pooled new future transaction"          hash=0xc384643859fb6e0400a173d085ade4d2662ea0bc85455f006659bbab37846b05 from=0x66e0851F1a162869024b4C9f6b1C4Fc5cb4832F1 to=0x0000000000000000000000000000000000000000
t=2023-06-02T16:09:00+0800 lvl=trce msg="Removed old queued transactions"        count=0
t=2023-06-02T16:09:00+0800 lvl=trce msg="Removed unpayable queued transactions"  count=0
t=2023-06-02T16:09:00+0800 lvl=trce msg="Promoted queued transactions"           count=1
t=2023-06-02T16:09:00+0800 lvl=trce msg="Pooled new future transaction"          hash=0x503920b38875a464e0b6e0cfe3cda00e90354878fc867497e9c7f2ededc1184c from=0x66e0851F1a162869024b4C9f6b1C4Fc5cb4832F1 to=0x0000000000000000000000000000000000000000
t=2023-06-02T16:09:00+0800 lvl=trce msg="Removed old queued transactions"        count=0
t=2023-06-02T16:09:00+0800 lvl=trce msg="Removed unpayable queued transactions"  count=0
t=2023-06-02T16:09:00+0800 lvl=trce msg="Promoted queued transactions"           count=0
t=2023-06-02T16:09:00+0800 lvl=trce msg="Pooled new future transaction"          hash=0xbe88eb5b09186bfb2e0b98551a873bb9ab52f78d4853c26231db93bce35f1939 from=0x7628e7c918DAaf4dfbF615023fDBcF72b8479bCe to=0x0000000000000000000000000000000000000000
t=2023-06-02T16:09:00+0800 lvl=trce msg="Removed old queued transactions"        count=0
t=2023-06-02T16:09:00+0800 lvl=trce msg="Removed unpayable queued transactions"  count=0
t=2023-06-02T16:09:00+0800 lvl=trce msg="Promoted queued transactions"           count=1
t=2023-06-02T16:09:00+0800 lvl=trce msg="Pooled new future transaction"          hash=0xe2f6506eabb5ed6748f356900020b6c717bff985254954ed322693c485f13287 from=0x7628e7c918DAaf4dfbF615023fDBcF72b8479bCe to=0x0000000000000000000000000000000000000000
t=2023-06-02T16:09:00+0800 lvl=trce msg="Removed old queued transactions"        count=0
t=2023-06-02T16:09:00+0800 lvl=trce msg="Removed unpayable queued transactions"  count=0
t=2023-06-02T16:09:00+0800 lvl=trce msg="Promoted queued transactions"           count=0
t=2023-06-02T16:09:00+0800 lvl=trce msg="Pooled new future transaction"          hash=0x1862abf33cce98149d5423ddff741cc159b3cae84109ef3f44abb27957645590 from=0x66e0851F1a162869024b4C9f6b1C4Fc5cb4832F1 to=0x0000000000000000000000000000000000000000
t=2023-06-02T16:09:00+0800 lvl=trce msg="Removed old queued transactions"        count=0
t=2023-06-02T16:09:00+0800 lvl=trce msg="Removed unpayable queued transactions"  count=0
t=2023-06-02T16:09:00+0800 lvl=trce msg="Promoted queued transactions"           count=1
t=2023-06-02T16:09:00+0800 lvl=trce msg="Pooled new future transaction"          hash=0xe05462c76c1c3552ba9819b91db8c45e82e9f7fc689f719858bc96649189a05c from=0x66e0851F1a162869024b4C9f6b1C4Fc5cb4832F1 to=0x0000000000000000000000000000000000000000
t=2023-06-02T16:09:00+0800 lvl=trce msg="Removed old queued transactions"        count=0
t=2023-06-02T16:09:00+0800 lvl=trce msg="Removed unpayable queued transactions"  count=0
t=2023-06-02T16:09:00+0800 lvl=trce msg="Promoted queued transactions"           count=0
t=2023-06-02T16:09:00+0800 lvl=trce msg="Pooled new future transaction"          hash=0x5734189e14b944ea7799f2689fc196908cbd91300573cd3ed06b169cb281b97e from=0x7628e7c918DAaf4dfbF615023fDBcF72b8479bCe to=0x0000000000000000000000000000000000000000
t=2023-06-02T16:09:00+0800 lvl=trce msg="Removed old queued transactions"        count=0
t=2023-06-02T16:09:00+0800 lvl=trce msg="Removed unpayable queued transactions"  count=0
t=2023-06-02T16:09:00+0800 lvl=trce msg="Promoted queued transactions"           count=1
t=2023-06-02T16:09:00+0800 lvl=trce msg="Pooled new future transaction"          hash=0x7da8be621536e992393356728fb2e815a36a2e848e1450727bfb6f821c8d11e1 from=0x7628e7c918DAaf4dfbF615023fDBcF72b8479bCe to=0x0000000000000000000000000000000000000000
t=2023-06-02T16:09:00+0800 lvl=trce msg="Removed old queued transactions"        count=0
t=2023-06-02T16:09:00+0800 lvl=trce msg="Removed unpayable queued transactions"  count=0
t=2023-06-02T16:09:00+0800 lvl=trce msg="Promoted queued transactions"           count=0
t=2023-06-02T16:09:00+0800 lvl=trce msg="Pooled new future transaction"          hash=0x0db3aea25f4d81a51b2dc5125948f379b01f66e40c3e751c09f0dc8aee6c4caf from=0x66e0851F1a162869024b4C9f6b1C4Fc5cb4832F1 to=0x0000000000000000000000000000000000000000
t=2023-06-02T16:09:00+0800 lvl=trce msg="Removed old queued transactions"        count=0
t=2023-06-02T16:09:00+0800 lvl=trce msg="Removed unpayable queued transactions"  count=0
t=2023-06-02T16:09:00+0800 lvl=trce msg="Promoted queued transactions"           count=1
t=2023-06-02T16:09:00+0800 lvl=trce msg="Pooled new future transaction"          hash=0x9694786b50cd39bb394831297cb1a70683221edade51f7f49a27681aa8d76e91 from=0x66e0851F1a162869024b4C9f6b1C4Fc5cb4832F1 to=0x0000000000000000000000000000000000000000
t=2023-06-02T16:09:00+0800 lvl=trce msg="Removed old queued transactions"        count=0
t=2023-06-02T16:09:00+0800 lvl=trce msg="Removed unpayable queued transactions"  count=0
t=2023-06-02T16:09:00+0800 lvl=trce msg="Promoted queued transactions"           count=0
t=2023-06-02T16:09:00+0800 lvl=trce msg="Pooled new future transaction"          hash=0x80655af48ec279881508b900a54842b2666f86f6dca02e1305eaac09957739e5 from=0x7628e7c918DAaf4dfbF615023fDBcF72b8479bCe to=0x0000000000000000000000000000000000000000
t=2023-06-02T16:09:00+0800 lvl=trce msg="Removed old queued transactions"        count=0
t=2023-06-02T16:09:00+0800 lvl=trce msg="Removed unpayable queued transactions"  count=0
t=2023-06-02T16:09:00+0800 lvl=trce msg="Promoted queued transactions"           count=1
t=2023-06-02T16:09:00+0800 lvl=trce msg="Pooled new future transaction"          hash=0x038a6ea9d63594e9791a2354f1038af3bb9bc50fcf12da83cfec67597f1f9e90 from=0x7628e7c918DAaf4dfbF615023fDBcF72b8479bCe to=0x0000000000000000000000000000000000000000
t=2023-06-02T16:09:00+0800 lvl=trce msg="Removed old queued transactions"        count=0
t=2023-06-02T16:09:00+0800 lvl=trce msg="Removed unpayable queued transactions"  count=0
t=2023-06-02T16:09:00+0800 lvl=trce msg="Promoted queued transactions"           count=0
t=2023-06-02T16:09:00+0800 lvl=trce msg="Pooled new future transaction"          hash=0xcee7cef31fec260f32eed9fe1ff8af3f52f75a61dee7addfb7b3917e85869135 from=0x66e0851F1a162869024b4C9f6b1C4Fc5cb4832F1 to=0x0000000000000000000000000000000000000000
t=2023-06-02T16:09:00+0800 lvl=trce msg="Removed old queued transactions"        count=0
t=2023-06-02T16:09:00+0800 lvl=trce msg="Removed unpayable queued transactions"  count=0
t=2023-06-02T16:09:00+0800 lvl=trce msg="Promoted queued transactions"           count=1
t=2023-06-02T16:09:00+0800 lvl=trce msg="Pooled new future transaction"          hash=0xb5355dbf6fa9e037c1146fddb3ab79a7eeb4a2b9d9a596782ce6acd8945b0f8a from=0x66e0851F1a162869024b4C9f6b1C4Fc5cb4832F1 to=0x0000000000000000000000000000000000000000
t=2023-06-02T16:09:00+0800 lvl=trce msg="Removed old queued transactions"        count=0
t=2023-06-02T16:09:00+0800 lvl=trce msg="Removed unpayable queued transactions"  count=0
t=2023-06-02T16:09:00+0800 lvl=trce msg="Promoted queued transactions"           count=0
t=2023-06-02T16:09:00+0800 lvl=trce msg="Pooled new future transaction"          hash=0x85443f3eede60beef22cc32285d09142086713dadff1c2427f7e917ebde4e2ce from=0x7628e7c918DAaf4dfbF615023fDBcF72b8479bCe to=0x0000000000000000000000000000000000000000
t=2023-06-02T16:09:00+0800 lvl=trce msg="Removed old queued transactions"        count=0
t=2023-06-02T16:09:00+0800 lvl=trce msg="Removed unpayable queued transactions"  count=0
t=2023-06-02T16:09:00+0800 lvl=trce msg="Promoted queued transactions"           count=1
t=2023-06-02T16:09:00+0800 lvl=trce msg="Pooled new future transaction"          hash=0xbc55bb6c3e96e5e96eeb5160ea636380b68353419f2e5c24745c486813313818 from=0x7628e7c918DAaf4dfbF615023fDBcF72b8479bCe to=0x0000000000000000000000000000000000000000
t=2023-06-02T16:09:00+0800 lvl=trce msg="Removed old queued transactions"        count=0
t=2023-06-02T16:09:00+0800 lvl=trce msg="Removed unpayable queued transactions"  count=0
t=2023-06-02T16:09:00+0800 lvl=trce msg="Promoted queued transactions"           count=0
t=2023-06-02T16:09:00+0800 lvl=trce msg="Pooled new future transaction"          hash=0x6aab28580912a42ee19d2897da14156e959de1bf8583fae76ec717b9b34fa46a from=0x66e0851F1a162869024b4C9f6b1C4Fc5cb4832F1 to=0x0000000000000000000000000000000000000000
t=2023-06-02T16:09:00+0800 lvl=trce msg="Removed old queued transactions"        count=0
t=2023-06-02T16:09:00+0800 lvl=trce msg="Removed unpayable queued transactions"  count=0
t=2023-06-02T16:09:00+0800 lvl=trce msg="Promoted queued transactions"           count=1
t=2023-06-02T16:09:00+0800 lvl=trce msg="Pooled new future transaction"          hash=0x9e4b0e7c288a6699a9fdbfafb2ed02721396cc97553c05c7d35bd293e7dbf8a6 from=0x66e0851F1a162869024b4C9f6b1C4Fc5cb4832F1 to=0x0000000000000000000000000000000000000000
t=2023-06-02T16:09:00+0800 lvl=trce msg="Removed old queued transactions"        count=0
t=2023-06-02T16:09:00+0800 lvl=trce msg="Removed unpayable queued transactions"  count=0
t=2023-06-02T16:09:00+0800 lvl=trce msg="Promoted queued transactions"           count=0
t=2023-06-02T16:09:00+0800 lvl=trce msg="Pooled new future transaction"          hash=0x3ec13e01f40124311ab7d54fa81221071608dfb9851fe7dea28fd5b639269c4a from=0x7628e7c918DAaf4dfbF615023fDBcF72b8479bCe to=0x0000000000000000000000000000000000000000
t=2023-06-02T16:09:00+0800 lvl=trce msg="Removed old queued transactions"        count=0
t=2023-06-02T16:09:00+0800 lvl=trce msg="Removed unpayable queued transactions"  count=0
t=2023-06-02T16:09:00+0800 lvl=trce msg="Promoted queued transactions"           count=1
t=2023-06-02T16:09:00+0800 lvl=trce msg="Pooled new future transaction"          hash=0xd0e9f46f90aac699e5c16bba43c18c71734903a13d7e0cf91f2fcd64de954982 from=0x7628e7c918DAaf4dfbF615023fDBcF72b8479bCe to=0x0000000000000000000000000000000000000000
t=2023-06-02T16:09:00+0800 lvl=trce msg="Removed old queued transactions"        count=0
t=2023-06-02T16:09:00+0800 lvl=trce msg="Removed unpayable queued transactions"  count=0
t=2023-06-02T16:09:00+0800 lvl=trce msg="Promoted queued transactions"           count=0
t=2023-06-02T16:09:00+0800 lvl=trce msg="Pooled new future transaction"          hash=0x18f36892ac1b9c392965c7c4daabb96f6d102a4f9320b3be3a56ee98f9747541 from=0x66e0851F1a162869024b4C9f6b1C4Fc5cb4832F1 to=0x0000000000000000000000000000000000000000
t=2023-06-02T16:09:00+0800 lvl=trce msg="Removed old queued transactions"        count=0
t=2023-06-02T16:09:00+0800 lvl=trce msg="Removed unpayable queued transactions"  count=0
t=2023-06-02T16:09:00+0800 lvl=trce msg="Promoted queued transactions"           count=1
t=2023-06-02T16:09:00+0800 lvl=trce msg="Pooled new future transaction"          hash=0x8aa88ec23123709a0763642d66b3a590a37593d755ef96f981ae802e1788f443 from=0x66e0851F1a162869024b4C9f6b1C4Fc5cb4832F1 to=0x0000000000000000000000000000000000000000
t=2023-06-02T16:09:00+0800 lvl=trce msg="Removed old queued transactions"        count=0
t=2023-06-02T16:09:00+0800 lvl=trce msg="Removed unpayable queued transactions"  count=0
t=2023-06-02T16:09:00+0800 lvl=trce msg="Promoted queued transactions"           count=0
t=2023-06-02T16:09:00+0800 lvl=trce msg="Pooled new future transaction"          hash=0x408be02b6affd6759b10e393a04751e9dfa300c4f4ad6074418a4003b4d2b303 from=0x7628e7c918DAaf4dfbF615023fDBcF72b8479bCe to=0x0000000000000000000000000000000000000000
t=2023-06-02T16:09:00+0800 lvl=trce msg="Removed old queued transactions"        count=0
t=2023-06-02T16:09:00+0800 lvl=trce msg="Removed unpayable queued transactions"  count=0
t=2023-06-02T16:09:00+0800 lvl=trce msg="Promoted queued transactions"           count=1
t=2023-06-02T16:09:00+0800 lvl=trce msg="Pooled new future transaction"          hash=0xec95ae9847f5e67428c4a72196275c16faf619c50eabe5c43edb04e1b56f5ec1 from=0x7628e7c918DAaf4dfbF615023fDBcF72b8479bCe to=0x0000000000000000000000000000000000000000
t=2023-06-02T16:09:00+0800 lvl=trce msg="Removed old queued transactions"        count=0
t=2023-06-02T16:09:00+0800 lvl=trce msg="Removed unpayable queued transactions"  count=0
t=2023-06-02T16:09:00+0800 lvl=trce msg="Promoted queued transactions"           count=0
t=2023-06-02T16:09:00+0800 lvl=trce msg="Pooled new future transaction"          hash=0xcd8b0eed8481d51847bf5a90c042dda02fca0b3533ada89648601dd3c0a9fc0c from=0x66e0851F1a162869024b4C9f6b1C4Fc5cb4832F1 to=0x0000000000000000000000000000000000000000
t=2023-06-02T16:09:00+0800 lvl=trce msg="Removed old queued transactions"        count=0
t=2023-06-02T16:09:00+0800 lvl=trce msg="Removed unpayable queued transactions"  count=0
t=2023-06-02T16:09:00+0800 lvl=trce msg="Promoted queued transactions"           count=1
t=2023-06-02T16:09:00+0800 lvl=trce msg="Pooled new future transaction"          hash=0x7d6759a273285fa6579d80571df737187ab2cd19a98cc1410379e2ccf16f6f51 from=0x66e0851F1a162869024b4C9f6b1C4Fc5cb4832F1 to=0x0000000000000000000000000000000000000000
t=2023-06-02T16:09:00+0800 lvl=trce msg="Removed old queued transactions"        count=0
t=2023-06-02T16:09:00+0800 lvl=trce msg="Removed unpayable queued transactions"  count=0
t=2023-06-02T16:09:00+0800 lvl=trce msg="Promoted queued transactions"           count=0
t=2023-06-02T16:09:00+0800 lvl=trce msg="Pooled new future transaction"          hash=0x1d61c92fb659fd18ddd747e211bd0ca5847591f7236016b3aca77361fdc35274 from=0x7628e7c918DAaf4dfbF615023fDBcF72b8479bCe to=0x0000000000000000000000000000000000000000
t=2023-06-02T16:09:00+0800 lvl=trce msg="Removed old queued transactions"        count=0
t=2023-06-02T16:09:00+0800 lvl=trce msg="Removed unpayable queued transactions"  count=0
t=2023-06-02T16:09:00+0800 lvl=trce msg="Promoted queued transactions"           count=1
t=2023-06-02T16:09:00+0800 lvl=trce msg="Pooled new future transaction"          hash=0x18c83eb3083c6b655cc973b0203991a7559c0d0603cd71ac8a9a3659aff02a4c from=0x7628e7c918DAaf4dfbF615023fDBcF72b8479bCe to=0x0000000000000000000000000000000000000000
t=2023-06-02T16:09:00+0800 lvl=trce msg="Removed old queued transactions"        count=0
t=2023-06-02T16:09:00+0800 lvl=trce msg="Removed unpayable queued transactions"  count=0
t=2023-06-02T16:09:00+0800 lvl=trce msg="Promoted queued transactions"           count=0
t=2023-06-02T16:09:00+0800 lvl=trce msg="Pooled new future transaction"          hash=0x39d2134b81938e0db42bba06b26abd38be4255365e1214cbbc6c67fcc575f07c from=0x66e0851F1a162869024b4C9f6b1C4Fc5cb4832F1 to=0x0000000000000000000000000000000000000000
t=2023-06-02T16:09:00+0800 lvl=trce msg="Removed old queued transactions"        count=0
t=2023-06-02T16:09:00+0800 lvl=trce msg="Removed unpayable queued transactions"  count=0
t=2023-06-02T16:09:00+0800 lvl=trce msg="Promoted queued transactions"           count=1
t=2023-06-02T16:09:00+0800 lvl=trce msg="Pooled new future transaction"          hash=0xc37ce9464cfef0d2fa059d9454c263002dc3890a1358d80dacaf69f769941143 from=0x66e0851F1a162869024b4C9f6b1C4Fc5cb4832F1 to=0x0000000000000000000000000000000000000000
t=2023-06-02T16:09:00+0800 lvl=trce msg="Removed old queued transactions"        count=0
t=2023-06-02T16:09:00+0800 lvl=trce msg="Removed unpayable queued transactions"  count=0
t=2023-06-02T16:09:00+0800 lvl=trce msg="Promoted queued transactions"           count=0
t=2023-06-02T16:09:00+0800 lvl=trce msg="Pooled new future transaction"          hash=0xc47041720f30d00fe6141f35e74c2698c1531df595e7800d8b4bb6e2b3d74216 from=0x7628e7c918DAaf4dfbF615023fDBcF72b8479bCe to=0x0000000000000000000000000000000000000000
t=2023-06-02T16:09:00+0800 lvl=trce msg="Removed old queued transactions"        count=0
t=2023-06-02T16:09:00+0800 lvl=trce msg="Removed unpayable queued transactions"  count=0
t=2023-06-02T16:09:00+0800 lvl=trce msg="Promoted queued transactions"           count=1
t=2023-06-02T16:09:00+0800 lvl=trce msg="Pooled new future transaction"          hash=0x2ca7da9eb23db93a76100ab11cc8b056a8b37b755f34f7b445cf2e58d51d61be from=0x7628e7c918DAaf4dfbF615023fDBcF72b8479bCe to=0x0000000000000000000000000000000000000000
t=2023-06-02T16:09:00+0800 lvl=trce msg="Removed old queued transactions"        count=0
t=2023-06-02T16:09:00+0800 lvl=trce msg="Removed unpayable queued transactions"  count=0
t=2023-06-02T16:09:00+0800 lvl=trce msg="Promoted queued transactions"           count=0
t=2023-06-02T16:09:00+0800 lvl=trce msg="Pooled new future transaction"          hash=0x6a17398312d744d4e1211020041e02dd1250a59375bfa0d1556662f110ea2b90 from=0x66e0851F1a162869024b4C9f6b1C4Fc5cb4832F1 to=0x0000000000000000000000000000000000000000
t=2023-06-02T16:09:00+0800 lvl=trce msg="Removed old queued transactions"        count=0
t=2023-06-02T16:09:00+0800 lvl=trce msg="Removed unpayable queued transactions"  count=0
t=2023-06-02T16:09:00+0800 lvl=trce msg="Promoted queued transactions"           count=1
t=2023-06-02T16:09:00+0800 lvl=trce msg="Pooled new future transaction"          hash=0x506cdf76b431575ed548a494c04a8cf7a224645812e902d99a81f2a92b855e0b from=0x66e0851F1a162869024b4C9f6b1C4Fc5cb4832F1 to=0x0000000000000000000000000000000000000000
t=2023-06-02T16:09:00+0800 lvl=trce msg="Removed old queued transactions"        count=0
t=2023-06-02T16:09:00+0800 lvl=trce msg="Removed unpayable queued transactions"  count=0
t=2023-06-02T16:09:00+0800 lvl=trce msg="Promoted queued transactions"           count=0
t=2023-06-02T16:09:00+0800 lvl=trce msg="Pooled new future transaction"          hash=0xadd129ba5c6069ebf34994b36047da29e5571ad0d6d3c6891fefdac7e65de2ae from=0x7628e7c918DAaf4dfbF615023fDBcF72b8479bCe to=0x0000000000000000000000000000000000000000
t=2023-06-02T16:09:00+0800 lvl=trce msg="Removed old queued transactions"        count=0
t=2023-06-02T16:09:00+0800 lvl=trce msg="Removed unpayable queued transactions"  count=0
t=2023-06-02T16:09:00+0800 lvl=trce msg="Promoted queued transactions"           count=1
t=2023-06-02T16:09:00+0800 lvl=trce msg="Pooled new future transaction"          hash=0x2534dd6b0f77fcf077e0c6721bbd940d69646de04fcecfe71bda73c0327ed1be from=0x7628e7c918DAaf4dfbF615023fDBcF72b8479bCe to=0x0000000000000000000000000000000000000000
t=2023-06-02T16:09:00+0800 lvl=trce msg="Removed old queued transactions"        count=0
t=2023-06-02T16:09:00+0800 lvl=trce msg="Removed unpayable queued transactions"  count=0
t=2023-06-02T16:09:00+0800 lvl=trce msg="Promoted queued transactions"           count=0
t=2023-06-02T16:09:00+0800 lvl=trce msg="Pooled new future transaction"          hash=0x8e024371898692f81d77a28bf9f2c864f4144c5463f363a69c7bd0fed15d95af from=0x66e0851F1a162869024b4C9f6b1C4Fc5cb4832F1 to=0x0000000000000000000000000000000000000000
t=2023-06-02T16:09:00+0800 lvl=trce msg="Removed old queued transactions"        count=0
t=2023-06-02T16:09:00+0800 lvl=trce msg="Removed unpayable queued transactions"  count=0
t=2023-06-02T16:09:00+0800 lvl=trce msg="Promoted queued transactions"           count=1
t=2023-06-02T16:09:00+0800 lvl=trce msg="Pooled new future transaction"          hash=0x76c6543f35d3022c78e301208320ef7e527610149d6726cab9e36f09c818062e from=0x66e0851F1a162869024b4C9f6b1C4Fc5cb4832F1 to=0x0000000000000000000000000000000000000000
t=2023-06-02T16:09:00+0800 lvl=trce msg="Removed old queued transactions"        count=0
t=2023-06-02T16:09:00+0800 lvl=trce msg="Removed unpayable queued transactions"  count=0
t=2023-06-02T16:09:00+0800 lvl=trce msg="Promoted queued transactions"           count=0
t=2023-06-02T16:09:00+0800 lvl=trce msg="Pooled new future transaction"          hash=0x485aa70c64bf6e870355308edfec6870857d5128678a1b88470d0e41d8662c2c from=0x7628e7c918DAaf4dfbF615023fDBcF72b8479bCe to=0x0000000000000000000000000000000000000000
t=2023-06-02T16:09:00+0800 lvl=trce msg="Removed old queued transactions"        count=0
t=2023-06-02T16:09:00+0800 lvl=trce msg="Removed unpayable queued transactions"  count=0
t=2023-06-02T16:09:00+0800 lvl=trce msg="Promoted queued transactions"           count=1
t=2023-06-02T16:09:00+0800 lvl=trce msg="Pooled new future transaction"          hash=0x1ac5ef323b1d8e37a71c36c9c7dadb6f0b65745ce3141493881b5aff4cb738b5 from=0x7628e7c918DAaf4dfbF615023fDBcF72b8479bCe to=0x0000000000000000000000000000000000000000
t=2023-06-02T16:09:00+0800 lvl=trce msg="Removed old queued transactions"        count=0
t=2023-06-02T16:09:00+0800 lvl=trce msg="Removed unpayable queued transactions"  count=0
t=2023-06-02T16:09:00+0800 lvl=trce msg="Promoted queued transactions"           count=0
t=2023-06-02T16:09:00+0800 lvl=trce msg="Pooled new future transaction"          hash=0x8512e5d44b6adae17132852e19a50c218598887cc5717f1d61979d78efa9537a from=0x66e0851F1a162869024b4C9f6b1C4Fc5cb4832F1 to=0x0000000000000000000000000000000000000000
t=2023-06-02T16:09:00+0800 lvl=trce msg="Removed old queued transactions"        count=0
t=2023-06-02T16:09:00+0800 lvl=trce msg="Removed unpayable queued transactions"  count=0
t=2023-06-02T16:09:00+0800 lvl=trce msg="Promoted queued transactions"           count=1
t=2023-06-02T16:09:00+0800 lvl=trce msg="Pooled new future transaction"          hash=0x27506c019f4cf189aa37fe964f9d7933a19857959b7066614dd1a96ad79e25c1 from=0x66e0851F1a162869024b4C9f6b1C4Fc5cb4832F1 to=0x0000000000000000000000000000000000000000
t=2023-06-02T16:09:00+0800 lvl=trce msg="Removed old queued transactions"        count=0
t=2023-06-02T16:09:00+0800 lvl=trce msg="Removed unpayable queued transactions"  count=0
t=2023-06-02T16:09:00+0800 lvl=trce msg="Promoted queued transactions"           count=0
t=2023-06-02T16:09:00+0800 lvl=trce msg="Pooled new future transaction"          hash=0xa006d4498fdb61c6900ff54d671aa8c0ab1d771d57f1b5072e5caf7d27b7c3bb from=0x7628e7c918DAaf4dfbF615023fDBcF72b8479bCe to=0x0000000000000000000000000000000000000000
t=2023-06-02T16:09:00+0800 lvl=trce msg="Removed old queued transactions"        count=0
t=2023-06-02T16:09:00+0800 lvl=trce msg="Removed unpayable queued transactions"  count=0
t=2023-06-02T16:09:00+0800 lvl=trce msg="Promoted queued transactions"           count=1
t=2023-06-02T16:09:00+0800 lvl=trce msg="Pooled new future transaction"          hash=0xa4f9622513ba55c0cf7a8e3d296d800108d636e77bfd49183242e7b7fd021138 from=0x7628e7c918DAaf4dfbF615023fDBcF72b8479bCe to=0x0000000000000000000000000000000000000000
t=2023-06-02T16:09:00+0800 lvl=trce msg="Removed old queued transactions"        count=0
t=2023-06-02T16:09:00+0800 lvl=trce msg="Removed unpayable queued transactions"  count=0
t=2023-06-02T16:09:00+0800 lvl=trce msg="Promoted queued transactions"           count=0
t=2023-06-02T16:09:00+0800 lvl=trce msg="Pooled new future transaction"          hash=0x2c6770af9a8fa2dfa9e2c63c8b022249a33949277240216349775af6fb173324 from=0x66e0851F1a162869024b4C9f6b1C4Fc5cb4832F1 to=0x0000000000000000000000000000000000000000
t=2023-06-02T16:09:00+0800 lvl=trce msg="Removed old queued transactions"        count=0
t=2023-06-02T16:09:00+0800 lvl=trce msg="Removed unpayable queued transactions"  count=0
t=2023-06-02T16:09:00+0800 lvl=trce msg="Promoted queued transactions"           count=1
t=2023-06-02T16:09:00+0800 lvl=trce msg="Pooled new future transaction"          hash=0xfd5ecdd7cc595d7dc858e4deec3b852007c191ff37f252e17d31f849d08484ee from=0x66e0851F1a162869024b4C9f6b1C4Fc5cb4832F1 to=0x0000000000000000000000000000000000000000
t=2023-06-02T16:09:00+0800 lvl=trce msg="Removed old queued transactions"        count=0
t=2023-06-02T16:09:00+0800 lvl=trce msg="Removed unpayable queued transactions"  count=0
t=2023-06-02T16:09:00+0800 lvl=trce msg="Promoted queued transactions"           count=0
t=2023-06-02T16:09:00+0800 lvl=trce msg="Pooled new future transaction"          hash=0x9f48897d2345b0458d6641e541edbbc3aab47c8340ea281a4a58064fbf37b245 from=0x7628e7c918DAaf4dfbF615023fDBcF72b8479bCe to=0x0000000000000000000000000000000000000000
t=2023-06-02T16:09:00+0800 lvl=trce msg="Removed old queued transactions"        count=0
t=2023-06-02T16:09:00+0800 lvl=trce msg="Removed unpayable queued transactions"  count=0
t=2023-06-02T16:09:00+0800 lvl=trce msg="Promoted queued transactions"           count=1
t=2023-06-02T16:09:00+0800 lvl=trce msg="Pooled new future transaction"          hash=0x7e385116e348ff41cae6ba4d5fa242c4a002f5b70b93b5ed349fe820d1e2ebe6 from=0x7628e7c918DAaf4dfbF615023fDBcF72b8479bCe to=0x0000000000000000000000000000000000000000
t=2023-06-02T16:09:00+0800 lvl=trce msg="Removed old queued transactions"        count=0
t=2023-06-02T16:09:00+0800 lvl=trce msg="Removed unpayable queued transactions"  count=0
t=2023-06-02T16:09:00+0800 lvl=trce msg="Promoted queued transactions"           count=0
t=2023-06-02T16:09:00+0800 lvl=trce msg="Pooled new future transaction"          hash=0xabf88b54422f6336d5c6500cb56490631f0df6d26a470179eddeca82dedb8d88 from=0x66e0851F1a162869024b4C9f6b1C4Fc5cb4832F1 to=0x0000000000000000000000000000000000000000
t=2023-06-02T16:09:00+0800 lvl=trce msg="Removed old queued transactions"        count=0
t=2023-06-02T16:09:00+0800 lvl=trce msg="Removed unpayable queued transactions"  count=0
t=2023-06-02T16:09:00+0800 lvl=trce msg="Promoted queued transactions"           count=1
t=2023-06-02T16:09:00+0800 lvl=trce msg="Pooled new future transaction"          hash=0x35988e75a15d681c668b0d768bb2f10ab2f8d891afec46969b2bcb5b6c175cb9 from=0x66e0851F1a162869024b4C9f6b1C4Fc5cb4832F1 to=0x0000000000000000000000000000000000000000
t=2023-06-02T16:09:00+0800 lvl=trce msg="Removed old queued transactions"        count=0
t=2023-06-02T16:09:00+0800 lvl=trce msg="Removed unpayable queued transactions"  count=0
t=2023-06-02T16:09:00+0800 lvl=trce msg="Promoted queued transactions"           count=0
t=2023-06-02T16:09:00+0800 lvl=trce msg="Pooled new future transaction"          hash=0x73c5801d3ddc68ed5f2ddefe96baaa793fb716739d92387073dbeccdc372c54b from=0x7628e7c918DAaf4dfbF615023fDBcF72b8479bCe to=0x0000000000000000000000000000000000000000
t=2023-06-02T16:09:00+0800 lvl=trce msg="Removed old queued transactions"        count=0
t=2023-06-02T16:09:00+0800 lvl=trce msg="Removed unpayable queued transactions"  count=0
t=2023-06-02T16:09:00+0800 lvl=trce msg="Promoted queued transactions"           count=1
t=2023-06-02T16:09:00+0800 lvl=trce msg="Pooled new future transaction"          hash=0xf61c1f3f5b8b130d4b37205d7ff9d1190dff428258e2d867c72181fe2d267b7f from=0x7628e7c918DAaf4dfbF615023fDBcF72b8479bCe to=0x0000000000000000000000000000000000000000
t=2023-06-02T16:09:00+0800 lvl=trce msg="Removed old queued transactions"        count=0
t=2023-06-02T16:09:00+0800 lvl=trce msg="Removed unpayable queued transactions"  count=0
t=2023-06-02T16:09:00+0800 lvl=trce msg="Promoted queued transactions"           count=0
t=2023-06-02T16:09:00+0800 lvl=trce msg="Pooled new future transaction"          hash=0x65b45cf4a33745f870c3ee2a257da31219191a3d7cfca06bc6e20ed43723097c from=0x66e0851F1a162869024b4C9f6b1C4Fc5cb4832F1 to=0x0000000000000000000000000000000000000000
t=2023-06-02T16:09:00+0800 lvl=trce msg="Removed old queued transactions"        count=0
t=2023-06-02T16:09:00+0800 lvl=trce msg="Removed unpayable queued transactions"  count=0
t=2023-06-02T16:09:00+0800 lvl=trce msg="Promoted queued transactions"           count=1
t=2023-06-02T16:09:00+0800 lvl=trce msg="Pooled new future transaction"          hash=0x268d261e232373bc10146f1508799ff5887b9c4744aa694338cf8bc21ed14164 from=0x66e0851F1a162869024b4C9f6b1C4Fc5cb4832F1 to=0x0000000000000000000000000000000000000000
t=2023-06-02T16:09:00+0800 lvl=trce msg="Removed old queued transactions"        count=0
t=2023-06-02T16:09:00+0800 lvl=trce msg="Removed unpayable queued transactions"  count=0
t=2023-06-02T16:09:00+0800 lvl=trce msg="Promoted queued transactions"           count=0
t=2023-06-02T16:09:00+0800 lvl=trce msg="Pooled new future transaction"          hash=0xe398da1fe68c03e976dd48878c7036fcf24377e035a35432aba1551df24b82fa from=0x7628e7c918DAaf4dfbF615023fDBcF72b8479bCe to=0x0000000000000000000000000000000000000000
t=2023-06-02T16:09:00+0800 lvl=trce msg="Removed old queued transactions"        count=0
t=2023-06-02T16:09:00+0800 lvl=trce msg="Removed unpayable queued transactions"  count=0
t=2023-06-02T16:09:00+0800 lvl=trce msg="Promoted queued transactions"           count=1
t=2023-06-02T16:09:00+0800 lvl=trce msg="Pooled new future transaction"          hash=0x670443c7b808fd16709d31dde7640ae9c3844a3556fecf4a747a84f1ccfbfde6 from=0x7628e7c918DAaf4dfbF615023fDBcF72b8479bCe to=0x0000000000000000000000000000000000000000
t=2023-06-02T16:09:00+0800 lvl=trce msg="Removed old queued transactions"        count=0
t=2023-06-02T16:09:00+0800 lvl=trce msg="Removed unpayable queued transactions"  count=0
t=2023-06-02T16:09:00+0800 lvl=trce msg="Promoted queued transactions"           count=0
t=2023-06-02T16:09:00+0800 lvl=trce msg="Pooled new future transaction"          hash=0xa7415c7a4942685eb826b1cfaa2411abbf119b0b785c010943eff6942f913aec from=0x66e0851F1a162869024b4C9f6b1C4Fc5cb4832F1 to=0x0000000000000000000000000000000000000000
t=2023-06-02T16:09:00+0800 lvl=trce msg="Removed old queued transactions"        count=0
t=2023-06-02T16:09:00+0800 lvl=trce msg="Removed unpayable queued transactions"  count=0
t=2023-06-02T16:09:00+0800 lvl=trce msg="Promoted queued transactions"           count=1
t=2023-06-02T16:09:00+0800 lvl=trce msg="Pooled new future transaction"          hash=0xa1496219c0a5d12702de9eabd06c935c6d2be71a65190cf2e9741ad5a1c86f05 from=0x66e0851F1a162869024b4C9f6b1C4Fc5cb4832F1 to=0x0000000000000000000000000000000000000000
t=2023-06-02T16:09:00+0800 lvl=trce msg="Removed old queued transactions"        count=0
t=2023-06-02T16:09:00+0800 lvl=trce msg="Removed unpayable queued transactions"  count=0
t=2023-06-02T16:09:00+0800 lvl=trce msg="Promoted queued transactions"           count=0
t=2023-06-02T16:09:00+0800 lvl=trce msg="Pooled new future transaction"          hash=0x3d00342086e14f36f2503e2e68c7a97b6a6dc1d1f57f4d543dcd81adc96d7945 from=0x7628e7c918DAaf4dfbF615023fDBcF72b8479bCe to=0x0000000000000000000000000000000000000000
t=2023-06-02T16:09:00+0800 lvl=trce msg="Removed old queued transactions"        count=0
t=2023-06-02T16:09:00+0800 lvl=trce msg="Removed unpayable queued transactions"  count=0
t=2023-06-02T16:09:00+0800 lvl=trce msg="Promoted queued transactions"           count=1
t=2023-06-02T16:09:00+0800 lvl=trce msg="Pooled new future transaction"          hash=0xd38ce7d9f80f5eb4befdf099e07ee84127bd9004635a4aaad1d4e316faa141db from=0x7628e7c918DAaf4dfbF615023fDBcF72b8479bCe to=0x0000000000000000000000000000000000000000
t=2023-06-02T16:09:00+0800 lvl=trce msg="Removed old queued transactions"        count=0
t=2023-06-02T16:09:00+0800 lvl=trce msg="Removed unpayable queued transactions"  count=0
t=2023-06-02T16:09:00+0800 lvl=trce msg="Promoted queued transactions"           count=0
t=2023-06-02T16:09:00+0800 lvl=trce msg="Pooled new future transaction"          hash=0x4a7c06d9f99e8b6d982f40ef86667c610697a3410c9934019f32c7c6b213910a from=0x66e0851F1a162869024b4C9f6b1C4Fc5cb4832F1 to=0x0000000000000000000000000000000000000000
t=2023-06-02T16:09:00+0800 lvl=trce msg="Removed old queued transactions"        count=0
t=2023-06-02T16:09:00+0800 lvl=trce msg="Removed unpayable queued transactions"  count=0
t=2023-06-02T16:09:00+0800 lvl=trce msg="Promoted queued transactions"           count=1
t=2023-06-02T16:09:00+0800 lvl=trce msg="Pooled new future transaction"          hash=0xbba1f36d9d1372c3b2f893ee180aff81b93d3332c90faa865b67edd4f613cb9b from=0x66e0851F1a162869024b4C9f6b1C4Fc5cb4832F1 to=0x0000000000000000000000000000000000000000
t=2023-06-02T16:09:00+0800 lvl=trce msg="Removed old queued transactions"        count=0
t=2023-06-02T16:09:00+0800 lvl=trce msg="Removed unpayable queued transactions"  count=0
t=2023-06-02T16:09:00+0800 lvl=trce msg="Promoted queued transactions"           count=0
t=2023-06-02T16:09:00+0800 lvl=trce msg="Pooled new future transaction"          hash=0xd91476a7cdc00ba740f14615330224cc49916c304aef52d2dfbf5dc33fc50c0f from=0x7628e7c918DAaf4dfbF615023fDBcF72b8479bCe to=0x0000000000000000000000000000000000000000
t=2023-06-02T16:09:00+0800 lvl=trce msg="Removed old queued transactions"        count=0
t=2023-06-02T16:09:00+0800 lvl=trce msg="Removed unpayable queued transactions"  count=0
t=2023-06-02T16:09:00+0800 lvl=trce msg="Promoted queued transactions"           count=1
t=2023-06-02T16:09:00+0800 lvl=trce msg="Pooled new future transaction"          hash=0x77acff22f5336427edeb306b2c60882b1c763262f5e2660debd998a9135420b5 from=0x7628e7c918DAaf4dfbF615023fDBcF72b8479bCe to=0x0000000000000000000000000000000000000000
t=2023-06-02T16:09:00+0800 lvl=trce msg="Removed old queued transactions"        count=0
t=2023-06-02T16:09:00+0800 lvl=trce msg="Removed unpayable queued transactions"  count=0
t=2023-06-02T16:09:00+0800 lvl=trce msg="Promoted queued transactions"           count=0
t=2023-06-02T16:09:00+0800 lvl=trce msg="Pooled new future transaction"          hash=0x16286357eec596eaa47e6722124ea49edaf468bde707bd2e5db840849562a81b from=0x66e0851F1a162869024b4C9f6b1C4Fc5cb4832F1 to=0x0000000000000000000000000000000000000000
t=2023-06-02T16:09:00+0800 lvl=trce msg="Removed old queued transactions"        count=0
t=2023-06-02T16:09:00+0800 lvl=trce msg="Removed unpayable queued transactions"  count=0
t=2023-06-02T16:09:00+0800 lvl=trce msg="Promoted queued transactions"           count=1
t=2023-06-02T16:09:00+0800 lvl=trce msg="Pooled new future transaction"          hash=0xc8920bfd0392bb3ad748e775aae772d35ce51e80d14aeb6f1def5b12d2acd541 from=0x66e0851F1a162869024b4C9f6b1C4Fc5cb4832F1 to=0x0000000000000000000000000000000000000000
t=2023-06-02T16:09:00+0800 lvl=trce msg="Removed old queued transactions"        count=0
t=2023-06-02T16:09:00+0800 lvl=trce msg="Removed unpayable queued transactions"  count=0
t=2023-06-02T16:09:00+0800 lvl=trce msg="Promoted queued transactions"           count=0
t=2023-06-02T16:09:00+0800 lvl=trce msg="Pooled new future transaction"          hash=0x501745ca72ff43a6ad2e2b34b2d065fa501d22263bfab5d21ed9762e16a026ca from=0x7628e7c918DAaf4dfbF615023fDBcF72b8479bCe to=0x0000000000000000000000000000000000000000
t=2023-06-02T16:09:00+0800 lvl=trce msg="Removed old queued transactions"        count=0
t=2023-06-02T16:09:00+0800 lvl=trce msg="Removed unpayable queued transactions"  count=0
t=2023-06-02T16:09:00+0800 lvl=trce msg="Promoted queued transactions"           count=1
t=2023-06-02T16:09:00+0800 lvl=trce msg="Pooled new future transaction"          hash=0xe6a50003e9b1b50c29d3254d9b26ed6c193e9744ccdf64c2a5f6ce13ec8b6d27 from=0x7628e7c918DAaf4dfbF615023fDBcF72b8479bCe to=0x0000000000000000000000000000000000000000
t=2023-06-02T16:09:00+0800 lvl=trce msg="Removed old queued transactions"        count=0
t=2023-06-02T16:09:00+0800 lvl=trce msg="Removed unpayable queued transactions"  count=0
t=2023-06-02T16:09:00+0800 lvl=trce msg="Promoted queued transactions"           count=0
t=2023-06-02T16:09:00+0800 lvl=trce msg="Pooled new future transaction"          hash=0xa04fcf2685eac104be90ac4889598c1f679177bd595c2c919f51657e4f1500ef from=0x66e0851F1a162869024b4C9f6b1C4Fc5cb4832F1 to=0x0000000000000000000000000000000000000000
t=2023-06-02T16:09:00+0800 lvl=trce msg="Removed old queued transactions"        count=0
t=2023-06-02T16:09:00+0800 lvl=trce msg="Removed unpayable queued transactions"  count=0
t=2023-06-02T16:09:00+0800 lvl=trce msg="Promoted queued transactions"           count=1
t=2023-06-02T16:09:00+0800 lvl=trce msg="Pooled new future transaction"          hash=0xf599ab90af240e9607e811b8bddf549881f8aaba68b1e1eeafc2fa9e74eb24f3 from=0x66e0851F1a162869024b4C9f6b1C4Fc5cb4832F1 to=0x0000000000000000000000000000000000000000
t=2023-06-02T16:09:00+0800 lvl=trce msg="Removed old queued transactions"        count=0
t=2023-06-02T16:09:00+0800 lvl=trce msg="Removed unpayable queued transactions"  count=0
t=2023-06-02T16:09:00+0800 lvl=trce msg="Promoted queued transactions"           count=0
t=2023-06-02T16:09:00+0800 lvl=trce msg="Pooled new future transaction"          hash=0x1c52b70bb7ac177d7aba138f759e57e6c02422cb27843c63522dcaf3911095e9 from=0x7628e7c918DAaf4dfbF615023fDBcF72b8479bCe to=0x0000000000000000000000000000000000000000
t=2023-06-02T16:09:00+0800 lvl=trce msg="Removed old queued transactions"        count=0
t=2023-06-02T16:09:00+0800 lvl=trce msg="Removed unpayable queued transactions"  count=0
t=2023-06-02T16:09:00+0800 lvl=trce msg="Promoted queued transactions"           count=1
t=2023-06-02T16:09:00+0800 lvl=trce msg="Pooled new future transaction"          hash=0x44e8189f50095b786de965187acb5cb8841ec2caae337bb34bc66312a1af34e3 from=0x7628e7c918DAaf4dfbF615023fDBcF72b8479bCe to=0x0000000000000000000000000000000000000000
t=2023-06-02T16:09:00+0800 lvl=trce msg="Removed old queued transactions"        count=0
t=2023-06-02T16:09:00+0800 lvl=trce msg="Removed unpayable queued transactions"  count=0
t=2023-06-02T16:09:00+0800 lvl=trce msg="Promoted queued transactions"           count=0
t=2023-06-02T16:09:00+0800 lvl=trce msg="Pooled new future transaction"          hash=0x945abb62befbabd520a2defe47f0411102cf518424176b9de468639d1b63be69 from=0x66e0851F1a162869024b4C9f6b1C4Fc5cb4832F1 to=0x0000000000000000000000000000000000000000
t=2023-06-02T16:09:00+0800 lvl=trce msg="Removed old queued transactions"        count=0
t=2023-06-02T16:09:00+0800 lvl=trce msg="Removed unpayable queued transactions"  count=0
t=2023-06-02T16:09:00+0800 lvl=trce msg="Promoted queued transactions"           count=1
t=2023-06-02T16:09:00+0800 lvl=trce msg="Pooled new future transaction"          hash=0xb87ae8f4bb373bd28bb85bda8f188b252c50f43f35b5c818588a7f728b7a0508 from=0x66e0851F1a162869024b4C9f6b1C4Fc5cb4832F1 to=0x0000000000000000000000000000000000000000
t=2023-06-02T16:09:00+0800 lvl=trce msg="Removed old queued transactions"        count=0
t=2023-06-02T16:09:00+0800 lvl=trce msg="Removed unpayable queued transactions"  count=0
t=2023-06-02T16:09:00+0800 lvl=trce msg="Promoted queued transactions"           count=0
t=2023-06-02T16:09:00+0800 lvl=trce msg="Pooled new future transaction"          hash=0x014c044a66cef61262f5bc6cc169f5788c01099dc5a8a4f0bf65862e5ca2daf0 from=0x7628e7c918DAaf4dfbF615023fDBcF72b8479bCe to=0x0000000000000000000000000000000000000000
t=2023-06-02T16:09:00+0800 lvl=trce msg="Removed old queued transactions"        count=0
t=2023-06-02T16:09:00+0800 lvl=trce msg="Removed unpayable queued transactions"  count=0
t=2023-06-02T16:09:00+0800 lvl=trce msg="Promoted queued transactions"           count=1
t=2023-06-02T16:09:00+0800 lvl=trce msg="Pooled new future transaction"          hash=0x50d75c535586381dccb289285dea770f241d0bd992b945643de31e0c67d0d649 from=0x7628e7c918DAaf4dfbF615023fDBcF72b8479bCe to=0x0000000000000000000000000000000000000000
t=2023-06-02T16:09:00+0800 lvl=trce msg="Removed old queued transactions"        count=0
t=2023-06-02T16:09:00+0800 lvl=trce msg="Removed unpayable queued transactions"  count=0
t=2023-06-02T16:09:00+0800 lvl=trce msg="Promoted queued transactions"           count=0
t=2023-06-02T16:09:00+0800 lvl=trce msg="Pooled new future transaction"          hash=0x26ab6d1c41e037f699c4ae8aabd45b8f353bbfa779b08fb1c62f3d4a9a8ebf1b from=0x66e0851F1a162869024b4C9f6b1C4Fc5cb4832F1 to=0x0000000000000000000000000000000000000000
t=2023-06-02T16:09:00+0800 lvl=trce msg="Removed old queued transactions"        count=0
t=2023-06-02T16:09:00+0800 lvl=trce msg="Removed unpayable queued transactions"  count=0
t=2023-06-02T16:09:00+0800 lvl=trce msg="Promoted queued transactions"           count=1
t=2023-06-02T16:09:00+0800 lvl=trce msg="Pooled new future transaction"          hash=0xcf239bdaf978539f06aac4c2b8245f8279745f4ea1a2524bd5b278cbccf31407 from=0x66e0851F1a162869024b4C9f6b1C4Fc5cb4832F1 to=0x0000000000000000000000000000000000000000
t=2023-06-02T16:09:00+0800 lvl=trce msg="Removed old queued transactions"        count=0
t=2023-06-02T16:09:00+0800 lvl=trce msg="Removed unpayable queued transactions"  count=0
t=2023-06-02T16:09:00+0800 lvl=trce msg="Promoted queued transactions"           count=0
t=2023-06-02T16:09:00+0800 lvl=trce msg="Pooled new future transaction"          hash=0x1bcda8650deb50b851db3ab948d6bf024e19271025852ba2578d0ebcff7d2eb8 from=0x7628e7c918DAaf4dfbF615023fDBcF72b8479bCe to=0x0000000000000000000000000000000000000000
t=2023-06-02T16:09:00+0800 lvl=trce msg="Removed old queued transactions"        count=0
t=2023-06-02T16:09:00+0800 lvl=trce msg="Removed unpayable queued transactions"  count=0
t=2023-06-02T16:09:00+0800 lvl=trce msg="Promoted queued transactions"           count=1
t=2023-06-02T16:09:00+0800 lvl=trce msg="Pooled new future transaction"          hash=0x215e0c40e33b1e3a22d4543dba70a62c2c57d491bc52c48358cf7fab2e48ae3c from=0x7628e7c918DAaf4dfbF615023fDBcF72b8479bCe to=0x0000000000000000000000000000000000000000
t=2023-06-02T16:09:00+0800 lvl=trce msg="Removed old queued transactions"        count=0
t=2023-06-02T16:09:00+0800 lvl=trce msg="Removed unpayable queued transactions"  count=0
t=2023-06-02T16:09:00+0800 lvl=trce msg="Promoted queued transactions"           count=0
t=2023-06-02T16:09:00+0800 lvl=trce msg="Pooled new future transaction"          hash=0x1cab4400672ce6bb04ef695138696ec9c52112feb8041f27fd89423cbfecb696 from=0x66e0851F1a162869024b4C9f6b1C4Fc5cb4832F1 to=0x0000000000000000000000000000000000000000
t=2023-06-02T16:09:00+0800 lvl=trce msg="Removed old queued transactions"        count=0
t=2023-06-02T16:09:00+0800 lvl=trce msg="Removed unpayable queued transactions"  count=0
t=2023-06-02T16:09:00+0800 lvl=trce msg="Promoted queued transactions"           count=1
t=2023-06-02T16:09:00+0800 lvl=trce msg="Pooled new future transaction"          hash=0xc42b1d365af5b394c3171519b666650d7a90cc7373189b2b02c4b44089abf1bf from=0x66e0851F1a162869024b4C9f6b1C4Fc5cb4832F1 to=0x0000000000000000000000000000000000000000
t=2023-06-02T16:09:00+0800 lvl=trce msg="Removed old queued transactions"        count=0
t=2023-06-02T16:09:00+0800 lvl=trce msg="Removed unpayable queued transactions"  count=0
t=2023-06-02T16:09:00+0800 lvl=trce msg="Promoted queued transactions"           count=0
t=2023-06-02T16:09:00+0800 lvl=trce msg="Pooled new future transaction"          hash=0x150762ace91f219b96dbcda3d441dc7962658b3985d83f08a027729292f8c579 from=0x7628e7c918DAaf4dfbF615023fDBcF72b8479bCe to=0x0000000000000000000000000000000000000000
t=2023-06-02T16:09:00+0800 lvl=trce msg="Removed old queued transactions"        count=0
t=2023-06-02T16:09:00+0800 lvl=trce msg="Removed unpayable queued transactions"  count=0
t=2023-06-02T16:09:00+0800 lvl=trce msg="Promoted queued transactions"           count=1
t=2023-06-02T16:09:00+0800 lvl=trce msg="Pooled new future transaction"          hash=0x3a3172ad2ed61ba5b3bcbd1bea431faa38c4ef1594dab24f2aaccaed18dc4486 from=0x7628e7c918DAaf4dfbF615023fDBcF72b8479bCe to=0x0000000000000000000000000000000000000000
t=2023-06-02T16:09:00+0800 lvl=trce msg="Removed old queued transactions"        count=0
t=2023-06-02T16:09:00+0800 lvl=trce msg="Removed unpayable queued transactions"  count=0
t=2023-06-02T16:09:00+0800 lvl=trce msg="Promoted queued transactions"           count=0
t=2023-06-02T16:09:00+0800 lvl=trce msg="Pooled new future transaction"          hash=0xca9b31a11527c37ae2cc63cf831b36a76acf8e11a3afa1e97ebcb389398c3121 from=0x66e0851F1a162869024b4C9f6b1C4Fc5cb4832F1 to=0x0000000000000000000000000000000000000000
t=2023-06-02T16:09:00+0800 lvl=trce msg="Removed old queued transactions"        count=0
t=2023-06-02T16:09:00+0800 lvl=trce msg="Removed unpayable queued transactions"  count=0
t=2023-06-02T16:09:00+0800 lvl=trce msg="Promoted queued transactions"           count=1
t=2023-06-02T16:09:00+0800 lvl=trce msg="Pooled new future transaction"          hash=0x67877b2dbd5696f1ea193be0f583002c32c6c4d8794f36fb370999214d6be66c from=0x66e0851F1a162869024b4C9f6b1C4Fc5cb4832F1 to=0x0000000000000000000000000000000000000000
t=2023-06-02T16:09:00+0800 lvl=trce msg="Removed old queued transactions"        count=0
t=2023-06-02T16:09:00+0800 lvl=trce msg="Removed unpayable queued transactions"  count=0
t=2023-06-02T16:09:00+0800 lvl=trce msg="Promoted queued transactions"           count=0
t=2023-06-02T16:09:00+0800 lvl=trce msg="Pooled new future transaction"          hash=0x699a4009a54ecd007c31164af45b313e6817a0f67f637b8b9819b491ffe85a8b from=0x7628e7c918DAaf4dfbF615023fDBcF72b8479bCe to=0x0000000000000000000000000000000000000000
t=2023-06-02T16:09:00+0800 lvl=trce msg="Removed old queued transactions"        count=0
t=2023-06-02T16:09:00+0800 lvl=trce msg="Removed unpayable queued transactions"  count=0
t=2023-06-02T16:09:00+0800 lvl=trce msg="Promoted queued transactions"           count=1
t=2023-06-02T16:09:00+0800 lvl=trce msg="Pooled new future transaction"          hash=0x3fa1649a3d10637967e1e925e671d6036169e444986daaf09e4e9907afd1707e from=0x7628e7c918DAaf4dfbF615023fDBcF72b8479bCe to=0x0000000000000000000000000000000000000000
t=2023-06-02T16:09:00+0800 lvl=trce msg="Removed old queued transactions"        count=0
t=2023-06-02T16:09:00+0800 lvl=trce msg="Removed unpayable queued transactions"  count=0
t=2023-06-02T16:09:00+0800 lvl=trce msg="Promoted queued transactions"           count=0
t=2023-06-02T16:09:00+0800 lvl=trce msg="Pooled new future transaction"          hash=0xf500d104283fd1caa28d7717e159b9011390eaaca7c347d1c137fe27d11fff63 from=0x66e0851F1a162869024b4C9f6b1C4Fc5cb4832F1 to=0x0000000000000000000000000000000000000000
t=2023-06-02T16:09:00+0800 lvl=trce msg="Removed old queued transactions"        count=0
t=2023-06-02T16:09:00+0800 lvl=trce msg="Removed unpayable queued transactions"  count=0
t=2023-06-02T16:09:00+0800 lvl=trce msg="Promoted queued transactions"           count=1
t=2023-06-02T16:09:00+0800 lvl=trce msg="Pooled new future transaction"          hash=0x7968ac044da99422905f50f72c99074d5a7c05fdfad719fb182bcac0f4dd40be from=0x66e0851F1a162869024b4C9f6b1C4Fc5cb4832F1 to=0x0000000000000000000000000000000000000000
t=2023-06-02T16:09:00+0800 lvl=trce msg="Removed old queued transactions"        count=0
t=2023-06-02T16:09:00+0800 lvl=trce msg="Removed unpayable queued transactions"  count=0
t=2023-06-02T16:09:00+0800 lvl=trce msg="Promoted queued transactions"           count=0
t=2023-06-02T16:09:00+0800 lvl=trce msg="Pooled new future transaction"          hash=0xee24dbbf7394c3a8ab7938f983497d7592ecfb451adf4e35c6485f91de4848cf from=0x7628e7c918DAaf4dfbF615023fDBcF72b8479bCe to=0x0000000000000000000000000000000000000000
t=2023-06-02T16:09:00+0800 lvl=trce msg="Removed old queued transactions"        count=0
t=2023-06-02T16:09:00+0800 lvl=trce msg="Removed unpayable queued transactions"  count=0
t=2023-06-02T16:09:00+0800 lvl=trce msg="Promoted queued transactions"           count=1
t=2023-06-02T16:09:00+0800 lvl=trce msg="Pooled new future transaction"          hash=0xbc17d5919b1729eb9a1f5ba555a0d47a73eac0f532538230384fa6dfcf3ae337 from=0x7628e7c918DAaf4dfbF615023fDBcF72b8479bCe to=0x0000000000000000000000000000000000000000
t=2023-06-02T16:09:00+0800 lvl=trce msg="Removed old queued transactions"        count=0
t=2023-06-02T16:09:00+0800 lvl=trce msg="Removed unpayable queued transactions"  count=0
t=2023-06-02T16:09:00+0800 lvl=trce msg="Promoted queued transactions"           count=0
t=2023-06-02T16:09:00+0800 lvl=trce msg="Pooled new future transaction"          hash=0x23a34df627be23a90f6eb9adcf955258d1b1606afeb8a9eadcbfaa29a403bb4a from=0x66e0851F1a162869024b4C9f6b1C4Fc5cb4832F1 to=0x0000000000000000000000000000000000000000
t=2023-06-02T16:09:00+0800 lvl=trce msg="Removed old queued transactions"        count=0
t=2023-06-02T16:09:00+0800 lvl=trce msg="Removed unpayable queued transactions"  count=0
t=2023-06-02T16:09:00+0800 lvl=trce msg="Promoted queued transactions"           count=1
t=2023-06-02T16:09:00+0800 lvl=trce msg="Pooled new future transaction"          hash=0xcc402223557d9efe9dbca1fc5388862fad6cc5d511c64116ffe64a79511f59f6 from=0x66e0851F1a162869024b4C9f6b1C4Fc5cb4832F1 to=0x0000000000000000000000000000000000000000
t=2023-06-02T16:09:00+0800 lvl=trce msg="Removed old queued transactions"        count=0
t=2023-06-02T16:09:00+0800 lvl=trce msg="Removed unpayable queued transactions"  count=0
t=2023-06-02T16:09:00+0800 lvl=trce msg="Promoted queued transactions"           count=0
t=2023-06-02T16:09:00+0800 lvl=trce msg="Pooled new future transaction"          hash=0xb00d7070405df8ab003be0b708efb691f07c59ad7fe96b0d5058983f3d07f83b from=0x7628e7c918DAaf4dfbF615023fDBcF72b8479bCe to=0x0000000000000000000000000000000000000000
t=2023-06-02T16:09:00+0800 lvl=trce msg="Removed old queued transactions"        count=0
t=2023-06-02T16:09:00+0800 lvl=trce msg="Removed unpayable queued transactions"  count=0
t=2023-06-02T16:09:00+0800 lvl=trce msg="Promoted queued transactions"           count=1
t=2023-06-02T16:09:00+0800 lvl=trce msg="Pooled new future transaction"          hash=0xd25ba5ab0da11bf3002aa6fdc1b0ce6fdc1e11c29efc4677626d61d6eecd0784 from=0x7628e7c918DAaf4dfbF615023fDBcF72b8479bCe to=0x0000000000000000000000000000000000000000
t=2023-06-02T16:09:00+0800 lvl=trce msg="Removed old queued transactions"        count=0
t=2023-06-02T16:09:00+0800 lvl=trce msg="Removed unpayable queued transactions"  count=0
t=2023-06-02T16:09:00+0800 lvl=trce msg="Promoted queued transactions"           count=0
t=2023-06-02T16:09:00+0800 lvl=trce msg="Pooled new future transaction"          hash=0x127174c73225974b48de3a34b66da0ec3d903a4064ea6760010bafa8a45d217c from=0x66e0851F1a162869024b4C9f6b1C4Fc5cb4832F1 to=0x0000000000000000000000000000000000000000
t=2023-06-02T16:09:00+0800 lvl=trce msg="Removed old queued transactions"        count=0
t=2023-06-02T16:09:00+0800 lvl=trce msg="Removed unpayable queued transactions"  count=0
t=2023-06-02T16:09:00+0800 lvl=trce msg="Promoted queued transactions"           count=1
t=2023-06-02T16:09:00+0800 lvl=trce msg="Pooled new future transaction"          hash=0xd9dd39c4a598c35d096b4a745d0d79c6ccfa815d403af5f39433822b22a1e215 from=0x66e0851F1a162869024b4C9f6b1C4Fc5cb4832F1 to=0x0000000000000000000000000000000000000000
t=2023-06-02T16:09:00+0800 lvl=trce msg="Removed old queued transactions"        count=0
t=2023-06-02T16:09:00+0800 lvl=trce msg="Removed unpayable queued transactions"  count=0
t=2023-06-02T16:09:00+0800 lvl=trce msg="Promoted queued transactions"           count=0
t=2023-06-02T16:09:00+0800 lvl=trce msg="Pooled new future transaction"          hash=0xcfd4416bab6a11cac7c5df8a5d6b642644e9648316e9eda08992e33fb26264e9 from=0x7628e7c918DAaf4dfbF615023fDBcF72b8479bCe to=0x0000000000000000000000000000000000000000
t=2023-06-02T16:09:00+0800 lvl=trce msg="Removed old queued transactions"        count=0
t=2023-06-02T16:09:00+0800 lvl=trce msg="Removed unpayable queued transactions"  count=0
t=2023-06-02T16:09:00+0800 lvl=trce msg="Promoted queued transactions"           count=1
t=2023-06-02T16:09:00+0800 lvl=trce msg="Pooled new future transaction"          hash=0xe74533d33f4ad025c1bf1c48c63eb0ff69e205284e8767b9e2bd3ebebde26e8e from=0x7628e7c918DAaf4dfbF615023fDBcF72b8479bCe to=0x0000000000000000000000000000000000000000
t=2023-06-02T16:09:00+0800 lvl=trce msg="Removed old queued transactions"        count=0
t=2023-06-02T16:09:00+0800 lvl=trce msg="Removed unpayable queued transactions"  count=0
t=2023-06-02T16:09:00+0800 lvl=trce msg="Promoted queued transactions"           count=0
t=2023-06-02T16:09:00+0800 lvl=trce msg="Pooled new future transaction"          hash=0x661c8cbf338c9b8fa2b80dbf708eddeec00c489b4c968b60a994b7c765de6bd3 from=0x66e0851F1a162869024b4C9f6b1C4Fc5cb4832F1 to=0x0000000000000000000000000000000000000000
t=2023-06-02T16:09:00+0800 lvl=trce msg="Removed old queued transactions"        count=0
t=2023-06-02T16:09:00+0800 lvl=trce msg="Removed unpayable queued transactions"  count=0
t=2023-06-02T16:09:00+0800 lvl=trce msg="Promoted queued transactions"           count=1
t=2023-06-02T16:09:00+0800 lvl=trce msg="Pooled new future transaction"          hash=0x8aad58d0a1a4b290301b8032fca162bc145e026b1b04e936620eb4abd88cc1ee from=0x66e0851F1a162869024b4C9f6b1C4Fc5cb4832F1 to=0x0000000000000000000000000000000000000000
t=2023-06-02T16:09:00+0800 lvl=trce msg="Removed old queued transactions"        count=0
t=2023-06-02T16:09:00+0800 lvl=trce msg="Removed unpayable queued transactions"  count=0
t=2023-06-02T16:09:00+0800 lvl=trce msg="Promoted queued transactions"           count=0
t=2023-06-02T16:09:00+0800 lvl=trce msg="Pooled new future transaction"          hash=0x0507c8f615e72bbb760489df0ace31f117d2c701936320acc7322790e1171200 from=0x7628e7c918DAaf4dfbF615023fDBcF72b8479bCe to=0x0000000000000000000000000000000000000000
t=2023-06-02T16:09:00+0800 lvl=trce msg="Removed old queued transactions"        count=0
t=2023-06-02T16:09:00+0800 lvl=trce msg="Removed unpayable queued transactions"  count=0
t=2023-06-02T16:09:00+0800 lvl=trce msg="Promoted queued transactions"           count=1
t=2023-06-02T16:09:00+0800 lvl=trce msg="Pooled new future transaction"          hash=0x042c18c0d33dba90b837d56e17ceaeb9c96ba9db6c97acb27041eba83196d683 from=0x7628e7c918DAaf4dfbF615023fDBcF72b8479bCe to=0x0000000000000000000000000000000000000000
t=2023-06-02T16:09:00+0800 lvl=trce msg="Removed old queued transactions"        count=0
t=2023-06-02T16:09:00+0800 lvl=trce msg="Removed unpayable queued transactions"  count=0
t=2023-06-02T16:09:00+0800 lvl=trce msg="Promoted queued transactions"           count=0
t=2023-06-02T16:09:00+0800 lvl=trce msg="Pooled new future transaction"          hash=0x984e004db37f650cd6162bf16b8086da5ac6328e57dd100907f40c5f13a3f7e5 from=0x66e0851F1a162869024b4C9f6b1C4Fc5cb4832F1 to=0x0000000000000000000000000000000000000000
t=2023-06-02T16:09:00+0800 lvl=trce msg="Removed old queued transactions"        count=0
t=2023-06-02T16:09:00+0800 lvl=trce msg="Removed unpayable queued transactions"  count=0
t=2023-06-02T16:09:00+0800 lvl=trce msg="Promoted queued transactions"           count=1
t=2023-06-02T16:09:00+0800 lvl=trce msg="Pooled new future transaction"          hash=0xf4b6e3f2d1222545bcc9f0eec9fb496d05d3609d8ea8a80a08c360f222c9675d from=0x66e0851F1a162869024b4C9f6b1C4Fc5cb4832F1 to=0x0000000000000000000000000000000000000000
t=2023-06-02T16:09:00+0800 lvl=trce msg="Removed old queued transactions"        count=0
t=2023-06-02T16:09:00+0800 lvl=trce msg="Removed unpayable queued transactions"  count=0
t=2023-06-02T16:09:00+0800 lvl=trce msg="Promoted queued transactions"           count=0
t=2023-06-02T16:09:00+0800 lvl=trce msg="Pooled new future transaction"          hash=0x7807b2b2542122902329dac66d5d7a890a90a79638f7e1a14e6252661d7525c8 from=0x7628e7c918DAaf4dfbF615023fDBcF72b8479bCe to=0x0000000000000000000000000000000000000000
t=2023-06-02T16:09:00+0800 lvl=trce msg="Removed old queued transactions"        count=0
t=2023-06-02T16:09:00+0800 lvl=trce msg="Removed unpayable queued transactions"  count=0
t=2023-06-02T16:09:00+0800 lvl=trce msg="Promoted queued transactions"           count=1
t=2023-06-02T16:09:00+0800 lvl=trce msg="Pooled new future transaction"          hash=0xd5167f38bf7b432caa2a9e30924cf11a02597c8b336c55254aa8818309d25778 from=0x7628e7c918DAaf4dfbF615023fDBcF72b8479bCe to=0x0000000000000000000000000000000000000000
t=2023-06-02T16:09:00+0800 lvl=trce msg="Removed old queued transactions"        count=0
t=2023-06-02T16:09:00+0800 lvl=trce msg="Removed unpayable queued transactions"  count=0
t=2023-06-02T16:09:00+0800 lvl=trce msg="Promoted queued transactions"           count=0
t=2023-06-02T16:09:00+0800 lvl=trce msg="Pooled new future transaction"          hash=0xc1c53c72abfb4d227de8964f185de4515c5f3a3c2fa04713c2e83401f3a8feaa from=0x66e0851F1a162869024b4C9f6b1C4Fc5cb4832F1 to=0x0000000000000000000000000000000000000000
t=2023-06-02T16:09:00+0800 lvl=trce msg="Removed old queued transactions"        count=0
t=2023-06-02T16:09:00+0800 lvl=trce msg="Removed unpayable queued transactions"  count=0
t=2023-06-02T16:09:00+0800 lvl=trce msg="Promoted queued transactions"           count=1
t=2023-06-02T16:09:00+0800 lvl=trce msg="Pooled new future transaction"          hash=0x519244e8de126554d7afae8ad669d0a16ec6a19e0352a32b65a207aa3c4caa9b from=0x66e0851F1a162869024b4C9f6b1C4Fc5cb4832F1 to=0x0000000000000000000000000000000000000000
t=2023-06-02T16:09:00+0800 lvl=trce msg="Removed old queued transactions"        count=0
t=2023-06-02T16:09:00+0800 lvl=trce msg="Removed unpayable queued transactions"  count=0
t=2023-06-02T16:09:00+0800 lvl=trce msg="Promoted queued transactions"           count=0
t=2023-06-02T16:09:00+0800 lvl=trce msg="Pooled new future transaction"          hash=0xbe8b5389be6b59feb6dd5a701631b47ac9fcc4806085a83a220f85c89b737ebe from=0x7628e7c918DAaf4dfbF615023fDBcF72b8479bCe to=0x0000000000000000000000000000000000000000
t=2023-06-02T16:09:00+0800 lvl=trce msg="Removed old queued transactions"        count=0
t=2023-06-02T16:09:00+0800 lvl=trce msg="Removed unpayable queued transactions"  count=0
t=2023-06-02T16:09:00+0800 lvl=trce msg="Promoted queued transactions"           count=1
t=2023-06-02T16:09:00+0800 lvl=trce msg="Pooled new future transaction"          hash=0x2fa858164b2d8a194c736ee303cd535bbcfb165e11ca9daa4aa56d6de002c125 from=0x7628e7c918DAaf4dfbF615023fDBcF72b8479bCe to=0x0000000000000000000000000000000000000000
t=2023-06-02T16:09:00+0800 lvl=trce msg="Removed old queued transactions"        count=0
t=2023-06-02T16:09:00+0800 lvl=trce msg="Removed unpayable queued transactions"  count=0
t=2023-06-02T16:09:00+0800 lvl=trce msg="Promoted queued transactions"           count=0
t=2023-06-02T16:09:00+0800 lvl=trce msg="Pooled new future transaction"          hash=0x88bf8953bbf1ee9fb1a52424f0e9846693122fea954f2934b9eaf2b7e535ee25 from=0x66e0851F1a162869024b4C9f6b1C4Fc5cb4832F1 to=0x0000000000000000000000000000000000000000
t=2023-06-02T16:09:00+0800 lvl=trce msg="Removed old queued transactions"        count=0
t=2023-06-02T16:09:00+0800 lvl=trce msg="Removed unpayable queued transactions"  count=0
t=2023-06-02T16:09:00+0800 lvl=trce msg="Promoted queued transactions"           count=1
t=2023-06-02T16:09:00+0800 lvl=trce msg="Pooled new future transaction"          hash=0x28f7bcd2599a535e25cf3e85faf19ede25506e4014de4c6f62244eeabd3d3f22 from=0x66e0851F1a162869024b4C9f6b1C4Fc5cb4832F1 to=0x0000000000000000000000000000000000000000
t=2023-06-02T16:09:00+0800 lvl=trce msg="Removed old queued transactions"        count=0
t=2023-06-02T16:09:00+0800 lvl=trce msg="Removed unpayable queued transactions"  count=0
t=2023-06-02T16:09:00+0800 lvl=trce msg="Promoted queued transactions"           count=0
t=2023-06-02T16:09:00+0800 lvl=trce msg="Pooled new future transaction"          hash=0x0e770fc68fa6d09920691146b68b921be37f1a9b512bcf9b435acf6b8e79070d from=0x7628e7c918DAaf4dfbF615023fDBcF72b8479bCe to=0x0000000000000000000000000000000000000000
t=2023-06-02T16:09:00+0800 lvl=trce msg="Removed old queued transactions"        count=0
t=2023-06-02T16:09:00+0800 lvl=trce msg="Removed unpayable queued transactions"  count=0
t=2023-06-02T16:09:00+0800 lvl=trce msg="Promoted queued transactions"           count=1
t=2023-06-02T16:09:00+0800 lvl=trce msg="Pooled new future transaction"          hash=0x4877d30600f81884381d8b8847f45d315b96e58e9a06672e0b27256390d1c761 from=0x7628e7c918DAaf4dfbF615023fDBcF72b8479bCe to=0x0000000000000000000000000000000000000000
t=2023-06-02T16:09:00+0800 lvl=trce msg="Removed old queued transactions"        count=0
t=2023-06-02T16:09:00+0800 lvl=trce msg="Removed unpayable queued transactions"  count=0
t=2023-06-02T16:09:00+0800 lvl=trce msg="Promoted queued transactions"           count=0
t=2023-06-02T16:09:00+0800 lvl=trce msg="Pooled new future transaction"          hash=0xfca82802365ff46c9c1d81ff943940751c6976580b00ba115d0d3bc6f1df265f from=0x66e0851F1a162869024b4C9f6b1C4Fc5cb4832F1 to=0x0000000000000000000000000000000000000000
t=2023-06-02T16:09:00+0800 lvl=trce msg="Removed old queued transactions"        count=0
t=2023-06-02T16:09:00+0800 lvl=trce msg="Removed unpayable queued transactions"  count=0
t=2023-06-02T16:09:00+0800 lvl=trce msg="Promoted queued transactions"           count=1
t=2023-06-02T16:09:00+0800 lvl=trce msg="Pooled new future transaction"          hash=0x8e819a5269408035dadb28508f1574911a7b69abfe0519be3621e75f212af631 from=0x66e0851F1a162869024b4C9f6b1C4Fc5cb4832F1 to=0x0000000000000000000000000000000000000000
t=2023-06-02T16:09:00+0800 lvl=trce msg="Removed old queued transactions"        count=0
t=2023-06-02T16:09:00+0800 lvl=trce msg="Removed unpayable queued transactions"  count=0
t=2023-06-02T16:09:00+0800 lvl=trce msg="Promoted queued transactions"           count=0
t=2023-06-02T16:09:00+0800 lvl=trce msg="Pooled new future transaction"          hash=0x313cfd949c2b5c9cb8a11977f1a7316078a848b2a02ee4468d383782a9a719aa from=0x7628e7c918DAaf4dfbF615023fDBcF72b8479bCe to=0x0000000000000000000000000000000000000000
t=2023-06-02T16:09:00+0800 lvl=trce msg="Removed old queued transactions"        count=0
t=2023-06-02T16:09:00+0800 lvl=trce msg="Removed unpayable queued transactions"  count=0
t=2023-06-02T16:09:00+0800 lvl=trce msg="Promoted queued transactions"           count=1
t=2023-06-02T16:09:00+0800 lvl=trce msg="Pooled new future transaction"          hash=0xa802e2797387ae4e8da62136b0e4c846384c62fa1d689967b4acd61cb87b5bc1 from=0x7628e7c918DAaf4dfbF615023fDBcF72b8479bCe to=0x0000000000000000000000000000000000000000
t=2023-06-02T16:09:00+0800 lvl=trce msg="Removed old queued transactions"        count=0
t=2023-06-02T16:09:00+0800 lvl=trce msg="Removed unpayable queued transactions"  count=0
t=2023-06-02T16:09:00+0800 lvl=trce msg="Promoted queued transactions"           count=0
t=2023-06-02T16:09:00+0800 lvl=trce msg="Pooled new future transaction"          hash=0x8d5b003c7d9bab348844cecb86a9f7a4d3e4c051384d3ea7459cbe161c64d2aa from=0x66e0851F1a162869024b4C9f6b1C4Fc5cb4832F1 to=0x0000000000000000000000000000000000000000
t=2023-06-02T16:09:00+0800 lvl=trce msg="Removed old queued transactions"        count=0
t=2023-06-02T16:09:00+0800 lvl=trce msg="Removed unpayable queued transactions"  count=0
t=2023-06-02T16:09:00+0800 lvl=trce msg="Promoted queued transactions"           count=1
t=2023-06-02T16:09:00+0800 lvl=trce msg="Pooled new future transaction"          hash=0x28799b8a63930e9764d9318227e70cf1ba6a6d4a858f1a53e56a1fd51ec00fff from=0x66e0851F1a162869024b4C9f6b1C4Fc5cb4832F1 to=0x0000000000000000000000000000000000000000
t=2023-06-02T16:09:00+0800 lvl=trce msg="Removed old queued transactions"        count=0
t=2023-06-02T16:09:00+0800 lvl=trce msg="Removed unpayable queued transactions"  count=0
t=2023-06-02T16:09:00+0800 lvl=trce msg="Promoted queued transactions"           count=0
t=2023-06-02T16:09:00+0800 lvl=trce msg="Pooled new future transaction"          hash=0x7ef63f9406a2f86a574580ccba9ee4743a9648b6b87a6d7f64fde193350e5418 from=0x7628e7c918DAaf4dfbF615023fDBcF72b8479bCe to=0x0000000000000000000000000000000000000000
t=2023-06-02T16:09:00+0800 lvl=trce msg="Removed old queued transactions"        count=0
t=2023-06-02T16:09:00+0800 lvl=trce msg="Removed unpayable queued transactions"  count=0
t=2023-06-02T16:09:00+0800 lvl=trce msg="Promoted queued transactions"           count=1
t=2023-06-02T16:09:00+0800 lvl=trce msg="Pooled new future transaction"          hash=0x1d0c481504ce019aae9bdab0113f5f26947ab1e6fcdff14438209ef565ed642c from=0x7628e7c918DAaf4dfbF615023fDBcF72b8479bCe to=0x0000000000000000000000000000000000000000
t=2023-06-02T16:09:00+0800 lvl=trce msg="Removed old queued transactions"        count=0
t=2023-06-02T16:09:00+0800 lvl=trce msg="Removed unpayable queued transactions"  count=0
t=2023-06-02T16:09:00+0800 lvl=trce msg="Promoted queued transactions"           count=0
t=2023-06-02T16:09:00+0800 lvl=trce msg="Pooled new future transaction"          hash=0x8ee9097dee9bb85b6eb27d9789622ab09bb8b2bdc1c6ea668ce60b3b9437b864 from=0x66e0851F1a162869024b4C9f6b1C4Fc5cb4832F1 to=0x0000000000000000000000000000000000000000
t=2023-06-02T16:09:00+0800 lvl=trce msg="Removed old queued transactions"        count=0
t=2023-06-02T16:09:00+0800 lvl=trce msg="Removed unpayable queued transactions"  count=0
t=2023-06-02T16:09:00+0800 lvl=trce msg="Promoted queued transactions"           count=1
t=2023-06-02T16:09:00+0800 lvl=trce msg="Pooled new future transaction"          hash=0xd1a88796c1d6443a03bcee70f53e95d6559a8e1a095382c8c2ebcf4b3cafea92 from=0x66e0851F1a162869024b4C9f6b1C4Fc5cb4832F1 to=0x0000000000000000000000000000000000000000
t=2023-06-02T16:09:00+0800 lvl=trce msg="Removed old queued transactions"        count=0
t=2023-06-02T16:09:00+0800 lvl=trce msg="Removed unpayable queued transactions"  count=0
t=2023-06-02T16:09:00+0800 lvl=trce msg="Promoted queued transactions"           count=0
t=2023-06-02T16:09:00+0800 lvl=trce msg="Pooled new future transaction"          hash=0x7e6055977fbfbfe0b5e2253068d7f051c46d6d8c3d2c57eadff64b9be02b78d0 from=0x7628e7c918DAaf4dfbF615023fDBcF72b8479bCe to=0x0000000000000000000000000000000000000000
t=2023-06-02T16:09:00+0800 lvl=trce msg="Removed old queued transactions"        count=0
t=2023-06-02T16:09:00+0800 lvl=trce msg="Removed unpayable queued transactions"  count=0
t=2023-06-02T16:09:00+0800 lvl=trce msg="Promoted queued transactions"           count=1
t=2023-06-02T16:09:00+0800 lvl=trce msg="Pooled new future transaction"          hash=0x8f124b4ed37a8dd773d075f99d37698f1667032f70dd6b97d945e02266d61f14 from=0x7628e7c918DAaf4dfbF615023fDBcF72b8479bCe to=0x0000000000000000000000000000000000000000
t=2023-06-02T16:09:00+0800 lvl=trce msg="Removed old queued transactions"        count=0
t=2023-06-02T16:09:00+0800 lvl=trce msg="Removed unpayable queued transactions"  count=0
t=2023-06-02T16:09:00+0800 lvl=trce msg="Promoted queued transactions"           count=0
t=2023-06-02T16:09:00+0800 lvl=trce msg="Pooled new future transaction"          hash=0x9ffd54d545b88705e41832687a71bf654bd4db6ee46d64a257a916af5b09b236 from=0x66e0851F1a162869024b4C9f6b1C4Fc5cb4832F1 to=0x0000000000000000000000000000000000000000
t=2023-06-02T16:09:00+0800 lvl=trce msg="Removed old queued transactions"        count=0
t=2023-06-02T16:09:00+0800 lvl=trce msg="Removed unpayable queued transactions"  count=0
t=2023-06-02T16:09:00+0800 lvl=trce msg="Promoted queued transactions"           count=1
t=2023-06-02T16:09:00+0800 lvl=trce msg="Pooled new future transaction"          hash=0x3eb7981cb264eef0ecdc33ef2eb1f3d93e0074cdd0503ea8b737576783edd67a from=0x66e0851F1a162869024b4C9f6b1C4Fc5cb4832F1 to=0x0000000000000000000000000000000000000000
t=2023-06-02T16:09:00+0800 lvl=trce msg="Removed old queued transactions"        count=0
t=2023-06-02T16:09:00+0800 lvl=trce msg="Removed unpayable queued transactions"  count=0
t=2023-06-02T16:09:00+0800 lvl=trce msg="Promoted queued transactions"           count=0
t=2023-06-02T16:09:00+0800 lvl=trce msg="Pooled new future transaction"          hash=0x95b5f51d83a872215f610cf6cd625f3fb989ad9df1bf185f03dc7274c6959d5d from=0x7628e7c918DAaf4dfbF615023fDBcF72b8479bCe to=0x0000000000000000000000000000000000000000
t=2023-06-02T16:09:00+0800 lvl=trce msg="Removed old queued transactions"        count=0
t=2023-06-02T16:09:00+0800 lvl=trce msg="Removed unpayable queued transactions"  count=0
t=2023-06-02T16:09:00+0800 lvl=trce msg="Promoted queued transactions"           count=1
t=2023-06-02T16:09:00+0800 lvl=trce msg="Pooled new future transaction"          hash=0xb5dc60f92c123508f90d5d668f40a30a2a499d376ddb01ba0989395ed2cc5a70 from=0x7628e7c918DAaf4dfbF615023fDBcF72b8479bCe to=0x0000000000000000000000000000000000000000
t=2023-06-02T16:09:00+0800 lvl=trce msg="Removed old queued transactions"        count=0
t=2023-06-02T16:09:00+0800 lvl=trce msg="Removed unpayable queued transactions"  count=0
t=2023-06-02T16:09:00+0800 lvl=trce msg="Promoted queued transactions"           count=0
t=2023-06-02T16:09:00+0800 lvl=trce msg="Pooled new future transaction"          hash=0x4db4474c6f1c651f665a2ed21ed69f21c028099e9aa9c713d687fa33ed86139f from=0x66e0851F1a162869024b4C9f6b1C4Fc5cb4832F1 to=0x0000000000000000000000000000000000000000
t=2023-06-02T16:09:00+0800 lvl=trce msg="Removed old queued transactions"        count=0
t=2023-06-02T16:09:00+0800 lvl=trce msg="Removed unpayable queued transactions"  count=0
t=2023-06-02T16:09:00+0800 lvl=trce msg="Promoted queued transactions"           count=1
t=2023-06-02T16:09:00+0800 lvl=trce msg="Pooled new future transaction"          hash=0xb05eac030745282d5a107f5b8f65d41fbbcb570fb6010e8c92b96b3ab231d472 from=0x66e0851F1a162869024b4C9f6b1C4Fc5cb4832F1 to=0x0000000000000000000000000000000000000000
t=2023-06-02T16:09:00+0800 lvl=trce msg="Removed old queued transactions"        count=0
t=2023-06-02T16:09:00+0800 lvl=trce msg="Removed unpayable queued transactions"  count=0
t=2023-06-02T16:09:00+0800 lvl=trce msg="Promoted queued transactions"           count=0
t=2023-06-02T16:09:00+0800 lvl=info msg="Transaction pool price threshold updated" price=2
t=2023-06-02T16:09:00+0800 lvl=info msg="Transaction pool price threshold updated" price=2
t=2023-06-02T16:09:00+0800 lvl=info msg="Transaction pool price threshold updated" price=4
t=2023-06-02T16:09:00+0800 lvl=info msg="Transaction pool price threshold updated" price=8
t=2023-06-02T16:09:00+0800 lvl=info msg="Transaction pool price threshold updated" price=100
t=2023-06-02T16:09:00+0800 lvl=info msg="Transaction pool stopped"
--- PASS: TestTransactionPoolRepricingKeepsLocals (0.58s)
t=2023-06-02T16:09:01+0800 lvl=info msg="Regenerated local transaction journal"  transactions=1 accounts=1
t=2023-06-02T16:09:02+0800 lvl=info msg="Transaction pool stopped"
t=2023-06-02T16:09:02+0800 lvl=dbug msg="Reinjecting stale transactions"         count=0
t=2023-06-02T16:09:02+0800 lvl=info msg="Transaction pool stopped"
--- PASS: TestTransactionJournalingNoLocals (2.01s)
t=2023-06-02T16:09:02+0800 lvl=info msg="Regenerated local transaction journal"  transactions=1 accounts=1
t=2023-06-02T16:09:02+0800 lvl=info msg="Transaction pool stopped"
t=2023-06-02T16:09:02+0800 lvl=dbug msg="Reinjecting stale transactions"         count=0
t=2023-06-02T16:09:02+0800 lvl=info msg="Setting new local account"              address=0x7a7028e6fd2855416745DAa56e695ED499e5bd0a
t=2023-06-02T16:09:02+0800 lvl=trce msg="Pooled new future transaction"          hash=0xf28b1b106561f26b5aab4eb242187bec8659f90193557e3a22c3139d5abb409c from=0x7a7028e6fd2855416745DAa56e695ED499e5bd0a to=0x0000000000000000000000000000000000000000
t=2023-06-02T16:09:02+0800 lvl=trce msg="Removed old queued transactions"        count=0
t=2023-06-02T16:09:02+0800 lvl=trce msg="Removed unpayable queued transactions"  count=0
t=2023-06-02T16:09:02+0800 lvl=trce msg="Promoted queued transactions"           count=0
t=2023-06-02T16:09:02+0800 lvl=info msg="Loaded local transaction journal"       transactions=1 dropped=0
t=2023-06-02T16:09:02+0800 lvl=info msg="Regenerated local transaction journal"  transactions=1 accounts=1
t=2023-06-02T16:09:02+0800 lvl=info msg="Transaction pool stopped"
--- PASS: TestTransactionJournaling (2.02s)
=== RUN   ExampleGenerateChain
t=2023-06-02T16:09:02+0800 lvl=info msg="Persisted trie from memory database"    nodes=1 size="176.00 B" time="6.452µs" gcnodes=0 gcsize="0.00 B" gctime=0s livenodes=1 livesize="0.00 B"
t=2023-06-02T16:09:02+0800 lvl=dbug msg="Persisted trie from memory database"    nodes=4 size="676.00 B" time="11.672µs" gcnodes=0 gcsize="0.00 B" gctime=0s livenodes=1 livesize="0.00 B"
t=2023-06-02T16:09:02+0800 lvl=dbug msg="Persisted trie from memory database"    nodes=5 size="882.00 B" time="7.494µs"  gcnodes=0 gcsize="0.00 B" gctime=0s livenodes=1 livesize="0.00 B"
t=2023-06-02T16:09:02+0800 lvl=dbug msg="Persisted trie from memory database"    nodes=2 size="359.00 B" time="3.977µs"  gcnodes=0 gcsize="0.00 B" gctime=0s livenodes=1 livesize="0.00 B"
t=2023-06-02T16:09:02+0800 lvl=dbug msg="Persisted trie from memory database"    nodes=3 size="539.00 B" time="4.769µs"  gcnodes=0 gcsize="0.00 B" gctime=0s livenodes=1 livesize="0.00 B"
t=2023-06-02T16:09:02+0800 lvl=dbug msg="Persisted trie from memory database"    nodes=2 size="360.00 B" time="4.809µs"  gcnodes=0 gcsize="0.00 B" gctime=0s livenodes=1 livesize="0.00 B"
t=2023-06-02T16:09:02+0800 lvl=info msg="Loaded most recent local header"        number=0   hash=0x5d70421f4127e32c7b8402ec76ccd7d6204885e109c267e44e9ad07929a4fbb8 td=131,072 age=54y2mo1w
t=2023-06-02T16:09:02+0800 lvl=info msg="Loaded most recent local full block"    number=0   hash=0x5d70421f4127e32c7b8402ec76ccd7d6204885e109c267e44e9ad07929a4fbb8 td=131,072 age=54y2mo1w
t=2023-06-02T16:09:02+0800 lvl=info msg="Loaded most recent local fast block"    number=0   hash=0x5d70421f4127e32c7b8402ec76ccd7d6204885e109c267e44e9ad07929a4fbb8 td=131,072 age=54y2mo1w
t=2023-06-02T16:09:02+0800 lvl=warn msg="Failed to load snapshot, regenerating"  err="missing or corrupted snapshot"
t=2023-06-02T16:09:02+0800 lvl=info msg="Rebuilding state snapshot"
t=2023-06-02T16:09:02+0800 lvl=dbug msg="Journalled generator progress"          progress=empty
t=2023-06-02T16:09:02+0800 lvl=dbug msg="Start snapshot generation"              root=0xee5564ef390fa174c71cbf7d4dc66dc85c017cad5e9c453443d609117b08166d
t=2023-06-02T16:09:02+0800 lvl=info msg="Resuming state snapshot generation"     root=0xee5564ef390fa174c71cbf7d4dc66dc85c017cad5e9c453443d609117b08166d accounts=0 slots=0 storage="0.00 B"   elapsed="101.885µs"
t=2023-06-02T16:09:02+0800 lvl=trce msg="Detected outdated state range"          kind=account prefix=0x61 last=0x err="wrong root: have 0x56e81f171bcc55a6ff8345e692c0f86e5b48e01b996cadc001622fb5e363b421 want 0xee5564ef390fa174c71cbf7d4dc66dc85c017cad5e9c453443d609117b08166d"
t=2023-06-02T16:09:02+0800 lvl=dbug msg="Regenerated state range"                kind=account prefix=0x61 root=0xee5564ef390fa174c71cbf7d4dc66dc85c017cad5e9c453443d609117b08166d last=0x count=1   created=1 updated=0    untouched=0 deleted=0
t=2023-06-02T16:09:02+0800 lvl=dbug msg="Journalled generator progress"          progress=done
t=2023-06-02T16:09:02+0800 lvl=info msg="Generated state snapshot"               accounts=1 slots=0 storage="43.00 B"  elapsed="191.376µs"
t=2023-06-02T16:09:02+0800 lvl=warn msg="Inserted block with unknown status"     number=1   hash=0x2eb62dbfb826d9fb4b4d26975a3cae599302f666fa2fd68f91c4a4a40fdda38d diff=131,072 elapsed="231.302µs" txs=1 gas=21000 uncles=0 root=0xe89b3a58145a546d7a57f4a8bffc6994a8ba0ac614332f556e6b019b15a243cb
t=2023-06-02T16:09:02+0800 lvl=warn msg="Inserted block with unknown status"     number=2   hash=0x2f3ab0775d5a842f80c29990e25b433e3eed51916ddf7b79891f759fecc7cab8 diff=131,072 elapsed="184.393µs" txs=2 gas=42000 uncles=0 root=0x976d5df28d363d45d85b72941a871fbbae0201282b40375003d1936ef83caf10
t=2023-06-02T16:09:02+0800 lvl=warn msg="Inserted block with unknown status"     number=3   hash=0xe3734a6a4d34bc2017637d3c5bc8169d38bd341a5113106262f715292c10d893 diff=131,072 elapsed="85.724µs"  txs=0 gas=0     uncles=0 root=0x8a93f0e0cf9965a9858221dc682986598085d2dec6bcf31be49cb615558201d8
t=2023-06-02T16:09:02+0800 lvl=warn msg="Inserted block with unknown status"     number=4   hash=0x44e5567078abeb4f923135c6ace1f3d77a7294417e3e4b93f71ea4526daef48c diff=131,072 elapsed="95.843µs"  txs=0 gas=0     uncles=2 root=0xbbd6881dd0f83516fc814fb7eb1644c57194f82eabbbea9b18aeb35ee7c23278
t=2023-06-02T16:09:02+0800 lvl=warn msg="Inserted block with unknown status"     number=5   hash=0xfe91f96b7cd64ca79a6d5f06373bbac1b4c3d8d4fdf5aa43c429f3145c565b4b diff=131,072 elapsed="103.107µs" txs=0 gas=0     uncles=0 root=0x17df8f6134a16be2ff18650d94998555ab68464fa01611aa1ea1b93e056c2eb9
t=2023-06-02T16:09:02+0800 lvl=info msg="Imported new chain segment"             blocks=5 txs=3 mgas=0.063 elapsed=1.025ms     mgasps=61.417 number=5   hash=0xfe91f96b7cd64ca79a6d5f06373bbac1b4c3d8d4fdf5aa43c429f3145c565b4b age=54y2mo1w dirty="4.25 KiB"
t=2023-06-02T16:09:02+0800 lvl=dbug msg="Journalled generator progress"          progress=done
t=2023-06-02T16:09:02+0800 lvl=dbug msg="Journalled disk layer"                  root=0xee5564ef390fa174c71cbf7d4dc66dc85c017cad5e9c453443d609117b08166d
t=2023-06-02T16:09:02+0800 lvl=dbug msg="Journalled diff layer"                  root=0xe89b3a58145a546d7a57f4a8bffc6994a8ba0ac614332f556e6b019b15a243cb parent=0xee5564ef390fa174c71cbf7d4dc66dc85c017cad5e9c453443d609117b08166d
t=2023-06-02T16:09:02+0800 lvl=dbug msg="Journalled diff layer"                  root=0x976d5df28d363d45d85b72941a871fbbae0201282b40375003d1936ef83caf10 parent=0xe89b3a58145a546d7a57f4a8bffc6994a8ba0ac614332f556e6b019b15a243cb
t=2023-06-02T16:09:02+0800 lvl=dbug msg="Journalled diff layer"                  root=0x8a93f0e0cf9965a9858221dc682986598085d2dec6bcf31be49cb615558201d8 parent=0x976d5df28d363d45d85b72941a871fbbae0201282b40375003d1936ef83caf10
t=2023-06-02T16:09:02+0800 lvl=dbug msg="Journalled diff layer"                  root=0xbbd6881dd0f83516fc814fb7eb1644c57194f82eabbbea9b18aeb35ee7c23278 parent=0x8a93f0e0cf9965a9858221dc682986598085d2dec6bcf31be49cb615558201d8
t=2023-06-02T16:09:02+0800 lvl=dbug msg="Journalled diff layer"                  root=0x17df8f6134a16be2ff18650d94998555ab68464fa01611aa1ea1b93e056c2eb9 parent=0xbbd6881dd0f83516fc814fb7eb1644c57194f82eabbbea9b18aeb35ee7c23278
t=2023-06-02T16:09:02+0800 lvl=info msg="Writing cached state to disk"           block=5 hash=0xfe91f96b7cd64ca79a6d5f06373bbac1b4c3d8d4fdf5aa43c429f3145c565b4b root=0x17df8f6134a16be2ff18650d94998555ab68464fa01611aa1ea1b93e056c2eb9
t=2023-06-02T16:09:02+0800 lvl=info msg="Persisted trie from memory database"    nodes=5 size="889.00 B" time="38.574µs" gcnodes=0 gcsize="0.00 B" gctime=0s livenodes=12 livesize="1.88 KiB"
t=2023-06-02T16:09:02+0800 lvl=info msg="Writing cached state to disk"           block=4 hash=0x44e5567078abeb4f923135c6ace1f3d77a7294417e3e4b93f71ea4526daef48c root=0xbbd6881dd0f83516fc814fb7eb1644c57194f82eabbbea9b18aeb35ee7c23278
t=2023-06-02T16:09:02+0800 lvl=info msg="Persisted trie from memory database"    nodes=2 size="359.00 B" time="18.686µs" gcnodes=0 gcsize="0.00 B" gctime=0s livenodes=10 livesize="1.53 KiB"
t=2023-06-02T16:09:02+0800 lvl=info msg="Writing snapshot state to disk"         root=0xee5564ef390fa174c71cbf7d4dc66dc85c017cad5e9c453443d609117b08166d
t=2023-06-02T16:09:02+0800 lvl=info msg="Persisted trie from memory database"    nodes=0 size="0.00 B"   time=501ns      gcnodes=0 gcsize="0.00 B" gctime=0s livenodes=10 livesize="1.53 KiB"
t=2023-06-02T16:09:02+0800 lvl=dbug msg="Dereferenced trie from memory database" nodes=4 size="676.00 B" time="1.643µs"  gcnodes=4 gcsize="676.00 B" gctime="1.533µs" livenodes=6  livesize="892.00 B"
t=2023-06-02T16:09:02+0800 lvl=dbug msg="Dereferenced trie from memory database" nodes=2 size="353.00 B" time="1.082µs"  gcnodes=6 gcsize="1.00 KiB" gctime="2.565µs" livenodes=4  livesize="539.00 B"
t=2023-06-02T16:09:02+0800 lvl=dbug msg="Dereferenced trie from memory database" nodes=3 size="539.00 B" time="1.022µs"  gcnodes=9 gcsize="1.53 KiB" gctime="3.517µs" livenodes=1  livesize="0.00 B"
t=2023-06-02T16:09:02+0800 lvl=dbug msg="Dereferenced trie from memory database" nodes=0 size="0.00 B"   time=330ns      gcnodes=9 gcsize="1.53 KiB" gctime="3.777µs" livenodes=1  livesize="0.00 B"
t=2023-06-02T16:09:02+0800 lvl=dbug msg="Dereferenced trie from memory database" nodes=0 size="0.00 B"   time=521ns      gcnodes=9 gcsize="1.53 KiB" gctime="4.177µs" livenodes=1  livesize="0.00 B"
t=2023-06-02T16:09:02+0800 lvl=info msg="Blockchain stopped"
--- PASS: ExampleGenerateChain (0.00s)
FAIL
FAIL	github.com/scroll-tech/go-ethereum/core	35.609s
FAIL
